0.00 0
0.01 3
0.02 7
0.04 11
0.05 15
0.06 19
0.07 22
0.09 25
0.10 30
0.11 34
0.12 38
0.14 41
0.15 44
0.16 48
0.17 52
0.18 55
0.20 59
0.21 62
0.22 64
0.23 68
0.25 72
0.26 76
0.27 80
0.28 83
0.30 87
0.31 90
0.32 93
0.33 96
0.34 98
0.36 100
0.37 103
0.38 103
0.39 107
0.41 107
0.42 109
0.43 110
0.44 112
0.46 114
0.47 116
0.48 118
0.49 120
0.50 121
0.52 121
0.53 122
0.54 123
0.55 124
0.57 125
0.58 125
0.59 125
0.60 125
0.62 126
0.63 126
0.64 127
0.65 127
0.66 128
0.68 128
0.69 128
0.70 128
0.71 128
0.73 128
0.74 128
0.75 128
0.76 129
0.78 129
0.79 129
0.80 129
0.81 129
0.83 129
0.84 131
0.85 134
0.86 135
0.87 135
0.89 135
0.90 135
0.91 138
0.92 140
0.94 140
0.95 141
0.96 145
0.97 147
0.99 151
1.00 154
1.01 157
1.02 158
1.03 162
1.05 165
1.06 167
1.07 170
1.08 174
1.10 177
1.11 181
1.12 185
1.13 188
1.15 189
1.16 190
1.17 192
1.18 195
1.19 199
1.21 203
1.22 203
1.23 203
1.24 203
1.26 203
1.27 204
1.28 204
1.29 206
1.31 210
1.32 213
1.33 217
1.34 220
1.35 224
1.37 226
1.38 227
1.39 227
1.40 228
1.42 232
1.43 234
1.44 237
1.45 239
1.47 240
1.48 240
1.49 241
1.50 241
1.51 241
1.53 241
1.54 241
1.55 241
1.56 242
1.58 242
1.59 242
1.60 242
1.61 242
1.63 243
1.64 243
1.65 245
1.66 246
1.67 246
1.69 246
1.70 246
1.71 246
1.72 246
1.74 246
1.75 246
1.76 246
1.77 247
1.79 247
1.80 247
1.81 247
1.82 247
1.83 247
1.85 247
1.86 247
1.87 247
1.88 247
1.90 247
1.91 247
1.92 247
1.93 247
1.95 248
1.96 248
1.97 248
1.98 248
1.99 248
2.01 248
2.02 248
2.03 248
2.04 248
2.06 248
2.07 248
2.08 248
2.09 248
2.11 248
2.12 248
2.13 248
2.14 248
2.15 248
2.17 248
2.18 248
2.19 248
2.20 248
2.22 248
2.23 248
2.24 248
2.25 248
2.27 248
2.28 248
2.29 248
2.30 248
2.32 248
2.33 248
2.34 248
2.35 248
2.36 248
2.38 248
2.39 248
2.40 248
2.41 248
2.43 248
2.44 249
2.45 252
2.46 252
2.48 252
2.49 252
2.50 252
2.51 252
2.52 252
2.54 252
2.55 252
2.56 252
2.57 252
2.59 252
2.60 252
2.61 252
2.62 252
2.64 252
2.65 252
2.66 252
2.67 252
2.68 252
2.70 252
2.71 252
2.72 252
2.73 252
2.75 252
2.76 252
2.77 252
2.78 252
2.80 252
2.81 252
2.82 252
2.83 252
2.84 252
2.86 252
2.87 252
2.88 252
2.89 252
2.91 252
2.92 252
2.93 252
2.94 252
2.96 252
2.97 252
2.98 252
2.99 252
3.00 252
3.02 252
3.03 252
3.04 252
3.05 252
3.07 252
3.08 252
3.09 252
3.10 252
3.12 252
3.13 252
3.14 252
3.15 252
3.16 252
3.18 252
3.19 252
3.20 252
3.21 252
3.23 254
3.24 257
3.25 257
3.26 257
3.28 257
3.29 257
3.30 257
3.31 257
3.32 257
3.34 257
3.35 257
3.36 257
3.37 257
3.39 257
3.40 257
3.41 257
3.42 257
3.44 257
3.45 257
3.46 257
3.47 257
3.48 257
3.50 257
3.51 257
3.52 257
3.53 257
3.55 257
3.56 257
3.57 257
3.58 257
3.60 257
3.61 257
3.62 257
3.63 257
3.64 257
3.66 257
3.67 257
3.68 257
3.69 257
3.71 257
3.72 257
3.73 257
3.74 257
3.76 257
3.77 257
3.78 257
3.79 257
3.81 257
3.82 257
3.83 257
3.84 257
3.85 257
3.87 257
3.88 257
3.89 257
3.90 257
3.92 257
3.93 257
3.94 257
3.95 257
3.97 257
3.98 257
3.99 257
4.00 257
4.01 257
4.03 258
4.04 259
4.05 259
4.06 259
4.08 259
4.09 259
4.10 259
4.11 259
4.13 259
4.14 259
4.15 259
4.16 259
4.17 259
4.19 259
4.20 259
4.21 259
4.22 259
4.24 259
4.25 259
4.26 259
4.27 259
4.29 259
4.30 259
4.31 259
4.32 259
4.33 259
4.35 259
4.36 259
4.37 259
4.38 259
4.40 259
4.41 259
4.42 259
4.43 259
4.45 259
4.46 259
4.47 259
4.48 259
4.49 259
4.51 259
4.52 259
4.53 259
4.54 259
4.56 259
4.57 259
4.58 259
4.59 259
4.61 259
4.62 259
4.63 259
4.64 259
4.65 259
4.67 259
4.68 259
4.69 259
4.70 259
4.72 259
4.73 259
4.74 259
4.75 259
4.77 259
4.78 259
4.79 259
4.80 259
4.81 261
4.83 263
4.84 264
4.85 264
4.86 264
4.88 264
4.89 264
4.90 264
4.91 264
4.93 264
4.94 264
4.95 264
4.96 264
4.97 264
4.99 264
5.00 264
5.01 264
5.02 264
5.04 264
5.05 264
5.06 264
5.07 264
5.09 264
5.10 264
5.11 264
5.12 264
5.13 264
5.15 264
5.16 264
5.17 264
5.18 264
5.20 264
5.21 264
5.22 264
5.23 264
5.25 264
5.26 264
5.27 264
5.28 264
5.30 264
5.31 264
5.32 264
5.33 264
5.34 264
5.36 264
5.37 264
5.38 264
5.39 264
5.41 264
5.42 264
5.43 264
5.44 264
5.46 264
5.47 264
5.48 264
5.49 264
5.50 264
5.52 264
5.53 264
5.54 264
5.55 264
5.57 264
5.58 264
5.59 264
5.60 264
5.62 266
5.63 268
5.64 268
5.65 268
5.66 268
5.68 268
5.69 268
5.70 268
5.71 268
5.73 268
5.74 268
5.75 268
5.76 268
5.78 268
5.79 268
5.80 268
5.81 268
5.82 268
5.84 268
5.85 268
5.86 268
5.87 268
5.89 268
5.90 268
5.91 268
5.92 268
5.94 268
5.95 268
5.96 268
5.97 268
5.98 268
6.00 268
6.01 268
6.02 268
6.03 268
6.05 268
6.06 268
6.07 268
6.08 268
6.10 268
6.11 268
6.12 268
6.13 268
6.14 268
6.16 268
6.17 268
6.18 268
6.19 268
6.21 268
6.22 268
6.23 268
6.24 268
6.26 268
6.27 268
6.28 268
6.29 268
6.30 268
6.32 268
6.33 268
6.34 268
6.35 268
6.37 268
6.38 268
6.39 268
6.40 268
6.42 269
6.43 269
6.44 269
6.45 269
6.46 269
6.48 269
6.49 269
6.50 269
6.51 269
6.53 269
6.54 269
6.55 269
6.56 269
6.58 269
6.59 269
6.60 269
6.61 269
6.63 269
6.64 269
6.65 269
6.66 269
6.67 269
6.69 269
6.70 269
6.71 269
6.72 269
6.74 269
6.75 269
6.76 269
6.77 269
6.79 269
6.80 269
6.81 269
6.82 269
6.83 269
6.85 269
6.86 269
6.87 269
6.88 269
6.90 269
6.91 269
6.92 269
6.93 269
6.95 269
6.96 269
6.97 269
6.98 269
6.99 269
7.01 269
7.02 269
7.03 269
7.04 269
7.06 269
7.07 269
7.08 269
7.09 269
7.11 269
7.12 269
7.13 269
7.14 269
7.15 269
7.17 269
7.18 269
7.19 269
7.20 270
7.22 272
7.23 272
7.24 272
7.25 272
7.27 272
7.28 272
7.29 272
7.30 272
7.31 272
7.33 272
7.34 272
7.35 272
7.36 272
7.38 272
7.39 272
7.40 272
7.41 272
7.43 272
7.44 272
7.45 272
7.46 272
7.47 272
7.49 272
7.50 272
7.51 272
7.52 272
7.54 272
7.55 272
7.56 272
7.57 272
7.59 272
7.60 272
7.61 272
7.62 272
7.63 272
7.65 272
7.66 272
7.67 272
7.68 272
7.70 272
7.71 272
7.72 272
7.73 272
7.75 272
7.76 272
7.77 272
7.78 272
7.79 272
7.81 272
7.82 272
7.83 272
7.84 272
7.86 272
7.87 272
7.88 272
7.89 272
7.91 272
7.92 272
7.93 272
7.94 272
7.95 272
7.97 272
7.98 272
7.99 272
8.00 274
8.02 274
8.03 274
8.04 274
8.05 274
8.07 274
8.08 274
8.09 274
8.10 274
8.12 274
8.13 274
8.14 274
8.15 274
8.16 274
8.18 274
8.19 274
8.20 274
8.21 274
8.23 274
8.24 274
8.25 274
8.26 274
8.28 274
8.29 274
8.30 274
8.31 274
8.32 274
8.34 274
8.35 274
8.36 274
8.37 274
8.39 274
8.40 274
8.41 274
8.42 274
8.44 274
8.45 274
8.46 274
8.47 274
8.48 274
8.50 274
8.51 274
8.52 274
8.53 274
8.55 274
8.56 274
8.57 274
8.58 274
8.60 274
8.61 274
8.62 274
8.63 274
8.64 274
8.66 274
8.67 274
8.68 274
8.69 274
8.71 274
8.72 274
8.73 274
8.74 274
8.76 274
8.77 274
8.78 274
8.79 274
8.80 275
8.82 275
8.83 275
8.84 275
8.85 275
8.87 275
8.88 275
8.89 275
8.90 275
8.92 275
8.93 275
8.94 275
8.95 275
8.96 275
8.98 275
8.99 275
9.00 275
9.01 275
9.03 275
9.04 275
9.05 275
9.06 275
9.08 275
9.09 275
9.10 275
9.11 275
9.12 275
9.14 275
9.15 275
9.16 275
9.17 275
9.19 275
9.20 275
9.21 275
9.22 275
9.24 275
9.25 275
9.26 275
9.27 275
9.28 275
9.30 275
9.31 275
9.32 275
9.33 275
9.35 275
9.36 275
9.37 275
9.38 275
9.40 275
9.41 275
9.42 275
9.43 275
9.44 275
9.46 275
9.47 275
9.48 275
9.49 275
9.51 275
9.52 275
9.53 275
9.54 275
9.56 275
9.57 275
9.58 275
9.59 275
9.61 277
9.62 277
9.63 277
9.64 277
9.65 277
9.67 277
9.68 277
9.69 277
9.70 277
9.72 277
9.73 277
9.74 277
9.75 277
9.77 277
9.78 277
9.79 277
9.80 277
9.81 277
9.83 277
9.84 277
9.85 277
9.86 277
9.88 277
9.89 277
9.90 277
9.91 277
9.93 277
9.94 277
9.95 277
9.96 277
9.97 277
9.99 277
10.00 277
10.01 277
10.02 277
10.04 277
10.05 277
10.06 277
10.07 277
10.09 277
10.10 277
10.11 277
10.12 277
10.13 277
10.15 277
10.16 277
10.17 277
10.18 277
10.20 277
10.21 277
10.22 277
10.23 277
10.25 277
10.26 277
10.27 277
10.28 277
10.29 277
10.31 277
10.32 277
10.33 277
10.34 277
10.36 277
10.37 277
10.38 277
10.39 279
10.41 279
10.42 279
10.43 279
10.44 279
10.45 279
10.47 279
10.48 279
10.49 279
10.50 279
10.52 279
10.53 279
10.54 279
10.55 279
10.57 279
10.58 279
10.59 279
10.60 279
10.61 279
10.63 279
10.64 279
10.65 279
10.66 279
10.68 279
10.69 279
10.70 279
10.71 279
10.73 279
10.74 279
10.75 279
10.76 279
10.77 279
10.79 279
10.80 279
10.81 279
10.82 279
10.84 279
10.85 279
10.86 279
10.87 279
10.89 279
10.90 279
10.91 279
10.92 279
10.93 279
10.95 279
10.96 279
10.97 279
10.98 279
11.00 279
11.01 279
11.02 279
11.03 279
11.05 279
11.06 279
11.07 279
11.08 279
11.10 279
11.11 279
11.12 279
11.13 279
11.14 279
11.16 279
11.17 279
11.18 279
11.19 280
11.21 280
11.22 280
11.23 280
11.24 280
11.26 280
11.27 280
11.28 280
11.29 280
11.30 280
11.32 280
11.33 280
11.34 280
11.35 280
11.37 280
11.38 280
11.39 280
11.40 280
11.42 280
11.43 280
11.44 280
11.45 280
11.46 280
11.48 280
11.49 280
11.50 280
11.51 280
11.53 280
11.54 280
11.55 280
11.56 280
11.58 280
11.59 280
11.60 280
11.61 280
11.62 280
11.64 280
11.65 280
11.66 280
11.67 280
11.69 280
11.70 280
11.71 280
11.72 280
11.74 280
11.75 280
11.76 280
11.77 280
11.78 280
11.80 280
11.81 280
11.82 280
11.83 280
11.85 280
11.86 280
11.87 280
11.88 280
11.90 280
11.91 280
11.92 280
11.93 280
11.94 280
11.96 280
11.97 280
11.98 282
11.99 284
12.01 285
12.02 285
12.03 285
12.04 285
12.06 285
12.07 285
12.08 285
12.09 285
12.10 285
12.12 285
12.13 285
12.14 285
12.15 285
12.17 285
12.18 285
12.19 285
12.20 285
12.22 285
12.23 285
12.24 285
12.25 285
12.26 285
12.28 285
12.29 285
12.30 285
12.31 285
12.33 285
12.34 285
12.35 285
12.36 285
12.38 285
12.39 285
12.40 285
12.41 285
12.42 285
12.44 285
12.45 285
12.46 285
12.47 285
12.49 285
12.50 285
12.51 285
12.52 285
12.54 285
12.55 285
12.56 285
12.57 285
12.59 285
12.60 285
12.61 285
12.62 285
12.63 285
12.65 285
12.66 285
12.67 285
12.68 285
12.70 285
12.71 285
12.72 285
12.73 285
12.75 285
12.76 285
12.77 285
12.78 285
12.79 285
12.81 286
12.82 286
12.83 286
12.84 286
12.86 286
12.87 286
12.88 286
12.89 286
12.91 286
12.92 286
12.93 286
12.94 286
12.95 286
12.97 286
12.98 286
12.99 286
13.00 286
13.02 286
13.03 286
13.04 286
13.05 286
13.07 286
13.08 286
13.09 286
13.10 286
13.11 286
13.13 286
13.14 286
13.15 286
13.16 286
13.18 286
13.19 286
13.20 286
13.21 286
13.23 286
13.24 286
13.25 286
13.26 286
13.27 286
13.29 286
13.30 286
13.31 286
13.32 286
13.34 286
13.35 286
13.36 286
13.37 286
13.39 286
13.40 286
13.41 286
13.42 286
13.43 286
13.45 286
13.46 286
13.47 286
13.48 286
13.50 286
13.51 286
13.52 286
13.53 286
13.55 286
13.56 286
13.57 286
13.58 286
13.59 286
13.61 287
13.62 287
13.63 287
13.64 287
13.66 287
13.67 287
13.68 287
13.69 287
13.71 287
13.72 287
13.73 287
13.74 287
13.75 287
13.77 287
13.78 287
13.79 287
13.80 287
13.82 287
13.83 287
13.84 287
13.85 287
13.87 287
13.88 287
13.89 287
13.90 287
13.91 287
13.93 287
13.94 287
13.95 287
13.96 287
13.98 287
13.99 287
14.00 287
14.01 287
14.03 287
14.04 287
14.05 287
14.06 287
14.08 287
14.09 287
14.10 287
14.11 287
14.12 287
14.14 287
14.15 287
14.16 287
14.17 287
14.19 287
14.20 287
14.21 287
14.22 287
14.24 287
14.25 287
14.26 287
14.27 287
14.28 287
14.30 287
14.31 287
14.32 287
14.33 287
14.35 287
14.36 287
14.37 287
14.38 287
14.40 287
14.41 289
14.42 291
14.43 291
14.44 291
14.46 291
14.47 291
14.48 291
14.49 291
14.51 291
14.52 291
14.53 291
14.54 291
14.56 291
14.57 291
14.58 291
14.59 291
14.60 291
14.62 291
14.63 291
14.64 291
14.65 291
14.67 291
14.68 291
14.69 291
14.70 291
14.72 291
14.73 291
14.74 291
14.75 291
14.76 291
14.78 291
14.79 291
14.80 291
14.81 291
14.83 291
14.84 291
14.85 291
14.86 291
14.88 291
14.89 291
14.90 291
14.91 291
14.92 291
14.94 291
14.95 291
14.96 291
14.97 291
14.99 291
15.00 291
15.01 291
15.02 291
15.04 291
15.05 291
15.06 291
15.07 291
15.08 291
15.10 291
15.11 291
15.12 291
15.13 291
15.15 291
15.16 291
15.17 291
15.18 291
15.20 291
15.21 291
15.22 291
15.23 291
15.24 291
15.26 291
15.27 291
15.28 291
15.29 291
15.31 291
15.32 291
15.33 291
15.34 291
15.36 291
15.37 291
15.38 291
15.39 291
15.40 291
15.42 291
15.43 291
15.44 291
15.45 291
15.47 291
15.48 291
15.49 291
15.50 291
15.52 291
15.53 291
15.54 291
15.55 291
15.57 291
15.58 291
15.59 291
15.60 291
15.61 291
15.63 291
15.64 291
15.65 291
15.66 291
15.68 291
15.69 291
15.70 291
15.71 291
15.73 291
15.74 291
15.75 291
15.76 291
15.77 291
15.79 291
15.80 291
15.81 291
15.82 291
15.84 291
15.85 291
15.86 291
15.87 291
15.89 291
15.90 291
15.91 291
15.92 291
15.93 291
15.95 291
15.96 291
15.97 291
15.98 291
16.00 291
16.01 295
16.02 295
16.03 295
16.05 295
16.06 295
16.07 295
16.08 295
16.09 295
16.11 295
16.12 295
16.13 295
16.14 295
16.16 295
16.17 295
16.18 295
16.19 295
16.21 295
16.22 295
16.23 295
16.24 295
16.25 295
16.27 295
16.28 295
16.29 295
16.30 295
16.32 295
16.33 295
16.34 295
16.35 295
16.37 295
16.38 295
16.39 295
16.40 295
16.41 295
16.43 295
16.44 295
16.45 295
16.46 295
16.48 295
16.49 295
16.50 295
16.51 295
16.53 295
16.54 296
16.55 296
16.56 296
16.57 296
16.59 296
16.60 296
16.61 296
16.62 296
16.64 296
16.65 296
16.66 296
16.67 296
16.69 296
16.70 296
16.71 296
16.72 296
16.73 296
16.75 296
16.76 296
16.77 296
16.78 296
16.80 296
16.81 296
16.82 296
16.83 296
16.85 296
16.86 296
16.87 296
16.88 296
16.89 296
16.91 296
16.92 296
16.93 296
16.94 296
16.96 296
16.97 296
16.98 296
16.99 296
17.01 296
17.02 296
17.03 296
17.04 296
17.06 296
17.07 296
17.08 296
17.09 296
17.10 296
17.12 296
17.13 296
17.14 296
17.15 296
17.17 296
17.18 296
17.19 296
17.20 296
17.22 296
17.23 296
17.24 296
17.25 296
17.26 296
17.28 296
17.29 296
17.30 296
17.31 296
17.33 296
17.34 296
17.35 296
17.36 296
17.38 296
17.39 296
17.40 296
17.41 296
17.42 296
17.44 296
17.45 296
17.46 296
17.47 296
17.49 296
17.50 296
17.51 296
17.52 296
17.54 296
17.55 296
17.56 296
17.57 296
17.58 296
17.60 296
17.61 297
17.62 297
17.63 297
17.65 297
17.66 297
17.67 297
17.68 297
17.70 297
17.71 297
17.72 297
17.73 297
17.74 297
17.76 297
17.77 297
17.78 297
17.79 297
17.81 297
17.82 297
17.83 297
17.84 297
17.86 297
17.87 297
17.88 297
17.89 297
17.90 297
17.92 297
17.93 297
17.94 297
17.95 297
17.97 297
17.98 297
17.99 297
18.00 297
18.02 297
18.03 297
18.04 297
18.05 297
18.06 297
18.08 297
18.09 297
18.10 297
18.11 297
18.13 297
18.14 297
18.15 297
18.16 297
18.18 297
18.19 297
18.20 297
18.21 297
18.22 297
18.24 297
18.25 297
18.26 297
18.27 297
18.29 297
18.30 297
18.31 297
18.32 297
18.34 297
18.35 297
18.36 297
18.37 297
18.39 299
18.40 301
18.41 301
18.42 301
18.43 301
18.45 301
18.46 301
18.47 301
18.48 301
18.50 301
18.51 301
18.52 301
18.53 301
18.55 301
18.56 301
18.57 301
18.58 301
18.59 301
18.61 301
18.62 301
18.63 301
18.64 301
18.66 301
18.67 301
18.68 301
18.69 301
18.71 301
18.72 301
18.73 301
18.74 301
18.75 301
18.77 301
18.78 301
18.79 301
18.80 301
18.82 301
18.83 301
18.84 301
18.85 301
18.87 301
18.88 301
18.89 301
18.90 301
18.91 301
18.93 301
18.94 301
18.95 301
18.96 301
18.98 301
18.99 301
19.00 301
19.01 301
19.03 301
19.04 301
19.05 301
19.06 301
19.07 301
19.09 301
19.10 301
19.11 301
19.12 301
19.14 301
19.15 301
19.16 301
19.17 301
19.19 301
19.20 301
19.21 302
19.22 302
19.23 302
19.25 302
19.26 302
19.27 302
19.28 302
19.30 302
19.31 302
19.32 302
19.33 302
19.35 302
19.36 302
19.37 302
19.38 302
19.39 302
19.41 302
19.42 302
19.43 302
19.44 302
19.46 302
19.47 302
19.48 302
19.49 302
19.51 302
19.52 302
19.53 302
19.54 302
19.55 302
19.57 302
19.58 302
19.59 302
19.60 302
19.62 302
19.63 302
19.64 302
19.65 302
19.67 302
19.68 302
19.69 302
19.70 302
19.71 302
19.73 302
19.74 302
19.75 302
19.76 302
19.78 302
19.79 302
19.80 302
19.81 302
19.83 302
19.84 302
19.85 302
19.86 302
19.88 302
19.89 302
19.90 302
19.91 302
19.92 302
19.94 302
19.95 302
19.96 302
19.97 302
19.99 304
20.00 305
20.01 305
20.02 305
20.04 305
20.05 305
20.06 305
20.07 305
20.08 305
20.10 305
20.11 305
20.12 305
20.13 305
20.15 305
20.16 305
20.17 305
20.18 305
20.20 305
20.21 305
20.22 305
20.23 305
20.24 305
20.26 305
20.27 305
20.28 305
20.29 305
20.31 305
20.32 305
20.33 305
20.34 305
20.36 305
20.37 305
20.38 305
20.39 305
20.40 305
20.42 305
20.43 305
20.44 305
20.45 305
20.47 305
20.48 305
20.49 305
20.50 305
20.52 305
20.53 305
20.54 305
20.55 305
20.56 305
20.58 305
20.59 305
20.60 305
20.61 305
20.63 305
20.64 305
20.65 305
20.66 305
20.68 305
20.69 305
20.70 305
20.71 305
20.72 305
20.74 305
20.75 305
20.76 305
20.77 305
20.79 306
20.80 306
20.81 306
20.82 306
20.84 306
20.85 306
20.86 306
20.87 306
20.88 306
20.90 306
20.91 306
20.92 306
20.93 306
20.95 306
20.96 306
20.97 306
20.98 306
21.00 306
21.01 306
21.02 306
21.03 306
21.04 306
21.06 306
21.07 306
21.08 306
21.09 306
21.11 306
21.12 306
21.13 306
21.14 306
21.16 306
21.17 306
21.18 306
21.19 306
21.20 306
21.22 306
21.23 306
21.24 306
21.25 306
21.27 306
21.28 306
21.29 306
21.30 306
21.32 306
21.33 306
21.34 306
21.35 306
21.37 306
21.38 306
21.39 306
21.40 306
21.41 306
21.43 306
21.44 306
21.45 306
21.46 306
21.48 306
21.49 306
21.50 306
21.51 306
21.53 306
21.54 306
21.55 306
21.56 306
21.57 306
21.59 308
21.60 309
21.61 309
21.62 309
21.64 309
21.65 309
21.66 309
21.67 309
21.69 309
21.70 309
21.71 309
21.72 309
21.73 309
21.75 309
21.76 309
21.77 309
21.78 309
21.80 309
21.81 309
21.82 309
21.83 309
21.85 309
21.86 309
21.87 309
21.88 309
21.89 309
21.91 309
21.92 309
21.93 309
21.94 309
21.96 309
21.97 309
21.98 309
21.99 309
22.01 309
22.02 309
22.03 309
22.04 309
22.05 309
22.07 309
22.08 309
22.09 309
22.10 309
22.12 309
22.13 309
22.14 309
22.15 309
22.17 309
22.18 309
22.19 309
22.20 309
22.21 309
22.23 309
22.24 309
22.25 309
22.26 309
22.28 309
22.29 309
22.30 309
22.31 309
22.33 309
22.34 309
22.35 309
22.36 309
22.37 310
22.39 313
22.40 313
22.41 313
22.42 313
22.44 313
22.45 313
22.46 313
22.47 313
22.49 313
22.50 313
22.51 313
22.52 313
22.53 313
22.55 313
22.56 313
22.57 313
22.58 313
22.60 313
22.61 313
22.62 313
22.63 313
22.65 313
22.66 313
22.67 313
22.68 313
22.69 313
22.71 313
22.72 313
22.73 313
22.74 313
22.76 313
22.77 313
22.78 313
22.79 313
22.81 313
22.82 313
22.83 313
22.84 313
22.86 313
22.87 313
22.88 313
22.89 313
22.90 313
22.92 313
22.93 313
22.94 313
22.95 313
22.97 313
22.98 313
22.99 313
23.00 313
23.02 313
23.03 313
23.04 313
23.05 313
23.06 313
23.08 313
23.09 313
23.10 313
23.11 313
23.13 313
23.14 313
23.15 313
23.16 313
23.18 313
23.19 313
23.20 313
23.21 313
23.22 313
23.24 313
23.25 313
23.26 313
23.27 313
23.29 313
23.30 313
23.31 313
23.32 313
23.34 313
23.35 313
23.36 313
23.37 313
23.38 313
23.40 313
23.41 313
23.42 313
23.43 313
23.45 313
23.46 313
23.47 313
23.48 313
23.50 313
23.51 313
23.52 313
23.53 313
23.54 313
23.56 313
23.57 313
23.58 313
23.59 313
23.61 313
23.62 313
23.63 313
23.64 313
23.66 313
23.67 313
23.68 313
23.69 313
23.70 313
23.72 313
23.73 313
23.74 313
23.75 313
23.77 313
23.78 313
23.79 313
23.80 313
23.82 313
23.83 313
23.84 313
23.85 313
23.86 313
23.88 313
23.89 313
23.90 313
23.91 313
23.93 313
23.94 313
23.95 313
23.96 314
23.98 316
23.99 317
24.00 317
24.01 317
24.02 317
24.04 317
24.05 317
24.06 317
24.07 317
24.09 317
24.10 317
24.11 317
24.12 317
24.14 317
24.15 317
24.16 317
24.17 317
24.18 317
24.20 317
24.21 317
24.22 317
24.23 317
24.25 317
24.26 317
24.27 317
24.28 317
24.30 317
24.31 317
24.32 317
24.33 317
24.35 317
24.36 317
24.37 317
24.38 317
24.39 317
24.41 317
24.42 317
24.43 317
24.44 317
24.46 317
24.47 317
24.48 317
24.49 317
24.51 317
24.52 317
24.53 317
24.54 317
24.55 317
24.57 317
24.58 317
24.59 317
24.60 317
24.62 317
24.63 317
24.64 317
24.65 317
24.67 317
24.68 317
24.69 317
24.70 317
24.71 317
24.73 317
24.74 317
24.75 317
24.76 317
24.78 317
24.79 318
24.80 318
24.81 318
24.83 318
24.84 318
24.85 318
24.86 318
24.87 318
24.89 318
24.90 318
24.91 318
24.92 318
24.94 318
24.95 318
24.96 318
24.97 318
24.99 318
25.00 318
25.01 318
25.02 318
25.03 318
25.05 318
25.06 318
25.07 318
25.08 318
25.10 318
25.11 318
25.12 318
25.13 318
25.15 318
25.16 318
25.17 318
25.18 318
25.19 318
25.21 318
25.22 318
25.23 318
25.24 318
25.26 318
25.27 318
25.28 318
25.29 318
25.31 318
25.32 318
25.33 318
25.34 318
25.35 318
25.37 318
25.38 318
25.39 318
25.40 318
25.42 318
25.43 318
25.44 318
25.45 318
25.47 318
25.48 318
25.49 318
25.50 318
25.51 318
25.53 318
25.54 318
25.55 318
25.56 318
25.58 319
25.59 320
25.60 320
25.61 320
25.63 320
25.64 320
25.65 320
25.66 320
25.67 320
25.69 320
25.70 320
25.71 320
25.72 320
25.74 320
25.75 320
25.76 320
25.77 320
25.79 320
25.80 320
25.81 320
25.82 320
25.84 320
25.85 320
25.86 320
25.87 320
25.88 320
25.90 320
25.91 320
25.92 320
25.93 320
25.95 320
25.96 320
25.97 320
25.98 320
26.00 320
26.01 320
26.02 320
26.03 320
26.04 320
26.06 320
26.07 320
26.08 320
26.09 320
26.11 320
26.12 320
26.13 320
26.14 320
26.16 320
26.17 320
26.18 320
26.19 320
26.20 320
26.22 320
26.23 320
26.24 320
26.25 320
26.27 320
26.28 320
26.29 320
26.30 320
26.32 320
26.33 320
26.34 320
26.35 320
26.36 320
26.38 321
26.39 321
26.40 321
26.41 321
26.43 321
26.44 321
26.45 321
26.46 321
26.48 321
26.49 321
26.50 321
26.51 321
26.52 321
26.54 321
26.55 321
26.56 321
26.57 321
26.59 321
26.60 321
26.61 321
26.62 321
26.64 321
26.65 321
26.66 321
26.67 321
26.68 321
26.70 321
26.71 321
26.72 321
26.73 321
26.75 321
26.76 321
26.77 321
26.78 321
26.80 321
26.81 321
26.82 321
26.83 321
26.84 321
26.86 321
26.87 321
26.88 321
26.89 321
26.91 321
26.92 321
26.93 321
26.94 321
26.96 321
26.97 321
26.98 321
26.99 321
27.00 321
27.02 321
27.03 321
27.04 321
27.05 321
27.07 321
27.08 321
27.09 321
27.10 321
27.12 321
27.13 321
27.14 321
27.15 321
27.16 321
27.18 323
27.19 323
27.20 323
27.21 323
27.23 323
27.24 323
27.25 323
27.26 323
27.28 323
27.29 323
27.30 323
27.31 323
27.33 323
27.34 323
27.35 323
27.36 323
27.37 323
27.39 323
27.40 323
27.41 323
27.42 323
27.44 323
27.45 323
27.46 323
27.47 323
27.49 323
27.50 323
27.51 323
27.52 323
27.53 323
27.55 323
27.56 323
27.57 323
27.58 323
27.60 323
27.61 323
27.62 323
27.63 323
27.65 323
27.66 323
27.67 323
27.68 323
27.69 323
27.71 323
27.72 323
27.73 323
27.74 323
27.76 323
27.77 323
27.78 323
27.79 323
27.81 323
27.82 323
27.83 323
27.84 323
27.85 323
27.87 323
27.88 323
27.89 323
27.90 323
27.92 323
27.93 323
27.94 323
27.95 323
27.97 323
27.98 324
27.99 324
28.00 324
28.01 324
28.03 324
28.04 324
28.05 324
28.06 324
28.08 324
28.09 324
28.10 324
28.11 324
28.13 324
28.14 324
28.15 324
28.16 324
28.17 324
28.19 324
28.20 324
28.21 324
28.22 324
28.24 324
28.25 324
28.26 324
28.27 324
28.29 324
28.30 324
28.31 324
28.32 324
28.33 324
28.35 324
28.36 324
28.37 324
28.38 324
28.40 324
28.41 324
28.42 324
28.43 324
28.45 324
28.46 324
28.47 324
28.48 324
28.49 324
28.51 324
28.52 324
28.53 324
28.54 324
28.56 324
28.57 324
28.58 324
28.59 324
28.61 324
28.62 324
28.63 324
28.64 324
28.65 324
28.67 324
28.68 324
28.69 324
28.70 324
28.72 324
28.73 324
28.74 324
28.75 324
28.77 324
28.78 326
28.79 327
28.80 327
28.82 327
28.83 327
28.84 327
28.85 327
28.86 327
28.88 327
28.89 327
28.90 327
28.91 327
28.93 327
28.94 327
28.95 327
28.96 327
28.98 327
28.99 327
29.00 327
29.01 327
29.02 327
29.04 327
29.05 327
29.06 327
29.07 327
29.09 327
29.10 327
29.11 327
29.12 327
29.14 327
29.15 327
29.16 327
29.17 327
29.18 327
29.20 327
29.21 327
29.22 327
29.23 327
29.25 327
29.26 327
29.27 327
29.28 327
29.30 327
29.31 327
29.32 327
29.33 327
29.34 327
29.36 327
29.37 327
29.38 327
29.39 327
29.41 327
29.42 327
29.43 327
29.44 327
29.46 327
29.47 327
29.48 327
29.49 327
29.50 327
29.52 327
29.53 327
29.54 327
29.55 327
29.57 328
29.58 330
29.59 330
29.60 330
29.62 330
29.63 330
29.64 330
29.65 330
29.66 330
29.68 330
29.69 330
29.70 330
29.71 330
29.73 330
29.74 330
29.75 330
29.76 330
29.78 330
29.79 330
29.80 330
29.81 330
29.82 330
29.84 330
29.85 330
29.86 330
29.87 330
29.89 330
29.90 330
29.91 330
29.92 330
29.94 330
29.95 330
29.96 330
29.97 330
29.98 330
30.00 330
30.01 330
30.02 330
30.03 330
30.05 330
30.06 330
30.07 330
30.08 330
30.10 330
30.11 330
30.12 330
30.13 330
30.14 330
30.16 330
30.17 330
30.18 330
30.19 330
30.21 330
30.22 330
30.23 330
30.24 330
30.26 330
30.27 330
30.28 330
30.29 330
30.31 330
30.32 330
30.33 330
30.34 330
30.35 330
30.37 332
30.38 332
30.39 332
30.40 332
30.42 332
30.43 332
30.44 332
30.45 332
30.47 332
30.48 332
30.49 332
30.50 332
30.51 332
30.53 332
30.54 332
30.55 332
30.56 332
30.58 332
30.59 332
30.60 332
30.61 332
30.63 332
30.64 332
30.65 332
30.66 332
30.67 332
30.69 332
30.70 332
30.71 332
30.72 332
30.74 332
30.75 332
30.76 332
30.77 332
30.79 332
30.80 332
30.81 332
30.82 332
30.83 332
30.85 332
30.86 332
30.87 332
30.88 332
30.90 332
30.91 332
30.92 332
30.93 332
30.95 332
30.96 332
30.97 332
30.98 332
30.99 332
31.01 332
31.02 332
31.03 332
31.04 332
31.06 332
31.07 332
31.08 332
31.09 332
31.11 332
31.12 332
31.13 332
31.14 332
31.15 332
31.17 332
31.18 332
31.19 332
31.20 332
31.22 332
31.23 332
31.24 332
31.25 332
31.27 332
31.28 332
31.29 332
31.30 332
31.31 332
31.33 332
31.34 332
31.35 332
31.36 332
31.38 332
31.39 332
31.40 332
31.41 332
31.43 332
31.44 332
31.45 332
31.46 332
31.47 332
31.49 332
31.50 332
31.51 332
31.52 332
31.54 332
31.55 332
31.56 332
31.57 332
31.59 332
31.60 332
31.61 332
31.62 332
31.64 332
31.65 332
31.66 332
31.67 332
31.68 332
31.70 332
31.71 332
31.72 332
31.73 332
31.75 332
31.76 332
31.77 332
31.78 332
31.80 332
31.81 332
31.82 332
31.83 332
31.84 332
31.86 332
31.87 332
31.88 332
31.89 332
31.91 332
31.92 332
31.93 332
31.94 332
31.96 333
31.97 334
31.98 334
31.99 334
32.00 334
32.02 334
32.03 334
32.04 334
32.05 334
32.07 334
32.08 334
32.09 334
32.10 334
32.12 334
32.13 334
32.14 334
32.15 334
32.16 334
32.18 334
32.19 334
32.20 334
32.21 334
32.23 334
32.24 334
32.25 334
32.26 334
32.28 334
32.29 334
32.30 334
32.31 334
32.32 334
32.34 334
32.35 334
32.36 334
32.37 334
32.39 334
32.40 334
32.41 334
32.42 334
32.44 334
32.45 334
32.46 334
32.47 334
32.48 334
32.50 334
32.51 334
32.52 334
32.53 334
32.55 334
32.56 334
32.57 334
32.58 334
32.60 334
32.61 334
32.62 334
32.63 334
32.64 334
32.66 334
32.67 334
32.68 334
32.69 334
32.71 334
32.72 334
32.73 334
32.74 338
32.76 340
32.77 343
32.78 343
32.79 343
32.80 343
32.82 343
32.83 343
32.84 343
32.85 346
32.87 348
32.88 349
32.89 349
32.90 349
32.92 349
32.93 349
32.94 349
32.95 351
32.96 352
32.98 356
32.99 356
33.00 356
33.01 356
33.03 356
33.04 356
33.05 356
33.06 356
33.08 356
33.09 356
33.10 356
33.11 356
33.13 359
33.14 362
33.15 365
33.16 365
33.17 365
33.19 365
33.20 365
33.21 365
33.22 365
33.24 367
33.25 367
33.26 367
33.27 367
33.29 370
33.30 373
33.31 375
33.32 378
33.33 382
33.35 385
33.36 385
33.37 385
33.38 385
33.40 385
33.41 385
33.42 385
33.43 385
33.45 385
33.46 385
33.47 385
33.48 385
33.49 385
33.51 386
33.52 388
33.53 388
33.54 388
33.56 388
33.57 388
33.58 388
33.59 388
33.61 388
33.62 388
33.63 388
33.64 388
33.65 388
33.67 388
33.68 388
33.69 390
33.70 391
33.72 391
33.73 391
33.74 391
33.75 391
33.77 391
33.78 391
33.79 391
33.80 391
33.81 391
33.83 391
33.84 391
33.85 392
33.86 396
33.88 398
33.89 400
33.90 401
33.91 401
33.93 401
33.94 401
33.95 401
33.96 401
33.97 401
33.99 401
34.00 401
34.01 401
34.02 401
34.04 401
34.05 401
34.06 401
34.07 401
34.09 401
34.10 401
34.11 401
34.12 401
34.13 401
34.15 401
34.16 401
34.17 401
34.18 401
34.20 401
34.21 401
34.22 401
34.23 404
34.25 407
34.26 409
34.27 413
34.28 414
34.29 414
34.31 414
34.32 414
34.33 414
34.34 414
34.36 414
34.37 414
34.38 414
34.39 414
34.41 416
34.42 416
34.43 416
34.44 416
34.45 416
34.47 416
34.48 416
34.49 416
34.50 416
34.52 416
34.53 416
34.54 416
34.55 416
34.57 416
34.58 416
34.59 416
34.60 416
34.62 418
34.63 422
34.64 424
34.65 426
34.66 426
34.68 426
34.69 426
34.70 426
34.71 426
34.73 426
34.74 426
34.75 426
34.76 426
34.78 426
34.79 426
34.80 426
34.81 426
34.82 428
34.84 428
34.85 428
34.86 428
34.87 428
34.89 428
34.90 428
34.91 428
34.92 428
34.94 428
34.95 428
34.96 428
34.97 431
34.98 434
35.00 435
35.01 439
35.02 440
35.03 440
35.05 440
35.06 440
35.07 440
35.08 440
35.10 440
35.11 440
35.12 440
35.13 440
35.14 440
35.16 440
35.17 440
35.18 440
35.19 440
35.21 440
35.22 440
35.23 440
35.24 440
35.26 440
35.27 440
35.28 440
35.29 440
35.30 440
35.32 440
35.33 440
35.34 440
35.35 441
35.37 443
35.38 446
35.39 446
35.40 446
35.42 446
35.43 446
35.44 446
35.45 446
35.46 446
35.48 446
35.49 446
35.50 446
35.51 446
35.53 446
35.54 446
35.55 446
35.56 446
35.58 446
35.59 446
35.60 446
35.61 446
35.62 446
35.64 446
35.65 446
35.66 446
35.67 446
35.69 446
35.70 446
35.71 446
35.72 446
35.74 449
35.75 452
35.76 455
35.77 455
35.78 455
35.80 455
35.81 455
35.82 455
35.83 455
35.85 455
35.86 455
35.87 455
35.88 455
35.90 457
35.91 457
35.92 457
35.93 457
35.94 457
35.96 457
35.97 457
35.98 457
35.99 457
36.01 457
36.02 457
36.03 457
36.04 457
36.06 457
36.07 457
36.08 457
36.09 458
36.11 460
36.12 463
36.13 466
36.14 466
36.15 466
36.17 466
36.18 466
36.19 466
36.20 466
36.22 466
36.23 466
36.24 466
36.25 466
36.27 466
36.28 466
36.29 466
36.30 466
36.31 466
36.33 466
36.34 466
36.35 466
36.36 466
36.38 466
36.39 466
36.40 466
36.41 466
36.43 466
36.44 466
36.45 466
36.46 466
36.47 470
36.49 472
36.50 474
36.51 476
36.52 478
36.54 478
36.55 478
36.56 478
36.57 478
36.59 478
36.60 478
36.61 478
36.62 478
36.63 478
36.65 478
36.66 479
36.67 479
36.68 479
36.70 479
36.71 479
36.72 479
36.73 479
36.75 479
36.76 479
36.77 479
36.78 479
36.79 479
36.81 479
36.82 479
36.83 479
36.84 479
36.86 479
36.87 481
36.88 482
36.89 486
36.91 486
36.92 486
36.93 486
36.94 486
36.95 486
36.97 486
36.98 486
36.99 486
37.00 486
37.02 486
37.03 486
37.04 486
37.05 486
37.07 486
37.08 486
37.09 486
37.10 486
37.11 486
37.13 486
37.14 486
37.15 486
37.16 486
37.18 486
37.19 486
37.20 486
37.21 486
37.23 486
37.24 488
37.25 490
37.26 492
37.27 495
37.29 495
37.30 495
37.31 495
37.32 495
37.34 495
37.35 495
37.36 495
37.37 495
37.39 495
37.40 495
37.41 495
37.42 496
37.43 496
37.45 496
37.46 496
37.47 496
37.48 496
37.50 496
37.51 496
37.52 496
37.53 496
37.55 496
37.56 496
37.57 496
37.58 496
37.60 496
37.61 496
37.62 496
37.63 499
37.64 501
37.66 502
37.67 504
37.68 506
37.69 508
37.71 509
37.72 509
37.73 509
37.74 509
37.76 509
37.77 509
37.78 509
37.79 509
37.80 509
37.82 509
37.83 509
37.84 510
37.85 510
37.87 510
37.88 510
37.89 510
37.90 510
37.92 510
37.93 510
37.94 510
37.95 510
37.96 510
37.98 510
37.99 510
38.00 510
38.01 510
38.03 510
38.04 511
38.05 513
38.06 514
38.08 518
38.09 520
38.10 521
38.11 521
38.12 521
38.14 521
38.15 521
38.16 521
38.17 521
38.19 521
38.20 521
38.21 521
38.22 521
38.24 521
38.25 521
38.26 521
38.27 521
38.28 521
38.30 521
38.31 521
38.32 521
38.33 521
38.35 521
38.36 521
38.37 521
38.38 521
38.40 521
38.41 521
38.42 521
38.43 523
38.44 525
38.46 528
38.47 528
38.48 528
38.49 528
38.51 528
38.52 528
38.53 528
38.54 528
38.56 528
38.57 528
38.58 528
38.59 528
38.60 528
38.62 528
38.63 528
38.64 528
38.65 528
38.67 528
38.68 528
38.69 528
38.70 528
38.72 528
38.73 528
38.74 528
38.75 528
38.76 528
38.78 528
38.79 528
38.80 529
38.81 529
38.83 531
38.84 533
38.85 533
38.86 533
38.88 533
38.89 533
38.90 533
38.91 533
38.92 533
38.94 533
38.95 533
38.96 533
38.97 533
38.99 533
39.00 534
39.01 534
39.02 534
39.04 534
39.05 534
39.06 534
39.07 534
39.09 534
39.10 534
39.11 534
39.12 534
39.13 534
39.15 534
39.16 534
39.17 535
39.18 537
39.20 540
39.21 542
39.22 542
39.23 542
39.25 542
39.26 542
39.27 542
39.28 542
39.29 542
39.31 542
39.32 542
39.33 542
39.34 542
39.36 542
39.37 542
39.38 542
39.39 542
39.41 542
39.42 542
39.43 542
39.44 542
39.45 542
39.47 542
39.48 542
39.49 542
39.50 542
39.52 542
39.53 542
39.54 542
39.55 543
39.57 545
39.58 546
39.59 549
39.60 549
39.61 549
39.63 549
39.64 549
39.65 549
39.66 549
39.68 549
39.69 549
39.70 549
39.71 549
39.73 549
39.74 549
39.75 549
39.76 549
39.77 549
39.79 549
39.80 549
39.81 549
39.82 549
39.84 549
39.85 549
39.86 549
39.87 549
39.89 549
39.90 549
39.91 549
39.92 549
39.93 549
39.95 550
39.96 552
39.97 555
39.98 555
40.00 555
40.01 555
40.02 555
40.03 557
40.05 561
40.06 563
40.07 564
40.08 564
40.09 564
40.11 564
40.12 564
40.13 564
40.14 564
40.16 564
40.17 564
40.18 564
40.19 567
40.21 567
40.22 567
40.23 567
40.24 567
40.25 567
40.27 567
40.28 567
40.29 567
40.30 567
40.32 567
40.33 567
40.34 569
40.35 572
40.37 574
40.38 576
40.39 577
40.40 577
40.41 577
40.43 577
40.44 577
40.45 577
40.46 577
40.48 577
40.49 577
40.50 577
40.51 577
40.53 577
40.54 577
40.55 577
40.56 577
40.58 577
40.59 577
40.60 577
40.61 577
40.62 577
40.64 577
40.65 577
40.66 577
40.67 577
40.69 577
40.70 577
40.71 577
40.72 577
40.74 577
40.75 580
40.76 582
40.77 585
40.78 586
40.80 586
40.81 586
40.82 586
40.83 586
40.85 586
40.86 586
40.87 586
40.88 586
40.90 586
40.91 586
40.92 586
40.93 586
40.94 586
40.96 586
40.97 586
40.98 586
40.99 587
41.01 587
41.02 587
41.03 587
41.04 587
41.06 587
41.07 587
41.08 587
41.09 587
41.10 587
41.12 587
41.13 587
41.14 589
41.15 590
41.17 594
41.18 595
41.19 595
41.20 595
41.22 595
41.23 595
41.24 595
41.25 595
41.26 595
41.28 595
41.29 595
41.30 595
41.31 595
41.33 595
41.34 595
41.35 595
41.36 595
41.38 595
41.39 595
41.40 595
41.41 595
41.42 595
41.44 595
41.45 595
41.46 595
41.47 595
41.49 595
41.50 595
41.51 595
41.52 596
41.54 596
41.55 596
41.56 597
41.57 597
41.58 597
41.60 597
41.61 597
41.62 597
41.63 597
41.65 597
41.66 597
41.67 597
41.68 597
41.70 597
41.71 597
41.72 597
41.73 597
41.74 597
41.76 597
41.77 597
41.78 597
41.79 597
41.81 597
41.82 597
41.83 597
41.84 597
41.86 597
41.87 597
41.88 597
41.89 597
41.90 600
41.92 601
41.93 602
41.94 603
41.95 603
41.97 603
41.98 603
41.99 603
42.00 603
42.02 603
42.03 603
42.04 603
42.05 603
42.07 603
42.08 603
42.09 603
42.10 603
42.11 603
42.13 603
42.14 603
42.15 603
42.16 603
42.18 603
42.19 603
42.20 603
42.21 603
42.23 603
42.24 603
42.25 603
42.26 603
42.27 603
42.29 605
42.30 607
42.31 609
42.32 609
42.34 609
42.35 609
42.36 609
42.37 609
42.39 609
42.40 609
42.41 609
42.42 609
42.43 609
42.45 610
42.46 610
42.47 611
42.48 612
42.50 612
42.51 612
42.52 612
42.53 612
42.55 612
42.56 612
42.57 612
42.58 612
42.59 612
42.61 612
42.62 612
42.63 612
42.64 612
42.66 613
42.67 613
42.68 614
42.69 615
42.71 615
42.72 615
42.73 615
42.74 615
42.75 619
42.77 621
42.78 623
42.79 626
42.80 628
42.82 629
42.83 633
42.84 637
42.85 639
42.87 642
42.88 644
42.89 645
42.90 648
42.91 651
42.93 653
42.94 657
42.95 659
42.96 662
42.98 663
42.99 667
43.00 667
43.01 667
43.03 667
43.04 667
43.05 667
43.06 667
43.07 668
43.09 668
43.10 669
43.11 669
43.12 669
43.14 669
43.15 669
43.16 669
43.17 669
43.19 669
43.20 669
43.21 669
43.22 669
43.23 669
43.25 669
43.26 673
43.27 675
43.28 675
43.30 675
43.31 675
43.32 675
43.33 678
43.35 681
43.36 684
43.37 687
43.38 689
43.40 692
43.41 695
43.42 695
43.43 695
43.44 695
43.46 695
43.47 695
43.48 695
43.49 695
43.51 695
43.52 695
43.53 695
43.54 695
43.56 695
43.57 695
43.58 695
43.59 695
43.60 695
43.62 695
43.63 695
43.64 695
43.65 695
43.67 695
43.68 695
43.69 695
43.70 697
43.72 699
43.73 701
43.74 701
43.75 701
43.76 701
43.78 701
43.79 701
43.80 705
43.81 705
43.83 705
43.84 705
43.85 705
43.86 705
43.88 705
43.89 705
43.90 705
43.91 705
43.92 705
43.94 705
43.95 705
43.96 705
43.97 709
43.99 709
44.00 709
44.01 709
44.02 709
44.04 709
44.05 709
44.06 709
44.07 709
44.08 709
44.10 709
44.11 709
44.12 714
44.13 717
44.15 719
44.16 719
44.17 719
44.18 719
44.20 721
44.21 724
44.22 726
44.23 727
44.24 727
44.26 727
44.27 727
44.28 727
44.29 727
44.31 728
44.32 732
44.33 734
44.34 737
44.36 740
44.37 743
44.38 745
44.39 748
44.40 751
44.42 753
44.43 757
44.44 759
44.45 762
44.47 762
44.48 766
44.49 769
44.50 772
44.52 775
44.53 776
44.54 777
44.55 779
44.56 781
44.58 784
44.59 787
44.60 791
44.61 793
44.63 795
44.64 797
44.65 798
44.66 802
44.68 805
44.69 808
44.70 810
44.71 813
44.72 816
44.74 819
44.75 820
44.76 822
44.77 825
44.79 827
44.80 827
44.81 828
44.82 829
44.84 831
44.85 832
44.86 835
44.87 837
44.89 841
44.90 841
44.91 843
44.92 843
44.93 846
44.95 848
44.96 851
44.97 853
44.98 853
45.00 854
45.01 856
45.02 858
45.03 861
45.05 863
45.06 865
45.07 868
45.08 870
45.09 873
45.11 875
45.12 877
45.13 881
45.14 881
45.16 882
45.17 885
45.18 885
45.19 886
45.21 886
45.22 887
45.23 887
45.24 887
45.25 888
45.27 888
45.28 890
45.29 893
45.30 893
45.32 894
45.33 896
45.34 898
45.35 900
45.37 901
45.38 902
45.39 904
45.40 906
45.41 906
45.43 908
45.44 909
45.45 910
45.46 912
45.48 913
45.49 915
45.50 916
45.51 917
45.53 919
45.54 921
45.55 922
45.56 924
45.57 925
45.59 926
45.60 929
45.61 929
45.62 931
45.64 933
45.65 935
45.66 935
45.67 939
45.69 939
45.70 941
45.71 941
45.72 945
45.73 947
45.75 950
45.76 952
45.77 955
45.78 957
45.80 959
45.81 962
45.82 964
45.83 967
45.85 968
45.86 969
45.87 971
45.88 973
45.89 976
45.91 976
45.92 978
45.93 979
45.94 981
45.96 982
45.97 984
45.98 987
45.99 989
46.01 992
46.02 992
46.03 994
46.04 998
46.05 999
46.07 1001
46.08 1005
46.09 1007
46.10 1009
46.12 1009
46.13 1009
46.14 1009
46.15 1012
46.17 1014
46.18 1016
46.19 1017
46.20 1019
46.21 1022
46.23 1025
46.24 1027
46.25 1028
46.26 1028
46.28 1031
46.29 1034
46.30 1037
46.31 1038
46.33 1040
46.34 1043
46.35 1045
46.36 1048
46.38 1052
46.39 1054
46.40 1057
46.41 1059
46.42 1061
46.44 1063
46.45 1066
46.46 1068
46.47 1070
46.49 1073
46.50 1075
46.51 1078
46.52 1079
46.54 1083
46.55 1084
46.56 1085
46.57 1088
46.58 1089
46.60 1092
46.61 1094
46.62 1096
46.63 1098
46.65 1101
46.66 1103
46.67 1104
46.68 1106
46.70 1109
46.71 1110
46.72 1112
46.73 1114
46.74 1117
46.76 1118
46.77 1120
46.78 1123
46.79 1125
46.81 1127
46.82 1129
46.83 1131
46.84 1133
46.86 1135
46.87 1136
46.88 1138
46.89 1139
46.90 1140
46.92 1141
46.93 1141
46.94 1143
46.95 1145
46.97 1147
46.98 1149
46.99 1151
47.00 1154
47.02 1157
47.03 1158
47.04 1159
47.05 1161
47.06 1163
47.08 1165
47.09 1166
47.10 1166
47.11 1167
47.13 1167
47.14 1167
47.15 1170
47.16 1170
47.18 1170
47.19 1170
47.20 1170
47.21 1173
47.22 1176
47.24 1176
47.25 1177
47.26 1178
47.27 1178
47.29 1178
47.30 1178
47.31 1178
47.32 1178
47.34 1182
47.35 1183
47.36 1183
47.37 1183
47.38 1184
47.40 1186
47.41 1187
47.42 1188
47.43 1190
47.45 1191
47.46 1191
47.47 1191
47.48 1191
47.50 1191
47.51 1192
47.52 1193
47.53 1195
47.54 1195
47.56 1197
47.57 1198
47.58 1198
47.59 1198
47.61 1198
47.62 1198
47.63 1198
47.64 1199
47.66 1199
47.67 1199
47.68 1199
47.69 1199
47.70 1199
47.72 1199
47.73 1199
47.74 1200
47.75 1200
47.77 1200
47.78 1202
47.79 1202
47.80 1204
47.82 1204
47.83 1205
47.84 1207
47.85 1208
47.87 1211
47.88 1214
47.89 1214
47.90 1215
47.91 1218
47.93 1220
47.94 1220
47.95 1221
47.96 1222
47.98 1224
47.99 1227
48.00 1230
48.01 1233
48.03 1235
48.04 1239
48.05 1242
48.06 1243
48.07 1245
48.09 1247
48.10 1250
48.11 1251
48.12 1253
48.14 1256
48.15 1257
48.16 1260
48.17 1262
48.19 1263
48.20 1265
48.21 1265
48.22 1265
48.23 1265
48.25 1265
48.26 1268
48.27 1270
48.28 1271
48.30 1273
48.31 1276
48.32 1277
48.33 1279
48.35 1280
48.36 1282
48.37 1285
48.38 1286
48.39 1288
48.41 1291
48.42 1293
48.43 1295
48.44 1297
48.46 1298
48.47 1299
48.48 1300
48.49 1303
48.51 1304
48.52 1305
48.53 1305
48.54 1308
48.55 1310
48.57 1310
48.58 1313
48.59 1316
48.60 1317
48.62 1317
48.63 1320
48.64 1321
48.65 1321
48.67 1323
48.68 1323
48.69 1323
48.70 1325
48.71 1325
48.73 1325
48.74 1326
48.75 1328
48.76 1329
48.78 1330
48.79 1330
48.80 1334
48.81 1336
48.83 1338
48.84 1340
48.85 1341
48.86 1342
48.87 1343
48.89 1345
48.90 1346
48.91 1348
48.92 1349
48.94 1349
48.95 1349
48.96 1350
48.97 1350
48.99 1350
49.00 1350
49.01 1350
49.02 1350
49.03 1352
49.05 1352
49.06 1353
49.07 1353
49.08 1353
49.10 1354
49.11 1354
49.12 1354
49.13 1355
49.15 1355
49.16 1355
49.17 1355
49.18 1356
49.19 1356
49.21 1356
49.22 1356
49.23 1356
49.24 1358
49.26 1358
49.27 1359
49.28 1359
49.29 1361
49.31 1361
49.32 1363
49.33 1366
49.34 1368
49.36 1368
49.37 1368
49.38 1368
49.39 1369
49.40 1373
49.42 1375
49.43 1376
49.44 1377
49.45 1377
49.47 1377
49.48 1377
49.49 1377
49.50 1377
49.52 1377
49.53 1377
49.54 1380
49.55 1380
49.56 1380
49.58 1380
49.59 1380
49.60 1380
49.61 1380
49.63 1381
49.64 1383
49.65 1384
49.66 1386
49.68 1389
49.69 1391
49.70 1391
49.71 1391
49.72 1391
49.74 1391
49.75 1391
49.76 1392
49.77 1393
49.79 1395
49.80 1398
49.81 1399
49.82 1401
49.84 1402
49.85 1402
49.86 1402
49.87 1402
49.88 1403
49.90 1404
49.91 1405
49.92 1405
49.93 1407
49.95 1409
49.96 1409
49.97 1410
49.98 1411
50.00 1412
50.01 1414
50.02 1416
50.03 1417
50.04 1418
50.06 1419
50.07 1421
50.08 1423
50.09 1424
50.11 1424
50.12 1424
50.13 1426
50.14 1426
50.16 1427
50.17 1428
50.18 1428
50.19 1428
50.20 1428
50.22 1431
50.23 1432
50.24 1434
50.25 1436
50.27 1437
50.28 1438
50.29 1438
50.30 1438
50.32 1438
50.33 1438
50.34 1438
50.35 1441
50.36 1442
50.38 1442
50.39 1443
50.40 1445
50.41 1445
50.43 1445
50.44 1446
50.45 1446
50.46 1446
50.48 1446
50.49 1447
50.50 1448
50.51 1449
50.52 1451
50.54 1451
50.55 1452
50.56 1452
50.57 1455
50.59 1456
50.60 1457
50.61 1459
50.62 1463
50.64 1463
50.65 1463
50.66 1463
50.67 1465
50.68 1467
50.70 1467
50.71 1467
50.72 1469
50.73 1471
50.75 1472
50.76 1473
50.77 1473
50.78 1476
50.80 1477
50.81 1477
50.82 1477
50.83 1479
50.85 1479
50.86 1479
50.87 1480
50.88 1480
50.89 1481
50.91 1483
50.92 1483
50.93 1485
50.94 1487
50.96 1490
50.97 1490
50.98 1490
50.99 1490
51.01 1493
51.02 1495
51.03 1496
51.04 1496
51.05 1496
51.07 1497
51.08 1498
51.09 1498
51.10 1499
51.12 1501
51.13 1503
51.14 1505
51.15 1506
51.17 1506
51.18 1506
51.19 1508
51.20 1508
51.21 1509
51.23 1509
51.24 1511
51.25 1514
51.26 1516
51.28 1517
51.29 1519
51.30 1520
51.31 1523
51.33 1525
51.34 1526
51.35 1526
51.36 1528
51.37 1530
51.39 1531
51.40 1536
51.41 1537
51.42 1538
51.44 1541
51.45 1544
51.46 1545
51.47 1547
51.49 1549
51.50 1551
51.51 1551
51.52 1554
51.53 1554
51.55 1556
51.56 1559
51.57 1560
51.58 1562
51.60 1565
51.61 1567
51.62 1569
51.63 1571
51.65 1572
51.66 1573
51.67 1573
51.68 1573
51.69 1573
51.71 1573
51.72 1575
51.73 1576
51.74 1579
51.76 1580
51.77 1581
51.78 1583
51.79 1585
51.81 1587
51.82 1589
51.83 1591
51.84 1593
51.85 1594
51.87 1596
51.88 1599
51.89 1601
51.90 1603
51.92 1604
51.93 1607
51.94 1607
51.95 1608
51.97 1610
51.98 1613
51.99 1613
52.00 1615
52.01 1616
52.03 1618
52.04 1619
52.05 1621
52.06 1623
52.08 1624
52.09 1626
52.10 1627
52.11 1629
52.13 1631
52.14 1633
52.15 1634
52.16 1636
52.17 1639
52.19 1640
52.20 1641
52.21 1643
52.22 1645
52.24 1645
52.25 1646
52.26 1647
52.27 1649
52.29 1650
52.30 1653
52.31 1654
52.32 1657
52.34 1660
52.35 1661
52.36 1662
52.37 1662
52.38 1662
52.40 1663
52.41 1666
52.42 1666
52.43 1668
52.45 1668
52.46 1670
52.47 1673
52.48 1675
52.50 1676
52.51 1678
52.52 1681
52.53 1682
52.54 1683
52.56 1683
52.57 1685
52.58 1685
52.59 1687
52.61 1689
52.62 1692
52.63 1695
52.64 1697
52.66 1699
52.67 1702
52.68 1705
52.69 1707
52.70 1710
52.72 1712
52.73 1714
52.74 1716
52.75 1719
52.77 1721
52.78 1724
52.79 1725
52.80 1728
52.82 1730
52.83 1732
52.84 1734
52.85 1737
52.86 1737
52.88 1739
52.89 1741
52.90 1743
52.91 1744
52.93 1745
52.94 1746
52.95 1748
52.96 1750
52.98 1751
52.99 1753
53.00 1754
53.01 1756
53.02 1757
53.04 1758
53.05 1759
53.06 1760
53.07 1760
53.09 1761
53.10 1762
53.11 1763
53.12 1763
53.14 1763
53.15 1763
53.16 1765
53.17 1765
53.18 1766
53.20 1770
53.21 1771
53.22 1774
53.23 1775
53.25 1777
53.26 1779
53.27 1782
53.28 1783
53.30 1784
53.31 1785
53.32 1786
53.33 1787
53.34 1789
53.36 1791
53.37 1791
53.38 1791
53.39 1791
53.41 1791
53.42 1792
53.43 1793
53.44 1793
53.46 1795
53.47 1797
53.48 1798
53.49 1800
53.50 1803
53.52 1803
53.53 1804
53.54 1804
53.55 1804
53.57 1805
53.58 1805
53.59 1807
53.60 1808
53.62 1808
53.63 1809
53.64 1811
53.65 1813
53.66 1815
53.68 1817
53.69 1818
53.70 1818
53.71 1818
53.73 1818
53.74 1820
53.75 1820
53.76 1821
53.78 1822
53.79 1823
53.80 1823
53.81 1826
53.83 1826
53.84 1828
53.85 1828
53.86 1828
53.87 1828
53.89 1828
53.90 1829
53.91 1829
53.92 1829
53.94 1831
53.95 1833
53.96 1833
53.97 1833
53.99 1834
54.00 1834
54.01 1834
54.02 1834
54.03 1834
54.05 1834
54.06 1834
54.07 1835
54.08 1836
54.10 1836
54.11 1836
54.12 1836
54.13 1836
54.15 1836
54.16 1838
54.17 1838
54.18 1838
54.19 1838
54.21 1838
54.22 1838
54.23 1838
54.24 1839
54.26 1839
54.27 1839
54.28 1839
54.29 1839
54.31 1839
54.32 1840
54.33 1840
54.34 1840
54.35 1840
54.37 1840
54.38 1840
54.39 1840
54.40 1842
54.42 1844
54.43 1845
54.44 1846
54.45 1846
54.47 1849
54.48 1851
54.49 1854
54.50 1854
54.51 1854
54.53 1854
54.54 1856
54.55 1858
54.56 1859
54.58 1860
54.59 1860
54.60 1861
54.61 1861
54.63 1861
54.64 1861
54.65 1862
54.66 1863
54.67 1863
54.69 1864
54.70 1864
54.71 1865
54.72 1865
54.74 1865
54.75 1865
54.76 1865
54.77 1865
54.79 1865
54.80 1865
54.81 1865
54.82 1865
54.83 1865
54.85 1865
54.86 1869
54.87 1869
54.88 1870
54.90 1871
54.91 1871
54.92 1871
54.93 1871
54.95 1873
54.96 1875
54.97 1876
54.98 1876
54.99 1877
55.01 1878
55.02 1880
55.03 1882
55.04 1884
55.06 1887
55.07 1888
55.08 1890
55.09 1892
55.11 1894
55.12 1896
55.13 1898
55.14 1899
55.16 1902
55.17 1903
55.18 1907
55.19 1910
55.20 1913
55.22 1915
55.23 1918
55.24 1919
55.25 1923
55.27 1925
55.28 1928
55.29 1929
55.30 1932
55.32 1935
55.33 1937
55.34 1940
55.35 1941
55.36 1943
55.38 1945
55.39 1948
55.40 1949
55.41 1950
55.43 1952
55.44 1953
55.45 1956
55.46 1958
55.48 1960
55.49 1963
55.50 1967
55.51 1969
55.52 1972
55.54 1974
55.55 1977
55.56 1979
55.57 1981
55.59 1984
55.60 1987
55.61 1989
55.62 1992
55.64 1994
55.65 1996
55.66 1998
55.67 2001
55.68 2003
55.70 2004
55.71 2006
55.72 2007
55.73 2009
55.75 2012
55.76 2013
55.77 2015
55.78 2016
55.80 2018
55.81 2021
55.82 2023
55.83 2025
55.84 2026
55.86 2029
55.87 2031
55.88 2033
55.89 2033
55.91 2034
55.92 2034
55.93 2035
55.94 2037
55.96 2037
55.97 2037
55.98 2038
55.99 2039
56.00 2040
56.02 2041
56.03 2041
56.04 2043
56.05 2044
56.07 2044
56.08 2044
56.09 2047
56.10 2049
56.12 2049
56.13 2049
56.14 2049
56.15 2049
56.16 2050
56.18 2050
56.19 2050
56.20 2051
56.21 2051
56.23 2051
56.24 2051
56.25 2051
56.26 2052
56.28 2052
56.29 2052
56.30 2052
56.31 2053
56.32 2053
56.34 2053
56.35 2053
56.36 2054
56.37 2054
56.39 2054
56.40 2054
56.41 2054
56.42 2054
56.44 2055
56.45 2055
56.46 2055
56.47 2055
56.48 2055
56.50 2056
56.51 2056
56.52 2056
56.53 2056
56.55 2056
56.56 2056
56.57 2056
56.58 2057
56.60 2059
56.61 2060
56.62 2062
56.63 2062
56.65 2063
56.66 2063
56.67 2063
56.68 2063
56.69 2063
56.71 2064
56.72 2064
56.73 2064
56.74 2065
56.76 2065
56.77 2065
56.78 2065
56.79 2065
56.81 2067
56.82 2068
56.83 2068
56.84 2068
56.85 2068
56.87 2068
56.88 2068
56.89 2068
56.90 2068
56.92 2068
56.93 2069
56.94 2072
56.95 2074
56.97 2074
56.98 2074
56.99 2074
57.00 2077
57.01 2078
57.03 2081
57.04 2083
57.05 2083
57.06 2083
57.08 2083
57.09 2083
57.10 2083
57.11 2083
57.13 2084
57.14 2085
57.15 2086
57.16 2088
57.17 2089
57.19 2091
57.20 2092
57.21 2093
57.22 2094
57.24 2096
57.25 2096
57.26 2096
57.27 2097
57.29 2097
57.30 2099
57.31 2101
57.32 2102
57.33 2104
57.35 2104
57.36 2104
57.37 2104
57.38 2104
57.40 2107
57.41 2110
57.42 2111
57.43 2111
57.45 2111
57.46 2113
57.47 2115
57.48 2117
57.49 2119
57.51 2120
57.52 2120
57.53 2120
57.54 2121
57.56 2123
57.57 2125
57.58 2127
57.59 2128
57.61 2129
57.62 2130
57.63 2132
57.64 2134
57.65 2135
57.67 2135
57.68 2136
57.69 2136
57.70 2136
57.72 2136
57.73 2137
57.74 2138
57.75 2140
57.77 2143
57.78 2144
57.79 2147
57.80 2149
57.81 2150
57.83 2151
57.84 2152
57.85 2154
57.86 2156
57.88 2156
57.89 2156
57.90 2157
57.91 2158
57.93 2158
57.94 2158
57.95 2160
57.96 2161
57.97 2163
57.99 2164
58.00 2164
58.01 2167
58.02 2169
58.04 2169
58.05 2170
58.06 2172
58.07 2173
58.09 2174
58.10 2174
58.11 2177
58.12 2179
58.14 2181
58.15 2181
58.16 2182
58.17 2182
58.18 2182
58.20 2184
58.21 2184
58.22 2185
58.23 2187
58.25 2188
58.26 2190
58.27 2191
58.28 2192
58.30 2192
58.31 2195
58.32 2196
58.33 2197
58.34 2198
58.36 2199
58.37 2200
58.38 2201
58.39 2202
58.41 2204
58.42 2204
58.43 2205
58.44 2205
58.46 2205
58.47 2208
58.48 2209
58.49 2210
58.50 2211
58.52 2212
58.53 2212
58.54 2213
58.55 2213
58.57 2214
58.58 2214
58.59 2216
58.60 2217
58.62 2217
58.63 2217
58.64 2219
58.65 2220
58.66 2223
58.68 2225
58.69 2227
58.70 2227
58.71 2228
58.73 2229
58.74 2229
58.75 2229
58.76 2231
58.78 2233
58.79 2236
58.80 2238
58.81 2240
58.82 2241
58.84 2242
58.85 2245
58.86 2248
58.87 2250
58.89 2253
58.90 2254
58.91 2257
58.92 2260
58.94 2262
58.95 2265
58.96 2267
58.97 2270
58.98 2272
59.00 2275
59.01 2277
59.02 2280
59.03 2282
59.05 2284
59.06 2286
59.07 2290
59.08 2293
59.10 2295
59.11 2297
59.12 2300
59.13 2302
59.14 2304
59.16 2306
59.17 2307
59.18 2310
59.19 2312
59.21 2313
59.22 2315
59.23 2316
59.24 2316
59.26 2316
59.27 2317
59.28 2318
59.29 2318
59.30 2318
59.32 2319
59.33 2319
59.34 2319
59.35 2319
59.37 2319
59.38 2319
59.39 2319
59.40 2320
59.42 2321
59.43 2323
59.44 2324
59.45 2325
59.46 2327
59.48 2328
59.49 2328
59.50 2329
59.51 2329
59.53 2329
59.54 2330
59.55 2331
59.56 2333
59.58 2333
59.59 2334
59.60 2337
59.61 2339
59.63 2340
59.64 2342
59.65 2344
59.66 2345
59.67 2347
59.69 2349
59.70 2349
59.71 2351
59.72 2351
59.74 2352
59.75 2352
59.76 2352
59.77 2353
59.79 2353
59.80 2354
59.81 2354
59.82 2354
59.83 2354
59.85 2355
59.86 2355
59.87 2355
59.88 2355
59.90 2356
59.91 2356
59.92 2356
59.93 2356
59.95 2357
59.96 2357
59.97 2358
59.98 2358
59.99 2358
60.01 2358
60.02 2358
60.03 2358
60.04 2358
60.06 2359
60.07 2360
60.08 2360
60.09 2361
60.11 2362
60.12 2364
60.13 2365
60.14 2366
60.15 2366
60.17 2367
60.18 2367
60.19 2367
60.20 2367
60.22 2367
60.23 2368
60.24 2369
60.25 2369
60.27 2369
60.28 2369
60.29 2369
60.30 2369
60.31 2370
60.33 2370
60.34 2371
60.35 2372
60.36 2372
60.38 2373
60.39 2373
60.40 2373
60.41 2373
60.43 2373
60.44 2373
60.45 2373
60.46 2373
60.47 2374
60.49 2374
60.50 2375
60.51 2376
60.52 2376
60.54 2376
60.55 2377
60.56 2378
60.57 2378
60.59 2378
60.60 2378
60.61 2378
60.62 2378
60.63 2378
60.65 2378
60.66 2378
60.67 2378
60.68 2378
60.70 2380
60.71 2380
60.72 2380
60.73 2383
60.75 2383
60.76 2383
60.77 2383
60.78 2383
60.79 2383
60.81 2383
60.82 2383
60.83 2384
60.84 2384
60.86 2384
60.87 2385
60.88 2385
60.89 2385
60.91 2385
60.92 2385
60.93 2385
60.94 2385
60.95 2386
60.97 2386
60.98 2386
60.99 2386
61.00 2386
61.02 2386
61.03 2386
61.04 2386
61.05 2387
61.07 2387
61.08 2389
61.09 2390
61.10 2392
61.12 2393
61.13 2395
61.14 2397
61.15 2399
61.16 2400
61.18 2401
61.19 2402
61.20 2405
61.21 2405
61.23 2408
61.24 2408
61.25 2409
61.26 2411
61.28 2413
61.29 2415
61.30 2417
61.31 2419
61.32 2419
61.34 2419
61.35 2419
61.36 2419
61.37 2420
61.39 2420
61.40 2420
61.41 2421
61.42 2421
61.44 2421
61.45 2422
61.46 2422
61.47 2422
61.48 2423
61.50 2423
61.51 2423
61.52 2423
61.53 2424
61.55 2424
61.56 2424
61.57 2424
61.58 2424
61.60 2424
61.61 2424
61.62 2424
61.63 2424
61.64 2424
61.66 2425
61.67 2425
61.68 2426
61.69 2430
61.71 2431
61.72 2432
61.73 2434
61.74 2436
61.76 2439
61.77 2441
61.78 2443
61.79 2444
61.80 2446
61.82 2449
61.83 2451
61.84 2452
61.85 2453
61.87 2453
61.88 2454
61.89 2456
61.90 2457
61.92 2460
61.93 2463
61.94 2466
61.95 2469
61.96 2470
61.98 2473
61.99 2475
62.00 2477
62.01 2479
62.03 2480
62.04 2482
62.05 2485
62.06 2486
62.08 2488
62.09 2489
62.10 2490
62.11 2493
62.12 2493
62.14 2495
62.15 2497
62.16 2499
62.17 2502
62.19 2503
62.20 2505
62.21 2508
62.22 2509
62.24 2509
62.25 2510
62.26 2511
62.27 2511
62.28 2513
62.30 2515
62.31 2515
62.32 2515
62.33 2516
62.35 2517
62.36 2517
62.37 2519
62.38 2519
62.40 2520
62.41 2520
62.42 2520
62.43 2522
62.44 2523
62.46 2523
62.47 2523
62.48 2523
62.49 2523
62.51 2523
62.52 2523
62.53 2523
62.54 2523
62.56 2523
62.57 2523
62.58 2523
62.59 2523
62.61 2523
62.62 2523
62.63 2525
62.64 2525
62.65 2525
62.67 2525
62.68 2525
62.69 2525
62.70 2526
62.72 2526
62.73 2526
62.74 2526
62.75 2526
62.77 2526
62.78 2526
62.79 2527
62.80 2527
62.81 2527
62.83 2527
62.84 2529
62.85 2531
62.86 2531
62.88 2532
62.89 2532
62.90 2532
62.91 2533
62.93 2535
62.94 2535
62.95 2537
62.96 2539
62.97 2540
62.99 2542
63.00 2544
63.01 2547
63.02 2549
63.04 2551
63.05 2551
63.06 2552
63.07 2552
63.09 2552
63.10 2552
63.11 2552
63.12 2552
63.13 2552
63.15 2553
63.16 2555
63.17 2557
63.18 2559
63.20 2559
63.21 2559
63.22 2559
63.23 2560
63.25 2562
63.26 2565
63.27 2565
63.28 2568
63.29 2570
63.31 2572
63.32 2574
63.33 2575
63.34 2577
63.36 2577
63.37 2577
63.38 2577
63.39 2577
63.41 2577
63.42 2577
63.43 2577
63.44 2579
63.45 2580
63.47 2580
63.48 2580
63.49 2581
63.50 2582
63.52 2582
63.53 2582
63.54 2584
63.55 2585
63.57 2586
63.58 2586
63.59 2587
63.60 2589
63.61 2591
63.63 2592
63.64 2594
63.65 2596
63.66 2599
63.68 2601
63.69 2603
63.70 2605
63.71 2607
63.73 2608
63.74 2611
63.75 2614
63.76 2616
63.77 2618
63.79 2620
63.80 2622
63.81 2625
63.82 2627
63.84 2629
63.85 2631
63.86 2633
63.87 2636
63.89 2639
63.90 2640
63.91 2641
63.92 2642
63.93 2644
63.95 2645
63.96 2647
63.97 2647
63.98 2649
64.00 2651
64.01 2653
64.02 2653
64.03 2655
64.05 2657
64.06 2658
64.07 2659
64.08 2660
64.10 2662
64.11 2663
64.12 2665
64.13 2668
64.14 2671
64.16 2672
64.17 2672
64.18 2672
64.19 2673
64.21 2675
64.22 2677
64.23 2679
64.24 2680
64.26 2680
64.27 2680
64.28 2680
64.29 2683
64.30 2684
64.32 2686
64.33 2686
64.34 2686
64.35 2688
64.37 2690
64.38 2692
64.39 2692
64.40 2692
64.42 2695
64.43 2696
64.44 2696
64.45 2698
64.46 2698
64.48 2698
64.49 2700
64.50 2702
64.51 2705
64.53 2706
64.54 2707
64.55 2707
64.56 2707
64.58 2709
64.59 2711
64.60 2713
64.61 2715
64.62 2717
64.64 2718
64.65 2718
64.66 2718
64.67 2718
64.69 2719
64.70 2719
64.71 2719
64.72 2719
64.74 2719
64.75 2720
64.76 2720
64.77 2720
64.78 2720
64.80 2720
64.81 2722
64.82 2723
64.83 2725
64.85 2727
64.86 2728
64.87 2728
64.88 2728
64.90 2728
64.91 2728
64.92 2728
64.93 2729
64.94 2729
64.96 2729
64.97 2729
64.98 2729
64.99 2729
65.01 2729
65.02 2731
65.03 2731
65.04 2731
65.06 2732
65.07 2732
65.08 2732
65.09 2732
65.10 2732
65.12 2733
65.13 2733
65.14 2733
65.15 2734
65.17 2735
65.18 2735
65.19 2735
65.20 2735
65.22 2735
65.23 2735
65.24 2735
65.25 2736
65.26 2737
65.28 2739
65.29 2740
65.30 2740
65.31 2741
65.33 2741
65.34 2742
65.35 2742
65.36 2742
65.38 2742
65.39 2742
65.40 2742
65.41 2742
65.42 2743
65.44 2743
65.45 2743
65.46 2743
65.47 2743
65.49 2743
65.50 2743
65.51 2745
65.52 2747
65.54 2748
65.55 2748
65.56 2748
65.57 2748
65.59 2750
65.60 2753
65.61 2753
65.62 2753
65.63 2753
65.65 2753
65.66 2753
65.67 2753
65.68 2753
65.70 2753
65.71 2753
65.72 2755
65.73 2758
65.75 2760
65.76 2762
65.77 2764
65.78 2764
65.79 2764
65.81 2764
65.82 2764
65.83 2764
65.84 2764
65.86 2764
65.87 2764
65.88 2764
65.89 2766
65.91 2767
65.92 2770
65.93 2773
65.94 2773
65.95 2773
65.97 2774
65.98 2775
65.99 2777
66.00 2778
66.02 2781
66.03 2783
66.04 2784
66.05 2785
66.07 2787
66.08 2790
66.09 2792
66.10 2794
66.11 2796
66.13 2799
66.14 2800
66.15 2801
66.16 2803
66.18 2805
66.19 2806
66.20 2807
66.21 2808
66.23 2810
66.24 2812
66.25 2813
66.26 2814
66.27 2815
66.29 2817
66.30 2818
66.31 2820
66.32 2822
66.34 2822
66.35 2824
66.36 2826
66.37 2826
66.39 2828
66.40 2829
66.41 2830
66.42 2830
66.43 2832
66.45 2835
66.46 2835
66.47 2836
66.48 2838
66.50 2838
66.51 2838
66.52 2840
66.53 2842
66.55 2844
66.56 2846
66.57 2847
66.58 2848
66.59 2849
66.61 2850
66.62 2852
66.63 2854
66.64 2855
66.66 2856
66.67 2857
66.68 2859
66.69 2861
66.71 2862
66.72 2862
66.73 2862
66.74 2864
66.75 2865
66.77 2867
66.78 2869
66.79 2870
66.80 2871
66.82 2872
66.83 2873
66.84 2873
66.85 2873
66.87 2873
66.88 2874
66.89 2874
66.90 2874
66.92 2876
66.93 2876
66.94 2879
66.95 2881
66.96 2884
66.98 2886
66.99 2889
67.00 2891
67.01 2893
67.03 2895
67.04 2897
67.05 2899
67.06 2901
67.08 2902
67.09 2905
67.10 2907
67.11 2908
67.12 2910
67.14 2912
67.15 2913
67.16 2916
67.17 2918
67.19 2920
67.20 2921
67.21 2923
67.22 2923
67.24 2923
67.25 2924
67.26 2925
67.27 2927
67.28 2928
67.30 2928
67.31 2928
67.32 2929
67.33 2929
67.35 2929
67.36 2930
67.37 2930
67.38 2930
67.40 2930
67.41 2930
67.42 2930
67.43 2931
67.44 2931
67.46 2931
67.47 2931
67.48 2931
67.49 2932
67.51 2934
67.52 2934
67.53 2935
67.54 2938
67.56 2940
67.57 2941
67.58 2943
67.59 2946
67.60 2947
67.62 2948
67.63 2951
67.64 2951
67.65 2953
67.67 2953
67.68 2956
67.69 2957
67.70 2958
67.72 2960
67.73 2960
67.74 2961
67.75 2961
67.76 2961
67.78 2962
67.79 2963
67.80 2963
67.81 2963
67.83 2963
67.84 2964
67.85 2964
67.86 2964
67.88 2965
67.89 2966
67.90 2968
67.91 2968
67.92 2969
67.94 2969
67.95 2970
67.96 2972
67.97 2972
67.99 2972
68.00 2972
68.01 2972
68.02 2972
68.04 2972
68.05 2974
68.06 2974
68.07 2975
68.08 2975
68.10 2975
68.11 2976
68.12 2976
68.13 2976
68.15 2976
68.16 2976
68.17 2976
68.18 2979
68.20 2979
68.21 2980
68.22 2981
68.23 2982
68.24 2983
68.26 2983
68.27 2983
68.28 2983
68.29 2985
68.31 2986
68.32 2986
68.33 2986
68.34 2986
68.36 2986
68.37 2988
68.38 2988
68.39 2989
68.41 2989
68.42 2989
68.43 2989
68.44 2989
68.45 2989
68.47 2989
68.48 2989
68.49 2989
68.50 2989
68.52 2989
68.53 2989
68.54 2990
68.55 2990
68.57 2991
68.58 2991
68.59 2991
68.60 2991
68.61 2991
68.63 2991
68.64 2991
68.65 2991
68.66 2992
68.68 2992
68.69 2992
68.70 2992
68.71 2993
68.73 2993
68.74 2993
68.75 2994
68.76 2994
68.77 2994
68.79 2994
68.80 2994
68.81 2994
68.82 2994
68.84 2997
68.85 2999
68.86 3001
68.87 3001
68.89 3001
68.90 3001
68.91 3002
68.92 3002
68.93 3002
68.95 3003
68.96 3003
68.97 3003
68.98 3003
69.00 3003
69.01 3003
69.02 3003
69.03 3003
69.05 3005
69.06 3006
69.07 3006
69.08 3006
69.09 3007
69.11 3007
69.12 3009
69.13 3012
69.14 3012
69.16 3013
69.17 3015
69.18 3017
69.19 3018
69.21 3020
69.22 3020
69.23 3021
69.24 3022
69.25 3023
69.27 3024
69.28 3025
69.29 3027
69.30 3029
69.32 3030
69.33 3031
69.34 3034
69.35 3036
69.37 3038
69.38 3040
69.39 3040
69.40 3042
69.41 3045
69.43 3047
69.44 3049
69.45 3051
69.46 3054
69.48 3055
69.49 3055
69.50 3055
69.51 3057
69.53 3058
69.54 3059
69.55 3059
69.56 3059
69.57 3061
69.59 3062
69.60 3063
69.61 3064
69.62 3066
69.64 3068
69.65 3069
69.66 3069
69.67 3071
69.69 3071
69.70 3071
69.71 3072
69.72 3072
69.73 3074
69.75 3075
69.76 3075
69.77 3075
69.78 3075
69.80 3075
69.81 3076
69.82 3077
69.83 3078
69.85 3079
69.86 3080
69.87 3080
69.88 3080
69.90 3080
69.91 3080
69.92 3080
69.93 3081
69.94 3081
69.96 3081
69.97 3081
69.98 3081
69.99 3081
70.01 3081
70.02 3081
70.03 3081
70.04 3081
70.06 3081
70.07 3081
70.08 3081
70.09 3081
70.10 3081
70.12 3082
70.13 3082
70.14 3082
70.15 3083
70.17 3083
70.18 3085
70.19 3085
70.20 3085
70.22 3085
70.23 3085
70.24 3085
70.25 3085
70.26 3085
70.28 3086
70.29 3086
70.30 3086
70.31 3087
70.33 3087
70.34 3088
70.35 3088
70.36 3088
70.38 3088
70.39 3088
70.40 3088
70.41 3088
70.42 3088
70.44 3088
70.45 3088
70.46 3088
70.47 3090
70.49 3093
70.50 3094
70.51 3095
70.52 3095
70.54 3095
70.55 3096
70.56 3096
70.57 3096
70.58 3096
70.60 3097
70.61 3102
70.62 3103
70.63 3103
70.65 3103
70.66 3103
70.67 3103
70.68 3103
70.70 3103
70.71 3103
70.72 3105
70.73 3105
70.74 3105
70.76 3105
70.77 3106
70.78 3106
70.79 3106
70.81 3106
70.82 3108
70.83 3109
70.84 3110
70.86 3111
70.87 3114
70.88 3117
70.89 3120
70.90 3122
70.92 3123
70.93 3125
70.94 3127
70.95 3129
70.97 3132
70.98 3133
70.99 3135
71.00 3137
71.02 3139
71.03 3141
71.04 3142
71.05 3144
71.06 3146
71.08 3148
71.09 3149
71.10 3152
71.11 3154
71.13 3156
71.14 3156
71.15 3157
71.16 3157
71.18 3159
71.19 3161
71.20 3161
71.21 3165
71.22 3166
71.24 3168
71.25 3170
71.26 3172
71.27 3173
71.29 3175
71.30 3175
71.31 3177
71.32 3178
71.34 3180
71.35 3180
71.36 3181
71.37 3183
71.39 3184
71.40 3185
71.41 3186
71.42 3188
71.43 3189
71.45 3191
71.46 3192
71.47 3194
71.48 3194
71.50 3195
71.51 3195
71.52 3195
71.53 3196
71.55 3198
71.56 3201
71.57 3202
71.58 3203
71.59 3205
71.61 3206
71.62 3207
71.63 3207
71.64 3210
71.66 3210
71.67 3212
71.68 3214
71.69 3214
71.71 3214
71.72 3214
71.73 3215
71.74 3217
71.75 3218
71.77 3219
71.78 3219
71.79 3220
71.80 3220
71.82 3220
71.83 3220
71.84 3220
71.85 3220
71.87 3220
71.88 3220
71.89 3220
71.90 3221
71.91 3221
71.93 3221
71.94 3221
71.95 3221
71.96 3221
71.98 3222
71.99 3223
72.00 3223
72.01 3223
72.03 3223
72.04 3224
72.05 3224
72.06 3224
72.07 3224
72.09 3224
72.10 3224
72.11 3224
72.12 3224
72.14 3224
72.15 3224
72.16 3226
72.17 3226
72.19 3226
72.20 3226
72.21 3226
72.22 3226
72.23 3226
72.25 3227
72.26 3227
72.27 3227
72.28 3227
72.30 3227
72.31 3227
72.32 3227
72.33 3227
72.35 3227
72.36 3227
72.37 3230
72.38 3231
72.39 3231
72.41 3231
72.42 3231
72.43 3236
72.44 3237
72.46 3240
72.47 3241
72.48 3241
72.49 3241
72.51 3241
72.52 3242
72.53 3242
72.54 3242
72.55 3242
72.57 3243
72.58 3243
72.59 3243
72.60 3243
72.62 3243
72.63 3244
72.64 3244
72.65 3244
72.67 3244
72.68 3244
72.69 3244
72.70 3245
72.71 3245
72.73 3245
72.74 3245
72.75 3245
72.76 3245
72.78 3245
72.79 3246
72.80 3248
72.81 3248
72.83 3249
72.84 3249
72.85 3249
72.86 3250
72.88 3250
72.89 3252
72.90 3252
72.91 3252
72.92 3252
72.94 3252
72.95 3252
72.96 3252
72.97 3252
72.99 3252
73.00 3252
73.01 3252
73.02 3252
73.04 3252
73.05 3252
73.06 3252
73.07 3252
73.08 3252
73.10 3252
73.11 3252
73.12 3252
73.13 3252
73.15 3253
73.16 3253
73.17 3253
73.18 3254
73.20 3254
73.21 3254
73.22 3254
73.23 3254
73.24 3254
73.26 3254
73.27 3254
73.28 3254
73.29 3254
73.31 3254
73.32 3255
73.33 3257
73.34 3259
73.36 3259
73.37 3259
73.38 3259
73.39 3259
73.40 3259
73.42 3259
73.43 3260
73.44 3263
73.45 3264
73.47 3264
73.48 3264
73.49 3264
73.50 3265
73.52 3265
73.53 3266
73.54 3266
73.55 3266
73.56 3266
73.58 3267
73.59 3269
73.60 3270
73.61 3271
73.63 3274
73.64 3274
73.65 3274
73.66 3274
73.68 3275
73.69 3277
73.70 3280
73.71 3280
73.72 3280
73.74 3280
73.75 3280
73.76 3282
73.77 3283
73.79 3285
73.80 3288
73.81 3289
73.82 3291
73.84 3293
73.85 3295
73.86 3296
73.87 3298
73.88 3300
73.90 3301
73.91 3303
73.92 3304
73.93 3304
73.95 3304
73.96 3304
73.97 3306
73.98 3307
74.00 3308
74.01 3308
74.02 3308
74.03 3308
74.04 3309
74.06 3310
74.07 3311
74.08 3313
74.09 3315
74.11 3317
74.12 3318
74.13 3320
74.14 3322
74.16 3324
74.17 3325
74.18 3326
74.19 3326
74.20 3327
74.22 3329
74.23 3330
74.24 3331
74.25 3331
74.27 3331
74.28 3333
74.29 3333
74.30 3334
74.32 3335
74.33 3336
74.34 3337
74.35 3337
74.37 3337
74.38 3337
74.39 3339
74.40 3340
74.41 3340
74.43 3340
74.44 3340
74.45 3340
74.46 3340
74.48 3340
74.49 3340
74.50 3342
74.51 3344
74.53 3344
74.54 3345
74.55 3345
74.56 3345
74.57 3345
74.59 3346
74.60 3346
74.61 3346
74.62 3348
74.64 3349
74.65 3350
74.66 3350
74.67 3351
74.69 3352
74.70 3352
74.71 3352
74.72 3352
74.73 3353
74.75 3354
74.76 3355
74.77 3356
74.78 3357
74.80 3358
74.81 3360
74.82 3361
74.83 3363
74.85 3363
74.86 3366
74.87 3368
74.88 3370
74.89 3373
74.91 3374
74.92 3375
74.93 3377
74.94 3379
74.96 3379
74.97 3379
74.98 3380
74.99 3380
75.01 3380
75.02 3381
75.03 3384
75.04 3384
75.05 3385
75.07 3387
75.08 3387
75.09 3389
75.10 3391
75.12 3391
75.13 3392
75.14 3394
75.15 3394
75.17 3396
75.18 3397
75.19 3399
75.20 3400
75.21 3401
75.23 3403
75.24 3405
75.25 3405
75.26 3407
75.28 3409
75.29 3411
75.30 3414
75.31 3414
75.33 3416
75.34 3418
75.35 3419
75.36 3421
75.37 3423
75.39 3425
75.40 3426
75.41 3427
75.42 3427
75.44 3427
75.45 3428
75.46 3429
75.47 3429
75.49 3430
75.50 3430
75.51 3431
75.52 3431
75.53 3431
75.55 3431
75.56 3431
75.57 3432
75.58 3432
75.60 3432
75.61 3433
75.62 3435
75.63 3436
75.65 3438
75.66 3438
75.67 3438
75.68 3440
75.69 3440
75.71 3440
75.72 3441
75.73 3441
75.74 3442
75.76 3442
75.77 3442
75.78 3443
75.79 3443
75.81 3444
75.82 3447
75.83 3447
75.84 3448
75.86 3448
75.87 3450
75.88 3452
75.89 3452
75.90 3454
75.92 3456
75.93 3458
75.94 3460
75.95 3461
75.97 3461
75.98 3464
75.99 3466
76.00 3468
76.02 3471
76.03 3473
76.04 3475
76.05 3477
76.06 3480
76.08 3481
76.09 3481
76.10 3484
76.11 3487
76.13 3489
76.14 3490
76.15 3493
76.16 3495
76.18 3496
76.19 3498
76.20 3499
76.21 3502
76.22 3502
76.24 3505
76.25 3508
76.26 3510
76.27 3510
76.29 3511
76.30 3511
76.31 3512
76.32 3515
76.34 3516
76.35 3517
76.36 3519
76.37 3521
76.38 3522
76.40 3524
76.41 3527
76.42 3528
76.43 3528
76.45 3528
76.46 3528
76.47 3529
76.48 3529
76.50 3529
76.51 3529
76.52 3529
76.53 3529
76.54 3529
76.56 3529
76.57 3529
76.58 3529
76.59 3529
76.61 3529
76.62 3530
76.63 3530
76.64 3531
76.66 3531
76.67 3531
76.68 3532
76.69 3532
76.70 3532
76.72 3532
76.73 3532
76.74 3532
76.75 3534
76.77 3534
76.78 3535
76.79 3537
76.80 3537
76.82 3537
76.83 3537
76.84 3537
76.85 3537
76.86 3537
76.88 3537
76.89 3537
76.90 3537
76.91 3537
76.93 3538
76.94 3539
76.95 3539
76.96 3539
76.98 3539
76.99 3539
77.00 3539
77.01 3539
77.02 3540
77.04 3540
77.05 3540
77.06 3540
77.07 3540
77.09 3540
77.10 3540
77.11 3541
77.12 3541
77.14 3542
77.15 3542
77.16 3542
77.17 3542
77.18 3542
77.20 3543
77.21 3543
77.22 3543
77.23 3543
77.25 3543
77.26 3543
77.27 3543
77.28 3543
77.30 3543
77.31 3543
77.32 3543
77.33 3543
77.35 3543
77.36 3543
77.37 3543
77.38 3543
77.39 3543
77.41 3543
77.42 3543
77.43 3543
77.44 3543
77.46 3543
77.47 3543
77.48 3543
77.49 3544
77.51 3544
77.52 3544
77.53 3545
77.54 3545
77.55 3545
77.57 3545
77.58 3545
77.59 3545
77.60 3545
77.62 3545
77.63 3545
77.64 3546
77.65 3546
77.67 3546
77.68 3546
77.69 3546
77.70 3546
77.71 3546
77.73 3546
77.74 3546
77.75 3546
77.76 3546
77.78 3546
77.79 3546
77.80 3546
77.81 3546
77.83 3546
77.84 3546
77.85 3548
77.86 3550
77.87 3550
77.89 3550
77.90 3550
77.91 3550
77.92 3550
77.94 3550
77.95 3550
77.96 3550
77.97 3550
77.99 3551
78.00 3552
78.01 3552
78.02 3553
78.03 3554
78.05 3554
78.06 3554
78.07 3554
78.08 3555
78.10 3555
78.11 3555
78.12 3556
78.13 3556
78.15 3557
78.16 3557
78.17 3557
78.18 3560
78.19 3560
78.21 3560
78.22 3560
78.23 3560
78.24 3560
78.26 3560
78.27 3560
78.28 3560
78.29 3560
78.31 3560
78.32 3561
78.33 3561
78.34 3561
78.35 3562
78.37 3563
78.38 3563
78.39 3563
78.40 3563
78.42 3563
78.43 3563
78.44 3563
78.45 3563
78.47 3563
78.48 3563
78.49 3564
78.50 3565
78.51 3566
78.53 3566
78.54 3566
78.55 3566
78.56 3566
78.58 3567
78.59 3567
78.60 3567
78.61 3567
78.63 3567
78.64 3567
78.65 3567
78.66 3568
78.67 3568
78.69 3568
78.70 3568
78.71 3568
78.72 3568
78.74 3569
78.75 3569
78.76 3570
78.77 3571
78.79 3571
78.80 3571
78.81 3572
78.82 3573
78.84 3573
78.85 3574
78.86 3574
78.87 3574
78.88 3574
78.90 3574
78.91 3574
78.92 3574
78.93 3574
78.95 3575
78.96 3576
78.97 3577
78.98 3579
79.00 3581
79.01 3582
79.02 3582
79.03 3582
79.04 3582
79.06 3583
79.07 3583
79.08 3583
79.09 3583
79.11 3583
79.12 3584
79.13 3584
79.14 3584
79.16 3586
79.17 3586
79.18 3586
79.19 3586
79.20 3586
79.22 3587
79.23 3588
79.24 3591
79.25 3593
79.27 3596
79.28 3597
79.29 3599
79.30 3601
79.32 3604
79.33 3604
79.34 3605
79.35 3608
79.36 3609
79.38 3612
79.39 3613
79.40 3615
79.41 3618
79.43 3619
79.44 3622
79.45 3624
79.46 3626
79.48 3628
79.49 3630
79.50 3632
79.51 3632
79.52 3632
79.54 3634
79.55 3636
79.56 3638
79.57 3638
79.59 3640
79.60 3641
79.61 3643
79.62 3645
79.64 3645
79.65 3647
79.66 3648
79.67 3649
79.68 3650
79.70 3651
79.71 3653
79.72 3654
79.73 3655
79.75 3657
79.76 3658
79.77 3661
79.78 3663
79.80 3665
79.81 3665
79.82 3667
79.83 3668
79.84 3669
79.86 3670
79.87 3672
79.88 3674
79.89 3674
79.91 3676
79.92 3677
79.93 3679
79.94 3680
79.96 3681
79.97 3682
79.98 3683
79.99 3687
80.00 3687
80.02 3687
80.03 3687
80.04 3687
80.05 3689
80.07 3691
80.08 3692
80.09 3694
80.10 3694
80.12 3696
80.13 3696
80.14 3698
80.15 3701
80.17 3702
80.18 3702
80.19 3703
80.20 3703
80.21 3703
80.23 3705
80.24 3707
80.25 3707
80.26 3708
80.28 3708
80.29 3708
80.30 3708
80.31 3708
80.33 3709
80.34 3709
80.35 3709
80.36 3709
80.37 3709
80.39 3709
80.40 3709
80.41 3709
80.42 3709
80.44 3709
80.45 3709
80.46 3710
80.47 3710
80.49 3711
80.50 3711
80.51 3711
80.52 3711
80.53 3711
80.55 3711
80.56 3712
80.57 3712
80.58 3712
80.60 3712
80.61 3712
80.62 3712
80.63 3713
80.65 3713
80.66 3713
80.67 3713
80.68 3713
80.69 3713
80.71 3713
80.72 3713
80.73 3713
80.74 3716
80.76 3717
80.77 3717
80.78 3717
80.79 3717
80.81 3717
80.82 3720
80.83 3720
80.84 3721
80.85 3723
80.87 3723
80.88 3723
80.89 3724
80.90 3724
80.92 3724
80.93 3724
80.94 3725
80.95 3725
80.97 3726
80.98 3726
80.99 3726
81.00 3726
81.01 3726
81.03 3726
81.04 3726
81.05 3726
81.06 3728
81.08 3728
81.09 3728
81.10 3728
81.11 3730
81.13 3730
81.14 3731
81.15 3731
81.16 3733
81.17 3733
81.19 3734
81.20 3734
81.21 3734
81.22 3734
81.24 3734
81.25 3734
81.26 3734
81.27 3734
81.29 3734
81.30 3736
81.31 3738
81.32 3740
81.33 3740
81.35 3740
81.36 3740
81.37 3740
81.38 3740
81.40 3740
81.41 3740
81.42 3740
81.43 3740
81.45 3741
81.46 3741
81.47 3742
81.48 3742
81.49 3742
81.51 3742
81.52 3743
81.53 3745
81.54 3747
81.56 3748
81.57 3748
81.58 3750
81.59 3752
81.61 3754
81.62 3757
81.63 3758
81.64 3760
81.66 3763
81.67 3766
81.68 3768
81.69 3770
81.70 3771
81.72 3773
81.73 3774
81.74 3776
81.75 3778
81.77 3779
81.78 3779
81.79 3780
81.80 3781
81.82 3784
81.83 3785
81.84 3786
81.85 3788
81.86 3789
81.88 3790
81.89 3792
81.90 3793
81.91 3794
81.93 3795
81.94 3796
81.95 3796
81.96 3798
81.98 3799
81.99 3800
82.00 3800
82.01 3800
82.02 3800
82.04 3800
82.05 3802
82.06 3805
82.07 3806
82.09 3807
82.10 3808
82.11 3810
82.12 3810
82.14 3811
82.15 3811
82.16 3811
82.17 3812
82.18 3812
82.20 3812
82.21 3812
82.22 3815
82.23 3816
82.25 3816
82.26 3816
82.27 3816
82.28 3817
82.30 3819
82.31 3819
82.32 3820
82.33 3820
82.34 3820
82.36 3820
82.37 3820
82.38 3820
82.39 3820
82.41 3820
82.42 3820
82.43 3820
82.44 3820
82.46 3820
82.47 3820
82.48 3820
82.49 3820
82.50 3820
82.52 3820
82.53 3820
82.54 3820
82.55 3820
82.57 3820
82.58 3820
82.59 3820
82.60 3820
82.62 3820
82.63 3820
82.64 3820
82.65 3820
82.66 3820
82.68 3820
82.69 3820
82.70 3820
82.71 3820
82.73 3822
82.74 3822
82.75 3822
82.76 3822
82.78 3822
82.79 3822
82.80 3822
82.81 3822
82.82 3822
82.84 3823
82.85 3823
82.86 3823
82.87 3823
82.89 3823
82.90 3823
82.91 3823
82.92 3823
82.94 3825
82.95 3827
82.96 3828
82.97 3828
82.98 3828
83.00 3828
83.01 3828
83.02 3828
83.03 3828
83.05 3828
83.06 3828
83.07 3828
83.08 3828
83.10 3828
83.11 3828
83.12 3829
83.13 3829
83.15 3829
83.16 3829
83.17 3829
83.18 3829
83.19 3829
83.21 3829
83.22 3830
83.23 3830
83.24 3830
83.26 3830
83.27 3830
83.28 3830
83.29 3830
83.31 3830
83.32 3830
83.33 3830
83.34 3831
83.35 3831
83.37 3831
83.38 3831
83.39 3831
83.40 3833
83.42 3834
83.43 3835
83.44 3835
83.45 3835
83.47 3836
83.48 3836
83.49 3836
83.50 3836
83.51 3836
83.53 3838
83.54 3838
83.55 3838
83.56 3839
83.58 3839
83.59 3840
83.60 3840
83.61 3840
83.63 3840
83.64 3840
83.65 3841
83.66 3841
83.67 3841
83.69 3841
83.70 3841
83.71 3841
83.72 3842
83.74 3842
83.75 3842
83.76 3842
83.77 3843
83.79 3843
83.80 3843
83.81 3843
83.82 3843
83.83 3843
83.85 3843
83.86 3843
83.87 3843
83.88 3844
83.90 3846
83.91 3849
83.92 3849
83.93 3849
83.95 3849
83.96 3849
83.97 3849
83.98 3849
83.99 3849
84.01 3849
84.02 3851
84.03 3852
84.04 3852
84.06 3852
84.07 3852
84.08 3852
84.09 3852
84.11 3852
84.12 3853
84.13 3853
84.14 3854
84.15 3855
84.17 3855
84.18 3855
84.19 3855
84.20 3855
84.22 3856
84.23 3856
84.24 3857
84.25 3857
84.27 3858
84.28 3860
84.29 3861
84.30 3864
84.31 3865
84.33 3867
84.34 3868
84.35 3870
84.36 3873
84.38 3875
84.39 3878
84.40 3879
84.41 3882
84.43 3882
84.44 3883
84.45 3883
84.46 3884
84.47 3884
84.49 3884
84.50 3884
84.51 3884
84.52 3885
84.54 3885
84.55 3885
84.56 3885
84.57 3886
84.59 3888
84.60 3889
84.61 3889
84.62 3891
84.64 3893
84.65 3893
84.66 3895
84.67 3898
84.68 3900
84.70 3901
84.71 3903
84.72 3904
84.73 3906
84.75 3907
84.76 3908
84.77 3910
84.78 3911
84.80 3911
84.81 3913
84.82 3916
84.83 3918
84.84 3919
84.86 3920
84.87 3921
84.88 3922
84.89 3923
84.91 3923
84.92 3923
84.93 3923
84.94 3924
84.96 3926
84.97 3926
84.98 3927
84.99 3929
85.00 3930
85.02 3933
85.03 3933
85.04 3934
85.05 3936
85.07 3940
85.08 3942
85.09 3942
85.10 3942
85.12 3943
85.13 3943
85.14 3944
85.15 3944
85.16 3944
85.18 3944
85.19 3944
85.20 3945
85.21 3945
85.23 3945
85.24 3945
85.25 3945
85.26 3945
85.28 3945
85.29 3945
85.30 3945
85.31 3945
85.32 3945
85.34 3945
85.35 3945
85.36 3945
85.37 3945
85.39 3945
85.40 3946
85.41 3947
85.42 3947
85.44 3947
85.45 3947
85.46 3947
85.47 3947
85.48 3948
85.50 3948
85.51 3948
85.52 3948
85.53 3948
85.55 3948
85.56 3948
85.57 3949
85.58 3949
85.60 3949
85.61 3949
85.62 3949
85.63 3949
85.64 3949
85.66 3949
85.67 3949
85.68 3949
85.69 3949
85.71 3949
85.72 3949
85.73 3949
85.74 3949
85.76 3949
85.77 3949
85.78 3949
85.79 3949
85.80 3949
85.82 3949
85.83 3949
85.84 3950
85.85 3950
85.87 3950
85.88 3950
85.89 3950
85.90 3950
85.92 3950
85.93 3950
85.94 3950
85.95 3950
85.96 3950
85.98 3950
85.99 3950
86.00 3950
86.01 3950
86.03 3950
86.04 3950
86.05 3950
86.06 3950
86.08 3950
86.09 3950
86.10 3950
86.11 3950
86.13 3950
86.14 3950
86.15 3950
86.16 3950
86.17 3950
86.19 3951
86.20 3951
86.21 3951
86.22 3951
86.24 3951
86.25 3951
86.26 3951
86.27 3952
86.29 3952
86.30 3954
86.31 3955
86.32 3957
86.33 3957
86.35 3958
86.36 3960
86.37 3963
86.38 3964
86.40 3966
86.41 3969
86.42 3969
86.43 3969
86.45 3969
86.46 3969
86.47 3969
86.48 3969
86.49 3971
86.51 3972
86.52 3974
86.53 3976
86.54 3978
86.56 3979
86.57 3980
86.58 3980
86.59 3980
86.61 3982
86.62 3982
86.63 3983
86.64 3984
86.65 3985
86.67 3985
86.68 3987
86.69 3987
86.70 3987
86.72 3990
86.73 3992
86.74 3992
86.75 3992
86.77 3992
86.78 3992
86.79 3992
86.80 3992
86.81 3993
86.83 3993
86.84 3993
86.85 3993
86.86 3993
86.88 3993
86.89 3993
86.90 3993
86.91 3993
86.93 3993
86.94 3993
86.95 3993
86.96 3994
86.97 3994
86.99 3994
87.00 3994
87.01 3994
87.02 3995
87.04 3995
87.05 3995
87.06 3995
87.07 3995
87.09 3995
87.10 3995
87.11 3995
87.12 3995
87.13 3995
87.15 3996
87.16 3996
87.17 3996
87.18 3996
87.20 3996
87.21 3996
87.22 3997
87.23 3997
87.25 3997
87.26 3997
87.27 3997
87.28 3997
87.29 3997
87.31 3997
87.32 3997
87.33 3997
87.34 3997
87.36 3997
87.37 4000
87.38 4001
87.39 4003
87.41 4004
87.42 4004
87.43 4004
87.44 4004
87.45 4004
87.47 4004
87.48 4004
87.49 4007
87.50 4007
87.52 4007
87.53 4007
87.54 4007
87.55 4007
87.57 4007
87.58 4007
87.59 4007
87.60 4007
87.62 4008
87.63 4008
87.64 4009
87.65 4009
87.66 4009
87.68 4009
87.69 4009
87.70 4010
87.71 4011
87.73 4014
87.74 4017
87.75 4017
87.76 4018
87.78 4018
87.79 4019
87.80 4020
87.81 4023
87.82 4027
87.84 4029
87.85 4030
87.86 4033
87.87 4035
87.89 4037
87.90 4039
87.91 4041
87.92 4043
87.94 4045
87.95 4048
87.96 4049
87.97 4052
87.98 4054
88.00 4056
88.01 4057
88.02 4060
88.03 4061
88.05 4063
88.06 4066
88.07 4067
88.08 4068
88.10 4068
88.11 4069
88.12 4071
88.13 4072
88.14 4072
88.16 4074
88.17 4077
88.18 4079
88.19 4079
88.21 4079
88.22 4080
88.23 4080
88.24 4081
88.26 4083
88.27 4084
88.28 4087
88.29 4088
88.30 4089
88.32 4091
88.33 4091
88.34 4092
88.35 4093
88.37 4095
88.38 4096
88.39 4097
88.40 4099
88.42 4099
88.43 4099
88.44 4099
88.45 4101
88.46 4102
88.48 4103
88.49 4104
88.50 4107
88.51 4107
88.53 4108
88.54 4109
88.55 4112
88.56 4112
88.58 4113
88.59 4113
88.60 4115
88.61 4117
88.62 4117
88.64 4117
88.65 4119
88.66 4120
88.67 4120
88.69 4121
88.70 4123
88.71 4124
88.72 4124
88.74 4124
88.75 4124
88.76 4125
88.77 4125
88.78 4125
88.80 4125
88.81 4126
88.82 4126
88.83 4126
88.85 4126
88.86 4127
88.87 4127
88.88 4128
88.90 4129
88.91 4130
88.92 4130
88.93 4131
88.94 4131
88.96 4131
88.97 4131
88.98 4131
88.99 4131
89.01 4132
89.02 4132
89.03 4132
89.04 4132
89.06 4132
89.07 4132
89.08 4132
89.09 4133
89.11 4134
89.12 4134
89.13 4134
89.14 4134
89.15 4134
89.17 4135
89.18 4135
89.19 4135
89.20 4135
89.22 4135
89.23 4135
89.24 4135
89.25 4135
89.27 4135
89.28 4136
89.29 4136
89.30 4136
89.31 4136
89.33 4136
89.34 4136
89.35 4136
89.36 4136
89.38 4136
89.39 4136
89.40 4136
89.41 4136
89.43 4136
89.44 4136
89.45 4136
89.46 4136
89.47 4136
89.49 4136
89.50 4136
89.51 4137
89.52 4137
89.54 4138
89.55 4138
89.56 4138
89.57 4138
89.59 4138
89.60 4139
89.61 4140
89.62 4141
89.63 4141
89.65 4142
89.66 4143
89.67 4143
89.68 4143
89.70 4143
89.71 4144
89.72 4144
89.73 4144
89.75 4144
89.76 4144
89.77 4144
89.78 4146
89.79 4146
89.81 4146
89.82 4146
89.83 4146
89.84 4146
89.86 4146
89.87 4146
89.88 4146
89.89 4146
89.91 4146
89.92 4147
89.93 4147
89.94 4147
89.95 4147
89.97 4147
89.98 4147
89.99 4147
90.00 4147
90.02 4147
90.03 4147
90.04 4147
90.05 4147
90.07 4148
90.08 4148
90.09 4148
90.10 4148
90.11 4149
90.13 4149
90.14 4151
90.15 4151
90.16 4151
90.18 4151
90.19 4151
90.20 4152
90.21 4152
90.23 4152
90.24 4152
90.25 4152
90.26 4152
90.27 4152
90.29 4152
90.30 4152
90.31 4153
90.32 4153
90.34 4154
90.35 4155
90.36 4155
90.37 4155
90.39 4155
90.40 4155
90.41 4155
90.42 4155
90.43 4155
90.45 4155
90.46 4155
90.47 4155
90.48 4155
90.50 4155
90.51 4157
90.52 4158
90.53 4160
90.55 4161
90.56 4161
90.57 4161
90.58 4161
90.60 4164
90.61 4168
90.62 4171
90.63 4173
90.64 4175
90.66 4179
90.67 4182
90.68 4184
90.69 4185
90.71 4185
90.72 4185
90.73 4185
90.74 4185
90.76 4185
90.77 4185
90.78 4187
90.79 4189
90.80 4190
90.82 4190
90.83 4192
90.84 4194
90.85 4195
90.87 4195
90.88 4196
90.89 4197
90.90 4197
90.92 4198
90.93 4201
90.94 4201
90.95 4201
90.96 4202
90.98 4203
90.99 4205
91.00 4208
91.01 4211
91.03 4212
91.04 4214
91.05 4214
91.06 4214
91.08 4215
91.09 4216
91.10 4219
91.11 4219
91.12 4219
91.14 4219
91.15 4222
91.16 4223
91.17 4225
91.19 4226
91.20 4228
91.21 4229
91.22 4232
91.24 4233
91.25 4234
91.26 4236
91.27 4236
91.28 4236
91.30 4236
91.31 4237
91.32 4238
91.33 4238
91.35 4239
91.36 4240
91.37 4240
91.38 4241
91.40 4242
91.41 4243
91.42 4245
91.43 4246
91.44 4247
91.46 4248
91.47 4250
91.48 4251
91.49 4254
91.51 4255
91.52 4255
91.53 4256
91.54 4256
91.56 4256
91.57 4258
91.58 4258
91.59 4258
91.60 4259
91.62 4260
91.63 4262
91.64 4262
91.65 4263
91.67 4264
91.68 4265
91.69 4265
91.70 4266
91.72 4268
91.73 4269
91.74 4269
91.75 4271
91.76 4272
91.78 4273
91.79 4274
91.80 4274
91.81 4276
91.83 4278
91.84 4280
91.85 4281
91.86 4281
91.88 4282
91.89 4283
91.90 4285
91.91 4287
91.93 4289
91.94 4289
91.95 4289
91.96 4290
91.97 4291
91.99 4292
92.00 4294
92.01 4296
92.02 4297
92.04 4297
92.05 4299
92.06 4301
92.07 4302
92.09 4304
92.10 4304
92.11 4305
92.12 4305
92.13 4305
92.15 4306
92.16 4306
92.17 4307
92.18 4307
92.20 4308
92.21 4310
92.22 4312
92.23 4313
92.25 4314
92.26 4314
92.27 4315
92.28 4316
92.29 4319
92.31 4320
92.32 4321
92.33 4321
92.34 4321
92.36 4323
92.37 4324
92.38 4324
92.39 4325
92.41 4326
92.42 4326
92.43 4326
92.44 4328
92.45 4328
92.47 4330
92.48 4330
92.49 4330
92.50 4330
92.52 4331
92.53 4331
92.54 4331
92.55 4332
92.57 4332
92.58 4332
92.59 4334
92.60 4335
92.61 4335
92.63 4335
92.64 4336
92.65 4337
92.66 4340
92.68 4341
92.69 4342
92.70 4342
92.71 4343
92.73 4343
92.74 4344
92.75 4344
92.76 4344
92.77 4344
92.79 4344
92.80 4345
92.81 4345
92.82 4345
92.84 4345
92.85 4346
92.86 4348
92.87 4350
92.89 4351
92.90 4352
92.91 4353
92.92 4355
92.93 4356
92.95 4358
92.96 4358
92.97 4358
92.98 4360
93.00 4361
93.01 4362
93.02 4364
93.03 4366
93.05 4369
93.06 4369
93.07 4371
93.08 4371
93.09 4372
93.11 4372
93.12 4372
93.13 4372
93.14 4372
93.16 4373
93.17 4373
93.18 4373
93.19 4374
93.21 4374
93.22 4375
93.23 4376
93.24 4378
93.25 4379
93.27 4379
93.28 4379
93.29 4380
93.30 4380
93.32 4380
93.33 4380
93.34 4380
93.35 4381
93.37 4382
93.38 4382
93.39 4382
93.40 4382
93.42 4382
93.43 4382
93.44 4383
93.45 4383
93.46 4383
93.48 4383
93.49 4384
93.50 4384
93.51 4385
93.53 4385
93.54 4385
93.55 4385
93.56 4385
93.58 4385
93.59 4385
93.60 4385
93.61 4386
93.62 4386
93.64 4386
93.65 4386
93.66 4386
93.67 4386
93.69 4386
93.70 4387
93.71 4388
93.72 4388
93.74 4388
93.75 4388
93.76 4388
93.77 4388
93.78 4388
93.80 4389
93.81 4389
93.82 4389
93.83 4389
93.85 4389
93.86 4389
93.87 4389
93.88 4389
93.90 4389
93.91 4389
93.92 4389
93.93 4389
93.94 4389
93.96 4389
93.97 4391
93.98 4392
93.99 4394
94.01 4395
94.02 4398
94.03 4400
94.04 4402
94.06 4402
94.07 4403
94.08 4404
94.09 4404
94.10 4404
94.12 4405
94.13 4405
94.14 4406
94.15 4406
94.17 4406
94.18 4406
94.19 4406
94.20 4406
94.22 4406
94.23 4406
94.24 4407
94.25 4407
94.26 4409
94.28 4409
94.29 4409
94.30 4409
94.31 4410
94.33 4410
94.34 4410
94.35 4410
94.36 4410
94.38 4410
94.39 4410
94.40 4410
94.41 4410
94.42 4410
94.44 4410
94.45 4411
94.46 4411
94.47 4411
94.49 4411
94.50 4411
94.51 4411
94.52 4412
94.54 4412
94.55 4412
94.56 4412
94.57 4412
94.58 4412
94.60 4413
94.61 4413
94.62 4413
94.63 4413
94.65 4414
94.66 4414
94.67 4414
94.68 4414
94.70 4414
94.71 4414
94.72 4414
94.73 4414
94.74 4414
94.76 4414
94.77 4414
94.78 4416
94.79 4417
94.81 4420
94.82 4422
94.83 4422
94.84 4422
94.86 4422
94.87 4422
94.88 4422
94.89 4422
94.91 4422
94.92 4423
94.93 4423
94.94 4423
94.95 4423
94.97 4423
94.98 4423
94.99 4423
95.00 4424
95.02 4426
95.03 4427
95.04 4427
95.05 4427
95.07 4429
95.08 4431
95.09 4433
95.10 4435
95.11 4437
95.13 4440
95.14 4441
95.15 4445
95.16 4447
95.18 4448
95.19 4450
95.20 4452
95.21 4452
95.23 4452
95.24 4452
95.25 4453
95.26 4453
95.27 4455
95.29 4457
95.30 4457
95.31 4460
95.32 4460
95.34 4461
95.35 4462
95.36 4463
95.37 4465
95.39 4466
95.40 4467
95.41 4469
95.42 4470
95.43 4471
95.45 4472
95.46 4472
95.47 4472
95.48 4472
95.50 4472
95.51 4473
95.52 4477
95.53 4479
95.55 4479
95.56 4480
95.57 4481
95.58 4482
95.59 4483
95.61 4484
95.62 4485
95.63 4488
95.64 4489
95.66 4491
95.67 4491
95.68 4493
95.69 4494
95.71 4496
95.72 4497
95.73 4498
95.74 4500
95.75 4502
95.77 4503
95.78 4504
95.79 4506
95.80 4507
95.82 4508
95.83 4508
95.84 4508
95.85 4510
95.87 4512
95.88 4513
95.89 4514
95.90 4514
95.91 4514
95.93 4514
95.94 4514
95.95 4516
95.96 4518
95.98 4520
95.99 4521
96.00 4521
96.01 4523
96.03 4525
96.04 4526
96.05 4527
96.06 4528
96.07 4530
96.09 4532
96.10 4533
96.11 4533
96.12 4533
96.14 4533
96.15 4534
96.16 4536
96.17 4538
96.19 4538
96.20 4538
96.21 4539
96.22 4542
96.23 4544
96.25 4547
96.26 4549
96.27 4550
96.28 4552
96.30 4553
96.31 4556
96.32 4559
96.33 4561
96.35 4562
96.36 4564
96.37 4566
96.38 4568
96.40 4571
96.41 4574
96.42 4576
96.43 4578
96.44 4580
96.46 4580
96.47 4580
96.48 4581
96.49 4582
96.51 4583
96.52 4583
96.53 4583
96.54 4583
96.56 4583
96.57 4583
96.58 4583
96.59 4583
96.60 4583
96.62 4583
96.63 4583
96.64 4583
96.65 4583
96.67 4583
96.68 4584
96.69 4585
96.70 4585
96.72 4585
96.73 4585
96.74 4585
96.75 4585
96.76 4585
96.78 4585
96.79 4585
96.80 4585
96.81 4585
96.83 4585
96.84 4585
96.85 4586
96.86 4586
96.88 4586
96.89 4586
96.90 4586
96.91 4586
96.92 4586
96.94 4586
96.95 4587
96.96 4587
96.97 4587
96.99 4587
97.00 4587
97.01 4587
97.02 4587
97.04 4588
97.05 4588
97.06 4588
97.07 4588
97.08 4588
97.10 4588
97.11 4588
97.12 4588
97.13 4589
97.15 4590
97.16 4590
97.17 4590
97.18 4590
97.20 4590
97.21 4590
97.22 4591
97.23 4591
97.24 4591
97.26 4591
97.27 4591
97.28 4591
97.29 4591
97.31 4592
97.32 4592
97.33 4592
97.34 4592
97.36 4592
97.37 4592
97.38 4592
97.39 4592
97.40 4592
97.42 4592
97.43 4592
97.44 4592
97.45 4592
97.47 4592
97.48 4592
97.49 4592
97.50 4592
97.52 4592
97.53 4592
97.54 4592
97.55 4593
97.56 4595
97.58 4596
97.59 4598
97.60 4599
97.61 4599
97.63 4599
97.64 4599
97.65 4602
97.66 4604
97.68 4604
97.69 4606
97.70 4608
97.71 4608
97.72 4609
97.74 4609
97.75 4609
97.76 4610
97.77 4610
97.79 4610
97.80 4610
97.81 4610
97.82 4610
97.84 4611
97.85 4611
97.86 4611
97.87 4611
97.89 4612
97.90 4612
97.91 4612
97.92 4612
97.93 4613
97.95 4613
97.96 4613
97.97 4613
97.98 4613
98.00 4614
98.01 4614
98.02 4614
98.03 4614
98.05 4614
98.06 4614
98.07 4614
98.08 4614
98.09 4614
98.11 4614
98.12 4614
98.13 4614
98.14 4614
98.16 4614
98.17 4614
98.18 4614
98.19 4614
98.21 4615
98.22 4615
98.23 4615
98.24 4615
98.25 4616
98.27 4616
98.28 4616
98.29 4616
98.30 4616
98.32 4616
98.33 4616
98.34 4616
98.35 4616
98.37 4616
98.38 4616
98.39 4617
98.40 4617
98.41 4617
98.43 4617
98.44 4617
98.45 4617
98.46 4617
98.48 4617
98.49 4617
98.50 4617
98.51 4617
98.53 4617
98.54 4617
98.55 4618
98.56 4618
98.57 4618
98.59 4618
98.60 4618
98.61 4619
98.62 4619
98.64 4620
98.65 4620
98.66 4621
98.67 4622
98.69 4624
98.70 4625
98.71 4627
98.72 4627
98.73 4627
98.75 4628
98.76 4628
98.77 4628
98.78 4628
98.80 4628
98.81 4628
98.82 4628
98.83 4628
98.85 4628
98.86 4628
98.87 4630
98.88 4631
98.89 4632
98.91 4632
98.92 4632
98.93 4632
98.94 4632
98.96 4633
98.97 4633
98.98 4633
98.99 4633
99.01 4636
99.02 4639
99.03 4642
99.04 4645
99.05 4648
99.07 4652
99.08 4654
99.09 4656
99.10 4660
99.12 4663
99.13 4666
99.14 4669
99.15 4671
99.17 4674
99.18 4677
99.19 4680
99.20 4683
99.21 4687
99.23 4688
99.24 4690
99.25 4693
99.26 4696
99.28 4697
99.29 4697
99.30 4697
99.31 4697
99.33 4700
99.34 4703
99.35 4705
99.36 4707
99.38 4708
99.39 4710
99.40 4711
99.41 4712
99.42 4714
99.44 4715
99.45 4716
99.46 4718
99.47 4719
99.49 4720
99.50 4721
99.51 4722
99.52 4723
99.54 4725
99.55 4726
99.56 4727
99.57 4728
99.58 4730
99.60 4731
99.61 4732
99.62 4732
99.63 4734
99.65 4735
99.66 4736
99.67 4737
99.68 4738
99.70 4739
99.71 4740
99.72 4740
99.73 4744
99.74 4745
99.76 4745
99.77 4747
99.78 4748
99.79 4749
99.81 4750
99.82 4752
99.83 4754
99.84 4755
99.86 4756
99.87 4758
99.88 4759
99.89 4760
99.90 4761
99.92 4763
99.93 4764
99.94 4765
99.95 4766
99.97 4768
99.98 4769
99.99 4769
