{
  "resource_guard": {
    "cgroup": {
      "inode": 221209,
      "joined_before_exec": true,
      "memory_and_swap_verified_before_child_exec": true,
      "memory_max_bytes": 9899999232,
      "memory_max_rounding_bytes": 0,
      "memory_peak_reset": true,
      "memory_swap_max_bytes": 0,
      "path": "/sys/fs/cgroup/user.slice/user-1000.slice/user@1000.service/app.slice/gamma-fx2-transformer-fixture50051-q0-v2",
      "previous_memory_max": "9899999232",
      "previous_memory_swap_max": "0",
      "requested_memory_max_bytes": 9899999232,
      "requested_memory_swap_max_bytes": 0
    },
    "cgroup_events": {
      "baseline": {
        "high": 0,
        "low": 0,
        "max": 0,
        "oom": 0,
        "oom_group_kill": 0,
        "oom_kill": 0,
        "sock_throttled": 0
      },
      "delta": {
        "high": 0,
        "low": 0,
        "max": 0,
        "oom": 0,
        "oom_group_kill": 0,
        "oom_kill": 0,
        "sock_throttled": 0
      },
      "final": {
        "high": 0,
        "low": 0,
        "max": 0,
        "oom": 0,
        "oom_group_kill": 0,
        "oom_kill": 0,
        "sock_throttled": 0
      }
    },
    "command": [
      "/usr/bin/taskset",
      "-c",
      "2",
      "/usr/bin/timeout",
      "--kill-after=5",
      "1100",
      "/usr/bin/python3",
      "/home/x/deco/gamma/projects/enwiki9/tools/fx2_cmix_transformer_gcc_fixture50051_q0_v2.py",
      "--stage"
    ],
    "command_sha256": "5dbf16621b3d2885dbb7e7211a7d7889675ac961991f40294cc9c28c05244be3",
    "elapsed_s": 9.59,
    "guards": {
      "cgroup_memory_guard_exceeded": false,
      "logical_cpu_guard_exceeded": false,
      "measurement_incomplete": false,
      "official_decimal_memory_exceeded": false,
      "phase_marker_invalid": false,
      "rss_guard_exceeded": false,
      "temporary_disk_guard_exceeded": false,
      "wall_time_guard_exceeded": false
    },
    "label": "fx2_cmix_transformer_gcc_fixture50051_q0_v2",
    "latest_sample": {
      "allowed_cpu_union": [],
      "cgroup_current_bytes": 7450624,
      "elapsed_s": 9.5879,
      "max_single_rss_kib": 0,
      "persistent_status_misses": [],
      "processes": [],
      "scratch_allocated_bytes": 6737920,
      "scratch_file_count": 166,
      "scratch_logical_bytes": 6250863,
      "scratch_race_count": 0,
      "tree_live_threads": 0,
      "tree_rss_kib": 0,
      "tree_runnable_threads": 0
    },
    "limit_kib": 9667968,
    "limit_mode": "tree",
    "max_logical_cpus": 1,
    "measurements": {
      "affinity_complete": true,
      "cgroup_v2_complete": true,
      "per_process_vmhwm_sampled": true,
      "phase_markers_complete": true,
      "process_tree_rss_complete": true,
      "scratch_logical_and_allocated_complete": true,
      "smaps_rollup_complete": true
    },
    "objective": {
      "corpusBytes": 1000000000,
      "corpusSha256": "159b85351e5f76e60cbe32e04c677847a9ecba3adc79addab6f4c6c7aa3744bc",
      "objectiveDigest": "sha256:ce4c435c0f398caf65a09050c8518d9c5ea63239f9156048ea2aaaf9b8ffa7e8",
      "objectiveId": "gamma-enwiki9-hutter-105m-v1",
      "objectivePath": "contracts/research/v1/objective-contract.json",
      "targetScoreBytes": 105000000
    },
    "official_decimal_limit_kib": 9667968,
    "peak_process_vmhwm": {
      "comm": "cc1plus",
      "observed_elapsed_s": 7.576,
      "pid": 3279204,
      "start_ticks": 172276105,
      "vmhwm_kib": 379452
    },
    "peak_sample": {
      "allowed_cpu_union": [
        2
      ],
      "cgroup_current_bytes": 379138048,
      "elapsed_s": 7.576,
      "max_single_rss_kib": 379452,
      "persistent_status_misses": [],
      "processes": [
        {
          "allowed_cpus": [
            2
          ],
          "comm": "timeout",
          "live_threads": 1,
          "pid": 3278014,
          "rss_kib": 7880,
          "runnable_threads": 0,
          "start_ticks": 172275517,
          "vmhwm_kib": 7880
        },
        {
          "allowed_cpus": [
            2
          ],
          "comm": "python3",
          "live_threads": 1,
          "pid": 3278021,
          "rss_kib": 22496,
          "runnable_threads": 0,
          "start_ticks": 172275519,
          "vmhwm_kib": 22496
        },
        {
          "allowed_cpus": [
            2
          ],
          "comm": "timeout",
          "live_threads": 1,
          "pid": 3278028,
          "rss_kib": 7620,
          "runnable_threads": 0,
          "start_ticks": 172275523,
          "vmhwm_kib": 7620
        },
        {
          "allowed_cpus": [
            2
          ],
          "comm": "make",
          "live_threads": 1,
          "pid": 3278029,
          "rss_kib": 2504,
          "runnable_threads": 0,
          "start_ticks": 172275524,
          "vmhwm_kib": 2504
        },
        {
          "allowed_cpus": [
            2
          ],
          "comm": "g++",
          "live_threads": 1,
          "pid": 3278032,
          "rss_kib": 3064,
          "runnable_threads": 0,
          "start_ticks": 172275524,
          "vmhwm_kib": 3064
        },
        {
          "allowed_cpus": [
            2
          ],
          "comm": "cc1plus",
          "live_threads": 1,
          "pid": 3279204,
          "rss_kib": 379452,
          "runnable_threads": 1,
          "start_ticks": 172276105,
          "vmhwm_kib": 379452
        }
      ],
      "scratch_allocated_bytes": 6397952,
      "scratch_file_count": 162,
      "scratch_logical_bytes": 5923174,
      "scratch_race_count": 0,
      "tree_live_threads": 6,
      "tree_rss_kib": 423016,
      "tree_runnable_threads": 1
    },
    "peak_tree_sample": {
      "allowed_cpu_union": [
        2
      ],
      "cgroup_current_bytes": 379138048,
      "elapsed_s": 7.576,
      "max_single_rss_kib": 379452,
      "persistent_status_misses": [],
      "processes": [
        {
          "allowed_cpus": [
            2
          ],
          "comm": "timeout",
          "live_threads": 1,
          "pid": 3278014,
          "rss_kib": 7880,
          "runnable_threads": 0,
          "start_ticks": 172275517,
          "vmhwm_kib": 7880
        },
        {
          "allowed_cpus": [
            2
          ],
          "comm": "python3",
          "live_threads": 1,
          "pid": 3278021,
          "rss_kib": 22496,
          "runnable_threads": 0,
          "start_ticks": 172275519,
          "vmhwm_kib": 22496
        },
        {
          "allowed_cpus": [
            2
          ],
          "comm": "timeout",
          "live_threads": 1,
          "pid": 3278028,
          "rss_kib": 7620,
          "runnable_threads": 0,
          "start_ticks": 172275523,
          "vmhwm_kib": 7620
        },
        {
          "allowed_cpus": [
            2
          ],
          "comm": "make",
          "live_threads": 1,
          "pid": 3278029,
          "rss_kib": 2504,
          "runnable_threads": 0,
          "start_ticks": 172275524,
          "vmhwm_kib": 2504
        },
        {
          "allowed_cpus": [
            2
          ],
          "comm": "g++",
          "live_threads": 1,
          "pid": 3278032,
          "rss_kib": 3064,
          "runnable_threads": 0,
          "start_ticks": 172275524,
          "vmhwm_kib": 3064
        },
        {
          "allowed_cpus": [
            2
          ],
          "comm": "cc1plus",
          "live_threads": 1,
          "pid": 3279204,
          "rss_kib": 379452,
          "runnable_threads": 1,
          "start_ticks": 172276105,
          "vmhwm_kib": 379452
        }
      ],
      "scratch_allocated_bytes": 6397952,
      "scratch_file_count": 162,
      "scratch_logical_bytes": 5923174,
      "scratch_race_count": 0,
      "tree_live_threads": 6,
      "tree_rss_kib": 423016,
      "tree_runnable_threads": 1
    },
    "peaks": {
      "cgroup_memory_peak_bytes": 380710912,
      "max_observed_process_vmhwm_kib": 379452,
      "max_sampled_allowed_cpu_count": 1,
      "max_sampled_cgroup_current_bytes": 379138048,
      "max_sampled_scratch_allocated_bytes": 6737920,
      "max_sampled_scratch_logical_bytes": 6250863,
      "max_sampled_single_rss_kib": 379452,
      "max_sampled_tree_live_threads": 6,
      "max_sampled_tree_rss_kib": 423016,
      "max_sampled_tree_runnable_threads": 1
    },
    "phase": "identity",
    "phase_marker_path": "/home/x/deco/gamma/projects/enwiki9/results/fx2_cmix_transformer_gcc_fixture50051_q0_v2/phases.jsonl",
    "phase_markers": [
      {
        "detail": null,
        "event": "start",
        "observed_elapsed_s": 0.5247,
        "phase": "compile",
        "source_line": 1
      },
      {
        "detail": null,
        "event": "end",
        "observed_elapsed_s": 9.5879,
        "phase": "compile",
        "source_line": 2
      }
    ],
    "returncode": 1,
    "sample_count": 20,
    "sample_interval_seconds": 0.5,
    "schema": "gamma.enwiki9.resource-guard-receipt.v3",
    "scratch_paths": [
      "/home/x/deco/gamma/projects/enwiki9/results/fx2_cmix_transformer_gcc_fixture50051_q0_v2"
    ],
    "smaps_rollup_checkpoints": [
      {
        "elapsed_s": 0.0229,
        "processes": [
          {
            "pid": 3278014,
            "rollup_kib": {
              "AnonHugePages": 0,
              "Anonymous": 1240,
              "FilePmdMapped": 0,
              "KSM": 0,
              "LazyFree": 0,
              "Locked": 0,
              "Private_Clean": 232,
              "Private_Dirty": 1240,
              "Private_Hugetlb": 0,
              "Pss": 2873,
              "Pss_Anon": 1240,
              "Pss_Dirty": 1240,
              "Pss_File": 1633,
              "Pss_Shmem": 0,
              "Referenced": 7880,
              "Rss": 7880,
              "Shared_Clean": 6408,
              "Shared_Dirty": 0,
              "Shared_Hugetlb": 0,
              "ShmemPmdMapped": 0,
              "Swap": 0,
              "SwapPss": 0
            },
            "start_ticks": 172275517
          },
          {
            "pid": 3278021,
            "rollup_kib": {
              "AnonHugePages": 0,
              "Anonymous": 3232,
              "FilePmdMapped": 0,
              "KSM": 0,
              "LazyFree": 0,
              "Locked": 0,
              "Private_Clean": 16,
              "Private_Dirty": 3232,
              "Private_Hugetlb": 0,
              "Pss": 3806,
              "Pss_Anon": 3232,
              "Pss_Dirty": 3232,
              "Pss_File": 574,
              "Pss_Shmem": 0,
              "Referenced": 9920,
              "Rss": 9920,
              "Shared_Clean": 6672,
              "Shared_Dirty": 0,
              "Shared_Hugetlb": 0,
              "ShmemPmdMapped": 0,
              "Swap": 0,
              "SwapPss": 0
            },
            "start_ticks": 172275519
          }
        ],
        "reason": "initial+rss_growth",
        "tree_rss_kib": 17800
      },
      {
        "elapsed_s": 0.5247,
        "processes": [
          {
            "pid": 3278014,
            "rollup_kib": {
              "AnonHugePages": 0,
              "Anonymous": 1240,
              "FilePmdMapped": 0,
              "KSM": 0,
              "LazyFree": 0,
              "Locked": 0,
              "Private_Clean": 160,
              "Private_Dirty": 1240,
              "Private_Hugetlb": 0,
              "Pss": 2817,
              "Pss_Anon": 1240,
              "Pss_Dirty": 1240,
              "Pss_File": 1577,
              "Pss_Shmem": 0,
              "Referenced": 7880,
              "Rss": 7880,
              "Shared_Clean": 6480,
              "Shared_Dirty": 0,
              "Shared_Hugetlb": 0,
              "ShmemPmdMapped": 0,
              "Swap": 0,
              "SwapPss": 0
            },
            "start_ticks": 172275517
          },
          {
            "pid": 3278021,
            "rollup_kib": {
              "AnonHugePages": 0,
              "Anonymous": 10500,
              "FilePmdMapped": 0,
              "KSM": 0,
              "LazyFree": 0,
              "Locked": 0,
              "Private_Clean": 0,
              "Private_Dirty": 10500,
              "Private_Hugetlb": 0,
              "Pss": 11391,
              "Pss_Anon": 10500,
              "Pss_Dirty": 10500,
              "Pss_File": 891,
              "Pss_Shmem": 0,
              "Referenced": 22496,
              "Rss": 22496,
              "Shared_Clean": 11996,
              "Shared_Dirty": 0,
              "Shared_Hugetlb": 0,
              "ShmemPmdMapped": 0,
              "Swap": 0,
              "SwapPss": 0
            },
            "start_ticks": 172275519
          },
          {
            "pid": 3278028,
            "rollup_kib": {
              "AnonHugePages": 0,
              "Anonymous": 1244,
              "FilePmdMapped": 0,
              "KSM": 0,
              "LazyFree": 0,
              "Locked": 0,
              "Private_Clean": 200,
              "Private_Dirty": 1244,
              "Private_Hugetlb": 0,
              "Pss": 2732,
              "Pss_Anon": 1244,
              "Pss_Dirty": 1244,
              "Pss_File": 1488,
              "Pss_Shmem": 0,
              "Referenced": 7620,
              "Rss": 7620,
              "Shared_Clean": 6176,
              "Shared_Dirty": 0,
              "Shared_Hugetlb": 0,
              "ShmemPmdMapped": 0,
              "Swap": 0,
              "SwapPss": 0
            },
            "start_ticks": 172275523
          },
          {
            "pid": 3278029,
            "rollup_kib": {
              "AnonHugePages": 0,
              "Anonymous": 380,
              "FilePmdMapped": 0,
              "KSM": 0,
              "LazyFree": 0,
              "Locked": 0,
              "Private_Clean": 276,
              "Private_Dirty": 380,
              "Private_Hugetlb": 0,
              "Pss": 676,
              "Pss_Anon": 380,
              "Pss_Dirty": 380,
              "Pss_File": 296,
              "Pss_Shmem": 0,
              "Referenced": 2504,
              "Rss": 2504,
              "Shared_Clean": 1848,
              "Shared_Dirty": 0,
              "Shared_Hugetlb": 0,
              "ShmemPmdMapped": 0,
              "Swap": 0,
              "SwapPss": 0
            },
            "start_ticks": 172275524
          },
          {
            "pid": 3278032,
            "rollup_kib": {
              "AnonHugePages": 0,
              "Anonymous": 280,
              "FilePmdMapped": 0,
              "KSM": 0,
              "LazyFree": 0,
              "Locked": 0,
              "Private_Clean": 1004,
              "Private_Dirty": 280,
              "Private_Hugetlb": 0,
              "Pss": 1305,
              "Pss_Anon": 280,
              "Pss_Dirty": 280,
              "Pss_File": 1025,
              "Pss_Shmem": 0,
              "Referenced": 3012,
              "Rss": 3012,
              "Shared_Clean": 1728,
              "Shared_Dirty": 0,
              "Shared_Hugetlb": 0,
              "ShmemPmdMapped": 0,
              "Swap": 0,
              "SwapPss": 0
            },
            "start_ticks": 172275524
          },
          {
            "pid": 3278113,
            "rollup_kib": {
              "AnonHugePages": 0,
              "Anonymous": 43496,
              "FilePmdMapped": 0,
              "KSM": 0,
              "LazyFree": 0,
              "Locked": 0,
              "Private_Clean": 12236,
              "Private_Dirty": 43496,
              "Private_Hugetlb": 0,
              "Pss": 56020,
              "Pss_Anon": 43496,
              "Pss_Dirty": 43496,
              "Pss_File": 12524,
              "Pss_Shmem": 0,
              "Referenced": 58736,
              "Rss": 58736,
              "Shared_Clean": 3004,
              "Shared_Dirty": 0,
              "Shared_Hugetlb": 0,
              "ShmemPmdMapped": 0,
              "Swap": 0,
              "SwapPss": 0
            },
            "start_ticks": 172275564
          }
        ],
        "reason": "phase_marker",
        "tree_rss_kib": 102248
      },
      {
        "elapsed_s": 7.0586,
        "processes": [
          {
            "pid": 3278014,
            "rollup_kib": {
              "AnonHugePages": 0,
              "Anonymous": 1240,
              "FilePmdMapped": 0,
              "KSM": 0,
              "LazyFree": 0,
              "Locked": 0,
              "Private_Clean": 160,
              "Private_Dirty": 1240,
              "Private_Hugetlb": 0,
              "Pss": 2817,
              "Pss_Anon": 1240,
              "Pss_Dirty": 1240,
              "Pss_File": 1577,
              "Pss_Shmem": 0,
              "Referenced": 7880,
              "Rss": 7880,
              "Shared_Clean": 6480,
              "Shared_Dirty": 0,
              "Shared_Hugetlb": 0,
              "ShmemPmdMapped": 0,
              "Swap": 0,
              "SwapPss": 0
            },
            "start_ticks": 172275517
          },
          {
            "pid": 3278021,
            "rollup_kib": {
              "AnonHugePages": 0,
              "Anonymous": 10500,
              "FilePmdMapped": 0,
              "KSM": 0,
              "LazyFree": 0,
              "Locked": 0,
              "Private_Clean": 0,
              "Private_Dirty": 10500,
              "Private_Hugetlb": 0,
              "Pss": 11391,
              "Pss_Anon": 10500,
              "Pss_Dirty": 10500,
              "Pss_File": 891,
              "Pss_Shmem": 0,
              "Referenced": 22496,
              "Rss": 22496,
              "Shared_Clean": 11996,
              "Shared_Dirty": 0,
              "Shared_Hugetlb": 0,
              "ShmemPmdMapped": 0,
              "Swap": 0,
              "SwapPss": 0
            },
            "start_ticks": 172275519
          },
          {
            "pid": 3278028,
            "rollup_kib": {
              "AnonHugePages": 0,
              "Anonymous": 1244,
              "FilePmdMapped": 0,
              "KSM": 0,
              "LazyFree": 0,
              "Locked": 0,
              "Private_Clean": 184,
              "Private_Dirty": 1244,
              "Private_Hugetlb": 0,
              "Pss": 2715,
              "Pss_Anon": 1244,
              "Pss_Dirty": 1244,
              "Pss_File": 1471,
              "Pss_Shmem": 0,
              "Referenced": 7620,
              "Rss": 7620,
              "Shared_Clean": 6192,
              "Shared_Dirty": 0,
              "Shared_Hugetlb": 0,
              "ShmemPmdMapped": 0,
              "Swap": 0,
              "SwapPss": 0
            },
            "start_ticks": 172275523
          },
          {
            "pid": 3278029,
            "rollup_kib": {
              "AnonHugePages": 0,
              "Anonymous": 380,
              "FilePmdMapped": 0,
              "KSM": 0,
              "LazyFree": 0,
              "Locked": 0,
              "Private_Clean": 276,
              "Private_Dirty": 380,
              "Private_Hugetlb": 0,
              "Pss": 675,
              "Pss_Anon": 380,
              "Pss_Dirty": 380,
              "Pss_File": 295,
              "Pss_Shmem": 0,
              "Referenced": 2504,
              "Rss": 2504,
              "Shared_Clean": 1848,
              "Shared_Dirty": 0,
              "Shared_Hugetlb": 0,
              "ShmemPmdMapped": 0,
              "Swap": 0,
              "SwapPss": 0
            },
            "start_ticks": 172275524
          },
          {
            "pid": 3278032,
            "rollup_kib": {
              "AnonHugePages": 0,
              "Anonymous": 332,
              "FilePmdMapped": 0,
              "KSM": 0,
              "LazyFree": 0,
              "Locked": 0,
              "Private_Clean": 1004,
              "Private_Dirty": 332,
              "Private_Hugetlb": 0,
              "Pss": 1357,
              "Pss_Anon": 332,
              "Pss_Dirty": 332,
              "Pss_File": 1025,
              "Pss_Shmem": 0,
              "Referenced": 3064,
              "Rss": 3064,
              "Shared_Clean": 1728,
              "Shared_Dirty": 0,
              "Shared_Hugetlb": 0,
              "ShmemPmdMapped": 0,
              "Swap": 0,
              "SwapPss": 0
            },
            "start_ticks": 172275524
          },
          {
            "pid": 3279204,
            "rollup_kib": {
              "AnonHugePages": 0,
              "Anonymous": 318388,
              "FilePmdMapped": 0,
              "KSM": 0,
              "LazyFree": 0,
              "Locked": 0,
              "Private_Clean": 27604,
              "Private_Dirty": 318388,
              "Private_Hugetlb": 0,
              "Pss": 346308,
              "Pss_Anon": 318388,
              "Pss_Dirty": 318388,
              "Pss_File": 27920,
              "Pss_Shmem": 0,
              "Referenced": 348976,
              "Rss": 348976,
              "Shared_Clean": 2984,
              "Shared_Dirty": 0,
              "Shared_Hugetlb": 0,
              "ShmemPmdMapped": 0,
              "Swap": 0,
              "SwapPss": 0
            },
            "start_ticks": 172276105
          }
        ],
        "reason": "rss_growth",
        "tree_rss_kib": 392540
      },
      {
        "elapsed_s": 9.5879,
        "processes": [],
        "reason": "phase_marker+terminal",
        "tree_rss_kib": 0
      }
    ],
    "status": "complete",
    "temporary_disk_limit_bytes": 16000000000,
    "wall_time_limit_seconds": null
  }
}
