{
  "arm": "E-B",
  "clean_codec_environment": {
    "CMIX_PPM_RSS_MB": "8192",
    "GAMMA_RESOURCE_PHASE_MARKERS": "/home/x/deco/gamma/projects/enwiki9/results/cmix_obias_source_ppm_rss_env8192_zombiefix_q0_v1/e_b/phase-markers.jsonl",
    "KH_BITLSTM32": "/home/x/deco/gamma/projects/enwiki9/scratch/cmix_obias_source_ppm_rss_env8192_zombiefix_q0_v1/e_b/head.blob",
    "PATH": "/usr/bin:/bin"
  },
  "exact_decode_filename": null,
  "execution": {
    "argv": [
      "/home/x/deco/gamma/projects/enwiki9/scratch/cmix_obias_source_ppm_rss_env8192_zombiefix_q0_v1/e_b/cmix",
      "-e",
      "/home/x/deco/gamma/projects/enwiki9/scratch/cmix_obias_source_ppm_rss_env8192_zombiefix_q0_v1/population.bin",
      "out.cmix"
    ],
    "elapsed_seconds": 180.371468,
    "final_process_accounting_complete": false,
    "identity_errors": [],
    "measurement_complete": true,
    "measurement_errors": [],
    "measurement_scope": "Identity-stable per-process sampled counters only. Unique-tree IO totals are unavailable because parent IO can include waited-for children. Fault totals are sampled and not exhaustive child coverage or final lifetime totals.",
    "ppm_residency": {
      "claim_boundary": "Observed mapping-RSS drops and regrowth plus process-tree faults and IO quantify purge/refault effects; they are not a direct madvise call count.",
      "event_threshold_kib": 32768,
      "events": [],
      "events_truncated": false,
      "maximum_dirty_kib": 14668,
      "maximum_referenced_kib": 15516,
      "maximum_rss_kib": 15516,
      "minimum_rss_kib": 8,
      "observation_count": 33,
      "observed_drop_count": 0,
      "observed_refault_growth_count": 0
    },
    "previously_sampled_terminal_io_unavailable": [
      {
        "after": {
          "major_faults": 2946,
          "minor_faults": 287601,
          "ok": true,
          "pid": 3432032,
          "start_ticks": 165453003,
          "state": "Z"
        },
        "before": {
          "major_faults": 2946,
          "minor_faults": 287601,
          "ok": true,
          "pid": 3432032,
          "start_ticks": 165453003,
          "state": "Z"
        },
        "classification": "sampled_terminal_io_unavailable",
        "io": {
          "errno": 13,
          "error": "PermissionError",
          "ok": false
        },
        "pid": 3432032,
        "prior_successful_identity_sample": true
      }
    ],
    "process_tree_totals": {
      "major_faults": 8876,
      "minor_faults": 756793,
      "read_bytes": null,
      "write_bytes": null
    },
    "processes": [
      {
        "major_faults": 2946,
        "minor_faults": 287597,
        "pid": 3432032,
        "read_bytes": 0,
        "start_ticks": 165453003,
        "write_bytes": 85172224
      },
      {
        "major_faults": 0,
        "minor_faults": 71,
        "pid": 3432036,
        "read_bytes": 0,
        "start_ticks": 165453005,
        "write_bytes": 0
      },
      {
        "major_faults": 3957,
        "minor_faults": 223477,
        "pid": 3432037,
        "read_bytes": 0,
        "start_ticks": 165453005,
        "write_bytes": 34754560
      },
      {
        "major_faults": 0,
        "minor_faults": 70,
        "pid": 3450751,
        "read_bytes": 0,
        "start_ticks": 165460742,
        "write_bytes": 0
      },
      {
        "major_faults": 1973,
        "minor_faults": 245578,
        "pid": 3450752,
        "read_bytes": 0,
        "start_ticks": 165460742,
        "write_bytes": 15949824
      }
    ],
    "proven_exit_races": [],
    "raw_io_sum_authority": "None: per-process IO may include waited-for children, so this sum can overlap and is not unique-tree IO or a physical-IO bound.",
    "raw_sum_of_sampled_process_io_counters": {
      "read_bytes": 0,
      "write_bytes": 135876608
    },
    "returncode": 0,
    "sample_count": 666,
    "stderr": {
      "bytes": 696052,
      "path": "/home/x/deco/gamma/projects/enwiki9/results/cmix_obias_source_ppm_rss_env8192_zombiefix_q0_v1/e_b/codec.stderr",
      "sha256": "87f185691b8626de85d844d861e2a8611398b80b3000f6a044d5a960f0d90085"
    },
    "stdout": {
      "bytes": 192,
      "path": "/home/x/deco/gamma/projects/enwiki9/results/cmix_obias_source_ppm_rss_env8192_zombiefix_q0_v1/e_b/codec.stdout",
      "sha256": "1edbd1d78c2fc58b91ce6800377175d3c0a89343066feb56daa692d62e691873"
    }
  },
  "execution_artifact": {
    "bytes": 3694,
    "path": "/home/x/deco/gamma/projects/enwiki9/results/cmix_obias_source_ppm_rss_env8192_zombiefix_q0_v1/e_b/execution.json",
    "sha256": "ae965c30108342f6c95cf27e476e2f5e7864939d245f94c5e8ccd8f507e49288"
  },
  "inputs": {
    "head": {
      "bytes": 23002,
      "path": "/home/x/deco/gamma/projects/enwiki9/results/cmix_obias_source_1m_roundtrip_qm3_v1/head.blob",
      "sha256": "35cd24fed87c3409994abf5573b5697be19ea03b5ece0928b69b1cdc4f3b6078"
    },
    "package": {
      "bytes": 468481,
      "path": "/home/x/deco/gamma/projects/enwiki9/results/cmix_obias_source_1m_roundtrip_qm3_v1/cmix",
      "sha256": "4ba53d3652c4e6de4126b4c03006e45a5f7e0511abd5d9661bf8132236ef1d2a"
    },
    "population": {
      "bytes": 1000000,
      "path": "/home/x/deco/gamma/projects/enwiki9/scratch/cmix_obias_source_ppm_rss_env8192_zombiefix_q0_v1/population.bin",
      "sha256": "369b688978f649681136198fb96db14c1616756260c55fb4b65e9bc049552cad"
    }
  },
  "mode": "encode",
  "outputs": {
    "archive": {
      "bytes": 464298,
      "path": "/home/x/deco/gamma/projects/enwiki9/results/cmix_obias_source_ppm_rss_env8192_zombiefix_q0_v1/e_b/archive9",
      "sha256": "9065eaf54f81e441598fd53c39f909db49d6a9627ae0456eabb8c77099b8ccc4"
    },
    "payload": {
      "bytes": 172605,
      "path": "/home/x/deco/gamma/projects/enwiki9/results/cmix_obias_source_ppm_rss_env8192_zombiefix_q0_v1/e_b/out.cmix",
      "sha256": "a723ca62ae2237354888dc23c3e2bb08eb166276719a011eb95bf52774d70db7"
    }
  },
  "phase_marker_path": "/home/x/deco/gamma/projects/enwiki9/results/cmix_obias_source_ppm_rss_env8192_zombiefix_q0_v1/e_b/phase-markers.jsonl",
  "ppm_rss_environment": {
    "CMIX_PPM_RSS_MB": "8192"
  },
  "schema": "gamma.enwiki9.cmix-obias-source-ppm-rss-env8192-opening1m-stage.zombiefix-q0-v1",
  "scope_bytes": 1000000,
  "stage_pass": true
}
{
  "resource_guard": {
    "cgroup": {
      "inode": 213701,
      "joined_before_exec": true,
      "memory_and_swap_verified_before_child_exec": true,
      "memory_max_bytes": 9999998976,
      "memory_max_rounding_bytes": 1024,
      "memory_peak_reset": true,
      "memory_swap_max_bytes": 0,
      "path": "/sys/fs/cgroup/user.slice/user-1000.slice/user@1000.service/app.slice/gamma-cmix-obias-env8192-opening1m-zombiefix-q0-v1-e_b",
      "previous_memory_max": "max",
      "previous_memory_swap_max": "max",
      "requested_memory_max_bytes": 10000000000,
      "requested_memory_swap_max_bytes": 0
    },
    "cgroup_events": {
      "baseline": {
        "high": 0,
        "low": 0,
        "max": 0,
        "oom": 0,
        "oom_group_kill": 0,
        "oom_kill": 0,
        "sock_throttled": 0
      },
      "delta": {
        "high": 0,
        "low": 0,
        "max": 0,
        "oom": 0,
        "oom_group_kill": 0,
        "oom_kill": 0,
        "sock_throttled": 0
      },
      "final": {
        "high": 0,
        "low": 0,
        "max": 0,
        "oom": 0,
        "oom_group_kill": 0,
        "oom_kill": 0,
        "sock_throttled": 0
      }
    },
    "command": [
      "/usr/bin/python3",
      "/home/x/deco/gamma/projects/enwiki9/tools/cmix_obias_source_ppm_rss_env8192_zombiefix_q0_v1_stage.py",
      "--mode",
      "encode",
      "--arm",
      "E-B",
      "--work-root",
      "/home/x/deco/gamma/projects/enwiki9/scratch/cmix_obias_source_ppm_rss_env8192_zombiefix_q0_v1/e_b",
      "--result-root",
      "/home/x/deco/gamma/projects/enwiki9/results/cmix_obias_source_ppm_rss_env8192_zombiefix_q0_v1/e_b",
      "--receipt",
      "/home/x/deco/gamma/projects/enwiki9/results/cmix_obias_source_ppm_rss_env8192_zombiefix_q0_v1/e_b/stage.json",
      "--ppm-rss-mb",
      "8192",
      "--input",
      "/home/x/deco/gamma/projects/enwiki9/scratch/cmix_obias_source_ppm_rss_env8192_zombiefix_q0_v1/population.bin",
      "--package",
      "/home/x/deco/gamma/projects/enwiki9/results/cmix_obias_source_1m_roundtrip_qm3_v1/cmix",
      "--head",
      "/home/x/deco/gamma/projects/enwiki9/results/cmix_obias_source_1m_roundtrip_qm3_v1/head.blob"
    ],
    "command_sha256": "6fd1a0363034c2882ea6c00c000cc3245ccbb5f1474edc0456b357f3653e00b1",
    "elapsed_s": 180.8967,
    "guards": {
      "cgroup_memory_guard_exceeded": false,
      "logical_cpu_guard_exceeded": false,
      "measurement_incomplete": false,
      "official_decimal_memory_exceeded": false,
      "phase_marker_invalid": false,
      "rss_guard_exceeded": false,
      "temporary_disk_guard_exceeded": false,
      "wall_time_guard_exceeded": false
    },
    "label": "cmix_obias_source_ppm_rss_env8192_zombiefix_q0_v1-e_b",
    "latest_sample": {
      "allowed_cpu_union": [],
      "cgroup_current_bytes": 11202560,
      "elapsed_s": 180.895,
      "max_single_rss_kib": 0,
      "persistent_status_misses": [],
      "processes": [],
      "scratch_allocated_bytes": 33202176,
      "scratch_file_count": 101,
      "scratch_logical_bytes": 32947607,
      "scratch_race_count": 0,
      "tree_live_threads": 0,
      "tree_rss_kib": 0,
      "tree_runnable_threads": 0
    },
    "limit_kib": 9765625,
    "limit_mode": "tree",
    "max_logical_cpus": 1,
    "measurements": {
      "affinity_complete": true,
      "cgroup_v2_complete": true,
      "per_process_vmhwm_sampled": true,
      "phase_markers_complete": true,
      "process_tree_rss_complete": true,
      "scratch_logical_and_allocated_complete": true,
      "smaps_rollup_complete": true
    },
    "objective": {
      "corpusBytes": 1000000000,
      "corpusSha256": "159b85351e5f76e60cbe32e04c677847a9ecba3adc79addab6f4c6c7aa3744bc",
      "objectiveDigest": "sha256:ce4c435c0f398caf65a09050c8518d9c5ea63239f9156048ea2aaaf9b8ffa7e8",
      "objectiveId": "gamma-enwiki9-hutter-105m-v1",
      "objectivePath": "contracts/research/v1/objective-contract.json",
      "targetScoreBytes": 105000000
    },
    "official_decimal_limit_kib": 9765625,
    "peak_process_vmhwm": {
      "comm": "cmix",
      "observed_elapsed_s": 179.892,
      "pid": 3432032,
      "start_ticks": 165453003,
      "vmhwm_kib": 8352016
    },
    "peak_sample": {
      "allowed_cpu_union": [
        2
      ],
      "cgroup_current_bytes": 8586964992,
      "elapsed_s": 179.892,
      "max_single_rss_kib": 8352016,
      "persistent_status_misses": [],
      "processes": [
        {
          "allowed_cpus": [
            2
          ],
          "comm": "python3",
          "live_threads": 1,
          "pid": 3432015,
          "rss_kib": 23636,
          "runnable_threads": 0,
          "start_ticks": 165452996,
          "vmhwm_kib": 23636
        },
        {
          "allowed_cpus": [
            2
          ],
          "comm": "cmix",
          "live_threads": 1,
          "pid": 3432032,
          "rss_kib": 8352016,
          "runnable_threads": 1,
          "start_ticks": 165453003,
          "vmhwm_kib": 8352016
        }
      ],
      "scratch_allocated_bytes": 43241472,
      "scratch_file_count": 93,
      "scratch_logical_bytes": 14711074953,
      "scratch_race_count": 0,
      "tree_live_threads": 2,
      "tree_rss_kib": 8375652,
      "tree_runnable_threads": 1
    },
    "peak_tree_sample": {
      "allowed_cpu_union": [
        2
      ],
      "cgroup_current_bytes": 8586964992,
      "elapsed_s": 179.892,
      "max_single_rss_kib": 8352016,
      "persistent_status_misses": [],
      "processes": [
        {
          "allowed_cpus": [
            2
          ],
          "comm": "python3",
          "live_threads": 1,
          "pid": 3432015,
          "rss_kib": 23636,
          "runnable_threads": 0,
          "start_ticks": 165452996,
          "vmhwm_kib": 23636
        },
        {
          "allowed_cpus": [
            2
          ],
          "comm": "cmix",
          "live_threads": 1,
          "pid": 3432032,
          "rss_kib": 8352016,
          "runnable_threads": 1,
          "start_ticks": 165453003,
          "vmhwm_kib": 8352016
        }
      ],
      "scratch_allocated_bytes": 43241472,
      "scratch_file_count": 93,
      "scratch_logical_bytes": 14711074953,
      "scratch_race_count": 0,
      "tree_live_threads": 2,
      "tree_rss_kib": 8375652,
      "tree_runnable_threads": 1
    },
    "peaks": {
      "cgroup_memory_peak_bytes": 8587227136,
      "max_observed_process_vmhwm_kib": 8352016,
      "max_sampled_allowed_cpu_count": 1,
      "max_sampled_cgroup_current_bytes": 8586964992,
      "max_sampled_scratch_allocated_bytes": 43241472,
      "max_sampled_scratch_logical_bytes": 14711074953,
      "max_sampled_single_rss_kib": 8352016,
      "max_sampled_tree_live_threads": 4,
      "max_sampled_tree_rss_kib": 8375652,
      "max_sampled_tree_runnable_threads": 2
    },
    "phase": "identity",
    "phase_marker_path": "/home/x/deco/gamma/projects/enwiki9/results/cmix_obias_source_ppm_rss_env8192_zombiefix_q0_v1/e_b/phase-markers.jsonl",
    "phase_markers": [
      {
        "detail": null,
        "event": "start",
        "observed_elapsed_s": 0.5253,
        "phase": "opening1m_e_b",
        "source_line": 1
      },
      {
        "detail": null,
        "event": "end",
        "observed_elapsed_s": 180.895,
        "phase": "opening1m_e_b",
        "source_line": 2
      }
    ],
    "returncode": 0,
    "sample_count": 361,
    "sample_interval_seconds": 0.5,
    "schema": "gamma.enwiki9.resource-guard-receipt.v3",
    "scratch_paths": [
      "/home/x/deco/gamma/projects/enwiki9/scratch/cmix_obias_source_ppm_rss_env8192_zombiefix_q0_v1",
      "/home/x/deco/gamma/projects/enwiki9/results/cmix_obias_source_ppm_rss_env8192_zombiefix_q0_v1"
    ],
    "smaps_rollup_checkpoints": [
      {
        "elapsed_s": 0.0242,
        "processes": [
          {
            "pid": 3432015,
            "rollup_kib": {
              "AnonHugePages": 0,
              "Anonymous": 1864,
              "FilePmdMapped": 0,
              "KSM": 0,
              "LazyFree": 0,
              "Locked": 0,
              "Private_Clean": 40,
              "Private_Dirty": 1864,
              "Private_Hugetlb": 0,
              "Pss": 2401,
              "Pss_Anon": 1864,
              "Pss_Dirty": 1864,
              "Pss_File": 537,
              "Pss_Shmem": 0,
              "Referenced": 7368,
              "Rss": 7368,
              "Shared_Clean": 5464,
              "Shared_Dirty": 0,
              "Shared_Hugetlb": 0,
              "ShmemPmdMapped": 0,
              "Swap": 0,
              "SwapPss": 0
            },
            "start_ticks": 165452996
          }
        ],
        "reason": "initial+rss_growth",
        "tree_rss_kib": 7368
      },
      {
        "elapsed_s": 0.5253,
        "processes": [
          {
            "pid": 3432015,
            "rollup_kib": {
              "AnonHugePages": 0,
              "Anonymous": 11036,
              "FilePmdMapped": 0,
              "KSM": 0,
              "LazyFree": 0,
              "Locked": 0,
              "Private_Clean": 0,
              "Private_Dirty": 11036,
              "Private_Hugetlb": 0,
              "Pss": 12056,
              "Pss_Anon": 11036,
              "Pss_Dirty": 11036,
              "Pss_File": 1020,
              "Pss_Shmem": 0,
              "Referenced": 22908,
              "Rss": 22908,
              "Shared_Clean": 11872,
              "Shared_Dirty": 0,
              "Shared_Hugetlb": 0,
              "ShmemPmdMapped": 0,
              "Swap": 0,
              "SwapPss": 0
            },
            "start_ticks": 165452996
          },
          {
            "pid": 3432032,
            "rollup_kib": {
              "AnonHugePages": 0,
              "Anonymous": 1928,
              "FilePmdMapped": 0,
              "KSM": 0,
              "LazyFree": 0,
              "Locked": 0,
              "Private_Clean": 0,
              "Private_Dirty": 2008,
              "Private_Hugetlb": 0,
              "Pss": 2203,
              "Pss_Anon": 1928,
              "Pss_Dirty": 2008,
              "Pss_File": 195,
              "Pss_Shmem": 80,
              "Referenced": 5964,
              "Rss": 5964,
              "Shared_Clean": 3956,
              "Shared_Dirty": 0,
              "Shared_Hugetlb": 0,
              "ShmemPmdMapped": 0,
              "Swap": 0,
              "SwapPss": 0
            },
            "start_ticks": 165453003
          },
          {
            "pid": 3432036,
            "rollup_kib": {
              "AnonHugePages": 0,
              "Anonymous": 108,
              "FilePmdMapped": 0,
              "KSM": 0,
              "LazyFree": 0,
              "Locked": 0,
              "Private_Clean": 0,
              "Private_Dirty": 108,
              "Private_Hugetlb": 0,
              "Pss": 167,
              "Pss_Anon": 108,
              "Pss_Dirty": 108,
              "Pss_File": 59,
              "Pss_Shmem": 0,
              "Referenced": 1944,
              "Rss": 1944,
              "Shared_Clean": 1836,
              "Shared_Dirty": 0,
              "Shared_Hugetlb": 0,
              "ShmemPmdMapped": 0,
              "Swap": 0,
              "SwapPss": 0
            },
            "start_ticks": 165453005
          },
          {
            "pid": 3432037,
            "rollup_kib": {
              "AnonHugePages": 5722112,
              "Anonymous": 6482880,
              "FilePmdMapped": 0,
              "KSM": 0,
              "LazyFree": 0,
              "Locked": 0,
              "Private_Clean": 0,
              "Private_Dirty": 6483256,
              "Private_Hugetlb": 0,
              "Pss": 6483478,
              "Pss_Anon": 6482880,
              "Pss_Dirty": 6483256,
              "Pss_File": 238,
              "Pss_Shmem": 360,
              "Referenced": 6487488,
              "Rss": 6487488,
              "Shared_Clean": 4232,
              "Shared_Dirty": 0,
              "Shared_Hugetlb": 0,
              "ShmemPmdMapped": 0,
              "Swap": 0,
              "SwapPss": 0
            },
            "start_ticks": 165453005
          }
        ],
        "reason": "phase_marker+rss_growth",
        "tree_rss_kib": 6518204
      },
      {
        "elapsed_s": 1.0517,
        "processes": [
          {
            "pid": 3432015,
            "rollup_kib": {
              "AnonHugePages": 0,
              "Anonymous": 11044,
              "FilePmdMapped": 0,
              "KSM": 0,
              "LazyFree": 0,
              "Locked": 0,
              "Private_Clean": 0,
              "Private_Dirty": 11044,
              "Private_Hugetlb": 0,
              "Pss": 12064,
              "Pss_Anon": 11044,
              "Pss_Dirty": 11044,
              "Pss_File": 1020,
              "Pss_Shmem": 0,
              "Referenced": 22916,
              "Rss": 22916,
              "Shared_Clean": 11872,
              "Shared_Dirty": 0,
              "Shared_Hugetlb": 0,
              "ShmemPmdMapped": 0,
              "Swap": 0,
              "SwapPss": 0
            },
            "start_ticks": 165452996
          },
          {
            "pid": 3432032,
            "rollup_kib": {
              "AnonHugePages": 0,
              "Anonymous": 1928,
              "FilePmdMapped": 0,
              "KSM": 0,
              "LazyFree": 0,
              "Locked": 0,
              "Private_Clean": 0,
              "Private_Dirty": 2008,
              "Private_Hugetlb": 0,
              "Pss": 2203,
              "Pss_Anon": 1928,
              "Pss_Dirty": 2008,
              "Pss_File": 195,
              "Pss_Shmem": 80,
              "Referenced": 5964,
              "Rss": 5964,
              "Shared_Clean": 3956,
              "Shared_Dirty": 0,
              "Shared_Hugetlb": 0,
              "ShmemPmdMapped": 0,
              "Swap": 0,
              "SwapPss": 0
            },
            "start_ticks": 165453003
          },
          {
            "pid": 3432036,
            "rollup_kib": {
              "AnonHugePages": 0,
              "Anonymous": 108,
              "FilePmdMapped": 0,
              "KSM": 0,
              "LazyFree": 0,
              "Locked": 0,
              "Private_Clean": 0,
              "Private_Dirty": 108,
              "Private_Hugetlb": 0,
              "Pss": 167,
              "Pss_Anon": 108,
              "Pss_Dirty": 108,
              "Pss_File": 59,
              "Pss_Shmem": 0,
              "Referenced": 1944,
              "Rss": 1944,
              "Shared_Clean": 1836,
              "Shared_Dirty": 0,
              "Shared_Hugetlb": 0,
              "ShmemPmdMapped": 0,
              "Swap": 0,
              "SwapPss": 0
            },
            "start_ticks": 165453005
          },
          {
            "pid": 3432037,
            "rollup_kib": {
              "AnonHugePages": 6346752,
              "Anonymous": 7116792,
              "FilePmdMapped": 0,
              "KSM": 0,
              "LazyFree": 0,
              "Locked": 0,
              "Private_Clean": 0,
              "Private_Dirty": 7117264,
              "Private_Hugetlb": 0,
              "Pss": 7117485,
              "Pss_Anon": 7116792,
              "Pss_Dirty": 7117264,
              "Pss_File": 333,
              "Pss_Shmem": 360,
              "Referenced": 7121496,
              "Rss": 7121496,
              "Shared_Clean": 4232,
              "Shared_Dirty": 0,
              "Shared_Hugetlb": 0,
              "ShmemPmdMapped": 0,
              "Swap": 0,
              "SwapPss": 0
            },
            "start_ticks": 165453005
          }
        ],
        "reason": "rss_growth",
        "tree_rss_kib": 7146156
      },
      {
        "elapsed_s": 78.408,
        "processes": [
          {
            "pid": 3432015,
            "rollup_kib": {
              "AnonHugePages": 0,
              "Anonymous": 11764,
              "FilePmdMapped": 0,
              "KSM": 0,
              "LazyFree": 0,
              "Locked": 0,
              "Private_Clean": 0,
              "Private_Dirty": 11764,
              "Private_Hugetlb": 0,
              "Pss": 12823,
              "Pss_Anon": 11764,
              "Pss_Dirty": 11764,
              "Pss_File": 1059,
              "Pss_Shmem": 0,
              "Referenced": 23636,
              "Rss": 23636,
              "Shared_Clean": 11872,
              "Shared_Dirty": 0,
              "Shared_Hugetlb": 0,
              "ShmemPmdMapped": 0,
              "Swap": 0,
              "SwapPss": 0
            },
            "start_ticks": 165452996
          },
          {
            "pid": 3432032,
            "rollup_kib": {
              "AnonHugePages": 0,
              "Anonymous": 1928,
              "FilePmdMapped": 0,
              "KSM": 0,
              "LazyFree": 0,
              "Locked": 0,
              "Private_Clean": 0,
              "Private_Dirty": 2008,
              "Private_Hugetlb": 0,
              "Pss": 2291,
              "Pss_Anon": 1928,
              "Pss_Dirty": 2008,
              "Pss_File": 283,
              "Pss_Shmem": 80,
              "Referenced": 5964,
              "Rss": 5964,
              "Shared_Clean": 3956,
              "Shared_Dirty": 0,
              "Shared_Hugetlb": 0,
              "ShmemPmdMapped": 0,
              "Swap": 0,
              "SwapPss": 0
            },
            "start_ticks": 165453003
          },
          {
            "pid": 3450751,
            "rollup_kib": {
              "AnonHugePages": 0,
              "Anonymous": 108,
              "FilePmdMapped": 0,
              "KSM": 0,
              "LazyFree": 0,
              "Locked": 0,
              "Private_Clean": 120,
              "Private_Dirty": 108,
              "Private_Hugetlb": 0,
              "Pss": 250,
              "Pss_Anon": 108,
              "Pss_Dirty": 108,
              "Pss_File": 142,
              "Pss_Shmem": 0,
              "Referenced": 1944,
              "Rss": 1944,
              "Shared_Clean": 1716,
              "Shared_Dirty": 0,
              "Shared_Hugetlb": 0,
              "ShmemPmdMapped": 0,
              "Swap": 0,
              "SwapPss": 0
            },
            "start_ticks": 165460742
          },
          {
            "pid": 3450752,
            "rollup_kib": {
              "AnonHugePages": 7006208,
              "Anonymous": 7805712,
              "FilePmdMapped": 0,
              "KSM": 0,
              "LazyFree": 0,
              "Locked": 0,
              "Private_Clean": 0,
              "Private_Dirty": 7806192,
              "Private_Hugetlb": 0,
              "Pss": 7806511,
              "Pss_Anon": 7805712,
              "Pss_Dirty": 7806192,
              "Pss_File": 439,
              "Pss_Shmem": 360,
              "Referenced": 7810424,
              "Rss": 7810424,
              "Shared_Clean": 4232,
              "Shared_Dirty": 0,
              "Shared_Hugetlb": 0,
              "ShmemPmdMapped": 0,
              "Swap": 0,
              "SwapPss": 0
            },
            "start_ticks": 165460742
          }
        ],
        "reason": "rss_growth",
        "tree_rss_kib": 7841844
      },
      {
        "elapsed_s": 123.123,
        "processes": [
          {
            "pid": 3432015,
            "rollup_kib": {
              "AnonHugePages": 0,
              "Anonymous": 11764,
              "FilePmdMapped": 0,
              "KSM": 0,
              "LazyFree": 0,
              "Locked": 0,
              "Private_Clean": 0,
              "Private_Dirty": 11764,
              "Private_Hugetlb": 0,
              "Pss": 12824,
              "Pss_Anon": 11764,
              "Pss_Dirty": 11764,
              "Pss_File": 1060,
              "Pss_Shmem": 0,
              "Referenced": 23636,
              "Rss": 23636,
              "Shared_Clean": 11872,
              "Shared_Dirty": 0,
              "Shared_Hugetlb": 0,
              "ShmemPmdMapped": 0,
              "Swap": 0,
              "SwapPss": 0
            },
            "start_ticks": 165452996
          },
          {
            "pid": 3432032,
            "rollup_kib": {
              "AnonHugePages": 7235584,
              "Anonymous": 8121484,
              "FilePmdMapped": 0,
              "KSM": 0,
              "LazyFree": 0,
              "Locked": 0,
              "Private_Clean": 8,
              "Private_Dirty": 8121968,
              "Private_Hugetlb": 0,
              "Pss": 8122336,
              "Pss_Anon": 8121484,
              "Pss_Dirty": 8121968,
              "Pss_File": 492,
              "Pss_Shmem": 360,
              "Referenced": 8126180,
              "Rss": 8126180,
              "Shared_Clean": 4204,
              "Shared_Dirty": 0,
              "Shared_Hugetlb": 0,
              "ShmemPmdMapped": 0,
              "Swap": 0,
              "SwapPss": 0
            },
            "start_ticks": 165453003
          }
        ],
        "reason": "rss_growth",
        "tree_rss_kib": 8149764
      },
      {
        "elapsed_s": 180.895,
        "processes": [],
        "reason": "phase_marker+terminal",
        "tree_rss_kib": 0
      }
    ],
    "status": "complete",
    "temporary_disk_limit_bytes": 100000000000,
    "wall_time_limit_seconds": null
  }
}
