In file included from src/contexts/bracket-context.h:6,
                 from src/contexts/bracket-context.cpp:1:
src/contexts/../ds/emhash_map.hpp: In instantiation of 'void emhash6::HashMap<KeyT, ValueT, HashT, EqT>::clear() [with KeyT = unsigned char; ValueT = unsigned char; HashT = std::hash<unsigned char>; EqT = std::equal_to<unsigned char>]':
src/contexts/../ds/emhash_map.hpp:529:17:   required from 'emhash6::HashMap<KeyT, ValueT, HashT, EqT>& emhash6::HashMap<KeyT, ValueT, HashT, EqT>::operator=(emhash6::HashMap<KeyT, ValueT, HashT, EqT>&&) [with KeyT = unsigned char; ValueT = unsigned char; HashT = std::hash<unsigned char>; EqT = std::equal_to<unsigned char>]'
  529 |             rhs.clear();
      |             ~~~~^~~~~
src/contexts/bracket-context.cpp:6:58:   required from here
    6 |   brackets_ = {{'(',')'}, {'P','R'}, {'[',']'}, {'L','N'}};
      |                                                          ^
src/contexts/../ds/emhash_map.hpp:1185:19: warning: 'void* memset(void*, int, size_t)' writing to an object of type 'emhash6::HashMap<unsigned char, unsigned char>::PairT' {aka 'struct emhash6::entry<unsigned char, unsigned char>'} with no trivial copy-assignment [-Wclass-memaccess]
 1185 |             memset(_pairs, -1, sizeof(_pairs[0]) * (_mask + 1));
      |             ~~~~~~^~~~~~~~~~~~~~~~~~~~~~~~~~~~~~~~~~~~~~~~~~~~~
src/contexts/../ds/emhash_map.hpp:160:8: note: 'emhash6::HashMap<unsigned char, unsigned char>::PairT' {aka 'struct emhash6::entry<unsigned char, unsigned char>'} declared here
  160 | struct entry {
      |        ^~~~~
src/contexts/../ds/emhash_map.hpp: In instantiation of 'void emhash6::HashMap<KeyT, ValueT, HashT, EqT>::rehash(uint64_t) [with KeyT = unsigned char; ValueT = unsigned char; HashT = std::hash<unsigned char>; EqT = std::equal_to<unsigned char>; uint64_t = long unsigned int]':
src/contexts/../ds/emhash_map.hpp:449:9:   required from 'void emhash6::HashMap<KeyT, ValueT, HashT, EqT>::init(emhash6::size_type, float) [with KeyT = unsigned char; ValueT = unsigned char; HashT = std::hash<unsigned char>; EqT = std::equal_to<unsigned char>; emhash6::size_type = unsigned int]'
  449 |         rehash(bucket);
      |         ^~~~~~
src/contexts/../ds/emhash_map.hpp:454:9:   required from 'emhash6::HashMap<KeyT, ValueT, HashT, EqT>::HashMap(emhash6::size_type, float) [with KeyT = unsigned char; ValueT = unsigned char; HashT = std::hash<unsigned char>; EqT = std::equal_to<unsigned char>; emhash6::size_type = unsigned int]'
  454 |         init(bucket, lf);
      |         ^~~~
src/contexts/bracket-context.cpp:5:62:   required from here
    5 |     distance_limit_(distance_limit), stack_limit_(stack_limit) {
      |                                                              ^
src/contexts/../ds/emhash_map.hpp:1271:15: warning: 'void* memset(void*, int, size_t)' writing to an object of type 'emhash6::HashMap<unsigned char, unsigned char>::PairT' {aka 'struct emhash6::entry<unsigned char, unsigned char>'} with no trivial copy-assignment [-Wclass-memaccess]
 1271 |         memset(_pairs, -1, sizeof(_pairs[0]) * num_buckets);
      |         ~~~~~~^~~~~~~~~~~~~~~~~~~~~~~~~~~~~~~~~~~~~~~~~~~~~
src/contexts/../ds/emhash_map.hpp:160:8: note: 'emhash6::HashMap<unsigned char, unsigned char>::PairT' {aka 'struct emhash6::entry<unsigned char, unsigned char>'} declared here
  160 | struct entry {
      |        ^~~~~
In file included from src/models/bracket.h:6,
                 from src/models/bracket.cpp:1:
src/models/../ds/emhash_map.hpp: In instantiation of 'void emhash6::HashMap<KeyT, ValueT, HashT, EqT>::clear() [with KeyT = unsigned char; ValueT = unsigned char; HashT = std::hash<unsigned char>; EqT = std::equal_to<unsigned char>]':
src/models/../ds/emhash_map.hpp:529:17:   required from 'emhash6::HashMap<KeyT, ValueT, HashT, EqT>& emhash6::HashMap<KeyT, ValueT, HashT, EqT>::operator=(emhash6::HashMap<KeyT, ValueT, HashT, EqT>&&) [with KeyT = unsigned char; ValueT = unsigned char; HashT = std::hash<unsigned char>; EqT = std::equal_to<unsigned char>]'
  529 |             rhs.clear();
      |             ~~~~^~~~~
src/models/bracket.cpp:10:16:   required from here
   10 |       {'"','"'}};
      |                ^
src/models/../ds/emhash_map.hpp:1185:19: warning: 'void* memset(void*, int, size_t)' writing to an object of type 'emhash6::HashMap<unsigned char, unsigned char>::PairT' {aka 'struct emhash6::entry<unsigned char, unsigned char>'} with no trivial copy-assignment [-Wclass-memaccess]
 1185 |             memset(_pairs, -1, sizeof(_pairs[0]) * (_mask + 1));
      |             ~~~~~~^~~~~~~~~~~~~~~~~~~~~~~~~~~~~~~~~~~~~~~~~~~~~
src/models/../ds/emhash_map.hpp:160:8: note: 'emhash6::HashMap<unsigned char, unsigned char>::PairT' {aka 'struct emhash6::entry<unsigned char, unsigned char>'} declared here
  160 | struct entry {
      |        ^~~~~
src/models/../ds/emhash_map.hpp: In instantiation of 'void emhash6::HashMap<KeyT, ValueT, HashT, EqT>::rehash(uint64_t) [with KeyT = unsigned char; ValueT = unsigned char; HashT = std::hash<unsigned char>; EqT = std::equal_to<unsigned char>; uint64_t = long unsigned int]':
src/models/../ds/emhash_map.hpp:449:9:   required from 'void emhash6::HashMap<KeyT, ValueT, HashT, EqT>::init(emhash6::size_type, float) [with KeyT = unsigned char; ValueT = unsigned char; HashT = std::hash<unsigned char>; EqT = std::equal_to<unsigned char>; emhash6::size_type = unsigned int]'
  449 |         rehash(bucket);
      |         ^~~~~~
src/models/../ds/emhash_map.hpp:454:9:   required from 'emhash6::HashMap<KeyT, ValueT, HashT, EqT>::HashMap(emhash6::size_type, float) [with KeyT = unsigned char; ValueT = unsigned char; HashT = std::hash<unsigned char>; EqT = std::equal_to<unsigned char>; emhash6::size_type = unsigned int]'
  454 |         init(bucket, lf);
      |         ^~~~
src/models/bracket.cpp:8:32:   required from here
    8 |     (distance_limit_, {1, 256})) {
      |                                ^
src/models/../ds/emhash_map.hpp:1271:15: warning: 'void* memset(void*, int, size_t)' writing to an object of type 'emhash6::HashMap<unsigned char, unsigned char>::PairT' {aka 'struct emhash6::entry<unsigned char, unsigned char>'} with no trivial copy-assignment [-Wclass-memaccess]
 1271 |         memset(_pairs, -1, sizeof(_pairs[0]) * num_buckets);
      |         ~~~~~~^~~~~~~~~~~~~~~~~~~~~~~~~~~~~~~~~~~~~~~~~~~~~
src/models/../ds/emhash_map.hpp:160:8: note: 'emhash6::HashMap<unsigned char, unsigned char>::PairT' {aka 'struct emhash6::entry<unsigned char, unsigned char>'} declared here
  160 | struct entry {
      |        ^~~~~
src/models/fxcmv1.cpp: In member function 'void fxcmv1::ContextMap::sets()':
src/models/fxcmv1.cpp:997:7: warning: unused variable 'i' [-Wunused-variable]
  997 |   int i=cn++;
      |       ^
src/models/fxcmv1.cpp: In member function 'void fxcmv1::ContextMap1::sets()':
src/models/fxcmv1.cpp:1204:7: warning: unused variable 'i' [-Wunused-variable]
 1204 |   int i=cn++;
      |       ^
src/models/fxcmv1.cpp: In member function 'void fxcmv1::ContextMap2::sets()':
src/models/fxcmv1.cpp:1438:7: warning: unused variable 'i' [-Wunused-variable]
 1438 |   int i=cn++;
      |       ^
src/models/fxcmv1.cpp: In function 'void fxcmv1::setbufstem(char)':
src/models/fxcmv1.cpp:3672:15: warning: 'void* memset(void*, int, size_t)' clearing an object of non-trivial type 'class fxcmv1::Word'; use assignment or value-initialization instead [-Wclass-memaccess]
 3672 |         memset(cWord, 0, sizeof(Word));
      |         ~~~~~~^~~~~~~~~~~~~~~~~~~~~~~~
src/models/fxcmv1.cpp:2232:7: note: 'class fxcmv1::Word' declared here
 2232 | class Word {
      |       ^~~~
src/models/fxcmv1.cpp:3668:14: warning: unused variable 'res' [-Wunused-variable]
 3668 |         bool res=StemmerEN.Stem(cWord);
      |              ^~~
src/models/fxcmv1.cpp: In function 'int fxcmv1::modelPrediction(int, int, int)':
src/models/fxcmv1.cpp:3963:16: warning: variable 'pChar' set but not used [-Wunused-but-set-variable]
 3963 |             U8 pChar=(worcxt.sBytes()>>8)&0xff;
      |                ^~~~~
src/models/fxcmv1.cpp:4356:33: warning: suggest parentheses around arithmetic in operand of '|' [-Wparentheses]
 4356 |                 cmC[0].set(word0+( ( fccontext) << 8)  | ((BrFcIdx ) << 16));// or not add!
      |                            ~~~~~^~~~~~~~~~~~~~~~~~~~~
src/models/ppmd.cpp: In member function 'PPMD::ppmd_Model::STATE& PPMD::ppmd_Model::PPM_CONTEXT::oneState() const':
src/models/ppmd.cpp:471:45: warning: dereferencing type-punned pointer will break strict-aliasing rules [-Wstrict-aliasing]
  471 |   STATE& oneState() const { return (STATE&) SummFreq; }
      |                                             ^~~~~~~~
src/models/ppmd.cpp: In instantiation of 'void PPMD::ppmd_Model::processSymbol2(PPM_CONTEXT&, int) [with int ProcMode = 0]':
src/models/ppmd.cpp:1342:22:   required from here
 1342 |     processSymbol2<0>( MinContext[0], c );
      |     ~~~~~~~~~~~~~~~~~^~~~~~~~~~~~~~~~~~~~
src/models/ppmd.cpp:1088:7: warning: variable 'freq' set but not used [-Wunused-but-set-variable]
 1088 |   int freq;
      |       ^~~~
src/models/ppmd.cpp: In member function 'PPMD::ppmd_Model::PPM_CONTEXT* PPMD::ppmd_Model::UpdateModel(PPM_CONTEXT*)':
src/models/ppmd.cpp:808:37: warning: 'pc' may be used uninitialized [-Wmaybe-uninitialized]
  808 |   if( pText>=UnitsStart ) { saved_pc=pc; return 0; };
      |                             ~~~~~~~~^~~
src/models/ppmd.cpp:771:16: note: 'pc' was declared here
  771 |   PPM_CONTEXT* pc;
      |                ^~
src/mixer/mixer.cpp: In member function 'float Mixer::Mix()':
src/mixer/mixer.cpp:46:21: warning: comparison of integer expressions of different signedness: 'int' and 'std::size_t' {aka 'long unsigned int'} [-Wsign-compare]
   46 |   for (int i = 0; i < inputs_.size(); ++i) {
      |                   ~~^~~~~~~~~~~~~~~~
In file included from src/mixer/mixer.h:6,
                 from src/mixer/mixer.cpp:1:
src/mixer/../ds/emhash_map.hpp: In instantiation of 'void emhash6::HashMap<KeyT, ValueT, HashT, EqT>::rehash(uint64_t) [with KeyT = unsigned int; ValueT = ContextData; HashT = std::hash<unsigned int>; EqT = std::equal_to<unsigned int>; uint64_t = long unsigned int]':
src/mixer/../ds/emhash_map.hpp:449:9:   required from 'void emhash6::HashMap<KeyT, ValueT, HashT, EqT>::init(emhash6::size_type, float) [with KeyT = unsigned int; ValueT = ContextData; HashT = std::hash<unsigned int>; EqT = std::equal_to<unsigned int>; emhash6::size_type = unsigned int]'
  449 |         rehash(bucket);
      |         ^~~~~~
src/mixer/../ds/emhash_map.hpp:454:9:   required from 'emhash6::HashMap<KeyT, ValueT, HashT, EqT>::HashMap(emhash6::size_type, float) [with KeyT = unsigned int; ValueT = ContextData; HashT = std::hash<unsigned int>; EqT = std::equal_to<unsigned int>; emhash6::size_type = unsigned int]'
  454 |         init(bucket, lf);
      |         ^~~~
src/mixer/mixer.cpp:15:52:   required from here
   15 |     context_base_(inputs.size(), extra_inputs_size_)
      |                                                    ^
src/mixer/../ds/emhash_map.hpp:1271:15: warning: 'void* memset(void*, int, size_t)' writing to an object of type 'emhash6::HashMap<unsigned int, ContextData>::PairT' {aka 'struct emhash6::entry<unsigned int, ContextData>'} with no trivial copy-assignment [-Wclass-memaccess]
 1271 |         memset(_pairs, -1, sizeof(_pairs[0]) * num_buckets);
      |         ~~~~~~^~~~~~~~~~~~~~~~~~~~~~~~~~~~~~~~~~~~~~~~~~~~~
src/mixer/../ds/emhash_map.hpp:160:8: note: 'emhash6::HashMap<unsigned int, ContextData>::PairT' {aka 'struct emhash6::entry<unsigned int, ContextData>'} declared here
  160 | struct entry {
      |        ^~~~~
In file included from src/mixer/mixer.h:6,
                 from src/predictor.h:6,
                 from src/predictor.cpp:1:
src/mixer/../ds/emhash_map.hpp: In instantiation of 'void emhash6::HashMap<KeyT, ValueT, HashT, EqT>::rehash(uint64_t) [with KeyT = unsigned int; ValueT = ContextData; HashT = std::hash<unsigned int>; EqT = std::equal_to<unsigned int>; uint64_t = long unsigned int]':
src/mixer/../ds/emhash_map.hpp:449:9:   required from 'void emhash6::HashMap<KeyT, ValueT, HashT, EqT>::init(emhash6::size_type, float) [with KeyT = unsigned int; ValueT = ContextData; HashT = std::hash<unsigned int>; EqT = std::equal_to<unsigned int>; emhash6::size_type = unsigned int]'
  449 |         rehash(bucket);
      |         ^~~~~~
src/mixer/../ds/emhash_map.hpp:477:9:   required from 'emhash6::HashMap<KeyT, ValueT, HashT, EqT>::HashMap(emhash6::HashMap<KeyT, ValueT, HashT, EqT>&&) [with KeyT = unsigned int; ValueT = ContextData; HashT = std::hash<unsigned int>; EqT = std::equal_to<unsigned int>]'
  477 |         init(4);
      |         ^~~~
src/mixer/mixer.h:20:7:   required from 'void std::_Construct(_Tp*, _Args&& ...) [with _Tp = Mixer; _Args = {Mixer}]'
   20 | class Mixer {
      |       ^~~~~
/usr/include/c++/15/bits/stl_uninitialized.h:145:17:   required from '_ForwardIterator std::__do_uninit_copy(_InputIterator, _Sentinel, _ForwardIterator) [with _InputIterator = move_iterator<Mixer*>; _Sentinel = move_iterator<Mixer*>; _ForwardIterator = Mixer*]'
  145 |         std::_Construct(std::__addressof(*__result), *__first);
      |         ~~~~~~~~~~~~~~~^~~~~~~~~~~~~~~~~~~~~~~~~~~~~~~~~~~~~~~
/usr/include/c++/15/bits/stl_uninitialized.h:266:30:   required from '_ForwardIterator std::uninitialized_copy(_InputIterator, _InputIterator, _ForwardIterator) [with _InputIterator = move_iterator<Mixer*>; _ForwardIterator = Mixer*]'
  266 |         return std::__do_uninit_copy(__first, __last, __result);
      |                ~~~~~~~~~~~~~~~~~~~~~^~~~~~~~~~~~~~~~~~~~~~~~~~~
src/mixer/../ds/SmallVector.h:397:28:   required from 'static void llvm::SmallVectorTemplateBase<T, <anonymous> >::uninitialized_move(It1, It1, It2) [with It1 = Mixer*; It2 = Mixer*; T = Mixer; bool <anonymous> = false]'
  397 |     std::uninitialized_copy(
      |     ~~~~~~~~~~~~~~~~~~~~~~~^
  398 |         std::make_move_iterator(I), std::make_move_iterator(E), Dest);
      |         ~~~~~~~~~~~~~~~~~~~~~~~~~~~~~~~~~~~~~~~~~~~~~~~~~~~~~~~~~~~~~
src/mixer/../ds/SmallVector.h:502:27:   required from 'void llvm::SmallVectorTemplateBase<T, <anonymous> >::moveElementsForGrow(T*) [with T = Mixer; bool <anonymous> = false]'
  502 |   this->uninitialized_move(this->begin(), this->end(), NewElts);
      |   ~~~~~~~~~~~~~~~~~~~~~~~~^~~~~~~~~~~~~~~~~~~~~~~~~~~~~~~~~~~~~
src/mixer/../ds/SmallVector.h:463:5:   required from 'T& llvm::SmallVectorTemplateBase<T, <anonymous> >::growAndEmplaceBack(ArgTypes&& ...) [with ArgTypes = {const std::valarray<float>&, const std::valarray<float>&, const long long unsigned int&, float&, long unsigned int}; T = Mixer; bool <anonymous> = false]'
  463 |     moveElementsForGrow(NewElts);
      |     ^~~~~~~~~~~~~~~~~~~
src/mixer/../ds/SmallVector.h:1011:38:   required from 'llvm::SmallVectorImpl<T>::reference llvm::SmallVectorImpl<T>::emplace_back(ArgTypes&& ...) [with ArgTypes = {const std::valarray<float>&, const std::valarray<float>&, const long long unsigned int&, float&, long unsigned int}; T = Mixer; reference = Mixer&]'
 1011 |       return this->growAndEmplaceBack(std::forward<ArgTypes>(Args)...);
      |              ~~~~~~~~~~~~~~~~~~~~~~~~^~~~~~~~~~~~~~~~~~~~~~~~~~~~~~~~~
src/predictor.cpp:282:26:   required from here
  282 |     mixer_0_.emplace_back(
      |     ~~~~~~~~~~~~~~~~~~~~~^
  283 |         layers_[layer].Inputs(), layers_[layer].ExtraInputs(), context,
      |         ~~~~~~~~~~~~~~~~~~~~~~~~~~~~~~~~~~~~~~~~~~~~~~~~~~~~~~~~~~~~~~~
  284 |       learning_rate, mixer_0_.size());
      |       ~~~~~~~~~~~~~~~~~~~~~~~~~~~~~~~
src/mixer/../ds/emhash_map.hpp:1271:15: warning: 'void* memset(void*, int, size_t)' writing to an object of type 'emhash6::HashMap<unsigned int, ContextData>::PairT' {aka 'struct emhash6::entry<unsigned int, ContextData>'} with no trivial copy-assignment [-Wclass-memaccess]
 1271 |         memset(_pairs, -1, sizeof(_pairs[0]) * num_buckets);
      |         ~~~~~~^~~~~~~~~~~~~~~~~~~~~~~~~~~~~~~~~~~~~~~~~~~~~
src/mixer/../ds/emhash_map.hpp:160:8: note: 'emhash6::HashMap<unsigned int, ContextData>::PairT' {aka 'struct emhash6::entry<unsigned int, ContextData>'} declared here
  160 | struct entry {
      |        ^~~~~
src/mixer/../ds/emhash_map.hpp: In instantiation of 'void emhash6::HashMap<KeyT, ValueT, HashT, EqT>::rehash(uint64_t) [with KeyT = unsigned char; ValueT = unsigned char; HashT = std::hash<unsigned char>; EqT = std::equal_to<unsigned char>; uint64_t = long unsigned int]':
src/mixer/../ds/emhash_map.hpp:449:9:   required from 'void emhash6::HashMap<KeyT, ValueT, HashT, EqT>::init(emhash6::size_type, float) [with KeyT = unsigned char; ValueT = unsigned char; HashT = std::hash<unsigned char>; EqT = std::equal_to<unsigned char>; emhash6::size_type = unsigned int]'
  449 |         rehash(bucket);
      |         ^~~~~~
src/mixer/../ds/emhash_map.hpp:477:9:   required from 'emhash6::HashMap<KeyT, ValueT, HashT, EqT>::HashMap(emhash6::HashMap<KeyT, ValueT, HashT, EqT>&&) [with KeyT = unsigned char; ValueT = unsigned char; HashT = std::hash<unsigned char>; EqT = std::equal_to<unsigned char>]'
  477 |         init(4);
      |         ^~~~
src/contexts/bracket-context.h:9:7:   required from 'void std::_Construct(_Tp*, _Args&& ...) [with _Tp = BracketContext; _Args = {BracketContext}]'
    9 | class BracketContext : public Context {
      |       ^~~~~~~~~~~~~~
/usr/include/c++/15/bits/stl_uninitialized.h:145:17:   required from '_ForwardIterator std::__do_uninit_copy(_InputIterator, _Sentinel, _ForwardIterator) [with _InputIterator = move_iterator<BracketContext*>; _Sentinel = move_iterator<BracketContext*>; _ForwardIterator = BracketContext*]'
  145 |         std::_Construct(std::__addressof(*__result), *__first);
      |         ~~~~~~~~~~~~~~~^~~~~~~~~~~~~~~~~~~~~~~~~~~~~~~~~~~~~~~
/usr/include/c++/15/bits/stl_uninitialized.h:266:30:   required from '_ForwardIterator std::uninitialized_copy(_InputIterator, _InputIterator, _ForwardIterator) [with _InputIterator = move_iterator<BracketContext*>; _ForwardIterator = BracketContext*]'
  266 |         return std::__do_uninit_copy(__first, __last, __result);
      |                ~~~~~~~~~~~~~~~~~~~~~^~~~~~~~~~~~~~~~~~~~~~~~~~~
src/mixer/../ds/SmallVector.h:397:28:   required from 'static void llvm::SmallVectorTemplateBase<T, <anonymous> >::uninitialized_move(It1, It1, It2) [with It1 = BracketContext*; It2 = BracketContext*; T = BracketContext; bool <anonymous> = false]'
  397 |     std::uninitialized_copy(
      |     ~~~~~~~~~~~~~~~~~~~~~~~^
  398 |         std::make_move_iterator(I), std::make_move_iterator(E), Dest);
      |         ~~~~~~~~~~~~~~~~~~~~~~~~~~~~~~~~~~~~~~~~~~~~~~~~~~~~~~~~~~~~~
src/mixer/../ds/SmallVector.h:502:27:   required from 'void llvm::SmallVectorTemplateBase<T, <anonymous> >::moveElementsForGrow(T*) [with T = BracketContext; bool <anonymous> = false]'
  502 |   this->uninitialized_move(this->begin(), this->end(), NewElts);
      |   ~~~~~~~~~~~~~~~~~~~~~~~~^~~~~~~~~~~~~~~~~~~~~~~~~~~~~~~~~~~~~
src/mixer/../ds/SmallVector.h:463:5:   required from 'T& llvm::SmallVectorTemplateBase<T, <anonymous> >::growAndEmplaceBack(ArgTypes&& ...) [with ArgTypes = {unsigned int&, int, int}; T = BracketContext; bool <anonymous> = false]'
  463 |     moveElementsForGrow(NewElts);
      |     ^~~~~~~~~~~~~~~~~~~
src/mixer/../ds/SmallVector.h:1011:38:   required from 'llvm::SmallVectorImpl<T>::reference llvm::SmallVectorImpl<T>::emplace_back(ArgTypes&& ...) [with ArgTypes = {unsigned int&, int, int}; T = BracketContext; reference = BracketContext&]'
 1011 |       return this->growAndEmplaceBack(std::forward<ArgTypes>(Args)...);
      |              ~~~~~~~~~~~~~~~~~~~~~~~~^~~~~~~~~~~~~~~~~~~~~~~~~~~~~~~~~
src/context-manager.h:31:35:   required from 'const BracketContext& ContextManager::AddBracketContext(Args&& ...) [with Args = {unsigned int&, int, int}]'
   31 |     bracket_contexts_.emplace_back(std::forward<Args>(args)...);
      |     ~~~~~~~~~~~~~~~~~~~~~~~~~~~~~~^~~~~~~~~~~~~~~~~~~~~~~~~~~~~
src/predictor.cpp:294:54:   required from here
  294 |   const Context& context = manager_.AddBracketContext(manager_.bit_context_, 256, 15);
      |                            ~~~~~~~~~~~~~~~~~~~~~~~~~~^~~~~~~~~~~~~~~~~~~~~~~~~~~~~~~~
src/mixer/../ds/emhash_map.hpp:1271:15: warning: 'void* memset(void*, int, size_t)' writing to an object of type 'emhash6::HashMap<unsigned char, unsigned char>::PairT' {aka 'struct emhash6::entry<unsigned char, unsigned char>'} with no trivial copy-assignment [-Wclass-memaccess]
 1271 |         memset(_pairs, -1, sizeof(_pairs[0]) * num_buckets);
      |         ~~~~~~^~~~~~~~~~~~~~~~~~~~~~~~~~~~~~~~~~~~~~~~~~~~~
src/mixer/../ds/emhash_map.hpp:160:8: note: 'emhash6::HashMap<unsigned char, unsigned char>::PairT' {aka 'struct emhash6::entry<unsigned char, unsigned char>'} declared here
  160 | struct entry {
      |        ^~~~~
In file included from src/runner.cpp:21:
src/readalike_prepr/article_reorder.h: In function 'void bubblesort(std::vector<Accumulator>&)':
src/readalike_prepr/article_reorder.h:35:23: warning: comparison of integer expressions of different signedness: 'int' and 'std::vector<Accumulator>::size_type' {aka 'long unsigned int'} [-Wsign-compare]
   35 |     for (int i = 1; i < mylist.size(); i++)     {
      |                     ~~^~~~~~~~~~~~~~~
src/readalike_prepr/article_reorder.h:36:27: warning: comparison of integer expressions of different signedness: 'int' and 'std::vector<Accumulator>::size_type' {aka 'long unsigned int'} [-Wsign-compare]
   36 |         for (int j = 0; j < mylist.size() - i; j++) {
      |                         ~~^~~~~~~~~~~~~~~~~~~
src/readalike_prepr/article_reorder.h: In function 'void reorder()':
src/readalike_prepr/article_reorder.h:145:20: warning: comparison of integer expressions of different signedness: 'int' and 'std::vector<int>::size_type' {aka 'long unsigned int'} [-Wsign-compare]
  145 |   for(int i = 0; i < positions.size(); i++) {
      |                  ~~^~~~~~~~~~~~~~~~~~
src/readalike_prepr/article_reorder.h: In function 'void sort()':
src/readalike_prepr/article_reorder.h:173:19: warning: comparison of integer expressions of different signedness: 'int' and 'std::vector<Accumulator>::size_type' {aka 'long unsigned int'} [-Wsign-compare]
  173 |   for(int i =0; i < vec.size(); i++) {
      |                 ~~^~~~~~~~~~~~
In file included from src/runner.cpp:23:
src/readalike_prepr/phda9_preprocess.h: In function 'void wfputs(const char*, FILE*)':
src/readalike_prepr/phda9_preprocess.h:80:14: warning: unused variable 'i' [-Wunused-variable]
   80 |     for (int i = 0; *str; str++){
      |              ^
src/readalike_prepr/phda9_preprocess.h: In function 'int numlen(char*)':
src/readalike_prepr/phda9_preprocess.h:139:9: warning: unused variable 'c' [-Wunused-variable]
  139 |     int c, i = 0;
      |         ^
src/readalike_prepr/phda9_preprocess.h: In function 'void hent5(char*, char*)':
src/readalike_prepr/phda9_preprocess.h:280:12: warning: unused variable 'k' [-Wunused-variable]
  280 |     int j, k;
      |            ^
src/readalike_prepr/phda9_preprocess.h: In function 'void hent9(char*, char*)':
src/readalike_prepr/phda9_preprocess.h:304:12: warning: unused variable 'k' [-Wunused-variable]
  304 |     int j, k;
      |            ^
src/readalike_prepr/phda9_preprocess.h:305:10: warning: unused variable 't' [-Wunused-variable]
  305 |      int t=0;
      |          ^
src/readalike_prepr/phda9_preprocess.h: In function 'void removeamp(char*, char*, int)':
src/readalike_prepr/phda9_preprocess.h:347:11: warning: unused variable 'outo' [-Wunused-variable]
  347 |     char *outo=out;
      |           ^~~~
src/readalike_prepr/phda9_preprocess.h:348:10: warning: variable 'amp' set but not used [-Wunused-but-set-variable]
  348 |     bool amp=false;
      |          ^~~
src/readalike_prepr/phda9_preprocess.h: In function 'void decode_txt_wit(FILE*, FILE*, U64)':
src/readalike_prepr/phda9_preprocess.h:526:9: warning: unused variable 'i' [-Wunused-variable]
  526 |     int i, j, f = 0, lastID = 0,tf=0;
      |         ^
src/readalike_prepr/phda9_preprocess.h:526:15: warning: unused variable 'f' [-Wunused-variable]
  526 |     int i, j, f = 0, lastID = 0,tf=0;
      |               ^
src/readalike_prepr/phda9_preprocess.h: In function 'void encode_txt_wit(FILE*, FILE*)':
src/readalike_prepr/phda9_preprocess.h:794:18: warning: comparison of integer expressions of different signedness: 'U64' {aka 'long unsigned int'} and 'int' [-Wsign-compare]
  794 |    for(U64 i=0; i<headersize; i++) {
      |                 ~^~~~~~~~~~~
src/readalike_prepr/phda9_preprocess.h:799:18: warning: comparison of integer expressions of different signedness: 'U64' {aka 'long unsigned int'} and 'int' [-Wsign-compare]
  799 |    for(U64 i=0; i<tsize; i++) {
      |                 ~^~~~~~
src/readalike_prepr/phda9_preprocess.h:782:7: warning: unused variable 'msize' [-Wunused-variable]
  782 |   U64 msize=curpos(out);
      |       ^~~~~
In file included from src/runner.cpp:22:
src/readalike_prepr/self_extract.h: In function 'void read(const std::string&, HeaderInfo&)':
src/readalike_prepr/self_extract.h:116:8: warning: ignoring return value of 'size_t fread(void*, size_t, size_t, FILE*)' declared with attribute 'warn_unused_result' [-Wunused-result]
  116 |   fread(&data , 1 , sizeof(HeaderInfo) , in );
      |   ~~~~~^~~~~~~~~~~~~~~~~~~~~~~~~~~~~~~~~~~~~~
src/preprocess/preprocessor.cpp: In function 'void preprocessor::Encode(FILE*, FILE*, long long unsigned int, const std::string&, FILE*)':
src/preprocess/preprocessor.cpp:223:22: warning: unused variable 'size' [-Wunused-variable]
  223 |   unsigned long long size = n;
      |                      ^~~~
src/preprocess/preprocessor.cpp: In function 'int preprocessor::DecodeByte(FILE*, FILE*)':
src/preprocess/preprocessor.cpp:247:21: warning: variable 'reset' set but not used [-Wunused-but-set-variable]
  247 |   static int len=0, reset=0;
      |                     ^~~~~
In file included from src/preprocess/dictionary.h:5,
                 from src/preprocess/dictionary.cpp:1:
src/preprocess/../ds/emhash_map.hpp: In instantiation of 'void emhash6::HashMap<KeyT, ValueT, HashT, EqT>::rehash(uint64_t) [with KeyT = std::__cxx11::basic_string<char>; ValueT = unsigned int; HashT = std::hash<std::__cxx11::basic_string<char> >; EqT = std::equal_to<std::__cxx11::basic_string<char> >; uint64_t = long unsigned int]':
src/preprocess/../ds/emhash_map.hpp:449:9:   required from 'void emhash6::HashMap<KeyT, ValueT, HashT, EqT>::init(emhash6::size_type, float) [with KeyT = std::__cxx11::basic_string<char>; ValueT = unsigned int; HashT = std::hash<std::__cxx11::basic_string<char> >; EqT = std::equal_to<std::__cxx11::basic_string<char> >; emhash6::size_type = unsigned int]'
  449 |         rehash(bucket);
      |         ^~~~~~
src/preprocess/../ds/emhash_map.hpp:454:9:   required from 'emhash6::HashMap<KeyT, ValueT, HashT, EqT>::HashMap(emhash6::size_type, float) [with KeyT = std::__cxx11::basic_string<char>; ValueT = unsigned int; HashT = std::hash<std::__cxx11::basic_string<char> >; EqT = std::equal_to<std::__cxx11::basic_string<char> >; emhash6::size_type = unsigned int]'
  454 |         init(bucket, lf);
      |         ^~~~
src/preprocess/dictionary.cpp:37:66:   required from here
   37 | Dictionary::Dictionary(FILE* dictionary, bool encode, bool decode) {
      |                                                                  ^
src/preprocess/../ds/emhash_map.hpp:1271:15: warning: 'void* memset(void*, int, size_t)' writing to an object of type 'emhash6::HashMap<std::__cxx11::basic_string<char>, unsigned int>::PairT' {aka 'struct emhash6::entry<std::__cxx11::basic_string<char>, unsigned int>'} with no trivial copy-assignment [-Wclass-memaccess]
 1271 |         memset(_pairs, -1, sizeof(_pairs[0]) * num_buckets);
      |         ~~~~~~^~~~~~~~~~~~~~~~~~~~~~~~~~~~~~~~~~~~~~~~~~~~~
src/preprocess/../ds/emhash_map.hpp:160:8: note: 'emhash6::HashMap<std::__cxx11::basic_string<char>, unsigned int>::PairT' {aka 'struct emhash6::entry<std::__cxx11::basic_string<char>, unsigned int>'} declared here
  160 | struct entry {
      |        ^~~~~
src/preprocess/../ds/emhash_map.hpp: In instantiation of 'void emhash6::HashMap<KeyT, ValueT, HashT, EqT>::rehash(uint64_t) [with KeyT = unsigned int; ValueT = std::__cxx11::basic_string<char>; HashT = std::hash<unsigned int>; EqT = std::equal_to<unsigned int>; uint64_t = long unsigned int]':
src/preprocess/../ds/emhash_map.hpp:449:9:   required from 'void emhash6::HashMap<KeyT, ValueT, HashT, EqT>::init(emhash6::size_type, float) [with KeyT = unsigned int; ValueT = std::__cxx11::basic_string<char>; HashT = std::hash<unsigned int>; EqT = std::equal_to<unsigned int>; emhash6::size_type = unsigned int]'
  449 |         rehash(bucket);
      |         ^~~~~~
src/preprocess/../ds/emhash_map.hpp:454:9:   required from 'emhash6::HashMap<KeyT, ValueT, HashT, EqT>::HashMap(emhash6::size_type, float) [with KeyT = unsigned int; ValueT = std::__cxx11::basic_string<char>; HashT = std::hash<unsigned int>; EqT = std::equal_to<unsigned int>; emhash6::size_type = unsigned int]'
  454 |         init(bucket, lf);
      |         ^~~~
src/preprocess/dictionary.cpp:37:66:   required from here
   37 | Dictionary::Dictionary(FILE* dictionary, bool encode, bool decode) {
      |                                                                  ^
src/preprocess/../ds/emhash_map.hpp:1271:15: warning: 'void* memset(void*, int, size_t)' writing to an object of type 'emhash6::HashMap<unsigned int, std::__cxx11::basic_string<char> >::PairT' {aka 'struct emhash6::entry<unsigned int, std::__cxx11::basic_string<char> >'} with no trivial copy-assignment [-Wclass-memaccess]
 1271 |         memset(_pairs, -1, sizeof(_pairs[0]) * num_buckets);
      |         ~~~~~~^~~~~~~~~~~~~~~~~~~~~~~~~~~~~~~~~~~~~~~~~~~~~
src/preprocess/../ds/emhash_map.hpp:160:8: note: 'emhash6::HashMap<unsigned int, std::__cxx11::basic_string<char> >::PairT' {aka 'struct emhash6::entry<unsigned int, std::__cxx11::basic_string<char> >'} declared here
  160 | struct entry {
      |        ^~~~~
cpp_infer/src/opt/kda.cpp: In function 'void fx2::opt::kda_layer_reset(KdaState&)':
cpp_infer/src/opt/kda.cpp:265:49: warning: 'void* memset(void*, int, size_t)' clearing an object of non-trivial type 'struct fx2::opt::KdaState'; use assignment or value-initialization instead [-Wclass-memaccess]
  265 | void kda_layer_reset(KdaState& st) { std::memset(&st, 0, sizeof(st)); }
      |                                      ~~~~~~~~~~~^~~~~~~~~~~~~~~~~~~~
In file included from cpp_infer/src/opt/kda.cpp:29:
cpp_infer/src/opt/kda.h:45:20: note: 'struct fx2::opt::KdaState' declared here
   45 | struct alignas(64) KdaState {
      |                    ^~~~~~~~
