{"command": ["/usr/bin/python3", "/home/x/deco/gamma/projects/enwiki9/tools/run_with_resource_guard_v3.py", "--limit-kib", "9765624", "--official-decimal-limit-kib", "9765624", "--limit-mode", "tree", "--cgroup-path", "/sys/fs/cgroup/user.slice/user-1000.slice/user@1000.service/app.slice/gamma-enwiki9-20260916T074545Z_cc723fedef", "--cgroup-memory-max-bytes", "9999998976", "--temporary-disk-limit-bytes", "16000000000", "--phase-marker-path", "/home/x/deco/gamma/projects/enwiki9/run_logs/adaptive/20260916T074545Z_cc723fedef.resources/phases.jsonl", "--max-logical-cpus", "1", "--guard-json", "/home/x/deco/gamma/projects/enwiki9/run_logs/adaptive/20260916T074545Z_cc723fedef.resources/guard.json", "--label", "20260916T074545Z_cc723fedef", "--phase", "diagnostic", "--scratch-path", "/home/x/deco/gamma/projects/enwiki9/results/fx2_final_bit_head250k_v1", "--scratch-path", "/home/x/deco/gamma/projects/enwiki9/run_logs/adaptive/20260916T074545Z_cc723fedef.log", "--scratch-path", "/home/x/deco/gamma/projects/enwiki9/run_logs/adaptive/20260916T074545Z_cc723fedef.resources", "--scratch-path", "/tmp/gamma-enwiki9-20260916T074545Z_cc723fedef-pl83baw9/fx2_final_bit_head250k_v1", "--", "/usr/bin/taskset", "--cpu-list", "2", "/bin/sh", "-c", "printf '%s\\n' '{\"phase\":\"diagnostic\",\"event\":\"worker_start\",\"detail\":\"operational envelope only; no codec phase credit\"}' >> \"$GAMMA_RESOURCE_PHASE_MARKERS\" || exit 125; exec \"$@\"", "enwiki9-discovery-envelope", "/usr/bin/python3", "/home/x/deco/gamma/projects/enwiki9/tools/fx2_final_bit_head250k_v1.py"], "job": {"candidate_id": "fx2_final_bit_head250k_v1", "candidate_revision": {"path": "operations/adaptive/candidate-revisions/fx2_final_bit_head250k_v1/20260916T074545080281Z_a3deadc3c534.json", "sha256": "sha256:9343eb971113ca565c0dad88121eface82c7c1f549f27633e4f5d99927881cea"}, "candidate_tree_sha256": "sha256:a3deadc3c534a59b4a31b378e4ad0c6d8d0e9a805a3fa13a4238a0fdfe55a6ac", "execution_guard": {"path": "tools/run_with_resource_guard_v3.py", "sha256": "sha256:044147f7ffe6922ea8dafd52fc3d4426077b20958adbcd421245ad41adcfc1e4"}, "execution_mode": "discovery", "execution_resources": {"boot_id": "3ce46712-27bc-4199-8e48-e2b3d23926cb", "budget": {"cgroup_parent": "/sys/fs/cgroup/user.slice/user-1000.slice/user@1000.service/app.slice", "cpus": [2], "memory_bytes": 9999998976, "scratch_bytes": 16000000000, "swap_bytes": 0, "wall_seconds": 3600}, "cgroup_inode": 340391, "cgroup_path": "/sys/fs/cgroup/user.slice/user-1000.slice/user@1000.service/app.slice/gamma-enwiki9-20260916T074545Z_cc723fedef", "cpu_enforcement": "taskset-and-sampled-affinity-guard", "groups": [{"created": true, "inode": 340391, "kernel_cpuset": false, "memory_bytes": 9999998976, "path": "/sys/fs/cgroup/user.slice/user-1000.slice/user@1000.service/app.slice/gamma-enwiki9-20260916T074545Z_cc723fedef"}], "guard_command_sha256": "fc1d2a0df59ce4aa6bf6f9a8c0ba88adb1a9f479ec1c614e2846d84ae05b97bf", "guard_path": "run_logs/adaptive/20260916T074545Z_cc723fedef.resources/guard.json", "missing_diagnostics": ["kernel cpuset controller is not delegated; taskset assignment and existing affinity guard remain active"], "timing_authority": "diagnostic"}, "experiment": {"path": "operations/adaptive/experiments/fx2_final_bit_head250k_v1.json", "sha256": "sha256:39bd4c60e7c2b0111b19cd1decdf156d94360b637c5af1dd92e3da4274374248"}, "gate_size": 250000, "held": false, "held_at": "2026-09-16T07:45:45+00:00", "hold_history": [{"at": "2026-09-16T07:45:45+00:00", "held": true, "reason": "Publish tested source and ownership,then refresh CPU2 admission. Prior holds and exclusions unchanged."}, {"at": "2026-09-16T07:51:21+00:00", "held": false, "reason": "Published source0fc8904fa and ownership; unit/syntax plus ten publication checks pass. Fresh CPU2 resource admission, one fixed17phase final-bit learner gate only."}], "job_id": "20260916T074545Z_cc723fedef", "priority": 65, "proposal": {"path": "operations/adaptive/proposals/developed/949_fx2_final_bit_head250k_v1.json", "sha256": "sha256:4acda557f48c47ca74ee9160b65c9e5e5d984b528df6198f2745355b0ba94585"}, "proposal_id": "fx2_final_bit_head250k_v1", "purpose": "diagnostic", "released_at": "2026-09-16T07:51:21+00:00", "resource_budget": {"cgroup_parent": "/sys/fs/cgroup/user.slice/user-1000.slice/user@1000.service/app.slice", "cpus": [2], "memory_bytes": 9999998976, "scratch_bytes": 16000000000, "swap_bytes": 0, "wall_seconds": 3600}, "runner": {"path": "tools/fx2_final_bit_head250k_v1.py", "sha256": "sha256:5c82149b03de838416f99a0ca1e4c62ddc12a940b956113d5c2384729a43f68d"}, "schema": "gamma.enwiki9.adaptive-job.v3", "scratch_directories": ["results/fx2_final_bit_head250k_v1"], "started_at": "2026-09-16T07:51:21+00:00", "state": "running", "submitted_at": "2026-09-16T07:45:45+00:00", "tags": [], "timing_authority": "diagnostic", "tool": "tools/fx2_final_bit_head250k_v1.py", "tool_args": []}}
{"status": "execution_failed", "scientific_verdict": "Incomplete execution; no compression verdict.", "error": "compile exited 2"}
{
  "resource_guard": {
    "cgroup": {
      "inode": 340391,
      "joined_before_exec": true,
      "memory_max_bytes": 9999998976,
      "memory_max_rounding_bytes": 0,
      "memory_peak_reset": true,
      "path": "/sys/fs/cgroup/user.slice/user-1000.slice/user@1000.service/app.slice/gamma-enwiki9-20260916T074545Z_cc723fedef",
      "previous_memory_max": "9999998976",
      "requested_memory_max_bytes": 9999998976
    },
    "cgroup_events": {
      "baseline": {
        "high": 0,
        "low": 0,
        "max": 0,
        "oom": 0,
        "oom_group_kill": 0,
        "oom_kill": 0,
        "sock_throttled": 0
      },
      "delta": {
        "high": 0,
        "low": 0,
        "max": 0,
        "oom": 0,
        "oom_group_kill": 0,
        "oom_kill": 0,
        "sock_throttled": 0
      },
      "final": {
        "high": 0,
        "low": 0,
        "max": 0,
        "oom": 0,
        "oom_group_kill": 0,
        "oom_kill": 0,
        "sock_throttled": 0
      }
    },
    "command": [
      "/usr/bin/taskset",
      "--cpu-list",
      "2",
      "/bin/sh",
      "-c",
      "printf '%s\\n' '{\"phase\":\"diagnostic\",\"event\":\"worker_start\",\"detail\":\"operational envelope only; no codec phase credit\"}' >> \"$GAMMA_RESOURCE_PHASE_MARKERS\" || exit 125; exec \"$@\"",
      "enwiki9-discovery-envelope",
      "/usr/bin/python3",
      "/home/x/deco/gamma/projects/enwiki9/tools/fx2_final_bit_head250k_v1.py"
    ],
    "command_sha256": "016a45590b366b3cf665138ae2cef8df3b6d5883651afd78a1326f1275157c83",
    "elapsed_s": 15.0927,
    "geekbench5_single_core_score": null,
    "guards": {
      "cgroup_memory_guard_exceeded": false,
      "logical_cpu_guard_exceeded": false,
      "measurement_incomplete": false,
      "official_decimal_memory_exceeded": false,
      "phase_marker_invalid": false,
      "rss_guard_exceeded": false,
      "temporary_disk_guard_exceeded": false,
      "wall_time_guard_exceeded": false
    },
    "label": "20260916T074545Z_cc723fedef",
    "latest_sample": {
      "allowed_cpu_union": [],
      "cgroup_current_bytes": 24621056,
      "elapsed_s": 15.0905,
      "max_single_rss_kib": 0,
      "persistent_status_misses": [],
      "processes": [],
      "scratch_allocated_bytes": 23318528,
      "scratch_file_count": 187,
      "scratch_logical_bytes": 22751009,
      "scratch_race_count": 0,
      "tree_live_threads": 0,
      "tree_rss_kib": 0,
      "tree_runnable_threads": 0
    },
    "limit_kib": 9765624,
    "limit_mode": "tree",
    "max_logical_cpus": 1,
    "measurements": {
      "affinity_complete": true,
      "cgroup_v2_complete": true,
      "per_process_vmhwm_sampled": true,
      "phase_markers_complete": true,
      "process_tree_rss_complete": true,
      "scratch_logical_and_allocated_complete": true,
      "smaps_rollup_complete": true
    },
    "objective": {
      "corpusBytes": 1000000000,
      "corpusSha256": "159b85351e5f76e60cbe32e04c677847a9ecba3adc79addab6f4c6c7aa3744bc",
      "objectiveDigest": "sha256:e91ff20e92c3cac8acb0cbe5c79fc8e8a3b427d7e151245c8eecc52b1c32fa00",
      "objectiveId": "gamma-enwiki9-hutter-90m-v3",
      "objectivePath": "contracts/research/v3/objective-contract.json",
      "targetScoreBytes": 90000000
    },
    "official_decimal_limit_kib": 9765624,
    "peak_process_vmhwm": {
      "comm": "cc1plus",
      "observed_elapsed_s": 8.0575,
      "pid": 4085079,
      "start_ticks": 264122664,
      "vmhwm_kib": 335824
    },
    "peak_sample": {
      "allowed_cpu_union": [
        2
      ],
      "cgroup_current_bytes": 401358848,
      "elapsed_s": 8.0575,
      "max_single_rss_kib": 335824,
      "persistent_status_misses": [],
      "processes": [
        {
          "allowed_cpus": [
            2
          ],
          "comm": "python3",
          "live_threads": 1,
          "pid": 4083740,
          "rss_kib": 72508,
          "runnable_threads": 0,
          "start_ticks": 264121943,
          "vmhwm_kib": 76092
        },
        {
          "allowed_cpus": [
            2
          ],
          "comm": "timeout",
          "live_threads": 1,
          "pid": 4083885,
          "rss_kib": 7780,
          "runnable_threads": 0,
          "start_ticks": 264122028,
          "vmhwm_kib": 7780
        },
        {
          "allowed_cpus": [
            2
          ],
          "comm": "make",
          "live_threads": 1,
          "pid": 4083888,
          "rss_kib": 2628,
          "runnable_threads": 0,
          "start_ticks": 264122028,
          "vmhwm_kib": 2628
        },
        {
          "allowed_cpus": [
            2
          ],
          "comm": "g++",
          "live_threads": 1,
          "pid": 4083892,
          "rss_kib": 3184,
          "runnable_threads": 0,
          "start_ticks": 264122028,
          "vmhwm_kib": 3184
        },
        {
          "allowed_cpus": [
            2
          ],
          "comm": "cc1plus",
          "live_threads": 1,
          "pid": 4085079,
          "rss_kib": 335824,
          "runnable_threads": 1,
          "start_ticks": 264122664,
          "vmhwm_kib": 335824
        }
      ],
      "scratch_allocated_bytes": 22626304,
      "scratch_file_count": 171,
      "scratch_logical_bytes": 22091374,
      "scratch_race_count": 0,
      "tree_live_threads": 5,
      "tree_rss_kib": 421924,
      "tree_runnable_threads": 1
    },
    "peak_tree_sample": {
      "allowed_cpu_union": [
        2
      ],
      "cgroup_current_bytes": 401358848,
      "elapsed_s": 8.0575,
      "max_single_rss_kib": 335824,
      "persistent_status_misses": [],
      "processes": [
        {
          "allowed_cpus": [
            2
          ],
          "comm": "python3",
          "live_threads": 1,
          "pid": 4083740,
          "rss_kib": 72508,
          "runnable_threads": 0,
          "start_ticks": 264121943,
          "vmhwm_kib": 76092
        },
        {
          "allowed_cpus": [
            2
          ],
          "comm": "timeout",
          "live_threads": 1,
          "pid": 4083885,
          "rss_kib": 7780,
          "runnable_threads": 0,
          "start_ticks": 264122028,
          "vmhwm_kib": 7780
        },
        {
          "allowed_cpus": [
            2
          ],
          "comm": "make",
          "live_threads": 1,
          "pid": 4083888,
          "rss_kib": 2628,
          "runnable_threads": 0,
          "start_ticks": 264122028,
          "vmhwm_kib": 2628
        },
        {
          "allowed_cpus": [
            2
          ],
          "comm": "g++",
          "live_threads": 1,
          "pid": 4083892,
          "rss_kib": 3184,
          "runnable_threads": 0,
          "start_ticks": 264122028,
          "vmhwm_kib": 3184
        },
        {
          "allowed_cpus": [
            2
          ],
          "comm": "cc1plus",
          "live_threads": 1,
          "pid": 4085079,
          "rss_kib": 335824,
          "runnable_threads": 1,
          "start_ticks": 264122664,
          "vmhwm_kib": 335824
        }
      ],
      "scratch_allocated_bytes": 22626304,
      "scratch_file_count": 171,
      "scratch_logical_bytes": 22091374,
      "scratch_race_count": 0,
      "tree_live_threads": 5,
      "tree_rss_kib": 421924,
      "tree_runnable_threads": 1
    },
    "peaks": {
      "cgroup_memory_peak_bytes": 419446784,
      "max_observed_process_vmhwm_kib": 335824,
      "max_sampled_allowed_cpu_count": 1,
      "max_sampled_cgroup_current_bytes": 401358848,
      "max_sampled_scratch_allocated_bytes": 23318528,
      "max_sampled_scratch_logical_bytes": 22751009,
      "max_sampled_single_rss_kib": 335824,
      "max_sampled_tree_live_threads": 5,
      "max_sampled_tree_rss_kib": 421924,
      "max_sampled_tree_runnable_threads": 1
    },
    "phase": "diagnostic",
    "phase_marker_path": "/home/x/deco/gamma/projects/enwiki9/run_logs/adaptive/20260916T074545Z_cc723fedef.resources/phases.jsonl",
    "phase_markers": [
      {
        "detail": "operational envelope only; no codec phase credit",
        "event": "worker_start",
        "observed_elapsed_s": 0.0146,
        "phase": "diagnostic",
        "source_line": 1
      },
      {
        "detail": null,
        "event": "start",
        "observed_elapsed_s": 1.0164,
        "phase": "compile",
        "source_line": 2
      },
      {
        "detail": null,
        "event": "end",
        "observed_elapsed_s": 15.0905,
        "phase": "compile",
        "source_line": 3
      }
    ],
    "returncode": 1,
    "sample_count": 31,
    "sample_interval_seconds": 0.5,
    "schema": "gamma.enwiki9.resource-guard-receipt.v3",
    "scratch_paths": [
      "/home/x/deco/gamma/projects/enwiki9/results/fx2_final_bit_head250k_v1",
      "/home/x/deco/gamma/projects/enwiki9/run_logs/adaptive/20260916T074545Z_cc723fedef.log",
      "/home/x/deco/gamma/projects/enwiki9/run_logs/adaptive/20260916T074545Z_cc723fedef.resources",
      "/tmp/gamma-enwiki9-20260916T074545Z_cc723fedef-pl83baw9/fx2_final_bit_head250k_v1"
    ],
    "smaps_rollup_checkpoints": [
      {
        "elapsed_s": 0.0146,
        "processes": [
          {
            "pid": 4083740,
            "rollup_kib": {
              "AnonHugePages": 0,
              "Anonymous": 1980,
              "FilePmdMapped": 0,
              "KSM": 0,
              "LazyFree": 0,
              "Locked": 0,
              "Private_Clean": 36,
              "Private_Dirty": 1980,
              "Private_Hugetlb": 0,
              "Pss": 3306,
              "Pss_Anon": 1980,
              "Pss_Dirty": 1980,
              "Pss_File": 1326,
              "Pss_Shmem": 0,
              "Referenced": 7824,
              "Rss": 7824,
              "Shared_Clean": 5808,
              "Shared_Dirty": 0,
              "Shared_Hugetlb": 0,
              "ShmemPmdMapped": 0,
              "Swap": 0,
              "SwapPss": 0
            },
            "start_ticks": 264121943
          }
        ],
        "reason": "initial+phase_marker+rss_growth",
        "tree_rss_kib": 7824
      },
      {
        "elapsed_s": 1.0164,
        "processes": [
          {
            "pid": 4083740,
            "rollup_kib": {
              "AnonHugePages": 0,
              "Anonymous": 60048,
              "FilePmdMapped": 0,
              "KSM": 0,
              "LazyFree": 0,
              "Locked": 0,
              "Private_Clean": 64,
              "Private_Dirty": 60048,
              "Private_Hugetlb": 0,
              "Pss": 62798,
              "Pss_Anon": 60048,
              "Pss_Dirty": 60048,
              "Pss_File": 2750,
              "Pss_Shmem": 0,
              "Referenced": 72508,
              "Rss": 72508,
              "Shared_Clean": 12396,
              "Shared_Dirty": 0,
              "Shared_Hugetlb": 0,
              "ShmemPmdMapped": 0,
              "Swap": 0,
              "SwapPss": 0
            },
            "start_ticks": 264121943
          },
          {
            "pid": 4083885,
            "rollup_kib": {
              "AnonHugePages": 0,
              "Anonymous": 1244,
              "FilePmdMapped": 0,
              "KSM": 0,
              "LazyFree": 0,
              "Locked": 0,
              "Private_Clean": 3716,
              "Private_Dirty": 1244,
              "Private_Hugetlb": 0,
              "Pss": 5179,
              "Pss_Anon": 1244,
              "Pss_Dirty": 1244,
              "Pss_File": 3935,
              "Pss_Shmem": 0,
              "Referenced": 7780,
              "Rss": 7780,
              "Shared_Clean": 2820,
              "Shared_Dirty": 0,
              "Shared_Hugetlb": 0,
              "ShmemPmdMapped": 0,
              "Swap": 0,
              "SwapPss": 0
            },
            "start_ticks": 264122028
          },
          {
            "pid": 4083888,
            "rollup_kib": {
              "AnonHugePages": 0,
              "Anonymous": 388,
              "FilePmdMapped": 0,
              "KSM": 0,
              "LazyFree": 0,
              "Locked": 0,
              "Private_Clean": 276,
              "Private_Dirty": 388,
              "Private_Hugetlb": 0,
              "Pss": 791,
              "Pss_Anon": 388,
              "Pss_Dirty": 388,
              "Pss_File": 403,
              "Pss_Shmem": 0,
              "Referenced": 2628,
              "Rss": 2628,
              "Shared_Clean": 1964,
              "Shared_Dirty": 0,
              "Shared_Hugetlb": 0,
              "ShmemPmdMapped": 0,
              "Swap": 0,
              "SwapPss": 0
            },
            "start_ticks": 264122028
          },
          {
            "pid": 4083892,
            "rollup_kib": {
              "AnonHugePages": 0,
              "Anonymous": 276,
              "FilePmdMapped": 0,
              "KSM": 0,
              "LazyFree": 0,
              "Locked": 0,
              "Private_Clean": 1004,
              "Private_Dirty": 276,
              "Private_Hugetlb": 0,
              "Pss": 1396,
              "Pss_Anon": 276,
              "Pss_Dirty": 276,
              "Pss_File": 1120,
              "Pss_Shmem": 0,
              "Referenced": 3124,
              "Rss": 3124,
              "Shared_Clean": 1844,
              "Shared_Dirty": 0,
              "Shared_Hugetlb": 0,
              "ShmemPmdMapped": 0,
              "Swap": 0,
              "SwapPss": 0
            },
            "start_ticks": 264122028
          },
          {
            "pid": 4083893,
            "rollup_kib": {
              "AnonHugePages": 0,
              "Anonymous": 150076,
              "FilePmdMapped": 0,
              "KSM": 0,
              "LazyFree": 0,
              "Locked": 0,
              "Private_Clean": 14824,
              "Private_Dirty": 150076,
              "Private_Hugetlb": 0,
              "Pss": 165186,
              "Pss_Anon": 150076,
              "Pss_Dirty": 150076,
              "Pss_File": 15110,
              "Pss_Shmem": 0,
              "Referenced": 167832,
              "Rss": 167832,
              "Shared_Clean": 2932,
              "Shared_Dirty": 0,
              "Shared_Hugetlb": 0,
              "ShmemPmdMapped": 0,
              "Swap": 0,
              "SwapPss": 0
            },
            "start_ticks": 264122028
          }
        ],
        "reason": "phase_marker",
        "tree_rss_kib": 253872
      },
      {
        "elapsed_s": 15.0905,
        "processes": [],
        "reason": "phase_marker+terminal",
        "tree_rss_kib": 0
      }
    ],
    "status": "complete",
    "temporary_disk_limit_bytes": 16000000000,
    "wall_time_limit_seconds": null
  }
}
