{"command": ["/usr/bin/python3", "/home/x/deco/gamma/projects/enwiki9/tools/run_with_resource_guard_v3.py", "--limit-kib", "1048576", "--official-decimal-limit-kib", "1048576", "--limit-mode", "tree", "--cgroup-path", "/sys/fs/cgroup/user.slice/user-1000.slice/user@1000.service/app.slice/gamma-enwiki9-20260915T215448Z_41b98f1f73", "--cgroup-memory-max-bytes", "1073741824", "--temporary-disk-limit-bytes", "268435456", "--phase-marker-path", "/home/x/deco/gamma/projects/enwiki9/run_logs/adaptive/20260915T215448Z_41b98f1f73.resources/phases.jsonl", "--max-logical-cpus", "1", "--guard-json", "/home/x/deco/gamma/projects/enwiki9/run_logs/adaptive/20260915T215448Z_41b98f1f73.resources/guard.json", "--label", "20260915T215448Z_41b98f1f73", "--phase", "diagnostic", "--scratch-path", "/home/x/deco/gamma/projects/enwiki9/results/fx2_wrt_elision250k_v1", "--scratch-path", "/home/x/deco/gamma/projects/enwiki9/run_logs/adaptive/20260915T215448Z_41b98f1f73.log", "--scratch-path", "/home/x/deco/gamma/projects/enwiki9/run_logs/adaptive/20260915T215448Z_41b98f1f73.resources", "--scratch-path", "/tmp/gamma-enwiki9-20260915T215448Z_41b98f1f73-uifpi0rw/fx2_wrt_elision250k_v1", "--", "/usr/bin/taskset", "--cpu-list", "3", "/bin/sh", "-c", "printf '%s\\n' '{\"phase\":\"diagnostic\",\"event\":\"worker_start\",\"detail\":\"operational envelope only; no codec phase credit\"}' >> \"$GAMMA_RESOURCE_PHASE_MARKERS\" || exit 125; exec \"$@\"", "enwiki9-discovery-envelope", "/usr/bin/python3", "/home/x/deco/gamma/projects/enwiki9/tools/fx2_wrt_elision_gate_v1.py"], "job": {"candidate_id": "fx2_wrt_elision250k_v1", "candidate_revision": {"path": "operations/adaptive/candidate-revisions/fx2_wrt_elision250k_v1/20260915T215448207586Z_188d37fdecae.json", "sha256": "sha256:4996aeb7e47fae67c94dd983d4817844f0d7408af641fd3d34339b79ad8ac10c"}, "candidate_tree_sha256": "sha256:188d37fdecae3f91cb1aa6680bbb3d6e4891efea8ef7e6c2c3619810d10bcd20", "execution_guard": {"path": "tools/run_with_resource_guard_v3.py", "sha256": "sha256:044147f7ffe6922ea8dafd52fc3d4426077b20958adbcd421245ad41adcfc1e4"}, "execution_mode": "discovery", "execution_resources": {"boot_id": "3ce46712-27bc-4199-8e48-e2b3d23926cb", "budget": {"cgroup_parent": "/sys/fs/cgroup/user.slice/user-1000.slice/user@1000.service/app.slice", "cpus": [3], "memory_bytes": 1073741824, "scratch_bytes": 268435456, "swap_bytes": 0, "wall_seconds": 600}, "cgroup_inode": 335815, "cgroup_path": "/sys/fs/cgroup/user.slice/user-1000.slice/user@1000.service/app.slice/gamma-enwiki9-20260915T215448Z_41b98f1f73", "cpu_enforcement": "taskset-and-sampled-affinity-guard", "groups": [{"created": true, "inode": 335815, "kernel_cpuset": false, "memory_bytes": 1073741824, "path": "/sys/fs/cgroup/user.slice/user-1000.slice/user@1000.service/app.slice/gamma-enwiki9-20260915T215448Z_41b98f1f73"}], "guard_command_sha256": "b8a7b13cb8a789075b189682846297aa302e8c84ebeea75f34d7f0389aaf6372", "guard_path": "run_logs/adaptive/20260915T215448Z_41b98f1f73.resources/guard.json", "missing_diagnostics": ["kernel cpuset controller is not delegated; taskset assignment and existing affinity guard remain active"], "timing_authority": "diagnostic"}, "experiment": {"path": "operations/adaptive/experiments/fx2_wrt_elision250k_v1.json", "sha256": "sha256:20771a4b754a72fd34226b2b3d35aae8a38639dc12f8a349a85497e6b7126a00"}, "gate_size": 250000, "held": false, "held_at": "2026-09-15T21:54:49+00:00", "hold_history": [{"at": "2026-09-15T21:54:49+00:00", "held": true, "reason": "Publish frozen language checker and ownership, verify bindings, and obtain fresh CPU3 resource admission."}, {"at": "2026-09-15T21:57:08+00:00", "held": false, "reason": "Published 25240920c; all bindings rehashed; fresh CPU3,1GiB memory,256MiB scratch admission. Exact fixed language, no native inference."}], "job_id": "20260915T215448Z_41b98f1f73", "priority": 80, "proposal": {"path": "operations/adaptive/proposals/developed/949_fx2_wrt_elision250k_v1.json", "sha256": "sha256:cc9d37f495432bee91707298db075fe344ed84cfc3f62cba6b9289db8e1721a1"}, "proposal_id": "fx2_wrt_elision250k_v1", "purpose": "diagnostic", "released_at": "2026-09-15T21:57:08+00:00", "resource_budget": {"cgroup_parent": "/sys/fs/cgroup/user.slice/user-1000.slice/user@1000.service/app.slice", "cpus": [3], "memory_bytes": 1073741824, "scratch_bytes": 268435456, "swap_bytes": 0, "wall_seconds": 600}, "runner": {"path": "tools/fx2_wrt_elision_gate_v1.py", "sha256": "sha256:af54c8520bfd9edce2444da1766bd3f2698782f2a4631ca3d7639ad3a00648fc"}, "schema": "gamma.enwiki9.adaptive-job.v3", "scratch_directories": ["results/fx2_wrt_elision250k_v1"], "started_at": "2026-09-15T21:57:09+00:00", "state": "running", "submitted_at": "2026-09-15T21:54:48+00:00", "tags": [], "timing_authority": "diagnostic", "tool": "tools/fx2_wrt_elision_gate_v1.py", "tool_args": []}}
{
  "resource_guard": {
    "cgroup": {
      "inode": 335815,
      "joined_before_exec": true,
      "memory_max_bytes": 1073741824,
      "memory_max_rounding_bytes": 0,
      "memory_peak_reset": true,
      "path": "/sys/fs/cgroup/user.slice/user-1000.slice/user@1000.service/app.slice/gamma-enwiki9-20260915T215448Z_41b98f1f73",
      "previous_memory_max": "1073741824",
      "requested_memory_max_bytes": 1073741824
    },
    "cgroup_events": {
      "baseline": {
        "high": 0,
        "low": 0,
        "max": 0,
        "oom": 0,
        "oom_group_kill": 0,
        "oom_kill": 0,
        "sock_throttled": 0
      },
      "delta": {
        "high": 0,
        "low": 0,
        "max": 0,
        "oom": 0,
        "oom_group_kill": 0,
        "oom_kill": 0,
        "sock_throttled": 0
      },
      "final": {
        "high": 0,
        "low": 0,
        "max": 0,
        "oom": 0,
        "oom_group_kill": 0,
        "oom_kill": 0,
        "sock_throttled": 0
      }
    },
    "command": [
      "/usr/bin/taskset",
      "--cpu-list",
      "3",
      "/bin/sh",
      "-c",
      "printf '%s\\n' '{\"phase\":\"diagnostic\",\"event\":\"worker_start\",\"detail\":\"operational envelope only; no codec phase credit\"}' >> \"$GAMMA_RESOURCE_PHASE_MARKERS\" || exit 125; exec \"$@\"",
      "enwiki9-discovery-envelope",
      "/usr/bin/python3",
      "/home/x/deco/gamma/projects/enwiki9/tools/fx2_wrt_elision_gate_v1.py"
    ],
    "command_sha256": "d0a059add5cfe5d77510092fcf906894b355824a2f1d9ac8d67d416b119fedd0",
    "elapsed_s": 0.0252,
    "failure": "logical_cpu_limit_exceeded",
    "geekbench5_single_core_score": null,
    "guards": {
      "cgroup_memory_guard_exceeded": false,
      "logical_cpu_guard_exceeded": true,
      "measurement_incomplete": false,
      "official_decimal_memory_exceeded": false,
      "phase_marker_invalid": false,
      "rss_guard_exceeded": false,
      "temporary_disk_guard_exceeded": false,
      "wall_time_guard_exceeded": false
    },
    "label": "20260915T215448Z_41b98f1f73",
    "latest_sample": {
      "allowed_cpu_union": [
        0,
        1,
        2,
        3,
        4,
        5,
        6,
        7,
        8,
        9,
        10,
        11,
        12,
        13,
        14,
        15,
        16,
        17,
        18,
        19,
        20,
        21,
        22,
        23,
        24,
        25,
        26,
        27,
        28,
        29,
        30,
        31
      ],
      "cgroup_current_bytes": 524288,
      "elapsed_s": 0.0233,
      "max_single_rss_kib": 8,
      "persistent_status_misses": [],
      "processes": [
        {
          "allowed_cpus": [
            0,
            1,
            2,
            3,
            4,
            5,
            6,
            7,
            8,
            9,
            10,
            11,
            12,
            13,
            14,
            15,
            16,
            17,
            18,
            19,
            20,
            21,
            22,
            23,
            24,
            25,
            26,
            27,
            28,
            29,
            30,
            31
          ],
          "comm": "taskset",
          "live_threads": 1,
          "pid": 1861577,
          "rss_kib": 8,
          "runnable_threads": 1,
          "start_ticks": 260556734,
          "vmhwm_kib": 8
        }
      ],
      "scratch_allocated_bytes": 28672,
      "scratch_file_count": 4,
      "scratch_logical_bytes": 12793,
      "scratch_race_count": 0,
      "tree_live_threads": 1,
      "tree_rss_kib": 8,
      "tree_runnable_threads": 1
    },
    "limit_kib": 1048576,
    "limit_mode": "tree",
    "max_logical_cpus": 1,
    "measurements": {
      "affinity_complete": true,
      "cgroup_v2_complete": true,
      "per_process_vmhwm_sampled": true,
      "phase_markers_complete": false,
      "process_tree_rss_complete": true,
      "scratch_logical_and_allocated_complete": true,
      "smaps_rollup_complete": true
    },
    "objective": {
      "corpusBytes": 1000000000,
      "corpusSha256": "159b85351e5f76e60cbe32e04c677847a9ecba3adc79addab6f4c6c7aa3744bc",
      "objectiveDigest": "sha256:e91ff20e92c3cac8acb0cbe5c79fc8e8a3b427d7e151245c8eecc52b1c32fa00",
      "objectiveId": "gamma-enwiki9-hutter-90m-v3",
      "objectivePath": "contracts/research/v3/objective-contract.json",
      "targetScoreBytes": 90000000
    },
    "official_decimal_limit_kib": 1048576,
    "peak_process_vmhwm": {
      "comm": "taskset",
      "observed_elapsed_s": 0.0233,
      "pid": 1861577,
      "start_ticks": 260556734,
      "vmhwm_kib": 8
    },
    "peak_sample": {
      "allowed_cpu_union": [
        0,
        1,
        2,
        3,
        4,
        5,
        6,
        7,
        8,
        9,
        10,
        11,
        12,
        13,
        14,
        15,
        16,
        17,
        18,
        19,
        20,
        21,
        22,
        23,
        24,
        25,
        26,
        27,
        28,
        29,
        30,
        31
      ],
      "cgroup_current_bytes": 524288,
      "elapsed_s": 0.0233,
      "max_single_rss_kib": 8,
      "persistent_status_misses": [],
      "processes": [
        {
          "allowed_cpus": [
            0,
            1,
            2,
            3,
            4,
            5,
            6,
            7,
            8,
            9,
            10,
            11,
            12,
            13,
            14,
            15,
            16,
            17,
            18,
            19,
            20,
            21,
            22,
            23,
            24,
            25,
            26,
            27,
            28,
            29,
            30,
            31
          ],
          "comm": "taskset",
          "live_threads": 1,
          "pid": 1861577,
          "rss_kib": 8,
          "runnable_threads": 1,
          "start_ticks": 260556734,
          "vmhwm_kib": 8
        }
      ],
      "scratch_allocated_bytes": 28672,
      "scratch_file_count": 4,
      "scratch_logical_bytes": 12793,
      "scratch_race_count": 0,
      "tree_live_threads": 1,
      "tree_rss_kib": 8,
      "tree_runnable_threads": 1
    },
    "peak_tree_sample": {
      "allowed_cpu_union": [
        0,
        1,
        2,
        3,
        4,
        5,
        6,
        7,
        8,
        9,
        10,
        11,
        12,
        13,
        14,
        15,
        16,
        17,
        18,
        19,
        20,
        21,
        22,
        23,
        24,
        25,
        26,
        27,
        28,
        29,
        30,
        31
      ],
      "cgroup_current_bytes": 524288,
      "elapsed_s": 0.0233,
      "max_single_rss_kib": 8,
      "persistent_status_misses": [],
      "processes": [
        {
          "allowed_cpus": [
            0,
            1,
            2,
            3,
            4,
            5,
            6,
            7,
            8,
            9,
            10,
            11,
            12,
            13,
            14,
            15,
            16,
            17,
            18,
            19,
            20,
            21,
            22,
            23,
            24,
            25,
            26,
            27,
            28,
            29,
            30,
            31
          ],
          "comm": "taskset",
          "live_threads": 1,
          "pid": 1861577,
          "rss_kib": 8,
          "runnable_threads": 1,
          "start_ticks": 260556734,
          "vmhwm_kib": 8
        }
      ],
      "scratch_allocated_bytes": 28672,
      "scratch_file_count": 4,
      "scratch_logical_bytes": 12793,
      "scratch_race_count": 0,
      "tree_live_threads": 1,
      "tree_rss_kib": 8,
      "tree_runnable_threads": 1
    },
    "peaks": {
      "cgroup_memory_peak_bytes": 786432,
      "max_observed_process_vmhwm_kib": 8,
      "max_sampled_allowed_cpu_count": 32,
      "max_sampled_cgroup_current_bytes": 524288,
      "max_sampled_scratch_allocated_bytes": 28672,
      "max_sampled_scratch_logical_bytes": 12793,
      "max_sampled_single_rss_kib": 8,
      "max_sampled_tree_live_threads": 1,
      "max_sampled_tree_rss_kib": 8,
      "max_sampled_tree_runnable_threads": 1
    },
    "phase": "diagnostic",
    "phase_marker_path": "/home/x/deco/gamma/projects/enwiki9/run_logs/adaptive/20260915T215448Z_41b98f1f73.resources/phases.jsonl",
    "phase_markers": [],
    "returncode": -15,
    "sample_count": 1,
    "sample_interval_seconds": 0.5,
    "schema": "gamma.enwiki9.resource-guard-receipt.v3",
    "scratch_paths": [
      "/home/x/deco/gamma/projects/enwiki9/results/fx2_wrt_elision250k_v1",
      "/home/x/deco/gamma/projects/enwiki9/run_logs/adaptive/20260915T215448Z_41b98f1f73.log",
      "/home/x/deco/gamma/projects/enwiki9/run_logs/adaptive/20260915T215448Z_41b98f1f73.resources",
      "/tmp/gamma-enwiki9-20260915T215448Z_41b98f1f73-uifpi0rw/fx2_wrt_elision250k_v1"
    ],
    "smaps_rollup_checkpoints": [
      {
        "elapsed_s": 0.0233,
        "processes": [
          {
            "pid": 1861577,
            "rollup_kib": {
              "AnonHugePages": 0,
              "Anonymous": 108,
              "FilePmdMapped": 0,
              "KSM": 0,
              "LazyFree": 0,
              "Locked": 0,
              "Private_Clean": 24,
              "Private_Dirty": 108,
              "Private_Hugetlb": 0,
              "Pss": 263,
              "Pss_Anon": 108,
              "Pss_Dirty": 108,
              "Pss_File": 155,
              "Pss_Shmem": 0,
              "Referenced": 1944,
              "Rss": 1944,
              "Shared_Clean": 1812,
              "Shared_Dirty": 0,
              "Shared_Hugetlb": 0,
              "ShmemPmdMapped": 0,
              "Swap": 0,
              "SwapPss": 0
            },
            "start_ticks": 260556734
          }
        ],
        "reason": "initial+rss_growth",
        "tree_rss_kib": 8
      }
    ],
    "status": "logical_cpu_guard_exceeded",
    "temporary_disk_limit_bytes": 268435456,
    "wall_time_limit_seconds": null
  }
}
