{"command": ["/usr/bin/python3", "/home/x/deco/gamma/projects/enwiki9/tools/run_with_resource_guard_v3.py", "--limit-kib", "1048576", "--official-decimal-limit-kib", "1048576", "--limit-mode", "tree", "--cgroup-path", "/sys/fs/cgroup/user.slice/user-1000.slice/user@1000.service/app.slice/gamma-enwiki9-20260907T193106Z_9f544523f2", "--cgroup-memory-max-bytes", "1073741824", "--temporary-disk-limit-bytes", "67108864", "--phase-marker-path", "/home/x/deco/gamma/projects/enwiki9/run_logs/adaptive/20260907T193106Z_9f544523f2.resources/phases.jsonl", "--max-logical-cpus", "1", "--guard-json", "/home/x/deco/gamma/projects/enwiki9/run_logs/adaptive/20260907T193106Z_9f544523f2.resources/guard.json", "--label", "20260907T193106Z_9f544523f2", "--phase", "diagnostic", "--scratch-path", "/home/x/deco/gamma/projects/enwiki9/results/causal_bucket250k_q0_v1", "--scratch-path", "/home/x/deco/gamma/projects/enwiki9/run_logs/adaptive/20260907T193106Z_9f544523f2.log", "--scratch-path", "/home/x/deco/gamma/projects/enwiki9/run_logs/adaptive/20260907T193106Z_9f544523f2.resources", "--scratch-path", "/var/tmp/gamma-enwiki9-20260907T193106Z_9f544523f2-a0c9tsr0/causal_bucket250k_q0_v1", "--", "/usr/bin/taskset", "--cpu-list", "2", "/bin/sh", "-c", "printf '%s\\n' '{\"phase\":\"diagnostic\",\"event\":\"worker_start\",\"detail\":\"operational envelope only; no codec phase credit\"}' >> \"$GAMMA_RESOURCE_PHASE_MARKERS\" || exit 125; exec \"$@\"", "enwiki9-discovery-envelope", "/usr/bin/python3", "/home/x/deco/gamma/projects/enwiki9/tools/causal_bucket_gate_v2.py", "--candidate", "causal_bucket250k_q0_v1"], "job": {"candidate_id": "causal_bucket250k_q0_v1", "candidate_revision": {"path": "operations/adaptive/candidate-revisions/causal_bucket250k_q0_v1/20260907T193055566673Z_d296f5cf56e1.json", "sha256": "sha256:1e5f5ee9d4959c2372044299e6e72e2e8fb04c5946987c612f1bca43f75d58a9"}, "candidate_tree_sha256": "sha256:d296f5cf56e1cff427c3a4c05102a4a00fc7b6066b3cd5688068ba95773a7ea2", "execution_guard": {"path": "tools/run_with_resource_guard_v3.py", "sha256": "sha256:044147f7ffe6922ea8dafd52fc3d4426077b20958adbcd421245ad41adcfc1e4"}, "execution_mode": "discovery", "execution_resources": {"boot_id": "3ce46712-27bc-4199-8e48-e2b3d23926cb", "budget": {"cgroup_parent": "/sys/fs/cgroup/user.slice/user-1000.slice/user@1000.service/app.slice", "cpus": [2], "memory_bytes": 1073741824, "scratch_bytes": 67108864, "swap_bytes": 0, "wall_seconds": 300}, "cgroup_inode": 247047, "cgroup_path": "/sys/fs/cgroup/user.slice/user-1000.slice/user@1000.service/app.slice/gamma-enwiki9-20260907T193106Z_9f544523f2", "cpu_enforcement": "taskset-and-sampled-affinity-guard", "groups": [{"created": true, "inode": 247047, "kernel_cpuset": false, "memory_bytes": 1073741824, "path": "/sys/fs/cgroup/user.slice/user-1000.slice/user@1000.service/app.slice/gamma-enwiki9-20260907T193106Z_9f544523f2"}], "guard_command_sha256": "9df7169a905faaafb36e1c3acaf668e8d6f6741dc59efad57881c49f5f9ad207", "guard_path": "run_logs/adaptive/20260907T193106Z_9f544523f2.resources/guard.json", "missing_diagnostics": ["kernel cpuset controller is not delegated; taskset assignment and existing affinity guard remain active"], "timing_authority": "diagnostic"}, "experiment": {"path": "operations/adaptive/experiments/causal_bucket250k_q0_v1.json", "sha256": "sha256:a4280d6c09db7bcb463401f746cb9f966a2fcc685a95e4c04b884ba8648dce8b"}, "gate_size": 250000, "held": false, "held_at": "2026-09-07T19:31:16+00:00", "hold_history": [{"at": "2026-09-07T19:31:16+00:00", "held": true, "reason": "Await exact source/claim/job publication verification and fresh CPU2 resource admission."}, {"at": "2026-09-07T19:32:44+00:00", "held": false, "reason": "Exact33refs local HEAD origin equality at43286db58. Fresh19:32:08UTC sample:CPU2 9.09percent busy,74207305728B available RAM,271841718272B scratch, no live/unknown job or exclusive lease. Published root_explore ownership and frozen discovery bounds; preserve terminal HORIZON record."}], "job_id": "20260907T193106Z_9f544523f2", "priority": 90, "proposal": {"path": "operations/adaptive/proposals/developed/931_causal_bucket250k_q0_v1.json", "sha256": "sha256:79fba9712d6f8a77f6181c38e1a7be75597e90feca3a73d6e48b746b0aef3325"}, "proposal_id": "causal_bucket250k_q0_v1", "purpose": "diagnostic", "released_at": "2026-09-07T19:32:44+00:00", "resource_budget": {"cgroup_parent": "/sys/fs/cgroup/user.slice/user-1000.slice/user@1000.service/app.slice", "cpus": [2], "memory_bytes": 1073741824, "scratch_bytes": 67108864, "swap_bytes": 0, "wall_seconds": 300}, "runner": {"path": "tools/causal_bucket_gate_v2.py", "sha256": "sha256:9ec553516e31f19876ffd83dc2dc2f4aab4160a3ffacc5f141dafd02825d669f"}, "schema": "gamma.enwiki9.adaptive-job.v3", "scratch_directories": ["results/causal_bucket250k_q0_v1"], "started_at": "2026-09-07T19:32:44+00:00", "state": "running", "submitted_at": "2026-09-07T19:31:06+00:00", "tags": [], "timing_authority": "diagnostic", "tool": "tools/causal_bucket_gate_v2.py", "tool_args": ["--candidate", "causal_bucket250k_q0_v1"]}}
{"status": "passed", "arms_closed": 3, "native_phases": 9}
{
  "resource_guard": {
    "cgroup": {
      "inode": 247047,
      "joined_before_exec": true,
      "memory_max_bytes": 1073741824,
      "memory_max_rounding_bytes": 0,
      "memory_peak_reset": true,
      "path": "/sys/fs/cgroup/user.slice/user-1000.slice/user@1000.service/app.slice/gamma-enwiki9-20260907T193106Z_9f544523f2",
      "previous_memory_max": "1073741824",
      "requested_memory_max_bytes": 1073741824
    },
    "cgroup_events": {
      "baseline": {
        "high": 0,
        "low": 0,
        "max": 0,
        "oom": 0,
        "oom_group_kill": 0,
        "oom_kill": 0,
        "sock_throttled": 0
      },
      "delta": {
        "high": 0,
        "low": 0,
        "max": 0,
        "oom": 0,
        "oom_group_kill": 0,
        "oom_kill": 0,
        "sock_throttled": 0
      },
      "final": {
        "high": 0,
        "low": 0,
        "max": 0,
        "oom": 0,
        "oom_group_kill": 0,
        "oom_kill": 0,
        "sock_throttled": 0
      }
    },
    "command": [
      "/usr/bin/taskset",
      "--cpu-list",
      "2",
      "/bin/sh",
      "-c",
      "printf '%s\\n' '{\"phase\":\"diagnostic\",\"event\":\"worker_start\",\"detail\":\"operational envelope only; no codec phase credit\"}' >> \"$GAMMA_RESOURCE_PHASE_MARKERS\" || exit 125; exec \"$@\"",
      "enwiki9-discovery-envelope",
      "/usr/bin/python3",
      "/home/x/deco/gamma/projects/enwiki9/tools/causal_bucket_gate_v2.py",
      "--candidate",
      "causal_bucket250k_q0_v1"
    ],
    "command_sha256": "c5207cda141632cc80322cba43ec4a4f44c4d4eb31d1c26afd0794b218390a81",
    "elapsed_s": 1.0269,
    "geekbench5_single_core_score": null,
    "guards": {
      "cgroup_memory_guard_exceeded": false,
      "logical_cpu_guard_exceeded": false,
      "measurement_incomplete": false,
      "official_decimal_memory_exceeded": false,
      "phase_marker_invalid": false,
      "rss_guard_exceeded": false,
      "temporary_disk_guard_exceeded": false,
      "wall_time_guard_exceeded": false
    },
    "label": "20260907T193106Z_9f544523f2",
    "latest_sample": {
      "allowed_cpu_union": [],
      "cgroup_current_bytes": 1912832,
      "elapsed_s": 1.0256,
      "max_single_rss_kib": 0,
      "persistent_status_misses": [],
      "processes": [],
      "scratch_allocated_bytes": 1478656,
      "scratch_file_count": 47,
      "scratch_logical_bytes": 1373019,
      "scratch_race_count": 0,
      "tree_live_threads": 0,
      "tree_rss_kib": 0,
      "tree_runnable_threads": 0
    },
    "limit_kib": 1048576,
    "limit_mode": "tree",
    "max_logical_cpus": 1,
    "measurements": {
      "affinity_complete": true,
      "cgroup_v2_complete": true,
      "per_process_vmhwm_sampled": true,
      "phase_markers_complete": true,
      "process_tree_rss_complete": true,
      "scratch_logical_and_allocated_complete": true,
      "smaps_rollup_complete": true
    },
    "objective": {
      "corpusBytes": 1000000000,
      "corpusSha256": "159b85351e5f76e60cbe32e04c677847a9ecba3adc79addab6f4c6c7aa3744bc",
      "objectiveDigest": "sha256:16badfa6c1a53b47bcc12b089fdd9c21f7405ea56a84344d60c28d2252da8288",
      "objectiveId": "gamma-enwiki9-hutter-99m-v2",
      "objectivePath": "contracts/research/v2/objective-contract.json",
      "targetScoreBytes": 99000000
    },
    "official_decimal_limit_kib": 1048576,
    "peak_process_vmhwm": {
      "comm": "python3",
      "observed_elapsed_s": 0.5239,
      "pid": 909198,
      "start_ticks": 190570291,
      "vmhwm_kib": 25408
    },
    "peak_sample": {
      "allowed_cpu_union": [
        2
      ],
      "cgroup_current_bytes": 24784896,
      "elapsed_s": 0.5239,
      "max_single_rss_kib": 24736,
      "persistent_status_misses": [],
      "processes": [
        {
          "allowed_cpus": [
            2
          ],
          "comm": "python3",
          "live_threads": 1,
          "pid": 909198,
          "rss_kib": 24736,
          "runnable_threads": 0,
          "start_ticks": 190570291,
          "vmhwm_kib": 25408
        },
        {
          "allowed_cpus": [
            2
          ],
          "comm": "python3",
          "live_threads": 1,
          "pid": 909308,
          "rss_kib": 22720,
          "runnable_threads": 1,
          "start_ticks": 190570339,
          "vmhwm_kib": 22720
        }
      ],
      "scratch_allocated_bytes": 864256,
      "scratch_file_count": 28,
      "scratch_logical_bytes": 796629,
      "scratch_race_count": 0,
      "tree_live_threads": 2,
      "tree_rss_kib": 47456,
      "tree_runnable_threads": 1
    },
    "peak_tree_sample": {
      "allowed_cpu_union": [
        2
      ],
      "cgroup_current_bytes": 24784896,
      "elapsed_s": 0.5239,
      "max_single_rss_kib": 24736,
      "persistent_status_misses": [],
      "processes": [
        {
          "allowed_cpus": [
            2
          ],
          "comm": "python3",
          "live_threads": 1,
          "pid": 909198,
          "rss_kib": 24736,
          "runnable_threads": 0,
          "start_ticks": 190570291,
          "vmhwm_kib": 25408
        },
        {
          "allowed_cpus": [
            2
          ],
          "comm": "python3",
          "live_threads": 1,
          "pid": 909308,
          "rss_kib": 22720,
          "runnable_threads": 1,
          "start_ticks": 190570339,
          "vmhwm_kib": 22720
        }
      ],
      "scratch_allocated_bytes": 864256,
      "scratch_file_count": 28,
      "scratch_logical_bytes": 796629,
      "scratch_race_count": 0,
      "tree_live_threads": 2,
      "tree_rss_kib": 47456,
      "tree_runnable_threads": 1
    },
    "peaks": {
      "cgroup_memory_peak_bytes": 25616384,
      "max_observed_process_vmhwm_kib": 25408,
      "max_sampled_allowed_cpu_count": 1,
      "max_sampled_cgroup_current_bytes": 24784896,
      "max_sampled_scratch_allocated_bytes": 1478656,
      "max_sampled_scratch_logical_bytes": 1373019,
      "max_sampled_single_rss_kib": 24736,
      "max_sampled_tree_live_threads": 2,
      "max_sampled_tree_rss_kib": 47456,
      "max_sampled_tree_runnable_threads": 1
    },
    "phase": "diagnostic",
    "phase_marker_path": "/home/x/deco/gamma/projects/enwiki9/run_logs/adaptive/20260907T193106Z_9f544523f2.resources/phases.jsonl",
    "phase_markers": [
      {
        "detail": "operational envelope only; no codec phase credit",
        "event": "worker_start",
        "observed_elapsed_s": 0.0227,
        "phase": "diagnostic",
        "source_line": 1
      },
      {
        "detail": null,
        "event": "start",
        "observed_elapsed_s": 0.5239,
        "phase": "P-encode",
        "source_line": 2
      },
      {
        "detail": null,
        "event": "end",
        "observed_elapsed_s": 0.5239,
        "phase": "P-encode",
        "source_line": 3
      },
      {
        "detail": null,
        "event": "start",
        "observed_elapsed_s": 0.5239,
        "phase": "P-decode",
        "source_line": 4
      },
      {
        "detail": null,
        "event": "end",
        "observed_elapsed_s": 0.5239,
        "phase": "P-decode",
        "source_line": 5
      },
      {
        "detail": null,
        "event": "start",
        "observed_elapsed_s": 0.5239,
        "phase": "P-repeat",
        "source_line": 6
      },
      {
        "detail": null,
        "event": "end",
        "observed_elapsed_s": 0.5239,
        "phase": "P-repeat",
        "source_line": 7
      },
      {
        "detail": null,
        "event": "start",
        "observed_elapsed_s": 0.5239,
        "phase": "K-encode",
        "source_line": 8
      },
      {
        "detail": null,
        "event": "end",
        "observed_elapsed_s": 0.5239,
        "phase": "K-encode",
        "source_line": 9
      },
      {
        "detail": null,
        "event": "start",
        "observed_elapsed_s": 0.5239,
        "phase": "K-decode",
        "source_line": 10
      },
      {
        "detail": null,
        "event": "end",
        "observed_elapsed_s": 0.5239,
        "phase": "K-decode",
        "source_line": 11
      },
      {
        "detail": null,
        "event": "start",
        "observed_elapsed_s": 0.5239,
        "phase": "K-repeat",
        "source_line": 12
      },
      {
        "detail": null,
        "event": "end",
        "observed_elapsed_s": 1.0256,
        "phase": "K-repeat",
        "source_line": 13
      },
      {
        "detail": null,
        "event": "start",
        "observed_elapsed_s": 1.0256,
        "phase": "D-encode",
        "source_line": 14
      },
      {
        "detail": null,
        "event": "end",
        "observed_elapsed_s": 1.0256,
        "phase": "D-encode",
        "source_line": 15
      },
      {
        "detail": null,
        "event": "start",
        "observed_elapsed_s": 1.0256,
        "phase": "D-decode",
        "source_line": 16
      },
      {
        "detail": null,
        "event": "end",
        "observed_elapsed_s": 1.0256,
        "phase": "D-decode",
        "source_line": 17
      },
      {
        "detail": null,
        "event": "start",
        "observed_elapsed_s": 1.0256,
        "phase": "D-repeat",
        "source_line": 18
      },
      {
        "detail": null,
        "event": "end",
        "observed_elapsed_s": 1.0256,
        "phase": "D-repeat",
        "source_line": 19
      }
    ],
    "returncode": 0,
    "sample_count": 3,
    "sample_interval_seconds": 0.5,
    "schema": "gamma.enwiki9.resource-guard-receipt.v3",
    "scratch_paths": [
      "/home/x/deco/gamma/projects/enwiki9/results/causal_bucket250k_q0_v1",
      "/home/x/deco/gamma/projects/enwiki9/run_logs/adaptive/20260907T193106Z_9f544523f2.log",
      "/home/x/deco/gamma/projects/enwiki9/run_logs/adaptive/20260907T193106Z_9f544523f2.resources",
      "/var/tmp/gamma-enwiki9-20260907T193106Z_9f544523f2-a0c9tsr0/causal_bucket250k_q0_v1"
    ],
    "smaps_rollup_checkpoints": [
      {
        "elapsed_s": 0.0227,
        "processes": [
          {
            "pid": 909198,
            "rollup_kib": {
              "AnonHugePages": 0,
              "Anonymous": 5352,
              "FilePmdMapped": 0,
              "KSM": 0,
              "LazyFree": 0,
              "Locked": 0,
              "Private_Clean": 8,
              "Private_Dirty": 5352,
              "Private_Hugetlb": 0,
              "Pss": 6135,
              "Pss_Anon": 5352,
              "Pss_Dirty": 5352,
              "Pss_File": 783,
              "Pss_Shmem": 0,
              "Referenced": 12240,
              "Rss": 12240,
              "Shared_Clean": 6880,
              "Shared_Dirty": 0,
              "Shared_Hugetlb": 0,
              "ShmemPmdMapped": 0,
              "Swap": 0,
              "SwapPss": 0
            },
            "start_ticks": 190570291
          }
        ],
        "reason": "initial+phase_marker+rss_growth",
        "tree_rss_kib": 12216
      },
      {
        "elapsed_s": 0.5239,
        "processes": [
          {
            "pid": 909198,
            "rollup_kib": {
              "AnonHugePages": 0,
              "Anonymous": 12316,
              "FilePmdMapped": 0,
              "KSM": 0,
              "LazyFree": 0,
              "Locked": 0,
              "Private_Clean": 64,
              "Private_Dirty": 12316,
              "Private_Hugetlb": 0,
              "Pss": 13488,
              "Pss_Anon": 12316,
              "Pss_Dirty": 12316,
              "Pss_File": 1172,
              "Pss_Shmem": 0,
              "Referenced": 24736,
              "Rss": 24736,
              "Shared_Clean": 12356,
              "Shared_Dirty": 0,
              "Shared_Hugetlb": 0,
              "ShmemPmdMapped": 0,
              "Swap": 0,
              "SwapPss": 0
            },
            "start_ticks": 190570291
          },
          {
            "pid": 909308,
            "rollup_kib": {
              "AnonHugePages": 0,
              "Anonymous": 10464,
              "FilePmdMapped": 0,
              "KSM": 0,
              "LazyFree": 0,
              "Locked": 0,
              "Private_Clean": 0,
              "Private_Dirty": 10464,
              "Private_Hugetlb": 0,
              "Pss": 11552,
              "Pss_Anon": 10464,
              "Pss_Dirty": 10464,
              "Pss_File": 1088,
              "Pss_Shmem": 0,
              "Referenced": 22724,
              "Rss": 22724,
              "Shared_Clean": 12260,
              "Shared_Dirty": 0,
              "Shared_Hugetlb": 0,
              "ShmemPmdMapped": 0,
              "Swap": 0,
              "SwapPss": 0
            },
            "start_ticks": 190570339
          }
        ],
        "reason": "phase_marker",
        "tree_rss_kib": 47456
      },
      {
        "elapsed_s": 1.0256,
        "processes": [],
        "reason": "phase_marker+terminal",
        "tree_rss_kib": 0
      }
    ],
    "status": "complete",
    "temporary_disk_limit_bytes": 67108864,
    "wall_time_limit_seconds": null
  }
}
