{"command": ["/usr/bin/python3", "/home/x/deco/gamma/projects/enwiki9/tools/run_with_resource_guard_v3.py", "--limit-kib", "524288", "--official-decimal-limit-kib", "524288", "--limit-mode", "tree", "--cgroup-path", "/sys/fs/cgroup/user.slice/user-1000.slice/user@1000.service/app.slice/gamma-enwiki9-20260909T112210Z_11c2ea587b", "--cgroup-memory-max-bytes", "536870912", "--temporary-disk-limit-bytes", "67108864", "--phase-marker-path", "/home/x/deco/gamma/projects/enwiki9/run_logs/adaptive/20260909T112210Z_11c2ea587b.resources/phases.jsonl", "--max-logical-cpus", "1", "--guard-json", "/home/x/deco/gamma/projects/enwiki9/run_logs/adaptive/20260909T112210Z_11c2ea587b.resources/guard.json", "--label", "20260909T112210Z_11c2ea587b", "--phase", "diagnostic", "--scratch-path", "/home/x/deco/gamma/projects/enwiki9/results/fx2_closing_cost_opening250k_v3", "--scratch-path", "/home/x/deco/gamma/projects/enwiki9/run_logs/adaptive/20260909T112210Z_11c2ea587b.log", "--scratch-path", "/home/x/deco/gamma/projects/enwiki9/run_logs/adaptive/20260909T112210Z_11c2ea587b.resources", "--scratch-path", "/tmp/gamma-enwiki9-20260909T112210Z_11c2ea587b-7ivob6ux/fx2_closing_cost_opening250k_v3", "--", "/usr/bin/taskset", "--cpu-list", "2", "/bin/sh", "-c", "printf '%s\\n' '{\"phase\":\"diagnostic\",\"event\":\"worker_start\",\"detail\":\"operational envelope only; no codec phase credit\"}' >> \"$GAMMA_RESOURCE_PHASE_MARKERS\" || exit 125; exec \"$@\"", "enwiki9-discovery-envelope", "/usr/bin/python3", "/home/x/deco/gamma/projects/enwiki9/tools/fx2_closing_cost_opening250k_v3.py"], "job": {"candidate_id": "fx2_closing_cost_opening250k_v3", "candidate_revision": {"path": "operations/adaptive/candidate-revisions/fx2_closing_cost_opening250k_v3/20260909T112209811661Z_a8b9d6a48c7a.json", "sha256": "sha256:a31c8160774f06f4f935ffc9c95e922e1b9db9386bdefbf4dfe14cf17b51a2e1"}, "candidate_tree_sha256": "sha256:a8b9d6a48c7aac35d641165938f315ecca932c67c3c339cead2b1da9f6c77352", "execution_guard": {"path": "tools/run_with_resource_guard_v3.py", "sha256": "sha256:044147f7ffe6922ea8dafd52fc3d4426077b20958adbcd421245ad41adcfc1e4"}, "execution_mode": "discovery", "execution_resources": {"boot_id": "3ce46712-27bc-4199-8e48-e2b3d23926cb", "budget": {"cgroup_parent": "/sys/fs/cgroup/user.slice/user-1000.slice/user@1000.service/app.slice", "cpus": [2], "memory_bytes": 536870912, "scratch_bytes": 67108864, "swap_bytes": 0, "wall_seconds": 180}, "cgroup_inode": 270006, "cgroup_path": "/sys/fs/cgroup/user.slice/user-1000.slice/user@1000.service/app.slice/gamma-enwiki9-20260909T112210Z_11c2ea587b", "cpu_enforcement": "taskset-and-sampled-affinity-guard", "groups": [{"created": true, "inode": 270006, "kernel_cpuset": false, "memory_bytes": 536870912, "path": "/sys/fs/cgroup/user.slice/user-1000.slice/user@1000.service/app.slice/gamma-enwiki9-20260909T112210Z_11c2ea587b"}], "guard_command_sha256": "5dba2eae2895317ba5d1cc4e9886d09d2aa3d2dc90430692655778c218b388a2", "guard_path": "run_logs/adaptive/20260909T112210Z_11c2ea587b.resources/guard.json", "missing_diagnostics": ["kernel cpuset controller is not delegated; taskset assignment and existing affinity guard remain active"], "timing_authority": "diagnostic"}, "experiment": {"path": "operations/adaptive/experiments/fx2_closing_cost_opening250k_v3.json", "sha256": "sha256:56e70c6a4994520fb0f639ff75615822236d0e5bb272acc8d8f81a8c0d412161"}, "gate_size": 250000, "held": false, "held_at": "2026-09-09T11:22:24+00:00", "hold_history": [{"at": "2026-09-09T11:22:24+00:00", "held": true, "reason": "Await remote source/ownership publication verification and fresh resource admission."}, {"at": "2026-09-09T11:26:18+00:00", "held": false, "reason": "Published1480c624d verified26input blobs; independent source review and fresh CPU2 resource admission pass."}], "job_id": "20260909T112210Z_11c2ea587b", "priority": 910, "proposal": {"path": "operations/adaptive/proposals/developed/071_fx2_closing_cost_opening250k_v3.json", "sha256": "sha256:dea807e16d8808a8a974f53e0c6ecb036402d74dfa039f8b643d184f25c9028d"}, "proposal_id": "fx2_closing_cost_opening250k_v3", "purpose": "diagnostic", "released_at": "2026-09-09T11:26:18+00:00", "resource_budget": {"cgroup_parent": "/sys/fs/cgroup/user.slice/user-1000.slice/user@1000.service/app.slice", "cpus": [2], "memory_bytes": 536870912, "scratch_bytes": 67108864, "swap_bytes": 0, "wall_seconds": 180}, "runner": {"path": "tools/fx2_closing_cost_opening250k_v3.py", "sha256": "sha256:99fccdcae6e869757dbef22af62ae7639185efeaf3eddd2ab89621fd327b8e2e"}, "schema": "gamma.enwiki9.adaptive-job.v3", "scratch_directories": [], "started_at": "2026-09-09T11:30:16+00:00", "state": "running", "submitted_at": "2026-09-09T11:22:10+00:00", "tags": [], "timing_authority": "diagnostic", "tool": "tools/fx2_closing_cost_opening250k_v3.py", "tool_args": []}}
{"status": "passed", "scientific_verdict": "stop_fixed_development_realization", "active_bytes": 2087, "perfect_probability_ideal_ceiling_bits": 175}
{
  "resource_guard": {
    "cgroup": {
      "inode": 270006,
      "joined_before_exec": true,
      "memory_max_bytes": 536870912,
      "memory_max_rounding_bytes": 0,
      "memory_peak_reset": true,
      "path": "/sys/fs/cgroup/user.slice/user-1000.slice/user@1000.service/app.slice/gamma-enwiki9-20260909T112210Z_11c2ea587b",
      "previous_memory_max": "536870912",
      "requested_memory_max_bytes": 536870912
    },
    "cgroup_events": {
      "baseline": {
        "high": 0,
        "low": 0,
        "max": 0,
        "oom": 0,
        "oom_group_kill": 0,
        "oom_kill": 0,
        "sock_throttled": 0
      },
      "delta": {
        "high": 0,
        "low": 0,
        "max": 0,
        "oom": 0,
        "oom_group_kill": 0,
        "oom_kill": 0,
        "sock_throttled": 0
      },
      "final": {
        "high": 0,
        "low": 0,
        "max": 0,
        "oom": 0,
        "oom_group_kill": 0,
        "oom_kill": 0,
        "sock_throttled": 0
      }
    },
    "command": [
      "/usr/bin/taskset",
      "--cpu-list",
      "2",
      "/bin/sh",
      "-c",
      "printf '%s\\n' '{\"phase\":\"diagnostic\",\"event\":\"worker_start\",\"detail\":\"operational envelope only; no codec phase credit\"}' >> \"$GAMMA_RESOURCE_PHASE_MARKERS\" || exit 125; exec \"$@\"",
      "enwiki9-discovery-envelope",
      "/usr/bin/python3",
      "/home/x/deco/gamma/projects/enwiki9/tools/fx2_closing_cost_opening250k_v3.py"
    ],
    "command_sha256": "9b4c9d709addd4b5031c084423ca794dd976e4c0ae877ed2e12c34a03312b9d3",
    "elapsed_s": 2.5433,
    "geekbench5_single_core_score": null,
    "guards": {
      "cgroup_memory_guard_exceeded": false,
      "logical_cpu_guard_exceeded": false,
      "measurement_incomplete": false,
      "official_decimal_memory_exceeded": false,
      "phase_marker_invalid": false,
      "rss_guard_exceeded": false,
      "temporary_disk_guard_exceeded": false,
      "wall_time_guard_exceeded": false
    },
    "label": "20260909T112210Z_11c2ea587b",
    "latest_sample": {
      "allowed_cpu_union": [],
      "cgroup_current_bytes": 3510272,
      "elapsed_s": 2.5418,
      "max_single_rss_kib": 0,
      "persistent_status_misses": [],
      "processes": [],
      "scratch_allocated_bytes": 3354624,
      "scratch_file_count": 25,
      "scratch_logical_bytes": 3270697,
      "scratch_race_count": 0,
      "tree_live_threads": 0,
      "tree_rss_kib": 0,
      "tree_runnable_threads": 0
    },
    "limit_kib": 524288,
    "limit_mode": "tree",
    "max_logical_cpus": 1,
    "measurements": {
      "affinity_complete": true,
      "cgroup_v2_complete": true,
      "per_process_vmhwm_sampled": true,
      "phase_markers_complete": true,
      "process_tree_rss_complete": true,
      "scratch_logical_and_allocated_complete": true,
      "smaps_rollup_complete": true
    },
    "objective": {
      "corpusBytes": 1000000000,
      "corpusSha256": "159b85351e5f76e60cbe32e04c677847a9ecba3adc79addab6f4c6c7aa3744bc",
      "objectiveDigest": "sha256:e91ff20e92c3cac8acb0cbe5c79fc8e8a3b427d7e151245c8eecc52b1c32fa00",
      "objectiveId": "gamma-enwiki9-hutter-90m-v3",
      "objectivePath": "contracts/research/v3/objective-contract.json",
      "targetScoreBytes": 90000000
    },
    "official_decimal_limit_kib": 524288,
    "peak_process_vmhwm": {
      "comm": "python3",
      "observed_elapsed_s": 2.0409,
      "pid": 1969046,
      "start_ticks": 204955509,
      "vmhwm_kib": 294008
    },
    "peak_sample": {
      "allowed_cpu_union": [
        2
      ],
      "cgroup_current_bytes": 215928832,
      "elapsed_s": 1.5399,
      "max_single_rss_kib": 219272,
      "persistent_status_misses": [],
      "processes": [
        {
          "allowed_cpus": [
            2
          ],
          "comm": "python3",
          "live_threads": 1,
          "pid": 1969046,
          "rss_kib": 219272,
          "runnable_threads": 1,
          "start_ticks": 204955509,
          "vmhwm_kib": 219272
        }
      ],
      "scratch_allocated_bytes": 3342336,
      "scratch_file_count": 23,
      "scratch_logical_bytes": 3261295,
      "scratch_race_count": 0,
      "tree_live_threads": 1,
      "tree_rss_kib": 219272,
      "tree_runnable_threads": 1
    },
    "peak_tree_sample": {
      "allowed_cpu_union": [
        2
      ],
      "cgroup_current_bytes": 215928832,
      "elapsed_s": 1.5399,
      "max_single_rss_kib": 219272,
      "persistent_status_misses": [],
      "processes": [
        {
          "allowed_cpus": [
            2
          ],
          "comm": "python3",
          "live_threads": 1,
          "pid": 1969046,
          "rss_kib": 219272,
          "runnable_threads": 1,
          "start_ticks": 204955509,
          "vmhwm_kib": 219272
        }
      ],
      "scratch_allocated_bytes": 3342336,
      "scratch_file_count": 23,
      "scratch_logical_bytes": 3261295,
      "scratch_race_count": 0,
      "tree_live_threads": 1,
      "tree_rss_kib": 219272,
      "tree_runnable_threads": 1
    },
    "peaks": {
      "cgroup_memory_peak_bytes": 292990976,
      "max_observed_process_vmhwm_kib": 294008,
      "max_sampled_allowed_cpu_count": 1,
      "max_sampled_cgroup_current_bytes": 215928832,
      "max_sampled_scratch_allocated_bytes": 3354624,
      "max_sampled_scratch_logical_bytes": 3270697,
      "max_sampled_single_rss_kib": 219272,
      "max_sampled_tree_live_threads": 2,
      "max_sampled_tree_rss_kib": 219272,
      "max_sampled_tree_runnable_threads": 1
    },
    "phase": "diagnostic",
    "phase_marker_path": "/home/x/deco/gamma/projects/enwiki9/run_logs/adaptive/20260909T112210Z_11c2ea587b.resources/phases.jsonl",
    "phase_markers": [
      {
        "detail": "operational envelope only; no codec phase credit",
        "event": "worker_start",
        "observed_elapsed_s": 0.0332,
        "phase": "diagnostic",
        "source_line": 1
      },
      {
        "detail": null,
        "event": "start",
        "observed_elapsed_s": 0.5339,
        "phase": "scan",
        "source_line": 2
      },
      {
        "detail": null,
        "event": "end",
        "observed_elapsed_s": 1.0371,
        "phase": "scan",
        "source_line": 3
      },
      {
        "detail": null,
        "event": "start",
        "observed_elapsed_s": 1.0371,
        "phase": "repeat",
        "source_line": 4
      },
      {
        "detail": null,
        "event": "end",
        "observed_elapsed_s": 1.0371,
        "phase": "repeat",
        "source_line": 5
      }
    ],
    "returncode": 0,
    "sample_count": 6,
    "sample_interval_seconds": 0.5,
    "schema": "gamma.enwiki9.resource-guard-receipt.v3",
    "scratch_paths": [
      "/home/x/deco/gamma/projects/enwiki9/results/fx2_closing_cost_opening250k_v3",
      "/home/x/deco/gamma/projects/enwiki9/run_logs/adaptive/20260909T112210Z_11c2ea587b.log",
      "/home/x/deco/gamma/projects/enwiki9/run_logs/adaptive/20260909T112210Z_11c2ea587b.resources",
      "/tmp/gamma-enwiki9-20260909T112210Z_11c2ea587b-7ivob6ux/fx2_closing_cost_opening250k_v3"
    ],
    "smaps_rollup_checkpoints": [
      {
        "elapsed_s": 0.0332,
        "processes": [
          {
            "pid": 1969046,
            "rollup_kib": {
              "AnonHugePages": 0,
              "Anonymous": 4692,
              "FilePmdMapped": 0,
              "KSM": 0,
              "LazyFree": 0,
              "Locked": 0,
              "Private_Clean": 88,
              "Private_Dirty": 4692,
              "Private_Hugetlb": 0,
              "Pss": 6686,
              "Pss_Anon": 4692,
              "Pss_Dirty": 4692,
              "Pss_File": 1994,
              "Pss_Shmem": 0,
              "Referenced": 11748,
              "Rss": 11748,
              "Shared_Clean": 6968,
              "Shared_Dirty": 0,
              "Shared_Hugetlb": 0,
              "ShmemPmdMapped": 0,
              "Swap": 0,
              "SwapPss": 0
            },
            "start_ticks": 204955509
          }
        ],
        "reason": "initial+phase_marker+rss_growth",
        "tree_rss_kib": 11748
      },
      {
        "elapsed_s": 0.5339,
        "processes": [
          {
            "pid": 1969046,
            "rollup_kib": {
              "AnonHugePages": 0,
              "Anonymous": 71568,
              "FilePmdMapped": 0,
              "KSM": 0,
              "LazyFree": 0,
              "Locked": 0,
              "Private_Clean": 40,
              "Private_Dirty": 71568,
              "Private_Hugetlb": 0,
              "Pss": 74671,
              "Pss_Anon": 71568,
              "Pss_Dirty": 71568,
              "Pss_File": 3103,
              "Pss_Shmem": 0,
              "Referenced": 83980,
              "Rss": 83980,
              "Shared_Clean": 12372,
              "Shared_Dirty": 0,
              "Shared_Hugetlb": 0,
              "ShmemPmdMapped": 0,
              "Swap": 0,
              "SwapPss": 0
            },
            "start_ticks": 204955509
          },
          {
            "pid": 1969094,
            "rollup_kib": {
              "AnonHugePages": 0,
              "Anonymous": 1244,
              "FilePmdMapped": 0,
              "KSM": 0,
              "LazyFree": 0,
              "Locked": 0,
              "Private_Clean": 156,
              "Private_Dirty": 1244,
              "Private_Hugetlb": 0,
              "Pss": 2957,
              "Pss_Anon": 1244,
              "Pss_Dirty": 1244,
              "Pss_File": 1713,
              "Pss_Shmem": 0,
              "Referenced": 7704,
              "Rss": 7704,
              "Shared_Clean": 6304,
              "Shared_Dirty": 0,
              "Shared_Hugetlb": 0,
              "ShmemPmdMapped": 0,
              "Swap": 0,
              "SwapPss": 0
            },
            "start_ticks": 204955535
          }
        ],
        "reason": "phase_marker",
        "tree_rss_kib": 91684
      },
      {
        "elapsed_s": 1.0371,
        "processes": [
          {
            "pid": 1969046,
            "rollup_kib": {
              "AnonHugePages": 0,
              "Anonymous": 115312,
              "FilePmdMapped": 0,
              "KSM": 0,
              "LazyFree": 0,
              "Locked": 0,
              "Private_Clean": 104,
              "Private_Dirty": 115312,
              "Private_Hugetlb": 0,
              "Pss": 118736,
              "Pss_Anon": 115312,
              "Pss_Dirty": 115312,
              "Pss_File": 3424,
              "Pss_Shmem": 0,
              "Referenced": 127852,
              "Rss": 127852,
              "Shared_Clean": 12436,
              "Shared_Dirty": 0,
              "Shared_Hugetlb": 0,
              "ShmemPmdMapped": 0,
              "Swap": 0,
              "SwapPss": 0
            },
            "start_ticks": 204955509
          }
        ],
        "reason": "phase_marker",
        "tree_rss_kib": 127852
      },
      {
        "elapsed_s": 2.5418,
        "processes": [],
        "reason": "terminal",
        "tree_rss_kib": 0
      }
    ],
    "status": "complete",
    "temporary_disk_limit_bytes": 67108864,
    "wall_time_limit_seconds": null
  }
}
