{"command": ["/usr/bin/python3", "/home/x/deco/gamma/projects/enwiki9/tools/run_with_rss_guard.py", "--limit-kib", "9765625", "--limit-mode", "tree", "--official-decimal-limit-kib", "9765625", "--guard-json", "results/delta_midas_named_midpoint_gradient_65536_q0_v1/guard.json", "--label", "delta_midas_named_midpoint_gradient_65536_q0_v1", "--phase", "diagnostic", "--scratch-path", "results/delta_midas_named_midpoint_gradient_65536_q0_v1", "--temporary-disk-limit-bytes", "100000000000", "--", "python3", "tools/nncp_delta_midas_named_midpoint_gradient.py", "--experiment", "operations/adaptive/experiments/delta_midas_named_midpoint_gradient_65536_q0_v1.json", "--output", "results/delta_midas_named_midpoint_gradient_65536_q0_v1/decision.json"], "job": {"candidate_id": "delta_midas_named_midpoint_gradient_65536_q0_v1", "candidate_revision": {"path": "operations/adaptive/candidate-revisions/delta_midas_named_midpoint_gradient_65536_q0_v1/20260815T165921738764Z_c0e6e1ab2c7e.json", "sha256": "sha256:142bca3f602e184c106892dbf31ffef386f5deb214e011844e2d25ce6f95858d"}, "candidate_tree_sha256": "sha256:c0e6e1ab2c7e7f7bfa5ff9bce93bdd5ddfa537b44fbfdbbf253e42b11f828bf8", "experiment": {"path": "operations/adaptive/experiments/delta_midas_named_midpoint_gradient_65536_q0_v1.json", "sha256": "sha256:f1bde30764c0b7ed55b2c55044ddded7ed957eaca06fab426f447e7e1e1f6560"}, "gate_size": 65536, "job_id": "20260815T171447Z_33eeb89e5c", "priority": 1446, "proposal": {"path": "operations/adaptive/proposals/developed/000_delta_midas_named_midpoint_gradient_65536_q0_v1.json", "sha256": "sha256:e132f27791c707b5b0cb775f116f4daca50123a452e7af35d2283d6509129b12"}, "proposal_id": "delta_midas_named_midpoint_gradient_65536_q0_v1", "purpose": "oracle", "runner": {"path": "tools/run_with_rss_guard.py", "sha256": "sha256:005d55cdec6f3fabd5caa4acb78e75e0d6a07340e45e0e9577c5c7d8ea13d00e"}, "schema": "gamma.enwiki9.adaptive-job.v3", "scratch_directories": ["results/delta_midas_named_midpoint_gradient_65536_q0_v1"], "started_at": "2026-08-15T17:15:28+00:00", "state": "running", "submitted_at": "2026-08-15T17:14:47+00:00", "tags": ["delta-midas", "named-gradient", "zero-credit"], "tool": "tools/run_with_rss_guard.py", "tool_args": ["--limit-kib", "9765625", "--limit-mode", "tree", "--official-decimal-limit-kib", "9765625", "--guard-json", "results/delta_midas_named_midpoint_gradient_65536_q0_v1/guard.json", "--label", "delta_midas_named_midpoint_gradient_65536_q0_v1", "--phase", "diagnostic", "--scratch-path", "results/delta_midas_named_midpoint_gradient_65536_q0_v1", "--temporary-disk-limit-bytes", "100000000000", "--", "python3", "tools/nncp_delta_midas_named_midpoint_gradient.py", "--experiment", "operations/adaptive/experiments/delta_midas_named_midpoint_gradient_65536_q0_v1.json", "--output", "results/delta_midas_named_midpoint_gradient_65536_q0_v1/decision.json"]}}
Traceback (most recent call last):
  File "/home/x/deco/gamma/projects/enwiki9/tools/nncp_delta_midas_named_midpoint_gradient.py", line 316, in <module>
    raise SystemExit(main())
                     ~~~~^^
  File "/home/x/deco/gamma/projects/enwiki9/tools/nncp_delta_midas_named_midpoint_gradient.py", line 233, in main
    execute(
    ~~~~~~~^
        q0.encode_command(binary, archive, q0.ARMS["F"]),
        ^^^^^^^^^^^^^^^^^^^^^^^^^^^^^^^^^^^^^^^^^^^^^^^^^
    ...<2 lines>...
        log=log,
        ^^^^^^^^
    )
    ^
  File "/home/x/deco/gamma/projects/enwiki9/tools/nncp_delta_midas_named_midpoint_gradient.py", line 58, in execute
    completed = q0.subprocess.run(
        command,
    ...<4 lines>...
        check=True,
    )
  File "/usr/lib/python3.14/subprocess.py", line 578, in run
    raise CalledProcessError(retcode, process.args,
                             output=stdout, stderr=stderr)
subprocess.CalledProcessError: Command '['/home/x/deco/gamma/projects/enwiki9/results/delta_midas_named_midpoint_gradient_65536_q0_v1/scratch/source/nncp', '-q', '-T', '4', '--profile', 'enwik9', '--n_symb', '16392', '--dict', '/home/x/enwiki9-nonproof/results/nncp_full_symbol_map_v1_retry2/dictionary.bin', '--midpoint_arm', '1', '--max_size', '65536', 'c', '/home/x/enwiki9-nonproof/results/nncp_full_symbol_map_v1_retry2/preprocessed.bin', '/home/x/deco/gamma/projects/enwiki9/results/delta_midas_named_midpoint_gradient_65536_q0_v1/F_named_gradient_1.nncp']' died with <Signals.SIGABRT: 6>.
{
  "rss_guard": {
    "schema": "gamma.enwiki9.resource-guard-receipt.v2",
    "objective": {
      "objectiveId": "gamma-enwiki9-hutter-105m-v1",
      "objectiveDigest": "sha256:ce4c435c0f398caf65a09050c8518d9c5ea63239f9156048ea2aaaf9b8ffa7e8",
      "objectivePath": "contracts/research/v1/objective-contract.json",
      "targetScoreBytes": 105000000,
      "corpusBytes": 1000000000,
      "corpusSha256": "159b85351e5f76e60cbe32e04c677847a9ecba3adc79addab6f4c6c7aa3744bc"
    },
    "label": "delta_midas_named_midpoint_gradient_65536_q0_v1",
    "phase": "diagnostic",
    "command": [
      "python3",
      "tools/nncp_delta_midas_named_midpoint_gradient.py",
      "--experiment",
      "operations/adaptive/experiments/delta_midas_named_midpoint_gradient_65536_q0_v1.json",
      "--output",
      "results/delta_midas_named_midpoint_gradient_65536_q0_v1/decision.json"
    ],
    "sample_interval_seconds": 5.0,
    "geekbench5_single_core_score": null,
    "wall_time_limit_seconds": null,
    "wall_time_measurement_complete": false,
    "wall_time_exceeded": false,
    "limit_kib": 9765625,
    "limit_mode": "tree",
    "official_decimal_limit_kib": 9765625,
    "official_decimal_over_limit_kib": 0,
    "scratch_paths": [
      "results/delta_midas_named_midpoint_gradient_65536_q0_v1"
    ],
    "temporary_disk_limit_bytes": 100000000000,
    "temporary_disk_measurement_complete": true,
    "max_sampled_temporary_disk_bytes": 6330312,
    "max_logical_cpus": null,
    "affinity_measurement_complete": true,
    "max_sampled_allowed_cpu_count": 32,
    "logical_cpu_guard_exceeded": false,
    "max_sampled_tree_live_threads": 36,
    "max_sampled_tree_runnable_threads": 4,
    "max_sampled_single_rss_kib": 6203924,
    "max_sampled_tree_rss_kib": 6251072,
    "peak_sample": {
      "processes": [
        {
          "pid": 3265085,
          "rss_kib": 47148,
          "live_threads": 32,
          "runnable_threads": 0,
          "allowed_cpus": [
            0,
            1,
            2,
            3,
            4,
            5,
            6,
            7,
            8,
            9,
            10,
            11,
            12,
            13,
            14,
            15,
            16,
            17,
            18,
            19,
            20,
            21,
            22,
            23,
            24,
            25,
            26,
            27,
            28,
            29,
            30,
            31
          ]
        },
        {
          "pid": 3265442,
          "rss_kib": 6203924,
          "live_threads": 4,
          "runnable_threads": 0,
          "allowed_cpus": [
            0,
            1,
            2,
            3,
            4,
            5,
            6,
            7,
            8,
            9,
            10,
            11,
            12,
            13,
            14,
            15,
            16,
            17,
            18,
            19,
            20,
            21,
            22,
            23,
            24,
            25,
            26,
            27,
            28,
            29,
            30,
            31
          ]
        }
      ],
      "max_single_rss_kib": 6203924,
      "tree_rss_kib": 6251072,
      "tree_live_threads": 36,
      "tree_runnable_threads": 0,
      "allowed_cpu_union": [
        0,
        1,
        2,
        3,
        4,
        5,
        6,
        7,
        8,
        9,
        10,
        11,
        12,
        13,
        14,
        15,
        16,
        17,
        18,
        19,
        20,
        21,
        22,
        23,
        24,
        25,
        26,
        27,
        28,
        29,
        30,
        31
      ]
    },
    "peak_tree_sample": {
      "processes": [
        {
          "pid": 3265085,
          "rss_kib": 47148,
          "live_threads": 32,
          "runnable_threads": 0,
          "allowed_cpus": [
            0,
            1,
            2,
            3,
            4,
            5,
            6,
            7,
            8,
            9,
            10,
            11,
            12,
            13,
            14,
            15,
            16,
            17,
            18,
            19,
            20,
            21,
            22,
            23,
            24,
            25,
            26,
            27,
            28,
            29,
            30,
            31
          ]
        },
        {
          "pid": 3265442,
          "rss_kib": 6203924,
          "live_threads": 4,
          "runnable_threads": 0,
          "allowed_cpus": [
            0,
            1,
            2,
            3,
            4,
            5,
            6,
            7,
            8,
            9,
            10,
            11,
            12,
            13,
            14,
            15,
            16,
            17,
            18,
            19,
            20,
            21,
            22,
            23,
            24,
            25,
            26,
            27,
            28,
            29,
            30,
            31
          ]
        }
      ],
      "max_single_rss_kib": 6203924,
      "tree_rss_kib": 6251072,
      "tree_live_threads": 36,
      "tree_runnable_threads": 0,
      "allowed_cpu_union": [
        0,
        1,
        2,
        3,
        4,
        5,
        6,
        7,
        8,
        9,
        10,
        11,
        12,
        13,
        14,
        15,
        16,
        17,
        18,
        19,
        20,
        21,
        22,
        23,
        24,
        25,
        26,
        27,
        28,
        29,
        30,
        31
      ]
    },
    "latest_sample": {
      "processes": [],
      "max_single_rss_kib": 0,
      "tree_rss_kib": 0,
      "tree_live_threads": 0,
      "tree_runnable_threads": 0,
      "allowed_cpu_union": []
    },
    "sample_count": 7,
    "rss_guard_exceeded": false,
    "official_decimal_memory_exceeded": false,
    "temporary_disk_guard_exceeded": false,
    "returncode": 1,
    "status": "complete",
    "elapsed_s": 30.0137
  }
}
