{"command": ["/usr/bin/python3", "/home/x/deco/gamma/projects/enwiki9/tools/run_with_resource_guard_v3.py", "--limit-kib", "9765624", "--official-decimal-limit-kib", "9765624", "--limit-mode", "tree", "--cgroup-path", "/sys/fs/cgroup/user.slice/user-1000.slice/user@1000.service/app.slice/gamma-enwiki9-20260909T050940Z_4315f030fa", "--cgroup-memory-max-bytes", "9999998976", "--temporary-disk-limit-bytes", "16000000000", "--phase-marker-path", "/home/x/deco/gamma/projects/enwiki9/run_logs/adaptive/20260909T050940Z_4315f030fa.resources/phases.jsonl", "--max-logical-cpus", "1", "--guard-json", "/home/x/deco/gamma/projects/enwiki9/run_logs/adaptive/20260909T050940Z_4315f030fa.resources/guard.json", "--label", "20260909T050940Z_4315f030fa", "--phase", "diagnostic", "--scratch-path", "/home/x/deco/gamma/projects/enwiki9/results/fx2_adaptive_package_fixture50051_q0_v1", "--scratch-path", "/home/x/deco/gamma/projects/enwiki9/run_logs/adaptive/20260909T050940Z_4315f030fa.log", "--scratch-path", "/home/x/deco/gamma/projects/enwiki9/run_logs/adaptive/20260909T050940Z_4315f030fa.resources", "--scratch-path", "/tmp/gamma-enwiki9-20260909T050940Z_4315f030fa-8nrbxf6r/fx2_adaptive_package_fixture50051_q0_v1", "--", "/usr/bin/taskset", "--cpu-list", "2", "/bin/sh", "-c", "printf '%s\\n' '{\"phase\":\"diagnostic\",\"event\":\"worker_start\",\"detail\":\"operational envelope only; no codec phase credit\"}' >> \"$GAMMA_RESOURCE_PHASE_MARKERS\" || exit 125; exec \"$@\"", "enwiki9-discovery-envelope", "/usr/bin/python3", "/home/x/deco/gamma/projects/enwiki9/tools/fx2_adaptive_package_fixture50051_q0_v1.py"], "job": {"candidate_id": "fx2_adaptive_package_fixture50051_q0_v1", "candidate_revision": {"path": "operations/adaptive/candidate-revisions/fx2_adaptive_package_fixture50051_q0_v1/20260909T050451761050Z_47d011d6b646.json", "sha256": "sha256:8d10b808519647acc36524e06163d628d210eeb8d79103c13e818c7445d35bdb"}, "candidate_tree_sha256": "sha256:47d011d6b6465a282949f9eb331c50fff171cd46e94c6b3cd3c695c7a46db0fa", "execution_guard": {"path": "tools/run_with_resource_guard_v3.py", "sha256": "sha256:044147f7ffe6922ea8dafd52fc3d4426077b20958adbcd421245ad41adcfc1e4"}, "execution_mode": "discovery", "execution_resources": {"boot_id": "3ce46712-27bc-4199-8e48-e2b3d23926cb", "budget": {"cgroup_parent": "/sys/fs/cgroup/user.slice/user-1000.slice/user@1000.service/app.slice", "cpus": [2], "memory_bytes": 9999998976, "scratch_bytes": 16000000000, "swap_bytes": 0, "wall_seconds": 900}, "cgroup_inode": 267278, "cgroup_path": "/sys/fs/cgroup/user.slice/user-1000.slice/user@1000.service/app.slice/gamma-enwiki9-20260909T050940Z_4315f030fa", "cpu_enforcement": "taskset-and-sampled-affinity-guard", "groups": [{"created": true, "inode": 267278, "kernel_cpuset": false, "memory_bytes": 9999998976, "path": "/sys/fs/cgroup/user.slice/user-1000.slice/user@1000.service/app.slice/gamma-enwiki9-20260909T050940Z_4315f030fa"}], "guard_command_sha256": "8c1360bdf41951e11d2d5afff4854d85ca2e27d78c9a8ac4845e6ffcafdf808d", "guard_path": "run_logs/adaptive/20260909T050940Z_4315f030fa.resources/guard.json", "missing_diagnostics": ["kernel cpuset controller is not delegated; taskset assignment and existing affinity guard remain active"], "timing_authority": "diagnostic"}, "experiment": {"path": "operations/adaptive/experiments/fx2_adaptive_package_fixture50051_q0_v1.json", "sha256": "sha256:20f96eff3817bdfab51ad96cde4235369c183844c2641dd27181aed3b6657e1c"}, "gate_size": 50051, "held": false, "held_at": "2026-09-09T05:09:40+00:00", "hold_history": [{"at": "2026-09-09T05:09:40+00:00", "held": true, "reason": "Preserve reviewed terminal launch failure; publish retry ownership, then run coordinator under taskset CPU2 before any guarded child is spawned. Frozen source, package and caps unchanged."}, {"at": "2026-09-09T05:11:15+00:00", "held": false, "reason": "Published3eb438d68 and unchanged321-input preflight verified; fresh admission 2026-09-09T05:10:59+00:00 RAM 76182196224 scratch 57705492480 bytes. No live/unknown competing jobs; reserve34359738368 host bytes. Coordinator must run under taskset -c2 before all child creation; same frozen package and900-second cap."}], "job_id": "20260909T050940Z_4315f030fa", "priority": 40, "proposal": {"path": "operations/adaptive/proposals/developed/949_fx2_adaptive_package_fixture50051_q0_v1.json", "sha256": "sha256:e4838aae717da043e1bffec2ec89969b9e880e5d09faa4a27369ec6f6fcfa04f"}, "proposal_id": "fx2_adaptive_package_fixture50051_q0_v1", "purpose": "diagnostic", "released_at": "2026-09-09T05:11:15+00:00", "resource_budget": {"cgroup_parent": "/sys/fs/cgroup/user.slice/user-1000.slice/user@1000.service/app.slice", "cpus": [2], "memory_bytes": 9999998976, "scratch_bytes": 16000000000, "swap_bytes": 0, "wall_seconds": 900}, "runner": {"path": "tools/fx2_adaptive_package_fixture50051_q0_v1.py", "sha256": "sha256:bf22e1f48441a211af4470ba2b75a93a22ed55c7fdb062040e6df36bd59777b5"}, "schema": "gamma.enwiki9.adaptive-job.v3", "scratch_directories": ["results/fx2_adaptive_package_fixture50051_q0_v1"], "started_at": "2026-09-09T05:11:15+00:00", "state": "running", "submitted_at": "2026-09-09T05:09:40+00:00", "tags": ["native-package-affinity-retry"], "timing_authority": "diagnostic", "tool": "tools/fx2_adaptive_package_fixture50051_q0_v1.py", "tool_args": []}}
{
  "resource_guard": {
    "cgroup": {
      "inode": 267278,
      "joined_before_exec": true,
      "memory_max_bytes": 9999998976,
      "memory_max_rounding_bytes": 0,
      "memory_peak_reset": true,
      "path": "/sys/fs/cgroup/user.slice/user-1000.slice/user@1000.service/app.slice/gamma-enwiki9-20260909T050940Z_4315f030fa",
      "previous_memory_max": "9999998976",
      "requested_memory_max_bytes": 9999998976
    },
    "cgroup_events": {
      "baseline": {
        "high": 0,
        "low": 0,
        "max": 0,
        "oom": 0,
        "oom_group_kill": 0,
        "oom_kill": 0,
        "sock_throttled": 0
      },
      "delta": {
        "high": 0,
        "low": 0,
        "max": 0,
        "oom": 0,
        "oom_group_kill": 0,
        "oom_kill": 0,
        "sock_throttled": 0
      },
      "final": {
        "high": 0,
        "low": 0,
        "max": 0,
        "oom": 0,
        "oom_group_kill": 0,
        "oom_kill": 0,
        "sock_throttled": 0
      }
    },
    "command": [
      "/usr/bin/taskset",
      "--cpu-list",
      "2",
      "/bin/sh",
      "-c",
      "printf '%s\\n' '{\"phase\":\"diagnostic\",\"event\":\"worker_start\",\"detail\":\"operational envelope only; no codec phase credit\"}' >> \"$GAMMA_RESOURCE_PHASE_MARKERS\" || exit 125; exec \"$@\"",
      "enwiki9-discovery-envelope",
      "/usr/bin/python3",
      "/home/x/deco/gamma/projects/enwiki9/tools/fx2_adaptive_package_fixture50051_q0_v1.py"
    ],
    "command_sha256": "c5d1061a64066f92d0ed2ce9808c379918891bad191a54f19d01e7f298eab5e5",
    "elapsed_s": 88.6759,
    "geekbench5_single_core_score": null,
    "guards": {
      "cgroup_memory_guard_exceeded": false,
      "logical_cpu_guard_exceeded": false,
      "measurement_incomplete": false,
      "official_decimal_memory_exceeded": false,
      "phase_marker_invalid": false,
      "rss_guard_exceeded": false,
      "temporary_disk_guard_exceeded": false,
      "wall_time_guard_exceeded": false
    },
    "label": "20260909T050940Z_4315f030fa",
    "latest_sample": {
      "allowed_cpu_union": [],
      "cgroup_current_bytes": 48955392,
      "elapsed_s": 88.6716,
      "max_single_rss_kib": 0,
      "persistent_status_misses": [],
      "processes": [],
      "scratch_allocated_bytes": 45686784,
      "scratch_file_count": 670,
      "scratch_logical_bytes": 43591623,
      "scratch_race_count": 0,
      "tree_live_threads": 0,
      "tree_rss_kib": 0,
      "tree_runnable_threads": 0
    },
    "limit_kib": 9765624,
    "limit_mode": "tree",
    "max_logical_cpus": 1,
    "measurements": {
      "affinity_complete": true,
      "cgroup_v2_complete": true,
      "per_process_vmhwm_sampled": true,
      "phase_markers_complete": true,
      "process_tree_rss_complete": true,
      "scratch_logical_and_allocated_complete": true,
      "smaps_rollup_complete": true
    },
    "objective": {
      "corpusBytes": 1000000000,
      "corpusSha256": "159b85351e5f76e60cbe32e04c677847a9ecba3adc79addab6f4c6c7aa3744bc",
      "objectiveDigest": "sha256:e91ff20e92c3cac8acb0cbe5c79fc8e8a3b427d7e151245c8eecc52b1c32fa00",
      "objectiveId": "gamma-enwiki9-hutter-90m-v3",
      "objectivePath": "contracts/research/v3/objective-contract.json",
      "targetScoreBytes": 90000000
    },
    "official_decimal_limit_kib": 9765624,
    "peak_process_vmhwm": {
      "comm": "cmix",
      "observed_elapsed_s": 58.6462,
      "pid": 2133512,
      "start_ticks": 202685820,
      "vmhwm_kib": 5245732
    },
    "peak_sample": {
      "allowed_cpu_union": [
        2
      ],
      "cgroup_current_bytes": 5459718144,
      "elapsed_s": 58.6462,
      "max_single_rss_kib": 5245732,
      "persistent_status_misses": [],
      "processes": [
        {
          "allowed_cpus": [
            2
          ],
          "comm": "python3",
          "live_threads": 1,
          "pid": 2125167,
          "rss_kib": 56932,
          "runnable_threads": 0,
          "start_ticks": 202681386,
          "vmhwm_kib": 56932
        },
        {
          "allowed_cpus": [
            2
          ],
          "comm": "timeout",
          "live_threads": 1,
          "pid": 2133507,
          "rss_kib": 7852,
          "runnable_threads": 0,
          "start_ticks": 202685820,
          "vmhwm_kib": 7852
        },
        {
          "allowed_cpus": [
            2
          ],
          "comm": "bwrap",
          "live_threads": 1,
          "pid": 2133508,
          "rss_kib": 2296,
          "runnable_threads": 0,
          "start_ticks": 202685820,
          "vmhwm_kib": 2296
        },
        {
          "allowed_cpus": [
            2
          ],
          "comm": "bwrap",
          "live_threads": 1,
          "pid": 2133510,
          "rss_kib": 1488,
          "runnable_threads": 0,
          "start_ticks": 202685820,
          "vmhwm_kib": 1488
        },
        {
          "allowed_cpus": [
            2
          ],
          "comm": "cmix",
          "live_threads": 1,
          "pid": 2133512,
          "rss_kib": 5245732,
          "runnable_threads": 1,
          "start_ticks": 202685820,
          "vmhwm_kib": 5245732
        }
      ],
      "scratch_allocated_bytes": 32681984,
      "scratch_file_count": 528,
      "scratch_logical_bytes": 14710311064,
      "scratch_race_count": 0,
      "tree_live_threads": 5,
      "tree_rss_kib": 5314300,
      "tree_runnable_threads": 1
    },
    "peak_tree_sample": {
      "allowed_cpu_union": [
        2
      ],
      "cgroup_current_bytes": 5459718144,
      "elapsed_s": 58.6462,
      "max_single_rss_kib": 5245732,
      "persistent_status_misses": [],
      "processes": [
        {
          "allowed_cpus": [
            2
          ],
          "comm": "python3",
          "live_threads": 1,
          "pid": 2125167,
          "rss_kib": 56932,
          "runnable_threads": 0,
          "start_ticks": 202681386,
          "vmhwm_kib": 56932
        },
        {
          "allowed_cpus": [
            2
          ],
          "comm": "timeout",
          "live_threads": 1,
          "pid": 2133507,
          "rss_kib": 7852,
          "runnable_threads": 0,
          "start_ticks": 202685820,
          "vmhwm_kib": 7852
        },
        {
          "allowed_cpus": [
            2
          ],
          "comm": "bwrap",
          "live_threads": 1,
          "pid": 2133508,
          "rss_kib": 2296,
          "runnable_threads": 0,
          "start_ticks": 202685820,
          "vmhwm_kib": 2296
        },
        {
          "allowed_cpus": [
            2
          ],
          "comm": "bwrap",
          "live_threads": 1,
          "pid": 2133510,
          "rss_kib": 1488,
          "runnable_threads": 0,
          "start_ticks": 202685820,
          "vmhwm_kib": 1488
        },
        {
          "allowed_cpus": [
            2
          ],
          "comm": "cmix",
          "live_threads": 1,
          "pid": 2133512,
          "rss_kib": 5245732,
          "runnable_threads": 1,
          "start_ticks": 202685820,
          "vmhwm_kib": 5245732
        }
      ],
      "scratch_allocated_bytes": 32681984,
      "scratch_file_count": 528,
      "scratch_logical_bytes": 14710311064,
      "scratch_race_count": 0,
      "tree_live_threads": 5,
      "tree_rss_kib": 5314300,
      "tree_runnable_threads": 1
    },
    "peaks": {
      "cgroup_memory_peak_bytes": 5488873472,
      "max_observed_process_vmhwm_kib": 5245732,
      "max_sampled_allowed_cpu_count": 1,
      "max_sampled_cgroup_current_bytes": 5462663168,
      "max_sampled_scratch_allocated_bytes": 45735936,
      "max_sampled_scratch_logical_bytes": 14722978340,
      "max_sampled_single_rss_kib": 5245732,
      "max_sampled_tree_live_threads": 7,
      "max_sampled_tree_rss_kib": 5314300,
      "max_sampled_tree_runnable_threads": 1
    },
    "phase": "diagnostic",
    "phase_marker_path": "/home/x/deco/gamma/projects/enwiki9/run_logs/adaptive/20260909T050940Z_4315f030fa.resources/phases.jsonl",
    "phase_markers": [
      {
        "detail": "operational envelope only; no codec phase credit",
        "event": "worker_start",
        "observed_elapsed_s": 0.0232,
        "phase": "diagnostic",
        "source_line": 1
      },
      {
        "detail": null,
        "event": "start",
        "observed_elapsed_s": 0.5238,
        "phase": "package-encode-build",
        "source_line": 2
      },
      {
        "detail": null,
        "event": "end",
        "observed_elapsed_s": 15.1881,
        "phase": "package-encode-build",
        "source_line": 3
      },
      {
        "detail": null,
        "event": "start",
        "observed_elapsed_s": 15.1881,
        "phase": "package-encode",
        "source_line": 4
      },
      {
        "detail": null,
        "event": "end",
        "observed_elapsed_s": 30.2093,
        "phase": "package-encode",
        "source_line": 5
      },
      {
        "detail": null,
        "event": "start",
        "observed_elapsed_s": 30.2093,
        "phase": "package-repeat-build",
        "source_line": 6
      },
      {
        "detail": null,
        "event": "end",
        "observed_elapsed_s": 44.4292,
        "phase": "package-repeat-build",
        "source_line": 7
      },
      {
        "detail": null,
        "event": "start",
        "observed_elapsed_s": 44.4292,
        "phase": "package-repeat",
        "source_line": 8
      },
      {
        "detail": null,
        "event": "end",
        "observed_elapsed_s": 59.6592,
        "phase": "package-repeat",
        "source_line": 9
      },
      {
        "detail": null,
        "event": "start",
        "observed_elapsed_s": 59.6592,
        "phase": "package-decode-build",
        "source_line": 10
      },
      {
        "detail": null,
        "event": "end",
        "observed_elapsed_s": 73.9049,
        "phase": "package-decode-build",
        "source_line": 11
      },
      {
        "detail": null,
        "event": "start",
        "observed_elapsed_s": 73.9049,
        "phase": "package-decode",
        "source_line": 12
      },
      {
        "detail": null,
        "event": "end",
        "observed_elapsed_s": 88.6716,
        "phase": "package-decode",
        "source_line": 13
      }
    ],
    "returncode": 0,
    "sample_count": 174,
    "sample_interval_seconds": 0.5,
    "schema": "gamma.enwiki9.resource-guard-receipt.v3",
    "scratch_paths": [
      "/home/x/deco/gamma/projects/enwiki9/results/fx2_adaptive_package_fixture50051_q0_v1",
      "/home/x/deco/gamma/projects/enwiki9/run_logs/adaptive/20260909T050940Z_4315f030fa.log",
      "/home/x/deco/gamma/projects/enwiki9/run_logs/adaptive/20260909T050940Z_4315f030fa.resources",
      "/tmp/gamma-enwiki9-20260909T050940Z_4315f030fa-8nrbxf6r/fx2_adaptive_package_fixture50051_q0_v1"
    ],
    "smaps_rollup_checkpoints": [
      {
        "elapsed_s": 0.0232,
        "processes": [
          {
            "pid": 2125167,
            "rollup_kib": {
              "AnonHugePages": 0,
              "Anonymous": 1768,
              "FilePmdMapped": 0,
              "KSM": 0,
              "LazyFree": 0,
              "Locked": 0,
              "Private_Clean": 44,
              "Private_Dirty": 1768,
              "Private_Hugetlb": 0,
              "Pss": 2761,
              "Pss_Anon": 1768,
              "Pss_Dirty": 1768,
              "Pss_File": 993,
              "Pss_Shmem": 0,
              "Referenced": 7296,
              "Rss": 7296,
              "Shared_Clean": 5484,
              "Shared_Dirty": 0,
              "Shared_Hugetlb": 0,
              "ShmemPmdMapped": 0,
              "Swap": 0,
              "SwapPss": 0
            },
            "start_ticks": 202681386
          }
        ],
        "reason": "initial+phase_marker+rss_growth",
        "tree_rss_kib": 7296
      },
      {
        "elapsed_s": 0.5238,
        "processes": [
          {
            "pid": 2125167,
            "rollup_kib": {
              "AnonHugePages": 0,
              "Anonymous": 43124,
              "FilePmdMapped": 0,
              "KSM": 0,
              "LazyFree": 0,
              "Locked": 0,
              "Private_Clean": 20,
              "Private_Dirty": 43124,
              "Private_Hugetlb": 0,
              "Pss": 46257,
              "Pss_Anon": 43124,
              "Pss_Dirty": 43124,
              "Pss_File": 3133,
              "Pss_Shmem": 0,
              "Referenced": 56816,
              "Rss": 56816,
              "Shared_Clean": 13672,
              "Shared_Dirty": 0,
              "Shared_Hugetlb": 0,
              "ShmemPmdMapped": 0,
              "Swap": 0,
              "SwapPss": 0
            },
            "start_ticks": 202681386
          },
          {
            "pid": 2125280,
            "rollup_kib": {
              "AnonHugePages": 0,
              "Anonymous": 1276,
              "FilePmdMapped": 0,
              "KSM": 0,
              "LazyFree": 0,
              "Locked": 0,
              "Private_Clean": 376,
              "Private_Dirty": 1276,
              "Private_Hugetlb": 0,
              "Pss": 3347,
              "Pss_Anon": 1276,
              "Pss_Dirty": 1276,
              "Pss_File": 2071,
              "Pss_Shmem": 0,
              "Referenced": 7560,
              "Rss": 7560,
              "Shared_Clean": 5908,
              "Shared_Dirty": 0,
              "Shared_Hugetlb": 0,
              "ShmemPmdMapped": 0,
              "Swap": 0,
              "SwapPss": 0
            },
            "start_ticks": 202681434
          },
          {
            "pid": 2125281,
            "rollup_kib": {
              "AnonHugePages": 0,
              "Anonymous": 144,
              "FilePmdMapped": 0,
              "KSM": 0,
              "LazyFree": 0,
              "Locked": 0,
              "Private_Clean": 56,
              "Private_Dirty": 44,
              "Private_Hugetlb": 0,
              "Pss": 243,
              "Pss_Anon": 94,
              "Pss_Dirty": 94,
              "Pss_File": 149,
              "Pss_Shmem": 0,
              "Referenced": 2332,
              "Rss": 2332,
              "Shared_Clean": 2132,
              "Shared_Dirty": 100,
              "Shared_Hugetlb": 0,
              "ShmemPmdMapped": 0,
              "Swap": 0,
              "SwapPss": 0
            },
            "start_ticks": 202681434
          },
          {
            "pid": 2125282,
            "rollup_kib": {
              "AnonHugePages": 0,
              "Anonymous": 220,
              "FilePmdMapped": 0,
              "KSM": 0,
              "LazyFree": 0,
              "Locked": 0,
              "Private_Clean": 0,
              "Private_Dirty": 120,
              "Private_Hugetlb": 0,
              "Pss": 218,
              "Pss_Anon": 170,
              "Pss_Dirty": 170,
              "Pss_File": 48,
              "Pss_Shmem": 0,
              "Referenced": 1428,
              "Rss": 1492,
              "Shared_Clean": 1272,
              "Shared_Dirty": 100,
              "Shared_Hugetlb": 0,
              "ShmemPmdMapped": 0,
              "Swap": 0,
              "SwapPss": 0
            },
            "start_ticks": 202681434
          },
          {
            "pid": 2125283,
            "rollup_kib": {
              "AnonHugePages": 0,
              "Anonymous": 384,
              "FilePmdMapped": 0,
              "KSM": 0,
              "LazyFree": 0,
              "Locked": 0,
              "Private_Clean": 276,
              "Private_Dirty": 384,
              "Private_Hugetlb": 0,
              "Pss": 694,
              "Pss_Anon": 384,
              "Pss_Dirty": 384,
              "Pss_File": 310,
              "Pss_Shmem": 0,
              "Referenced": 2560,
              "Rss": 2560,
              "Shared_Clean": 1900,
              "Shared_Dirty": 0,
              "Shared_Hugetlb": 0,
              "ShmemPmdMapped": 0,
              "Swap": 0,
              "SwapPss": 0
            },
            "start_ticks": 202681435
          },
          {
            "pid": 2125285,
            "rollup_kib": {
              "AnonHugePages": 0,
              "Anonymous": 280,
              "FilePmdMapped": 0,
              "KSM": 0,
              "LazyFree": 0,
              "Locked": 0,
              "Private_Clean": 1004,
              "Private_Dirty": 280,
              "Private_Hugetlb": 0,
              "Pss": 1318,
              "Pss_Anon": 280,
              "Pss_Dirty": 280,
              "Pss_File": 1038,
              "Pss_Shmem": 0,
              "Referenced": 3064,
              "Rss": 3064,
              "Shared_Clean": 1780,
              "Shared_Dirty": 0,
              "Shared_Hugetlb": 0,
              "ShmemPmdMapped": 0,
              "Swap": 0,
              "SwapPss": 0
            },
            "start_ticks": 202681435
          },
          {
            "pid": 2125286,
            "rollup_kib": {
              "AnonHugePages": 0,
              "Anonymous": 29812,
              "FilePmdMapped": 0,
              "KSM": 0,
              "LazyFree": 0,
              "Locked": 0,
              "Private_Clean": 7244,
              "Private_Dirty": 29812,
              "Private_Hugetlb": 0,
              "Pss": 37174,
              "Pss_Anon": 29812,
              "Pss_Dirty": 29812,
              "Pss_File": 7362,
              "Pss_Shmem": 0,
              "Referenced": 39644,
              "Rss": 39644,
              "Shared_Clean": 2588,
              "Shared_Dirty": 0,
              "Shared_Hugetlb": 0,
              "ShmemPmdMapped": 0,
              "Swap": 0,
              "SwapPss": 0
            },
            "start_ticks": 202681435
          }
        ],
        "reason": "phase_marker",
        "tree_rss_kib": 109276
      },
      {
        "elapsed_s": 4.5692,
        "processes": [
          {
            "pid": 2125167,
            "rollup_kib": {
              "AnonHugePages": 0,
              "Anonymous": 43124,
              "FilePmdMapped": 0,
              "KSM": 0,
              "LazyFree": 0,
              "Locked": 0,
              "Private_Clean": 20,
              "Private_Dirty": 43124,
              "Private_Hugetlb": 0,
              "Pss": 46255,
              "Pss_Anon": 43124,
              "Pss_Dirty": 43124,
              "Pss_File": 3131,
              "Pss_Shmem": 0,
              "Referenced": 56816,
              "Rss": 56816,
              "Shared_Clean": 13672,
              "Shared_Dirty": 0,
              "Shared_Hugetlb": 0,
              "ShmemPmdMapped": 0,
              "Swap": 0,
              "SwapPss": 0
            },
            "start_ticks": 202681386
          },
          {
            "pid": 2125280,
            "rollup_kib": {
              "AnonHugePages": 0,
              "Anonymous": 1276,
              "FilePmdMapped": 0,
              "KSM": 0,
              "LazyFree": 0,
              "Locked": 0,
              "Private_Clean": 388,
              "Private_Dirty": 1276,
              "Private_Hugetlb": 0,
              "Pss": 3351,
              "Pss_Anon": 1276,
              "Pss_Dirty": 1276,
              "Pss_File": 2075,
              "Pss_Shmem": 0,
              "Referenced": 7560,
              "Rss": 7560,
              "Shared_Clean": 5896,
              "Shared_Dirty": 0,
              "Shared_Hugetlb": 0,
              "ShmemPmdMapped": 0,
              "Swap": 0,
              "SwapPss": 0
            },
            "start_ticks": 202681434
          },
          {
            "pid": 2125281,
            "rollup_kib": {
              "AnonHugePages": 0,
              "Anonymous": 144,
              "FilePmdMapped": 0,
              "KSM": 0,
              "LazyFree": 0,
              "Locked": 0,
              "Private_Clean": 56,
              "Private_Dirty": 44,
              "Private_Hugetlb": 0,
              "Pss": 243,
              "Pss_Anon": 94,
              "Pss_Dirty": 94,
              "Pss_File": 149,
              "Pss_Shmem": 0,
              "Referenced": 2332,
              "Rss": 2332,
              "Shared_Clean": 2132,
              "Shared_Dirty": 100,
              "Shared_Hugetlb": 0,
              "ShmemPmdMapped": 0,
              "Swap": 0,
              "SwapPss": 0
            },
            "start_ticks": 202681434
          },
          {
            "pid": 2125282,
            "rollup_kib": {
              "AnonHugePages": 0,
              "Anonymous": 220,
              "FilePmdMapped": 0,
              "KSM": 0,
              "LazyFree": 0,
              "Locked": 0,
              "Private_Clean": 0,
              "Private_Dirty": 120,
              "Private_Hugetlb": 0,
              "Pss": 218,
              "Pss_Anon": 170,
              "Pss_Dirty": 170,
              "Pss_File": 48,
              "Pss_Shmem": 0,
              "Referenced": 1428,
              "Rss": 1492,
              "Shared_Clean": 1272,
              "Shared_Dirty": 100,
              "Shared_Hugetlb": 0,
              "ShmemPmdMapped": 0,
              "Swap": 0,
              "SwapPss": 0
            },
            "start_ticks": 202681434
          },
          {
            "pid": 2125283,
            "rollup_kib": {
              "AnonHugePages": 0,
              "Anonymous": 384,
              "FilePmdMapped": 0,
              "KSM": 0,
              "LazyFree": 0,
              "Locked": 0,
              "Private_Clean": 276,
              "Private_Dirty": 384,
              "Private_Hugetlb": 0,
              "Pss": 694,
              "Pss_Anon": 384,
              "Pss_Dirty": 384,
              "Pss_File": 310,
              "Pss_Shmem": 0,
              "Referenced": 2560,
              "Rss": 2560,
              "Shared_Clean": 1900,
              "Shared_Dirty": 0,
              "Shared_Hugetlb": 0,
              "ShmemPmdMapped": 0,
              "Swap": 0,
              "SwapPss": 0
            },
            "start_ticks": 202681435
          },
          {
            "pid": 2125285,
            "rollup_kib": {
              "AnonHugePages": 0,
              "Anonymous": 316,
              "FilePmdMapped": 0,
              "KSM": 0,
              "LazyFree": 0,
              "Locked": 0,
              "Private_Clean": 1004,
              "Private_Dirty": 316,
              "Private_Hugetlb": 0,
              "Pss": 1354,
              "Pss_Anon": 316,
              "Pss_Dirty": 316,
              "Pss_File": 1038,
              "Pss_Shmem": 0,
              "Referenced": 3100,
              "Rss": 3100,
              "Shared_Clean": 1780,
              "Shared_Dirty": 0,
              "Shared_Hugetlb": 0,
              "ShmemPmdMapped": 0,
              "Swap": 0,
              "SwapPss": 0
            },
            "start_ticks": 202681435
          },
          {
            "pid": 2125770,
            "rollup_kib": {
              "AnonHugePages": 0,
              "Anonymous": 282996,
              "FilePmdMapped": 0,
              "KSM": 0,
              "LazyFree": 0,
              "Locked": 0,
              "Private_Clean": 29404,
              "Private_Dirty": 282996,
              "Private_Hugetlb": 0,
              "Pss": 312519,
              "Pss_Anon": 282996,
              "Pss_Dirty": 282996,
              "Pss_File": 29523,
              "Pss_Shmem": 0,
              "Referenced": 315008,
              "Rss": 315008,
              "Shared_Clean": 2608,
              "Shared_Dirty": 0,
              "Shared_Hugetlb": 0,
              "ShmemPmdMapped": 0,
              "Swap": 0,
              "SwapPss": 0
            },
            "start_ticks": 202681690
          }
        ],
        "reason": "rss_growth",
        "tree_rss_kib": 388836
      },
      {
        "elapsed_s": 15.1881,
        "processes": [
          {
            "pid": 2125167,
            "rollup_kib": {
              "AnonHugePages": 0,
              "Anonymous": 43156,
              "FilePmdMapped": 0,
              "KSM": 0,
              "LazyFree": 0,
              "Locked": 0,
              "Private_Clean": 20,
              "Private_Dirty": 43156,
              "Private_Hugetlb": 0,
              "Pss": 46285,
              "Pss_Anon": 43156,
              "Pss_Dirty": 43156,
              "Pss_File": 3129,
              "Pss_Shmem": 0,
              "Referenced": 56848,
              "Rss": 56848,
              "Shared_Clean": 13672,
              "Shared_Dirty": 0,
              "Shared_Hugetlb": 0,
              "ShmemPmdMapped": 0,
              "Swap": 0,
              "SwapPss": 0
            },
            "start_ticks": 202681386
          },
          {
            "pid": 2127984,
            "rollup_kib": {
              "AnonHugePages": 0,
              "Anonymous": 1280,
              "FilePmdMapped": 0,
              "KSM": 0,
              "LazyFree": 0,
              "Locked": 0,
              "Private_Clean": 388,
              "Private_Dirty": 1280,
              "Private_Hugetlb": 0,
              "Pss": 3363,
              "Pss_Anon": 1280,
              "Pss_Dirty": 1280,
              "Pss_File": 2083,
              "Pss_Shmem": 0,
              "Referenced": 7608,
              "Rss": 7608,
              "Shared_Clean": 5940,
              "Shared_Dirty": 0,
              "Shared_Hugetlb": 0,
              "ShmemPmdMapped": 0,
              "Swap": 0,
              "SwapPss": 0
            },
            "start_ticks": 202682857
          },
          {
            "pid": 2127985,
            "rollup_kib": {
              "AnonHugePages": 0,
              "Anonymous": 144,
              "FilePmdMapped": 0,
              "KSM": 0,
              "LazyFree": 0,
              "Locked": 0,
              "Private_Clean": 56,
              "Private_Dirty": 48,
              "Private_Hugetlb": 0,
              "Pss": 245,
              "Pss_Anon": 96,
              "Pss_Dirty": 96,
              "Pss_File": 149,
              "Pss_Shmem": 0,
              "Referenced": 2320,
              "Rss": 2320,
              "Shared_Clean": 2120,
              "Shared_Dirty": 96,
              "Shared_Hugetlb": 0,
              "ShmemPmdMapped": 0,
              "Swap": 0,
              "SwapPss": 0
            },
            "start_ticks": 202682857
          },
          {
            "pid": 2127986,
            "rollup_kib": {
              "AnonHugePages": 0,
              "Anonymous": 216,
              "FilePmdMapped": 0,
              "KSM": 0,
              "LazyFree": 0,
              "Locked": 0,
              "Private_Clean": 0,
              "Private_Dirty": 120,
              "Private_Hugetlb": 0,
              "Pss": 215,
              "Pss_Anon": 168,
              "Pss_Dirty": 168,
              "Pss_File": 47,
              "Pss_Shmem": 0,
              "Referenced": 1416,
              "Rss": 1476,
              "Shared_Clean": 1260,
              "Shared_Dirty": 96,
              "Shared_Hugetlb": 0,
              "ShmemPmdMapped": 0,
              "Swap": 0,
              "SwapPss": 0
            },
            "start_ticks": 202682857
          },
          {
            "pid": 2127987,
            "rollup_kib": {
              "AnonHugePages": 0,
              "Anonymous": 1158184,
              "FilePmdMapped": 0,
              "KSM": 0,
              "LazyFree": 0,
              "Locked": 0,
              "Private_Clean": 96,
              "Private_Dirty": 1158596,
              "Private_Hugetlb": 0,
              "Pss": 1159382,
              "Pss_Anon": 1158184,
              "Pss_Dirty": 1158596,
              "Pss_File": 1198,
              "Pss_Shmem": 0,
              "Referenced": 1162644,
              "Rss": 1162644,
              "Shared_Clean": 3952,
              "Shared_Dirty": 0,
              "Shared_Hugetlb": 0,
              "ShmemPmdMapped": 0,
              "Swap": 0,
              "SwapPss": 0
            },
            "start_ticks": 202682857
          }
        ],
        "reason": "phase_marker+rss_growth",
        "tree_rss_kib": 1230820
      },
      {
        "elapsed_s": 15.7137,
        "processes": [
          {
            "pid": 2125167,
            "rollup_kib": {
              "AnonHugePages": 0,
              "Anonymous": 43156,
              "FilePmdMapped": 0,
              "KSM": 0,
              "LazyFree": 0,
              "Locked": 0,
              "Private_Clean": 20,
              "Private_Dirty": 43156,
              "Private_Hugetlb": 0,
              "Pss": 46285,
              "Pss_Anon": 43156,
              "Pss_Dirty": 43156,
              "Pss_File": 3129,
              "Pss_Shmem": 0,
              "Referenced": 56848,
              "Rss": 56848,
              "Shared_Clean": 13672,
              "Shared_Dirty": 0,
              "Shared_Hugetlb": 0,
              "ShmemPmdMapped": 0,
              "Swap": 0,
              "SwapPss": 0
            },
            "start_ticks": 202681386
          },
          {
            "pid": 2127984,
            "rollup_kib": {
              "AnonHugePages": 0,
              "Anonymous": 1280,
              "FilePmdMapped": 0,
              "KSM": 0,
              "LazyFree": 0,
              "Locked": 0,
              "Private_Clean": 172,
              "Private_Dirty": 1280,
              "Private_Hugetlb": 0,
              "Pss": 3252,
              "Pss_Anon": 1280,
              "Pss_Dirty": 1280,
              "Pss_File": 1972,
              "Pss_Shmem": 0,
              "Referenced": 7608,
              "Rss": 7608,
              "Shared_Clean": 6156,
              "Shared_Dirty": 0,
              "Shared_Hugetlb": 0,
              "ShmemPmdMapped": 0,
              "Swap": 0,
              "SwapPss": 0
            },
            "start_ticks": 202682857
          },
          {
            "pid": 2127985,
            "rollup_kib": {
              "AnonHugePages": 0,
              "Anonymous": 144,
              "FilePmdMapped": 0,
              "KSM": 0,
              "LazyFree": 0,
              "Locked": 0,
              "Private_Clean": 56,
              "Private_Dirty": 48,
              "Private_Hugetlb": 0,
              "Pss": 245,
              "Pss_Anon": 96,
              "Pss_Dirty": 96,
              "Pss_File": 149,
              "Pss_Shmem": 0,
              "Referenced": 2320,
              "Rss": 2320,
              "Shared_Clean": 2120,
              "Shared_Dirty": 96,
              "Shared_Hugetlb": 0,
              "ShmemPmdMapped": 0,
              "Swap": 0,
              "SwapPss": 0
            },
            "start_ticks": 202682857
          },
          {
            "pid": 2127986,
            "rollup_kib": {
              "AnonHugePages": 0,
              "Anonymous": 216,
              "FilePmdMapped": 0,
              "KSM": 0,
              "LazyFree": 0,
              "Locked": 0,
              "Private_Clean": 0,
              "Private_Dirty": 120,
              "Private_Hugetlb": 0,
              "Pss": 215,
              "Pss_Anon": 168,
              "Pss_Dirty": 168,
              "Pss_File": 47,
              "Pss_Shmem": 0,
              "Referenced": 1416,
              "Rss": 1476,
              "Shared_Clean": 1260,
              "Shared_Dirty": 96,
              "Shared_Hugetlb": 0,
              "ShmemPmdMapped": 0,
              "Swap": 0,
              "SwapPss": 0
            },
            "start_ticks": 202682857
          },
          {
            "pid": 2127987,
            "rollup_kib": {
              "AnonHugePages": 18432,
              "Anonymous": 2283832,
              "FilePmdMapped": 0,
              "KSM": 0,
              "LazyFree": 0,
              "Locked": 0,
              "Private_Clean": 96,
              "Private_Dirty": 2284316,
              "Private_Hugetlb": 0,
              "Pss": 2285120,
              "Pss_Anon": 2283832,
              "Pss_Dirty": 2284316,
              "Pss_File": 1288,
              "Pss_Shmem": 0,
              "Referenced": 2288556,
              "Rss": 2288556,
              "Shared_Clean": 4144,
              "Shared_Dirty": 0,
              "Shared_Hugetlb": 0,
              "ShmemPmdMapped": 0,
              "Swap": 0,
              "SwapPss": 0
            },
            "start_ticks": 202682857
          }
        ],
        "reason": "rss_growth",
        "tree_rss_kib": 2336412
      },
      {
        "elapsed_s": 16.2838,
        "processes": [
          {
            "pid": 2125167,
            "rollup_kib": {
              "AnonHugePages": 0,
              "Anonymous": 43156,
              "FilePmdMapped": 0,
              "KSM": 0,
              "LazyFree": 0,
              "Locked": 0,
              "Private_Clean": 20,
              "Private_Dirty": 43156,
              "Private_Hugetlb": 0,
              "Pss": 46289,
              "Pss_Anon": 43156,
              "Pss_Dirty": 43156,
              "Pss_File": 3133,
              "Pss_Shmem": 0,
              "Referenced": 56848,
              "Rss": 56848,
              "Shared_Clean": 13672,
              "Shared_Dirty": 0,
              "Shared_Hugetlb": 0,
              "ShmemPmdMapped": 0,
              "Swap": 0,
              "SwapPss": 0
            },
            "start_ticks": 202681386
          },
          {
            "pid": 2127984,
            "rollup_kib": {
              "AnonHugePages": 0,
              "Anonymous": 1280,
              "FilePmdMapped": 0,
              "KSM": 0,
              "LazyFree": 0,
              "Locked": 0,
              "Private_Clean": 3552,
              "Private_Dirty": 1280,
              "Private_Hugetlb": 0,
              "Pss": 4953,
              "Pss_Anon": 1280,
              "Pss_Dirty": 1280,
              "Pss_File": 3673,
              "Pss_Shmem": 0,
              "Referenced": 7608,
              "Rss": 7608,
              "Shared_Clean": 2776,
              "Shared_Dirty": 0,
              "Shared_Hugetlb": 0,
              "ShmemPmdMapped": 0,
              "Swap": 0,
              "SwapPss": 0
            },
            "start_ticks": 202682857
          },
          {
            "pid": 2127985,
            "rollup_kib": {
              "AnonHugePages": 0,
              "Anonymous": 144,
              "FilePmdMapped": 0,
              "KSM": 0,
              "LazyFree": 0,
              "Locked": 0,
              "Private_Clean": 56,
              "Private_Dirty": 48,
              "Private_Hugetlb": 0,
              "Pss": 251,
              "Pss_Anon": 96,
              "Pss_Dirty": 96,
              "Pss_File": 155,
              "Pss_Shmem": 0,
              "Referenced": 2320,
              "Rss": 2320,
              "Shared_Clean": 2120,
              "Shared_Dirty": 96,
              "Shared_Hugetlb": 0,
              "ShmemPmdMapped": 0,
              "Swap": 0,
              "SwapPss": 0
            },
            "start_ticks": 202682857
          },
          {
            "pid": 2127986,
            "rollup_kib": {
              "AnonHugePages": 0,
              "Anonymous": 216,
              "FilePmdMapped": 0,
              "KSM": 0,
              "LazyFree": 0,
              "Locked": 0,
              "Private_Clean": 0,
              "Private_Dirty": 120,
              "Private_Hugetlb": 0,
              "Pss": 216,
              "Pss_Anon": 168,
              "Pss_Dirty": 168,
              "Pss_File": 48,
              "Pss_Shmem": 0,
              "Referenced": 1416,
              "Rss": 1476,
              "Shared_Clean": 1260,
              "Shared_Dirty": 96,
              "Shared_Hugetlb": 0,
              "ShmemPmdMapped": 0,
              "Swap": 0,
              "SwapPss": 0
            },
            "start_ticks": 202682857
          },
          {
            "pid": 2127987,
            "rollup_kib": {
              "AnonHugePages": 18432,
              "Anonymous": 3070860,
              "FilePmdMapped": 0,
              "KSM": 0,
              "LazyFree": 0,
              "Locked": 0,
              "Private_Clean": 96,
              "Private_Dirty": 3071344,
              "Private_Hugetlb": 0,
              "Pss": 3072146,
              "Pss_Anon": 3070860,
              "Pss_Dirty": 3071344,
              "Pss_File": 1286,
              "Pss_Shmem": 0,
              "Referenced": 3075584,
              "Rss": 3075584,
              "Shared_Clean": 4144,
              "Shared_Dirty": 0,
              "Shared_Hugetlb": 0,
              "ShmemPmdMapped": 0,
              "Swap": 0,
              "SwapPss": 0
            },
            "start_ticks": 202682857
          }
        ],
        "reason": "rss_growth",
        "tree_rss_kib": 3124780
      },
      {
        "elapsed_s": 16.8802,
        "processes": [
          {
            "pid": 2125167,
            "rollup_kib": {
              "AnonHugePages": 0,
              "Anonymous": 43156,
              "FilePmdMapped": 0,
              "KSM": 0,
              "LazyFree": 0,
              "Locked": 0,
              "Private_Clean": 20,
              "Private_Dirty": 43156,
              "Private_Hugetlb": 0,
              "Pss": 46288,
              "Pss_Anon": 43156,
              "Pss_Dirty": 43156,
              "Pss_File": 3132,
              "Pss_Shmem": 0,
              "Referenced": 56848,
              "Rss": 56848,
              "Shared_Clean": 13672,
              "Shared_Dirty": 0,
              "Shared_Hugetlb": 0,
              "ShmemPmdMapped": 0,
              "Swap": 0,
              "SwapPss": 0
            },
            "start_ticks": 202681386
          },
          {
            "pid": 2127984,
            "rollup_kib": {
              "AnonHugePages": 0,
              "Anonymous": 1280,
              "FilePmdMapped": 0,
              "KSM": 0,
              "LazyFree": 0,
              "Locked": 0,
              "Private_Clean": 3552,
              "Private_Dirty": 1280,
              "Private_Hugetlb": 0,
              "Pss": 4953,
              "Pss_Anon": 1280,
              "Pss_Dirty": 1280,
              "Pss_File": 3673,
              "Pss_Shmem": 0,
              "Referenced": 7608,
              "Rss": 7608,
              "Shared_Clean": 2776,
              "Shared_Dirty": 0,
              "Shared_Hugetlb": 0,
              "ShmemPmdMapped": 0,
              "Swap": 0,
              "SwapPss": 0
            },
            "start_ticks": 202682857
          },
          {
            "pid": 2127985,
            "rollup_kib": {
              "AnonHugePages": 0,
              "Anonymous": 144,
              "FilePmdMapped": 0,
              "KSM": 0,
              "LazyFree": 0,
              "Locked": 0,
              "Private_Clean": 56,
              "Private_Dirty": 48,
              "Private_Hugetlb": 0,
              "Pss": 251,
              "Pss_Anon": 96,
              "Pss_Dirty": 96,
              "Pss_File": 155,
              "Pss_Shmem": 0,
              "Referenced": 2320,
              "Rss": 2320,
              "Shared_Clean": 2120,
              "Shared_Dirty": 96,
              "Shared_Hugetlb": 0,
              "ShmemPmdMapped": 0,
              "Swap": 0,
              "SwapPss": 0
            },
            "start_ticks": 202682857
          },
          {
            "pid": 2127986,
            "rollup_kib": {
              "AnonHugePages": 0,
              "Anonymous": 216,
              "FilePmdMapped": 0,
              "KSM": 0,
              "LazyFree": 0,
              "Locked": 0,
              "Private_Clean": 0,
              "Private_Dirty": 120,
              "Private_Hugetlb": 0,
              "Pss": 216,
              "Pss_Anon": 168,
              "Pss_Dirty": 168,
              "Pss_File": 48,
              "Pss_Shmem": 0,
              "Referenced": 1416,
              "Rss": 1476,
              "Shared_Clean": 1260,
              "Shared_Dirty": 96,
              "Shared_Hugetlb": 0,
              "ShmemPmdMapped": 0,
              "Swap": 0,
              "SwapPss": 0
            },
            "start_ticks": 202682857
          },
          {
            "pid": 2127987,
            "rollup_kib": {
              "AnonHugePages": 18432,
              "Anonymous": 3570192,
              "FilePmdMapped": 0,
              "KSM": 0,
              "LazyFree": 0,
              "Locked": 0,
              "Private_Clean": 96,
              "Private_Dirty": 3570676,
              "Private_Hugetlb": 0,
              "Pss": 3571477,
              "Pss_Anon": 3570192,
              "Pss_Dirty": 3570676,
              "Pss_File": 1285,
              "Pss_Shmem": 0,
              "Referenced": 3574916,
              "Rss": 3574916,
              "Shared_Clean": 4144,
              "Shared_Dirty": 0,
              "Shared_Hugetlb": 0,
              "ShmemPmdMapped": 0,
              "Swap": 0,
              "SwapPss": 0
            },
            "start_ticks": 202682857
          }
        ],
        "reason": "rss_growth",
        "tree_rss_kib": 3628756
      },
      {
        "elapsed_s": 17.4928,
        "processes": [
          {
            "pid": 2125167,
            "rollup_kib": {
              "AnonHugePages": 0,
              "Anonymous": 43156,
              "FilePmdMapped": 0,
              "KSM": 0,
              "LazyFree": 0,
              "Locked": 0,
              "Private_Clean": 20,
              "Private_Dirty": 43156,
              "Private_Hugetlb": 0,
              "Pss": 46288,
              "Pss_Anon": 43156,
              "Pss_Dirty": 43156,
              "Pss_File": 3132,
              "Pss_Shmem": 0,
              "Referenced": 56848,
              "Rss": 56848,
              "Shared_Clean": 13672,
              "Shared_Dirty": 0,
              "Shared_Hugetlb": 0,
              "ShmemPmdMapped": 0,
              "Swap": 0,
              "SwapPss": 0
            },
            "start_ticks": 202681386
          },
          {
            "pid": 2127984,
            "rollup_kib": {
              "AnonHugePages": 0,
              "Anonymous": 1280,
              "FilePmdMapped": 0,
              "KSM": 0,
              "LazyFree": 0,
              "Locked": 0,
              "Private_Clean": 3552,
              "Private_Dirty": 1280,
              "Private_Hugetlb": 0,
              "Pss": 4953,
              "Pss_Anon": 1280,
              "Pss_Dirty": 1280,
              "Pss_File": 3673,
              "Pss_Shmem": 0,
              "Referenced": 7608,
              "Rss": 7608,
              "Shared_Clean": 2776,
              "Shared_Dirty": 0,
              "Shared_Hugetlb": 0,
              "ShmemPmdMapped": 0,
              "Swap": 0,
              "SwapPss": 0
            },
            "start_ticks": 202682857
          },
          {
            "pid": 2127985,
            "rollup_kib": {
              "AnonHugePages": 0,
              "Anonymous": 144,
              "FilePmdMapped": 0,
              "KSM": 0,
              "LazyFree": 0,
              "Locked": 0,
              "Private_Clean": 56,
              "Private_Dirty": 48,
              "Private_Hugetlb": 0,
              "Pss": 251,
              "Pss_Anon": 96,
              "Pss_Dirty": 96,
              "Pss_File": 155,
              "Pss_Shmem": 0,
              "Referenced": 2320,
              "Rss": 2320,
              "Shared_Clean": 2120,
              "Shared_Dirty": 96,
              "Shared_Hugetlb": 0,
              "ShmemPmdMapped": 0,
              "Swap": 0,
              "SwapPss": 0
            },
            "start_ticks": 202682857
          },
          {
            "pid": 2127986,
            "rollup_kib": {
              "AnonHugePages": 0,
              "Anonymous": 216,
              "FilePmdMapped": 0,
              "KSM": 0,
              "LazyFree": 0,
              "Locked": 0,
              "Private_Clean": 0,
              "Private_Dirty": 120,
              "Private_Hugetlb": 0,
              "Pss": 216,
              "Pss_Anon": 168,
              "Pss_Dirty": 168,
              "Pss_File": 48,
              "Pss_Shmem": 0,
              "Referenced": 1416,
              "Rss": 1476,
              "Shared_Clean": 1260,
              "Shared_Dirty": 96,
              "Shared_Hugetlb": 0,
              "ShmemPmdMapped": 0,
              "Swap": 0,
              "SwapPss": 0
            },
            "start_ticks": 202682857
          },
          {
            "pid": 2127987,
            "rollup_kib": {
              "AnonHugePages": 18432,
              "Anonymous": 3913016,
              "FilePmdMapped": 0,
              "KSM": 0,
              "LazyFree": 0,
              "Locked": 0,
              "Private_Clean": 96,
              "Private_Dirty": 3913500,
              "Private_Hugetlb": 0,
              "Pss": 3914300,
              "Pss_Anon": 3913016,
              "Pss_Dirty": 3913500,
              "Pss_File": 1284,
              "Pss_Shmem": 0,
              "Referenced": 3917740,
              "Rss": 3917740,
              "Shared_Clean": 4144,
              "Shared_Dirty": 0,
              "Shared_Hugetlb": 0,
              "ShmemPmdMapped": 0,
              "Swap": 0,
              "SwapPss": 0
            },
            "start_ticks": 202682857
          }
        ],
        "reason": "rss_growth",
        "tree_rss_kib": 3974028
      },
      {
        "elapsed_s": 18.6171,
        "processes": [
          {
            "pid": 2125167,
            "rollup_kib": {
              "AnonHugePages": 0,
              "Anonymous": 43156,
              "FilePmdMapped": 0,
              "KSM": 0,
              "LazyFree": 0,
              "Locked": 0,
              "Private_Clean": 20,
              "Private_Dirty": 43156,
              "Private_Hugetlb": 0,
              "Pss": 46285,
              "Pss_Anon": 43156,
              "Pss_Dirty": 43156,
              "Pss_File": 3129,
              "Pss_Shmem": 0,
              "Referenced": 56848,
              "Rss": 56848,
              "Shared_Clean": 13672,
              "Shared_Dirty": 0,
              "Shared_Hugetlb": 0,
              "ShmemPmdMapped": 0,
              "Swap": 0,
              "SwapPss": 0
            },
            "start_ticks": 202681386
          },
          {
            "pid": 2127984,
            "rollup_kib": {
              "AnonHugePages": 0,
              "Anonymous": 1280,
              "FilePmdMapped": 0,
              "KSM": 0,
              "LazyFree": 0,
              "Locked": 0,
              "Private_Clean": 388,
              "Private_Dirty": 1280,
              "Private_Hugetlb": 0,
              "Pss": 3362,
              "Pss_Anon": 1280,
              "Pss_Dirty": 1280,
              "Pss_File": 2082,
              "Pss_Shmem": 0,
              "Referenced": 7608,
              "Rss": 7608,
              "Shared_Clean": 5940,
              "Shared_Dirty": 0,
              "Shared_Hugetlb": 0,
              "ShmemPmdMapped": 0,
              "Swap": 0,
              "SwapPss": 0
            },
            "start_ticks": 202682857
          },
          {
            "pid": 2127985,
            "rollup_kib": {
              "AnonHugePages": 0,
              "Anonymous": 144,
              "FilePmdMapped": 0,
              "KSM": 0,
              "LazyFree": 0,
              "Locked": 0,
              "Private_Clean": 56,
              "Private_Dirty": 48,
              "Private_Hugetlb": 0,
              "Pss": 245,
              "Pss_Anon": 96,
              "Pss_Dirty": 96,
              "Pss_File": 149,
              "Pss_Shmem": 0,
              "Referenced": 2320,
              "Rss": 2320,
              "Shared_Clean": 2120,
              "Shared_Dirty": 96,
              "Shared_Hugetlb": 0,
              "ShmemPmdMapped": 0,
              "Swap": 0,
              "SwapPss": 0
            },
            "start_ticks": 202682857
          },
          {
            "pid": 2127986,
            "rollup_kib": {
              "AnonHugePages": 0,
              "Anonymous": 216,
              "FilePmdMapped": 0,
              "KSM": 0,
              "LazyFree": 0,
              "Locked": 0,
              "Private_Clean": 0,
              "Private_Dirty": 120,
              "Private_Hugetlb": 0,
              "Pss": 215,
              "Pss_Anon": 168,
              "Pss_Dirty": 168,
              "Pss_File": 47,
              "Pss_Shmem": 0,
              "Referenced": 1416,
              "Rss": 1476,
              "Shared_Clean": 1260,
              "Shared_Dirty": 96,
              "Shared_Hugetlb": 0,
              "ShmemPmdMapped": 0,
              "Swap": 0,
              "SwapPss": 0
            },
            "start_ticks": 202682857
          },
          {
            "pid": 2127987,
            "rollup_kib": {
              "AnonHugePages": 18432,
              "Anonymous": 4298000,
              "FilePmdMapped": 0,
              "KSM": 0,
              "LazyFree": 0,
              "Locked": 0,
              "Private_Clean": 96,
              "Private_Dirty": 4298484,
              "Private_Hugetlb": 0,
              "Pss": 4299284,
              "Pss_Anon": 4298000,
              "Pss_Dirty": 4298484,
              "Pss_File": 1284,
              "Pss_Shmem": 0,
              "Referenced": 4302724,
              "Rss": 4302724,
              "Shared_Clean": 4144,
              "Shared_Dirty": 0,
              "Shared_Hugetlb": 0,
              "ShmemPmdMapped": 0,
              "Swap": 0,
              "SwapPss": 0
            },
            "start_ticks": 202682857
          }
        ],
        "reason": "rss_growth",
        "tree_rss_kib": 4364948
      },
      {
        "elapsed_s": 20.2512,
        "processes": [
          {
            "pid": 2125167,
            "rollup_kib": {
              "AnonHugePages": 0,
              "Anonymous": 43156,
              "FilePmdMapped": 0,
              "KSM": 0,
              "LazyFree": 0,
              "Locked": 0,
              "Private_Clean": 20,
              "Private_Dirty": 43156,
              "Private_Hugetlb": 0,
              "Pss": 46283,
              "Pss_Anon": 43156,
              "Pss_Dirty": 43156,
              "Pss_File": 3127,
              "Pss_Shmem": 0,
              "Referenced": 56848,
              "Rss": 56848,
              "Shared_Clean": 13672,
              "Shared_Dirty": 0,
              "Shared_Hugetlb": 0,
              "ShmemPmdMapped": 0,
              "Swap": 0,
              "SwapPss": 0
            },
            "start_ticks": 202681386
          },
          {
            "pid": 2127984,
            "rollup_kib": {
              "AnonHugePages": 0,
              "Anonymous": 1280,
              "FilePmdMapped": 0,
              "KSM": 0,
              "LazyFree": 0,
              "Locked": 0,
              "Private_Clean": 220,
              "Private_Dirty": 1280,
              "Private_Hugetlb": 0,
              "Pss": 3277,
              "Pss_Anon": 1280,
              "Pss_Dirty": 1280,
              "Pss_File": 1997,
              "Pss_Shmem": 0,
              "Referenced": 7608,
              "Rss": 7608,
              "Shared_Clean": 6108,
              "Shared_Dirty": 0,
              "Shared_Hugetlb": 0,
              "ShmemPmdMapped": 0,
              "Swap": 0,
              "SwapPss": 0
            },
            "start_ticks": 202682857
          },
          {
            "pid": 2127985,
            "rollup_kib": {
              "AnonHugePages": 0,
              "Anonymous": 144,
              "FilePmdMapped": 0,
              "KSM": 0,
              "LazyFree": 0,
              "Locked": 0,
              "Private_Clean": 56,
              "Private_Dirty": 48,
              "Private_Hugetlb": 0,
              "Pss": 245,
              "Pss_Anon": 96,
              "Pss_Dirty": 96,
              "Pss_File": 149,
              "Pss_Shmem": 0,
              "Referenced": 2320,
              "Rss": 2320,
              "Shared_Clean": 2120,
              "Shared_Dirty": 96,
              "Shared_Hugetlb": 0,
              "ShmemPmdMapped": 0,
              "Swap": 0,
              "SwapPss": 0
            },
            "start_ticks": 202682857
          },
          {
            "pid": 2127986,
            "rollup_kib": {
              "AnonHugePages": 0,
              "Anonymous": 216,
              "FilePmdMapped": 0,
              "KSM": 0,
              "LazyFree": 0,
              "Locked": 0,
              "Private_Clean": 0,
              "Private_Dirty": 120,
              "Private_Hugetlb": 0,
              "Pss": 215,
              "Pss_Anon": 168,
              "Pss_Dirty": 168,
              "Pss_File": 47,
              "Pss_Shmem": 0,
              "Referenced": 1416,
              "Rss": 1476,
              "Shared_Clean": 1260,
              "Shared_Dirty": 96,
              "Shared_Hugetlb": 0,
              "ShmemPmdMapped": 0,
              "Swap": 0,
              "SwapPss": 0
            },
            "start_ticks": 202682857
          },
          {
            "pid": 2127987,
            "rollup_kib": {
              "AnonHugePages": 18432,
              "Anonymous": 4595300,
              "FilePmdMapped": 0,
              "KSM": 0,
              "LazyFree": 0,
              "Locked": 0,
              "Private_Clean": 96,
              "Private_Dirty": 4595784,
              "Private_Hugetlb": 0,
              "Pss": 4596584,
              "Pss_Anon": 4595300,
              "Pss_Dirty": 4595784,
              "Pss_File": 1284,
              "Pss_Shmem": 0,
              "Referenced": 4600024,
              "Rss": 4600024,
              "Shared_Clean": 4144,
              "Shared_Dirty": 0,
              "Shared_Hugetlb": 0,
              "ShmemPmdMapped": 0,
              "Swap": 0,
              "SwapPss": 0
            },
            "start_ticks": 202682857
          }
        ],
        "reason": "rss_growth",
        "tree_rss_kib": 4664820
      },
      {
        "elapsed_s": 23.9162,
        "processes": [
          {
            "pid": 2125167,
            "rollup_kib": {
              "AnonHugePages": 0,
              "Anonymous": 43156,
              "FilePmdMapped": 0,
              "KSM": 0,
              "LazyFree": 0,
              "Locked": 0,
              "Private_Clean": 20,
              "Private_Dirty": 43156,
              "Private_Hugetlb": 0,
              "Pss": 46289,
              "Pss_Anon": 43156,
              "Pss_Dirty": 43156,
              "Pss_File": 3133,
              "Pss_Shmem": 0,
              "Referenced": 56848,
              "Rss": 56848,
              "Shared_Clean": 13672,
              "Shared_Dirty": 0,
              "Shared_Hugetlb": 0,
              "ShmemPmdMapped": 0,
              "Swap": 0,
              "SwapPss": 0
            },
            "start_ticks": 202681386
          },
          {
            "pid": 2127984,
            "rollup_kib": {
              "AnonHugePages": 0,
              "Anonymous": 1280,
              "FilePmdMapped": 0,
              "KSM": 0,
              "LazyFree": 0,
              "Locked": 0,
              "Private_Clean": 3552,
              "Private_Dirty": 1280,
              "Private_Hugetlb": 0,
              "Pss": 4953,
              "Pss_Anon": 1280,
              "Pss_Dirty": 1280,
              "Pss_File": 3673,
              "Pss_Shmem": 0,
              "Referenced": 7608,
              "Rss": 7608,
              "Shared_Clean": 2776,
              "Shared_Dirty": 0,
              "Shared_Hugetlb": 0,
              "ShmemPmdMapped": 0,
              "Swap": 0,
              "SwapPss": 0
            },
            "start_ticks": 202682857
          },
          {
            "pid": 2127985,
            "rollup_kib": {
              "AnonHugePages": 0,
              "Anonymous": 144,
              "FilePmdMapped": 0,
              "KSM": 0,
              "LazyFree": 0,
              "Locked": 0,
              "Private_Clean": 56,
              "Private_Dirty": 48,
              "Private_Hugetlb": 0,
              "Pss": 251,
              "Pss_Anon": 96,
              "Pss_Dirty": 96,
              "Pss_File": 155,
              "Pss_Shmem": 0,
              "Referenced": 2320,
              "Rss": 2320,
              "Shared_Clean": 2120,
              "Shared_Dirty": 96,
              "Shared_Hugetlb": 0,
              "ShmemPmdMapped": 0,
              "Swap": 0,
              "SwapPss": 0
            },
            "start_ticks": 202682857
          },
          {
            "pid": 2127986,
            "rollup_kib": {
              "AnonHugePages": 0,
              "Anonymous": 216,
              "FilePmdMapped": 0,
              "KSM": 0,
              "LazyFree": 0,
              "Locked": 0,
              "Private_Clean": 0,
              "Private_Dirty": 120,
              "Private_Hugetlb": 0,
              "Pss": 216,
              "Pss_Anon": 168,
              "Pss_Dirty": 168,
              "Pss_File": 48,
              "Pss_Shmem": 0,
              "Referenced": 1416,
              "Rss": 1476,
              "Shared_Clean": 1260,
              "Shared_Dirty": 96,
              "Shared_Hugetlb": 0,
              "ShmemPmdMapped": 0,
              "Swap": 0,
              "SwapPss": 0
            },
            "start_ticks": 202682857
          },
          {
            "pid": 2127987,
            "rollup_kib": {
              "AnonHugePages": 18432,
              "Anonymous": 4856860,
              "FilePmdMapped": 0,
              "KSM": 0,
              "LazyFree": 0,
              "Locked": 0,
              "Private_Clean": 96,
              "Private_Dirty": 4857344,
              "Private_Hugetlb": 0,
              "Pss": 4858148,
              "Pss_Anon": 4856860,
              "Pss_Dirty": 4857344,
              "Pss_File": 1288,
              "Pss_Shmem": 0,
              "Referenced": 4861584,
              "Rss": 4861584,
              "Shared_Clean": 4144,
              "Shared_Dirty": 0,
              "Shared_Hugetlb": 0,
              "ShmemPmdMapped": 0,
              "Swap": 0,
              "SwapPss": 0
            },
            "start_ticks": 202682857
          }
        ],
        "reason": "rss_growth",
        "tree_rss_kib": 4928740
      },
      {
        "elapsed_s": 27.5916,
        "processes": [
          {
            "pid": 2125167,
            "rollup_kib": {
              "AnonHugePages": 0,
              "Anonymous": 43156,
              "FilePmdMapped": 0,
              "KSM": 0,
              "LazyFree": 0,
              "Locked": 0,
              "Private_Clean": 20,
              "Private_Dirty": 43156,
              "Private_Hugetlb": 0,
              "Pss": 46285,
              "Pss_Anon": 43156,
              "Pss_Dirty": 43156,
              "Pss_File": 3129,
              "Pss_Shmem": 0,
              "Referenced": 56848,
              "Rss": 56848,
              "Shared_Clean": 13672,
              "Shared_Dirty": 0,
              "Shared_Hugetlb": 0,
              "ShmemPmdMapped": 0,
              "Swap": 0,
              "SwapPss": 0
            },
            "start_ticks": 202681386
          },
          {
            "pid": 2127984,
            "rollup_kib": {
              "AnonHugePages": 0,
              "Anonymous": 1280,
              "FilePmdMapped": 0,
              "KSM": 0,
              "LazyFree": 0,
              "Locked": 0,
              "Private_Clean": 428,
              "Private_Dirty": 1280,
              "Private_Hugetlb": 0,
              "Pss": 3382,
              "Pss_Anon": 1280,
              "Pss_Dirty": 1280,
              "Pss_File": 2102,
              "Pss_Shmem": 0,
              "Referenced": 7608,
              "Rss": 7608,
              "Shared_Clean": 5900,
              "Shared_Dirty": 0,
              "Shared_Hugetlb": 0,
              "ShmemPmdMapped": 0,
              "Swap": 0,
              "SwapPss": 0
            },
            "start_ticks": 202682857
          },
          {
            "pid": 2127985,
            "rollup_kib": {
              "AnonHugePages": 0,
              "Anonymous": 144,
              "FilePmdMapped": 0,
              "KSM": 0,
              "LazyFree": 0,
              "Locked": 0,
              "Private_Clean": 56,
              "Private_Dirty": 48,
              "Private_Hugetlb": 0,
              "Pss": 245,
              "Pss_Anon": 96,
              "Pss_Dirty": 96,
              "Pss_File": 149,
              "Pss_Shmem": 0,
              "Referenced": 2320,
              "Rss": 2320,
              "Shared_Clean": 2120,
              "Shared_Dirty": 96,
              "Shared_Hugetlb": 0,
              "ShmemPmdMapped": 0,
              "Swap": 0,
              "SwapPss": 0
            },
            "start_ticks": 202682857
          },
          {
            "pid": 2127986,
            "rollup_kib": {
              "AnonHugePages": 0,
              "Anonymous": 216,
              "FilePmdMapped": 0,
              "KSM": 0,
              "LazyFree": 0,
              "Locked": 0,
              "Private_Clean": 0,
              "Private_Dirty": 120,
              "Private_Hugetlb": 0,
              "Pss": 215,
              "Pss_Anon": 168,
              "Pss_Dirty": 168,
              "Pss_File": 47,
              "Pss_Shmem": 0,
              "Referenced": 1416,
              "Rss": 1476,
              "Shared_Clean": 1260,
              "Shared_Dirty": 96,
              "Shared_Hugetlb": 0,
              "ShmemPmdMapped": 0,
              "Swap": 0,
              "SwapPss": 0
            },
            "start_ticks": 202682857
          },
          {
            "pid": 2127987,
            "rollup_kib": {
              "AnonHugePages": 18432,
              "Anonymous": 5139352,
              "FilePmdMapped": 0,
              "KSM": 0,
              "LazyFree": 0,
              "Locked": 0,
              "Private_Clean": 180,
              "Private_Dirty": 5140244,
              "Private_Hugetlb": 0,
              "Pss": 5141130,
              "Pss_Anon": 5139352,
              "Pss_Dirty": 5140244,
              "Pss_File": 1778,
              "Pss_Shmem": 0,
              "Referenced": 5144568,
              "Rss": 5144568,
              "Shared_Clean": 4144,
              "Shared_Dirty": 0,
              "Shared_Hugetlb": 0,
              "ShmemPmdMapped": 0,
              "Swap": 0,
              "SwapPss": 0
            },
            "start_ticks": 202682857
          }
        ],
        "reason": "rss_growth",
        "tree_rss_kib": 5212776
      },
      {
        "elapsed_s": 30.2093,
        "processes": [
          {
            "pid": 2125167,
            "rollup_kib": {
              "AnonHugePages": 0,
              "Anonymous": 43212,
              "FilePmdMapped": 0,
              "KSM": 0,
              "LazyFree": 0,
              "Locked": 0,
              "Private_Clean": 20,
              "Private_Dirty": 43212,
              "Private_Hugetlb": 0,
              "Pss": 46342,
              "Pss_Anon": 43212,
              "Pss_Dirty": 43212,
              "Pss_File": 3130,
              "Pss_Shmem": 0,
              "Referenced": 56904,
              "Rss": 56904,
              "Shared_Clean": 13672,
              "Shared_Dirty": 0,
              "Shared_Hugetlb": 0,
              "ShmemPmdMapped": 0,
              "Swap": 0,
              "SwapPss": 0
            },
            "start_ticks": 202681386
          },
          {
            "pid": 2130799,
            "rollup_kib": {
              "AnonHugePages": 0,
              "Anonymous": 1272,
              "FilePmdMapped": 0,
              "KSM": 0,
              "LazyFree": 0,
              "Locked": 0,
              "Private_Clean": 3620,
              "Private_Dirty": 1272,
              "Private_Hugetlb": 0,
              "Pss": 5002,
              "Pss_Anon": 1272,
              "Pss_Dirty": 1272,
              "Pss_File": 3730,
              "Pss_Shmem": 0,
              "Referenced": 7588,
              "Rss": 7588,
              "Shared_Clean": 2696,
              "Shared_Dirty": 0,
              "Shared_Hugetlb": 0,
              "ShmemPmdMapped": 0,
              "Swap": 0,
              "SwapPss": 0
            },
            "start_ticks": 202684397
          },
          {
            "pid": 2130800,
            "rollup_kib": {
              "AnonHugePages": 0,
              "Anonymous": 144,
              "FilePmdMapped": 0,
              "KSM": 0,
              "LazyFree": 0,
              "Locked": 0,
              "Private_Clean": 56,
              "Private_Dirty": 48,
              "Private_Hugetlb": 0,
              "Pss": 256,
              "Pss_Anon": 96,
              "Pss_Dirty": 96,
              "Pss_File": 160,
              "Pss_Shmem": 0,
              "Referenced": 2352,
              "Rss": 2352,
              "Shared_Clean": 2152,
              "Shared_Dirty": 96,
              "Shared_Hugetlb": 0,
              "ShmemPmdMapped": 0,
              "Swap": 0,
              "SwapPss": 0
            },
            "start_ticks": 202684397
          },
          {
            "pid": 2130801,
            "rollup_kib": {
              "AnonHugePages": 0,
              "Anonymous": 216,
              "FilePmdMapped": 0,
              "KSM": 0,
              "LazyFree": 0,
              "Locked": 0,
              "Private_Clean": 0,
              "Private_Dirty": 120,
              "Private_Hugetlb": 0,
              "Pss": 219,
              "Pss_Anon": 168,
              "Pss_Dirty": 168,
              "Pss_File": 51,
              "Pss_Shmem": 0,
              "Referenced": 1432,
              "Rss": 1492,
              "Shared_Clean": 1276,
              "Shared_Dirty": 96,
              "Shared_Hugetlb": 0,
              "ShmemPmdMapped": 0,
              "Swap": 0,
              "SwapPss": 0
            },
            "start_ticks": 202684397
          },
          {
            "pid": 2130802,
            "rollup_kib": {
              "AnonHugePages": 0,
              "Anonymous": 384,
              "FilePmdMapped": 0,
              "KSM": 0,
              "LazyFree": 0,
              "Locked": 0,
              "Private_Clean": 276,
              "Private_Dirty": 384,
              "Private_Hugetlb": 0,
              "Pss": 695,
              "Pss_Anon": 384,
              "Pss_Dirty": 384,
              "Pss_File": 311,
              "Pss_Shmem": 0,
              "Referenced": 2560,
              "Rss": 2560,
              "Shared_Clean": 1900,
              "Shared_Dirty": 0,
              "Shared_Hugetlb": 0,
              "ShmemPmdMapped": 0,
              "Swap": 0,
              "SwapPss": 0
            },
            "start_ticks": 202684398
          },
          {
            "pid": 2130804,
            "rollup_kib": {
              "AnonHugePages": 0,
              "Anonymous": 280,
              "FilePmdMapped": 0,
              "KSM": 0,
              "LazyFree": 0,
              "Locked": 0,
              "Private_Clean": 1004,
              "Private_Dirty": 280,
              "Private_Hugetlb": 0,
              "Pss": 1319,
              "Pss_Anon": 280,
              "Pss_Dirty": 280,
              "Pss_File": 1039,
              "Pss_Shmem": 0,
              "Referenced": 3064,
              "Rss": 3064,
              "Shared_Clean": 1780,
              "Shared_Dirty": 0,
              "Shared_Hugetlb": 0,
              "ShmemPmdMapped": 0,
              "Swap": 0,
              "SwapPss": 0
            },
            "start_ticks": 202684398
          },
          {
            "pid": 2130805,
            "rollup_kib": {
              "AnonHugePages": 0,
              "Anonymous": 61256,
              "FilePmdMapped": 0,
              "KSM": 0,
              "LazyFree": 0,
              "Locked": 0,
              "Private_Clean": 14444,
              "Private_Dirty": 61256,
              "Private_Hugetlb": 0,
              "Pss": 75818,
              "Pss_Anon": 61256,
              "Pss_Dirty": 61256,
              "Pss_File": 14562,
              "Pss_Shmem": 0,
              "Referenced": 78276,
              "Rss": 78276,
              "Shared_Clean": 2576,
              "Shared_Dirty": 0,
              "Shared_Hugetlb": 0,
              "ShmemPmdMapped": 0,
              "Swap": 0,
              "SwapPss": 0
            },
            "start_ticks": 202684398
          }
        ],
        "reason": "phase_marker",
        "tree_rss_kib": 150776
      },
      {
        "elapsed_s": 44.4292,
        "processes": [
          {
            "pid": 2125167,
            "rollup_kib": {
              "AnonHugePages": 0,
              "Anonymous": 43240,
              "FilePmdMapped": 0,
              "KSM": 0,
              "LazyFree": 0,
              "Locked": 0,
              "Private_Clean": 20,
              "Private_Dirty": 43240,
              "Private_Hugetlb": 0,
              "Pss": 46367,
              "Pss_Anon": 43240,
              "Pss_Dirty": 43240,
              "Pss_File": 3127,
              "Pss_Shmem": 0,
              "Referenced": 56932,
              "Rss": 56932,
              "Shared_Clean": 13672,
              "Shared_Dirty": 0,
              "Shared_Hugetlb": 0,
              "ShmemPmdMapped": 0,
              "Swap": 0,
              "SwapPss": 0
            },
            "start_ticks": 202681386
          },
          {
            "pid": 2133507,
            "rollup_kib": {
              "AnonHugePages": 0,
              "Anonymous": 1280,
              "FilePmdMapped": 0,
              "KSM": 0,
              "LazyFree": 0,
              "Locked": 0,
              "Private_Clean": 316,
              "Private_Dirty": 1280,
              "Private_Hugetlb": 0,
              "Pss": 3436,
              "Pss_Anon": 1280,
              "Pss_Dirty": 1280,
              "Pss_File": 2156,
              "Pss_Shmem": 0,
              "Referenced": 7852,
              "Rss": 7852,
              "Shared_Clean": 6256,
              "Shared_Dirty": 0,
              "Shared_Hugetlb": 0,
              "ShmemPmdMapped": 0,
              "Swap": 0,
              "SwapPss": 0
            },
            "start_ticks": 202685820
          },
          {
            "pid": 2133508,
            "rollup_kib": {
              "AnonHugePages": 0,
              "Anonymous": 140,
              "FilePmdMapped": 0,
              "KSM": 0,
              "LazyFree": 0,
              "Locked": 0,
              "Private_Clean": 56,
              "Private_Dirty": 44,
              "Private_Hugetlb": 0,
              "Pss": 238,
              "Pss_Anon": 92,
              "Pss_Dirty": 92,
              "Pss_File": 146,
              "Pss_Shmem": 0,
              "Referenced": 2296,
              "Rss": 2296,
              "Shared_Clean": 2100,
              "Shared_Dirty": 96,
              "Shared_Hugetlb": 0,
              "ShmemPmdMapped": 0,
              "Swap": 0,
              "SwapPss": 0
            },
            "start_ticks": 202685820
          },
          {
            "pid": 2133510,
            "rollup_kib": {
              "AnonHugePages": 0,
              "Anonymous": 212,
              "FilePmdMapped": 0,
              "KSM": 0,
              "LazyFree": 0,
              "Locked": 0,
              "Private_Clean": 0,
              "Private_Dirty": 116,
              "Private_Hugetlb": 0,
              "Pss": 213,
              "Pss_Anon": 164,
              "Pss_Dirty": 164,
              "Pss_File": 49,
              "Pss_Shmem": 0,
              "Referenced": 1428,
              "Rss": 1488,
              "Shared_Clean": 1276,
              "Shared_Dirty": 96,
              "Shared_Hugetlb": 0,
              "ShmemPmdMapped": 0,
              "Swap": 0,
              "SwapPss": 0
            },
            "start_ticks": 202685820
          },
          {
            "pid": 2133512,
            "rollup_kib": {
              "AnonHugePages": 0,
              "Anonymous": 455068,
              "FilePmdMapped": 0,
              "KSM": 0,
              "LazyFree": 0,
              "Locked": 0,
              "Private_Clean": 32,
              "Private_Dirty": 455412,
              "Private_Hugetlb": 0,
              "Pss": 456130,
              "Pss_Anon": 455068,
              "Pss_Dirty": 455412,
              "Pss_File": 1062,
              "Pss_Shmem": 0,
              "Referenced": 459456,
              "Rss": 459456,
              "Shared_Clean": 4012,
              "Shared_Dirty": 0,
              "Shared_Hugetlb": 0,
              "ShmemPmdMapped": 0,
              "Swap": 0,
              "SwapPss": 0
            },
            "start_ticks": 202685820
          }
        ],
        "reason": "phase_marker",
        "tree_rss_kib": 508616
      },
      {
        "elapsed_s": 59.6592,
        "processes": [
          {
            "pid": 2125167,
            "rollup_kib": {
              "AnonHugePages": 0,
              "Anonymous": 43300,
              "FilePmdMapped": 0,
              "KSM": 0,
              "LazyFree": 0,
              "Locked": 0,
              "Private_Clean": 20,
              "Private_Dirty": 43300,
              "Private_Hugetlb": 0,
              "Pss": 46437,
              "Pss_Anon": 43300,
              "Pss_Dirty": 43300,
              "Pss_File": 3137,
              "Pss_Shmem": 0,
              "Referenced": 56992,
              "Rss": 56992,
              "Shared_Clean": 13672,
              "Shared_Dirty": 0,
              "Shared_Hugetlb": 0,
              "ShmemPmdMapped": 0,
              "Swap": 0,
              "SwapPss": 0
            },
            "start_ticks": 202681386
          },
          {
            "pid": 2136109,
            "rollup_kib": {
              "AnonHugePages": 0,
              "Anonymous": 1280,
              "FilePmdMapped": 0,
              "KSM": 0,
              "LazyFree": 0,
              "Locked": 0,
              "Private_Clean": 3732,
              "Private_Dirty": 1280,
              "Private_Hugetlb": 0,
              "Pss": 5125,
              "Pss_Anon": 1280,
              "Pss_Dirty": 1280,
              "Pss_File": 3845,
              "Pss_Shmem": 0,
              "Referenced": 7736,
              "Rss": 7736,
              "Shared_Clean": 2724,
              "Shared_Dirty": 0,
              "Shared_Hugetlb": 0,
              "ShmemPmdMapped": 0,
              "Swap": 0,
              "SwapPss": 0
            },
            "start_ticks": 202687310
          },
          {
            "pid": 2136110,
            "rollup_kib": {
              "AnonHugePages": 0,
              "Anonymous": 140,
              "FilePmdMapped": 0,
              "KSM": 0,
              "LazyFree": 0,
              "Locked": 0,
              "Private_Clean": 56,
              "Private_Dirty": 44,
              "Private_Hugetlb": 0,
              "Pss": 249,
              "Pss_Anon": 92,
              "Pss_Dirty": 92,
              "Pss_File": 157,
              "Pss_Shmem": 0,
              "Referenced": 2348,
              "Rss": 2348,
              "Shared_Clean": 2152,
              "Shared_Dirty": 96,
              "Shared_Hugetlb": 0,
              "ShmemPmdMapped": 0,
              "Swap": 0,
              "SwapPss": 0
            },
            "start_ticks": 202687310
          },
          {
            "pid": 2136111,
            "rollup_kib": {
              "AnonHugePages": 0,
              "Anonymous": 216,
              "FilePmdMapped": 0,
              "KSM": 0,
              "LazyFree": 0,
              "Locked": 0,
              "Private_Clean": 0,
              "Private_Dirty": 120,
              "Private_Hugetlb": 0,
              "Pss": 219,
              "Pss_Anon": 168,
              "Pss_Dirty": 168,
              "Pss_File": 51,
              "Pss_Shmem": 0,
              "Referenced": 1432,
              "Rss": 1492,
              "Shared_Clean": 1276,
              "Shared_Dirty": 96,
              "Shared_Hugetlb": 0,
              "ShmemPmdMapped": 0,
              "Swap": 0,
              "SwapPss": 0
            },
            "start_ticks": 202687310
          },
          {
            "pid": 2136114,
            "rollup_kib": {
              "AnonHugePages": 0,
              "Anonymous": 380,
              "FilePmdMapped": 0,
              "KSM": 0,
              "LazyFree": 0,
              "Locked": 0,
              "Private_Clean": 276,
              "Private_Dirty": 380,
              "Private_Hugetlb": 0,
              "Pss": 690,
              "Pss_Anon": 380,
              "Pss_Dirty": 380,
              "Pss_File": 310,
              "Pss_Shmem": 0,
              "Referenced": 2556,
              "Rss": 2556,
              "Shared_Clean": 1900,
              "Shared_Dirty": 0,
              "Shared_Hugetlb": 0,
              "ShmemPmdMapped": 0,
              "Swap": 0,
              "SwapPss": 0
            },
            "start_ticks": 202687310
          },
          {
            "pid": 2136116,
            "rollup_kib": {
              "AnonHugePages": 0,
              "Anonymous": 284,
              "FilePmdMapped": 0,
              "KSM": 0,
              "LazyFree": 0,
              "Locked": 0,
              "Private_Clean": 1004,
              "Private_Dirty": 284,
              "Private_Hugetlb": 0,
              "Pss": 1322,
              "Pss_Anon": 284,
              "Pss_Dirty": 284,
              "Pss_File": 1038,
              "Pss_Shmem": 0,
              "Referenced": 3068,
              "Rss": 3068,
              "Shared_Clean": 1780,
              "Shared_Dirty": 0,
              "Shared_Hugetlb": 0,
              "ShmemPmdMapped": 0,
              "Swap": 0,
              "SwapPss": 0
            },
            "start_ticks": 202687311
          },
          {
            "pid": 2136179,
            "rollup_kib": {
              "AnonHugePages": 0,
              "Anonymous": 43600,
              "FilePmdMapped": 0,
              "KSM": 0,
              "LazyFree": 0,
              "Locked": 0,
              "Private_Clean": 12596,
              "Private_Dirty": 43600,
              "Private_Hugetlb": 0,
              "Pss": 56318,
              "Pss_Anon": 43600,
              "Pss_Dirty": 43600,
              "Pss_File": 12718,
              "Pss_Shmem": 0,
              "Referenced": 58808,
              "Rss": 58808,
              "Shared_Clean": 2612,
              "Shared_Dirty": 0,
              "Shared_Hugetlb": 0,
              "ShmemPmdMapped": 0,
              "Swap": 0,
              "SwapPss": 0
            },
            "start_ticks": 202687346
          }
        ],
        "reason": "phase_marker",
        "tree_rss_kib": 129732
      },
      {
        "elapsed_s": 73.9049,
        "processes": [
          {
            "pid": 2125167,
            "rollup_kib": {
              "AnonHugePages": 0,
              "Anonymous": 43320,
              "FilePmdMapped": 0,
              "KSM": 0,
              "LazyFree": 0,
              "Locked": 0,
              "Private_Clean": 20,
              "Private_Dirty": 43320,
              "Private_Hugetlb": 0,
              "Pss": 46449,
              "Pss_Anon": 43320,
              "Pss_Dirty": 43320,
              "Pss_File": 3129,
              "Pss_Shmem": 0,
              "Referenced": 57012,
              "Rss": 57012,
              "Shared_Clean": 13672,
              "Shared_Dirty": 0,
              "Shared_Hugetlb": 0,
              "ShmemPmdMapped": 0,
              "Swap": 0,
              "SwapPss": 0
            },
            "start_ticks": 202681386
          },
          {
            "pid": 2138702,
            "rollup_kib": {
              "AnonHugePages": 0,
              "Anonymous": 1272,
              "FilePmdMapped": 0,
              "KSM": 0,
              "LazyFree": 0,
              "Locked": 0,
              "Private_Clean": 368,
              "Private_Dirty": 1272,
              "Private_Hugetlb": 0,
              "Pss": 3426,
              "Pss_Anon": 1272,
              "Pss_Dirty": 1272,
              "Pss_File": 2154,
              "Pss_Shmem": 0,
              "Referenced": 7720,
              "Rss": 7720,
              "Shared_Clean": 6080,
              "Shared_Dirty": 0,
              "Shared_Hugetlb": 0,
              "ShmemPmdMapped": 0,
              "Swap": 0,
              "SwapPss": 0
            },
            "start_ticks": 202688744
          },
          {
            "pid": 2138703,
            "rollup_kib": {
              "AnonHugePages": 0,
              "Anonymous": 144,
              "FilePmdMapped": 0,
              "KSM": 0,
              "LazyFree": 0,
              "Locked": 0,
              "Private_Clean": 56,
              "Private_Dirty": 44,
              "Private_Hugetlb": 0,
              "Pss": 240,
              "Pss_Anon": 94,
              "Pss_Dirty": 94,
              "Pss_File": 146,
              "Pss_Shmem": 0,
              "Referenced": 2300,
              "Rss": 2300,
              "Shared_Clean": 2100,
              "Shared_Dirty": 100,
              "Shared_Hugetlb": 0,
              "ShmemPmdMapped": 0,
              "Swap": 0,
              "SwapPss": 0
            },
            "start_ticks": 202688744
          },
          {
            "pid": 2138704,
            "rollup_kib": {
              "AnonHugePages": 0,
              "Anonymous": 220,
              "FilePmdMapped": 0,
              "KSM": 0,
              "LazyFree": 0,
              "Locked": 0,
              "Private_Clean": 0,
              "Private_Dirty": 120,
              "Private_Hugetlb": 0,
              "Pss": 219,
              "Pss_Anon": 170,
              "Pss_Dirty": 170,
              "Pss_File": 49,
              "Pss_Shmem": 0,
              "Referenced": 1432,
              "Rss": 1496,
              "Shared_Clean": 1276,
              "Shared_Dirty": 100,
              "Shared_Hugetlb": 0,
              "ShmemPmdMapped": 0,
              "Swap": 0,
              "SwapPss": 0
            },
            "start_ticks": 202688744
          },
          {
            "pid": 2138705,
            "rollup_kib": {
              "AnonHugePages": 0,
              "Anonymous": 1155888,
              "FilePmdMapped": 0,
              "KSM": 0,
              "LazyFree": 0,
              "Locked": 0,
              "Private_Clean": 72,
              "Private_Dirty": 1156300,
              "Private_Hugetlb": 0,
              "Pss": 1157051,
              "Pss_Anon": 1155888,
              "Pss_Dirty": 1156300,
              "Pss_File": 1163,
              "Pss_Shmem": 0,
              "Referenced": 1160220,
              "Rss": 1160220,
              "Shared_Clean": 3848,
              "Shared_Dirty": 0,
              "Shared_Hugetlb": 0,
              "ShmemPmdMapped": 0,
              "Swap": 0,
              "SwapPss": 0
            },
            "start_ticks": 202688744
          }
        ],
        "reason": "phase_marker",
        "tree_rss_kib": 1228560
      },
      {
        "elapsed_s": 88.6716,
        "processes": [],
        "reason": "phase_marker+terminal",
        "tree_rss_kib": 0
      }
    ],
    "status": "complete",
    "temporary_disk_limit_bytes": 16000000000,
    "wall_time_limit_seconds": null
  }
}
