{"command": ["/usr/bin/python3", "/home/x/deco/gamma/projects/enwiki9/tools/run_with_resource_guard_v3.py", "--limit-kib", "9765624", "--official-decimal-limit-kib", "9765624", "--limit-mode", "tree", "--cgroup-path", "/sys/fs/cgroup/user.slice/user-1000.slice/user@1000.service/app.slice/gamma-enwiki9-20260915T185954Z_f82b5ab61a", "--cgroup-memory-max-bytes", "9999998976", "--temporary-disk-limit-bytes", "24000000000", "--phase-marker-path", "/home/x/deco/gamma/projects/enwiki9/run_logs/adaptive/20260915T185954Z_f82b5ab61a.resources/phases.jsonl", "--max-logical-cpus", "1", "--guard-json", "/home/x/deco/gamma/projects/enwiki9/run_logs/adaptive/20260915T185954Z_f82b5ab61a.resources/guard.json", "--label", "20260915T185954Z_f82b5ab61a", "--phase", "diagnostic", "--scratch-path", "/home/x/deco/gamma/projects/enwiki9/results/fx2_residual_features250k_v3", "--scratch-path", "/home/x/deco/gamma/projects/enwiki9/run_logs/adaptive/20260915T185954Z_f82b5ab61a.log", "--scratch-path", "/home/x/deco/gamma/projects/enwiki9/run_logs/adaptive/20260915T185954Z_f82b5ab61a.resources", "--scratch-path", "/tmp/gamma-enwiki9-20260915T185954Z_f82b5ab61a-1qorxu35/fx2_residual_features250k_v3", "--", "/usr/bin/taskset", "--cpu-list", "2", "/bin/sh", "-c", "printf '%s\\n' '{\"phase\":\"diagnostic\",\"event\":\"worker_start\",\"detail\":\"operational envelope only; no codec phase credit\"}' >> \"$GAMMA_RESOURCE_PHASE_MARKERS\" || exit 125; exec \"$@\"", "enwiki9-discovery-envelope", "/usr/bin/python3", "/home/x/deco/gamma/projects/enwiki9/tools/fx2_residual_features250k_v3.py"], "job": {"candidate_id": "fx2_residual_features250k_v3", "candidate_revision": {"path": "operations/adaptive/candidate-revisions/fx2_residual_features250k_v3/20260915T185954063097Z_45623b31be07.json", "sha256": "sha256:4757211c1261f61e2ac02ac93fbc0621f5fb0c01020a71cb28b74f6ff7c5c389"}, "candidate_tree_sha256": "sha256:45623b31be07fc2caf3c1b2a13cceac7cf4670b6f685a3b50154ae92447ff75e", "execution_guard": {"path": "tools/run_with_resource_guard_v3.py", "sha256": "sha256:044147f7ffe6922ea8dafd52fc3d4426077b20958adbcd421245ad41adcfc1e4"}, "execution_mode": "discovery", "execution_resources": {"boot_id": "3ce46712-27bc-4199-8e48-e2b3d23926cb", "budget": {"cgroup_parent": "/sys/fs/cgroup/user.slice/user-1000.slice/user@1000.service/app.slice", "cpus": [2], "memory_bytes": 9999998976, "scratch_bytes": 24000000000, "swap_bytes": 0, "wall_seconds": 1800}, "cgroup_inode": 334451, "cgroup_path": "/sys/fs/cgroup/user.slice/user-1000.slice/user@1000.service/app.slice/gamma-enwiki9-20260915T185954Z_f82b5ab61a", "cpu_enforcement": "taskset-and-sampled-affinity-guard", "groups": [{"created": true, "inode": 334451, "kernel_cpuset": false, "memory_bytes": 9999998976, "path": "/sys/fs/cgroup/user.slice/user-1000.slice/user@1000.service/app.slice/gamma-enwiki9-20260915T185954Z_f82b5ab61a"}], "guard_command_sha256": "c743c0ead7fb5a7677133d046cf6b9b6533117174c19ef540aa66b54c65b5de2", "guard_path": "run_logs/adaptive/20260915T185954Z_f82b5ab61a.resources/guard.json", "missing_diagnostics": ["kernel cpuset controller is not delegated; taskset assignment and existing affinity guard remain active"], "timing_authority": "diagnostic"}, "experiment": {"path": "operations/adaptive/experiments/fx2_residual_features250k_v3.json", "sha256": "sha256:3f00d38bc2af07360b47cc8ce7315ae826a66f2bf65d119b90940a7ba16cda09"}, "gate_size": 250000, "held": false, "held_at": "2026-09-15T18:59:54+00:00", "hold_history": [{"at": "2026-09-15T18:59:54+00:00", "held": true, "reason": "Publish immutable trace-boundary failure and correction-only successor; fresh CPU2 admission."}, {"at": "2026-09-15T19:01:20+00:00", "held": false, "reason": "Published11ac717c5,35input blobs verified; normalization defect exactly localized; fresh CPU2 resource admission."}], "job_id": "20260915T185954Z_f82b5ab61a", "priority": 80, "proposal": {"path": "operations/adaptive/proposals/developed/949_fx2_residual_features250k_v3.json", "sha256": "sha256:c057a7cac3460bacd0c2c3f39e4141cb5ba4f097e207267d6fc126e14f73a2c5"}, "proposal_id": "fx2_residual_features250k_v3", "purpose": "diagnostic", "released_at": "2026-09-15T19:01:20+00:00", "resource_budget": {"cgroup_parent": "/sys/fs/cgroup/user.slice/user-1000.slice/user@1000.service/app.slice", "cpus": [2], "memory_bytes": 9999998976, "scratch_bytes": 24000000000, "swap_bytes": 0, "wall_seconds": 1800}, "runner": {"path": "tools/fx2_residual_features250k_v3.py", "sha256": "sha256:abfa3b31e47069da8f16e606dbbc2a79a6b6291179bc983a5c674d9b1dc424b3"}, "schema": "gamma.enwiki9.adaptive-job.v3", "scratch_directories": ["results/fx2_residual_features250k_v3"], "started_at": "2026-09-15T19:01:21+00:00", "state": "running", "submitted_at": "2026-09-15T18:59:54+00:00", "tags": [], "timing_authority": "diagnostic", "tool": "tools/fx2_residual_features250k_v3.py", "tool_args": []}}
{"status": "passed", "scientific_verdict": "Entire declared rounded probability family cannot pay its512-byte table under ideal codelength pricing on this population. Finite archive is not bounded.", "rounded_upper_bits_diagnostic": 1386.4279275203896}
{
  "resource_guard": {
    "cgroup": {
      "inode": 334451,
      "joined_before_exec": true,
      "memory_max_bytes": 9999998976,
      "memory_max_rounding_bytes": 0,
      "memory_peak_reset": true,
      "path": "/sys/fs/cgroup/user.slice/user-1000.slice/user@1000.service/app.slice/gamma-enwiki9-20260915T185954Z_f82b5ab61a",
      "previous_memory_max": "9999998976",
      "requested_memory_max_bytes": 9999998976
    },
    "cgroup_events": {
      "baseline": {
        "high": 0,
        "low": 0,
        "max": 0,
        "oom": 0,
        "oom_group_kill": 0,
        "oom_kill": 0,
        "sock_throttled": 0
      },
      "delta": {
        "high": 0,
        "low": 0,
        "max": 0,
        "oom": 0,
        "oom_group_kill": 0,
        "oom_kill": 0,
        "sock_throttled": 0
      },
      "final": {
        "high": 0,
        "low": 0,
        "max": 0,
        "oom": 0,
        "oom_group_kill": 0,
        "oom_kill": 0,
        "sock_throttled": 0
      }
    },
    "command": [
      "/usr/bin/taskset",
      "--cpu-list",
      "2",
      "/bin/sh",
      "-c",
      "printf '%s\\n' '{\"phase\":\"diagnostic\",\"event\":\"worker_start\",\"detail\":\"operational envelope only; no codec phase credit\"}' >> \"$GAMMA_RESOURCE_PHASE_MARKERS\" || exit 125; exec \"$@\"",
      "enwiki9-discovery-envelope",
      "/usr/bin/python3",
      "/home/x/deco/gamma/projects/enwiki9/tools/fx2_residual_features250k_v3.py"
    ],
    "command_sha256": "8b4e31aa7a65864180c3ff9d93e411126f57eac4f612664c64d72272339d8e88",
    "elapsed_s": 163.3735,
    "geekbench5_single_core_score": null,
    "guards": {
      "cgroup_memory_guard_exceeded": false,
      "logical_cpu_guard_exceeded": false,
      "measurement_incomplete": false,
      "official_decimal_memory_exceeded": false,
      "phase_marker_invalid": false,
      "rss_guard_exceeded": false,
      "temporary_disk_guard_exceeded": false,
      "wall_time_guard_exceeded": false
    },
    "label": "20260915T185954Z_f82b5ab61a",
    "latest_sample": {
      "allowed_cpu_union": [],
      "cgroup_current_bytes": 162902016,
      "elapsed_s": 163.3711,
      "max_single_rss_kib": 0,
      "persistent_status_misses": [],
      "processes": [],
      "scratch_allocated_bytes": 155566080,
      "scratch_file_count": 172,
      "scratch_logical_bytes": 155013509,
      "scratch_race_count": 0,
      "tree_live_threads": 0,
      "tree_rss_kib": 0,
      "tree_runnable_threads": 0
    },
    "limit_kib": 9765624,
    "limit_mode": "tree",
    "max_logical_cpus": 1,
    "measurements": {
      "affinity_complete": true,
      "cgroup_v2_complete": true,
      "per_process_vmhwm_sampled": true,
      "phase_markers_complete": true,
      "process_tree_rss_complete": true,
      "scratch_logical_and_allocated_complete": true,
      "smaps_rollup_complete": true
    },
    "objective": {
      "corpusBytes": 1000000000,
      "corpusSha256": "159b85351e5f76e60cbe32e04c677847a9ecba3adc79addab6f4c6c7aa3744bc",
      "objectiveDigest": "sha256:e91ff20e92c3cac8acb0cbe5c79fc8e8a3b427d7e151245c8eecc52b1c32fa00",
      "objectiveId": "gamma-enwiki9-hutter-90m-v3",
      "objectivePath": "contracts/research/v3/objective-contract.json",
      "targetScoreBytes": 90000000
    },
    "official_decimal_limit_kib": 9765624,
    "peak_process_vmhwm": {
      "comm": "cmix",
      "observed_elapsed_s": 48.8157,
      "pid": 4097497,
      "start_ticks": 259503254,
      "vmhwm_kib": 5650440
    },
    "peak_sample": {
      "allowed_cpu_union": [
        2
      ],
      "cgroup_current_bytes": 5910355968,
      "elapsed_s": 48.8157,
      "max_single_rss_kib": 5650440,
      "persistent_status_misses": [],
      "processes": [
        {
          "allowed_cpus": [
            2
          ],
          "comm": "python3",
          "live_threads": 1,
          "pid": 4094952,
          "rss_kib": 65580,
          "runnable_threads": 0,
          "start_ticks": 259501937,
          "vmhwm_kib": 70892
        },
        {
          "allowed_cpus": [
            2
          ],
          "comm": "timeout",
          "live_threads": 1,
          "pid": 4097496,
          "rss_kib": 7620,
          "runnable_threads": 0,
          "start_ticks": 259503254,
          "vmhwm_kib": 7620
        },
        {
          "allowed_cpus": [
            2
          ],
          "comm": "cmix",
          "live_threads": 1,
          "pid": 4097497,
          "rss_kib": 5650440,
          "runnable_threads": 1,
          "start_ticks": 259503254,
          "vmhwm_kib": 5650440
        }
      ],
      "scratch_allocated_bytes": 59387904,
      "scratch_file_count": 149,
      "scratch_logical_bytes": 14735752181,
      "scratch_race_count": 0,
      "tree_live_threads": 3,
      "tree_rss_kib": 5723640,
      "tree_runnable_threads": 1
    },
    "peak_tree_sample": {
      "allowed_cpu_union": [
        2
      ],
      "cgroup_current_bytes": 5910355968,
      "elapsed_s": 48.8157,
      "max_single_rss_kib": 5650440,
      "persistent_status_misses": [],
      "processes": [
        {
          "allowed_cpus": [
            2
          ],
          "comm": "python3",
          "live_threads": 1,
          "pid": 4094952,
          "rss_kib": 65580,
          "runnable_threads": 0,
          "start_ticks": 259501937,
          "vmhwm_kib": 70892
        },
        {
          "allowed_cpus": [
            2
          ],
          "comm": "timeout",
          "live_threads": 1,
          "pid": 4097496,
          "rss_kib": 7620,
          "runnable_threads": 0,
          "start_ticks": 259503254,
          "vmhwm_kib": 7620
        },
        {
          "allowed_cpus": [
            2
          ],
          "comm": "cmix",
          "live_threads": 1,
          "pid": 4097497,
          "rss_kib": 5650440,
          "runnable_threads": 1,
          "start_ticks": 259503254,
          "vmhwm_kib": 5650440
        }
      ],
      "scratch_allocated_bytes": 59387904,
      "scratch_file_count": 149,
      "scratch_logical_bytes": 14735752181,
      "scratch_race_count": 0,
      "tree_live_threads": 3,
      "tree_rss_kib": 5723640,
      "tree_runnable_threads": 1
    },
    "peaks": {
      "cgroup_memory_peak_bytes": 6012841984,
      "max_observed_process_vmhwm_kib": 5650440,
      "max_sampled_allowed_cpu_count": 1,
      "max_sampled_cgroup_current_bytes": 6011793408,
      "max_sampled_scratch_allocated_bytes": 158806016,
      "max_sampled_scratch_logical_bytes": 14835140150,
      "max_sampled_single_rss_kib": 5650440,
      "max_sampled_tree_live_threads": 6,
      "max_sampled_tree_rss_kib": 5723640,
      "max_sampled_tree_runnable_threads": 1
    },
    "phase": "diagnostic",
    "phase_marker_path": "/home/x/deco/gamma/projects/enwiki9/run_logs/adaptive/20260915T185954Z_f82b5ab61a.resources/phases.jsonl",
    "phase_markers": [
      {
        "detail": "operational envelope only; no codec phase credit",
        "event": "worker_start",
        "observed_elapsed_s": 0.0226,
        "phase": "diagnostic",
        "source_line": 1
      },
      {
        "detail": null,
        "event": "start",
        "observed_elapsed_s": 0.5239,
        "phase": "compile",
        "source_line": 2
      },
      {
        "detail": null,
        "event": "end",
        "observed_elapsed_s": 13.5876,
        "phase": "compile",
        "source_line": 3
      },
      {
        "detail": null,
        "event": "start",
        "observed_elapsed_s": 13.5876,
        "phase": "encode",
        "source_line": 4
      },
      {
        "detail": null,
        "event": "end",
        "observed_elapsed_s": 49.8192,
        "phase": "encode",
        "source_line": 5
      },
      {
        "detail": null,
        "event": "start",
        "observed_elapsed_s": 49.8192,
        "phase": "decode",
        "source_line": 6
      },
      {
        "detail": null,
        "event": "end",
        "observed_elapsed_s": 85.4886,
        "phase": "decode",
        "source_line": 7
      },
      {
        "detail": null,
        "event": "start",
        "observed_elapsed_s": 85.4886,
        "phase": "repeat",
        "source_line": 8
      },
      {
        "detail": null,
        "event": "end",
        "observed_elapsed_s": 121.6602,
        "phase": "repeat",
        "source_line": 9
      },
      {
        "detail": null,
        "event": "start",
        "observed_elapsed_s": 121.6602,
        "phase": "untraced",
        "source_line": 10
      },
      {
        "detail": null,
        "event": "end",
        "observed_elapsed_s": 159.3551,
        "phase": "untraced",
        "source_line": 11
      }
    ],
    "returncode": 0,
    "sample_count": 325,
    "sample_interval_seconds": 0.5,
    "schema": "gamma.enwiki9.resource-guard-receipt.v3",
    "scratch_paths": [
      "/home/x/deco/gamma/projects/enwiki9/results/fx2_residual_features250k_v3",
      "/home/x/deco/gamma/projects/enwiki9/run_logs/adaptive/20260915T185954Z_f82b5ab61a.log",
      "/home/x/deco/gamma/projects/enwiki9/run_logs/adaptive/20260915T185954Z_f82b5ab61a.resources",
      "/tmp/gamma-enwiki9-20260915T185954Z_f82b5ab61a-1qorxu35/fx2_residual_features250k_v3"
    ],
    "smaps_rollup_checkpoints": [
      {
        "elapsed_s": 0.0226,
        "processes": [
          {
            "pid": 4094952,
            "rollup_kib": {
              "AnonHugePages": 0,
              "Anonymous": 1224,
              "FilePmdMapped": 0,
              "KSM": 0,
              "LazyFree": 0,
              "Locked": 0,
              "Private_Clean": 28,
              "Private_Dirty": 1224,
              "Private_Hugetlb": 0,
              "Pss": 1902,
              "Pss_Anon": 1224,
              "Pss_Dirty": 1224,
              "Pss_File": 678,
              "Pss_Shmem": 0,
              "Referenced": 5400,
              "Rss": 5400,
              "Shared_Clean": 4148,
              "Shared_Dirty": 0,
              "Shared_Hugetlb": 0,
              "ShmemPmdMapped": 0,
              "Swap": 0,
              "SwapPss": 0
            },
            "start_ticks": 259501937
          }
        ],
        "reason": "initial+phase_marker+rss_growth",
        "tree_rss_kib": 4028
      },
      {
        "elapsed_s": 0.5239,
        "processes": [
          {
            "pid": 4094952,
            "rollup_kib": {
              "AnonHugePages": 0,
              "Anonymous": 53252,
              "FilePmdMapped": 0,
              "KSM": 0,
              "LazyFree": 0,
              "Locked": 0,
              "Private_Clean": 84,
              "Private_Dirty": 53252,
              "Private_Hugetlb": 0,
              "Pss": 55671,
              "Pss_Anon": 53252,
              "Pss_Dirty": 53252,
              "Pss_File": 2419,
              "Pss_Shmem": 0,
              "Referenced": 65452,
              "Rss": 65452,
              "Shared_Clean": 12116,
              "Shared_Dirty": 0,
              "Shared_Hugetlb": 0,
              "ShmemPmdMapped": 0,
              "Swap": 0,
              "SwapPss": 0
            },
            "start_ticks": 259501937
          },
          {
            "pid": 4094971,
            "rollup_kib": {
              "AnonHugePages": 0,
              "Anonymous": 1248,
              "FilePmdMapped": 0,
              "KSM": 0,
              "LazyFree": 0,
              "Locked": 0,
              "Private_Clean": 468,
              "Private_Dirty": 1248,
              "Private_Hugetlb": 0,
              "Pss": 3494,
              "Pss_Anon": 1248,
              "Pss_Dirty": 1248,
              "Pss_File": 2246,
              "Pss_Shmem": 0,
              "Referenced": 7764,
              "Rss": 7764,
              "Shared_Clean": 6048,
              "Shared_Dirty": 0,
              "Shared_Hugetlb": 0,
              "ShmemPmdMapped": 0,
              "Swap": 0,
              "SwapPss": 0
            },
            "start_ticks": 259501951
          },
          {
            "pid": 4094972,
            "rollup_kib": {
              "AnonHugePages": 0,
              "Anonymous": 384,
              "FilePmdMapped": 0,
              "KSM": 0,
              "LazyFree": 0,
              "Locked": 0,
              "Private_Clean": 276,
              "Private_Dirty": 384,
              "Private_Hugetlb": 0,
              "Pss": 733,
              "Pss_Anon": 384,
              "Pss_Dirty": 384,
              "Pss_File": 349,
              "Pss_Shmem": 0,
              "Referenced": 2620,
              "Rss": 2620,
              "Shared_Clean": 1960,
              "Shared_Dirty": 0,
              "Shared_Hugetlb": 0,
              "ShmemPmdMapped": 0,
              "Swap": 0,
              "SwapPss": 0
            },
            "start_ticks": 259501951
          },
          {
            "pid": 4094974,
            "rollup_kib": {
              "AnonHugePages": 0,
              "Anonymous": 284,
              "FilePmdMapped": 0,
              "KSM": 0,
              "LazyFree": 0,
              "Locked": 0,
              "Private_Clean": 1004,
              "Private_Dirty": 284,
              "Private_Hugetlb": 0,
              "Pss": 1356,
              "Pss_Anon": 284,
              "Pss_Dirty": 284,
              "Pss_File": 1072,
              "Pss_Shmem": 0,
              "Referenced": 3124,
              "Rss": 3124,
              "Shared_Clean": 1836,
              "Shared_Dirty": 0,
              "Shared_Hugetlb": 0,
              "ShmemPmdMapped": 0,
              "Swap": 0,
              "SwapPss": 0
            },
            "start_ticks": 259501951
          },
          {
            "pid": 4095045,
            "rollup_kib": {
              "AnonHugePages": 0,
              "Anonymous": 25876,
              "FilePmdMapped": 0,
              "KSM": 0,
              "LazyFree": 0,
              "Locked": 0,
              "Private_Clean": 7016,
              "Private_Dirty": 25876,
              "Private_Hugetlb": 0,
              "Pss": 33124,
              "Pss_Anon": 25876,
              "Pss_Dirty": 25876,
              "Pss_File": 7248,
              "Pss_Shmem": 0,
              "Referenced": 35772,
              "Rss": 35772,
              "Shared_Clean": 2880,
              "Shared_Dirty": 0,
              "Shared_Hugetlb": 0,
              "ShmemPmdMapped": 0,
              "Swap": 0,
              "SwapPss": 0
            },
            "start_ticks": 259501986
          }
        ],
        "reason": "phase_marker",
        "tree_rss_kib": 113708
      },
      {
        "elapsed_s": 4.0403,
        "processes": [
          {
            "pid": 4094952,
            "rollup_kib": {
              "AnonHugePages": 0,
              "Anonymous": 53252,
              "FilePmdMapped": 0,
              "KSM": 0,
              "LazyFree": 0,
              "Locked": 0,
              "Private_Clean": 84,
              "Private_Dirty": 53252,
              "Private_Hugetlb": 0,
              "Pss": 55671,
              "Pss_Anon": 53252,
              "Pss_Dirty": 53252,
              "Pss_File": 2419,
              "Pss_Shmem": 0,
              "Referenced": 65452,
              "Rss": 65452,
              "Shared_Clean": 12116,
              "Shared_Dirty": 0,
              "Shared_Hugetlb": 0,
              "ShmemPmdMapped": 0,
              "Swap": 0,
              "SwapPss": 0
            },
            "start_ticks": 259501937
          },
          {
            "pid": 4094971,
            "rollup_kib": {
              "AnonHugePages": 0,
              "Anonymous": 1248,
              "FilePmdMapped": 0,
              "KSM": 0,
              "LazyFree": 0,
              "Locked": 0,
              "Private_Clean": 552,
              "Private_Dirty": 1248,
              "Private_Hugetlb": 0,
              "Pss": 3536,
              "Pss_Anon": 1248,
              "Pss_Dirty": 1248,
              "Pss_File": 2288,
              "Pss_Shmem": 0,
              "Referenced": 7764,
              "Rss": 7764,
              "Shared_Clean": 5964,
              "Shared_Dirty": 0,
              "Shared_Hugetlb": 0,
              "ShmemPmdMapped": 0,
              "Swap": 0,
              "SwapPss": 0
            },
            "start_ticks": 259501951
          },
          {
            "pid": 4094972,
            "rollup_kib": {
              "AnonHugePages": 0,
              "Anonymous": 384,
              "FilePmdMapped": 0,
              "KSM": 0,
              "LazyFree": 0,
              "Locked": 0,
              "Private_Clean": 276,
              "Private_Dirty": 384,
              "Private_Hugetlb": 0,
              "Pss": 733,
              "Pss_Anon": 384,
              "Pss_Dirty": 384,
              "Pss_File": 349,
              "Pss_Shmem": 0,
              "Referenced": 2620,
              "Rss": 2620,
              "Shared_Clean": 1960,
              "Shared_Dirty": 0,
              "Shared_Hugetlb": 0,
              "ShmemPmdMapped": 0,
              "Swap": 0,
              "SwapPss": 0
            },
            "start_ticks": 259501951
          },
          {
            "pid": 4094974,
            "rollup_kib": {
              "AnonHugePages": 0,
              "Anonymous": 320,
              "FilePmdMapped": 0,
              "KSM": 0,
              "LazyFree": 0,
              "Locked": 0,
              "Private_Clean": 1004,
              "Private_Dirty": 320,
              "Private_Hugetlb": 0,
              "Pss": 1392,
              "Pss_Anon": 320,
              "Pss_Dirty": 320,
              "Pss_File": 1072,
              "Pss_Shmem": 0,
              "Referenced": 3160,
              "Rss": 3160,
              "Shared_Clean": 1836,
              "Shared_Dirty": 0,
              "Shared_Hugetlb": 0,
              "ShmemPmdMapped": 0,
              "Swap": 0,
              "SwapPss": 0
            },
            "start_ticks": 259501951
          },
          {
            "pid": 4095460,
            "rollup_kib": {
              "AnonHugePages": 0,
              "Anonymous": 273176,
              "FilePmdMapped": 0,
              "KSM": 0,
              "LazyFree": 0,
              "Locked": 0,
              "Private_Clean": 29304,
              "Private_Dirty": 273176,
              "Private_Hugetlb": 0,
              "Pss": 302734,
              "Pss_Anon": 273176,
              "Pss_Dirty": 273176,
              "Pss_File": 29558,
              "Pss_Shmem": 0,
              "Referenced": 305428,
              "Rss": 305428,
              "Shared_Clean": 2948,
              "Shared_Dirty": 0,
              "Shared_Hugetlb": 0,
              "ShmemPmdMapped": 0,
              "Swap": 0,
              "SwapPss": 0
            },
            "start_ticks": 259502203
          }
        ],
        "reason": "rss_growth",
        "tree_rss_kib": 384256
      },
      {
        "elapsed_s": 13.5876,
        "processes": [
          {
            "pid": 4094952,
            "rollup_kib": {
              "AnonHugePages": 0,
              "Anonymous": 53252,
              "FilePmdMapped": 0,
              "KSM": 0,
              "LazyFree": 0,
              "Locked": 0,
              "Private_Clean": 84,
              "Private_Dirty": 53252,
              "Private_Hugetlb": 0,
              "Pss": 55706,
              "Pss_Anon": 53252,
              "Pss_Dirty": 53252,
              "Pss_File": 2454,
              "Pss_Shmem": 0,
              "Referenced": 65580,
              "Rss": 65580,
              "Shared_Clean": 12244,
              "Shared_Dirty": 0,
              "Shared_Hugetlb": 0,
              "ShmemPmdMapped": 0,
              "Swap": 0,
              "SwapPss": 0
            },
            "start_ticks": 259501937
          },
          {
            "pid": 4097496,
            "rollup_kib": {
              "AnonHugePages": 0,
              "Anonymous": 1248,
              "FilePmdMapped": 0,
              "KSM": 0,
              "LazyFree": 0,
              "Locked": 0,
              "Private_Clean": 116,
              "Private_Dirty": 1248,
              "Private_Hugetlb": 0,
              "Pss": 3248,
              "Pss_Anon": 1248,
              "Pss_Dirty": 1248,
              "Pss_File": 2000,
              "Pss_Shmem": 0,
              "Referenced": 7620,
              "Rss": 7620,
              "Shared_Clean": 6256,
              "Shared_Dirty": 0,
              "Shared_Hugetlb": 0,
              "ShmemPmdMapped": 0,
              "Swap": 0,
              "SwapPss": 0
            },
            "start_ticks": 259503254
          },
          {
            "pid": 4097497,
            "rollup_kib": {
              "AnonHugePages": 0,
              "Anonymous": 1192268,
              "FilePmdMapped": 0,
              "KSM": 0,
              "LazyFree": 0,
              "Locked": 0,
              "Private_Clean": 44,
              "Private_Dirty": 1192612,
              "Private_Hugetlb": 0,
              "Pss": 1193073,
              "Pss_Anon": 1192268,
              "Pss_Dirty": 1192612,
              "Pss_File": 805,
              "Pss_Shmem": 0,
              "Referenced": 1196652,
              "Rss": 1196652,
              "Shared_Clean": 3996,
              "Shared_Dirty": 0,
              "Shared_Hugetlb": 0,
              "ShmemPmdMapped": 0,
              "Swap": 0,
              "SwapPss": 0
            },
            "start_ticks": 259503254
          }
        ],
        "reason": "phase_marker+rss_growth",
        "tree_rss_kib": 1269852
      },
      {
        "elapsed_s": 14.1087,
        "processes": [
          {
            "pid": 4094952,
            "rollup_kib": {
              "AnonHugePages": 0,
              "Anonymous": 53252,
              "FilePmdMapped": 0,
              "KSM": 0,
              "LazyFree": 0,
              "Locked": 0,
              "Private_Clean": 84,
              "Private_Dirty": 53252,
              "Private_Hugetlb": 0,
              "Pss": 55706,
              "Pss_Anon": 53252,
              "Pss_Dirty": 53252,
              "Pss_File": 2454,
              "Pss_Shmem": 0,
              "Referenced": 65580,
              "Rss": 65580,
              "Shared_Clean": 12244,
              "Shared_Dirty": 0,
              "Shared_Hugetlb": 0,
              "ShmemPmdMapped": 0,
              "Swap": 0,
              "SwapPss": 0
            },
            "start_ticks": 259501937
          },
          {
            "pid": 4097496,
            "rollup_kib": {
              "AnonHugePages": 0,
              "Anonymous": 1248,
              "FilePmdMapped": 0,
              "KSM": 0,
              "LazyFree": 0,
              "Locked": 0,
              "Private_Clean": 128,
              "Private_Dirty": 1248,
              "Private_Hugetlb": 0,
              "Pss": 3254,
              "Pss_Anon": 1248,
              "Pss_Dirty": 1248,
              "Pss_File": 2006,
              "Pss_Shmem": 0,
              "Referenced": 7620,
              "Rss": 7620,
              "Shared_Clean": 6244,
              "Shared_Dirty": 0,
              "Shared_Hugetlb": 0,
              "ShmemPmdMapped": 0,
              "Swap": 0,
              "SwapPss": 0
            },
            "start_ticks": 259503254
          },
          {
            "pid": 4097497,
            "rollup_kib": {
              "AnonHugePages": 18432,
              "Anonymous": 2565880,
              "FilePmdMapped": 0,
              "KSM": 0,
              "LazyFree": 0,
              "Locked": 0,
              "Private_Clean": 96,
              "Private_Dirty": 2566312,
              "Private_Hugetlb": 0,
              "Pss": 2566831,
              "Pss_Anon": 2565880,
              "Pss_Dirty": 2566312,
              "Pss_File": 951,
              "Pss_Shmem": 0,
              "Referenced": 2570540,
              "Rss": 2570540,
              "Shared_Clean": 4132,
              "Shared_Dirty": 0,
              "Shared_Hugetlb": 0,
              "ShmemPmdMapped": 0,
              "Swap": 0,
              "SwapPss": 0
            },
            "start_ticks": 259503254
          }
        ],
        "reason": "rss_growth",
        "tree_rss_kib": 2623196
      },
      {
        "elapsed_s": 14.6518,
        "processes": [
          {
            "pid": 4094952,
            "rollup_kib": {
              "AnonHugePages": 0,
              "Anonymous": 53252,
              "FilePmdMapped": 0,
              "KSM": 0,
              "LazyFree": 0,
              "Locked": 0,
              "Private_Clean": 84,
              "Private_Dirty": 53252,
              "Private_Hugetlb": 0,
              "Pss": 55706,
              "Pss_Anon": 53252,
              "Pss_Dirty": 53252,
              "Pss_File": 2454,
              "Pss_Shmem": 0,
              "Referenced": 65580,
              "Rss": 65580,
              "Shared_Clean": 12244,
              "Shared_Dirty": 0,
              "Shared_Hugetlb": 0,
              "ShmemPmdMapped": 0,
              "Swap": 0,
              "SwapPss": 0
            },
            "start_ticks": 259501937
          },
          {
            "pid": 4097496,
            "rollup_kib": {
              "AnonHugePages": 0,
              "Anonymous": 1248,
              "FilePmdMapped": 0,
              "KSM": 0,
              "LazyFree": 0,
              "Locked": 0,
              "Private_Clean": 196,
              "Private_Dirty": 1248,
              "Private_Hugetlb": 0,
              "Pss": 3289,
              "Pss_Anon": 1248,
              "Pss_Dirty": 1248,
              "Pss_File": 2041,
              "Pss_Shmem": 0,
              "Referenced": 7620,
              "Rss": 7620,
              "Shared_Clean": 6176,
              "Shared_Dirty": 0,
              "Shared_Hugetlb": 0,
              "ShmemPmdMapped": 0,
              "Swap": 0,
              "SwapPss": 0
            },
            "start_ticks": 259503254
          },
          {
            "pid": 4097497,
            "rollup_kib": {
              "AnonHugePages": 18432,
              "Anonymous": 3246704,
              "FilePmdMapped": 0,
              "KSM": 0,
              "LazyFree": 0,
              "Locked": 0,
              "Private_Clean": 96,
              "Private_Dirty": 3247136,
              "Private_Hugetlb": 0,
              "Pss": 3247654,
              "Pss_Anon": 3246704,
              "Pss_Dirty": 3247136,
              "Pss_File": 950,
              "Pss_Shmem": 0,
              "Referenced": 3251364,
              "Rss": 3251364,
              "Shared_Clean": 4132,
              "Shared_Dirty": 0,
              "Shared_Hugetlb": 0,
              "ShmemPmdMapped": 0,
              "Swap": 0,
              "SwapPss": 0
            },
            "start_ticks": 259503254
          }
        ],
        "reason": "rss_growth",
        "tree_rss_kib": 3306184
      },
      {
        "elapsed_s": 15.2051,
        "processes": [
          {
            "pid": 4094952,
            "rollup_kib": {
              "AnonHugePages": 0,
              "Anonymous": 53252,
              "FilePmdMapped": 0,
              "KSM": 0,
              "LazyFree": 0,
              "Locked": 0,
              "Private_Clean": 84,
              "Private_Dirty": 53252,
              "Private_Hugetlb": 0,
              "Pss": 55706,
              "Pss_Anon": 53252,
              "Pss_Dirty": 53252,
              "Pss_File": 2454,
              "Pss_Shmem": 0,
              "Referenced": 65580,
              "Rss": 65580,
              "Shared_Clean": 12244,
              "Shared_Dirty": 0,
              "Shared_Hugetlb": 0,
              "ShmemPmdMapped": 0,
              "Swap": 0,
              "SwapPss": 0
            },
            "start_ticks": 259501937
          },
          {
            "pid": 4097496,
            "rollup_kib": {
              "AnonHugePages": 0,
              "Anonymous": 1248,
              "FilePmdMapped": 0,
              "KSM": 0,
              "LazyFree": 0,
              "Locked": 0,
              "Private_Clean": 128,
              "Private_Dirty": 1248,
              "Private_Hugetlb": 0,
              "Pss": 3255,
              "Pss_Anon": 1248,
              "Pss_Dirty": 1248,
              "Pss_File": 2007,
              "Pss_Shmem": 0,
              "Referenced": 7620,
              "Rss": 7620,
              "Shared_Clean": 6244,
              "Shared_Dirty": 0,
              "Shared_Hugetlb": 0,
              "ShmemPmdMapped": 0,
              "Swap": 0,
              "SwapPss": 0
            },
            "start_ticks": 259503254
          },
          {
            "pid": 4097497,
            "rollup_kib": {
              "AnonHugePages": 18432,
              "Anonymous": 3688644,
              "FilePmdMapped": 0,
              "KSM": 0,
              "LazyFree": 0,
              "Locked": 0,
              "Private_Clean": 96,
              "Private_Dirty": 3689076,
              "Private_Hugetlb": 0,
              "Pss": 3689597,
              "Pss_Anon": 3688644,
              "Pss_Dirty": 3689076,
              "Pss_File": 953,
              "Pss_Shmem": 0,
              "Referenced": 3693304,
              "Rss": 3693304,
              "Shared_Clean": 4132,
              "Shared_Dirty": 0,
              "Shared_Hugetlb": 0,
              "ShmemPmdMapped": 0,
              "Swap": 0,
              "SwapPss": 0
            },
            "start_ticks": 259503254
          }
        ],
        "reason": "rss_growth",
        "tree_rss_kib": 3752112
      },
      {
        "elapsed_s": 15.7645,
        "processes": [
          {
            "pid": 4094952,
            "rollup_kib": {
              "AnonHugePages": 0,
              "Anonymous": 53252,
              "FilePmdMapped": 0,
              "KSM": 0,
              "LazyFree": 0,
              "Locked": 0,
              "Private_Clean": 84,
              "Private_Dirty": 53252,
              "Private_Hugetlb": 0,
              "Pss": 55708,
              "Pss_Anon": 53252,
              "Pss_Dirty": 53252,
              "Pss_File": 2456,
              "Pss_Shmem": 0,
              "Referenced": 65580,
              "Rss": 65580,
              "Shared_Clean": 12244,
              "Shared_Dirty": 0,
              "Shared_Hugetlb": 0,
              "ShmemPmdMapped": 0,
              "Swap": 0,
              "SwapPss": 0
            },
            "start_ticks": 259501937
          },
          {
            "pid": 4097496,
            "rollup_kib": {
              "AnonHugePages": 0,
              "Anonymous": 1248,
              "FilePmdMapped": 0,
              "KSM": 0,
              "LazyFree": 0,
              "Locked": 0,
              "Private_Clean": 3612,
              "Private_Dirty": 1248,
              "Private_Hugetlb": 0,
              "Pss": 5000,
              "Pss_Anon": 1248,
              "Pss_Dirty": 1248,
              "Pss_File": 3752,
              "Pss_Shmem": 0,
              "Referenced": 7620,
              "Rss": 7620,
              "Shared_Clean": 2760,
              "Shared_Dirty": 0,
              "Shared_Hugetlb": 0,
              "ShmemPmdMapped": 0,
              "Swap": 0,
              "SwapPss": 0
            },
            "start_ticks": 259503254
          },
          {
            "pid": 4097497,
            "rollup_kib": {
              "AnonHugePages": 18432,
              "Anonymous": 3992728,
              "FilePmdMapped": 0,
              "KSM": 0,
              "LazyFree": 0,
              "Locked": 0,
              "Private_Clean": 96,
              "Private_Dirty": 3993160,
              "Private_Hugetlb": 0,
              "Pss": 3993678,
              "Pss_Anon": 3992728,
              "Pss_Dirty": 3993160,
              "Pss_File": 950,
              "Pss_Shmem": 0,
              "Referenced": 3997388,
              "Rss": 3997388,
              "Shared_Clean": 4132,
              "Shared_Dirty": 0,
              "Shared_Hugetlb": 0,
              "ShmemPmdMapped": 0,
              "Swap": 0,
              "SwapPss": 0
            },
            "start_ticks": 259503254
          }
        ],
        "reason": "rss_growth",
        "tree_rss_kib": 4060836
      },
      {
        "elapsed_s": 16.8288,
        "processes": [
          {
            "pid": 4094952,
            "rollup_kib": {
              "AnonHugePages": 0,
              "Anonymous": 53252,
              "FilePmdMapped": 0,
              "KSM": 0,
              "LazyFree": 0,
              "Locked": 0,
              "Private_Clean": 84,
              "Private_Dirty": 53252,
              "Private_Hugetlb": 0,
              "Pss": 55707,
              "Pss_Anon": 53252,
              "Pss_Dirty": 53252,
              "Pss_File": 2455,
              "Pss_Shmem": 0,
              "Referenced": 65580,
              "Rss": 65580,
              "Shared_Clean": 12244,
              "Shared_Dirty": 0,
              "Shared_Hugetlb": 0,
              "ShmemPmdMapped": 0,
              "Swap": 0,
              "SwapPss": 0
            },
            "start_ticks": 259501937
          },
          {
            "pid": 4097496,
            "rollup_kib": {
              "AnonHugePages": 0,
              "Anonymous": 1248,
              "FilePmdMapped": 0,
              "KSM": 0,
              "LazyFree": 0,
              "Locked": 0,
              "Private_Clean": 484,
              "Private_Dirty": 1248,
              "Private_Hugetlb": 0,
              "Pss": 3433,
              "Pss_Anon": 1248,
              "Pss_Dirty": 1248,
              "Pss_File": 2185,
              "Pss_Shmem": 0,
              "Referenced": 7620,
              "Rss": 7620,
              "Shared_Clean": 5888,
              "Shared_Dirty": 0,
              "Shared_Hugetlb": 0,
              "ShmemPmdMapped": 0,
              "Swap": 0,
              "SwapPss": 0
            },
            "start_ticks": 259503254
          },
          {
            "pid": 4097497,
            "rollup_kib": {
              "AnonHugePages": 18432,
              "Anonymous": 4329436,
              "FilePmdMapped": 0,
              "KSM": 0,
              "LazyFree": 0,
              "Locked": 0,
              "Private_Clean": 96,
              "Private_Dirty": 4329868,
              "Private_Hugetlb": 0,
              "Pss": 4330387,
              "Pss_Anon": 4329436,
              "Pss_Dirty": 4329868,
              "Pss_File": 951,
              "Pss_Shmem": 0,
              "Referenced": 4334096,
              "Rss": 4334096,
              "Shared_Clean": 4132,
              "Shared_Dirty": 0,
              "Shared_Hugetlb": 0,
              "ShmemPmdMapped": 0,
              "Swap": 0,
              "SwapPss": 0
            },
            "start_ticks": 259503254
          }
        ],
        "reason": "rss_growth",
        "tree_rss_kib": 4401772
      },
      {
        "elapsed_s": 18.3984,
        "processes": [
          {
            "pid": 4094952,
            "rollup_kib": {
              "AnonHugePages": 0,
              "Anonymous": 53252,
              "FilePmdMapped": 0,
              "KSM": 0,
              "LazyFree": 0,
              "Locked": 0,
              "Private_Clean": 84,
              "Private_Dirty": 53252,
              "Private_Hugetlb": 0,
              "Pss": 55708,
              "Pss_Anon": 53252,
              "Pss_Dirty": 53252,
              "Pss_File": 2456,
              "Pss_Shmem": 0,
              "Referenced": 65580,
              "Rss": 65580,
              "Shared_Clean": 12244,
              "Shared_Dirty": 0,
              "Shared_Hugetlb": 0,
              "ShmemPmdMapped": 0,
              "Swap": 0,
              "SwapPss": 0
            },
            "start_ticks": 259501937
          },
          {
            "pid": 4097496,
            "rollup_kib": {
              "AnonHugePages": 0,
              "Anonymous": 1248,
              "FilePmdMapped": 0,
              "KSM": 0,
              "LazyFree": 0,
              "Locked": 0,
              "Private_Clean": 2936,
              "Private_Dirty": 1248,
              "Private_Hugetlb": 0,
              "Pss": 4663,
              "Pss_Anon": 1248,
              "Pss_Dirty": 1248,
              "Pss_File": 3415,
              "Pss_Shmem": 0,
              "Referenced": 7620,
              "Rss": 7620,
              "Shared_Clean": 3436,
              "Shared_Dirty": 0,
              "Shared_Hugetlb": 0,
              "ShmemPmdMapped": 0,
              "Swap": 0,
              "SwapPss": 0
            },
            "start_ticks": 259503254
          },
          {
            "pid": 4097497,
            "rollup_kib": {
              "AnonHugePages": 18432,
              "Anonymous": 4611540,
              "FilePmdMapped": 0,
              "KSM": 0,
              "LazyFree": 0,
              "Locked": 0,
              "Private_Clean": 96,
              "Private_Dirty": 4611972,
              "Private_Hugetlb": 0,
              "Pss": 4612492,
              "Pss_Anon": 4611540,
              "Pss_Dirty": 4611972,
              "Pss_File": 952,
              "Pss_Shmem": 0,
              "Referenced": 4616200,
              "Rss": 4616200,
              "Shared_Clean": 4132,
              "Shared_Dirty": 0,
              "Shared_Hugetlb": 0,
              "ShmemPmdMapped": 0,
              "Swap": 0,
              "SwapPss": 0
            },
            "start_ticks": 259503254
          }
        ],
        "reason": "rss_growth",
        "tree_rss_kib": 4686388
      },
      {
        "elapsed_s": 22.4787,
        "processes": [
          {
            "pid": 4094952,
            "rollup_kib": {
              "AnonHugePages": 0,
              "Anonymous": 53252,
              "FilePmdMapped": 0,
              "KSM": 0,
              "LazyFree": 0,
              "Locked": 0,
              "Private_Clean": 84,
              "Private_Dirty": 53252,
              "Private_Hugetlb": 0,
              "Pss": 55706,
              "Pss_Anon": 53252,
              "Pss_Dirty": 53252,
              "Pss_File": 2454,
              "Pss_Shmem": 0,
              "Referenced": 65580,
              "Rss": 65580,
              "Shared_Clean": 12244,
              "Shared_Dirty": 0,
              "Shared_Hugetlb": 0,
              "ShmemPmdMapped": 0,
              "Swap": 0,
              "SwapPss": 0
            },
            "start_ticks": 259501937
          },
          {
            "pid": 4097496,
            "rollup_kib": {
              "AnonHugePages": 0,
              "Anonymous": 1248,
              "FilePmdMapped": 0,
              "KSM": 0,
              "LazyFree": 0,
              "Locked": 0,
              "Private_Clean": 520,
              "Private_Dirty": 1248,
              "Private_Hugetlb": 0,
              "Pss": 3451,
              "Pss_Anon": 1248,
              "Pss_Dirty": 1248,
              "Pss_File": 2203,
              "Pss_Shmem": 0,
              "Referenced": 7620,
              "Rss": 7620,
              "Shared_Clean": 5852,
              "Shared_Dirty": 0,
              "Shared_Hugetlb": 0,
              "ShmemPmdMapped": 0,
              "Swap": 0,
              "SwapPss": 0
            },
            "start_ticks": 259503254
          },
          {
            "pid": 4097497,
            "rollup_kib": {
              "AnonHugePages": 18432,
              "Anonymous": 4940812,
              "FilePmdMapped": 0,
              "KSM": 0,
              "LazyFree": 0,
              "Locked": 0,
              "Private_Clean": 96,
              "Private_Dirty": 4941336,
              "Private_Hugetlb": 0,
              "Pss": 4941859,
              "Pss_Anon": 4940812,
              "Pss_Dirty": 4941336,
              "Pss_File": 1047,
              "Pss_Shmem": 0,
              "Referenced": 4945564,
              "Rss": 4945564,
              "Shared_Clean": 4132,
              "Shared_Dirty": 0,
              "Shared_Hugetlb": 0,
              "ShmemPmdMapped": 0,
              "Swap": 0,
              "SwapPss": 0
            },
            "start_ticks": 259503254
          }
        ],
        "reason": "rss_growth",
        "tree_rss_kib": 5018548
      },
      {
        "elapsed_s": 24.5593,
        "processes": [
          {
            "pid": 4094952,
            "rollup_kib": {
              "AnonHugePages": 0,
              "Anonymous": 53252,
              "FilePmdMapped": 0,
              "KSM": 0,
              "LazyFree": 0,
              "Locked": 0,
              "Private_Clean": 84,
              "Private_Dirty": 53252,
              "Private_Hugetlb": 0,
              "Pss": 55708,
              "Pss_Anon": 53252,
              "Pss_Dirty": 53252,
              "Pss_File": 2456,
              "Pss_Shmem": 0,
              "Referenced": 65580,
              "Rss": 65580,
              "Shared_Clean": 12244,
              "Shared_Dirty": 0,
              "Shared_Hugetlb": 0,
              "ShmemPmdMapped": 0,
              "Swap": 0,
              "SwapPss": 0
            },
            "start_ticks": 259501937
          },
          {
            "pid": 4097496,
            "rollup_kib": {
              "AnonHugePages": 0,
              "Anonymous": 1248,
              "FilePmdMapped": 0,
              "KSM": 0,
              "LazyFree": 0,
              "Locked": 0,
              "Private_Clean": 3612,
              "Private_Dirty": 1248,
              "Private_Hugetlb": 0,
              "Pss": 5000,
              "Pss_Anon": 1248,
              "Pss_Dirty": 1248,
              "Pss_File": 3752,
              "Pss_Shmem": 0,
              "Referenced": 7620,
              "Rss": 7620,
              "Shared_Clean": 2760,
              "Shared_Dirty": 0,
              "Shared_Hugetlb": 0,
              "ShmemPmdMapped": 0,
              "Swap": 0,
              "SwapPss": 0
            },
            "start_ticks": 259503254
          },
          {
            "pid": 4097497,
            "rollup_kib": {
              "AnonHugePages": 18432,
              "Anonymous": 5214160,
              "FilePmdMapped": 0,
              "KSM": 0,
              "LazyFree": 0,
              "Locked": 0,
              "Private_Clean": 96,
              "Private_Dirty": 5214912,
              "Private_Hugetlb": 0,
              "Pss": 5215431,
              "Pss_Anon": 5214160,
              "Pss_Dirty": 5214912,
              "Pss_File": 1271,
              "Pss_Shmem": 0,
              "Referenced": 5219140,
              "Rss": 5219140,
              "Shared_Clean": 4132,
              "Shared_Dirty": 0,
              "Shared_Hugetlb": 0,
              "ShmemPmdMapped": 0,
              "Swap": 0,
              "SwapPss": 0
            },
            "start_ticks": 259503254
          }
        ],
        "reason": "rss_growth",
        "tree_rss_kib": 5291572
      },
      {
        "elapsed_s": 32.1712,
        "processes": [
          {
            "pid": 4094952,
            "rollup_kib": {
              "AnonHugePages": 0,
              "Anonymous": 53252,
              "FilePmdMapped": 0,
              "KSM": 0,
              "LazyFree": 0,
              "Locked": 0,
              "Private_Clean": 84,
              "Private_Dirty": 53252,
              "Private_Hugetlb": 0,
              "Pss": 55707,
              "Pss_Anon": 53252,
              "Pss_Dirty": 53252,
              "Pss_File": 2455,
              "Pss_Shmem": 0,
              "Referenced": 65580,
              "Rss": 65580,
              "Shared_Clean": 12244,
              "Shared_Dirty": 0,
              "Shared_Hugetlb": 0,
              "ShmemPmdMapped": 0,
              "Swap": 0,
              "SwapPss": 0
            },
            "start_ticks": 259501937
          },
          {
            "pid": 4097496,
            "rollup_kib": {
              "AnonHugePages": 0,
              "Anonymous": 1248,
              "FilePmdMapped": 0,
              "KSM": 0,
              "LazyFree": 0,
              "Locked": 0,
              "Private_Clean": 444,
              "Private_Dirty": 1248,
              "Private_Hugetlb": 0,
              "Pss": 3413,
              "Pss_Anon": 1248,
              "Pss_Dirty": 1248,
              "Pss_File": 2165,
              "Pss_Shmem": 0,
              "Referenced": 7620,
              "Rss": 7620,
              "Shared_Clean": 5928,
              "Shared_Dirty": 0,
              "Shared_Hugetlb": 0,
              "ShmemPmdMapped": 0,
              "Swap": 0,
              "SwapPss": 0
            },
            "start_ticks": 259503254
          },
          {
            "pid": 4097497,
            "rollup_kib": {
              "AnonHugePages": 18432,
              "Anonymous": 5480008,
              "FilePmdMapped": 0,
              "KSM": 0,
              "LazyFree": 0,
              "Locked": 0,
              "Private_Clean": 104,
              "Private_Dirty": 5481636,
              "Private_Hugetlb": 0,
              "Pss": 5482164,
              "Pss_Anon": 5480008,
              "Pss_Dirty": 5481636,
              "Pss_File": 2156,
              "Pss_Shmem": 0,
              "Referenced": 5485872,
              "Rss": 5485872,
              "Shared_Clean": 4132,
              "Shared_Dirty": 0,
              "Shared_Hugetlb": 0,
              "ShmemPmdMapped": 0,
              "Swap": 0,
              "SwapPss": 0
            },
            "start_ticks": 259503254
          }
        ],
        "reason": "rss_growth",
        "tree_rss_kib": 5558888
      },
      {
        "elapsed_s": 49.8192,
        "processes": [
          {
            "pid": 4094952,
            "rollup_kib": {
              "AnonHugePages": 0,
              "Anonymous": 53252,
              "FilePmdMapped": 0,
              "KSM": 0,
              "LazyFree": 0,
              "Locked": 0,
              "Private_Clean": 84,
              "Private_Dirty": 53252,
              "Private_Hugetlb": 0,
              "Pss": 55708,
              "Pss_Anon": 53252,
              "Pss_Dirty": 53252,
              "Pss_File": 2456,
              "Pss_Shmem": 0,
              "Referenced": 65580,
              "Rss": 65580,
              "Shared_Clean": 12244,
              "Shared_Dirty": 0,
              "Shared_Hugetlb": 0,
              "ShmemPmdMapped": 0,
              "Swap": 0,
              "SwapPss": 0
            },
            "start_ticks": 259501937
          },
          {
            "pid": 4104223,
            "rollup_kib": {
              "AnonHugePages": 0,
              "Anonymous": 1248,
              "FilePmdMapped": 0,
              "KSM": 0,
              "LazyFree": 0,
              "Locked": 0,
              "Private_Clean": 396,
              "Private_Dirty": 1248,
              "Private_Hugetlb": 0,
              "Pss": 3385,
              "Pss_Anon": 1248,
              "Pss_Dirty": 1248,
              "Pss_File": 2137,
              "Pss_Shmem": 0,
              "Referenced": 7572,
              "Rss": 7572,
              "Shared_Clean": 5928,
              "Shared_Dirty": 0,
              "Shared_Hugetlb": 0,
              "ShmemPmdMapped": 0,
              "Swap": 0,
              "SwapPss": 0
            },
            "start_ticks": 259506879
          },
          {
            "pid": 4104224,
            "rollup_kib": {
              "AnonHugePages": 0,
              "Anonymous": 1192352,
              "FilePmdMapped": 0,
              "KSM": 0,
              "LazyFree": 0,
              "Locked": 0,
              "Private_Clean": 304,
              "Private_Dirty": 1192352,
              "Private_Hugetlb": 0,
              "Pss": 1193071,
              "Pss_Anon": 1192352,
              "Pss_Dirty": 1192352,
              "Pss_File": 719,
              "Pss_Shmem": 0,
              "Referenced": 1196504,
              "Rss": 1196504,
              "Shared_Clean": 3848,
              "Shared_Dirty": 0,
              "Shared_Hugetlb": 0,
              "ShmemPmdMapped": 0,
              "Swap": 0,
              "SwapPss": 0
            },
            "start_ticks": 259506880
          }
        ],
        "reason": "phase_marker",
        "tree_rss_kib": 1269656
      },
      {
        "elapsed_s": 85.4886,
        "processes": [
          {
            "pid": 4094952,
            "rollup_kib": {
              "AnonHugePages": 0,
              "Anonymous": 53256,
              "FilePmdMapped": 0,
              "KSM": 0,
              "LazyFree": 0,
              "Locked": 0,
              "Private_Clean": 84,
              "Private_Dirty": 53256,
              "Private_Hugetlb": 0,
              "Pss": 55712,
              "Pss_Anon": 53256,
              "Pss_Dirty": 53256,
              "Pss_File": 2456,
              "Pss_Shmem": 0,
              "Referenced": 65584,
              "Rss": 65584,
              "Shared_Clean": 12244,
              "Shared_Dirty": 0,
              "Shared_Hugetlb": 0,
              "ShmemPmdMapped": 0,
              "Swap": 0,
              "SwapPss": 0
            },
            "start_ticks": 259501937
          },
          {
            "pid": 4110893,
            "rollup_kib": {
              "AnonHugePages": 0,
              "Anonymous": 1244,
              "FilePmdMapped": 0,
              "KSM": 0,
              "LazyFree": 0,
              "Locked": 0,
              "Private_Clean": 3200,
              "Private_Dirty": 1244,
              "Private_Hugetlb": 0,
              "Pss": 4861,
              "Pss_Anon": 1244,
              "Pss_Dirty": 1244,
              "Pss_File": 3617,
              "Pss_Shmem": 0,
              "Referenced": 7756,
              "Rss": 7756,
              "Shared_Clean": 3312,
              "Shared_Dirty": 0,
              "Shared_Hugetlb": 0,
              "ShmemPmdMapped": 0,
              "Swap": 0,
              "SwapPss": 0
            },
            "start_ticks": 259510466
          },
          {
            "pid": 4110894,
            "rollup_kib": {
              "AnonHugePages": 0,
              "Anonymous": 1102748,
              "FilePmdMapped": 0,
              "KSM": 0,
              "LazyFree": 0,
              "Locked": 0,
              "Private_Clean": 316,
              "Private_Dirty": 1102748,
              "Private_Hugetlb": 0,
              "Pss": 1103482,
              "Pss_Anon": 1102748,
              "Pss_Dirty": 1102748,
              "Pss_File": 734,
              "Pss_Shmem": 0,
              "Referenced": 1107060,
              "Rss": 1107060,
              "Shared_Clean": 3996,
              "Shared_Dirty": 0,
              "Shared_Hugetlb": 0,
              "ShmemPmdMapped": 0,
              "Swap": 0,
              "SwapPss": 0
            },
            "start_ticks": 259510466
          }
        ],
        "reason": "phase_marker",
        "tree_rss_kib": 1148716
      },
      {
        "elapsed_s": 121.6602,
        "processes": [
          {
            "pid": 4094952,
            "rollup_kib": {
              "AnonHugePages": 0,
              "Anonymous": 53256,
              "FilePmdMapped": 0,
              "KSM": 0,
              "LazyFree": 0,
              "Locked": 0,
              "Private_Clean": 84,
              "Private_Dirty": 53256,
              "Private_Hugetlb": 0,
              "Pss": 55716,
              "Pss_Anon": 53256,
              "Pss_Dirty": 53256,
              "Pss_File": 2460,
              "Pss_Shmem": 0,
              "Referenced": 65584,
              "Rss": 65584,
              "Shared_Clean": 12244,
              "Shared_Dirty": 0,
              "Shared_Hugetlb": 0,
              "ShmemPmdMapped": 0,
              "Swap": 0,
              "SwapPss": 0
            },
            "start_ticks": 259501937
          },
          {
            "pid": 4117391,
            "rollup_kib": {
              "AnonHugePages": 0,
              "Anonymous": 1252,
              "FilePmdMapped": 0,
              "KSM": 0,
              "LazyFree": 0,
              "Locked": 0,
              "Private_Clean": 3680,
              "Private_Dirty": 1252,
              "Private_Hugetlb": 0,
              "Pss": 5065,
              "Pss_Anon": 1252,
              "Pss_Dirty": 1252,
              "Pss_File": 3813,
              "Pss_Shmem": 0,
              "Referenced": 7600,
              "Rss": 7600,
              "Shared_Clean": 2668,
              "Shared_Dirty": 0,
              "Shared_Hugetlb": 0,
              "ShmemPmdMapped": 0,
              "Swap": 0,
              "SwapPss": 0
            },
            "start_ticks": 259514072
          },
          {
            "pid": 4117392,
            "rollup_kib": {
              "AnonHugePages": 0,
              "Anonymous": 1159004,
              "FilePmdMapped": 0,
              "KSM": 0,
              "LazyFree": 0,
              "Locked": 0,
              "Private_Clean": 360,
              "Private_Dirty": 1159004,
              "Private_Hugetlb": 0,
              "Pss": 1159783,
              "Pss_Anon": 1159004,
              "Pss_Dirty": 1159004,
              "Pss_File": 779,
              "Pss_Shmem": 0,
              "Referenced": 1163360,
              "Rss": 1163360,
              "Shared_Clean": 3996,
              "Shared_Dirty": 0,
              "Shared_Hugetlb": 0,
              "ShmemPmdMapped": 0,
              "Swap": 0,
              "SwapPss": 0
            },
            "start_ticks": 259514072
          }
        ],
        "reason": "phase_marker",
        "tree_rss_kib": 1236252
      },
      {
        "elapsed_s": 159.3551,
        "processes": [
          {
            "pid": 4094952,
            "rollup_kib": {
              "AnonHugePages": 0,
              "Anonymous": 67432,
              "FilePmdMapped": 0,
              "KSM": 0,
              "LazyFree": 0,
              "Locked": 0,
              "Private_Clean": 84,
              "Private_Dirty": 67432,
              "Private_Hugetlb": 0,
              "Pss": 69912,
              "Pss_Anon": 67432,
              "Pss_Dirty": 67432,
              "Pss_File": 2480,
              "Pss_Shmem": 0,
              "Referenced": 79760,
              "Rss": 79760,
              "Shared_Clean": 12244,
              "Shared_Dirty": 0,
              "Shared_Hugetlb": 0,
              "ShmemPmdMapped": 0,
              "Swap": 0,
              "SwapPss": 0
            },
            "start_ticks": 259501937
          }
        ],
        "reason": "phase_marker",
        "tree_rss_kib": 79760
      },
      {
        "elapsed_s": 163.3711,
        "processes": [],
        "reason": "terminal",
        "tree_rss_kib": 0
      }
    ],
    "status": "complete",
    "temporary_disk_limit_bytes": 24000000000,
    "wall_time_limit_seconds": null
  }
}
