{"command": ["/usr/bin/python3", "/home/x/deco/gamma/projects/enwiki9/tools/run_with_resource_guard_v3.py", "--limit-kib", "524288", "--official-decimal-limit-kib", "524288", "--limit-mode", "tree", "--cgroup-path", "/sys/fs/cgroup/user.slice/user-1000.slice/user@1000.service/app.slice/gamma-enwiki9-20260905T211007Z_358c05f2db", "--cgroup-memory-max-bytes", "536870912", "--temporary-disk-limit-bytes", "67108864", "--phase-marker-path", "/home/x/deco/gamma/projects/enwiki9/run_logs/adaptive/20260905T211007Z_358c05f2db.resources/phases.jsonl", "--max-logical-cpus", "1", "--guard-json", "/home/x/deco/gamma/projects/enwiki9/run_logs/adaptive/20260905T211007Z_358c05f2db.resources/guard.json", "--label", "20260905T211007Z_358c05f2db", "--phase", "diagnostic", "--scratch-path", "/home/x/deco/gamma/projects/enwiki9/results/fx2_bytemodel_argmax_unit_q0_v1", "--scratch-path", "/home/x/deco/gamma/projects/enwiki9/run_logs/adaptive/20260905T211007Z_358c05f2db.log", "--scratch-path", "/home/x/deco/gamma/projects/enwiki9/run_logs/adaptive/20260905T211007Z_358c05f2db.resources", "--scratch-path", "/tmp/gamma-enwiki9-20260905T211007Z_358c05f2db-q4v3bme4/fx2_bytemodel_argmax_unit_q0_v1", "--", "/usr/bin/taskset", "--cpu-list", "2", "/bin/sh", "-c", "printf '%s\\n' '{\"phase\":\"diagnostic\",\"event\":\"worker_start\",\"detail\":\"operational envelope only; no codec phase credit\"}' >> \"$GAMMA_RESOURCE_PHASE_MARKERS\" || exit 125; exec \"$@\"", "enwiki9-discovery-envelope", "/usr/bin/python3", "/home/x/deco/gamma/projects/enwiki9/tools/fx2_bytemodel_argmax_unit_q0_v1.py"], "job": {"candidate_id": "fx2_bytemodel_argmax_unit_q0_v1", "candidate_revision": {"path": "operations/adaptive/candidate-revisions/fx2_bytemodel_argmax_unit_q0_v1/20260905T211006936496Z_0f4c3d6d4687.json", "sha256": "sha256:d3d1eec28eee54489cbd0b82d94026db62faf95776feb64e24b4dd7f2f9d56f6"}, "candidate_tree_sha256": "sha256:0f4c3d6d468714270c547306e60006005e5f7f781b1a51987a73aebb5cbb1133", "execution_guard": {"path": "tools/run_with_resource_guard_v3.py", "sha256": "sha256:044147f7ffe6922ea8dafd52fc3d4426077b20958adbcd421245ad41adcfc1e4"}, "execution_mode": "discovery", "execution_resources": {"boot_id": "3ce46712-27bc-4199-8e48-e2b3d23926cb", "budget": {"cgroup_parent": "/sys/fs/cgroup/user.slice/user-1000.slice/user@1000.service/app.slice", "cpus": [2], "memory_bytes": 536870912, "scratch_bytes": 67108864, "swap_bytes": 0, "wall_seconds": 150}, "cgroup_inode": 224597, "cgroup_path": "/sys/fs/cgroup/user.slice/user-1000.slice/user@1000.service/app.slice/gamma-enwiki9-20260905T211007Z_358c05f2db", "cpu_enforcement": "taskset-and-sampled-affinity-guard", "groups": [{"created": true, "inode": 224597, "kernel_cpuset": false, "memory_bytes": 536870912, "path": "/sys/fs/cgroup/user.slice/user-1000.slice/user@1000.service/app.slice/gamma-enwiki9-20260905T211007Z_358c05f2db"}], "guard_command_sha256": "c2e557c3eb76676c596fb6032293f104a8d0d304375e03b326ed4e9a1cfb6e00", "guard_path": "run_logs/adaptive/20260905T211007Z_358c05f2db.resources/guard.json", "missing_diagnostics": ["kernel cpuset controller is not delegated; taskset assignment and existing affinity guard remain active"], "timing_authority": "diagnostic"}, "experiment": {"path": "operations/adaptive/experiments/fx2_bytemodel_argmax_unit_q0_v1.json", "sha256": "sha256:60f052487d2466066aea27520ed9f967b4e5f01f4b4e33334c34e3bc49cc47ab"}, "gate_size": 8192, "job_id": "20260905T211007Z_358c05f2db", "priority": 40, "proposal": {"path": "operations/adaptive/proposals/developed/029_fx2_bytemodel_argmax_unit_q0_v1.json", "sha256": "sha256:0c0d8a63dc303c22f62348281405df5b0ed56d0ed5d2dfe45f838c76b2032581"}, "proposal_id": "fx2_bytemodel_argmax_unit_q0_v1", "purpose": "diagnostic", "resource_budget": {"cgroup_parent": "/sys/fs/cgroup/user.slice/user-1000.slice/user@1000.service/app.slice", "cpus": [2], "memory_bytes": 536870912, "scratch_bytes": 67108864, "swap_bytes": 0, "wall_seconds": 150}, "runner": {"path": "tools/fx2_bytemodel_argmax_unit_q0_v1.py", "sha256": "sha256:9213f931450eba845246775ebf40d3be7277400362a2b64adb3e57c47ee50d89"}, "schema": "gamma.enwiki9.adaptive-job.v3", "scratch_directories": ["results/fx2_bytemodel_argmax_unit_q0_v1"], "started_at": "2026-09-05T21:11:27+00:00", "state": "running", "submitted_at": "2026-09-05T21:10:07+00:00", "tags": ["public-fx2-argmax"], "timing_authority": "diagnostic", "tool": "tools/fx2_bytemodel_argmax_unit_q0_v1.py", "tool_args": []}}
{
  "resource_guard": {
    "cgroup": {
      "inode": 224597,
      "joined_before_exec": true,
      "memory_max_bytes": 536870912,
      "memory_max_rounding_bytes": 0,
      "memory_peak_reset": true,
      "path": "/sys/fs/cgroup/user.slice/user-1000.slice/user@1000.service/app.slice/gamma-enwiki9-20260905T211007Z_358c05f2db",
      "previous_memory_max": "536870912",
      "requested_memory_max_bytes": 536870912
    },
    "cgroup_events": {
      "baseline": {
        "high": 0,
        "low": 0,
        "max": 0,
        "oom": 0,
        "oom_group_kill": 0,
        "oom_kill": 0,
        "sock_throttled": 0
      },
      "delta": {
        "high": 0,
        "low": 0,
        "max": 0,
        "oom": 0,
        "oom_group_kill": 0,
        "oom_kill": 0,
        "sock_throttled": 0
      },
      "final": {
        "high": 0,
        "low": 0,
        "max": 0,
        "oom": 0,
        "oom_group_kill": 0,
        "oom_kill": 0,
        "sock_throttled": 0
      }
    },
    "command": [
      "/usr/bin/taskset",
      "--cpu-list",
      "2",
      "/bin/sh",
      "-c",
      "printf '%s\\n' '{\"phase\":\"diagnostic\",\"event\":\"worker_start\",\"detail\":\"operational envelope only; no codec phase credit\"}' >> \"$GAMMA_RESOURCE_PHASE_MARKERS\" || exit 125; exec \"$@\"",
      "enwiki9-discovery-envelope",
      "/usr/bin/python3",
      "/home/x/deco/gamma/projects/enwiki9/tools/fx2_bytemodel_argmax_unit_q0_v1.py"
    ],
    "command_sha256": "ca831337db8e2f1d8f7297c79106d8bf2815519d8c513955e06e2d2d6244c03d",
    "elapsed_s": 2.038,
    "geekbench5_single_core_score": null,
    "guards": {
      "cgroup_memory_guard_exceeded": false,
      "logical_cpu_guard_exceeded": false,
      "measurement_incomplete": false,
      "official_decimal_memory_exceeded": false,
      "phase_marker_invalid": false,
      "rss_guard_exceeded": false,
      "temporary_disk_guard_exceeded": false,
      "wall_time_guard_exceeded": false
    },
    "label": "20260905T211007Z_358c05f2db",
    "latest_sample": {
      "allowed_cpu_union": [],
      "cgroup_current_bytes": 573440,
      "elapsed_s": 2.0365,
      "max_single_rss_kib": 0,
      "persistent_status_misses": [],
      "processes": [],
      "scratch_allocated_bytes": 389120,
      "scratch_file_count": 27,
      "scratch_logical_bytes": 276659,
      "scratch_race_count": 0,
      "tree_live_threads": 0,
      "tree_rss_kib": 0,
      "tree_runnable_threads": 0
    },
    "limit_kib": 524288,
    "limit_mode": "tree",
    "max_logical_cpus": 1,
    "measurements": {
      "affinity_complete": true,
      "cgroup_v2_complete": true,
      "per_process_vmhwm_sampled": true,
      "phase_markers_complete": true,
      "process_tree_rss_complete": true,
      "scratch_logical_and_allocated_complete": true,
      "smaps_rollup_complete": true
    },
    "objective": {
      "corpusBytes": 1000000000,
      "corpusSha256": "159b85351e5f76e60cbe32e04c677847a9ecba3adc79addab6f4c6c7aa3744bc",
      "objectiveDigest": "sha256:16badfa6c1a53b47bcc12b089fdd9c21f7405ea56a84344d60c28d2252da8288",
      "objectiveId": "gamma-enwiki9-hutter-99m-v2",
      "objectivePath": "contracts/research/v2/objective-contract.json",
      "targetScoreBytes": 99000000
    },
    "official_decimal_limit_kib": 524288,
    "peak_process_vmhwm": {
      "comm": "cc1plus",
      "observed_elapsed_s": 0.5248,
      "pid": 2265244,
      "start_ticks": 173882558,
      "vmhwm_kib": 158420
    },
    "peak_sample": {
      "allowed_cpu_union": [
        2
      ],
      "cgroup_current_bytes": 147120128,
      "elapsed_s": 0.5248,
      "max_single_rss_kib": 158420,
      "persistent_status_misses": [],
      "processes": [
        {
          "allowed_cpus": [
            2
          ],
          "comm": "python3",
          "live_threads": 1,
          "pid": 2265229,
          "rss_kib": 22928,
          "runnable_threads": 0,
          "start_ticks": 173882548,
          "vmhwm_kib": 22928
        },
        {
          "allowed_cpus": [
            2
          ],
          "comm": "timeout",
          "live_threads": 1,
          "pid": 2265242,
          "rss_kib": 7560,
          "runnable_threads": 0,
          "start_ticks": 173882558,
          "vmhwm_kib": 7560
        },
        {
          "allowed_cpus": [
            2
          ],
          "comm": "g++",
          "live_threads": 1,
          "pid": 2265243,
          "rss_kib": 3028,
          "runnable_threads": 0,
          "start_ticks": 173882558,
          "vmhwm_kib": 3028
        },
        {
          "allowed_cpus": [
            2
          ],
          "comm": "cc1plus",
          "live_threads": 1,
          "pid": 2265244,
          "rss_kib": 158420,
          "runnable_threads": 1,
          "start_ticks": 173882558,
          "vmhwm_kib": 158420
        }
      ],
      "scratch_allocated_bytes": 139264,
      "scratch_file_count": 16,
      "scratch_logical_bytes": 58211,
      "scratch_race_count": 0,
      "tree_live_threads": 4,
      "tree_rss_kib": 191936,
      "tree_runnable_threads": 1
    },
    "peak_tree_sample": {
      "allowed_cpu_union": [
        2
      ],
      "cgroup_current_bytes": 147120128,
      "elapsed_s": 0.5248,
      "max_single_rss_kib": 158420,
      "persistent_status_misses": [],
      "processes": [
        {
          "allowed_cpus": [
            2
          ],
          "comm": "python3",
          "live_threads": 1,
          "pid": 2265229,
          "rss_kib": 22928,
          "runnable_threads": 0,
          "start_ticks": 173882548,
          "vmhwm_kib": 22928
        },
        {
          "allowed_cpus": [
            2
          ],
          "comm": "timeout",
          "live_threads": 1,
          "pid": 2265242,
          "rss_kib": 7560,
          "runnable_threads": 0,
          "start_ticks": 173882558,
          "vmhwm_kib": 7560
        },
        {
          "allowed_cpus": [
            2
          ],
          "comm": "g++",
          "live_threads": 1,
          "pid": 2265243,
          "rss_kib": 3028,
          "runnable_threads": 0,
          "start_ticks": 173882558,
          "vmhwm_kib": 3028
        },
        {
          "allowed_cpus": [
            2
          ],
          "comm": "cc1plus",
          "live_threads": 1,
          "pid": 2265244,
          "rss_kib": 158420,
          "runnable_threads": 1,
          "start_ticks": 173882558,
          "vmhwm_kib": 158420
        }
      ],
      "scratch_allocated_bytes": 139264,
      "scratch_file_count": 16,
      "scratch_logical_bytes": 58211,
      "scratch_race_count": 0,
      "tree_live_threads": 4,
      "tree_rss_kib": 191936,
      "tree_runnable_threads": 1
    },
    "peaks": {
      "cgroup_memory_peak_bytes": 168988672,
      "max_observed_process_vmhwm_kib": 158420,
      "max_sampled_allowed_cpu_count": 1,
      "max_sampled_cgroup_current_bytes": 147120128,
      "max_sampled_scratch_allocated_bytes": 389120,
      "max_sampled_scratch_logical_bytes": 276659,
      "max_sampled_single_rss_kib": 158420,
      "max_sampled_tree_live_threads": 4,
      "max_sampled_tree_rss_kib": 191936,
      "max_sampled_tree_runnable_threads": 1
    },
    "phase": "diagnostic",
    "phase_marker_path": "/home/x/deco/gamma/projects/enwiki9/run_logs/adaptive/20260905T211007Z_358c05f2db.resources/phases.jsonl",
    "phase_markers": [
      {
        "detail": "operational envelope only; no codec phase credit",
        "event": "worker_start",
        "observed_elapsed_s": 0.024,
        "phase": "diagnostic",
        "source_line": 1
      },
      {
        "detail": null,
        "event": "start",
        "observed_elapsed_s": 0.5248,
        "phase": "compile",
        "source_line": 2
      },
      {
        "detail": null,
        "event": "end",
        "observed_elapsed_s": 1.5351,
        "phase": "compile",
        "source_line": 3
      },
      {
        "detail": null,
        "event": "start",
        "observed_elapsed_s": 1.5351,
        "phase": "unit",
        "source_line": 4
      },
      {
        "detail": null,
        "event": "end",
        "observed_elapsed_s": 2.0365,
        "phase": "unit",
        "source_line": 5
      },
      {
        "detail": null,
        "event": "start",
        "observed_elapsed_s": 2.0365,
        "phase": "repeat",
        "source_line": 6
      },
      {
        "detail": null,
        "event": "end",
        "observed_elapsed_s": 2.0365,
        "phase": "repeat",
        "source_line": 7
      }
    ],
    "returncode": 0,
    "sample_count": 5,
    "sample_interval_seconds": 0.5,
    "schema": "gamma.enwiki9.resource-guard-receipt.v3",
    "scratch_paths": [
      "/home/x/deco/gamma/projects/enwiki9/results/fx2_bytemodel_argmax_unit_q0_v1",
      "/home/x/deco/gamma/projects/enwiki9/run_logs/adaptive/20260905T211007Z_358c05f2db.log",
      "/home/x/deco/gamma/projects/enwiki9/run_logs/adaptive/20260905T211007Z_358c05f2db.resources",
      "/tmp/gamma-enwiki9-20260905T211007Z_358c05f2db-q4v3bme4/fx2_bytemodel_argmax_unit_q0_v1"
    ],
    "smaps_rollup_checkpoints": [
      {
        "elapsed_s": 0.024,
        "processes": [
          {
            "pid": 2265229,
            "rollup_kib": {
              "AnonHugePages": 0,
              "Anonymous": 1432,
              "FilePmdMapped": 0,
              "KSM": 0,
              "LazyFree": 0,
              "Locked": 0,
              "Private_Clean": 20,
              "Private_Dirty": 1432,
              "Private_Hugetlb": 0,
              "Pss": 1950,
              "Pss_Anon": 1432,
              "Pss_Dirty": 1432,
              "Pss_File": 518,
              "Pss_Shmem": 0,
              "Referenced": 6444,
              "Rss": 6444,
              "Shared_Clean": 4992,
              "Shared_Dirty": 0,
              "Shared_Hugetlb": 0,
              "ShmemPmdMapped": 0,
              "Swap": 0,
              "SwapPss": 0
            },
            "start_ticks": 173882548
          }
        ],
        "reason": "initial+phase_marker+rss_growth",
        "tree_rss_kib": 6444
      },
      {
        "elapsed_s": 0.5248,
        "processes": [
          {
            "pid": 2265229,
            "rollup_kib": {
              "AnonHugePages": 0,
              "Anonymous": 10732,
              "FilePmdMapped": 0,
              "KSM": 0,
              "LazyFree": 0,
              "Locked": 0,
              "Private_Clean": 32,
              "Private_Dirty": 10732,
              "Private_Hugetlb": 0,
              "Pss": 11987,
              "Pss_Anon": 10732,
              "Pss_Dirty": 10732,
              "Pss_File": 1255,
              "Pss_Shmem": 0,
              "Referenced": 22928,
              "Rss": 22928,
              "Shared_Clean": 12164,
              "Shared_Dirty": 0,
              "Shared_Hugetlb": 0,
              "ShmemPmdMapped": 0,
              "Swap": 0,
              "SwapPss": 0
            },
            "start_ticks": 173882548
          },
          {
            "pid": 2265242,
            "rollup_kib": {
              "AnonHugePages": 0,
              "Anonymous": 1260,
              "FilePmdMapped": 0,
              "KSM": 0,
              "LazyFree": 0,
              "Locked": 0,
              "Private_Clean": 208,
              "Private_Dirty": 1260,
              "Private_Hugetlb": 0,
              "Pss": 2683,
              "Pss_Anon": 1260,
              "Pss_Dirty": 1260,
              "Pss_File": 1423,
              "Pss_Shmem": 0,
              "Referenced": 7560,
              "Rss": 7560,
              "Shared_Clean": 6092,
              "Shared_Dirty": 0,
              "Shared_Hugetlb": 0,
              "ShmemPmdMapped": 0,
              "Swap": 0,
              "SwapPss": 0
            },
            "start_ticks": 173882558
          },
          {
            "pid": 2265243,
            "rollup_kib": {
              "AnonHugePages": 0,
              "Anonymous": 284,
              "FilePmdMapped": 0,
              "KSM": 0,
              "LazyFree": 0,
              "Locked": 0,
              "Private_Clean": 1004,
              "Private_Dirty": 284,
              "Private_Hugetlb": 0,
              "Pss": 1314,
              "Pss_Anon": 284,
              "Pss_Dirty": 284,
              "Pss_File": 1030,
              "Pss_Shmem": 0,
              "Referenced": 3028,
              "Rss": 3028,
              "Shared_Clean": 1740,
              "Shared_Dirty": 0,
              "Shared_Hugetlb": 0,
              "ShmemPmdMapped": 0,
              "Swap": 0,
              "SwapPss": 0
            },
            "start_ticks": 173882558
          },
          {
            "pid": 2265244,
            "rollup_kib": {
              "AnonHugePages": 0,
              "Anonymous": 130436,
              "FilePmdMapped": 0,
              "KSM": 0,
              "LazyFree": 0,
              "Locked": 0,
              "Private_Clean": 24972,
              "Private_Dirty": 130436,
              "Private_Hugetlb": 0,
              "Pss": 155729,
              "Pss_Anon": 130436,
              "Pss_Dirty": 130436,
              "Pss_File": 25293,
              "Pss_Shmem": 0,
              "Referenced": 158420,
              "Rss": 158420,
              "Shared_Clean": 3012,
              "Shared_Dirty": 0,
              "Shared_Hugetlb": 0,
              "ShmemPmdMapped": 0,
              "Swap": 0,
              "SwapPss": 0
            },
            "start_ticks": 173882558
          }
        ],
        "reason": "phase_marker",
        "tree_rss_kib": 191936
      },
      {
        "elapsed_s": 1.5351,
        "processes": [
          {
            "pid": 2265229,
            "rollup_kib": {
              "AnonHugePages": 0,
              "Anonymous": 10740,
              "FilePmdMapped": 0,
              "KSM": 0,
              "LazyFree": 0,
              "Locked": 0,
              "Private_Clean": 32,
              "Private_Dirty": 10740,
              "Private_Hugetlb": 0,
              "Pss": 12013,
              "Pss_Anon": 10740,
              "Pss_Dirty": 10740,
              "Pss_File": 1273,
              "Pss_Shmem": 0,
              "Referenced": 23000,
              "Rss": 23000,
              "Shared_Clean": 12228,
              "Shared_Dirty": 0,
              "Shared_Hugetlb": 0,
              "ShmemPmdMapped": 0,
              "Swap": 0,
              "SwapPss": 0
            },
            "start_ticks": 173882548
          }
        ],
        "reason": "phase_marker",
        "tree_rss_kib": 23000
      },
      {
        "elapsed_s": 2.0365,
        "processes": [],
        "reason": "phase_marker+terminal",
        "tree_rss_kib": 0
      }
    ],
    "status": "complete",
    "temporary_disk_limit_bytes": 67108864,
    "wall_time_limit_seconds": null
  }
}
