{"command": ["/usr/bin/python3", "/home/x/deco/gamma/projects/enwiki9/tools/run_with_resource_guard_v3.py", "--limit-kib", "1048576", "--official-decimal-limit-kib", "1048576", "--limit-mode", "tree", "--cgroup-path", "/sys/fs/cgroup/user.slice/user-1000.slice/user@1000.service/app.slice/gamma-enwiki9-20260914T204448Z_da9938b6c6", "--cgroup-memory-max-bytes", "1073741824", "--temporary-disk-limit-bytes", "16777216", "--phase-marker-path", "/home/x/deco/gamma/projects/enwiki9/run_logs/adaptive/20260914T204448Z_da9938b6c6.resources/phases.jsonl", "--max-logical-cpus", "1", "--guard-json", "/home/x/deco/gamma/projects/enwiki9/run_logs/adaptive/20260914T204448Z_da9938b6c6.resources/guard.json", "--label", "20260914T204448Z_da9938b6c6", "--phase", "diagnostic", "--scratch-path", "/home/x/deco/gamma/projects/enwiki9/results/fx2_paid_odds_cost250k_v1", "--scratch-path", "/home/x/deco/gamma/projects/enwiki9/run_logs/adaptive/20260914T204448Z_da9938b6c6.log", "--scratch-path", "/home/x/deco/gamma/projects/enwiki9/run_logs/adaptive/20260914T204448Z_da9938b6c6.resources", "--scratch-path", "/tmp/gamma-enwiki9-20260914T204448Z_da9938b6c6-boywne2q/fx2_paid_odds_cost250k_v1", "--", "/usr/bin/taskset", "--cpu-list", "2", "/bin/sh", "-c", "printf '%s\\n' '{\"phase\":\"diagnostic\",\"event\":\"worker_start\",\"detail\":\"operational envelope only; no codec phase credit\"}' >> \"$GAMMA_RESOURCE_PHASE_MARKERS\" || exit 125; exec \"$@\"", "enwiki9-discovery-envelope", "/usr/bin/python3", "/home/x/deco/gamma/projects/enwiki9/tools/fx2_paid_odds_cost_gate_v1.py"], "job": {"candidate_id": "fx2_paid_odds_cost250k_v1", "candidate_revision": {"path": "operations/adaptive/candidate-revisions/fx2_paid_odds_cost250k_v1/20260914T204447855205Z_9e3c42043829.json", "sha256": "sha256:b3964ab03bfda2d9a7272b85047ca8591ae76b38793513f436e76d7a9d503762"}, "candidate_tree_sha256": "sha256:9e3c42043829ef1a59b67f6eb8ba45c27c05d52e9bd928c6c4d72b6b8c914266", "execution_guard": {"path": "tools/run_with_resource_guard_v3.py", "sha256": "sha256:044147f7ffe6922ea8dafd52fc3d4426077b20958adbcd421245ad41adcfc1e4"}, "execution_mode": "discovery", "execution_resources": {"boot_id": "3ce46712-27bc-4199-8e48-e2b3d23926cb", "budget": {"cgroup_parent": "/sys/fs/cgroup/user.slice/user-1000.slice/user@1000.service/app.slice", "cpus": [2], "memory_bytes": 1073741824, "scratch_bytes": 16777216, "swap_bytes": 0, "wall_seconds": 360}, "cgroup_inode": 324377, "cgroup_path": "/sys/fs/cgroup/user.slice/user-1000.slice/user@1000.service/app.slice/gamma-enwiki9-20260914T204448Z_da9938b6c6", "cpu_enforcement": "taskset-and-sampled-affinity-guard", "groups": [{"created": true, "inode": 324377, "kernel_cpuset": false, "memory_bytes": 1073741824, "path": "/sys/fs/cgroup/user.slice/user-1000.slice/user@1000.service/app.slice/gamma-enwiki9-20260914T204448Z_da9938b6c6"}], "guard_command_sha256": "d331ba998be4d545245f26a5361898deb5aa9c6d2881d8362c518ca1840f0c5b", "guard_path": "run_logs/adaptive/20260914T204448Z_da9938b6c6.resources/guard.json", "missing_diagnostics": ["kernel cpuset controller is not delegated; taskset assignment and existing affinity guard remain active"], "timing_authority": "diagnostic"}, "experiment": {"path": "operations/adaptive/experiments/fx2_paid_odds_cost250k_v1.json", "sha256": "sha256:91ae982b063440988fe981eb589f541dcc1e3127509c9ebc9596f1ea227ffd70"}, "gate_size": 250000, "held": false, "held_at": "2026-09-14T20:44:48+00:00", "hold_history": [{"at": "2026-09-14T20:44:48+00:00", "held": true, "reason": "Await source/ownership publication and fresh resource admission."}, {"at": "2026-09-14T20:48:50+00:00", "held": false, "reason": "Published source7a4eb731d and admission13431dec3; all22 inputs verified, CPU2 assigned, no exclusive live lease."}], "job_id": "20260914T204448Z_da9938b6c6", "priority": 80, "proposal": {"path": "operations/adaptive/proposals/developed/949_fx2_paid_odds_cost250k_v1.json", "sha256": "sha256:f838ec9c520e6f6254f7c72830088722dca3a525698111524a1987f8392d8114"}, "proposal_id": "fx2_paid_odds_cost250k_v1", "purpose": "diagnostic", "released_at": "2026-09-14T20:48:50+00:00", "resource_budget": {"cgroup_parent": "/sys/fs/cgroup/user.slice/user-1000.slice/user@1000.service/app.slice", "cpus": [2], "memory_bytes": 1073741824, "scratch_bytes": 16777216, "swap_bytes": 0, "wall_seconds": 360}, "runner": {"path": "tools/fx2_paid_odds_cost_gate_v1.py", "sha256": "sha256:6c2119c952ee9213a8157c34c82d7666570ca848679273baee0a14d365a2186d"}, "schema": "gamma.enwiki9.adaptive-job.v3", "scratch_directories": ["results/fx2_paid_odds_cost250k_v1"], "started_at": "2026-09-14T20:48:50+00:00", "state": "running", "submitted_at": "2026-09-14T20:44:48+00:00", "tags": [], "timing_authority": "diagnostic", "tool": "tools/fx2_paid_odds_cost_gate_v1.py", "tool_args": []}}
{"paid_ideal_gain_lower_bits": -262, "paid_ideal_gain_upper_bits": -220, "policy_bytes": 48}
{
  "resource_guard": {
    "cgroup": {
      "inode": 324377,
      "joined_before_exec": true,
      "memory_max_bytes": 1073741824,
      "memory_max_rounding_bytes": 0,
      "memory_peak_reset": true,
      "path": "/sys/fs/cgroup/user.slice/user-1000.slice/user@1000.service/app.slice/gamma-enwiki9-20260914T204448Z_da9938b6c6",
      "previous_memory_max": "1073741824",
      "requested_memory_max_bytes": 1073741824
    },
    "cgroup_events": {
      "baseline": {
        "high": 0,
        "low": 0,
        "max": 0,
        "oom": 0,
        "oom_group_kill": 0,
        "oom_kill": 0,
        "sock_throttled": 0
      },
      "delta": {
        "high": 0,
        "low": 0,
        "max": 0,
        "oom": 0,
        "oom_group_kill": 0,
        "oom_kill": 0,
        "sock_throttled": 0
      },
      "final": {
        "high": 0,
        "low": 0,
        "max": 0,
        "oom": 0,
        "oom_group_kill": 0,
        "oom_kill": 0,
        "sock_throttled": 0
      }
    },
    "command": [
      "/usr/bin/taskset",
      "--cpu-list",
      "2",
      "/bin/sh",
      "-c",
      "printf '%s\\n' '{\"phase\":\"diagnostic\",\"event\":\"worker_start\",\"detail\":\"operational envelope only; no codec phase credit\"}' >> \"$GAMMA_RESOURCE_PHASE_MARKERS\" || exit 125; exec \"$@\"",
      "enwiki9-discovery-envelope",
      "/usr/bin/python3",
      "/home/x/deco/gamma/projects/enwiki9/tools/fx2_paid_odds_cost_gate_v1.py"
    ],
    "command_sha256": "79313742c5aa3d48fb11623eb20900a03f28e583fecf249b42d314c39bf4031b",
    "elapsed_s": 15.0905,
    "geekbench5_single_core_score": null,
    "guards": {
      "cgroup_memory_guard_exceeded": false,
      "logical_cpu_guard_exceeded": false,
      "measurement_incomplete": false,
      "official_decimal_memory_exceeded": false,
      "phase_marker_invalid": false,
      "rss_guard_exceeded": false,
      "temporary_disk_guard_exceeded": false,
      "wall_time_guard_exceeded": false
    },
    "label": "20260914T204448Z_da9938b6c6",
    "latest_sample": {
      "allowed_cpu_union": [],
      "cgroup_current_bytes": 540672,
      "elapsed_s": 15.0892,
      "max_single_rss_kib": 0,
      "persistent_status_misses": [],
      "processes": [],
      "scratch_allocated_bytes": 143360,
      "scratch_file_count": 16,
      "scratch_logical_bytes": 102709,
      "scratch_race_count": 0,
      "tree_live_threads": 0,
      "tree_rss_kib": 0,
      "tree_runnable_threads": 0
    },
    "limit_kib": 1048576,
    "limit_mode": "tree",
    "max_logical_cpus": 1,
    "measurements": {
      "affinity_complete": true,
      "cgroup_v2_complete": true,
      "per_process_vmhwm_sampled": true,
      "phase_markers_complete": true,
      "process_tree_rss_complete": true,
      "scratch_logical_and_allocated_complete": true,
      "smaps_rollup_complete": true
    },
    "objective": {
      "corpusBytes": 1000000000,
      "corpusSha256": "159b85351e5f76e60cbe32e04c677847a9ecba3adc79addab6f4c6c7aa3744bc",
      "objectiveDigest": "sha256:e91ff20e92c3cac8acb0cbe5c79fc8e8a3b427d7e151245c8eecc52b1c32fa00",
      "objectiveId": "gamma-enwiki9-hutter-90m-v3",
      "objectivePath": "contracts/research/v3/objective-contract.json",
      "targetScoreBytes": 90000000
    },
    "official_decimal_limit_kib": 1048576,
    "peak_process_vmhwm": {
      "comm": "python3",
      "observed_elapsed_s": 5.5465,
      "pid": 2582258,
      "start_ticks": 251506920,
      "vmhwm_kib": 95148
    },
    "peak_sample": {
      "allowed_cpu_union": [
        2
      ],
      "cgroup_current_bytes": 97574912,
      "elapsed_s": 5.5465,
      "max_single_rss_kib": 95148,
      "persistent_status_misses": [],
      "processes": [
        {
          "allowed_cpus": [
            2
          ],
          "comm": "python3",
          "live_threads": 1,
          "pid": 2582229,
          "rss_kib": 18520,
          "runnable_threads": 0,
          "start_ticks": 251506905,
          "vmhwm_kib": 18520
        },
        {
          "allowed_cpus": [
            2
          ],
          "comm": "python3",
          "live_threads": 1,
          "pid": 2582258,
          "rss_kib": 95148,
          "runnable_threads": 1,
          "start_ticks": 251506920,
          "vmhwm_kib": 95148
        }
      ],
      "scratch_allocated_bytes": 40960,
      "scratch_file_count": 7,
      "scratch_logical_bytes": 19062,
      "scratch_race_count": 0,
      "tree_live_threads": 2,
      "tree_rss_kib": 113668,
      "tree_runnable_threads": 1
    },
    "peak_tree_sample": {
      "allowed_cpu_union": [
        2
      ],
      "cgroup_current_bytes": 97624064,
      "elapsed_s": 14.588,
      "max_single_rss_kib": 95140,
      "persistent_status_misses": [],
      "processes": [
        {
          "allowed_cpus": [
            2
          ],
          "comm": "python3",
          "live_threads": 1,
          "pid": 2582229,
          "rss_kib": 18584,
          "runnable_threads": 0,
          "start_ticks": 251506905,
          "vmhwm_kib": 18584
        },
        {
          "allowed_cpus": [
            2
          ],
          "comm": "python3",
          "live_threads": 1,
          "pid": 2583728,
          "rss_kib": 95140,
          "runnable_threads": 1,
          "start_ticks": 251507658,
          "vmhwm_kib": 95140
        }
      ],
      "scratch_allocated_bytes": 77824,
      "scratch_file_count": 12,
      "scratch_logical_bytes": 48065,
      "scratch_race_count": 0,
      "tree_live_threads": 2,
      "tree_rss_kib": 113724,
      "tree_runnable_threads": 1
    },
    "peaks": {
      "cgroup_memory_peak_bytes": 97624064,
      "max_observed_process_vmhwm_kib": 95148,
      "max_sampled_allowed_cpu_count": 1,
      "max_sampled_cgroup_current_bytes": 97624064,
      "max_sampled_scratch_allocated_bytes": 143360,
      "max_sampled_scratch_logical_bytes": 102709,
      "max_sampled_single_rss_kib": 95148,
      "max_sampled_tree_live_threads": 2,
      "max_sampled_tree_rss_kib": 113724,
      "max_sampled_tree_runnable_threads": 1
    },
    "phase": "diagnostic",
    "phase_marker_path": "/home/x/deco/gamma/projects/enwiki9/run_logs/adaptive/20260914T204448Z_da9938b6c6.resources/phases.jsonl",
    "phase_markers": [
      {
        "detail": "operational envelope only; no codec phase credit",
        "event": "worker_start",
        "observed_elapsed_s": 0.0222,
        "phase": "diagnostic",
        "source_line": 1
      },
      {
        "detail": null,
        "event": "start",
        "observed_elapsed_s": 0.523,
        "phase": "first",
        "source_line": 2
      },
      {
        "detail": null,
        "event": "end",
        "observed_elapsed_s": 7.5515,
        "phase": "first",
        "source_line": 3
      },
      {
        "detail": null,
        "event": "start",
        "observed_elapsed_s": 7.5515,
        "phase": "repeat",
        "source_line": 4
      },
      {
        "detail": null,
        "event": "end",
        "observed_elapsed_s": 15.0892,
        "phase": "repeat",
        "source_line": 5
      }
    ],
    "returncode": 0,
    "sample_count": 31,
    "sample_interval_seconds": 0.5,
    "schema": "gamma.enwiki9.resource-guard-receipt.v3",
    "scratch_paths": [
      "/home/x/deco/gamma/projects/enwiki9/results/fx2_paid_odds_cost250k_v1",
      "/home/x/deco/gamma/projects/enwiki9/run_logs/adaptive/20260914T204448Z_da9938b6c6.log",
      "/home/x/deco/gamma/projects/enwiki9/run_logs/adaptive/20260914T204448Z_da9938b6c6.resources",
      "/tmp/gamma-enwiki9-20260914T204448Z_da9938b6c6-boywne2q/fx2_paid_odds_cost250k_v1"
    ],
    "smaps_rollup_checkpoints": [
      {
        "elapsed_s": 0.0222,
        "processes": [
          {
            "pid": 2582229,
            "rollup_kib": {
              "AnonHugePages": 0,
              "Anonymous": 1480,
              "FilePmdMapped": 0,
              "KSM": 0,
              "LazyFree": 0,
              "Locked": 0,
              "Private_Clean": 24,
              "Private_Dirty": 1480,
              "Private_Hugetlb": 0,
              "Pss": 2498,
              "Pss_Anon": 1480,
              "Pss_Dirty": 1480,
              "Pss_File": 1018,
              "Pss_Shmem": 0,
              "Referenced": 6744,
              "Rss": 6744,
              "Shared_Clean": 5240,
              "Shared_Dirty": 0,
              "Shared_Hugetlb": 0,
              "ShmemPmdMapped": 0,
              "Swap": 0,
              "SwapPss": 0
            },
            "start_ticks": 251506905
          }
        ],
        "reason": "initial+phase_marker+rss_growth",
        "tree_rss_kib": 5912
      },
      {
        "elapsed_s": 0.523,
        "processes": [
          {
            "pid": 2582229,
            "rollup_kib": {
              "AnonHugePages": 0,
              "Anonymous": 7116,
              "FilePmdMapped": 0,
              "KSM": 0,
              "LazyFree": 0,
              "Locked": 0,
              "Private_Clean": 12,
              "Private_Dirty": 7116,
              "Private_Hugetlb": 0,
              "Pss": 8814,
              "Pss_Anon": 7116,
              "Pss_Dirty": 7116,
              "Pss_File": 1698,
              "Pss_Shmem": 0,
              "Referenced": 18520,
              "Rss": 18520,
              "Shared_Clean": 11392,
              "Shared_Dirty": 0,
              "Shared_Hugetlb": 0,
              "ShmemPmdMapped": 0,
              "Swap": 0,
              "SwapPss": 0
            },
            "start_ticks": 251506905
          },
          {
            "pid": 2582258,
            "rollup_kib": {
              "AnonHugePages": 0,
              "Anonymous": 81860,
              "FilePmdMapped": 0,
              "KSM": 0,
              "LazyFree": 0,
              "Locked": 0,
              "Private_Clean": 12,
              "Private_Dirty": 81860,
              "Private_Hugetlb": 0,
              "Pss": 83226,
              "Pss_Anon": 81860,
              "Pss_Dirty": 81860,
              "Pss_File": 1366,
              "Pss_Shmem": 0,
              "Referenced": 89260,
              "Rss": 89260,
              "Shared_Clean": 7388,
              "Shared_Dirty": 0,
              "Shared_Hugetlb": 0,
              "ShmemPmdMapped": 0,
              "Swap": 0,
              "SwapPss": 0
            },
            "start_ticks": 251506920
          }
        ],
        "reason": "phase_marker",
        "tree_rss_kib": 107764
      },
      {
        "elapsed_s": 7.5515,
        "processes": [
          {
            "pid": 2582229,
            "rollup_kib": {
              "AnonHugePages": 0,
              "Anonymous": 7116,
              "FilePmdMapped": 0,
              "KSM": 0,
              "LazyFree": 0,
              "Locked": 0,
              "Private_Clean": 12,
              "Private_Dirty": 7116,
              "Private_Hugetlb": 0,
              "Pss": 8838,
              "Pss_Anon": 7116,
              "Pss_Dirty": 7116,
              "Pss_File": 1722,
              "Pss_Shmem": 0,
              "Referenced": 18584,
              "Rss": 18584,
              "Shared_Clean": 11456,
              "Shared_Dirty": 0,
              "Shared_Hugetlb": 0,
              "ShmemPmdMapped": 0,
              "Swap": 0,
              "SwapPss": 0
            },
            "start_ticks": 251506905
          },
          {
            "pid": 2583728,
            "rollup_kib": {
              "AnonHugePages": 0,
              "Anonymous": 8488,
              "FilePmdMapped": 0,
              "KSM": 0,
              "LazyFree": 0,
              "Locked": 0,
              "Private_Clean": 32,
              "Private_Dirty": 8488,
              "Private_Hugetlb": 0,
              "Pss": 9826,
              "Pss_Anon": 8488,
              "Pss_Dirty": 8488,
              "Pss_File": 1338,
              "Pss_Shmem": 0,
              "Referenced": 15772,
              "Rss": 15772,
              "Shared_Clean": 7252,
              "Shared_Dirty": 0,
              "Shared_Hugetlb": 0,
              "ShmemPmdMapped": 0,
              "Swap": 0,
              "SwapPss": 0
            },
            "start_ticks": 251507658
          }
        ],
        "reason": "phase_marker",
        "tree_rss_kib": 34232
      },
      {
        "elapsed_s": 15.0892,
        "processes": [],
        "reason": "phase_marker+terminal",
        "tree_rss_kib": 0
      }
    ],
    "status": "complete",
    "temporary_disk_limit_bytes": 16777216,
    "wall_time_limit_seconds": null
  }
}
