{"command": ["/usr/bin/python3", "/home/x/deco/gamma/projects/enwiki9/tools/run_with_resource_guard_v3.py", "--limit-kib", "4194304", "--official-decimal-limit-kib", "4194304", "--limit-mode", "tree", "--cgroup-path", "/sys/fs/cgroup/user.slice/user-1000.slice/user@1000.service/app.slice/gamma-enwiki9-20260909T162704Z_5b79bb281d", "--cgroup-memory-max-bytes", "4294967296", "--temporary-disk-limit-bytes", "1073741824", "--phase-marker-path", "/home/x/deco/gamma/projects/enwiki9/run_logs/adaptive/20260909T162704Z_5b79bb281d.resources/phases.jsonl", "--max-logical-cpus", "1", "--guard-json", "/home/x/deco/gamma/projects/enwiki9/run_logs/adaptive/20260909T162704Z_5b79bb281d.resources/guard.json", "--label", "20260909T162704Z_5b79bb281d", "--phase", "diagnostic", "--scratch-path", "/home/x/deco/gamma/projects/enwiki9/results/opcode_previous_word_validation250k_q0_v1", "--scratch-path", "/home/x/deco/gamma/projects/enwiki9/run_logs/adaptive/20260909T162704Z_5b79bb281d.log", "--scratch-path", "/home/x/deco/gamma/projects/enwiki9/run_logs/adaptive/20260909T162704Z_5b79bb281d.resources", "--scratch-path", "/tmp/gamma-enwiki9-20260909T162704Z_5b79bb281d-6f8eun9n/opcode_previous_word_validation250k_q0_v1", "--", "/usr/bin/taskset", "--cpu-list", "2", "/bin/sh", "-c", "printf '%s\\n' '{\"phase\":\"diagnostic\",\"event\":\"worker_start\",\"detail\":\"operational envelope only; no codec phase credit\"}' >> \"$GAMMA_RESOURCE_PHASE_MARKERS\" || exit 125; exec \"$@\"", "enwiki9-discovery-envelope", "/usr/bin/python3", "/home/x/deco/gamma/projects/enwiki9/tools/opcode_previous_word_transfer_gate_v1.py"], "job": {"candidate_id": "opcode_previous_word_validation250k_q0_v1", "candidate_revision": {"path": "operations/adaptive/candidate-revisions/opcode_previous_word_validation250k_q0_v1/20260909T162645524972Z_1bf32c055a97.json", "sha256": "sha256:a3d25210f9ae282317ab83bcabb8431c294b6f8a6f1e52ac220afebc5c5404ac"}, "candidate_tree_sha256": "sha256:1bf32c055a97f2c632ef28acc04a03fd8b5ef57a270c74e3f88f3e260b1c09f8", "execution_guard": {"path": "tools/run_with_resource_guard_v3.py", "sha256": "sha256:044147f7ffe6922ea8dafd52fc3d4426077b20958adbcd421245ad41adcfc1e4"}, "execution_mode": "discovery", "execution_resources": {"boot_id": "3ce46712-27bc-4199-8e48-e2b3d23926cb", "budget": {"cgroup_parent": "/sys/fs/cgroup/user.slice/user-1000.slice/user@1000.service/app.slice", "cpus": [2], "memory_bytes": 4294967296, "scratch_bytes": 1073741824, "swap_bytes": 0, "wall_seconds": 4200}, "cgroup_inode": 272074, "cgroup_path": "/sys/fs/cgroup/user.slice/user-1000.slice/user@1000.service/app.slice/gamma-enwiki9-20260909T162704Z_5b79bb281d", "cpu_enforcement": "taskset-and-sampled-affinity-guard", "groups": [{"created": true, "inode": 272074, "kernel_cpuset": false, "memory_bytes": 4294967296, "path": "/sys/fs/cgroup/user.slice/user-1000.slice/user@1000.service/app.slice/gamma-enwiki9-20260909T162704Z_5b79bb281d"}], "guard_command_sha256": "ca2bfbb327fbd09c26fd6150a96861e59d2a5f4b87a800388cc93cbbe5f0afdf", "guard_path": "run_logs/adaptive/20260909T162704Z_5b79bb281d.resources/guard.json", "missing_diagnostics": ["kernel cpuset controller is not delegated; taskset assignment and existing affinity guard remain active"], "timing_authority": "diagnostic"}, "experiment": {"path": "operations/adaptive/experiments/opcode_previous_word_validation250k_q0_v1.json", "sha256": "sha256:6389e0a9bc39250d5b43b6cae2107b27c280222127a5d1335c75353ac72c3d3c"}, "gate_size": 250000, "held": false, "held_at": "2026-09-09T16:27:05+00:00", "hold_history": [{"at": "2026-09-09T16:27:05+00:00", "held": true, "reason": "Await publication verification, independent frozen input review and fresh CPU2 resource admission."}, {"at": "2026-09-09T16:30:16+00:00", "held": false, "reason": "Published871d32bd6 source, contract and ownership match GitHub; independent review and fresh admission pass in operations/provenance/opcode_previous_word_validation250k_admission_20260909.json."}], "job_id": "20260909T162704Z_5b79bb281d", "priority": 90, "proposal": {"path": "operations/adaptive/proposals/developed/931_opcode_previous_word_validation250k_q0_v1.json", "sha256": "sha256:8c51609939b1764c97b7c164584390ae050e85ab91b7c3b444e4801db596cb11"}, "proposal_id": "opcode_previous_word_validation250k_q0_v1", "purpose": "diagnostic", "released_at": "2026-09-09T16:30:16+00:00", "resource_budget": {"cgroup_parent": "/sys/fs/cgroup/user.slice/user-1000.slice/user@1000.service/app.slice", "cpus": [2], "memory_bytes": 4294967296, "scratch_bytes": 1073741824, "swap_bytes": 0, "wall_seconds": 4200}, "runner": {"path": "tools/opcode_previous_word_transfer_gate_v1.py", "sha256": "sha256:e7bb13c8a5d9cb5acf1ec240e3210324bce6d9ec153a569841e9f59352076256"}, "schema": "gamma.enwiki9.adaptive-job.v3", "scratch_directories": ["results/opcode_previous_word_validation250k_q0_v1"], "started_at": "2026-09-09T16:30:16+00:00", "state": "running", "submitted_at": "2026-09-09T16:27:04+00:00", "tags": ["word-transfer"], "timing_authority": "diagnostic", "tool": "tools/opcode_previous_word_transfer_gate_v1.py", "tool_args": []}}
{"status": "passed", "correctness_pass": true}
{
  "resource_guard": {
    "cgroup": {
      "inode": 272074,
      "joined_before_exec": true,
      "memory_max_bytes": 4294967296,
      "memory_max_rounding_bytes": 0,
      "memory_peak_reset": true,
      "path": "/sys/fs/cgroup/user.slice/user-1000.slice/user@1000.service/app.slice/gamma-enwiki9-20260909T162704Z_5b79bb281d",
      "previous_memory_max": "4294967296",
      "requested_memory_max_bytes": 4294967296
    },
    "cgroup_events": {
      "baseline": {
        "high": 0,
        "low": 0,
        "max": 0,
        "oom": 0,
        "oom_group_kill": 0,
        "oom_kill": 0,
        "sock_throttled": 0
      },
      "delta": {
        "high": 0,
        "low": 0,
        "max": 0,
        "oom": 0,
        "oom_group_kill": 0,
        "oom_kill": 0,
        "sock_throttled": 0
      },
      "final": {
        "high": 0,
        "low": 0,
        "max": 0,
        "oom": 0,
        "oom_group_kill": 0,
        "oom_kill": 0,
        "sock_throttled": 0
      }
    },
    "command": [
      "/usr/bin/taskset",
      "--cpu-list",
      "2",
      "/bin/sh",
      "-c",
      "printf '%s\\n' '{\"phase\":\"diagnostic\",\"event\":\"worker_start\",\"detail\":\"operational envelope only; no codec phase credit\"}' >> \"$GAMMA_RESOURCE_PHASE_MARKERS\" || exit 125; exec \"$@\"",
      "enwiki9-discovery-envelope",
      "/usr/bin/python3",
      "/home/x/deco/gamma/projects/enwiki9/tools/opcode_previous_word_transfer_gate_v1.py"
    ],
    "command_sha256": "7d5cb6d8e75f73c7eb2cce5f9f5c536b7bdb58c60bca080490aa3071a54891d0",
    "elapsed_s": 792.4667,
    "geekbench5_single_core_score": null,
    "guards": {
      "cgroup_memory_guard_exceeded": false,
      "logical_cpu_guard_exceeded": false,
      "measurement_incomplete": false,
      "official_decimal_memory_exceeded": false,
      "phase_marker_invalid": false,
      "rss_guard_exceeded": false,
      "temporary_disk_guard_exceeded": false,
      "wall_time_guard_exceeded": false
    },
    "label": "20260909T162704Z_5b79bb281d",
    "latest_sample": {
      "allowed_cpu_union": [],
      "cgroup_current_bytes": 3424256,
      "elapsed_s": 792.465,
      "max_single_rss_kib": 0,
      "persistent_status_misses": [],
      "processes": [],
      "scratch_allocated_bytes": 3125248,
      "scratch_file_count": 94,
      "scratch_logical_bytes": 2905723,
      "scratch_race_count": 0,
      "tree_live_threads": 0,
      "tree_rss_kib": 0,
      "tree_runnable_threads": 0
    },
    "limit_kib": 4194304,
    "limit_mode": "tree",
    "max_logical_cpus": 1,
    "measurements": {
      "affinity_complete": true,
      "cgroup_v2_complete": true,
      "per_process_vmhwm_sampled": true,
      "phase_markers_complete": true,
      "process_tree_rss_complete": true,
      "scratch_logical_and_allocated_complete": true,
      "smaps_rollup_complete": true
    },
    "objective": {
      "corpusBytes": 1000000000,
      "corpusSha256": "159b85351e5f76e60cbe32e04c677847a9ecba3adc79addab6f4c6c7aa3744bc",
      "objectiveDigest": "sha256:e91ff20e92c3cac8acb0cbe5c79fc8e8a3b427d7e151245c8eecc52b1c32fa00",
      "objectiveId": "gamma-enwiki9-hutter-90m-v3",
      "objectivePath": "contracts/research/v3/objective-contract.json",
      "targetScoreBytes": 90000000
    },
    "official_decimal_limit_kib": 4194304,
    "peak_process_vmhwm": {
      "comm": "python3",
      "observed_elapsed_s": 478.2736,
      "pid": 1096283,
      "start_ticks": 206797778,
      "vmhwm_kib": 779508
    },
    "peak_sample": {
      "allowed_cpu_union": [
        2
      ],
      "cgroup_current_bytes": 794984448,
      "elapsed_s": 477.7716,
      "max_single_rss_kib": 772264,
      "persistent_status_misses": [],
      "processes": [
        {
          "allowed_cpus": [
            2
          ],
          "comm": "python3",
          "live_threads": 1,
          "pid": 1018520,
          "rss_kib": 25644,
          "runnable_threads": 0,
          "start_ticks": 206755502,
          "vmhwm_kib": 26368
        },
        {
          "allowed_cpus": [
            2
          ],
          "comm": "python3",
          "live_threads": 1,
          "pid": 1096283,
          "rss_kib": 772264,
          "runnable_threads": 1,
          "start_ticks": 206797778,
          "vmhwm_kib": 772264
        }
      ],
      "scratch_allocated_bytes": 1687552,
      "scratch_file_count": 56,
      "scratch_logical_bytes": 1549259,
      "scratch_race_count": 0,
      "tree_live_threads": 2,
      "tree_rss_kib": 797908,
      "tree_runnable_threads": 1
    },
    "peak_tree_sample": {
      "allowed_cpu_union": [
        2
      ],
      "cgroup_current_bytes": 794984448,
      "elapsed_s": 477.7716,
      "max_single_rss_kib": 772264,
      "persistent_status_misses": [],
      "processes": [
        {
          "allowed_cpus": [
            2
          ],
          "comm": "python3",
          "live_threads": 1,
          "pid": 1018520,
          "rss_kib": 25644,
          "runnable_threads": 0,
          "start_ticks": 206755502,
          "vmhwm_kib": 26368
        },
        {
          "allowed_cpus": [
            2
          ],
          "comm": "python3",
          "live_threads": 1,
          "pid": 1096283,
          "rss_kib": 772264,
          "runnable_threads": 1,
          "start_ticks": 206797778,
          "vmhwm_kib": 772264
        }
      ],
      "scratch_allocated_bytes": 1687552,
      "scratch_file_count": 56,
      "scratch_logical_bytes": 1549259,
      "scratch_race_count": 0,
      "tree_live_threads": 2,
      "tree_rss_kib": 797908,
      "tree_runnable_threads": 1
    },
    "peaks": {
      "cgroup_memory_peak_bytes": 803201024,
      "max_observed_process_vmhwm_kib": 779508,
      "max_sampled_allowed_cpu_count": 1,
      "max_sampled_cgroup_current_bytes": 795336704,
      "max_sampled_scratch_allocated_bytes": 3129344,
      "max_sampled_scratch_logical_bytes": 2906012,
      "max_sampled_single_rss_kib": 772264,
      "max_sampled_tree_live_threads": 2,
      "max_sampled_tree_rss_kib": 797908,
      "max_sampled_tree_runnable_threads": 2
    },
    "phase": "diagnostic",
    "phase_marker_path": "/home/x/deco/gamma/projects/enwiki9/run_logs/adaptive/20260909T162704Z_5b79bb281d.resources/phases.jsonl",
    "phase_markers": [
      {
        "detail": "operational envelope only; no codec phase credit",
        "event": "worker_start",
        "observed_elapsed_s": 0.0227,
        "phase": "diagnostic",
        "source_line": 1
      },
      {
        "detail": null,
        "event": "start",
        "observed_elapsed_s": 0.5235,
        "phase": "P-encode",
        "source_line": 2
      },
      {
        "detail": null,
        "event": "end",
        "observed_elapsed_s": 54.7326,
        "phase": "P-encode",
        "source_line": 3
      },
      {
        "detail": null,
        "event": "start",
        "observed_elapsed_s": 54.7326,
        "phase": "P-decode",
        "source_line": 4
      },
      {
        "detail": null,
        "event": "end",
        "observed_elapsed_s": 84.3246,
        "phase": "P-decode",
        "source_line": 5
      },
      {
        "detail": null,
        "event": "start",
        "observed_elapsed_s": 84.3246,
        "phase": "P-repeat",
        "source_line": 6
      },
      {
        "detail": null,
        "event": "end",
        "observed_elapsed_s": 138.0706,
        "phase": "P-repeat",
        "source_line": 7
      },
      {
        "detail": null,
        "event": "start",
        "observed_elapsed_s": 138.0706,
        "phase": "K-encode",
        "source_line": 8
      },
      {
        "detail": null,
        "event": "end",
        "observed_elapsed_s": 192.7976,
        "phase": "K-encode",
        "source_line": 9
      },
      {
        "detail": null,
        "event": "start",
        "observed_elapsed_s": 192.7976,
        "phase": "K-decode",
        "source_line": 10
      },
      {
        "detail": null,
        "event": "end",
        "observed_elapsed_s": 222.44,
        "phase": "K-decode",
        "source_line": 11
      },
      {
        "detail": null,
        "event": "start",
        "observed_elapsed_s": 222.44,
        "phase": "K-repeat",
        "source_line": 12
      },
      {
        "detail": null,
        "event": "end",
        "observed_elapsed_s": 276.6956,
        "phase": "K-repeat",
        "source_line": 13
      },
      {
        "detail": null,
        "event": "start",
        "observed_elapsed_s": 276.6956,
        "phase": "D-encode",
        "source_line": 14
      },
      {
        "detail": null,
        "event": "end",
        "observed_elapsed_s": 333.5266,
        "phase": "D-encode",
        "source_line": 15
      },
      {
        "detail": null,
        "event": "start",
        "observed_elapsed_s": 333.5266,
        "phase": "D-decode",
        "source_line": 16
      },
      {
        "detail": null,
        "event": "end",
        "observed_elapsed_s": 366.1966,
        "phase": "D-decode",
        "source_line": 17
      },
      {
        "detail": null,
        "event": "start",
        "observed_elapsed_s": 366.1966,
        "phase": "D-repeat",
        "source_line": 18
      },
      {
        "detail": null,
        "event": "end",
        "observed_elapsed_s": 422.9906,
        "phase": "D-repeat",
        "source_line": 19
      },
      {
        "detail": null,
        "event": "start",
        "observed_elapsed_s": 422.9906,
        "phase": "S-encode",
        "source_line": 20
      },
      {
        "detail": null,
        "event": "end",
        "observed_elapsed_s": 480.2896,
        "phase": "S-encode",
        "source_line": 21
      },
      {
        "detail": null,
        "event": "start",
        "observed_elapsed_s": 480.2896,
        "phase": "S-decode",
        "source_line": 22
      },
      {
        "detail": null,
        "event": "end",
        "observed_elapsed_s": 512.9516,
        "phase": "S-decode",
        "source_line": 23
      },
      {
        "detail": null,
        "event": "start",
        "observed_elapsed_s": 512.9516,
        "phase": "S-repeat",
        "source_line": 24
      },
      {
        "detail": null,
        "event": "end",
        "observed_elapsed_s": 570.2476,
        "phase": "S-repeat",
        "source_line": 25
      },
      {
        "detail": null,
        "event": "start",
        "observed_elapsed_s": 570.2476,
        "phase": "D-plain",
        "source_line": 26
      },
      {
        "detail": null,
        "event": "end",
        "observed_elapsed_s": 607.952,
        "phase": "D-plain",
        "source_line": 27
      },
      {
        "detail": null,
        "event": "start",
        "observed_elapsed_s": 607.952,
        "phase": "D-encode",
        "source_line": 28
      },
      {
        "detail": null,
        "event": "end",
        "observed_elapsed_s": 664.7566,
        "phase": "D-encode",
        "source_line": 29
      },
      {
        "detail": null,
        "event": "start",
        "observed_elapsed_s": 664.7566,
        "phase": "D-decode",
        "source_line": 30
      },
      {
        "detail": null,
        "event": "end",
        "observed_elapsed_s": 697.4366,
        "phase": "D-decode",
        "source_line": 31
      },
      {
        "detail": null,
        "event": "start",
        "observed_elapsed_s": 697.4366,
        "phase": "D-repeat",
        "source_line": 32
      },
      {
        "detail": null,
        "event": "end",
        "observed_elapsed_s": 754.2586,
        "phase": "D-repeat",
        "source_line": 33
      },
      {
        "detail": null,
        "event": "start",
        "observed_elapsed_s": 754.2586,
        "phase": "D-plain",
        "source_line": 34
      },
      {
        "detail": null,
        "event": "end",
        "observed_elapsed_s": 791.9639,
        "phase": "D-plain",
        "source_line": 35
      }
    ],
    "returncode": 0,
    "sample_count": 1578,
    "sample_interval_seconds": 0.5,
    "schema": "gamma.enwiki9.resource-guard-receipt.v3",
    "scratch_paths": [
      "/home/x/deco/gamma/projects/enwiki9/results/opcode_previous_word_validation250k_q0_v1",
      "/home/x/deco/gamma/projects/enwiki9/run_logs/adaptive/20260909T162704Z_5b79bb281d.log",
      "/home/x/deco/gamma/projects/enwiki9/run_logs/adaptive/20260909T162704Z_5b79bb281d.resources",
      "/tmp/gamma-enwiki9-20260909T162704Z_5b79bb281d-6f8eun9n/opcode_previous_word_validation250k_q0_v1"
    ],
    "smaps_rollup_checkpoints": [
      {
        "elapsed_s": 0.0227,
        "processes": [
          {
            "pid": 1018520,
            "rollup_kib": {
              "AnonHugePages": 0,
              "Anonymous": 4160,
              "FilePmdMapped": 0,
              "KSM": 0,
              "LazyFree": 0,
              "Locked": 0,
              "Private_Clean": 32,
              "Private_Dirty": 4160,
              "Private_Hugetlb": 0,
              "Pss": 6058,
              "Pss_Anon": 4160,
              "Pss_Dirty": 4160,
              "Pss_File": 1898,
              "Pss_Shmem": 0,
              "Referenced": 11020,
              "Rss": 11020,
              "Shared_Clean": 6828,
              "Shared_Dirty": 0,
              "Shared_Hugetlb": 0,
              "ShmemPmdMapped": 0,
              "Swap": 0,
              "SwapPss": 0
            },
            "start_ticks": 206755502
          }
        ],
        "reason": "initial+phase_marker+rss_growth",
        "tree_rss_kib": 11020
      },
      {
        "elapsed_s": 0.5235,
        "processes": [
          {
            "pid": 1018520,
            "rollup_kib": {
              "AnonHugePages": 0,
              "Anonymous": 13000,
              "FilePmdMapped": 0,
              "KSM": 0,
              "LazyFree": 0,
              "Locked": 0,
              "Private_Clean": 0,
              "Private_Dirty": 13000,
              "Private_Hugetlb": 0,
              "Pss": 15584,
              "Pss_Anon": 13000,
              "Pss_Dirty": 13000,
              "Pss_File": 2584,
              "Pss_Shmem": 0,
              "Referenced": 25448,
              "Rss": 25448,
              "Shared_Clean": 12448,
              "Shared_Dirty": 0,
              "Shared_Hugetlb": 0,
              "ShmemPmdMapped": 0,
              "Swap": 0,
              "SwapPss": 0
            },
            "start_ticks": 206755502
          },
          {
            "pid": 1018537,
            "rollup_kib": {
              "AnonHugePages": 0,
              "Anonymous": 33292,
              "FilePmdMapped": 0,
              "KSM": 0,
              "LazyFree": 0,
              "Locked": 0,
              "Private_Clean": 352,
              "Private_Dirty": 33292,
              "Private_Hugetlb": 0,
              "Pss": 36198,
              "Pss_Anon": 33292,
              "Pss_Dirty": 33292,
              "Pss_File": 2906,
              "Pss_Shmem": 0,
              "Referenced": 45916,
              "Rss": 45916,
              "Shared_Clean": 12272,
              "Shared_Dirty": 0,
              "Shared_Hugetlb": 0,
              "ShmemPmdMapped": 0,
              "Swap": 0,
              "SwapPss": 0
            },
            "start_ticks": 206755510
          }
        ],
        "reason": "phase_marker",
        "tree_rss_kib": 71364
      },
      {
        "elapsed_s": 11.0686,
        "processes": [
          {
            "pid": 1018520,
            "rollup_kib": {
              "AnonHugePages": 0,
              "Anonymous": 13000,
              "FilePmdMapped": 0,
              "KSM": 0,
              "LazyFree": 0,
              "Locked": 0,
              "Private_Clean": 0,
              "Private_Dirty": 13000,
              "Private_Hugetlb": 0,
              "Pss": 15595,
              "Pss_Anon": 13000,
              "Pss_Dirty": 13000,
              "Pss_File": 2595,
              "Pss_Shmem": 0,
              "Referenced": 25448,
              "Rss": 25448,
              "Shared_Clean": 12448,
              "Shared_Dirty": 0,
              "Shared_Hugetlb": 0,
              "ShmemPmdMapped": 0,
              "Swap": 0,
              "SwapPss": 0
            },
            "start_ticks": 206755502
          },
          {
            "pid": 1018537,
            "rollup_kib": {
              "AnonHugePages": 0,
              "Anonymous": 297168,
              "FilePmdMapped": 0,
              "KSM": 0,
              "LazyFree": 0,
              "Locked": 0,
              "Private_Clean": 352,
              "Private_Dirty": 297168,
              "Private_Hugetlb": 0,
              "Pss": 300075,
              "Pss_Anon": 297168,
              "Pss_Dirty": 297168,
              "Pss_File": 2907,
              "Pss_Shmem": 0,
              "Referenced": 309792,
              "Rss": 309792,
              "Shared_Clean": 12272,
              "Shared_Dirty": 0,
              "Shared_Hugetlb": 0,
              "ShmemPmdMapped": 0,
              "Swap": 0,
              "SwapPss": 0
            },
            "start_ticks": 206755510
          }
        ],
        "reason": "rss_growth",
        "tree_rss_kib": 335240
      },
      {
        "elapsed_s": 54.7326,
        "processes": [
          {
            "pid": 1018520,
            "rollup_kib": {
              "AnonHugePages": 0,
              "Anonymous": 13000,
              "FilePmdMapped": 0,
              "KSM": 0,
              "LazyFree": 0,
              "Locked": 0,
              "Private_Clean": 0,
              "Private_Dirty": 13000,
              "Private_Hugetlb": 0,
              "Pss": 15600,
              "Pss_Anon": 13000,
              "Pss_Dirty": 13000,
              "Pss_File": 2600,
              "Pss_Shmem": 0,
              "Referenced": 25512,
              "Rss": 25512,
              "Shared_Clean": 12512,
              "Shared_Dirty": 0,
              "Shared_Hugetlb": 0,
              "ShmemPmdMapped": 0,
              "Swap": 0,
              "SwapPss": 0
            },
            "start_ticks": 206755502
          },
          {
            "pid": 1028320,
            "rollup_kib": {
              "AnonHugePages": 0,
              "Anonymous": 24232,
              "FilePmdMapped": 0,
              "KSM": 0,
              "LazyFree": 0,
              "Locked": 0,
              "Private_Clean": 288,
              "Private_Dirty": 24232,
              "Private_Hugetlb": 0,
              "Pss": 27075,
              "Pss_Anon": 24232,
              "Pss_Dirty": 24232,
              "Pss_File": 2843,
              "Pss_Shmem": 0,
              "Referenced": 36804,
              "Rss": 36804,
              "Shared_Clean": 12284,
              "Shared_Dirty": 0,
              "Shared_Hugetlb": 0,
              "ShmemPmdMapped": 0,
              "Swap": 0,
              "SwapPss": 0
            },
            "start_ticks": 206760950
          }
        ],
        "reason": "phase_marker",
        "tree_rss_kib": 62316
      },
      {
        "elapsed_s": 84.3246,
        "processes": [
          {
            "pid": 1018520,
            "rollup_kib": {
              "AnonHugePages": 0,
              "Anonymous": 13000,
              "FilePmdMapped": 0,
              "KSM": 0,
              "LazyFree": 0,
              "Locked": 0,
              "Private_Clean": 0,
              "Private_Dirty": 13000,
              "Private_Hugetlb": 0,
              "Pss": 15597,
              "Pss_Anon": 13000,
              "Pss_Dirty": 13000,
              "Pss_File": 2597,
              "Pss_Shmem": 0,
              "Referenced": 25512,
              "Rss": 25512,
              "Shared_Clean": 12512,
              "Shared_Dirty": 0,
              "Shared_Hugetlb": 0,
              "ShmemPmdMapped": 0,
              "Swap": 0,
              "SwapPss": 0
            },
            "start_ticks": 206755502
          },
          {
            "pid": 1033723,
            "rollup_kib": {
              "AnonHugePages": 0,
              "Anonymous": 32912,
              "FilePmdMapped": 0,
              "KSM": 0,
              "LazyFree": 0,
              "Locked": 0,
              "Private_Clean": 348,
              "Private_Dirty": 32912,
              "Private_Hugetlb": 0,
              "Pss": 35785,
              "Pss_Anon": 32912,
              "Pss_Dirty": 32912,
              "Pss_File": 2873,
              "Pss_Shmem": 0,
              "Referenced": 45472,
              "Rss": 45472,
              "Shared_Clean": 12212,
              "Shared_Dirty": 0,
              "Shared_Hugetlb": 0,
              "ShmemPmdMapped": 0,
              "Swap": 0,
              "SwapPss": 0
            },
            "start_ticks": 206763891
          }
        ],
        "reason": "phase_marker",
        "tree_rss_kib": 70984
      },
      {
        "elapsed_s": 138.0706,
        "processes": [
          {
            "pid": 1018520,
            "rollup_kib": {
              "AnonHugePages": 0,
              "Anonymous": 13040,
              "FilePmdMapped": 0,
              "KSM": 0,
              "LazyFree": 0,
              "Locked": 0,
              "Private_Clean": 0,
              "Private_Dirty": 13040,
              "Private_Hugetlb": 0,
              "Pss": 15684,
              "Pss_Anon": 13040,
              "Pss_Dirty": 13040,
              "Pss_File": 2644,
              "Pss_Shmem": 0,
              "Referenced": 25552,
              "Rss": 25552,
              "Shared_Clean": 12512,
              "Shared_Dirty": 0,
              "Shared_Hugetlb": 0,
              "ShmemPmdMapped": 0,
              "Swap": 0,
              "SwapPss": 0
            },
            "start_ticks": 206755502
          },
          {
            "pid": 1043575,
            "rollup_kib": {
              "AnonHugePages": 0,
              "Anonymous": 12620,
              "FilePmdMapped": 0,
              "KSM": 0,
              "LazyFree": 0,
              "Locked": 0,
              "Private_Clean": 288,
              "Private_Dirty": 12620,
              "Private_Hugetlb": 0,
              "Pss": 15478,
              "Pss_Anon": 12620,
              "Pss_Dirty": 12620,
              "Pss_File": 2858,
              "Pss_Shmem": 0,
              "Referenced": 25200,
              "Rss": 25200,
              "Shared_Clean": 12292,
              "Shared_Dirty": 0,
              "Shared_Hugetlb": 0,
              "ShmemPmdMapped": 0,
              "Swap": 0,
              "SwapPss": 0
            },
            "start_ticks": 206769306
          }
        ],
        "reason": "phase_marker",
        "tree_rss_kib": 50752
      },
      {
        "elapsed_s": 192.7976,
        "processes": [
          {
            "pid": 1018520,
            "rollup_kib": {
              "AnonHugePages": 0,
              "Anonymous": 13040,
              "FilePmdMapped": 0,
              "KSM": 0,
              "LazyFree": 0,
              "Locked": 0,
              "Private_Clean": 0,
              "Private_Dirty": 13040,
              "Private_Hugetlb": 0,
              "Pss": 15628,
              "Pss_Anon": 13040,
              "Pss_Dirty": 13040,
              "Pss_File": 2588,
              "Pss_Shmem": 0,
              "Referenced": 25552,
              "Rss": 25552,
              "Shared_Clean": 12512,
              "Shared_Dirty": 0,
              "Shared_Hugetlb": 0,
              "ShmemPmdMapped": 0,
              "Swap": 0,
              "SwapPss": 0
            },
            "start_ticks": 206755502
          },
          {
            "pid": 1053952,
            "rollup_kib": {
              "AnonHugePages": 0,
              "Anonymous": 24352,
              "FilePmdMapped": 0,
              "KSM": 0,
              "LazyFree": 0,
              "Locked": 0,
              "Private_Clean": 288,
              "Private_Dirty": 24352,
              "Private_Hugetlb": 0,
              "Pss": 27197,
              "Pss_Anon": 24352,
              "Pss_Dirty": 24352,
              "Pss_File": 2845,
              "Pss_Shmem": 0,
              "Referenced": 36972,
              "Rss": 36972,
              "Shared_Clean": 12332,
              "Shared_Dirty": 0,
              "Shared_Hugetlb": 0,
              "ShmemPmdMapped": 0,
              "Swap": 0,
              "SwapPss": 0
            },
            "start_ticks": 206774756
          }
        ],
        "reason": "phase_marker",
        "tree_rss_kib": 62524
      },
      {
        "elapsed_s": 222.44,
        "processes": [
          {
            "pid": 1018520,
            "rollup_kib": {
              "AnonHugePages": 0,
              "Anonymous": 13040,
              "FilePmdMapped": 0,
              "KSM": 0,
              "LazyFree": 0,
              "Locked": 0,
              "Private_Clean": 0,
              "Private_Dirty": 13040,
              "Private_Hugetlb": 0,
              "Pss": 15628,
              "Pss_Anon": 13040,
              "Pss_Dirty": 13040,
              "Pss_File": 2588,
              "Pss_Shmem": 0,
              "Referenced": 25552,
              "Rss": 25552,
              "Shared_Clean": 12512,
              "Shared_Dirty": 0,
              "Shared_Hugetlb": 0,
              "ShmemPmdMapped": 0,
              "Swap": 0,
              "SwapPss": 0
            },
            "start_ticks": 206755502
          },
          {
            "pid": 1059460,
            "rollup_kib": {
              "AnonHugePages": 0,
              "Anonymous": 19208,
              "FilePmdMapped": 0,
              "KSM": 0,
              "LazyFree": 0,
              "Locked": 0,
              "Private_Clean": 352,
              "Private_Dirty": 19208,
              "Private_Hugetlb": 0,
              "Pss": 22118,
              "Pss_Anon": 19208,
              "Pss_Dirty": 19208,
              "Pss_File": 2910,
              "Pss_Shmem": 0,
              "Referenced": 31892,
              "Rss": 31892,
              "Shared_Clean": 12332,
              "Shared_Dirty": 0,
              "Shared_Hugetlb": 0,
              "ShmemPmdMapped": 0,
              "Swap": 0,
              "SwapPss": 0
            },
            "start_ticks": 206777717
          }
        ],
        "reason": "phase_marker",
        "tree_rss_kib": 57444
      },
      {
        "elapsed_s": 276.6956,
        "processes": [
          {
            "pid": 1018520,
            "rollup_kib": {
              "AnonHugePages": 0,
              "Anonymous": 13088,
              "FilePmdMapped": 0,
              "KSM": 0,
              "LazyFree": 0,
              "Locked": 0,
              "Private_Clean": 0,
              "Private_Dirty": 13088,
              "Private_Hugetlb": 0,
              "Pss": 15740,
              "Pss_Anon": 13088,
              "Pss_Dirty": 13088,
              "Pss_File": 2652,
              "Pss_Shmem": 0,
              "Referenced": 25600,
              "Rss": 25600,
              "Shared_Clean": 12512,
              "Shared_Dirty": 0,
              "Shared_Hugetlb": 0,
              "ShmemPmdMapped": 0,
              "Swap": 0,
              "SwapPss": 0
            },
            "start_ticks": 206755502
          },
          {
            "pid": 1069366,
            "rollup_kib": {
              "AnonHugePages": 0,
              "Anonymous": 29672,
              "FilePmdMapped": 0,
              "KSM": 0,
              "LazyFree": 0,
              "Locked": 0,
              "Private_Clean": 352,
              "Private_Dirty": 29672,
              "Private_Hugetlb": 0,
              "Pss": 32598,
              "Pss_Anon": 29672,
              "Pss_Dirty": 29672,
              "Pss_File": 2926,
              "Pss_Shmem": 0,
              "Referenced": 42284,
              "Rss": 42284,
              "Shared_Clean": 12260,
              "Shared_Dirty": 0,
              "Shared_Hugetlb": 0,
              "ShmemPmdMapped": 0,
              "Swap": 0,
              "SwapPss": 0
            },
            "start_ticks": 206783131
          }
        ],
        "reason": "phase_marker",
        "tree_rss_kib": 67884
      },
      {
        "elapsed_s": 321.4356,
        "processes": [
          {
            "pid": 1018520,
            "rollup_kib": {
              "AnonHugePages": 0,
              "Anonymous": 13088,
              "FilePmdMapped": 0,
              "KSM": 0,
              "LazyFree": 0,
              "Locked": 0,
              "Private_Clean": 0,
              "Private_Dirty": 13088,
              "Private_Hugetlb": 0,
              "Pss": 15685,
              "Pss_Anon": 13088,
              "Pss_Dirty": 13088,
              "Pss_File": 2597,
              "Pss_Shmem": 0,
              "Referenced": 25600,
              "Rss": 25600,
              "Shared_Clean": 12512,
              "Shared_Dirty": 0,
              "Shared_Hugetlb": 0,
              "ShmemPmdMapped": 0,
              "Swap": 0,
              "SwapPss": 0
            },
            "start_ticks": 206755502
          },
          {
            "pid": 1069366,
            "rollup_kib": {
              "AnonHugePages": 0,
              "Anonymous": 586604,
              "FilePmdMapped": 0,
              "KSM": 0,
              "LazyFree": 0,
              "Locked": 0,
              "Private_Clean": 352,
              "Private_Dirty": 586604,
              "Private_Hugetlb": 0,
              "Pss": 589495,
              "Pss_Anon": 586604,
              "Pss_Dirty": 586604,
              "Pss_File": 2891,
              "Pss_Shmem": 0,
              "Referenced": 599216,
              "Rss": 599216,
              "Shared_Clean": 12260,
              "Shared_Dirty": 0,
              "Shared_Hugetlb": 0,
              "ShmemPmdMapped": 0,
              "Swap": 0,
              "SwapPss": 0
            },
            "start_ticks": 206783131
          }
        ],
        "reason": "rss_growth",
        "tree_rss_kib": 624816
      },
      {
        "elapsed_s": 333.5266,
        "processes": [
          {
            "pid": 1018520,
            "rollup_kib": {
              "AnonHugePages": 0,
              "Anonymous": 13088,
              "FilePmdMapped": 0,
              "KSM": 0,
              "LazyFree": 0,
              "Locked": 0,
              "Private_Clean": 0,
              "Private_Dirty": 13088,
              "Private_Hugetlb": 0,
              "Pss": 15687,
              "Pss_Anon": 13088,
              "Pss_Dirty": 13088,
              "Pss_File": 2599,
              "Pss_Shmem": 0,
              "Referenced": 25600,
              "Rss": 25600,
              "Shared_Clean": 12512,
              "Shared_Dirty": 0,
              "Shared_Hugetlb": 0,
              "ShmemPmdMapped": 0,
              "Swap": 0,
              "SwapPss": 0
            },
            "start_ticks": 206755502
          },
          {
            "pid": 1079694,
            "rollup_kib": {
              "AnonHugePages": 0,
              "Anonymous": 40432,
              "FilePmdMapped": 0,
              "KSM": 0,
              "LazyFree": 0,
              "Locked": 0,
              "Private_Clean": 272,
              "Private_Dirty": 40432,
              "Private_Hugetlb": 0,
              "Pss": 43250,
              "Pss_Anon": 40432,
              "Pss_Dirty": 40432,
              "Pss_File": 2818,
              "Pss_Shmem": 0,
              "Referenced": 52976,
              "Rss": 52976,
              "Shared_Clean": 12272,
              "Shared_Dirty": 0,
              "Shared_Hugetlb": 0,
              "ShmemPmdMapped": 0,
              "Swap": 0,
              "SwapPss": 0
            },
            "start_ticks": 206788810
          }
        ],
        "reason": "phase_marker",
        "tree_rss_kib": 78576
      },
      {
        "elapsed_s": 366.1966,
        "processes": [
          {
            "pid": 1018520,
            "rollup_kib": {
              "AnonHugePages": 0,
              "Anonymous": 13088,
              "FilePmdMapped": 0,
              "KSM": 0,
              "LazyFree": 0,
              "Locked": 0,
              "Private_Clean": 0,
              "Private_Dirty": 13088,
              "Private_Hugetlb": 0,
              "Pss": 15682,
              "Pss_Anon": 13088,
              "Pss_Dirty": 13088,
              "Pss_File": 2594,
              "Pss_Shmem": 0,
              "Referenced": 25600,
              "Rss": 25600,
              "Shared_Clean": 12512,
              "Shared_Dirty": 0,
              "Shared_Hugetlb": 0,
              "ShmemPmdMapped": 0,
              "Swap": 0,
              "SwapPss": 0
            },
            "start_ticks": 206755502
          },
          {
            "pid": 1085848,
            "rollup_kib": {
              "AnonHugePages": 0,
              "Anonymous": 12628,
              "FilePmdMapped": 0,
              "KSM": 0,
              "LazyFree": 0,
              "Locked": 0,
              "Private_Clean": 288,
              "Private_Dirty": 12628,
              "Private_Hugetlb": 0,
              "Pss": 15472,
              "Pss_Anon": 12628,
              "Pss_Dirty": 12628,
              "Pss_File": 2844,
              "Pss_Shmem": 0,
              "Referenced": 25248,
              "Rss": 25248,
              "Shared_Clean": 12332,
              "Shared_Dirty": 0,
              "Shared_Hugetlb": 0,
              "ShmemPmdMapped": 0,
              "Swap": 0,
              "SwapPss": 0
            },
            "start_ticks": 206792103
          }
        ],
        "reason": "phase_marker",
        "tree_rss_kib": 50848
      },
      {
        "elapsed_s": 422.9906,
        "processes": [
          {
            "pid": 1018520,
            "rollup_kib": {
              "AnonHugePages": 0,
              "Anonymous": 13132,
              "FilePmdMapped": 0,
              "KSM": 0,
              "LazyFree": 0,
              "Locked": 0,
              "Private_Clean": 0,
              "Private_Dirty": 13132,
              "Private_Hugetlb": 0,
              "Pss": 15726,
              "Pss_Anon": 13132,
              "Pss_Dirty": 13132,
              "Pss_File": 2594,
              "Pss_Shmem": 0,
              "Referenced": 25644,
              "Rss": 25644,
              "Shared_Clean": 12512,
              "Shared_Dirty": 0,
              "Shared_Hugetlb": 0,
              "ShmemPmdMapped": 0,
              "Swap": 0,
              "SwapPss": 0
            },
            "start_ticks": 206755502
          },
          {
            "pid": 1096283,
            "rollup_kib": {
              "AnonHugePages": 0,
              "Anonymous": 12820,
              "FilePmdMapped": 0,
              "KSM": 0,
              "LazyFree": 0,
              "Locked": 0,
              "Private_Clean": 288,
              "Private_Dirty": 12820,
              "Private_Hugetlb": 0,
              "Pss": 15617,
              "Pss_Anon": 12820,
              "Pss_Dirty": 12820,
              "Pss_File": 2797,
              "Pss_Shmem": 0,
              "Referenced": 25332,
              "Rss": 25332,
              "Shared_Clean": 12224,
              "Shared_Dirty": 0,
              "Shared_Hugetlb": 0,
              "ShmemPmdMapped": 0,
              "Swap": 0,
              "SwapPss": 0
            },
            "start_ticks": 206797778
          }
        ],
        "reason": "phase_marker",
        "tree_rss_kib": 50976
      },
      {
        "elapsed_s": 480.2896,
        "processes": [
          {
            "pid": 1018520,
            "rollup_kib": {
              "AnonHugePages": 0,
              "Anonymous": 13132,
              "FilePmdMapped": 0,
              "KSM": 0,
              "LazyFree": 0,
              "Locked": 0,
              "Private_Clean": 0,
              "Private_Dirty": 13132,
              "Private_Hugetlb": 0,
              "Pss": 15716,
              "Pss_Anon": 13132,
              "Pss_Dirty": 13132,
              "Pss_File": 2584,
              "Pss_Shmem": 0,
              "Referenced": 25644,
              "Rss": 25644,
              "Shared_Clean": 12512,
              "Shared_Dirty": 0,
              "Shared_Hugetlb": 0,
              "ShmemPmdMapped": 0,
              "Swap": 0,
              "SwapPss": 0
            },
            "start_ticks": 206755502
          },
          {
            "pid": 1106439,
            "rollup_kib": {
              "AnonHugePages": 0,
              "Anonymous": 40368,
              "FilePmdMapped": 0,
              "KSM": 0,
              "LazyFree": 0,
              "Locked": 0,
              "Private_Clean": 288,
              "Private_Dirty": 40368,
              "Private_Hugetlb": 0,
              "Pss": 43194,
              "Pss_Anon": 40368,
              "Pss_Dirty": 40368,
              "Pss_File": 2826,
              "Pss_Shmem": 0,
              "Referenced": 52936,
              "Rss": 52936,
              "Shared_Clean": 12280,
              "Shared_Dirty": 0,
              "Shared_Hugetlb": 0,
              "ShmemPmdMapped": 0,
              "Swap": 0,
              "SwapPss": 0
            },
            "start_ticks": 206803488
          }
        ],
        "reason": "phase_marker",
        "tree_rss_kib": 78580
      },
      {
        "elapsed_s": 512.9516,
        "processes": [
          {
            "pid": 1018520,
            "rollup_kib": {
              "AnonHugePages": 0,
              "Anonymous": 13132,
              "FilePmdMapped": 0,
              "KSM": 0,
              "LazyFree": 0,
              "Locked": 0,
              "Private_Clean": 0,
              "Private_Dirty": 13132,
              "Private_Hugetlb": 0,
              "Pss": 15727,
              "Pss_Anon": 13132,
              "Pss_Dirty": 13132,
              "Pss_File": 2595,
              "Pss_Shmem": 0,
              "Referenced": 25644,
              "Rss": 25644,
              "Shared_Clean": 12512,
              "Shared_Dirty": 0,
              "Shared_Hugetlb": 0,
              "ShmemPmdMapped": 0,
              "Swap": 0,
              "SwapPss": 0
            },
            "start_ticks": 206755502
          },
          {
            "pid": 1112466,
            "rollup_kib": {
              "AnonHugePages": 0,
              "Anonymous": 13300,
              "FilePmdMapped": 0,
              "KSM": 0,
              "LazyFree": 0,
              "Locked": 0,
              "Private_Clean": 288,
              "Private_Dirty": 13300,
              "Private_Hugetlb": 0,
              "Pss": 16096,
              "Pss_Anon": 13300,
              "Pss_Dirty": 13300,
              "Pss_File": 2796,
              "Pss_Shmem": 0,
              "Referenced": 25812,
              "Rss": 25812,
              "Shared_Clean": 12224,
              "Shared_Dirty": 0,
              "Shared_Hugetlb": 0,
              "ShmemPmdMapped": 0,
              "Swap": 0,
              "SwapPss": 0
            },
            "start_ticks": 206806775
          }
        ],
        "reason": "phase_marker",
        "tree_rss_kib": 51456
      },
      {
        "elapsed_s": 570.2476,
        "processes": [
          {
            "pid": 1018520,
            "rollup_kib": {
              "AnonHugePages": 0,
              "Anonymous": 13196,
              "FilePmdMapped": 0,
              "KSM": 0,
              "LazyFree": 0,
              "Locked": 0,
              "Private_Clean": 0,
              "Private_Dirty": 13196,
              "Private_Hugetlb": 0,
              "Pss": 15781,
              "Pss_Anon": 13196,
              "Pss_Dirty": 13196,
              "Pss_File": 2585,
              "Pss_Shmem": 0,
              "Referenced": 25708,
              "Rss": 25708,
              "Shared_Clean": 12512,
              "Shared_Dirty": 0,
              "Shared_Hugetlb": 0,
              "ShmemPmdMapped": 0,
              "Swap": 0,
              "SwapPss": 0
            },
            "start_ticks": 206755502
          },
          {
            "pid": 1122784,
            "rollup_kib": {
              "AnonHugePages": 0,
              "Anonymous": 31708,
              "FilePmdMapped": 0,
              "KSM": 0,
              "LazyFree": 0,
              "Locked": 0,
              "Private_Clean": 352,
              "Private_Dirty": 31708,
              "Private_Hugetlb": 0,
              "Pss": 34600,
              "Pss_Anon": 31708,
              "Pss_Dirty": 31708,
              "Pss_File": 2892,
              "Pss_Shmem": 0,
              "Referenced": 44340,
              "Rss": 44340,
              "Shared_Clean": 12280,
              "Shared_Dirty": 0,
              "Shared_Hugetlb": 0,
              "ShmemPmdMapped": 0,
              "Swap": 0,
              "SwapPss": 0
            },
            "start_ticks": 206812484
          }
        ],
        "reason": "phase_marker",
        "tree_rss_kib": 70048
      },
      {
        "elapsed_s": 607.952,
        "processes": [
          {
            "pid": 1018520,
            "rollup_kib": {
              "AnonHugePages": 0,
              "Anonymous": 13200,
              "FilePmdMapped": 0,
              "KSM": 0,
              "LazyFree": 0,
              "Locked": 0,
              "Private_Clean": 28,
              "Private_Dirty": 572,
              "Private_Hugetlb": 0,
              "Pss": 9947,
              "Pss_Anon": 6886,
              "Pss_Dirty": 6886,
              "Pss_File": 3061,
              "Pss_Shmem": 0,
              "Referenced": 25712,
              "Rss": 25712,
              "Shared_Clean": 12484,
              "Shared_Dirty": 12628,
              "Shared_Hugetlb": 0,
              "ShmemPmdMapped": 0,
              "Swap": 0,
              "SwapPss": 0
            },
            "start_ticks": 206755502
          },
          {
            "pid": 1129707,
            "rollup_kib": {
              "AnonHugePages": 0,
              "Anonymous": 13204,
              "FilePmdMapped": 0,
              "KSM": 0,
              "LazyFree": 0,
              "Locked": 0,
              "Private_Clean": 0,
              "Private_Dirty": 576,
              "Private_Hugetlb": 0,
              "Pss": 7700,
              "Pss_Anon": 6890,
              "Pss_Dirty": 6890,
              "Pss_File": 810,
              "Pss_Shmem": 0,
              "Referenced": 4508,
              "Rss": 16868,
              "Shared_Clean": 3664,
              "Shared_Dirty": 12628,
              "Shared_Hugetlb": 0,
              "ShmemPmdMapped": 0,
              "Swap": 0,
              "SwapPss": 0
            },
            "start_ticks": 206816297
          }
        ],
        "reason": "phase_marker",
        "tree_rss_kib": 42580
      },
      {
        "elapsed_s": 664.7566,
        "processes": [
          {
            "pid": 1018520,
            "rollup_kib": {
              "AnonHugePages": 0,
              "Anonymous": 13216,
              "FilePmdMapped": 0,
              "KSM": 0,
              "LazyFree": 0,
              "Locked": 0,
              "Private_Clean": 28,
              "Private_Dirty": 592,
              "Private_Hugetlb": 0,
              "Pss": 9941,
              "Pss_Anon": 6904,
              "Pss_Dirty": 6904,
              "Pss_File": 3037,
              "Pss_Shmem": 0,
              "Referenced": 25728,
              "Rss": 25728,
              "Shared_Clean": 12484,
              "Shared_Dirty": 12624,
              "Shared_Hugetlb": 0,
              "ShmemPmdMapped": 0,
              "Swap": 0,
              "SwapPss": 0
            },
            "start_ticks": 206755502
          },
          {
            "pid": 1140133,
            "rollup_kib": {
              "AnonHugePages": 0,
              "Anonymous": 13220,
              "FilePmdMapped": 0,
              "KSM": 0,
              "LazyFree": 0,
              "Locked": 0,
              "Private_Clean": 0,
              "Private_Dirty": 596,
              "Private_Hugetlb": 0,
              "Pss": 7715,
              "Pss_Anon": 6908,
              "Pss_Dirty": 6908,
              "Pss_File": 807,
              "Pss_Shmem": 0,
              "Referenced": 4516,
              "Rss": 16884,
              "Shared_Clean": 3664,
              "Shared_Dirty": 12624,
              "Shared_Hugetlb": 0,
              "ShmemPmdMapped": 0,
              "Swap": 0,
              "SwapPss": 0
            },
            "start_ticks": 206821977
          }
        ],
        "reason": "phase_marker",
        "tree_rss_kib": 42612
      },
      {
        "elapsed_s": 697.4366,
        "processes": [
          {
            "pid": 1018520,
            "rollup_kib": {
              "AnonHugePages": 0,
              "Anonymous": 13220,
              "FilePmdMapped": 0,
              "KSM": 0,
              "LazyFree": 0,
              "Locked": 0,
              "Private_Clean": 0,
              "Private_Dirty": 13220,
              "Private_Hugetlb": 0,
              "Pss": 15834,
              "Pss_Anon": 13220,
              "Pss_Dirty": 13220,
              "Pss_File": 2614,
              "Pss_Shmem": 0,
              "Referenced": 25732,
              "Rss": 25732,
              "Shared_Clean": 12512,
              "Shared_Dirty": 0,
              "Shared_Hugetlb": 0,
              "ShmemPmdMapped": 0,
              "Swap": 0,
              "SwapPss": 0
            },
            "start_ticks": 206755502
          },
          {
            "pid": 1145804,
            "rollup_kib": {
              "AnonHugePages": 0,
              "Anonymous": 17156,
              "FilePmdMapped": 0,
              "KSM": 0,
              "LazyFree": 0,
              "Locked": 0,
              "Private_Clean": 352,
              "Private_Dirty": 17156,
              "Private_Hugetlb": 0,
              "Pss": 20084,
              "Pss_Anon": 17156,
              "Pss_Dirty": 17156,
              "Pss_File": 2928,
              "Pss_Shmem": 0,
              "Referenced": 29820,
              "Rss": 29820,
              "Shared_Clean": 12312,
              "Shared_Dirty": 0,
              "Shared_Hugetlb": 0,
              "ShmemPmdMapped": 0,
              "Swap": 0,
              "SwapPss": 0
            },
            "start_ticks": 206825220
          }
        ],
        "reason": "phase_marker",
        "tree_rss_kib": 55552
      },
      {
        "elapsed_s": 754.2586,
        "processes": [
          {
            "pid": 1018520,
            "rollup_kib": {
              "AnonHugePages": 0,
              "Anonymous": 13228,
              "FilePmdMapped": 0,
              "KSM": 0,
              "LazyFree": 0,
              "Locked": 0,
              "Private_Clean": 0,
              "Private_Dirty": 13228,
              "Private_Hugetlb": 0,
              "Pss": 15824,
              "Pss_Anon": 13228,
              "Pss_Dirty": 13228,
              "Pss_File": 2596,
              "Pss_Shmem": 0,
              "Referenced": 25740,
              "Rss": 25740,
              "Shared_Clean": 12512,
              "Shared_Dirty": 0,
              "Shared_Hugetlb": 0,
              "ShmemPmdMapped": 0,
              "Swap": 0,
              "SwapPss": 0
            },
            "start_ticks": 206755502
          },
          {
            "pid": 1155902,
            "rollup_kib": {
              "AnonHugePages": 0,
              "Anonymous": 23680,
              "FilePmdMapped": 0,
              "KSM": 0,
              "LazyFree": 0,
              "Locked": 0,
              "Private_Clean": 352,
              "Private_Dirty": 23680,
              "Private_Hugetlb": 0,
              "Pss": 26589,
              "Pss_Anon": 23680,
              "Pss_Dirty": 23680,
              "Pss_File": 2909,
              "Pss_Shmem": 0,
              "Referenced": 36368,
              "Rss": 36368,
              "Shared_Clean": 12336,
              "Shared_Dirty": 0,
              "Shared_Hugetlb": 0,
              "ShmemPmdMapped": 0,
              "Swap": 0,
              "SwapPss": 0
            },
            "start_ticks": 206830895
          }
        ],
        "reason": "phase_marker",
        "tree_rss_kib": 61888
      },
      {
        "elapsed_s": 791.9639,
        "processes": [],
        "reason": "phase_marker",
        "tree_rss_kib": 0
      },
      {
        "elapsed_s": 792.465,
        "processes": [],
        "reason": "terminal",
        "tree_rss_kib": 0
      }
    ],
    "status": "complete",
    "temporary_disk_limit_bytes": 1073741824,
    "wall_time_limit_seconds": null
  }
}
