{"command": ["/usr/bin/python3", "/home/x/deco/gamma/projects/enwiki9/tools/run_with_rss_guard.py", "--limit-kib", "9765625", "--limit-mode", "tree", "--official-decimal-limit-kib", "9765625", "--guard-json", "results/nncp_ggml_profile_arithmetic_64_q1_v1/guard.json", "--label", "nncp_ggml_profile_arithmetic_64_q1_v1", "--phase", "diagnostic", "--scratch-path", "results/nncp_ggml_profile_arithmetic_64_q1_v1", "--temporary-disk-limit-bytes", "20000000000", "--", "python3", "tools/nncp_ggml_profile_arithmetic_64_q1.py", "--experiment", "operations/adaptive/experiments/nncp_ggml_profile_arithmetic_64_q1_v1.json", "--output", "results/nncp_ggml_profile_arithmetic_64_q1_v1/decision.json"], "job": {"candidate_id": "nncp_ggml_profile_arithmetic_64_q1_v1", "candidate_revision": {"path": "operations/adaptive/candidate-revisions/nncp_ggml_profile_arithmetic_64_q1_v1/20260815T225926222894Z_b712a9f8ccc6.json", "sha256": "sha256:24de94b279bfa7ad18d3f395444f4b07169db7a1541de48694850abcee5e2816"}, "candidate_tree_sha256": "sha256:b712a9f8ccc6b9e3bcd9b076bde8c9f6792523a217400e5c2edcca85fa4a9843", "experiment": {"path": "operations/adaptive/experiments/nncp_ggml_profile_arithmetic_64_q1_v1.json", "sha256": "sha256:cadfe157f1fad4d579b60c1eb8875a5ef70934fa855815743ae6edc14c252f9f"}, "gate_size": 64, "job_id": "20260815T230010Z_836682be9c", "priority": 1451, "proposal": {"path": "operations/adaptive/proposals/developed/000_nncp_ggml_profile_arithmetic_64_q1_v1.json", "sha256": "sha256:37e9f2551d82f6cb6f2a224ad6204e37a9d146b0bd622bf3457694ba05f02952"}, "proposal_id": "nncp_ggml_profile_arithmetic_64_q1_v1", "purpose": "infrastructure", "runner": {"path": "tools/run_with_rss_guard.py", "sha256": "sha256:005d55cdec6f3fabd5caa4acb78e75e0d6a07340e45e0e9577c5c7d8ea13d00e"}, "schema": "gamma.enwiki9.adaptive-job.v3", "scratch_directories": ["results/nncp_ggml_profile_arithmetic_64_q1_v1"], "started_at": "2026-08-15T23:00:24+00:00", "state": "running", "submitted_at": "2026-08-15T23:00:10+00:00", "tags": ["arithmetic", "exact-reduction", "open-ggml", "zero-credit"], "tool": "tools/run_with_rss_guard.py", "tool_args": ["--limit-kib", "9765625", "--limit-mode", "tree", "--official-decimal-limit-kib", "9765625", "--guard-json", "results/nncp_ggml_profile_arithmetic_64_q1_v1/guard.json", "--label", "nncp_ggml_profile_arithmetic_64_q1_v1", "--phase", "diagnostic", "--scratch-path", "results/nncp_ggml_profile_arithmetic_64_q1_v1", "--temporary-disk-limit-bytes", "20000000000", "--", "python3", "tools/nncp_ggml_profile_arithmetic_64_q1.py", "--experiment", "operations/adaptive/experiments/nncp_ggml_profile_arithmetic_64_q1_v1.json", "--output", "results/nncp_ggml_profile_arithmetic_64_q1_v1/decision.json"]}}
{"artifacts": [{"id": "oracle-payload", "path": "results/nncp_ggml_profile_arithmetic_64_q1_v1/oracle.bin", "sha256": "sha256:1230c100b8cd1d9d3cef740ada8267213d3d98e8446a9a28a9c47be8449d4876"}, {"id": "open-payload", "path": "results/nncp_ggml_profile_arithmetic_64_q1_v1/open.bin", "sha256": "sha256:1230c100b8cd1d9d3cef740ada8267213d3d98e8446a9a28a9c47be8449d4876"}, {"id": "open-repeat-payload", "path": "results/nncp_ggml_profile_arithmetic_64_q1_v1/open-repeat.bin", "sha256": "sha256:1230c100b8cd1d9d3cef740ada8267213d3d98e8446a9a28a9c47be8449d4876"}, {"id": "open-tree-1", "path": "results/nncp_ggml_profile_arithmetic_64_q1_v1/open-tree-1.u32le", "sha256": "sha256:e402d713ca763982ab4306b22f23fc7de761d54f87ea07ab016e5726a9f394b1"}, {"id": "open-tree-2", "path": "results/nncp_ggml_profile_arithmetic_64_q1_v1/open-tree-2.u32le", "sha256": "sha256:e402d713ca763982ab4306b22f23fc7de761d54f87ea07ab016e5726a9f394b1"}, {"id": "execution", "path": "results/nncp_ggml_profile_arithmetic_64_q1_v1/execution.json", "sha256": "sha256:48a7392dcd2cfd0fe41912ccfb14fbec26a148c3a2547d39817c6b66fa81b46e"}, {"id": "source-package", "path": "results/nncp_ggml_profile_arithmetic_64_q1_v1/incremental_source.tar.xz", "sha256": "sha256:091a278aa8f162fbcf06165844b2569e50efc40090baf613ea7559338f524b9a"}], "candidateId": "nncp_ggml_profile_arithmetic_64_q1_v1", "candidateRevision": {"candidateId": "nncp_ggml_profile_arithmetic_64_q1_v1", "candidateTreeSha256": "sha256:b712a9f8ccc6b9e3bcd9b076bde8c9f6792523a217400e5c2edcca85fa4a9843", "receipt": {"path": "operations/adaptive/candidate-revisions/nncp_ggml_profile_arithmetic_64_q1_v1/20260815T225926222894Z_b712a9f8ccc6.json", "sha256": "sha256:24de94b279bfa7ad18d3f395444f4b07169db7a1541de48694850abcee5e2816"}}, "decision": "authorize-successor", "evidenceClass": "infrastructure", "experiment": {"path": "operations/adaptive/experiments/nncp_ggml_profile_arithmetic_64_q1_v1.json", "sha256": "sha256:cadfe157f1fad4d579b60c1eb8875a5ef70934fa855815743ae6edc14c252f9f"}, "generatedUtc": "2026-08-15T23:01:24+00:00", "killPass": false, "killPredicates": [{"id": "k-parent", "measurement": "q18ParentPass", "observed": true, "operator": "eq", "passed": true, "threshold": true}, {"id": "k-topology", "measurement": "topologyTruthIdentity", "observed": true, "operator": "eq", "passed": true, "threshold": true}, {"id": "k-frequency", "measurement": "maximumProbabilityCountDifference", "observed": 0, "operator": "lte", "passed": true, "threshold": 1}, {"id": "k-tree-repeat", "measurement": "openTreeDeterministic", "observed": true, "operator": "eq", "passed": true, "threshold": true}, {"id": "k-oracle-decode", "measurement": "oracleDecodeExact", "observed": true, "operator": "eq", "passed": true, "threshold": true}, {"id": "k-open-decode", "measurement": "openDecodeExact", "observed": true, "operator": "eq", "passed": true, "threshold": true}, {"id": "k-repeat-decode", "measurement": "openRepeatDecodeExact", "observed": true, "operator": "eq", "passed": true, "threshold": true}, {"id": "k-payload-repeat", "measurement": "openPayloadDeterministic", "observed": true, "operator": "eq", "passed": true, "threshold": true}, {"id": "k-payload", "measurement": "payloadByteIdentical", "observed": true, "operator": "eq", "passed": false, "threshold": false}, {"id": "k-source", "measurement": "sourceClosureBytes", "observed": 1175720, "operator": "lte", "passed": true, "threshold": 2000000}], "measurements": {"maximumProbabilityCountDifference": 0, "openDecodeExact": true, "openPayloadBytes": 86, "openPayloadDeterministic": true, "openRepeatDecodeExact": true, "openTreeDeterministic": true, "oracleDecodeExact": true, "oraclePayloadBytes": 86, "payloadByteIdentical": true, "payloadBytesEqual": true, "q18ParentPass": true, "sourceClosureBytes": 1175720, "topologyTruthIdentity": true}, "objective": {"corpusBytes": 1000000000, "corpusSha256": "159b85351e5f76e60cbe32e04c677847a9ecba3adc79addab6f4c6c7aa3744bc", "objectiveDigest": "sha256:ce4c435c0f398caf65a09050c8518d9c5ea63239f9156048ea2aaaf9b8ffa7e8", "objectiveId": "gamma-enwiki9-hutter-105m-v1", "objectivePath": "contracts/research/v1/objective-contract.json", "targetScoreBytes": 105000000}, "objectiveCreditBytes": 0, "promotionPass": true, "promotionPredicates": [{"id": "p-parent", "measurement": "q18ParentPass", "observed": true, "operator": "eq", "passed": true, "threshold": true}, {"id": "p-topology", "measurement": "topologyTruthIdentity", "observed": true, "operator": "eq", "passed": true, "threshold": true}, {"id": "p-frequency", "measurement": "maximumProbabilityCountDifference", "observed": 0, "operator": "eq", "passed": true, "threshold": 0}, {"id": "p-tree-repeat", "measurement": "openTreeDeterministic", "observed": true, "operator": "eq", "passed": true, "threshold": true}, {"id": "p-oracle-decode", "measurement": "oracleDecodeExact", "observed": true, "operator": "eq", "passed": true, "threshold": true}, {"id": "p-open-decode", "measurement": "openDecodeExact", "observed": true, "operator": "eq", "passed": true, "threshold": true}, {"id": "p-repeat-decode", "measurement": "openRepeatDecodeExact", "observed": true, "operator": "eq", "passed": true, "threshold": true}, {"id": "p-payload-repeat", "measurement": "openPayloadDeterministic", "observed": true, "operator": "eq", "passed": true, "threshold": true}, {"id": "p-size", "measurement": "payloadBytesEqual", "observed": true, "operator": "eq", "passed": true, "threshold": true}, {"id": "p-payload", "measurement": "payloadByteIdentical", "observed": true, "operator": "eq", "passed": true, "threshold": true}, {"id": "p-source", "measurement": "sourceClosureBytes", "observed": 1175720, "operator": "lte", "passed": true, "threshold": 2000000}], "schema": "gamma.enwiki9.adaptive-experiment-result.v1"}
{
  "rss_guard": {
    "schema": "gamma.enwiki9.resource-guard-receipt.v2",
    "objective": {
      "objectiveId": "gamma-enwiki9-hutter-105m-v1",
      "objectiveDigest": "sha256:ce4c435c0f398caf65a09050c8518d9c5ea63239f9156048ea2aaaf9b8ffa7e8",
      "objectivePath": "contracts/research/v1/objective-contract.json",
      "targetScoreBytes": 105000000,
      "corpusBytes": 1000000000,
      "corpusSha256": "159b85351e5f76e60cbe32e04c677847a9ecba3adc79addab6f4c6c7aa3744bc"
    },
    "label": "nncp_ggml_profile_arithmetic_64_q1_v1",
    "phase": "diagnostic",
    "command": [
      "python3",
      "tools/nncp_ggml_profile_arithmetic_64_q1.py",
      "--experiment",
      "operations/adaptive/experiments/nncp_ggml_profile_arithmetic_64_q1_v1.json",
      "--output",
      "results/nncp_ggml_profile_arithmetic_64_q1_v1/decision.json"
    ],
    "sample_interval_seconds": 5.0,
    "geekbench5_single_core_score": null,
    "wall_time_limit_seconds": null,
    "wall_time_measurement_complete": false,
    "wall_time_exceeded": false,
    "limit_kib": 9765625,
    "limit_mode": "tree",
    "official_decimal_limit_kib": 9765625,
    "official_decimal_over_limit_kib": 0,
    "scratch_paths": [
      "results/nncp_ggml_profile_arithmetic_64_q1_v1"
    ],
    "temporary_disk_limit_bytes": 20000000000,
    "temporary_disk_measurement_complete": true,
    "max_sampled_temporary_disk_bytes": 7502124421,
    "max_logical_cpus": null,
    "affinity_measurement_complete": true,
    "max_sampled_allowed_cpu_count": 32,
    "logical_cpu_guard_exceeded": false,
    "max_sampled_tree_live_threads": 66,
    "max_sampled_tree_runnable_threads": 27,
    "max_sampled_single_rss_kib": 2035920,
    "max_sampled_tree_rss_kib": 2092812,
    "peak_sample": {
      "processes": [
        {
          "pid": 3329903,
          "rss_kib": 54044,
          "live_threads": 32,
          "runnable_threads": 0,
          "allowed_cpus": [
            0,
            1,
            2,
            3,
            4,
            5,
            6,
            7,
            8,
            9,
            10,
            11,
            12,
            13,
            14,
            15,
            16,
            17,
            18,
            19,
            20,
            21,
            22,
            23,
            24,
            25,
            26,
            27,
            28,
            29,
            30,
            31
          ]
        },
        {
          "pid": 3330377,
          "rss_kib": 2848,
          "live_threads": 1,
          "runnable_threads": 1,
          "allowed_cpus": [
            0,
            1,
            2,
            3,
            4,
            5,
            6,
            7,
            8,
            9,
            10,
            11,
            12,
            13,
            14,
            15,
            16,
            17,
            18,
            19,
            20,
            21,
            22,
            23,
            24,
            25,
            26,
            27,
            28,
            29,
            30,
            31
          ]
        },
        {
          "pid": 3330378,
          "rss_kib": 2035920,
          "live_threads": 33,
          "runnable_threads": 26,
          "allowed_cpus": [
            0,
            1,
            2,
            3,
            4,
            5,
            6,
            7,
            8,
            9,
            10,
            11,
            12,
            13,
            14,
            15,
            16,
            17,
            18,
            19,
            20,
            21,
            22,
            23,
            24,
            25,
            26,
            27,
            28,
            29,
            30,
            31
          ]
        }
      ],
      "max_single_rss_kib": 2035920,
      "tree_rss_kib": 2092812,
      "tree_live_threads": 66,
      "tree_runnable_threads": 27,
      "allowed_cpu_union": [
        0,
        1,
        2,
        3,
        4,
        5,
        6,
        7,
        8,
        9,
        10,
        11,
        12,
        13,
        14,
        15,
        16,
        17,
        18,
        19,
        20,
        21,
        22,
        23,
        24,
        25,
        26,
        27,
        28,
        29,
        30,
        31
      ]
    },
    "peak_tree_sample": {
      "processes": [
        {
          "pid": 3329903,
          "rss_kib": 54044,
          "live_threads": 32,
          "runnable_threads": 0,
          "allowed_cpus": [
            0,
            1,
            2,
            3,
            4,
            5,
            6,
            7,
            8,
            9,
            10,
            11,
            12,
            13,
            14,
            15,
            16,
            17,
            18,
            19,
            20,
            21,
            22,
            23,
            24,
            25,
            26,
            27,
            28,
            29,
            30,
            31
          ]
        },
        {
          "pid": 3330377,
          "rss_kib": 2848,
          "live_threads": 1,
          "runnable_threads": 1,
          "allowed_cpus": [
            0,
            1,
            2,
            3,
            4,
            5,
            6,
            7,
            8,
            9,
            10,
            11,
            12,
            13,
            14,
            15,
            16,
            17,
            18,
            19,
            20,
            21,
            22,
            23,
            24,
            25,
            26,
            27,
            28,
            29,
            30,
            31
          ]
        },
        {
          "pid": 3330378,
          "rss_kib": 2035920,
          "live_threads": 33,
          "runnable_threads": 26,
          "allowed_cpus": [
            0,
            1,
            2,
            3,
            4,
            5,
            6,
            7,
            8,
            9,
            10,
            11,
            12,
            13,
            14,
            15,
            16,
            17,
            18,
            19,
            20,
            21,
            22,
            23,
            24,
            25,
            26,
            27,
            28,
            29,
            30,
            31
          ]
        }
      ],
      "max_single_rss_kib": 2035920,
      "tree_rss_kib": 2092812,
      "tree_live_threads": 66,
      "tree_runnable_threads": 27,
      "allowed_cpu_union": [
        0,
        1,
        2,
        3,
        4,
        5,
        6,
        7,
        8,
        9,
        10,
        11,
        12,
        13,
        14,
        15,
        16,
        17,
        18,
        19,
        20,
        21,
        22,
        23,
        24,
        25,
        26,
        27,
        28,
        29,
        30,
        31
      ]
    },
    "latest_sample": {
      "processes": [],
      "max_single_rss_kib": 0,
      "tree_rss_kib": 0,
      "tree_live_threads": 0,
      "tree_runnable_threads": 0,
      "allowed_cpu_union": []
    },
    "sample_count": 13,
    "rss_guard_exceeded": false,
    "official_decimal_memory_exceeded": false,
    "temporary_disk_guard_exceeded": false,
    "returncode": 0,
    "status": "complete",
    "elapsed_s": 62.0332
  }
}
