{"command": ["/usr/bin/python3", "/home/x/deco/gamma/projects/enwiki9/tools/run_with_resource_guard_v3.py", "--limit-kib", "4194304", "--official-decimal-limit-kib", "4194304", "--limit-mode", "tree", "--cgroup-path", "/sys/fs/cgroup/user.slice/user-1000.slice/user@1000.service/app.slice/gamma-enwiki9-20260908T135924Z_4a0618920c", "--cgroup-memory-max-bytes", "4294967296", "--temporary-disk-limit-bytes", "536870912", "--phase-marker-path", "/home/x/deco/gamma/projects/enwiki9/run_logs/adaptive/20260908T135924Z_4a0618920c.resources/phases.jsonl", "--max-logical-cpus", "1", "--guard-json", "/home/x/deco/gamma/projects/enwiki9/run_logs/adaptive/20260908T135924Z_4a0618920c.resources/guard.json", "--label", "20260908T135924Z_4a0618920c", "--phase", "diagnostic", "--scratch-path", "/home/x/deco/gamma/projects/enwiki9/results/opcode_field_validation250k_q0_v1", "--scratch-path", "/home/x/deco/gamma/projects/enwiki9/results/opcode_field_validation_runtime_tmp_20260908/gamma-enwiki9-20260908T135924Z_4a0618920c-9eja8p99/opcode_field_validation250k_q0_v1", "--scratch-path", "/home/x/deco/gamma/projects/enwiki9/run_logs/adaptive/20260908T135924Z_4a0618920c.log", "--scratch-path", "/home/x/deco/gamma/projects/enwiki9/run_logs/adaptive/20260908T135924Z_4a0618920c.resources", "--", "/usr/bin/taskset", "--cpu-list", "2", "/bin/sh", "-c", "printf '%s\\n' '{\"phase\":\"diagnostic\",\"event\":\"worker_start\",\"detail\":\"operational envelope only; no codec phase credit\"}' >> \"$GAMMA_RESOURCE_PHASE_MARKERS\" || exit 125; exec \"$@\"", "enwiki9-discovery-envelope", "/usr/bin/python3", "/home/x/deco/gamma/projects/enwiki9/tools/opcode_field_repair_gate_v2.py", "--candidate", "opcode_field_validation250k_q0_v1"], "job": {"candidate_id": "opcode_field_validation250k_q0_v1", "candidate_revision": {"path": "operations/adaptive/candidate-revisions/opcode_field_validation250k_q0_v1/20260908T135911720274Z_dc801b1b2ab2.json", "sha256": "sha256:e5aaacd1c193962daa8484f5a8ceaa3727e24f1e3e41cd106f6b5cba0e66a2c0"}, "candidate_tree_sha256": "sha256:dc801b1b2ab20f68b1a81cbb9c5312d89b5fe47c8ac7de949b11948f3890a06e", "execution_guard": {"path": "tools/run_with_resource_guard_v3.py", "sha256": "sha256:044147f7ffe6922ea8dafd52fc3d4426077b20958adbcd421245ad41adcfc1e4"}, "execution_mode": "discovery", "execution_resources": {"boot_id": "3ce46712-27bc-4199-8e48-e2b3d23926cb", "budget": {"cgroup_parent": "/sys/fs/cgroup/user.slice/user-1000.slice/user@1000.service/app.slice", "cpus": [2], "memory_bytes": 4294967296, "scratch_bytes": 536870912, "swap_bytes": 0, "wall_seconds": 3600}, "cgroup_inode": 256905, "cgroup_path": "/sys/fs/cgroup/user.slice/user-1000.slice/user@1000.service/app.slice/gamma-enwiki9-20260908T135924Z_4a0618920c", "cpu_enforcement": "taskset-and-sampled-affinity-guard", "groups": [{"created": true, "inode": 256905, "kernel_cpuset": false, "memory_bytes": 4294967296, "path": "/sys/fs/cgroup/user.slice/user-1000.slice/user@1000.service/app.slice/gamma-enwiki9-20260908T135924Z_4a0618920c"}], "guard_command_sha256": "13f83a57cc245715ab0b3c668b52ad40137c45f35f3428c57c39055ac449839c", "guard_path": "run_logs/adaptive/20260908T135924Z_4a0618920c.resources/guard.json", "missing_diagnostics": ["kernel cpuset controller is not delegated; taskset assignment and existing affinity guard remain active"], "timing_authority": "diagnostic"}, "experiment": {"path": "operations/adaptive/experiments/opcode_field_validation250k_q0_v1.json", "sha256": "sha256:9c47a6e57c45484341ffdcbce0086b6e9da062b6aa672a92331066078ab9b16d"}, "gate_size": 250000, "held": false, "held_at": "2026-09-08T13:59:43+00:00", "hold_history": [{"at": "2026-09-08T13:59:43+00:00", "held": true, "reason": "Hold until validation source, positive development reflection, all artifacts and exact ownership publish; require fresh CPU2 resource admission."}, {"at": "2026-09-08T14:01:25+00:00", "held": false, "reason": "Published ownership, unchanged source and bound evidence at d2a905a5f; results/opcode_field_validation_admission_20260908.json verifies exact local/HEAD/origin files and fresh CPU2 admission."}], "job_id": "20260908T135924Z_4a0618920c", "priority": 90, "proposal": {"path": "operations/adaptive/proposals/developed/949_opcode_field_validation250k_q0_v1.json", "sha256": "sha256:c0fb7219498f95a12f7e565342c6a7490311ce224edc8664d9f0f34d8a8687fa"}, "proposal_id": "opcode_field_validation250k_q0_v1", "purpose": "diagnostic", "released_at": "2026-09-08T14:01:25+00:00", "resource_budget": {"cgroup_parent": "/sys/fs/cgroup/user.slice/user-1000.slice/user@1000.service/app.slice", "cpus": [2], "memory_bytes": 4294967296, "scratch_bytes": 536870912, "swap_bytes": 0, "wall_seconds": 3600}, "runner": {"path": "tools/opcode_field_repair_gate_v2.py", "sha256": "sha256:29c91cf94b232361b6371a83da8491b18499c8403a8b81e74e45ad7886e7d694"}, "schema": "gamma.enwiki9.adaptive-job.v3", "scratch_directories": ["results/opcode_field_validation250k_q0_v1"], "started_at": "2026-09-08T14:01:25+00:00", "state": "running", "submitted_at": "2026-09-08T13:59:24+00:00", "tags": ["opcode-field-validation"], "timing_authority": "diagnostic", "tool": "tools/opcode_field_repair_gate_v2.py", "tool_args": ["--candidate", "opcode_field_validation250k_q0_v1"]}}
{"status": "passed", "arms_closed": 3, "native_phases": 10}
{
  "resource_guard": {
    "cgroup": {
      "inode": 256905,
      "joined_before_exec": true,
      "memory_max_bytes": 4294967296,
      "memory_max_rounding_bytes": 0,
      "memory_peak_reset": true,
      "path": "/sys/fs/cgroup/user.slice/user-1000.slice/user@1000.service/app.slice/gamma-enwiki9-20260908T135924Z_4a0618920c",
      "previous_memory_max": "4294967296",
      "requested_memory_max_bytes": 4294967296
    },
    "cgroup_events": {
      "baseline": {
        "high": 0,
        "low": 0,
        "max": 0,
        "oom": 0,
        "oom_group_kill": 0,
        "oom_kill": 0,
        "sock_throttled": 0
      },
      "delta": {
        "high": 0,
        "low": 0,
        "max": 0,
        "oom": 0,
        "oom_group_kill": 0,
        "oom_kill": 0,
        "sock_throttled": 0
      },
      "final": {
        "high": 0,
        "low": 0,
        "max": 0,
        "oom": 0,
        "oom_group_kill": 0,
        "oom_kill": 0,
        "sock_throttled": 0
      }
    },
    "command": [
      "/usr/bin/taskset",
      "--cpu-list",
      "2",
      "/bin/sh",
      "-c",
      "printf '%s\\n' '{\"phase\":\"diagnostic\",\"event\":\"worker_start\",\"detail\":\"operational envelope only; no codec phase credit\"}' >> \"$GAMMA_RESOURCE_PHASE_MARKERS\" || exit 125; exec \"$@\"",
      "enwiki9-discovery-envelope",
      "/usr/bin/python3",
      "/home/x/deco/gamma/projects/enwiki9/tools/opcode_field_repair_gate_v2.py",
      "--candidate",
      "opcode_field_validation250k_q0_v1"
    ],
    "command_sha256": "0c59c8c86a755d1e748878ebd8f3ed342d31a8f3de4994fa589fa7f21744c76c",
    "elapsed_s": 484.1279,
    "geekbench5_single_core_score": null,
    "guards": {
      "cgroup_memory_guard_exceeded": false,
      "logical_cpu_guard_exceeded": false,
      "measurement_incomplete": false,
      "official_decimal_memory_exceeded": false,
      "phase_marker_invalid": false,
      "rss_guard_exceeded": false,
      "temporary_disk_guard_exceeded": false,
      "wall_time_guard_exceeded": false
    },
    "label": "20260908T135924Z_4a0618920c",
    "latest_sample": {
      "allowed_cpu_union": [],
      "cgroup_current_bytes": 2457600,
      "elapsed_s": 484.1261,
      "max_single_rss_kib": 0,
      "persistent_status_misses": [],
      "processes": [],
      "scratch_allocated_bytes": 2134016,
      "scratch_file_count": 64,
      "scratch_logical_bytes": 1972851,
      "scratch_race_count": 0,
      "tree_live_threads": 0,
      "tree_rss_kib": 0,
      "tree_runnable_threads": 0
    },
    "limit_kib": 4194304,
    "limit_mode": "tree",
    "max_logical_cpus": 1,
    "measurements": {
      "affinity_complete": true,
      "cgroup_v2_complete": true,
      "per_process_vmhwm_sampled": true,
      "phase_markers_complete": true,
      "process_tree_rss_complete": true,
      "scratch_logical_and_allocated_complete": true,
      "smaps_rollup_complete": true
    },
    "objective": {
      "corpusBytes": 1000000000,
      "corpusSha256": "159b85351e5f76e60cbe32e04c677847a9ecba3adc79addab6f4c6c7aa3744bc",
      "objectiveDigest": "sha256:16badfa6c1a53b47bcc12b089fdd9c21f7405ea56a84344d60c28d2252da8288",
      "objectiveId": "gamma-enwiki9-hutter-99m-v2",
      "objectivePath": "contracts/research/v2/objective-contract.json",
      "targetScoreBytes": 99000000
    },
    "official_decimal_limit_kib": 4194304,
    "peak_process_vmhwm": {
      "comm": "python3",
      "observed_elapsed_s": 482.1107,
      "pid": 4120695,
      "start_ticks": 197264951,
      "vmhwm_kib": 551016
    },
    "peak_sample": {
      "allowed_cpu_union": [
        2
      ],
      "cgroup_current_bytes": 567693312,
      "elapsed_s": 482.1107,
      "max_single_rss_kib": 551016,
      "persistent_status_misses": [],
      "processes": [
        {
          "allowed_cpus": [
            2
          ],
          "comm": "python3",
          "live_threads": 1,
          "pid": 4039122,
          "rss_kib": 24772,
          "runnable_threads": 0,
          "start_ticks": 197222348,
          "vmhwm_kib": 25412
        },
        {
          "allowed_cpus": [
            2
          ],
          "comm": "python3",
          "live_threads": 1,
          "pid": 4120695,
          "rss_kib": 551016,
          "runnable_threads": 1,
          "start_ticks": 197264951,
          "vmhwm_kib": 551016
        }
      ],
      "scratch_allocated_bytes": 1843200,
      "scratch_file_count": 57,
      "scratch_logical_bytes": 1701578,
      "scratch_race_count": 0,
      "tree_live_threads": 2,
      "tree_rss_kib": 575788,
      "tree_runnable_threads": 1
    },
    "peak_tree_sample": {
      "allowed_cpu_union": [
        2
      ],
      "cgroup_current_bytes": 567693312,
      "elapsed_s": 482.1107,
      "max_single_rss_kib": 551016,
      "persistent_status_misses": [],
      "processes": [
        {
          "allowed_cpus": [
            2
          ],
          "comm": "python3",
          "live_threads": 1,
          "pid": 4039122,
          "rss_kib": 24772,
          "runnable_threads": 0,
          "start_ticks": 197222348,
          "vmhwm_kib": 25412
        },
        {
          "allowed_cpus": [
            2
          ],
          "comm": "python3",
          "live_threads": 1,
          "pid": 4120695,
          "rss_kib": 551016,
          "runnable_threads": 1,
          "start_ticks": 197264951,
          "vmhwm_kib": 551016
        }
      ],
      "scratch_allocated_bytes": 1843200,
      "scratch_file_count": 57,
      "scratch_logical_bytes": 1701578,
      "scratch_race_count": 0,
      "tree_live_threads": 2,
      "tree_rss_kib": 575788,
      "tree_runnable_threads": 1
    },
    "peaks": {
      "cgroup_memory_peak_bytes": 567693312,
      "max_observed_process_vmhwm_kib": 551016,
      "max_sampled_allowed_cpu_count": 1,
      "max_sampled_cgroup_current_bytes": 567693312,
      "max_sampled_scratch_allocated_bytes": 2134016,
      "max_sampled_scratch_logical_bytes": 1972851,
      "max_sampled_single_rss_kib": 551016,
      "max_sampled_tree_live_threads": 2,
      "max_sampled_tree_rss_kib": 575788,
      "max_sampled_tree_runnable_threads": 1
    },
    "phase": "diagnostic",
    "phase_marker_path": "/home/x/deco/gamma/projects/enwiki9/run_logs/adaptive/20260908T135924Z_4a0618920c.resources/phases.jsonl",
    "phase_markers": [
      {
        "detail": "operational envelope only; no codec phase credit",
        "event": "worker_start",
        "observed_elapsed_s": 0.0223,
        "phase": "diagnostic",
        "source_line": 1
      },
      {
        "detail": null,
        "event": "start",
        "observed_elapsed_s": 0.5233,
        "phase": "legacy-encode",
        "source_line": 2
      },
      {
        "detail": null,
        "event": "end",
        "observed_elapsed_s": 40.1992,
        "phase": "legacy-encode",
        "source_line": 3
      },
      {
        "detail": null,
        "event": "start",
        "observed_elapsed_s": 40.1992,
        "phase": "P-encode",
        "source_line": 4
      },
      {
        "detail": null,
        "event": "end",
        "observed_elapsed_s": 99.4513,
        "phase": "P-encode",
        "source_line": 5
      },
      {
        "detail": null,
        "event": "start",
        "observed_elapsed_s": 99.4513,
        "phase": "P-decode",
        "source_line": 6
      },
      {
        "detail": null,
        "event": "end",
        "observed_elapsed_s": 129.5799,
        "phase": "P-decode",
        "source_line": 7
      },
      {
        "detail": null,
        "event": "start",
        "observed_elapsed_s": 129.5799,
        "phase": "P-repeat",
        "source_line": 8
      },
      {
        "detail": null,
        "event": "end",
        "observed_elapsed_s": 186.8229,
        "phase": "P-repeat",
        "source_line": 9
      },
      {
        "detail": null,
        "event": "start",
        "observed_elapsed_s": 186.8229,
        "phase": "K-encode",
        "source_line": 10
      },
      {
        "detail": null,
        "event": "end",
        "observed_elapsed_s": 244.0833,
        "phase": "K-encode",
        "source_line": 11
      },
      {
        "detail": null,
        "event": "start",
        "observed_elapsed_s": 244.0833,
        "phase": "K-decode",
        "source_line": 12
      },
      {
        "detail": null,
        "event": "end",
        "observed_elapsed_s": 274.6996,
        "phase": "K-decode",
        "source_line": 13
      },
      {
        "detail": null,
        "event": "start",
        "observed_elapsed_s": 274.6996,
        "phase": "K-repeat",
        "source_line": 14
      },
      {
        "detail": null,
        "event": "end",
        "observed_elapsed_s": 335.461,
        "phase": "K-repeat",
        "source_line": 15
      },
      {
        "detail": null,
        "event": "start",
        "observed_elapsed_s": 335.461,
        "phase": "D-encode",
        "source_line": 16
      },
      {
        "detail": null,
        "event": "end",
        "observed_elapsed_s": 395.2284,
        "phase": "D-encode",
        "source_line": 17
      },
      {
        "detail": null,
        "event": "start",
        "observed_elapsed_s": 395.2284,
        "phase": "D-decode",
        "source_line": 18
      },
      {
        "detail": null,
        "event": "end",
        "observed_elapsed_s": 426.3657,
        "phase": "D-decode",
        "source_line": 19
      },
      {
        "detail": null,
        "event": "start",
        "observed_elapsed_s": 426.3657,
        "phase": "D-repeat",
        "source_line": 20
      },
      {
        "detail": null,
        "event": "end",
        "observed_elapsed_s": 484.1261,
        "phase": "D-repeat",
        "source_line": 21
      }
    ],
    "returncode": 0,
    "sample_count": 965,
    "sample_interval_seconds": 0.5,
    "schema": "gamma.enwiki9.resource-guard-receipt.v3",
    "scratch_paths": [
      "/home/x/deco/gamma/projects/enwiki9/results/opcode_field_validation250k_q0_v1",
      "/home/x/deco/gamma/projects/enwiki9/results/opcode_field_validation_runtime_tmp_20260908/gamma-enwiki9-20260908T135924Z_4a0618920c-9eja8p99/opcode_field_validation250k_q0_v1",
      "/home/x/deco/gamma/projects/enwiki9/run_logs/adaptive/20260908T135924Z_4a0618920c.log",
      "/home/x/deco/gamma/projects/enwiki9/run_logs/adaptive/20260908T135924Z_4a0618920c.resources"
    ],
    "smaps_rollup_checkpoints": [
      {
        "elapsed_s": 0.0223,
        "processes": [
          {
            "pid": 4039122,
            "rollup_kib": {
              "AnonHugePages": 0,
              "Anonymous": 2200,
              "FilePmdMapped": 0,
              "KSM": 0,
              "LazyFree": 0,
              "Locked": 0,
              "Private_Clean": 44,
              "Private_Dirty": 2200,
              "Private_Hugetlb": 0,
              "Pss": 3179,
              "Pss_Anon": 2200,
              "Pss_Dirty": 2200,
              "Pss_File": 979,
              "Pss_Shmem": 0,
              "Referenced": 8020,
              "Rss": 8020,
              "Shared_Clean": 5776,
              "Shared_Dirty": 0,
              "Shared_Hugetlb": 0,
              "ShmemPmdMapped": 0,
              "Swap": 0,
              "SwapPss": 0
            },
            "start_ticks": 197222348
          }
        ],
        "reason": "initial+phase_marker+rss_growth",
        "tree_rss_kib": 7780
      },
      {
        "elapsed_s": 0.5233,
        "processes": [
          {
            "pid": 4039122,
            "rollup_kib": {
              "AnonHugePages": 0,
              "Anonymous": 12200,
              "FilePmdMapped": 0,
              "KSM": 0,
              "LazyFree": 0,
              "Locked": 0,
              "Private_Clean": 12,
              "Private_Dirty": 12200,
              "Private_Hugetlb": 0,
              "Pss": 13698,
              "Pss_Anon": 12200,
              "Pss_Dirty": 12200,
              "Pss_File": 1498,
              "Pss_Shmem": 0,
              "Referenced": 24368,
              "Rss": 24368,
              "Shared_Clean": 12156,
              "Shared_Dirty": 0,
              "Shared_Hugetlb": 0,
              "ShmemPmdMapped": 0,
              "Swap": 0,
              "SwapPss": 0
            },
            "start_ticks": 197222348
          },
          {
            "pid": 4039141,
            "rollup_kib": {
              "AnonHugePages": 0,
              "Anonymous": 36088,
              "FilePmdMapped": 0,
              "KSM": 0,
              "LazyFree": 0,
              "Locked": 0,
              "Private_Clean": 116,
              "Private_Dirty": 36088,
              "Private_Hugetlb": 0,
              "Pss": 37727,
              "Pss_Anon": 36088,
              "Pss_Dirty": 36088,
              "Pss_File": 1639,
              "Pss_Shmem": 0,
              "Referenced": 48576,
              "Rss": 48576,
              "Shared_Clean": 12372,
              "Shared_Dirty": 0,
              "Shared_Hugetlb": 0,
              "ShmemPmdMapped": 0,
              "Swap": 0,
              "SwapPss": 0
            },
            "start_ticks": 197222354
          }
        ],
        "reason": "phase_marker",
        "tree_rss_kib": 72884
      },
      {
        "elapsed_s": 11.0616,
        "processes": [
          {
            "pid": 4039122,
            "rollup_kib": {
              "AnonHugePages": 0,
              "Anonymous": 12200,
              "FilePmdMapped": 0,
              "KSM": 0,
              "LazyFree": 0,
              "Locked": 0,
              "Private_Clean": 12,
              "Private_Dirty": 12200,
              "Private_Hugetlb": 0,
              "Pss": 13698,
              "Pss_Anon": 12200,
              "Pss_Dirty": 12200,
              "Pss_File": 1498,
              "Pss_Shmem": 0,
              "Referenced": 24368,
              "Rss": 24368,
              "Shared_Clean": 12156,
              "Shared_Dirty": 0,
              "Shared_Hugetlb": 0,
              "ShmemPmdMapped": 0,
              "Swap": 0,
              "SwapPss": 0
            },
            "start_ticks": 197222348
          },
          {
            "pid": 4039141,
            "rollup_kib": {
              "AnonHugePages": 0,
              "Anonymous": 299224,
              "FilePmdMapped": 0,
              "KSM": 0,
              "LazyFree": 0,
              "Locked": 0,
              "Private_Clean": 116,
              "Private_Dirty": 299224,
              "Private_Hugetlb": 0,
              "Pss": 300863,
              "Pss_Anon": 299224,
              "Pss_Dirty": 299224,
              "Pss_File": 1639,
              "Pss_Shmem": 0,
              "Referenced": 311712,
              "Rss": 311712,
              "Shared_Clean": 12372,
              "Shared_Dirty": 0,
              "Shared_Hugetlb": 0,
              "ShmemPmdMapped": 0,
              "Swap": 0,
              "SwapPss": 0
            },
            "start_ticks": 197222354
          }
        ],
        "reason": "rss_growth",
        "tree_rss_kib": 336068
      },
      {
        "elapsed_s": 40.1992,
        "processes": [
          {
            "pid": 4039122,
            "rollup_kib": {
              "AnonHugePages": 0,
              "Anonymous": 12212,
              "FilePmdMapped": 0,
              "KSM": 0,
              "LazyFree": 0,
              "Locked": 0,
              "Private_Clean": 0,
              "Private_Dirty": 12212,
              "Private_Hugetlb": 0,
              "Pss": 13461,
              "Pss_Anon": 12212,
              "Pss_Dirty": 12212,
              "Pss_File": 1249,
              "Pss_Shmem": 0,
              "Referenced": 24508,
              "Rss": 24508,
              "Shared_Clean": 12296,
              "Shared_Dirty": 0,
              "Shared_Hugetlb": 0,
              "ShmemPmdMapped": 0,
              "Swap": 0,
              "SwapPss": 0
            },
            "start_ticks": 197222348
          },
          {
            "pid": 4046689,
            "rollup_kib": {
              "AnonHugePages": 0,
              "Anonymous": 25508,
              "FilePmdMapped": 0,
              "KSM": 0,
              "LazyFree": 0,
              "Locked": 0,
              "Private_Clean": 96,
              "Private_Dirty": 25508,
              "Private_Hugetlb": 0,
              "Pss": 26867,
              "Pss_Anon": 25508,
              "Pss_Dirty": 25508,
              "Pss_File": 1359,
              "Pss_Shmem": 0,
              "Referenced": 37976,
              "Rss": 37976,
              "Shared_Clean": 12372,
              "Shared_Dirty": 0,
              "Shared_Hugetlb": 0,
              "ShmemPmdMapped": 0,
              "Swap": 0,
              "SwapPss": 0
            },
            "start_ticks": 197226333
          }
        ],
        "reason": "phase_marker",
        "tree_rss_kib": 62396
      },
      {
        "elapsed_s": 99.4513,
        "processes": [
          {
            "pid": 4039122,
            "rollup_kib": {
              "AnonHugePages": 0,
              "Anonymous": 12272,
              "FilePmdMapped": 0,
              "KSM": 0,
              "LazyFree": 0,
              "Locked": 0,
              "Private_Clean": 0,
              "Private_Dirty": 12272,
              "Private_Hugetlb": 0,
              "Pss": 13538,
              "Pss_Anon": 12272,
              "Pss_Dirty": 12272,
              "Pss_File": 1266,
              "Pss_Shmem": 0,
              "Referenced": 24568,
              "Rss": 24568,
              "Shared_Clean": 12296,
              "Shared_Dirty": 0,
              "Shared_Hugetlb": 0,
              "ShmemPmdMapped": 0,
              "Swap": 0,
              "SwapPss": 0
            },
            "start_ticks": 197222348
          },
          {
            "pid": 4057800,
            "rollup_kib": {
              "AnonHugePages": 0,
              "Anonymous": 23060,
              "FilePmdMapped": 0,
              "KSM": 0,
              "LazyFree": 0,
              "Locked": 0,
              "Private_Clean": 100,
              "Private_Dirty": 23060,
              "Private_Hugetlb": 0,
              "Pss": 24426,
              "Pss_Anon": 23060,
              "Pss_Dirty": 23060,
              "Pss_File": 1366,
              "Pss_Shmem": 0,
              "Referenced": 35484,
              "Rss": 35484,
              "Shared_Clean": 12324,
              "Shared_Dirty": 0,
              "Shared_Hugetlb": 0,
              "ShmemPmdMapped": 0,
              "Swap": 0,
              "SwapPss": 0
            },
            "start_ticks": 197232273
          }
        ],
        "reason": "phase_marker",
        "tree_rss_kib": 59992
      },
      {
        "elapsed_s": 129.5799,
        "processes": [
          {
            "pid": 4039122,
            "rollup_kib": {
              "AnonHugePages": 0,
              "Anonymous": 12308,
              "FilePmdMapped": 0,
              "KSM": 0,
              "LazyFree": 0,
              "Locked": 0,
              "Private_Clean": 12,
              "Private_Dirty": 12308,
              "Private_Hugetlb": 0,
              "Pss": 13832,
              "Pss_Anon": 12308,
              "Pss_Dirty": 12308,
              "Pss_File": 1524,
              "Pss_Shmem": 0,
              "Referenced": 24604,
              "Rss": 24604,
              "Shared_Clean": 12284,
              "Shared_Dirty": 0,
              "Shared_Hugetlb": 0,
              "ShmemPmdMapped": 0,
              "Swap": 0,
              "SwapPss": 0
            },
            "start_ticks": 197222348
          },
          {
            "pid": 4063354,
            "rollup_kib": {
              "AnonHugePages": 0,
              "Anonymous": 12064,
              "FilePmdMapped": 0,
              "KSM": 0,
              "LazyFree": 0,
              "Locked": 0,
              "Private_Clean": 92,
              "Private_Dirty": 12064,
              "Private_Hugetlb": 0,
              "Pss": 13626,
              "Pss_Anon": 12064,
              "Pss_Dirty": 12064,
              "Pss_File": 1562,
              "Pss_Shmem": 0,
              "Referenced": 24368,
              "Rss": 24368,
              "Shared_Clean": 12212,
              "Shared_Dirty": 0,
              "Shared_Hugetlb": 0,
              "ShmemPmdMapped": 0,
              "Swap": 0,
              "SwapPss": 0
            },
            "start_ticks": 197235300
          }
        ],
        "reason": "phase_marker",
        "tree_rss_kib": 48972
      },
      {
        "elapsed_s": 186.8229,
        "processes": [
          {
            "pid": 4039122,
            "rollup_kib": {
              "AnonHugePages": 0,
              "Anonymous": 12384,
              "FilePmdMapped": 0,
              "KSM": 0,
              "LazyFree": 0,
              "Locked": 0,
              "Private_Clean": 12,
              "Private_Dirty": 12384,
              "Private_Hugetlb": 0,
              "Pss": 13915,
              "Pss_Anon": 12384,
              "Pss_Dirty": 12384,
              "Pss_File": 1531,
              "Pss_Shmem": 0,
              "Referenced": 24680,
              "Rss": 24680,
              "Shared_Clean": 12284,
              "Shared_Dirty": 0,
              "Shared_Hugetlb": 0,
              "ShmemPmdMapped": 0,
              "Swap": 0,
              "SwapPss": 0
            },
            "start_ticks": 197222348
          },
          {
            "pid": 4073952,
            "rollup_kib": {
              "AnonHugePages": 0,
              "Anonymous": 12064,
              "FilePmdMapped": 0,
              "KSM": 0,
              "LazyFree": 0,
              "Locked": 0,
              "Private_Clean": 92,
              "Private_Dirty": 12064,
              "Private_Hugetlb": 0,
              "Pss": 13644,
              "Pss_Anon": 12064,
              "Pss_Dirty": 12064,
              "Pss_File": 1580,
              "Pss_Shmem": 0,
              "Referenced": 24432,
              "Rss": 24432,
              "Shared_Clean": 12276,
              "Shared_Dirty": 0,
              "Shared_Hugetlb": 0,
              "ShmemPmdMapped": 0,
              "Swap": 0,
              "SwapPss": 0
            },
            "start_ticks": 197241026
          }
        ],
        "reason": "phase_marker",
        "tree_rss_kib": 49112
      },
      {
        "elapsed_s": 244.0833,
        "processes": [
          {
            "pid": 4039122,
            "rollup_kib": {
              "AnonHugePages": 0,
              "Anonymous": 12384,
              "FilePmdMapped": 0,
              "KSM": 0,
              "LazyFree": 0,
              "Locked": 0,
              "Private_Clean": 12,
              "Private_Dirty": 12384,
              "Private_Hugetlb": 0,
              "Pss": 13913,
              "Pss_Anon": 12384,
              "Pss_Dirty": 12384,
              "Pss_File": 1529,
              "Pss_Shmem": 0,
              "Referenced": 24680,
              "Rss": 24680,
              "Shared_Clean": 12284,
              "Shared_Dirty": 0,
              "Shared_Hugetlb": 0,
              "ShmemPmdMapped": 0,
              "Swap": 0,
              "SwapPss": 0
            },
            "start_ticks": 197222348
          },
          {
            "pid": 4084477,
            "rollup_kib": {
              "AnonHugePages": 0,
              "Anonymous": 16484,
              "FilePmdMapped": 0,
              "KSM": 0,
              "LazyFree": 0,
              "Locked": 0,
              "Private_Clean": 92,
              "Private_Dirty": 16484,
              "Private_Hugetlb": 0,
              "Pss": 18062,
              "Pss_Anon": 16484,
              "Pss_Dirty": 16484,
              "Pss_File": 1578,
              "Pss_Shmem": 0,
              "Referenced": 28884,
              "Rss": 28884,
              "Shared_Clean": 12308,
              "Shared_Dirty": 0,
              "Shared_Hugetlb": 0,
              "ShmemPmdMapped": 0,
              "Swap": 0,
              "SwapPss": 0
            },
            "start_ticks": 197246747
          }
        ],
        "reason": "phase_marker",
        "tree_rss_kib": 53360
      },
      {
        "elapsed_s": 274.6996,
        "processes": [
          {
            "pid": 4039122,
            "rollup_kib": {
              "AnonHugePages": 0,
              "Anonymous": 12396,
              "FilePmdMapped": 0,
              "KSM": 0,
              "LazyFree": 0,
              "Locked": 0,
              "Private_Clean": 12,
              "Private_Dirty": 12396,
              "Private_Hugetlb": 0,
              "Pss": 13919,
              "Pss_Anon": 12396,
              "Pss_Dirty": 12396,
              "Pss_File": 1523,
              "Pss_Shmem": 0,
              "Referenced": 24692,
              "Rss": 24692,
              "Shared_Clean": 12284,
              "Shared_Dirty": 0,
              "Shared_Hugetlb": 0,
              "ShmemPmdMapped": 0,
              "Swap": 0,
              "SwapPss": 0
            },
            "start_ticks": 197222348
          },
          {
            "pid": 4090353,
            "rollup_kib": {
              "AnonHugePages": 0,
              "Anonymous": 29352,
              "FilePmdMapped": 0,
              "KSM": 0,
              "LazyFree": 0,
              "Locked": 0,
              "Private_Clean": 112,
              "Private_Dirty": 29352,
              "Private_Hugetlb": 0,
              "Pss": 30971,
              "Pss_Anon": 29352,
              "Pss_Dirty": 29352,
              "Pss_File": 1619,
              "Pss_Shmem": 0,
              "Referenced": 41828,
              "Rss": 41828,
              "Shared_Clean": 12364,
              "Shared_Dirty": 0,
              "Shared_Hugetlb": 0,
              "ShmemPmdMapped": 0,
              "Swap": 0,
              "SwapPss": 0
            },
            "start_ticks": 197249778
          }
        ],
        "reason": "phase_marker",
        "tree_rss_kib": 66464
      },
      {
        "elapsed_s": 335.461,
        "processes": [
          {
            "pid": 4039122,
            "rollup_kib": {
              "AnonHugePages": 0,
              "Anonymous": 12436,
              "FilePmdMapped": 0,
              "KSM": 0,
              "LazyFree": 0,
              "Locked": 0,
              "Private_Clean": 12,
              "Private_Dirty": 12436,
              "Private_Hugetlb": 0,
              "Pss": 13968,
              "Pss_Anon": 12436,
              "Pss_Dirty": 12436,
              "Pss_File": 1532,
              "Pss_Shmem": 0,
              "Referenced": 24732,
              "Rss": 24732,
              "Shared_Clean": 12284,
              "Shared_Dirty": 0,
              "Shared_Hugetlb": 0,
              "ShmemPmdMapped": 0,
              "Swap": 0,
              "SwapPss": 0
            },
            "start_ticks": 197222348
          },
          {
            "pid": 4102322,
            "rollup_kib": {
              "AnonHugePages": 0,
              "Anonymous": 12064,
              "FilePmdMapped": 0,
              "KSM": 0,
              "LazyFree": 0,
              "Locked": 0,
              "Private_Clean": 88,
              "Private_Dirty": 12064,
              "Private_Hugetlb": 0,
              "Pss": 13640,
              "Pss_Anon": 12064,
              "Pss_Dirty": 12064,
              "Pss_File": 1576,
              "Pss_Shmem": 0,
              "Referenced": 24412,
              "Rss": 24412,
              "Shared_Clean": 12260,
              "Shared_Dirty": 0,
              "Shared_Hugetlb": 0,
              "ShmemPmdMapped": 0,
              "Swap": 0,
              "SwapPss": 0
            },
            "start_ticks": 197255882
          }
        ],
        "reason": "phase_marker",
        "tree_rss_kib": 49144
      },
      {
        "elapsed_s": 395.2284,
        "processes": [
          {
            "pid": 4039122,
            "rollup_kib": {
              "AnonHugePages": 0,
              "Anonymous": 12436,
              "FilePmdMapped": 0,
              "KSM": 0,
              "LazyFree": 0,
              "Locked": 0,
              "Private_Clean": 12,
              "Private_Dirty": 12436,
              "Private_Hugetlb": 0,
              "Pss": 13960,
              "Pss_Anon": 12436,
              "Pss_Dirty": 12436,
              "Pss_File": 1524,
              "Pss_Shmem": 0,
              "Referenced": 24732,
              "Rss": 24732,
              "Shared_Clean": 12284,
              "Shared_Dirty": 0,
              "Shared_Hugetlb": 0,
              "ShmemPmdMapped": 0,
              "Swap": 0,
              "SwapPss": 0
            },
            "start_ticks": 197222348
          },
          {
            "pid": 4113204,
            "rollup_kib": {
              "AnonHugePages": 0,
              "Anonymous": 18356,
              "FilePmdMapped": 0,
              "KSM": 0,
              "LazyFree": 0,
              "Locked": 0,
              "Private_Clean": 76,
              "Private_Dirty": 18356,
              "Private_Hugetlb": 0,
              "Pss": 19906,
              "Pss_Anon": 18356,
              "Pss_Dirty": 18356,
              "Pss_File": 1550,
              "Pss_Shmem": 0,
              "Referenced": 30636,
              "Rss": 30636,
              "Shared_Clean": 12204,
              "Shared_Dirty": 0,
              "Shared_Hugetlb": 0,
              "ShmemPmdMapped": 0,
              "Swap": 0,
              "SwapPss": 0
            },
            "start_ticks": 197261859
          }
        ],
        "reason": "phase_marker",
        "tree_rss_kib": 55316
      },
      {
        "elapsed_s": 426.3657,
        "processes": [
          {
            "pid": 4039122,
            "rollup_kib": {
              "AnonHugePages": 0,
              "Anonymous": 12476,
              "FilePmdMapped": 0,
              "KSM": 0,
              "LazyFree": 0,
              "Locked": 0,
              "Private_Clean": 12,
              "Private_Dirty": 12476,
              "Private_Hugetlb": 0,
              "Pss": 13764,
              "Pss_Anon": 12476,
              "Pss_Dirty": 12476,
              "Pss_File": 1288,
              "Pss_Shmem": 0,
              "Referenced": 24772,
              "Rss": 24772,
              "Shared_Clean": 12284,
              "Shared_Dirty": 0,
              "Shared_Hugetlb": 0,
              "ShmemPmdMapped": 0,
              "Swap": 0,
              "SwapPss": 0
            },
            "start_ticks": 197222348
          },
          {
            "pid": 4120695,
            "rollup_kib": {
              "AnonHugePages": 0,
              "Anonymous": 25060,
              "FilePmdMapped": 0,
              "KSM": 0,
              "LazyFree": 0,
              "Locked": 0,
              "Private_Clean": 108,
              "Private_Dirty": 25060,
              "Private_Hugetlb": 0,
              "Pss": 26433,
              "Pss_Anon": 25060,
              "Pss_Dirty": 25060,
              "Pss_File": 1373,
              "Pss_Shmem": 0,
              "Referenced": 37480,
              "Rss": 37480,
              "Shared_Clean": 12312,
              "Shared_Dirty": 0,
              "Shared_Hugetlb": 0,
              "ShmemPmdMapped": 0,
              "Swap": 0,
              "SwapPss": 0
            },
            "start_ticks": 197264951
          }
        ],
        "reason": "phase_marker",
        "tree_rss_kib": 62188
      },
      {
        "elapsed_s": 484.1261,
        "processes": [],
        "reason": "phase_marker+terminal",
        "tree_rss_kib": 0
      }
    ],
    "status": "complete",
    "temporary_disk_limit_bytes": 536870912,
    "wall_time_limit_seconds": null
  }
}
