{"command": ["/tmp/gamma-architecture-tests/bin/python", "/home/x/deco/gamma/projects/enwiki9/tools/run_with_resource_guard_v3.py", "--limit-kib", "9765624", "--official-decimal-limit-kib", "9765624", "--limit-mode", "tree", "--cgroup-path", "/sys/fs/cgroup/user.slice/user-1000.slice/user@1000.service/app.slice/gamma-enwiki9-20260920T003339Z_270e77a7ca", "--cgroup-memory-max-bytes", "9999998976", "--temporary-disk-limit-bytes", "24000000000", "--phase-marker-path", "/home/x/deco/gamma/projects/enwiki9/run_logs/adaptive/20260920T003339Z_270e77a7ca.resources/phases.jsonl", "--max-logical-cpus", "1", "--guard-json", "/home/x/deco/gamma/projects/enwiki9/run_logs/adaptive/20260920T003339Z_270e77a7ca.resources/guard.json", "--label", "20260920T003339Z_270e77a7ca", "--phase", "diagnostic", "--scratch-path", "/home/x/deco/gamma/projects/enwiki9/results/fx2_joint_replay1m_q0_v1", "--scratch-path", "/home/x/deco/gamma/projects/enwiki9/run_logs/adaptive/20260920T003339Z_270e77a7ca.log", "--scratch-path", "/home/x/deco/gamma/projects/enwiki9/run_logs/adaptive/20260920T003339Z_270e77a7ca.resources", "--scratch-path", "/tmp/gamma-enwiki9-20260920T003339Z_270e77a7ca-407edav3/fx2_joint_replay1m_q0_v1", "--", "/usr/bin/taskset", "--cpu-list", "3", "/bin/sh", "-c", "printf '%s\\n' '{\"phase\":\"diagnostic\",\"event\":\"worker_start\",\"detail\":\"operational envelope only; no codec phase credit\"}' >> \"$GAMMA_RESOURCE_PHASE_MARKERS\" || exit 125; exec \"$@\"", "enwiki9-discovery-envelope", "/tmp/gamma-architecture-tests/bin/python", "/home/x/deco/gamma/projects/enwiki9/tools/fx2_joint_replay_v1.py", "--root", "/home/x/deco/gamma/projects/enwiki9", "--output", "/home/x/deco/gamma/projects/enwiki9/results/fx2_joint_replay1m_q0_v1", "--plan", "/home/x/deco/gamma/projects/enwiki9/operations/provenance/fx2_joint_replay1m_q0_v1_plan.json", "--experiment", "/home/x/deco/gamma/projects/enwiki9/operations/adaptive/experiments/fx2_joint_replay1m_q0_v1.json", "--closure", "/home/x/deco/gamma/projects/enwiki9/operations/provenance/fx2_joint_replay1m_q0_v1_closure.json"], "job": {"candidate_id": "fx2_joint_replay1m_q0_v1", "candidate_revision": {"path": "operations/adaptive/candidate-revisions/fx2_joint_replay1m_q0_v1/20260920T003338683569Z_d050d803dbd4.json", "sha256": "sha256:f1fd7837f6da27f6a5984a363d5fc9fe36dc37e79d7e98f5e14160810b3f7b48"}, "candidate_tree_sha256": "sha256:d050d803dbd49c17f9904619807e06587c740aca0aeb3947a5b6598a074f3a34", "execution_guard": {"path": "tools/run_with_resource_guard_v3.py", "sha256": "sha256:044147f7ffe6922ea8dafd52fc3d4426077b20958adbcd421245ad41adcfc1e4"}, "execution_mode": "discovery", "execution_resources": {"boot_id": "3ce46712-27bc-4199-8e48-e2b3d23926cb", "budget": {"cgroup_parent": "/sys/fs/cgroup/user.slice/user-1000.slice/user@1000.service/app.slice", "cpus": [3], "memory_bytes": 9999998976, "scratch_bytes": 24000000000, "swap_bytes": 0, "wall_seconds": 3600}, "cgroup_inode": 377047, "cgroup_path": "/sys/fs/cgroup/user.slice/user-1000.slice/user@1000.service/app.slice/gamma-enwiki9-20260920T003339Z_270e77a7ca", "cpu_enforcement": "taskset-and-sampled-affinity-guard", "groups": [{"created": true, "inode": 377047, "kernel_cpuset": false, "memory_bytes": 9999998976, "path": "/sys/fs/cgroup/user.slice/user-1000.slice/user@1000.service/app.slice/gamma-enwiki9-20260920T003339Z_270e77a7ca"}], "guard_command_sha256": "330fceadd899ee78e390ed384db3d944e5d0eefe91c0b8a6ffcf62585902f867", "guard_path": "run_logs/adaptive/20260920T003339Z_270e77a7ca.resources/guard.json", "missing_diagnostics": ["kernel cpuset controller is not delegated; taskset assignment and existing affinity guard remain active"], "timing_authority": "diagnostic"}, "experiment": {"path": "operations/adaptive/experiments/fx2_joint_replay1m_q0_v1.json", "sha256": "sha256:aa0c67c0cf3274ff7ae77bcd6fa24d522bc94c30200b6c6923d0bd5d6eba1cb4"}, "gate_size": 1000000, "job_id": "20260920T003339Z_270e77a7ca", "priority": 40, "proposal": {"path": "operations/adaptive/proposals/developed/959_fx2_joint_replay1m_q0_v1.json", "sha256": "sha256:5b1a8820f270f30ff98b0b0ae4c6f046ef56e45835b43b7e266e725dd3ac048c"}, "proposal_id": "fx2_joint_replay1m_q0_v1", "purpose": "diagnostic", "resource_budget": {"cgroup_parent": "/sys/fs/cgroup/user.slice/user-1000.slice/user@1000.service/app.slice", "cpus": [3], "memory_bytes": 9999998976, "scratch_bytes": 24000000000, "swap_bytes": 0, "wall_seconds": 3600}, "runner": {"path": "tools/fx2_joint_replay_v1.py", "sha256": "sha256:48850e64acb9cfe25713ead07a3c262a8d75bc0ea9386d08405bcbfd50a84632"}, "schema": "gamma.enwiki9.adaptive-job.v3", "scratch_directories": ["results/fx2_joint_replay1m_q0_v1"], "started_at": "2026-09-20T00:39:12+00:00", "state": "running", "submitted_at": "2026-09-20T00:33:39+00:00", "tags": [], "timing_authority": "diagnostic", "tool": "tools/fx2_joint_replay_v1.py", "tool_args": ["--root", "/home/x/deco/gamma/projects/enwiki9", "--output", "/home/x/deco/gamma/projects/enwiki9/results/fx2_joint_replay1m_q0_v1", "--plan", "/home/x/deco/gamma/projects/enwiki9/operations/provenance/fx2_joint_replay1m_q0_v1_plan.json", "--experiment", "/home/x/deco/gamma/projects/enwiki9/operations/adaptive/experiments/fx2_joint_replay1m_q0_v1.json", "--closure", "/home/x/deco/gamma/projects/enwiki9/operations/provenance/fx2_joint_replay1m_q0_v1_closure.json"]}}
{"archive_bytes": {"E": 154176, "K": 154176, "M": 154695, "P": 131238, "S": 153231}, "packed_model_bytes": {"E": 2903502, "K": 2903607, "M": 2904379, "P": 2930652, "S": 2904419}, "sample_plus_weight_delta_E_over_P": 31362}
{
  "resource_guard": {
    "cgroup": {
      "inode": 377047,
      "joined_before_exec": true,
      "memory_max_bytes": 9999998976,
      "memory_max_rounding_bytes": 0,
      "memory_peak_reset": true,
      "path": "/sys/fs/cgroup/user.slice/user-1000.slice/user@1000.service/app.slice/gamma-enwiki9-20260920T003339Z_270e77a7ca",
      "previous_memory_max": "9999998976",
      "requested_memory_max_bytes": 9999998976
    },
    "cgroup_events": {
      "baseline": {
        "high": 0,
        "low": 0,
        "max": 0,
        "oom": 0,
        "oom_group_kill": 0,
        "oom_kill": 0,
        "sock_throttled": 0
      },
      "delta": {
        "high": 0,
        "low": 0,
        "max": 0,
        "oom": 0,
        "oom_group_kill": 0,
        "oom_kill": 0,
        "sock_throttled": 0
      },
      "final": {
        "high": 0,
        "low": 0,
        "max": 0,
        "oom": 0,
        "oom_group_kill": 0,
        "oom_kill": 0,
        "sock_throttled": 0
      }
    },
    "command": [
      "/usr/bin/taskset",
      "--cpu-list",
      "3",
      "/bin/sh",
      "-c",
      "printf '%s\\n' '{\"phase\":\"diagnostic\",\"event\":\"worker_start\",\"detail\":\"operational envelope only; no codec phase credit\"}' >> \"$GAMMA_RESOURCE_PHASE_MARKERS\" || exit 125; exec \"$@\"",
      "enwiki9-discovery-envelope",
      "/tmp/gamma-architecture-tests/bin/python",
      "/home/x/deco/gamma/projects/enwiki9/tools/fx2_joint_replay_v1.py",
      "--root",
      "/home/x/deco/gamma/projects/enwiki9",
      "--output",
      "/home/x/deco/gamma/projects/enwiki9/results/fx2_joint_replay1m_q0_v1",
      "--plan",
      "/home/x/deco/gamma/projects/enwiki9/operations/provenance/fx2_joint_replay1m_q0_v1_plan.json",
      "--experiment",
      "/home/x/deco/gamma/projects/enwiki9/operations/adaptive/experiments/fx2_joint_replay1m_q0_v1.json",
      "--closure",
      "/home/x/deco/gamma/projects/enwiki9/operations/provenance/fx2_joint_replay1m_q0_v1_closure.json"
    ],
    "command_sha256": "f73883601bd2cf7a31603df7695ea96cc1d07a278547133531bd760f736c4225",
    "elapsed_s": 1858.3457,
    "geekbench5_single_core_score": null,
    "guards": {
      "cgroup_memory_guard_exceeded": false,
      "logical_cpu_guard_exceeded": false,
      "measurement_incomplete": false,
      "official_decimal_memory_exceeded": false,
      "phase_marker_invalid": false,
      "rss_guard_exceeded": false,
      "temporary_disk_guard_exceeded": false,
      "wall_time_guard_exceeded": false
    },
    "label": "20260920T003339Z_270e77a7ca",
    "latest_sample": {
      "allowed_cpu_union": [],
      "cgroup_current_bytes": 53403648,
      "elapsed_s": 1858.3437,
      "max_single_rss_kib": 0,
      "persistent_status_misses": [],
      "processes": [],
      "scratch_allocated_bytes": 52166656,
      "scratch_file_count": 241,
      "scratch_logical_bytes": 51306436,
      "scratch_race_count": 0,
      "tree_live_threads": 0,
      "tree_rss_kib": 0,
      "tree_runnable_threads": 0
    },
    "limit_kib": 9765624,
    "limit_mode": "tree",
    "max_logical_cpus": 1,
    "measurements": {
      "affinity_complete": true,
      "cgroup_v2_complete": true,
      "per_process_vmhwm_sampled": true,
      "phase_markers_complete": true,
      "process_tree_rss_complete": true,
      "scratch_logical_and_allocated_complete": true,
      "smaps_rollup_complete": true
    },
    "objective": {
      "corpusBytes": 1000000000,
      "corpusSha256": "159b85351e5f76e60cbe32e04c677847a9ecba3adc79addab6f4c6c7aa3744bc",
      "objectiveDigest": "sha256:409b70547f901a3ac5fffd7fd7a1e1d77b05fb44d9e9d889be1337bd153706d7",
      "objectiveId": "gamma-enwiki9-hutter-96m-v4",
      "objectivePath": "contracts/research/v4/objective-contract.json",
      "targetScoreBytes": 96000000
    },
    "official_decimal_limit_kib": 9765624,
    "peak_process_vmhwm": {
      "comm": "cmix",
      "observed_elapsed_s": 1704.8437,
      "pid": 1214563,
      "start_ticks": 296245725,
      "vmhwm_kib": 5814124
    },
    "peak_sample": {
      "allowed_cpu_union": [
        3
      ],
      "cgroup_current_bytes": 6018961408,
      "elapsed_s": 268.3987,
      "max_single_rss_kib": 5814112,
      "persistent_status_misses": [],
      "processes": [
        {
          "allowed_cpus": [
            3
          ],
          "comm": "python",
          "live_threads": 1,
          "pid": 878629,
          "rss_kib": 38120,
          "runnable_threads": 0,
          "start_ticks": 296089055,
          "vmhwm_kib": 38120
        },
        {
          "allowed_cpus": [
            3
          ],
          "comm": "time",
          "live_threads": 1,
          "pid": 904876,
          "rss_kib": 1828,
          "runnable_threads": 0,
          "start_ticks": 296103200,
          "vmhwm_kib": 1828
        },
        {
          "allowed_cpus": [
            3
          ],
          "comm": "cmix",
          "live_threads": 1,
          "pid": 904877,
          "rss_kib": 5814112,
          "runnable_threads": 1,
          "start_ticks": 296103200,
          "vmhwm_kib": 5814112
        }
      ],
      "scratch_allocated_bytes": 45182976,
      "scratch_file_count": 182,
      "scratch_logical_bytes": 14709140775,
      "scratch_race_count": 0,
      "tree_live_threads": 3,
      "tree_rss_kib": 5854060,
      "tree_runnable_threads": 1
    },
    "peak_tree_sample": {
      "allowed_cpu_union": [
        3
      ],
      "cgroup_current_bytes": 6018961408,
      "elapsed_s": 268.3987,
      "max_single_rss_kib": 5814112,
      "persistent_status_misses": [],
      "processes": [
        {
          "allowed_cpus": [
            3
          ],
          "comm": "python",
          "live_threads": 1,
          "pid": 878629,
          "rss_kib": 38120,
          "runnable_threads": 0,
          "start_ticks": 296089055,
          "vmhwm_kib": 38120
        },
        {
          "allowed_cpus": [
            3
          ],
          "comm": "time",
          "live_threads": 1,
          "pid": 904876,
          "rss_kib": 1828,
          "runnable_threads": 0,
          "start_ticks": 296103200,
          "vmhwm_kib": 1828
        },
        {
          "allowed_cpus": [
            3
          ],
          "comm": "cmix",
          "live_threads": 1,
          "pid": 904877,
          "rss_kib": 5814112,
          "runnable_threads": 1,
          "start_ticks": 296103200,
          "vmhwm_kib": 5814112
        }
      ],
      "scratch_allocated_bytes": 45182976,
      "scratch_file_count": 182,
      "scratch_logical_bytes": 14709140775,
      "scratch_race_count": 0,
      "tree_live_threads": 3,
      "tree_rss_kib": 5854060,
      "tree_runnable_threads": 1
    },
    "peaks": {
      "cgroup_memory_peak_bytes": 6730424320,
      "max_observed_process_vmhwm_kib": 5814124,
      "max_sampled_allowed_cpu_count": 1,
      "max_sampled_cgroup_current_bytes": 6726483968,
      "max_sampled_scratch_allocated_bytes": 760668160,
      "max_sampled_scratch_logical_bytes": 15424507601,
      "max_sampled_single_rss_kib": 5814112,
      "max_sampled_tree_live_threads": 5,
      "max_sampled_tree_rss_kib": 5854060,
      "max_sampled_tree_runnable_threads": 2
    },
    "phase": "diagnostic",
    "phase_marker_path": "/home/x/deco/gamma/projects/enwiki9/run_logs/adaptive/20260920T003339Z_270e77a7ca.resources/phases.jsonl",
    "phase_markers": [
      {
        "detail": "operational envelope only; no codec phase credit",
        "event": "worker_start",
        "observed_elapsed_s": 0.0227,
        "phase": "diagnostic",
        "source_line": 1
      }
    ],
    "returncode": 0,
    "sample_count": 3691,
    "sample_interval_seconds": 0.5,
    "schema": "gamma.enwiki9.resource-guard-receipt.v3",
    "scratch_paths": [
      "/home/x/deco/gamma/projects/enwiki9/results/fx2_joint_replay1m_q0_v1",
      "/home/x/deco/gamma/projects/enwiki9/run_logs/adaptive/20260920T003339Z_270e77a7ca.log",
      "/home/x/deco/gamma/projects/enwiki9/run_logs/adaptive/20260920T003339Z_270e77a7ca.resources",
      "/tmp/gamma-enwiki9-20260920T003339Z_270e77a7ca-407edav3/fx2_joint_replay1m_q0_v1"
    ],
    "smaps_rollup_checkpoints": [
      {
        "elapsed_s": 0.0227,
        "processes": [
          {
            "pid": 878629,
            "rollup_kib": {
              "AnonHugePages": 0,
              "Anonymous": 2468,
              "FilePmdMapped": 0,
              "KSM": 0,
              "LazyFree": 0,
              "Locked": 0,
              "Private_Clean": 32,
              "Private_Dirty": 2468,
              "Private_Hugetlb": 0,
              "Pss": 3732,
              "Pss_Anon": 2468,
              "Pss_Dirty": 2468,
              "Pss_File": 1264,
              "Pss_Shmem": 0,
              "Referenced": 8504,
              "Rss": 8504,
              "Shared_Clean": 6004,
              "Shared_Dirty": 0,
              "Shared_Hugetlb": 0,
              "ShmemPmdMapped": 0,
              "Swap": 0,
              "SwapPss": 0
            },
            "start_ticks": 296089055
          }
        ],
        "reason": "initial+phase_marker+rss_growth",
        "tree_rss_kib": 8504
      },
      {
        "elapsed_s": 3.5397,
        "processes": [
          {
            "pid": 878629,
            "rollup_kib": {
              "AnonHugePages": 0,
              "Anonymous": 17976,
              "FilePmdMapped": 0,
              "KSM": 0,
              "LazyFree": 0,
              "Locked": 0,
              "Private_Clean": 192,
              "Private_Dirty": 17976,
              "Private_Hugetlb": 0,
              "Pss": 20633,
              "Pss_Anon": 17976,
              "Pss_Dirty": 17976,
              "Pss_File": 2657,
              "Pss_Shmem": 0,
              "Referenced": 30808,
              "Rss": 30808,
              "Shared_Clean": 12640,
              "Shared_Dirty": 0,
              "Shared_Hugetlb": 0,
              "ShmemPmdMapped": 0,
              "Swap": 0,
              "SwapPss": 0
            },
            "start_ticks": 296089055
          },
          {
            "pid": 878654,
            "rollup_kib": {
              "AnonHugePages": 0,
              "Anonymous": 96,
              "FilePmdMapped": 0,
              "KSM": 0,
              "LazyFree": 0,
              "Locked": 0,
              "Private_Clean": 24,
              "Private_Dirty": 96,
              "Private_Hugetlb": 0,
              "Pss": 175,
              "Pss_Anon": 96,
              "Pss_Dirty": 96,
              "Pss_File": 79,
              "Pss_Shmem": 0,
              "Referenced": 1828,
              "Rss": 1828,
              "Shared_Clean": 1708,
              "Shared_Dirty": 0,
              "Shared_Hugetlb": 0,
              "ShmemPmdMapped": 0,
              "Swap": 0,
              "SwapPss": 0
            },
            "start_ticks": 296089067
          },
          {
            "pid": 878655,
            "rollup_kib": {
              "AnonHugePages": 0,
              "Anonymous": 388,
              "FilePmdMapped": 0,
              "KSM": 0,
              "LazyFree": 0,
              "Locked": 0,
              "Private_Clean": 276,
              "Private_Dirty": 388,
              "Private_Hugetlb": 0,
              "Pss": 732,
              "Pss_Anon": 388,
              "Pss_Dirty": 388,
              "Pss_File": 344,
              "Pss_Shmem": 0,
              "Referenced": 2628,
              "Rss": 2628,
              "Shared_Clean": 1964,
              "Shared_Dirty": 0,
              "Shared_Hugetlb": 0,
              "ShmemPmdMapped": 0,
              "Swap": 0,
              "SwapPss": 0
            },
            "start_ticks": 296089067
          },
          {
            "pid": 878657,
            "rollup_kib": {
              "AnonHugePages": 0,
              "Anonymous": 320,
              "FilePmdMapped": 0,
              "KSM": 0,
              "LazyFree": 0,
              "Locked": 0,
              "Private_Clean": 1004,
              "Private_Dirty": 320,
              "Private_Hugetlb": 0,
              "Pss": 1387,
              "Pss_Anon": 320,
              "Pss_Dirty": 320,
              "Pss_File": 1067,
              "Pss_Shmem": 0,
              "Referenced": 3168,
              "Rss": 3168,
              "Shared_Clean": 1844,
              "Shared_Dirty": 0,
              "Shared_Hugetlb": 0,
              "ShmemPmdMapped": 0,
              "Swap": 0,
              "SwapPss": 0
            },
            "start_ticks": 296089068
          },
          {
            "pid": 879142,
            "rollup_kib": {
              "AnonHugePages": 0,
              "Anonymous": 249752,
              "FilePmdMapped": 0,
              "KSM": 0,
              "LazyFree": 0,
              "Locked": 0,
              "Private_Clean": 28748,
              "Private_Dirty": 249752,
              "Private_Hugetlb": 0,
              "Pss": 278813,
              "Pss_Anon": 249752,
              "Pss_Dirty": 249752,
              "Pss_File": 29061,
              "Pss_Shmem": 0,
              "Referenced": 281460,
              "Rss": 281460,
              "Shared_Clean": 2960,
              "Shared_Dirty": 0,
              "Shared_Hugetlb": 0,
              "ShmemPmdMapped": 0,
              "Swap": 0,
              "SwapPss": 0
            },
            "start_ticks": 296089320
          }
        ],
        "reason": "rss_growth",
        "tree_rss_kib": 319892
      },
      {
        "elapsed_s": 14.1186,
        "processes": [
          {
            "pid": 878629,
            "rollup_kib": {
              "AnonHugePages": 0,
              "Anonymous": 25288,
              "FilePmdMapped": 0,
              "KSM": 0,
              "LazyFree": 0,
              "Locked": 0,
              "Private_Clean": 192,
              "Private_Dirty": 25288,
              "Private_Hugetlb": 0,
              "Pss": 27927,
              "Pss_Anon": 25288,
              "Pss_Dirty": 25288,
              "Pss_File": 2639,
              "Pss_Shmem": 0,
              "Referenced": 38120,
              "Rss": 38120,
              "Shared_Clean": 12640,
              "Shared_Dirty": 0,
              "Shared_Hugetlb": 0,
              "ShmemPmdMapped": 0,
              "Swap": 0,
              "SwapPss": 0
            },
            "start_ticks": 296089055
          },
          {
            "pid": 881165,
            "rollup_kib": {
              "AnonHugePages": 0,
              "Anonymous": 96,
              "FilePmdMapped": 0,
              "KSM": 0,
              "LazyFree": 0,
              "Locked": 0,
              "Private_Clean": 24,
              "Private_Dirty": 96,
              "Private_Hugetlb": 0,
              "Pss": 178,
              "Pss_Anon": 96,
              "Pss_Dirty": 96,
              "Pss_File": 82,
              "Pss_Shmem": 0,
              "Referenced": 1828,
              "Rss": 1828,
              "Shared_Clean": 1708,
              "Shared_Dirty": 0,
              "Shared_Hugetlb": 0,
              "ShmemPmdMapped": 0,
              "Swap": 0,
              "SwapPss": 0
            },
            "start_ticks": 296090414
          },
          {
            "pid": 881166,
            "rollup_kib": {
              "AnonHugePages": 18432,
              "Anonymous": 1600624,
              "FilePmdMapped": 0,
              "KSM": 0,
              "LazyFree": 0,
              "Locked": 0,
              "Private_Clean": 0,
              "Private_Dirty": 1601040,
              "Private_Hugetlb": 0,
              "Pss": 1601459,
              "Pss_Anon": 1600624,
              "Pss_Dirty": 1601040,
              "Pss_File": 835,
              "Pss_Shmem": 0,
              "Referenced": 1605148,
              "Rss": 1605148,
              "Shared_Clean": 4108,
              "Shared_Dirty": 0,
              "Shared_Hugetlb": 0,
              "ShmemPmdMapped": 0,
              "Swap": 0,
              "SwapPss": 0
            },
            "start_ticks": 296090414
          }
        ],
        "reason": "rss_growth",
        "tree_rss_kib": 1615208
      },
      {
        "elapsed_s": 14.6568,
        "processes": [
          {
            "pid": 878629,
            "rollup_kib": {
              "AnonHugePages": 0,
              "Anonymous": 25288,
              "FilePmdMapped": 0,
              "KSM": 0,
              "LazyFree": 0,
              "Locked": 0,
              "Private_Clean": 192,
              "Private_Dirty": 25288,
              "Private_Hugetlb": 0,
              "Pss": 27925,
              "Pss_Anon": 25288,
              "Pss_Dirty": 25288,
              "Pss_File": 2637,
              "Pss_Shmem": 0,
              "Referenced": 38120,
              "Rss": 38120,
              "Shared_Clean": 12640,
              "Shared_Dirty": 0,
              "Shared_Hugetlb": 0,
              "ShmemPmdMapped": 0,
              "Swap": 0,
              "SwapPss": 0
            },
            "start_ticks": 296089055
          },
          {
            "pid": 881165,
            "rollup_kib": {
              "AnonHugePages": 0,
              "Anonymous": 96,
              "FilePmdMapped": 0,
              "KSM": 0,
              "LazyFree": 0,
              "Locked": 0,
              "Private_Clean": 24,
              "Private_Dirty": 96,
              "Private_Hugetlb": 0,
              "Pss": 178,
              "Pss_Anon": 96,
              "Pss_Dirty": 96,
              "Pss_File": 82,
              "Pss_Shmem": 0,
              "Referenced": 1828,
              "Rss": 1828,
              "Shared_Clean": 1708,
              "Shared_Dirty": 0,
              "Shared_Hugetlb": 0,
              "ShmemPmdMapped": 0,
              "Swap": 0,
              "SwapPss": 0
            },
            "start_ticks": 296090414
          },
          {
            "pid": 881166,
            "rollup_kib": {
              "AnonHugePages": 18432,
              "Anonymous": 2660828,
              "FilePmdMapped": 0,
              "KSM": 0,
              "LazyFree": 0,
              "Locked": 0,
              "Private_Clean": 0,
              "Private_Dirty": 2661276,
              "Private_Hugetlb": 0,
              "Pss": 2661715,
              "Pss_Anon": 2660828,
              "Pss_Dirty": 2661276,
              "Pss_File": 887,
              "Pss_Shmem": 0,
              "Referenced": 2665576,
              "Rss": 2665576,
              "Shared_Clean": 4300,
              "Shared_Dirty": 0,
              "Shared_Hugetlb": 0,
              "ShmemPmdMapped": 0,
              "Swap": 0,
              "SwapPss": 0
            },
            "start_ticks": 296090414
          }
        ],
        "reason": "rss_growth",
        "tree_rss_kib": 2688648
      },
      {
        "elapsed_s": 15.2486,
        "processes": [
          {
            "pid": 878629,
            "rollup_kib": {
              "AnonHugePages": 0,
              "Anonymous": 25288,
              "FilePmdMapped": 0,
              "KSM": 0,
              "LazyFree": 0,
              "Locked": 0,
              "Private_Clean": 192,
              "Private_Dirty": 25288,
              "Private_Hugetlb": 0,
              "Pss": 27925,
              "Pss_Anon": 25288,
              "Pss_Dirty": 25288,
              "Pss_File": 2637,
              "Pss_Shmem": 0,
              "Referenced": 38120,
              "Rss": 38120,
              "Shared_Clean": 12640,
              "Shared_Dirty": 0,
              "Shared_Hugetlb": 0,
              "ShmemPmdMapped": 0,
              "Swap": 0,
              "SwapPss": 0
            },
            "start_ticks": 296089055
          },
          {
            "pid": 881165,
            "rollup_kib": {
              "AnonHugePages": 0,
              "Anonymous": 96,
              "FilePmdMapped": 0,
              "KSM": 0,
              "LazyFree": 0,
              "Locked": 0,
              "Private_Clean": 24,
              "Private_Dirty": 96,
              "Private_Hugetlb": 0,
              "Pss": 178,
              "Pss_Anon": 96,
              "Pss_Dirty": 96,
              "Pss_File": 82,
              "Pss_Shmem": 0,
              "Referenced": 1828,
              "Rss": 1828,
              "Shared_Clean": 1708,
              "Shared_Dirty": 0,
              "Shared_Hugetlb": 0,
              "ShmemPmdMapped": 0,
              "Swap": 0,
              "SwapPss": 0
            },
            "start_ticks": 296090414
          },
          {
            "pid": 881166,
            "rollup_kib": {
              "AnonHugePages": 18432,
              "Anonymous": 3291368,
              "FilePmdMapped": 0,
              "KSM": 0,
              "LazyFree": 0,
              "Locked": 0,
              "Private_Clean": 0,
              "Private_Dirty": 3291816,
              "Private_Hugetlb": 0,
              "Pss": 3292255,
              "Pss_Anon": 3291368,
              "Pss_Dirty": 3291816,
              "Pss_File": 887,
              "Pss_Shmem": 0,
              "Referenced": 3296116,
              "Rss": 3296116,
              "Shared_Clean": 4300,
              "Shared_Dirty": 0,
              "Shared_Hugetlb": 0,
              "ShmemPmdMapped": 0,
              "Swap": 0,
              "SwapPss": 0
            },
            "start_ticks": 296090414
          }
        ],
        "reason": "rss_growth",
        "tree_rss_kib": 3319284
      },
      {
        "elapsed_s": 15.8615,
        "processes": [
          {
            "pid": 878629,
            "rollup_kib": {
              "AnonHugePages": 0,
              "Anonymous": 25288,
              "FilePmdMapped": 0,
              "KSM": 0,
              "LazyFree": 0,
              "Locked": 0,
              "Private_Clean": 192,
              "Private_Dirty": 25288,
              "Private_Hugetlb": 0,
              "Pss": 27929,
              "Pss_Anon": 25288,
              "Pss_Dirty": 25288,
              "Pss_File": 2641,
              "Pss_Shmem": 0,
              "Referenced": 38120,
              "Rss": 38120,
              "Shared_Clean": 12640,
              "Shared_Dirty": 0,
              "Shared_Hugetlb": 0,
              "ShmemPmdMapped": 0,
              "Swap": 0,
              "SwapPss": 0
            },
            "start_ticks": 296089055
          },
          {
            "pid": 881165,
            "rollup_kib": {
              "AnonHugePages": 0,
              "Anonymous": 96,
              "FilePmdMapped": 0,
              "KSM": 0,
              "LazyFree": 0,
              "Locked": 0,
              "Private_Clean": 24,
              "Private_Dirty": 96,
              "Private_Hugetlb": 0,
              "Pss": 179,
              "Pss_Anon": 96,
              "Pss_Dirty": 96,
              "Pss_File": 83,
              "Pss_Shmem": 0,
              "Referenced": 1828,
              "Rss": 1828,
              "Shared_Clean": 1708,
              "Shared_Dirty": 0,
              "Shared_Hugetlb": 0,
              "ShmemPmdMapped": 0,
              "Swap": 0,
              "SwapPss": 0
            },
            "start_ticks": 296090414
          },
          {
            "pid": 881166,
            "rollup_kib": {
              "AnonHugePages": 18432,
              "Anonymous": 3723488,
              "FilePmdMapped": 0,
              "KSM": 0,
              "LazyFree": 0,
              "Locked": 0,
              "Private_Clean": 0,
              "Private_Dirty": 3723936,
              "Private_Hugetlb": 0,
              "Pss": 3724375,
              "Pss_Anon": 3723488,
              "Pss_Dirty": 3723936,
              "Pss_File": 887,
              "Pss_Shmem": 0,
              "Referenced": 3728236,
              "Rss": 3728236,
              "Shared_Clean": 4300,
              "Shared_Dirty": 0,
              "Shared_Hugetlb": 0,
              "ShmemPmdMapped": 0,
              "Swap": 0,
              "SwapPss": 0
            },
            "start_ticks": 296090414
          }
        ],
        "reason": "rss_growth",
        "tree_rss_kib": 3754160
      },
      {
        "elapsed_s": 16.4862,
        "processes": [
          {
            "pid": 878629,
            "rollup_kib": {
              "AnonHugePages": 0,
              "Anonymous": 25288,
              "FilePmdMapped": 0,
              "KSM": 0,
              "LazyFree": 0,
              "Locked": 0,
              "Private_Clean": 192,
              "Private_Dirty": 25288,
              "Private_Hugetlb": 0,
              "Pss": 27926,
              "Pss_Anon": 25288,
              "Pss_Dirty": 25288,
              "Pss_File": 2638,
              "Pss_Shmem": 0,
              "Referenced": 38120,
              "Rss": 38120,
              "Shared_Clean": 12640,
              "Shared_Dirty": 0,
              "Shared_Hugetlb": 0,
              "ShmemPmdMapped": 0,
              "Swap": 0,
              "SwapPss": 0
            },
            "start_ticks": 296089055
          },
          {
            "pid": 881165,
            "rollup_kib": {
              "AnonHugePages": 0,
              "Anonymous": 96,
              "FilePmdMapped": 0,
              "KSM": 0,
              "LazyFree": 0,
              "Locked": 0,
              "Private_Clean": 24,
              "Private_Dirty": 96,
              "Private_Hugetlb": 0,
              "Pss": 178,
              "Pss_Anon": 96,
              "Pss_Dirty": 96,
              "Pss_File": 82,
              "Pss_Shmem": 0,
              "Referenced": 1828,
              "Rss": 1828,
              "Shared_Clean": 1708,
              "Shared_Dirty": 0,
              "Shared_Hugetlb": 0,
              "ShmemPmdMapped": 0,
              "Swap": 0,
              "SwapPss": 0
            },
            "start_ticks": 296090414
          },
          {
            "pid": 881166,
            "rollup_kib": {
              "AnonHugePages": 18432,
              "Anonymous": 4017468,
              "FilePmdMapped": 0,
              "KSM": 0,
              "LazyFree": 0,
              "Locked": 0,
              "Private_Clean": 0,
              "Private_Dirty": 4017916,
              "Private_Hugetlb": 0,
              "Pss": 4018355,
              "Pss_Anon": 4017468,
              "Pss_Dirty": 4017916,
              "Pss_File": 887,
              "Pss_Shmem": 0,
              "Referenced": 4022216,
              "Rss": 4022216,
              "Shared_Clean": 4300,
              "Shared_Dirty": 0,
              "Shared_Hugetlb": 0,
              "ShmemPmdMapped": 0,
              "Swap": 0,
              "SwapPss": 0
            },
            "start_ticks": 296090414
          }
        ],
        "reason": "rss_growth",
        "tree_rss_kib": 4054200
      },
      {
        "elapsed_s": 17.6177,
        "processes": [
          {
            "pid": 878629,
            "rollup_kib": {
              "AnonHugePages": 0,
              "Anonymous": 25288,
              "FilePmdMapped": 0,
              "KSM": 0,
              "LazyFree": 0,
              "Locked": 0,
              "Private_Clean": 192,
              "Private_Dirty": 25288,
              "Private_Hugetlb": 0,
              "Pss": 27925,
              "Pss_Anon": 25288,
              "Pss_Dirty": 25288,
              "Pss_File": 2637,
              "Pss_Shmem": 0,
              "Referenced": 38120,
              "Rss": 38120,
              "Shared_Clean": 12640,
              "Shared_Dirty": 0,
              "Shared_Hugetlb": 0,
              "ShmemPmdMapped": 0,
              "Swap": 0,
              "SwapPss": 0
            },
            "start_ticks": 296089055
          },
          {
            "pid": 881165,
            "rollup_kib": {
              "AnonHugePages": 0,
              "Anonymous": 96,
              "FilePmdMapped": 0,
              "KSM": 0,
              "LazyFree": 0,
              "Locked": 0,
              "Private_Clean": 24,
              "Private_Dirty": 96,
              "Private_Hugetlb": 0,
              "Pss": 178,
              "Pss_Anon": 96,
              "Pss_Dirty": 96,
              "Pss_File": 82,
              "Pss_Shmem": 0,
              "Referenced": 1828,
              "Rss": 1828,
              "Shared_Clean": 1708,
              "Shared_Dirty": 0,
              "Shared_Hugetlb": 0,
              "ShmemPmdMapped": 0,
              "Swap": 0,
              "SwapPss": 0
            },
            "start_ticks": 296090414
          },
          {
            "pid": 881166,
            "rollup_kib": {
              "AnonHugePages": 18432,
              "Anonymous": 4346748,
              "FilePmdMapped": 0,
              "KSM": 0,
              "LazyFree": 0,
              "Locked": 0,
              "Private_Clean": 0,
              "Private_Dirty": 4347196,
              "Private_Hugetlb": 0,
              "Pss": 4347635,
              "Pss_Anon": 4346748,
              "Pss_Dirty": 4347196,
              "Pss_File": 887,
              "Pss_Shmem": 0,
              "Referenced": 4351496,
              "Rss": 4351496,
              "Shared_Clean": 4300,
              "Shared_Dirty": 0,
              "Shared_Hugetlb": 0,
              "ShmemPmdMapped": 0,
              "Swap": 0,
              "SwapPss": 0
            },
            "start_ticks": 296090414
          }
        ],
        "reason": "rss_growth",
        "tree_rss_kib": 4385384
      },
      {
        "elapsed_s": 19.2604,
        "processes": [
          {
            "pid": 878629,
            "rollup_kib": {
              "AnonHugePages": 0,
              "Anonymous": 25288,
              "FilePmdMapped": 0,
              "KSM": 0,
              "LazyFree": 0,
              "Locked": 0,
              "Private_Clean": 20,
              "Private_Dirty": 25288,
              "Private_Hugetlb": 0,
              "Pss": 27325,
              "Pss_Anon": 25288,
              "Pss_Dirty": 25288,
              "Pss_File": 2037,
              "Pss_Shmem": 0,
              "Referenced": 38120,
              "Rss": 38120,
              "Shared_Clean": 12812,
              "Shared_Dirty": 0,
              "Shared_Hugetlb": 0,
              "ShmemPmdMapped": 0,
              "Swap": 0,
              "SwapPss": 0
            },
            "start_ticks": 296089055
          },
          {
            "pid": 881165,
            "rollup_kib": {
              "AnonHugePages": 0,
              "Anonymous": 96,
              "FilePmdMapped": 0,
              "KSM": 0,
              "LazyFree": 0,
              "Locked": 0,
              "Private_Clean": 24,
              "Private_Dirty": 96,
              "Private_Hugetlb": 0,
              "Pss": 174,
              "Pss_Anon": 96,
              "Pss_Dirty": 96,
              "Pss_File": 78,
              "Pss_Shmem": 0,
              "Referenced": 1828,
              "Rss": 1828,
              "Shared_Clean": 1708,
              "Shared_Dirty": 0,
              "Shared_Hugetlb": 0,
              "ShmemPmdMapped": 0,
              "Swap": 0,
              "SwapPss": 0
            },
            "start_ticks": 296090414
          },
          {
            "pid": 881166,
            "rollup_kib": {
              "AnonHugePages": 18432,
              "Anonymous": 4610268,
              "FilePmdMapped": 0,
              "KSM": 0,
              "LazyFree": 0,
              "Locked": 0,
              "Private_Clean": 0,
              "Private_Dirty": 4610716,
              "Private_Hugetlb": 0,
              "Pss": 4611137,
              "Pss_Anon": 4610268,
              "Pss_Dirty": 4610716,
              "Pss_File": 869,
              "Pss_Shmem": 0,
              "Referenced": 4615016,
              "Rss": 4615016,
              "Shared_Clean": 4300,
              "Shared_Dirty": 0,
              "Shared_Hugetlb": 0,
              "ShmemPmdMapped": 0,
              "Swap": 0,
              "SwapPss": 0
            },
            "start_ticks": 296090414
          }
        ],
        "reason": "rss_growth",
        "tree_rss_kib": 4651836
      },
      {
        "elapsed_s": 23.4206,
        "processes": [
          {
            "pid": 878629,
            "rollup_kib": {
              "AnonHugePages": 0,
              "Anonymous": 25288,
              "FilePmdMapped": 0,
              "KSM": 0,
              "LazyFree": 0,
              "Locked": 0,
              "Private_Clean": 192,
              "Private_Dirty": 25288,
              "Private_Hugetlb": 0,
              "Pss": 27925,
              "Pss_Anon": 25288,
              "Pss_Dirty": 25288,
              "Pss_File": 2637,
              "Pss_Shmem": 0,
              "Referenced": 38120,
              "Rss": 38120,
              "Shared_Clean": 12640,
              "Shared_Dirty": 0,
              "Shared_Hugetlb": 0,
              "ShmemPmdMapped": 0,
              "Swap": 0,
              "SwapPss": 0
            },
            "start_ticks": 296089055
          },
          {
            "pid": 881165,
            "rollup_kib": {
              "AnonHugePages": 0,
              "Anonymous": 96,
              "FilePmdMapped": 0,
              "KSM": 0,
              "LazyFree": 0,
              "Locked": 0,
              "Private_Clean": 24,
              "Private_Dirty": 96,
              "Private_Hugetlb": 0,
              "Pss": 178,
              "Pss_Anon": 96,
              "Pss_Dirty": 96,
              "Pss_File": 82,
              "Pss_Shmem": 0,
              "Referenced": 1828,
              "Rss": 1828,
              "Shared_Clean": 1708,
              "Shared_Dirty": 0,
              "Shared_Hugetlb": 0,
              "ShmemPmdMapped": 0,
              "Swap": 0,
              "SwapPss": 0
            },
            "start_ticks": 296090414
          },
          {
            "pid": 881166,
            "rollup_kib": {
              "AnonHugePages": 18432,
              "Anonymous": 4941788,
              "FilePmdMapped": 0,
              "KSM": 0,
              "LazyFree": 0,
              "Locked": 0,
              "Private_Clean": 0,
              "Private_Dirty": 4942264,
              "Private_Hugetlb": 0,
              "Pss": 4942707,
              "Pss_Anon": 4941788,
              "Pss_Dirty": 4942264,
              "Pss_File": 919,
              "Pss_Shmem": 0,
              "Referenced": 4946564,
              "Rss": 4946564,
              "Shared_Clean": 4300,
              "Shared_Dirty": 0,
              "Shared_Hugetlb": 0,
              "ShmemPmdMapped": 0,
              "Swap": 0,
              "SwapPss": 0
            },
            "start_ticks": 296090414
          }
        ],
        "reason": "rss_growth",
        "tree_rss_kib": 4986472
      },
      {
        "elapsed_s": 26.0177,
        "processes": [
          {
            "pid": 878629,
            "rollup_kib": {
              "AnonHugePages": 0,
              "Anonymous": 25288,
              "FilePmdMapped": 0,
              "KSM": 0,
              "LazyFree": 0,
              "Locked": 0,
              "Private_Clean": 192,
              "Private_Dirty": 25288,
              "Private_Hugetlb": 0,
              "Pss": 27925,
              "Pss_Anon": 25288,
              "Pss_Dirty": 25288,
              "Pss_File": 2637,
              "Pss_Shmem": 0,
              "Referenced": 38120,
              "Rss": 38120,
              "Shared_Clean": 12640,
              "Shared_Dirty": 0,
              "Shared_Hugetlb": 0,
              "ShmemPmdMapped": 0,
              "Swap": 0,
              "SwapPss": 0
            },
            "start_ticks": 296089055
          },
          {
            "pid": 881165,
            "rollup_kib": {
              "AnonHugePages": 0,
              "Anonymous": 96,
              "FilePmdMapped": 0,
              "KSM": 0,
              "LazyFree": 0,
              "Locked": 0,
              "Private_Clean": 24,
              "Private_Dirty": 96,
              "Private_Hugetlb": 0,
              "Pss": 178,
              "Pss_Anon": 96,
              "Pss_Dirty": 96,
              "Pss_File": 82,
              "Pss_Shmem": 0,
              "Referenced": 1828,
              "Rss": 1828,
              "Shared_Clean": 1708,
              "Shared_Dirty": 0,
              "Shared_Hugetlb": 0,
              "ShmemPmdMapped": 0,
              "Swap": 0,
              "SwapPss": 0
            },
            "start_ticks": 296090414
          },
          {
            "pid": 881166,
            "rollup_kib": {
              "AnonHugePages": 18432,
              "Anonymous": 5245704,
              "FilePmdMapped": 0,
              "KSM": 0,
              "LazyFree": 0,
              "Locked": 0,
              "Private_Clean": 0,
              "Private_Dirty": 5246488,
              "Private_Hugetlb": 0,
              "Pss": 5246926,
              "Pss_Anon": 5245704,
              "Pss_Dirty": 5246488,
              "Pss_File": 1222,
              "Pss_Shmem": 0,
              "Referenced": 5250788,
              "Rss": 5250788,
              "Shared_Clean": 4300,
              "Shared_Dirty": 0,
              "Shared_Hugetlb": 0,
              "ShmemPmdMapped": 0,
              "Swap": 0,
              "SwapPss": 0
            },
            "start_ticks": 296090414
          }
        ],
        "reason": "rss_growth",
        "tree_rss_kib": 5290556
      },
      {
        "elapsed_s": 34.1677,
        "processes": [
          {
            "pid": 878629,
            "rollup_kib": {
              "AnonHugePages": 0,
              "Anonymous": 25288,
              "FilePmdMapped": 0,
              "KSM": 0,
              "LazyFree": 0,
              "Locked": 0,
              "Private_Clean": 192,
              "Private_Dirty": 25288,
              "Private_Hugetlb": 0,
              "Pss": 27926,
              "Pss_Anon": 25288,
              "Pss_Dirty": 25288,
              "Pss_File": 2638,
              "Pss_Shmem": 0,
              "Referenced": 38120,
              "Rss": 38120,
              "Shared_Clean": 12640,
              "Shared_Dirty": 0,
              "Shared_Hugetlb": 0,
              "ShmemPmdMapped": 0,
              "Swap": 0,
              "SwapPss": 0
            },
            "start_ticks": 296089055
          },
          {
            "pid": 881165,
            "rollup_kib": {
              "AnonHugePages": 0,
              "Anonymous": 96,
              "FilePmdMapped": 0,
              "KSM": 0,
              "LazyFree": 0,
              "Locked": 0,
              "Private_Clean": 24,
              "Private_Dirty": 96,
              "Private_Hugetlb": 0,
              "Pss": 176,
              "Pss_Anon": 96,
              "Pss_Dirty": 96,
              "Pss_File": 80,
              "Pss_Shmem": 0,
              "Referenced": 1828,
              "Rss": 1828,
              "Shared_Clean": 1708,
              "Shared_Dirty": 0,
              "Shared_Hugetlb": 0,
              "ShmemPmdMapped": 0,
              "Swap": 0,
              "SwapPss": 0
            },
            "start_ticks": 296090414
          },
          {
            "pid": 881166,
            "rollup_kib": {
              "AnonHugePages": 18432,
              "Anonymous": 5515500,
              "FilePmdMapped": 0,
              "KSM": 0,
              "LazyFree": 0,
              "Locked": 0,
              "Private_Clean": 4,
              "Private_Dirty": 5517192,
              "Private_Hugetlb": 0,
              "Pss": 5517636,
              "Pss_Anon": 5515500,
              "Pss_Dirty": 5517192,
              "Pss_File": 2136,
              "Pss_Shmem": 0,
              "Referenced": 5521496,
              "Rss": 5521496,
              "Shared_Clean": 4300,
              "Shared_Dirty": 0,
              "Shared_Hugetlb": 0,
              "ShmemPmdMapped": 0,
              "Swap": 0,
              "SwapPss": 0
            },
            "start_ticks": 296090414
          }
        ],
        "reason": "rss_growth",
        "tree_rss_kib": 5561208
      },
      {
        "elapsed_s": 104.7397,
        "processes": [
          {
            "pid": 878629,
            "rollup_kib": {
              "AnonHugePages": 0,
              "Anonymous": 25288,
              "FilePmdMapped": 0,
              "KSM": 0,
              "LazyFree": 0,
              "Locked": 0,
              "Private_Clean": 188,
              "Private_Dirty": 25288,
              "Private_Hugetlb": 0,
              "Pss": 27109,
              "Pss_Anon": 25288,
              "Pss_Dirty": 25288,
              "Pss_File": 1821,
              "Pss_Shmem": 0,
              "Referenced": 38120,
              "Rss": 38120,
              "Shared_Clean": 12644,
              "Shared_Dirty": 0,
              "Shared_Hugetlb": 0,
              "ShmemPmdMapped": 0,
              "Swap": 0,
              "SwapPss": 0
            },
            "start_ticks": 296089055
          },
          {
            "pid": 881165,
            "rollup_kib": {
              "AnonHugePages": 0,
              "Anonymous": 96,
              "FilePmdMapped": 0,
              "KSM": 0,
              "LazyFree": 0,
              "Locked": 0,
              "Private_Clean": 24,
              "Private_Dirty": 96,
              "Private_Hugetlb": 0,
              "Pss": 172,
              "Pss_Anon": 96,
              "Pss_Dirty": 96,
              "Pss_File": 76,
              "Pss_Shmem": 0,
              "Referenced": 1828,
              "Rss": 1828,
              "Shared_Clean": 1708,
              "Shared_Dirty": 0,
              "Shared_Hugetlb": 0,
              "ShmemPmdMapped": 0,
              "Swap": 0,
              "SwapPss": 0
            },
            "start_ticks": 296090414
          },
          {
            "pid": 881166,
            "rollup_kib": {
              "AnonHugePages": 18432,
              "Anonymous": 5769020,
              "FilePmdMapped": 0,
              "KSM": 0,
              "LazyFree": 0,
              "Locked": 0,
              "Private_Clean": 804,
              "Private_Dirty": 5778684,
              "Private_Hugetlb": 0,
              "Pss": 5779913,
              "Pss_Anon": 5769020,
              "Pss_Dirty": 5778684,
              "Pss_File": 10893,
              "Pss_Shmem": 0,
              "Referenced": 5783788,
              "Rss": 5783788,
              "Shared_Clean": 4300,
              "Shared_Dirty": 0,
              "Shared_Hugetlb": 0,
              "ShmemPmdMapped": 0,
              "Swap": 0,
              "SwapPss": 0
            },
            "start_ticks": 296090414
          }
        ],
        "reason": "rss_growth",
        "tree_rss_kib": 5823720
      },
      {
        "elapsed_s": 1858.3437,
        "processes": [],
        "reason": "terminal",
        "tree_rss_kib": 0
      }
    ],
    "status": "complete",
    "temporary_disk_limit_bytes": 24000000000,
    "wall_time_limit_seconds": null
  }
}
