{"command": ["/tmp/gamma-architecture-tests/bin/python", "/home/x/deco/gamma/projects/enwiki9/tools/run_with_resource_guard_v3.py", "--limit-kib", "9765624", "--official-decimal-limit-kib", "9765624", "--limit-mode", "tree", "--cgroup-path", "/sys/fs/cgroup/user.slice/user-1000.slice/user@1000.service/app.slice/gamma-enwiki9-20260920T135211Z_9ec3228a93", "--cgroup-memory-max-bytes", "9999998976", "--temporary-disk-limit-bytes", "16000000000", "--phase-marker-path", "/home/x/deco/gamma/projects/enwiki9/run_logs/adaptive/20260920T135211Z_9ec3228a93.resources/phases.jsonl", "--max-logical-cpus", "1", "--guard-json", "/home/x/deco/gamma/projects/enwiki9/run_logs/adaptive/20260920T135211Z_9ec3228a93.resources/guard.json", "--label", "20260920T135211Z_9ec3228a93", "--phase", "diagnostic", "--scratch-path", "/home/x/deco/gamma/projects/enwiki9/results/fx2_relational_binding250k_q0_v2", "--scratch-path", "/home/x/deco/gamma/projects/enwiki9/run_logs/adaptive/20260920T135211Z_9ec3228a93.log", "--scratch-path", "/home/x/deco/gamma/projects/enwiki9/run_logs/adaptive/20260920T135211Z_9ec3228a93.resources", "--scratch-path", "/tmp/gamma-enwiki9-20260920T135211Z_9ec3228a93-ffk8l3kl/fx2_relational_binding250k_q0_v2", "--", "/usr/bin/taskset", "--cpu-list", "2", "/bin/sh", "-c", "printf '%s\\n' '{\"phase\":\"diagnostic\",\"event\":\"worker_start\",\"detail\":\"operational envelope only; no codec phase credit\"}' >> \"$GAMMA_RESOURCE_PHASE_MARKERS\" || exit 125; exec \"$@\"", "enwiki9-discovery-envelope", "/tmp/gamma-architecture-tests/bin/python", "/home/x/deco/gamma/projects/enwiki9/tools/fx2_relational_binding_v2.py", "--root", "/home/x/deco/gamma/projects/enwiki9", "--output", "/home/x/deco/gamma/projects/enwiki9/results/fx2_relational_binding250k_q0_v2", "--experiment", "/home/x/deco/gamma/projects/enwiki9/operations/adaptive/experiments/fx2_relational_binding250k_q0_v2.json", "--closure", "/home/x/deco/gamma/projects/enwiki9/operations/provenance/fx2_relational_binding250k_q0_v2_closure.json", "--plan", "/home/x/deco/gamma/projects/enwiki9/operations/provenance/fx2_relational_binding250k_q0_v2_plan.json"], "job": {"candidate_id": "fx2_relational_binding250k_q0_v2", "candidate_revision": {"path": "operations/adaptive/candidate-revisions/fx2_relational_binding250k_q0_v2/20260920T135211194411Z_eb50554d6ce3.json", "sha256": "sha256:a87fc354b45ccf4f43c5951b64ea5fda3b6846726c9de0deee68ed7b923f4698"}, "candidate_tree_sha256": "sha256:eb50554d6ce328865519eb9d89988342c2ba410db09ca3916332cf610e4c75ed", "execution_guard": {"path": "tools/run_with_resource_guard_v3.py", "sha256": "sha256:044147f7ffe6922ea8dafd52fc3d4426077b20958adbcd421245ad41adcfc1e4"}, "execution_mode": "discovery", "execution_resources": {"boot_id": "3ce46712-27bc-4199-8e48-e2b3d23926cb", "budget": {"cgroup_parent": "/sys/fs/cgroup/user.slice/user-1000.slice/user@1000.service/app.slice", "cpus": [2], "memory_bytes": 9999998976, "scratch_bytes": 16000000000, "swap_bytes": 0, "wall_seconds": 7200}, "cgroup_inode": 383096, "cgroup_path": "/sys/fs/cgroup/user.slice/user-1000.slice/user@1000.service/app.slice/gamma-enwiki9-20260920T135211Z_9ec3228a93", "cpu_enforcement": "taskset-and-sampled-affinity-guard", "groups": [{"created": true, "inode": 383096, "kernel_cpuset": false, "memory_bytes": 9999998976, "path": "/sys/fs/cgroup/user.slice/user-1000.slice/user@1000.service/app.slice/gamma-enwiki9-20260920T135211Z_9ec3228a93"}], "guard_command_sha256": "f02d81908a7872bf536211931c99f5a5cf2d96f0bdda1c84eb7aa98cdabe69d8", "guard_path": "run_logs/adaptive/20260920T135211Z_9ec3228a93.resources/guard.json", "missing_diagnostics": ["kernel cpuset controller is not delegated; taskset assignment and existing affinity guard remain active"], "timing_authority": "diagnostic"}, "experiment": {"path": "operations/adaptive/experiments/fx2_relational_binding250k_q0_v2.json", "sha256": "sha256:4acc7518d7d3c997083b931ba56e9a443860cabce3a544ac1f3daba048a046c9"}, "gate_size": 1500000, "job_id": "20260920T135211Z_9ec3228a93", "priority": 40, "proposal": {"path": "operations/adaptive/proposals/developed/939_fx2_relational_binding250k_q0_v2.json", "sha256": "sha256:7a2f188a88c494513424422502e2816159aa799169fc1eac5347b380c8253d68"}, "proposal_id": "fx2_relational_binding250k_q0_v2", "purpose": "diagnostic", "resource_budget": {"cgroup_parent": "/sys/fs/cgroup/user.slice/user-1000.slice/user@1000.service/app.slice", "cpus": [2], "memory_bytes": 9999998976, "scratch_bytes": 16000000000, "swap_bytes": 0, "wall_seconds": 7200}, "runner": {"path": "tools/fx2_relational_binding_v2.py", "sha256": "sha256:6359a15b75f96342ab1971a88a70c4e7e4b7ad53468a94e771eefba9c7ffe73b"}, "schema": "gamma.enwiki9.adaptive-job.v3", "scratch_directories": ["results/fx2_relational_binding250k_q0_v2"], "started_at": "2026-09-20T13:54:44+00:00", "state": "running", "submitted_at": "2026-09-20T13:52:11+00:00", "tags": [], "timing_authority": "diagnostic", "tool": "tools/fx2_relational_binding_v2.py", "tool_args": ["--root", "/home/x/deco/gamma/projects/enwiki9", "--output", "/home/x/deco/gamma/projects/enwiki9/results/fx2_relational_binding250k_q0_v2", "--experiment", "/home/x/deco/gamma/projects/enwiki9/operations/adaptive/experiments/fx2_relational_binding250k_q0_v2.json", "--closure", "/home/x/deco/gamma/projects/enwiki9/operations/provenance/fx2_relational_binding250k_q0_v2_closure.json", "--plan", "/home/x/deco/gamma/projects/enwiki9/operations/provenance/fx2_relational_binding250k_q0_v2_plan.json"]}}
{"phase": "build", "elapsed_seconds": 14.758697947021574}
{"phase": "clean", "elapsed_seconds": 0.013958504423499107}
{"phase": "build-repeat", "elapsed_seconds": 14.776894412003458}
{"phase": "development-original", "elapsed_seconds": 42.54700592998415}
{"phase": "development-P-encode", "elapsed_seconds": 39.78409790387377}
{"phase": "development-P-decode", "elapsed_seconds": 37.070077809970826}
{"phase": "development-P-repeat", "elapsed_seconds": 36.74994164099917}
{"phase": "development-K-encode", "elapsed_seconds": 36.817461238242686}
{"phase": "development-K-decode", "elapsed_seconds": 36.81063318019733}
{"phase": "development-K-repeat", "elapsed_seconds": 38.11791513487697}
{"phase": "development-I-encode", "elapsed_seconds": 38.76364192692563}
{"phase": "development-I-decode", "elapsed_seconds": 40.221887613181025}
{"phase": "development-I-repeat", "elapsed_seconds": 41.97195098688826}
{"phase": "development-S-encode", "elapsed_seconds": 39.93115398194641}
{"phase": "development-S-decode", "elapsed_seconds": 40.690720051992685}
{"phase": "development-S-repeat", "elapsed_seconds": 40.13966148393229}
{"phase": "development-W-encode", "elapsed_seconds": 40.79227672377601}
{"phase": "development-W-decode", "elapsed_seconds": 41.40535186091438}
{"phase": "development-W-repeat", "elapsed_seconds": 45.51167277712375}
{"phase": "validation-original", "elapsed_seconds": 50.927418186329305}
{"phase": "validation-P-encode", "elapsed_seconds": 45.20823643915355}
{"phase": "validation-P-decode", "elapsed_seconds": 45.12160844029859}
{"phase": "validation-P-repeat", "elapsed_seconds": 47.35536488192156}
{"phase": "validation-K-encode", "elapsed_seconds": 47.369531294796616}
{"phase": "validation-K-decode", "elapsed_seconds": 46.95263246120885}
{"phase": "validation-K-repeat", "elapsed_seconds": 48.206645247060806}
{"phase": "validation-I-encode", "elapsed_seconds": 48.09738271264359}
{"phase": "validation-I-decode", "elapsed_seconds": 52.360158239956945}
{"phase": "validation-I-repeat", "elapsed_seconds": 44.186393002048135}
{"phase": "validation-S-encode", "elapsed_seconds": 43.252051170915365}
{"phase": "validation-S-decode", "elapsed_seconds": 43.24815388722345}
{"phase": "validation-S-repeat", "elapsed_seconds": 43.45314219407737}
{"phase": "validation-W-encode", "elapsed_seconds": 43.16206493927166}
{"phase": "validation-W-decode", "elapsed_seconds": 43.04372672177851}
{"phase": "validation-W-repeat", "elapsed_seconds": 43.09455019282177}
{"phase": "confirmation-original", "elapsed_seconds": 140.3199123730883}
{"phase": "confirmation-P-encode", "elapsed_seconds": 151.10679457336664}
{"phase": "confirmation-P-decode", "elapsed_seconds": 149.98977721529081}
{"phase": "confirmation-P-repeat", "elapsed_seconds": 149.3167498409748}
{"phase": "confirmation-K-encode", "elapsed_seconds": 138.55570127582178}
{"phase": "confirmation-K-decode", "elapsed_seconds": 137.46299636922777}
{"phase": "confirmation-K-repeat", "elapsed_seconds": 137.99559021182358}
{"phase": "confirmation-I-encode", "elapsed_seconds": 126.81747789634392}
{"phase": "confirmation-I-decode", "elapsed_seconds": 128.48932260321453}
{"phase": "confirmation-I-repeat", "elapsed_seconds": 151.34198749437928}
{"phase": "confirmation-S-encode", "elapsed_seconds": 158.72530470089987}
{"phase": "confirmation-S-decode", "elapsed_seconds": 145.93972268002108}
{"phase": "confirmation-S-repeat", "elapsed_seconds": 140.7723756218329}
{"phase": "confirmation-W-encode", "elapsed_seconds": 148.85360487597063}
{"phase": "confirmation-W-decode", "elapsed_seconds": 149.5599242770113}
{"phase": "confirmation-W-repeat", "elapsed_seconds": 135.42804667493328}
{"mechanism_supported": false}
{
  "resource_guard": {
    "cgroup": {
      "inode": 383096,
      "joined_before_exec": true,
      "memory_max_bytes": 9999998976,
      "memory_max_rounding_bytes": 0,
      "memory_peak_reset": true,
      "path": "/sys/fs/cgroup/user.slice/user-1000.slice/user@1000.service/app.slice/gamma-enwiki9-20260920T135211Z_9ec3228a93",
      "previous_memory_max": "9999998976",
      "requested_memory_max_bytes": 9999998976
    },
    "cgroup_events": {
      "baseline": {
        "high": 0,
        "low": 0,
        "max": 0,
        "oom": 0,
        "oom_group_kill": 0,
        "oom_kill": 0,
        "sock_throttled": 0
      },
      "delta": {
        "high": 0,
        "low": 0,
        "max": 0,
        "oom": 0,
        "oom_group_kill": 0,
        "oom_kill": 0,
        "sock_throttled": 0
      },
      "final": {
        "high": 0,
        "low": 0,
        "max": 0,
        "oom": 0,
        "oom_group_kill": 0,
        "oom_kill": 0,
        "sock_throttled": 0
      }
    },
    "command": [
      "/usr/bin/taskset",
      "--cpu-list",
      "2",
      "/bin/sh",
      "-c",
      "printf '%s\\n' '{\"phase\":\"diagnostic\",\"event\":\"worker_start\",\"detail\":\"operational envelope only; no codec phase credit\"}' >> \"$GAMMA_RESOURCE_PHASE_MARKERS\" || exit 125; exec \"$@\"",
      "enwiki9-discovery-envelope",
      "/tmp/gamma-architecture-tests/bin/python",
      "/home/x/deco/gamma/projects/enwiki9/tools/fx2_relational_binding_v2.py",
      "--root",
      "/home/x/deco/gamma/projects/enwiki9",
      "--output",
      "/home/x/deco/gamma/projects/enwiki9/results/fx2_relational_binding250k_q0_v2",
      "--experiment",
      "/home/x/deco/gamma/projects/enwiki9/operations/adaptive/experiments/fx2_relational_binding250k_q0_v2.json",
      "--closure",
      "/home/x/deco/gamma/projects/enwiki9/operations/provenance/fx2_relational_binding250k_q0_v2_closure.json",
      "--plan",
      "/home/x/deco/gamma/projects/enwiki9/operations/provenance/fx2_relational_binding250k_q0_v2_plan.json"
    ],
    "command_sha256": "cb74ce7c17232b4b426dfcde58d6cb2269cbafcb864da30bc9c8068e430ecc83",
    "elapsed_s": 3694.9232,
    "geekbench5_single_core_score": null,
    "guards": {
      "cgroup_memory_guard_exceeded": false,
      "logical_cpu_guard_exceeded": false,
      "measurement_incomplete": false,
      "official_decimal_memory_exceeded": false,
      "phase_marker_invalid": false,
      "rss_guard_exceeded": false,
      "temporary_disk_guard_exceeded": false,
      "wall_time_guard_exceeded": false
    },
    "label": "20260920T135211Z_9ec3228a93",
    "latest_sample": {
      "allowed_cpu_union": [],
      "cgroup_current_bytes": 470241280,
      "elapsed_s": 3694.9193,
      "max_single_rss_kib": 0,
      "persistent_status_misses": [],
      "processes": [],
      "scratch_allocated_bytes": 455213056,
      "scratch_file_count": 668,
      "scratch_logical_bytes": 453105479,
      "scratch_race_count": 0,
      "tree_live_threads": 0,
      "tree_rss_kib": 0,
      "tree_runnable_threads": 0
    },
    "limit_kib": 9765624,
    "limit_mode": "tree",
    "max_logical_cpus": 1,
    "measurements": {
      "affinity_complete": true,
      "cgroup_v2_complete": true,
      "per_process_vmhwm_sampled": true,
      "phase_markers_complete": true,
      "process_tree_rss_complete": true,
      "scratch_logical_and_allocated_complete": true,
      "smaps_rollup_complete": true
    },
    "objective": {
      "corpusBytes": 1000000000,
      "corpusSha256": "159b85351e5f76e60cbe32e04c677847a9ecba3adc79addab6f4c6c7aa3744bc",
      "objectiveDigest": "sha256:409b70547f901a3ac5fffd7fd7a1e1d77b05fb44d9e9d889be1337bd153706d7",
      "objectiveId": "gamma-enwiki9-hutter-96m-v4",
      "objectivePath": "contracts/research/v4/objective-contract.json",
      "targetScoreBytes": 96000000
    },
    "official_decimal_limit_kib": 9765624,
    "peak_process_vmhwm": {
      "comm": "cmix",
      "observed_elapsed_s": 2269.7262,
      "pid": 1739524,
      "start_ticks": 301075586,
      "vmhwm_kib": 5814200
    },
    "peak_sample": {
      "allowed_cpu_union": [
        2
      ],
      "cgroup_current_bytes": 6462730240,
      "elapsed_s": 3693.9022,
      "max_single_rss_kib": 5811024,
      "persistent_status_misses": [],
      "processes": [
        {
          "allowed_cpus": [
            2
          ],
          "comm": "python",
          "live_threads": 1,
          "pid": 1312607,
          "rss_kib": 45628,
          "runnable_threads": 0,
          "start_ticks": 300862310,
          "vmhwm_kib": 45628
        },
        {
          "allowed_cpus": [
            2
          ],
          "comm": "time",
          "live_threads": 1,
          "pid": 2059362,
          "rss_kib": 1828,
          "runnable_threads": 0,
          "start_ticks": 301218215,
          "vmhwm_kib": 1828
        },
        {
          "allowed_cpus": [
            2
          ],
          "comm": "cmix",
          "live_threads": 1,
          "pid": 2059363,
          "rss_kib": 5811024,
          "runnable_threads": 1,
          "start_ticks": 301218215,
          "vmhwm_kib": 5811024
        }
      ],
      "scratch_allocated_bytes": 470904832,
      "scratch_file_count": 664,
      "scratch_logical_bytes": 15133469865,
      "scratch_race_count": 0,
      "tree_live_threads": 3,
      "tree_rss_kib": 5858480,
      "tree_runnable_threads": 1
    },
    "peak_tree_sample": {
      "allowed_cpu_union": [
        2
      ],
      "cgroup_current_bytes": 6462730240,
      "elapsed_s": 3693.9022,
      "max_single_rss_kib": 5811024,
      "persistent_status_misses": [],
      "processes": [
        {
          "allowed_cpus": [
            2
          ],
          "comm": "python",
          "live_threads": 1,
          "pid": 1312607,
          "rss_kib": 45628,
          "runnable_threads": 0,
          "start_ticks": 300862310,
          "vmhwm_kib": 45628
        },
        {
          "allowed_cpus": [
            2
          ],
          "comm": "time",
          "live_threads": 1,
          "pid": 2059362,
          "rss_kib": 1828,
          "runnable_threads": 0,
          "start_ticks": 301218215,
          "vmhwm_kib": 1828
        },
        {
          "allowed_cpus": [
            2
          ],
          "comm": "cmix",
          "live_threads": 1,
          "pid": 2059363,
          "rss_kib": 5811024,
          "runnable_threads": 1,
          "start_ticks": 301218215,
          "vmhwm_kib": 5811024
        }
      ],
      "scratch_allocated_bytes": 470904832,
      "scratch_file_count": 664,
      "scratch_logical_bytes": 15133469865,
      "scratch_race_count": 0,
      "tree_live_threads": 3,
      "tree_rss_kib": 5858480,
      "tree_runnable_threads": 1
    },
    "peaks": {
      "cgroup_memory_peak_bytes": 6462992384,
      "max_observed_process_vmhwm_kib": 5814200,
      "max_sampled_allowed_cpu_count": 1,
      "max_sampled_cgroup_current_bytes": 6462730240,
      "max_sampled_scratch_allocated_bytes": 470904832,
      "max_sampled_scratch_logical_bytes": 15133469865,
      "max_sampled_single_rss_kib": 5811024,
      "max_sampled_tree_live_threads": 5,
      "max_sampled_tree_rss_kib": 5858480,
      "max_sampled_tree_runnable_threads": 2
    },
    "phase": "diagnostic",
    "phase_marker_path": "/home/x/deco/gamma/projects/enwiki9/run_logs/adaptive/20260920T135211Z_9ec3228a93.resources/phases.jsonl",
    "phase_markers": [
      {
        "detail": "operational envelope only; no codec phase credit",
        "event": "worker_start",
        "observed_elapsed_s": 0.0223,
        "phase": "diagnostic",
        "source_line": 1
      }
    ],
    "returncode": 0,
    "sample_count": 7294,
    "sample_interval_seconds": 0.5,
    "schema": "gamma.enwiki9.resource-guard-receipt.v3",
    "scratch_paths": [
      "/home/x/deco/gamma/projects/enwiki9/results/fx2_relational_binding250k_q0_v2",
      "/home/x/deco/gamma/projects/enwiki9/run_logs/adaptive/20260920T135211Z_9ec3228a93.log",
      "/home/x/deco/gamma/projects/enwiki9/run_logs/adaptive/20260920T135211Z_9ec3228a93.resources",
      "/tmp/gamma-enwiki9-20260920T135211Z_9ec3228a93-ffk8l3kl/fx2_relational_binding250k_q0_v2"
    ],
    "smaps_rollup_checkpoints": [
      {
        "elapsed_s": 0.0223,
        "processes": [
          {
            "pid": 1312607,
            "rollup_kib": {
              "AnonHugePages": 0,
              "Anonymous": 2068,
              "FilePmdMapped": 0,
              "KSM": 0,
              "LazyFree": 0,
              "Locked": 0,
              "Private_Clean": 32,
              "Private_Dirty": 2068,
              "Private_Hugetlb": 0,
              "Pss": 3233,
              "Pss_Anon": 2068,
              "Pss_Dirty": 2068,
              "Pss_File": 1165,
              "Pss_Shmem": 0,
              "Referenced": 7904,
              "Rss": 7904,
              "Shared_Clean": 5804,
              "Shared_Dirty": 0,
              "Shared_Hugetlb": 0,
              "ShmemPmdMapped": 0,
              "Swap": 0,
              "SwapPss": 0
            },
            "start_ticks": 300862310
          }
        ],
        "reason": "initial+phase_marker+rss_growth",
        "tree_rss_kib": 7904
      },
      {
        "elapsed_s": 4.5512,
        "processes": [
          {
            "pid": 1312607,
            "rollup_kib": {
              "AnonHugePages": 0,
              "Anonymous": 31916,
              "FilePmdMapped": 0,
              "KSM": 0,
              "LazyFree": 0,
              "Locked": 0,
              "Private_Clean": 92,
              "Private_Dirty": 31916,
              "Private_Hugetlb": 0,
              "Pss": 34326,
              "Pss_Anon": 31916,
              "Pss_Dirty": 31916,
              "Pss_File": 2410,
              "Pss_Shmem": 0,
              "Referenced": 44552,
              "Rss": 44552,
              "Shared_Clean": 12544,
              "Shared_Dirty": 0,
              "Shared_Hugetlb": 0,
              "ShmemPmdMapped": 0,
              "Swap": 0,
              "SwapPss": 0
            },
            "start_ticks": 300862310
          },
          {
            "pid": 1312744,
            "rollup_kib": {
              "AnonHugePages": 0,
              "Anonymous": 100,
              "FilePmdMapped": 0,
              "KSM": 0,
              "LazyFree": 0,
              "Locked": 0,
              "Private_Clean": 24,
              "Private_Dirty": 100,
              "Private_Hugetlb": 0,
              "Pss": 167,
              "Pss_Anon": 100,
              "Pss_Dirty": 100,
              "Pss_File": 67,
              "Pss_Shmem": 0,
              "Referenced": 1832,
              "Rss": 1832,
              "Shared_Clean": 1708,
              "Shared_Dirty": 0,
              "Shared_Hugetlb": 0,
              "ShmemPmdMapped": 0,
              "Swap": 0,
              "SwapPss": 0
            },
            "start_ticks": 300862359
          },
          {
            "pid": 1312745,
            "rollup_kib": {
              "AnonHugePages": 0,
              "Anonymous": 388,
              "FilePmdMapped": 0,
              "KSM": 0,
              "LazyFree": 0,
              "Locked": 0,
              "Private_Clean": 276,
              "Private_Dirty": 388,
              "Private_Hugetlb": 0,
              "Pss": 716,
              "Pss_Anon": 388,
              "Pss_Dirty": 388,
              "Pss_File": 328,
              "Pss_Shmem": 0,
              "Referenced": 2628,
              "Rss": 2628,
              "Shared_Clean": 1964,
              "Shared_Dirty": 0,
              "Shared_Hugetlb": 0,
              "ShmemPmdMapped": 0,
              "Swap": 0,
              "SwapPss": 0
            },
            "start_ticks": 300862359
          },
          {
            "pid": 1312747,
            "rollup_kib": {
              "AnonHugePages": 0,
              "Anonymous": 324,
              "FilePmdMapped": 0,
              "KSM": 0,
              "LazyFree": 0,
              "Locked": 0,
              "Private_Clean": 1004,
              "Private_Dirty": 324,
              "Private_Hugetlb": 0,
              "Pss": 1378,
              "Pss_Anon": 324,
              "Pss_Dirty": 324,
              "Pss_File": 1054,
              "Pss_Shmem": 0,
              "Referenced": 3172,
              "Rss": 3172,
              "Shared_Clean": 1844,
              "Shared_Dirty": 0,
              "Shared_Hugetlb": 0,
              "ShmemPmdMapped": 0,
              "Swap": 0,
              "SwapPss": 0
            },
            "start_ticks": 300862359
          },
          {
            "pid": 1313734,
            "rollup_kib": {
              "AnonHugePages": 0,
              "Anonymous": 232104,
              "FilePmdMapped": 0,
              "KSM": 0,
              "LazyFree": 0,
              "Locked": 0,
              "Private_Clean": 18968,
              "Private_Dirty": 232104,
              "Private_Hugetlb": 0,
              "Pss": 251297,
              "Pss_Anon": 232104,
              "Pss_Dirty": 232104,
              "Pss_File": 19193,
              "Pss_Shmem": 0,
              "Referenced": 254080,
              "Rss": 254080,
              "Shared_Clean": 3008,
              "Shared_Dirty": 0,
              "Shared_Hugetlb": 0,
              "ShmemPmdMapped": 0,
              "Swap": 0,
              "SwapPss": 0
            },
            "start_ticks": 300862712
          }
        ],
        "reason": "rss_growth",
        "tree_rss_kib": 306264
      },
      {
        "elapsed_s": 30.7325,
        "processes": [
          {
            "pid": 1312607,
            "rollup_kib": {
              "AnonHugePages": 0,
              "Anonymous": 31916,
              "FilePmdMapped": 0,
              "KSM": 0,
              "LazyFree": 0,
              "Locked": 0,
              "Private_Clean": 88,
              "Private_Dirty": 31916,
              "Private_Hugetlb": 0,
              "Pss": 34319,
              "Pss_Anon": 31916,
              "Pss_Dirty": 31916,
              "Pss_File": 2403,
              "Pss_Shmem": 0,
              "Referenced": 44616,
              "Rss": 44616,
              "Shared_Clean": 12612,
              "Shared_Dirty": 0,
              "Shared_Hugetlb": 0,
              "ShmemPmdMapped": 0,
              "Swap": 0,
              "SwapPss": 0
            },
            "start_ticks": 300862310
          },
          {
            "pid": 1319638,
            "rollup_kib": {
              "AnonHugePages": 0,
              "Anonymous": 96,
              "FilePmdMapped": 0,
              "KSM": 0,
              "LazyFree": 0,
              "Locked": 0,
              "Private_Clean": 24,
              "Private_Dirty": 96,
              "Private_Hugetlb": 0,
              "Pss": 163,
              "Pss_Anon": 96,
              "Pss_Dirty": 96,
              "Pss_File": 67,
              "Pss_Shmem": 0,
              "Referenced": 1828,
              "Rss": 1828,
              "Shared_Clean": 1708,
              "Shared_Dirty": 0,
              "Shared_Hugetlb": 0,
              "ShmemPmdMapped": 0,
              "Swap": 0,
              "SwapPss": 0
            },
            "start_ticks": 300865322
          },
          {
            "pid": 1319639,
            "rollup_kib": {
              "AnonHugePages": 18432,
              "Anonymous": 1852972,
              "FilePmdMapped": 0,
              "KSM": 0,
              "LazyFree": 0,
              "Locked": 0,
              "Private_Clean": 40,
              "Private_Dirty": 1853400,
              "Private_Hugetlb": 0,
              "Pss": 1853731,
              "Pss_Anon": 1852972,
              "Pss_Dirty": 1853400,
              "Pss_File": 759,
              "Pss_Shmem": 0,
              "Referenced": 1857740,
              "Rss": 1857740,
              "Shared_Clean": 4300,
              "Shared_Dirty": 0,
              "Shared_Hugetlb": 0,
              "ShmemPmdMapped": 0,
              "Swap": 0,
              "SwapPss": 0
            },
            "start_ticks": 300865322
          }
        ],
        "reason": "rss_growth",
        "tree_rss_kib": 1888976
      },
      {
        "elapsed_s": 31.2993,
        "processes": [
          {
            "pid": 1312607,
            "rollup_kib": {
              "AnonHugePages": 0,
              "Anonymous": 31916,
              "FilePmdMapped": 0,
              "KSM": 0,
              "LazyFree": 0,
              "Locked": 0,
              "Private_Clean": 88,
              "Private_Dirty": 31916,
              "Private_Hugetlb": 0,
              "Pss": 34263,
              "Pss_Anon": 31916,
              "Pss_Dirty": 31916,
              "Pss_File": 2347,
              "Pss_Shmem": 0,
              "Referenced": 44616,
              "Rss": 44616,
              "Shared_Clean": 12612,
              "Shared_Dirty": 0,
              "Shared_Hugetlb": 0,
              "ShmemPmdMapped": 0,
              "Swap": 0,
              "SwapPss": 0
            },
            "start_ticks": 300862310
          },
          {
            "pid": 1319638,
            "rollup_kib": {
              "AnonHugePages": 0,
              "Anonymous": 96,
              "FilePmdMapped": 0,
              "KSM": 0,
              "LazyFree": 0,
              "Locked": 0,
              "Private_Clean": 24,
              "Private_Dirty": 96,
              "Private_Hugetlb": 0,
              "Pss": 157,
              "Pss_Anon": 96,
              "Pss_Dirty": 96,
              "Pss_File": 61,
              "Pss_Shmem": 0,
              "Referenced": 1828,
              "Rss": 1828,
              "Shared_Clean": 1708,
              "Shared_Dirty": 0,
              "Shared_Hugetlb": 0,
              "ShmemPmdMapped": 0,
              "Swap": 0,
              "SwapPss": 0
            },
            "start_ticks": 300865322
          },
          {
            "pid": 1319639,
            "rollup_kib": {
              "AnonHugePages": 18432,
              "Anonymous": 2733600,
              "FilePmdMapped": 0,
              "KSM": 0,
              "LazyFree": 0,
              "Locked": 0,
              "Private_Clean": 460,
              "Private_Dirty": 2733608,
              "Private_Hugetlb": 0,
              "Pss": 2734283,
              "Pss_Anon": 2733600,
              "Pss_Dirty": 2733608,
              "Pss_File": 683,
              "Pss_Shmem": 0,
              "Referenced": 2738368,
              "Rss": 2738368,
              "Shared_Clean": 4300,
              "Shared_Dirty": 0,
              "Shared_Hugetlb": 0,
              "ShmemPmdMapped": 0,
              "Swap": 0,
              "SwapPss": 0
            },
            "start_ticks": 300865322
          }
        ],
        "reason": "rss_growth",
        "tree_rss_kib": 2768320
      },
      {
        "elapsed_s": 31.8979,
        "processes": [
          {
            "pid": 1312607,
            "rollup_kib": {
              "AnonHugePages": 0,
              "Anonymous": 31916,
              "FilePmdMapped": 0,
              "KSM": 0,
              "LazyFree": 0,
              "Locked": 0,
              "Private_Clean": 88,
              "Private_Dirty": 31916,
              "Private_Hugetlb": 0,
              "Pss": 34233,
              "Pss_Anon": 31916,
              "Pss_Dirty": 31916,
              "Pss_File": 2317,
              "Pss_Shmem": 0,
              "Referenced": 44616,
              "Rss": 44616,
              "Shared_Clean": 12612,
              "Shared_Dirty": 0,
              "Shared_Hugetlb": 0,
              "ShmemPmdMapped": 0,
              "Swap": 0,
              "SwapPss": 0
            },
            "start_ticks": 300862310
          },
          {
            "pid": 1319638,
            "rollup_kib": {
              "AnonHugePages": 0,
              "Anonymous": 96,
              "FilePmdMapped": 0,
              "KSM": 0,
              "LazyFree": 0,
              "Locked": 0,
              "Private_Clean": 24,
              "Private_Dirty": 96,
              "Private_Hugetlb": 0,
              "Pss": 154,
              "Pss_Anon": 96,
              "Pss_Dirty": 96,
              "Pss_File": 58,
              "Pss_Shmem": 0,
              "Referenced": 1828,
              "Rss": 1828,
              "Shared_Clean": 1708,
              "Shared_Dirty": 0,
              "Shared_Hugetlb": 0,
              "ShmemPmdMapped": 0,
              "Swap": 0,
              "SwapPss": 0
            },
            "start_ticks": 300865322
          },
          {
            "pid": 1319639,
            "rollup_kib": {
              "AnonHugePages": 18432,
              "Anonymous": 3240564,
              "FilePmdMapped": 0,
              "KSM": 0,
              "LazyFree": 0,
              "Locked": 0,
              "Private_Clean": 460,
              "Private_Dirty": 3240572,
              "Private_Hugetlb": 0,
              "Pss": 3241244,
              "Pss_Anon": 3240564,
              "Pss_Dirty": 3240572,
              "Pss_File": 680,
              "Pss_Shmem": 0,
              "Referenced": 3245332,
              "Rss": 3245332,
              "Shared_Clean": 4300,
              "Shared_Dirty": 0,
              "Shared_Hugetlb": 0,
              "ShmemPmdMapped": 0,
              "Swap": 0,
              "SwapPss": 0
            },
            "start_ticks": 300865322
          }
        ],
        "reason": "rss_growth",
        "tree_rss_kib": 3276288
      },
      {
        "elapsed_s": 32.5092,
        "processes": [
          {
            "pid": 1312607,
            "rollup_kib": {
              "AnonHugePages": 0,
              "Anonymous": 31916,
              "FilePmdMapped": 0,
              "KSM": 0,
              "LazyFree": 0,
              "Locked": 0,
              "Private_Clean": 88,
              "Private_Dirty": 31916,
              "Private_Hugetlb": 0,
              "Pss": 34230,
              "Pss_Anon": 31916,
              "Pss_Dirty": 31916,
              "Pss_File": 2314,
              "Pss_Shmem": 0,
              "Referenced": 44616,
              "Rss": 44616,
              "Shared_Clean": 12612,
              "Shared_Dirty": 0,
              "Shared_Hugetlb": 0,
              "ShmemPmdMapped": 0,
              "Swap": 0,
              "SwapPss": 0
            },
            "start_ticks": 300862310
          },
          {
            "pid": 1319638,
            "rollup_kib": {
              "AnonHugePages": 0,
              "Anonymous": 96,
              "FilePmdMapped": 0,
              "KSM": 0,
              "LazyFree": 0,
              "Locked": 0,
              "Private_Clean": 24,
              "Private_Dirty": 96,
              "Private_Hugetlb": 0,
              "Pss": 154,
              "Pss_Anon": 96,
              "Pss_Dirty": 96,
              "Pss_File": 58,
              "Pss_Shmem": 0,
              "Referenced": 1828,
              "Rss": 1828,
              "Shared_Clean": 1708,
              "Shared_Dirty": 0,
              "Shared_Hugetlb": 0,
              "ShmemPmdMapped": 0,
              "Swap": 0,
              "SwapPss": 0
            },
            "start_ticks": 300865322
          },
          {
            "pid": 1319639,
            "rollup_kib": {
              "AnonHugePages": 18432,
              "Anonymous": 3607384,
              "FilePmdMapped": 0,
              "KSM": 0,
              "LazyFree": 0,
              "Locked": 0,
              "Private_Clean": 460,
              "Private_Dirty": 3607392,
              "Private_Hugetlb": 0,
              "Pss": 3608067,
              "Pss_Anon": 3607384,
              "Pss_Dirty": 3607392,
              "Pss_File": 683,
              "Pss_Shmem": 0,
              "Referenced": 3612152,
              "Rss": 3612152,
              "Shared_Clean": 4300,
              "Shared_Dirty": 0,
              "Shared_Hugetlb": 0,
              "ShmemPmdMapped": 0,
              "Swap": 0,
              "SwapPss": 0
            },
            "start_ticks": 300865322
          }
        ],
        "reason": "rss_growth",
        "tree_rss_kib": 3646368
      },
      {
        "elapsed_s": 33.1349,
        "processes": [
          {
            "pid": 1312607,
            "rollup_kib": {
              "AnonHugePages": 0,
              "Anonymous": 31916,
              "FilePmdMapped": 0,
              "KSM": 0,
              "LazyFree": 0,
              "Locked": 0,
              "Private_Clean": 88,
              "Private_Dirty": 31916,
              "Private_Hugetlb": 0,
              "Pss": 34230,
              "Pss_Anon": 31916,
              "Pss_Dirty": 31916,
              "Pss_File": 2314,
              "Pss_Shmem": 0,
              "Referenced": 44616,
              "Rss": 44616,
              "Shared_Clean": 12612,
              "Shared_Dirty": 0,
              "Shared_Hugetlb": 0,
              "ShmemPmdMapped": 0,
              "Swap": 0,
              "SwapPss": 0
            },
            "start_ticks": 300862310
          },
          {
            "pid": 1319638,
            "rollup_kib": {
              "AnonHugePages": 0,
              "Anonymous": 96,
              "FilePmdMapped": 0,
              "KSM": 0,
              "LazyFree": 0,
              "Locked": 0,
              "Private_Clean": 24,
              "Private_Dirty": 96,
              "Private_Hugetlb": 0,
              "Pss": 154,
              "Pss_Anon": 96,
              "Pss_Dirty": 96,
              "Pss_File": 58,
              "Pss_Shmem": 0,
              "Referenced": 1828,
              "Rss": 1828,
              "Shared_Clean": 1708,
              "Shared_Dirty": 0,
              "Shared_Hugetlb": 0,
              "ShmemPmdMapped": 0,
              "Swap": 0,
              "SwapPss": 0
            },
            "start_ticks": 300865322
          },
          {
            "pid": 1319639,
            "rollup_kib": {
              "AnonHugePages": 18432,
              "Anonymous": 3870824,
              "FilePmdMapped": 0,
              "KSM": 0,
              "LazyFree": 0,
              "Locked": 0,
              "Private_Clean": 460,
              "Private_Dirty": 3870832,
              "Private_Hugetlb": 0,
              "Pss": 3871507,
              "Pss_Anon": 3870824,
              "Pss_Dirty": 3870832,
              "Pss_File": 683,
              "Pss_Shmem": 0,
              "Referenced": 3875592,
              "Rss": 3875592,
              "Shared_Clean": 4300,
              "Shared_Dirty": 0,
              "Shared_Hugetlb": 0,
              "ShmemPmdMapped": 0,
              "Swap": 0,
              "SwapPss": 0
            },
            "start_ticks": 300865322
          }
        ],
        "reason": "rss_growth",
        "tree_rss_kib": 3913976
      },
      {
        "elapsed_s": 34.2672,
        "processes": [
          {
            "pid": 1312607,
            "rollup_kib": {
              "AnonHugePages": 0,
              "Anonymous": 31916,
              "FilePmdMapped": 0,
              "KSM": 0,
              "LazyFree": 0,
              "Locked": 0,
              "Private_Clean": 88,
              "Private_Dirty": 31916,
              "Private_Hugetlb": 0,
              "Pss": 34230,
              "Pss_Anon": 31916,
              "Pss_Dirty": 31916,
              "Pss_File": 2314,
              "Pss_Shmem": 0,
              "Referenced": 44616,
              "Rss": 44616,
              "Shared_Clean": 12612,
              "Shared_Dirty": 0,
              "Shared_Hugetlb": 0,
              "ShmemPmdMapped": 0,
              "Swap": 0,
              "SwapPss": 0
            },
            "start_ticks": 300862310
          },
          {
            "pid": 1319638,
            "rollup_kib": {
              "AnonHugePages": 0,
              "Anonymous": 96,
              "FilePmdMapped": 0,
              "KSM": 0,
              "LazyFree": 0,
              "Locked": 0,
              "Private_Clean": 24,
              "Private_Dirty": 96,
              "Private_Hugetlb": 0,
              "Pss": 154,
              "Pss_Anon": 96,
              "Pss_Dirty": 96,
              "Pss_File": 58,
              "Pss_Shmem": 0,
              "Referenced": 1828,
              "Rss": 1828,
              "Shared_Clean": 1708,
              "Shared_Dirty": 0,
              "Shared_Hugetlb": 0,
              "ShmemPmdMapped": 0,
              "Swap": 0,
              "SwapPss": 0
            },
            "start_ticks": 300865322
          },
          {
            "pid": 1319639,
            "rollup_kib": {
              "AnonHugePages": 18432,
              "Anonymous": 4211260,
              "FilePmdMapped": 0,
              "KSM": 0,
              "LazyFree": 0,
              "Locked": 0,
              "Private_Clean": 460,
              "Private_Dirty": 4211268,
              "Private_Hugetlb": 0,
              "Pss": 4211945,
              "Pss_Anon": 4211260,
              "Pss_Dirty": 4211268,
              "Pss_File": 685,
              "Pss_Shmem": 0,
              "Referenced": 4216028,
              "Rss": 4216028,
              "Shared_Clean": 4300,
              "Shared_Dirty": 0,
              "Shared_Hugetlb": 0,
              "ShmemPmdMapped": 0,
              "Swap": 0,
              "SwapPss": 0
            },
            "start_ticks": 300865322
          }
        ],
        "reason": "rss_growth",
        "tree_rss_kib": 4256156
      },
      {
        "elapsed_s": 35.9102,
        "processes": [
          {
            "pid": 1312607,
            "rollup_kib": {
              "AnonHugePages": 0,
              "Anonymous": 31916,
              "FilePmdMapped": 0,
              "KSM": 0,
              "LazyFree": 0,
              "Locked": 0,
              "Private_Clean": 88,
              "Private_Dirty": 31916,
              "Private_Hugetlb": 0,
              "Pss": 34229,
              "Pss_Anon": 31916,
              "Pss_Dirty": 31916,
              "Pss_File": 2313,
              "Pss_Shmem": 0,
              "Referenced": 44616,
              "Rss": 44616,
              "Shared_Clean": 12612,
              "Shared_Dirty": 0,
              "Shared_Hugetlb": 0,
              "ShmemPmdMapped": 0,
              "Swap": 0,
              "SwapPss": 0
            },
            "start_ticks": 300862310
          },
          {
            "pid": 1319638,
            "rollup_kib": {
              "AnonHugePages": 0,
              "Anonymous": 96,
              "FilePmdMapped": 0,
              "KSM": 0,
              "LazyFree": 0,
              "Locked": 0,
              "Private_Clean": 24,
              "Private_Dirty": 96,
              "Private_Hugetlb": 0,
              "Pss": 154,
              "Pss_Anon": 96,
              "Pss_Dirty": 96,
              "Pss_File": 58,
              "Pss_Shmem": 0,
              "Referenced": 1828,
              "Rss": 1828,
              "Shared_Clean": 1708,
              "Shared_Dirty": 0,
              "Shared_Hugetlb": 0,
              "ShmemPmdMapped": 0,
              "Swap": 0,
              "SwapPss": 0
            },
            "start_ticks": 300865322
          },
          {
            "pid": 1319639,
            "rollup_kib": {
              "AnonHugePages": 18432,
              "Anonymous": 4498612,
              "FilePmdMapped": 0,
              "KSM": 0,
              "LazyFree": 0,
              "Locked": 0,
              "Private_Clean": 460,
              "Private_Dirty": 4498620,
              "Private_Hugetlb": 0,
              "Pss": 4499296,
              "Pss_Anon": 4498612,
              "Pss_Dirty": 4498620,
              "Pss_File": 684,
              "Pss_Shmem": 0,
              "Referenced": 4503380,
              "Rss": 4503380,
              "Shared_Clean": 4300,
              "Shared_Dirty": 0,
              "Shared_Hugetlb": 0,
              "ShmemPmdMapped": 0,
              "Swap": 0,
              "SwapPss": 0
            },
            "start_ticks": 300865322
          }
        ],
        "reason": "rss_growth",
        "tree_rss_kib": 4545364
      },
      {
        "elapsed_s": 39.5742,
        "processes": [
          {
            "pid": 1312607,
            "rollup_kib": {
              "AnonHugePages": 0,
              "Anonymous": 31916,
              "FilePmdMapped": 0,
              "KSM": 0,
              "LazyFree": 0,
              "Locked": 0,
              "Private_Clean": 88,
              "Private_Dirty": 31916,
              "Private_Hugetlb": 0,
              "Pss": 34235,
              "Pss_Anon": 31916,
              "Pss_Dirty": 31916,
              "Pss_File": 2319,
              "Pss_Shmem": 0,
              "Referenced": 44616,
              "Rss": 44616,
              "Shared_Clean": 12612,
              "Shared_Dirty": 0,
              "Shared_Hugetlb": 0,
              "ShmemPmdMapped": 0,
              "Swap": 0,
              "SwapPss": 0
            },
            "start_ticks": 300862310
          },
          {
            "pid": 1319638,
            "rollup_kib": {
              "AnonHugePages": 0,
              "Anonymous": 96,
              "FilePmdMapped": 0,
              "KSM": 0,
              "LazyFree": 0,
              "Locked": 0,
              "Private_Clean": 24,
              "Private_Dirty": 96,
              "Private_Hugetlb": 0,
              "Pss": 156,
              "Pss_Anon": 96,
              "Pss_Dirty": 96,
              "Pss_File": 60,
              "Pss_Shmem": 0,
              "Referenced": 1828,
              "Rss": 1828,
              "Shared_Clean": 1708,
              "Shared_Dirty": 0,
              "Shared_Hugetlb": 0,
              "ShmemPmdMapped": 0,
              "Swap": 0,
              "SwapPss": 0
            },
            "start_ticks": 300865322
          },
          {
            "pid": 1319639,
            "rollup_kib": {
              "AnonHugePages": 18432,
              "Anonymous": 4785144,
              "FilePmdMapped": 0,
              "KSM": 0,
              "LazyFree": 0,
              "Locked": 0,
              "Private_Clean": 460,
              "Private_Dirty": 4785152,
              "Private_Hugetlb": 0,
              "Pss": 4785828,
              "Pss_Anon": 4785144,
              "Pss_Dirty": 4785152,
              "Pss_File": 684,
              "Pss_Shmem": 0,
              "Referenced": 4789912,
              "Rss": 4789912,
              "Shared_Clean": 4300,
              "Shared_Dirty": 0,
              "Shared_Hugetlb": 0,
              "ShmemPmdMapped": 0,
              "Swap": 0,
              "SwapPss": 0
            },
            "start_ticks": 300865322
          }
        ],
        "reason": "rss_growth",
        "tree_rss_kib": 4834644
      },
      {
        "elapsed_s": 42.7442,
        "processes": [
          {
            "pid": 1312607,
            "rollup_kib": {
              "AnonHugePages": 0,
              "Anonymous": 31916,
              "FilePmdMapped": 0,
              "KSM": 0,
              "LazyFree": 0,
              "Locked": 0,
              "Private_Clean": 88,
              "Private_Dirty": 31916,
              "Private_Hugetlb": 0,
              "Pss": 34233,
              "Pss_Anon": 31916,
              "Pss_Dirty": 31916,
              "Pss_File": 2317,
              "Pss_Shmem": 0,
              "Referenced": 44616,
              "Rss": 44616,
              "Shared_Clean": 12612,
              "Shared_Dirty": 0,
              "Shared_Hugetlb": 0,
              "ShmemPmdMapped": 0,
              "Swap": 0,
              "SwapPss": 0
            },
            "start_ticks": 300862310
          },
          {
            "pid": 1319638,
            "rollup_kib": {
              "AnonHugePages": 0,
              "Anonymous": 96,
              "FilePmdMapped": 0,
              "KSM": 0,
              "LazyFree": 0,
              "Locked": 0,
              "Private_Clean": 24,
              "Private_Dirty": 96,
              "Private_Hugetlb": 0,
              "Pss": 154,
              "Pss_Anon": 96,
              "Pss_Dirty": 96,
              "Pss_File": 58,
              "Pss_Shmem": 0,
              "Referenced": 1828,
              "Rss": 1828,
              "Shared_Clean": 1708,
              "Shared_Dirty": 0,
              "Shared_Hugetlb": 0,
              "ShmemPmdMapped": 0,
              "Swap": 0,
              "SwapPss": 0
            },
            "start_ticks": 300865322
          },
          {
            "pid": 1319639,
            "rollup_kib": {
              "AnonHugePages": 18432,
              "Anonymous": 5062084,
              "FilePmdMapped": 0,
              "KSM": 0,
              "LazyFree": 0,
              "Locked": 0,
              "Private_Clean": 460,
              "Private_Dirty": 5062248,
              "Private_Hugetlb": 0,
              "Pss": 5062924,
              "Pss_Anon": 5062084,
              "Pss_Dirty": 5062248,
              "Pss_File": 840,
              "Pss_Shmem": 0,
              "Referenced": 5067008,
              "Rss": 5067008,
              "Shared_Clean": 4300,
              "Shared_Dirty": 0,
              "Shared_Hugetlb": 0,
              "ShmemPmdMapped": 0,
              "Swap": 0,
              "SwapPss": 0
            },
            "start_ticks": 300865322
          }
        ],
        "reason": "rss_growth",
        "tree_rss_kib": 5113028
      },
      {
        "elapsed_s": 46.8562,
        "processes": [
          {
            "pid": 1312607,
            "rollup_kib": {
              "AnonHugePages": 0,
              "Anonymous": 31916,
              "FilePmdMapped": 0,
              "KSM": 0,
              "LazyFree": 0,
              "Locked": 0,
              "Private_Clean": 0,
              "Private_Dirty": 31916,
              "Private_Hugetlb": 0,
              "Pss": 33461,
              "Pss_Anon": 31916,
              "Pss_Dirty": 31916,
              "Pss_File": 1545,
              "Pss_Shmem": 0,
              "Referenced": 44616,
              "Rss": 44616,
              "Shared_Clean": 12700,
              "Shared_Dirty": 0,
              "Shared_Hugetlb": 0,
              "ShmemPmdMapped": 0,
              "Swap": 0,
              "SwapPss": 0
            },
            "start_ticks": 300862310
          },
          {
            "pid": 1319638,
            "rollup_kib": {
              "AnonHugePages": 0,
              "Anonymous": 96,
              "FilePmdMapped": 0,
              "KSM": 0,
              "LazyFree": 0,
              "Locked": 0,
              "Private_Clean": 24,
              "Private_Dirty": 96,
              "Private_Hugetlb": 0,
              "Pss": 153,
              "Pss_Anon": 96,
              "Pss_Dirty": 96,
              "Pss_File": 57,
              "Pss_Shmem": 0,
              "Referenced": 1828,
              "Rss": 1828,
              "Shared_Clean": 1708,
              "Shared_Dirty": 0,
              "Shared_Hugetlb": 0,
              "ShmemPmdMapped": 0,
              "Swap": 0,
              "SwapPss": 0
            },
            "start_ticks": 300865322
          },
          {
            "pid": 1319639,
            "rollup_kib": {
              "AnonHugePages": 18432,
              "Anonymous": 5331768,
              "FilePmdMapped": 0,
              "KSM": 0,
              "LazyFree": 0,
              "Locked": 0,
              "Private_Clean": 500,
              "Private_Dirty": 5332340,
              "Private_Hugetlb": 0,
              "Pss": 5333050,
              "Pss_Anon": 5331768,
              "Pss_Dirty": 5332340,
              "Pss_File": 1282,
              "Pss_Shmem": 0,
              "Referenced": 5337140,
              "Rss": 5337140,
              "Shared_Clean": 4300,
              "Shared_Dirty": 0,
              "Shared_Hugetlb": 0,
              "ShmemPmdMapped": 0,
              "Swap": 0,
              "SwapPss": 0
            },
            "start_ticks": 300865322
          }
        ],
        "reason": "rss_growth",
        "tree_rss_kib": 5383220
      },
      {
        "elapsed_s": 64.0702,
        "processes": [
          {
            "pid": 1312607,
            "rollup_kib": {
              "AnonHugePages": 0,
              "Anonymous": 31916,
              "FilePmdMapped": 0,
              "KSM": 0,
              "LazyFree": 0,
              "Locked": 0,
              "Private_Clean": 88,
              "Private_Dirty": 31916,
              "Private_Hugetlb": 0,
              "Pss": 34233,
              "Pss_Anon": 31916,
              "Pss_Dirty": 31916,
              "Pss_File": 2317,
              "Pss_Shmem": 0,
              "Referenced": 44616,
              "Rss": 44616,
              "Shared_Clean": 12612,
              "Shared_Dirty": 0,
              "Shared_Hugetlb": 0,
              "ShmemPmdMapped": 0,
              "Swap": 0,
              "SwapPss": 0
            },
            "start_ticks": 300862310
          },
          {
            "pid": 1319638,
            "rollup_kib": {
              "AnonHugePages": 0,
              "Anonymous": 96,
              "FilePmdMapped": 0,
              "KSM": 0,
              "LazyFree": 0,
              "Locked": 0,
              "Private_Clean": 24,
              "Private_Dirty": 96,
              "Private_Hugetlb": 0,
              "Pss": 154,
              "Pss_Anon": 96,
              "Pss_Dirty": 96,
              "Pss_File": 58,
              "Pss_Shmem": 0,
              "Referenced": 1828,
              "Rss": 1828,
              "Shared_Clean": 1708,
              "Shared_Dirty": 0,
              "Shared_Hugetlb": 0,
              "ShmemPmdMapped": 0,
              "Swap": 0,
              "SwapPss": 0
            },
            "start_ticks": 300865322
          },
          {
            "pid": 1319639,
            "rollup_kib": {
              "AnonHugePages": 18432,
              "Anonymous": 5592116,
              "FilePmdMapped": 0,
              "KSM": 0,
              "LazyFree": 0,
              "Locked": 0,
              "Private_Clean": 688,
              "Private_Dirty": 5594276,
              "Private_Hugetlb": 0,
              "Pss": 5595182,
              "Pss_Anon": 5592116,
              "Pss_Dirty": 5594276,
              "Pss_File": 3066,
              "Pss_Shmem": 0,
              "Referenced": 5599264,
              "Rss": 5599264,
              "Shared_Clean": 4300,
              "Shared_Dirty": 0,
              "Shared_Hugetlb": 0,
              "ShmemPmdMapped": 0,
              "Swap": 0,
              "SwapPss": 0
            },
            "start_ticks": 300865322
          }
        ],
        "reason": "rss_growth",
        "tree_rss_kib": 5645528
      },
      {
        "elapsed_s": 3694.9193,
        "processes": [],
        "reason": "terminal",
        "tree_rss_kib": 0
      }
    ],
    "status": "complete",
    "temporary_disk_limit_bytes": 16000000000,
    "wall_time_limit_seconds": null
  }
}
