{"command": ["/usr/bin/python3", "/home/x/deco/gamma/projects/enwiki9/tools/run_with_resource_guard_v3.py", "--limit-kib", "1048576", "--official-decimal-limit-kib", "1048576", "--limit-mode", "tree", "--cgroup-path", "/sys/fs/cgroup/user.slice/user-1000.slice/user@1000.service/app.slice/gamma-enwiki9-20260907T195303Z_478c9b2ef6", "--cgroup-memory-max-bytes", "1073741824", "--temporary-disk-limit-bytes", "67108864", "--phase-marker-path", "/home/x/deco/gamma/projects/enwiki9/run_logs/adaptive/20260907T195303Z_478c9b2ef6.resources/phases.jsonl", "--max-logical-cpus", "1", "--guard-json", "/home/x/deco/gamma/projects/enwiki9/run_logs/adaptive/20260907T195303Z_478c9b2ef6.resources/guard.json", "--label", "20260907T195303Z_478c9b2ef6", "--phase", "diagnostic", "--scratch-path", "/home/x/deco/gamma/projects/enwiki9/results/raw_reverse_bz2250k_q0_v1", "--scratch-path", "/home/x/deco/gamma/projects/enwiki9/run_logs/adaptive/20260907T195303Z_478c9b2ef6.log", "--scratch-path", "/home/x/deco/gamma/projects/enwiki9/run_logs/adaptive/20260907T195303Z_478c9b2ef6.resources", "--scratch-path", "/var/tmp/gamma-enwiki9-20260907T195303Z_478c9b2ef6-2wb3z1qf/raw_reverse_bz2250k_q0_v1", "--", "/usr/bin/taskset", "--cpu-list", "2", "/bin/sh", "-c", "printf '%s\\n' '{\"phase\":\"diagnostic\",\"event\":\"worker_start\",\"detail\":\"operational envelope only; no codec phase credit\"}' >> \"$GAMMA_RESOURCE_PHASE_MARKERS\" || exit 125; exec \"$@\"", "enwiki9-discovery-envelope", "/usr/bin/python3", "/home/x/deco/gamma/projects/enwiki9/tools/raw_reverse_bz2_gate_v1.py", "--candidate", "raw_reverse_bz2250k_q0_v1"], "job": {"candidate_id": "raw_reverse_bz2250k_q0_v1", "candidate_revision": {"path": "operations/adaptive/candidate-revisions/raw_reverse_bz2250k_q0_v1/20260907T195244541750Z_7e9c96ff94e4.json", "sha256": "sha256:49ce3161b1243457a716b4d5d349e28fa8d9414c3bb58dfe842035d28e33c553"}, "candidate_tree_sha256": "sha256:7e9c96ff94e4d4af731487bde068031ea28dd53d0038776f31f0fb84c73b252c", "execution_guard": {"path": "tools/run_with_resource_guard_v3.py", "sha256": "sha256:044147f7ffe6922ea8dafd52fc3d4426077b20958adbcd421245ad41adcfc1e4"}, "execution_mode": "discovery", "execution_resources": {"boot_id": "3ce46712-27bc-4199-8e48-e2b3d23926cb", "budget": {"cgroup_parent": "/sys/fs/cgroup/user.slice/user-1000.slice/user@1000.service/app.slice", "cpus": [2], "memory_bytes": 1073741824, "scratch_bytes": 67108864, "swap_bytes": 0, "wall_seconds": 300}, "cgroup_inode": 247179, "cgroup_path": "/sys/fs/cgroup/user.slice/user-1000.slice/user@1000.service/app.slice/gamma-enwiki9-20260907T195303Z_478c9b2ef6", "cpu_enforcement": "taskset-and-sampled-affinity-guard", "groups": [{"created": true, "inode": 247179, "kernel_cpuset": false, "memory_bytes": 1073741824, "path": "/sys/fs/cgroup/user.slice/user-1000.slice/user@1000.service/app.slice/gamma-enwiki9-20260907T195303Z_478c9b2ef6"}], "guard_command_sha256": "84041bea9e49a1f55b0ae2d786456714f856c665e34dcb2113549d5d8900b6e8", "guard_path": "run_logs/adaptive/20260907T195303Z_478c9b2ef6.resources/guard.json", "missing_diagnostics": ["kernel cpuset controller is not delegated; taskset assignment and existing affinity guard remain active"], "timing_authority": "diagnostic"}, "experiment": {"path": "operations/adaptive/experiments/raw_reverse_bz2250k_q0_v1.json", "sha256": "sha256:b7e8f912942bd38786bf1ac83eef9a8b17c8ed5cfe1916ce5eebb078091c39d6"}, "gate_size": 250000, "held": false, "held_at": "2026-09-07T19:53:03+00:00", "hold_history": [{"at": "2026-09-07T19:53:03+00:00", "held": true, "reason": "Await exact source/ownership/job publication verification and fresh CPU2 admission."}, {"at": "2026-09-07T19:54:09+00:00", "held": false, "reason": "Exact28refs local HEAD origin equality atc08c9b167. Fresh19:53:51UTC CPU2 idle,74178441216B available RAM,264774139904B scratch, no live/unknown canonical job or exclusive lease. Published root_explore ownership and fixed discovery bounds; preserve HORIZON."}], "job_id": "20260907T195303Z_478c9b2ef6", "priority": 90, "proposal": {"path": "operations/adaptive/proposals/developed/931_raw_reverse_bz2250k_q0_v1.json", "sha256": "sha256:a01c1f69bdf8dea122646a413104de004d625acbabfee520cf9b7382b1b5918a"}, "proposal_id": "raw_reverse_bz2250k_q0_v1", "purpose": "diagnostic", "released_at": "2026-09-07T19:54:09+00:00", "resource_budget": {"cgroup_parent": "/sys/fs/cgroup/user.slice/user-1000.slice/user@1000.service/app.slice", "cpus": [2], "memory_bytes": 1073741824, "scratch_bytes": 67108864, "swap_bytes": 0, "wall_seconds": 300}, "runner": {"path": "tools/raw_reverse_bz2_gate_v1.py", "sha256": "sha256:1c6166e5977fae4ddf8e039ad2fbc999c22b21df7ef4c4b00234b0c9932d4c1e"}, "schema": "gamma.enwiki9.adaptive-job.v3", "scratch_directories": ["results/raw_reverse_bz2250k_q0_v1"], "started_at": "2026-09-07T19:54:10+00:00", "state": "running", "submitted_at": "2026-09-07T19:53:03+00:00", "tags": [], "timing_authority": "diagnostic", "tool": "tools/raw_reverse_bz2_gate_v1.py", "tool_args": ["--candidate", "raw_reverse_bz2250k_q0_v1"]}}
{"status": "passed", "arms_closed": 3, "native_phases": 9}
{
  "resource_guard": {
    "cgroup": {
      "inode": 247179,
      "joined_before_exec": true,
      "memory_max_bytes": 1073741824,
      "memory_max_rounding_bytes": 0,
      "memory_peak_reset": true,
      "path": "/sys/fs/cgroup/user.slice/user-1000.slice/user@1000.service/app.slice/gamma-enwiki9-20260907T195303Z_478c9b2ef6",
      "previous_memory_max": "1073741824",
      "requested_memory_max_bytes": 1073741824
    },
    "cgroup_events": {
      "baseline": {
        "high": 0,
        "low": 0,
        "max": 0,
        "oom": 0,
        "oom_group_kill": 0,
        "oom_kill": 0,
        "sock_throttled": 0
      },
      "delta": {
        "high": 0,
        "low": 0,
        "max": 0,
        "oom": 0,
        "oom_group_kill": 0,
        "oom_kill": 0,
        "sock_throttled": 0
      },
      "final": {
        "high": 0,
        "low": 0,
        "max": 0,
        "oom": 0,
        "oom_group_kill": 0,
        "oom_kill": 0,
        "sock_throttled": 0
      }
    },
    "command": [
      "/usr/bin/taskset",
      "--cpu-list",
      "2",
      "/bin/sh",
      "-c",
      "printf '%s\\n' '{\"phase\":\"diagnostic\",\"event\":\"worker_start\",\"detail\":\"operational envelope only; no codec phase credit\"}' >> \"$GAMMA_RESOURCE_PHASE_MARKERS\" || exit 125; exec \"$@\"",
      "enwiki9-discovery-envelope",
      "/usr/bin/python3",
      "/home/x/deco/gamma/projects/enwiki9/tools/raw_reverse_bz2_gate_v1.py",
      "--candidate",
      "raw_reverse_bz2250k_q0_v1"
    ],
    "command_sha256": "27b32716e75966257e6259be4d309727ea858824cc26f3105c184301e682018b",
    "elapsed_s": 1.0153,
    "geekbench5_single_core_score": null,
    "guards": {
      "cgroup_memory_guard_exceeded": false,
      "logical_cpu_guard_exceeded": false,
      "measurement_incomplete": false,
      "official_decimal_memory_exceeded": false,
      "phase_marker_invalid": false,
      "rss_guard_exceeded": false,
      "temporary_disk_guard_exceeded": false,
      "wall_time_guard_exceeded": false
    },
    "label": "20260907T195303Z_478c9b2ef6",
    "latest_sample": {
      "allowed_cpu_union": [],
      "cgroup_current_bytes": 1851392,
      "elapsed_s": 1.0142,
      "max_single_rss_kib": 0,
      "persistent_status_misses": [],
      "processes": [],
      "scratch_allocated_bytes": 1363968,
      "scratch_file_count": 47,
      "scratch_logical_bytes": 1250474,
      "scratch_race_count": 0,
      "tree_live_threads": 0,
      "tree_rss_kib": 0,
      "tree_runnable_threads": 0
    },
    "limit_kib": 1048576,
    "limit_mode": "tree",
    "max_logical_cpus": 1,
    "measurements": {
      "affinity_complete": true,
      "cgroup_v2_complete": true,
      "per_process_vmhwm_sampled": true,
      "phase_markers_complete": true,
      "process_tree_rss_complete": true,
      "scratch_logical_and_allocated_complete": true,
      "smaps_rollup_complete": true
    },
    "objective": {
      "corpusBytes": 1000000000,
      "corpusSha256": "159b85351e5f76e60cbe32e04c677847a9ecba3adc79addab6f4c6c7aa3744bc",
      "objectiveDigest": "sha256:16badfa6c1a53b47bcc12b089fdd9c21f7405ea56a84344d60c28d2252da8288",
      "objectiveId": "gamma-enwiki9-hutter-99m-v2",
      "objectivePath": "contracts/research/v2/objective-contract.json",
      "targetScoreBytes": 99000000
    },
    "official_decimal_limit_kib": 1048576,
    "peak_process_vmhwm": {
      "comm": "python3",
      "observed_elapsed_s": 0.5126,
      "pid": 1165411,
      "start_ticks": 190698830,
      "vmhwm_kib": 25008
    },
    "peak_sample": {
      "allowed_cpu_union": [
        2
      ],
      "cgroup_current_bytes": 20787200,
      "elapsed_s": 0.5126,
      "max_single_rss_kib": 24196,
      "persistent_status_misses": [],
      "processes": [
        {
          "allowed_cpus": [
            2
          ],
          "comm": "python3",
          "live_threads": 1,
          "pid": 1165411,
          "rss_kib": 24196,
          "runnable_threads": 0,
          "start_ticks": 190698830,
          "vmhwm_kib": 25008
        },
        {
          "allowed_cpus": [
            2
          ],
          "comm": "python3",
          "live_threads": 1,
          "pid": 1165524,
          "rss_kib": 17924,
          "runnable_threads": 1,
          "start_ticks": 190698880,
          "vmhwm_kib": 17924
        }
      ],
      "scratch_allocated_bytes": 901120,
      "scratch_file_count": 33,
      "scratch_logical_bytes": 818441,
      "scratch_race_count": 0,
      "tree_live_threads": 2,
      "tree_rss_kib": 42120,
      "tree_runnable_threads": 1
    },
    "peak_tree_sample": {
      "allowed_cpu_union": [
        2
      ],
      "cgroup_current_bytes": 20787200,
      "elapsed_s": 0.5126,
      "max_single_rss_kib": 24196,
      "persistent_status_misses": [],
      "processes": [
        {
          "allowed_cpus": [
            2
          ],
          "comm": "python3",
          "live_threads": 1,
          "pid": 1165411,
          "rss_kib": 24196,
          "runnable_threads": 0,
          "start_ticks": 190698830,
          "vmhwm_kib": 25008
        },
        {
          "allowed_cpus": [
            2
          ],
          "comm": "python3",
          "live_threads": 1,
          "pid": 1165524,
          "rss_kib": 17924,
          "runnable_threads": 1,
          "start_ticks": 190698880,
          "vmhwm_kib": 17924
        }
      ],
      "scratch_allocated_bytes": 901120,
      "scratch_file_count": 33,
      "scratch_logical_bytes": 818441,
      "scratch_race_count": 0,
      "tree_live_threads": 2,
      "tree_rss_kib": 42120,
      "tree_runnable_threads": 1
    },
    "peaks": {
      "cgroup_memory_peak_bytes": 26144768,
      "max_observed_process_vmhwm_kib": 25008,
      "max_sampled_allowed_cpu_count": 1,
      "max_sampled_cgroup_current_bytes": 20787200,
      "max_sampled_scratch_allocated_bytes": 1363968,
      "max_sampled_scratch_logical_bytes": 1250474,
      "max_sampled_single_rss_kib": 24196,
      "max_sampled_tree_live_threads": 2,
      "max_sampled_tree_rss_kib": 42120,
      "max_sampled_tree_runnable_threads": 1
    },
    "phase": "diagnostic",
    "phase_marker_path": "/home/x/deco/gamma/projects/enwiki9/run_logs/adaptive/20260907T195303Z_478c9b2ef6.resources/phases.jsonl",
    "phase_markers": [
      {
        "detail": "operational envelope only; no codec phase credit",
        "event": "worker_start",
        "observed_elapsed_s": 0.012,
        "phase": "diagnostic",
        "source_line": 1
      },
      {
        "detail": null,
        "event": "start",
        "observed_elapsed_s": 0.5126,
        "phase": "P-encode",
        "source_line": 2
      },
      {
        "detail": null,
        "event": "end",
        "observed_elapsed_s": 0.5126,
        "phase": "P-encode",
        "source_line": 3
      },
      {
        "detail": null,
        "event": "start",
        "observed_elapsed_s": 0.5126,
        "phase": "P-decode",
        "source_line": 4
      },
      {
        "detail": null,
        "event": "end",
        "observed_elapsed_s": 0.5126,
        "phase": "P-decode",
        "source_line": 5
      },
      {
        "detail": null,
        "event": "start",
        "observed_elapsed_s": 0.5126,
        "phase": "P-repeat",
        "source_line": 6
      },
      {
        "detail": null,
        "event": "end",
        "observed_elapsed_s": 0.5126,
        "phase": "P-repeat",
        "source_line": 7
      },
      {
        "detail": null,
        "event": "start",
        "observed_elapsed_s": 0.5126,
        "phase": "K-encode",
        "source_line": 8
      },
      {
        "detail": null,
        "event": "end",
        "observed_elapsed_s": 0.5126,
        "phase": "K-encode",
        "source_line": 9
      },
      {
        "detail": null,
        "event": "start",
        "observed_elapsed_s": 0.5126,
        "phase": "K-decode",
        "source_line": 10
      },
      {
        "detail": null,
        "event": "end",
        "observed_elapsed_s": 0.5126,
        "phase": "K-decode",
        "source_line": 11
      },
      {
        "detail": null,
        "event": "start",
        "observed_elapsed_s": 0.5126,
        "phase": "K-repeat",
        "source_line": 12
      },
      {
        "detail": null,
        "event": "end",
        "observed_elapsed_s": 0.5126,
        "phase": "K-repeat",
        "source_line": 13
      },
      {
        "detail": null,
        "event": "start",
        "observed_elapsed_s": 0.5126,
        "phase": "D-encode",
        "source_line": 14
      },
      {
        "detail": null,
        "event": "end",
        "observed_elapsed_s": 1.0142,
        "phase": "D-encode",
        "source_line": 15
      },
      {
        "detail": null,
        "event": "start",
        "observed_elapsed_s": 1.0142,
        "phase": "D-decode",
        "source_line": 16
      },
      {
        "detail": null,
        "event": "end",
        "observed_elapsed_s": 1.0142,
        "phase": "D-decode",
        "source_line": 17
      },
      {
        "detail": null,
        "event": "start",
        "observed_elapsed_s": 1.0142,
        "phase": "D-repeat",
        "source_line": 18
      },
      {
        "detail": null,
        "event": "end",
        "observed_elapsed_s": 1.0142,
        "phase": "D-repeat",
        "source_line": 19
      }
    ],
    "returncode": 0,
    "sample_count": 3,
    "sample_interval_seconds": 0.5,
    "schema": "gamma.enwiki9.resource-guard-receipt.v3",
    "scratch_paths": [
      "/home/x/deco/gamma/projects/enwiki9/results/raw_reverse_bz2250k_q0_v1",
      "/home/x/deco/gamma/projects/enwiki9/run_logs/adaptive/20260907T195303Z_478c9b2ef6.log",
      "/home/x/deco/gamma/projects/enwiki9/run_logs/adaptive/20260907T195303Z_478c9b2ef6.resources",
      "/var/tmp/gamma-enwiki9-20260907T195303Z_478c9b2ef6-2wb3z1qf/raw_reverse_bz2250k_q0_v1"
    ],
    "smaps_rollup_checkpoints": [
      {
        "elapsed_s": 0.012,
        "processes": [
          {
            "pid": 1165411,
            "rollup_kib": {
              "AnonHugePages": 0,
              "Anonymous": 1324,
              "FilePmdMapped": 0,
              "KSM": 0,
              "LazyFree": 0,
              "Locked": 0,
              "Private_Clean": 24,
              "Private_Dirty": 1324,
              "Private_Hugetlb": 0,
              "Pss": 1951,
              "Pss_Anon": 1324,
              "Pss_Dirty": 1324,
              "Pss_File": 627,
              "Pss_Shmem": 0,
              "Referenced": 5828,
              "Rss": 5828,
              "Shared_Clean": 4480,
              "Shared_Dirty": 0,
              "Shared_Hugetlb": 0,
              "ShmemPmdMapped": 0,
              "Swap": 0,
              "SwapPss": 0
            },
            "start_ticks": 190698830
          }
        ],
        "reason": "initial+phase_marker+rss_growth",
        "tree_rss_kib": 4968
      },
      {
        "elapsed_s": 0.5126,
        "processes": [
          {
            "pid": 1165411,
            "rollup_kib": {
              "AnonHugePages": 0,
              "Anonymous": 11868,
              "FilePmdMapped": 0,
              "KSM": 0,
              "LazyFree": 0,
              "Locked": 0,
              "Private_Clean": 64,
              "Private_Dirty": 11868,
              "Private_Hugetlb": 0,
              "Pss": 13503,
              "Pss_Anon": 11868,
              "Pss_Dirty": 11868,
              "Pss_File": 1635,
              "Pss_Shmem": 0,
              "Referenced": 24196,
              "Rss": 24196,
              "Shared_Clean": 12264,
              "Shared_Dirty": 0,
              "Shared_Hugetlb": 0,
              "ShmemPmdMapped": 0,
              "Swap": 0,
              "SwapPss": 0
            },
            "start_ticks": 190698830
          },
          {
            "pid": 1165524,
            "rollup_kib": {
              "AnonHugePages": 0,
              "Anonymous": 6876,
              "FilePmdMapped": 0,
              "KSM": 0,
              "LazyFree": 0,
              "Locked": 0,
              "Private_Clean": 44,
              "Private_Dirty": 6876,
              "Private_Hugetlb": 0,
              "Pss": 8181,
              "Pss_Anon": 6876,
              "Pss_Dirty": 6876,
              "Pss_File": 1305,
              "Pss_Shmem": 0,
              "Referenced": 18168,
              "Rss": 18168,
              "Shared_Clean": 11248,
              "Shared_Dirty": 0,
              "Shared_Hugetlb": 0,
              "ShmemPmdMapped": 0,
              "Swap": 0,
              "SwapPss": 0
            },
            "start_ticks": 190698880
          }
        ],
        "reason": "phase_marker",
        "tree_rss_kib": 42120
      },
      {
        "elapsed_s": 1.0142,
        "processes": [],
        "reason": "phase_marker+terminal",
        "tree_rss_kib": 0
      }
    ],
    "status": "complete",
    "temporary_disk_limit_bytes": 67108864,
    "wall_time_limit_seconds": null
  }
}
