{"command": ["/usr/bin/python3", "/home/x/deco/gamma/projects/enwiki9/tools/run_with_resource_guard_v3.py", "--limit-kib", "4194304", "--official-decimal-limit-kib", "4194304", "--limit-mode", "tree", "--cgroup-path", "/sys/fs/cgroup/user.slice/user-1000.slice/user@1000.service/app.slice/gamma-enwiki9-20260908T162205Z_46ebdbaee4", "--cgroup-memory-max-bytes", "4294967296", "--temporary-disk-limit-bytes", "1073741824", "--phase-marker-path", "/home/x/deco/gamma/projects/enwiki9/run_logs/adaptive/20260908T162205Z_46ebdbaee4.resources/phases.jsonl", "--max-logical-cpus", "1", "--guard-json", "/home/x/deco/gamma/projects/enwiki9/run_logs/adaptive/20260908T162205Z_46ebdbaee4.resources/guard.json", "--label", "20260908T162205Z_46ebdbaee4", "--phase", "diagnostic", "--scratch-path", "/home/x/deco/gamma/projects/enwiki9/results/opcode_wiki_slot_runtime_tmp_20260908/gamma-enwiki9-20260908T162205Z_46ebdbaee4-4s1hyeg5/opcode_wiki_slot_v1", "--scratch-path", "/home/x/deco/gamma/projects/enwiki9/results/opcode_wiki_slot_v1", "--scratch-path", "/home/x/deco/gamma/projects/enwiki9/run_logs/adaptive/20260908T162205Z_46ebdbaee4.log", "--scratch-path", "/home/x/deco/gamma/projects/enwiki9/run_logs/adaptive/20260908T162205Z_46ebdbaee4.resources", "--", "/usr/bin/taskset", "--cpu-list", "2", "/bin/sh", "-c", "printf '%s\\n' '{\"phase\":\"diagnostic\",\"event\":\"worker_start\",\"detail\":\"operational envelope only; no codec phase credit\"}' >> \"$GAMMA_RESOURCE_PHASE_MARKERS\" || exit 125; exec \"$@\"", "enwiki9-discovery-envelope", "/usr/bin/python3", "/home/x/deco/gamma/projects/enwiki9/tools/opcode_wiki_slot_gate_v1.py"], "job": {"candidate_id": "opcode_wiki_slot_v1", "candidate_revision": {"path": "operations/adaptive/candidate-revisions/opcode_wiki_slot_v1/20260908T162204916558Z_6e9a770b2327.json", "sha256": "sha256:192899864c290814e82808847fe3c2b84d7e660e7ef0cc22d9b2ee8a031662cd"}, "candidate_tree_sha256": "sha256:6e9a770b232732037df18849101ea36ca0c408e81d8b6d575abb78348a071805", "execution_guard": {"path": "tools/run_with_resource_guard_v3.py", "sha256": "sha256:044147f7ffe6922ea8dafd52fc3d4426077b20958adbcd421245ad41adcfc1e4"}, "execution_mode": "discovery", "execution_resources": {"boot_id": "3ce46712-27bc-4199-8e48-e2b3d23926cb", "budget": {"cgroup_parent": "/sys/fs/cgroup/user.slice/user-1000.slice/user@1000.service/app.slice", "cpus": [2], "memory_bytes": 4294967296, "scratch_bytes": 1073741824, "swap_bytes": 0, "wall_seconds": 2400}, "cgroup_inode": 258510, "cgroup_path": "/sys/fs/cgroup/user.slice/user-1000.slice/user@1000.service/app.slice/gamma-enwiki9-20260908T162205Z_46ebdbaee4", "cpu_enforcement": "taskset-and-sampled-affinity-guard", "groups": [{"created": true, "inode": 258510, "kernel_cpuset": false, "memory_bytes": 4294967296, "path": "/sys/fs/cgroup/user.slice/user-1000.slice/user@1000.service/app.slice/gamma-enwiki9-20260908T162205Z_46ebdbaee4"}], "guard_command_sha256": "5db171284e6d82544dad345d9d95ff4592699f19a1c051a9f0ae9de4e6bd2530", "guard_path": "run_logs/adaptive/20260908T162205Z_46ebdbaee4.resources/guard.json", "missing_diagnostics": ["kernel cpuset controller is not delegated; taskset assignment and existing affinity guard remain active"], "timing_authority": "diagnostic"}, "experiment": {"path": "operations/adaptive/experiments/opcode_wiki_slot_v1.json", "sha256": "sha256:ed51779aefe0c51051f95aa5c995144afab8ee780d73e4a7a9305f76b5d39aae"}, "gate_size": 250000, "held": false, "held_at": "2026-09-08T16:22:39+00:00", "hold_history": [{"at": "2026-09-08T16:22:39+00:00", "held": true, "reason": "Await published source and ownership verification, then fresh CPU2 resource admission. Synthetic tests pass; no corpus launch before those checks."}, {"at": "2026-09-08T16:24:42+00:00", "held": false, "reason": "Published f12a45666 source, frozen plan and ownership verified against origin/main. results/opcode_wiki_slot_admission_20260908.json binds fresh occupancy, CPU2 admission, 32GiB headroom reserve and source/runtime reauthentication."}], "job_id": "20260908T162205Z_46ebdbaee4", "priority": 90, "proposal": {"path": "operations/adaptive/proposals/developed/939_opcode_wiki_slot_v1.json", "sha256": "sha256:50efc5b393bbcc5e1f1dbe417e75910f49df2ce1c0d99c88892cd5a02102a808"}, "proposal_id": "opcode_wiki_slot_v1", "purpose": "diagnostic", "released_at": "2026-09-08T16:24:42+00:00", "resource_budget": {"cgroup_parent": "/sys/fs/cgroup/user.slice/user-1000.slice/user@1000.service/app.slice", "cpus": [2], "memory_bytes": 4294967296, "scratch_bytes": 1073741824, "swap_bytes": 0, "wall_seconds": 2400}, "runner": {"path": "tools/opcode_wiki_slot_gate_v1.py", "sha256": "sha256:7e1acff79e3f4030832c6402d0885c2de39b8e1cbe8ad23f55c86b653eb1d4a4"}, "schema": "gamma.enwiki9.adaptive-job.v3", "scratch_directories": ["results/opcode_wiki_slot_v1"], "started_at": "2026-09-08T16:24:43+00:00", "state": "running", "submitted_at": "2026-09-08T16:22:05+00:00", "tags": ["wiki-slot"], "timing_authority": "diagnostic", "tool": "tools/opcode_wiki_slot_gate_v1.py", "tool_args": []}}
{"status": "passed", "correctness_pass": true}
{
  "resource_guard": {
    "cgroup": {
      "inode": 258510,
      "joined_before_exec": true,
      "memory_max_bytes": 4294967296,
      "memory_max_rounding_bytes": 0,
      "memory_peak_reset": true,
      "path": "/sys/fs/cgroup/user.slice/user-1000.slice/user@1000.service/app.slice/gamma-enwiki9-20260908T162205Z_46ebdbaee4",
      "previous_memory_max": "4294967296",
      "requested_memory_max_bytes": 4294967296
    },
    "cgroup_events": {
      "baseline": {
        "high": 0,
        "low": 0,
        "max": 0,
        "oom": 0,
        "oom_group_kill": 0,
        "oom_kill": 0,
        "sock_throttled": 0
      },
      "delta": {
        "high": 0,
        "low": 0,
        "max": 0,
        "oom": 0,
        "oom_group_kill": 0,
        "oom_kill": 0,
        "sock_throttled": 0
      },
      "final": {
        "high": 0,
        "low": 0,
        "max": 0,
        "oom": 0,
        "oom_group_kill": 0,
        "oom_kill": 0,
        "sock_throttled": 0
      }
    },
    "command": [
      "/usr/bin/taskset",
      "--cpu-list",
      "2",
      "/bin/sh",
      "-c",
      "printf '%s\\n' '{\"phase\":\"diagnostic\",\"event\":\"worker_start\",\"detail\":\"operational envelope only; no codec phase credit\"}' >> \"$GAMMA_RESOURCE_PHASE_MARKERS\" || exit 125; exec \"$@\"",
      "enwiki9-discovery-envelope",
      "/usr/bin/python3",
      "/home/x/deco/gamma/projects/enwiki9/tools/opcode_wiki_slot_gate_v1.py"
    ],
    "command_sha256": "79219d5a41300505754490cbf3fd7c99c340e207198f7d5eefabd8e765e40203",
    "elapsed_s": 526.2192,
    "geekbench5_single_core_score": null,
    "guards": {
      "cgroup_memory_guard_exceeded": false,
      "logical_cpu_guard_exceeded": false,
      "measurement_incomplete": false,
      "official_decimal_memory_exceeded": false,
      "phase_marker_invalid": false,
      "rss_guard_exceeded": false,
      "temporary_disk_guard_exceeded": false,
      "wall_time_guard_exceeded": false
    },
    "label": "20260908T162205Z_46ebdbaee4",
    "latest_sample": {
      "allowed_cpu_union": [],
      "cgroup_current_bytes": 2052096,
      "elapsed_s": 526.2183,
      "max_single_rss_kib": 0,
      "persistent_status_misses": [],
      "processes": [],
      "scratch_allocated_bytes": 1859584,
      "scratch_file_count": 58,
      "scratch_logical_bytes": 1716976,
      "scratch_race_count": 0,
      "tree_live_threads": 0,
      "tree_rss_kib": 0,
      "tree_runnable_threads": 0
    },
    "limit_kib": 4194304,
    "limit_mode": "tree",
    "max_logical_cpus": 1,
    "measurements": {
      "affinity_complete": true,
      "cgroup_v2_complete": true,
      "per_process_vmhwm_sampled": true,
      "phase_markers_complete": true,
      "process_tree_rss_complete": true,
      "scratch_logical_and_allocated_complete": true,
      "smaps_rollup_complete": true
    },
    "objective": {
      "corpusBytes": 1000000000,
      "corpusSha256": "159b85351e5f76e60cbe32e04c677847a9ecba3adc79addab6f4c6c7aa3744bc",
      "objectiveDigest": "sha256:e91ff20e92c3cac8acb0cbe5c79fc8e8a3b427d7e151245c8eecc52b1c32fa00",
      "objectiveId": "gamma-enwiki9-hutter-90m-v3",
      "objectivePath": "contracts/research/v3/objective-contract.json",
      "targetScoreBytes": 90000000
    },
    "official_decimal_limit_kib": 4194304,
    "peak_process_vmhwm": {
      "comm": "python3",
      "observed_elapsed_s": 209.4149,
      "pid": 1533793,
      "start_ticks": 198095787,
      "vmhwm_kib": 504300
    },
    "peak_sample": {
      "allowed_cpu_union": [
        2
      ],
      "cgroup_current_bytes": 515239936,
      "elapsed_s": 391.2263,
      "max_single_rss_kib": 500460,
      "persistent_status_misses": [],
      "processes": [
        {
          "allowed_cpus": [
            2
          ],
          "comm": "python3",
          "live_threads": 1,
          "pid": 1508962,
          "rss_kib": 24876,
          "runnable_threads": 0,
          "start_ticks": 198082121,
          "vmhwm_kib": 26028
        },
        {
          "allowed_cpus": [
            2
          ],
          "comm": "python3",
          "live_threads": 1,
          "pid": 1571397,
          "rss_kib": 500460,
          "runnable_threads": 1,
          "start_ticks": 198115431,
          "vmhwm_kib": 500460
        }
      ],
      "scratch_allocated_bytes": 1105920,
      "scratch_file_count": 39,
      "scratch_logical_bytes": 1010075,
      "scratch_race_count": 0,
      "tree_live_threads": 2,
      "tree_rss_kib": 525336,
      "tree_runnable_threads": 1
    },
    "peak_tree_sample": {
      "allowed_cpu_union": [
        2
      ],
      "cgroup_current_bytes": 515239936,
      "elapsed_s": 391.2263,
      "max_single_rss_kib": 500460,
      "persistent_status_misses": [],
      "processes": [
        {
          "allowed_cpus": [
            2
          ],
          "comm": "python3",
          "live_threads": 1,
          "pid": 1508962,
          "rss_kib": 24876,
          "runnable_threads": 0,
          "start_ticks": 198082121,
          "vmhwm_kib": 26028
        },
        {
          "allowed_cpus": [
            2
          ],
          "comm": "python3",
          "live_threads": 1,
          "pid": 1571397,
          "rss_kib": 500460,
          "runnable_threads": 1,
          "start_ticks": 198115431,
          "vmhwm_kib": 500460
        }
      ],
      "scratch_allocated_bytes": 1105920,
      "scratch_file_count": 39,
      "scratch_logical_bytes": 1010075,
      "scratch_race_count": 0,
      "tree_live_threads": 2,
      "tree_rss_kib": 525336,
      "tree_runnable_threads": 1
    },
    "peaks": {
      "cgroup_memory_peak_bytes": 519028736,
      "max_observed_process_vmhwm_kib": 504300,
      "max_sampled_allowed_cpu_count": 1,
      "max_sampled_cgroup_current_bytes": 515239936,
      "max_sampled_scratch_allocated_bytes": 1859584,
      "max_sampled_scratch_logical_bytes": 1716976,
      "max_sampled_single_rss_kib": 500460,
      "max_sampled_tree_live_threads": 2,
      "max_sampled_tree_rss_kib": 525336,
      "max_sampled_tree_runnable_threads": 2
    },
    "phase": "diagnostic",
    "phase_marker_path": "/home/x/deco/gamma/projects/enwiki9/run_logs/adaptive/20260908T162205Z_46ebdbaee4.resources/phases.jsonl",
    "phase_markers": [
      {
        "detail": "operational envelope only; no codec phase credit",
        "event": "worker_start",
        "observed_elapsed_s": 0.023,
        "phase": "diagnostic",
        "source_line": 1
      },
      {
        "detail": null,
        "event": "start",
        "observed_elapsed_s": 0.5246,
        "phase": "P-encode",
        "source_line": 2
      },
      {
        "detail": null,
        "event": "end",
        "observed_elapsed_s": 54.2604,
        "phase": "P-encode",
        "source_line": 3
      },
      {
        "detail": null,
        "event": "start",
        "observed_elapsed_s": 54.2604,
        "phase": "P-decode",
        "source_line": 4
      },
      {
        "detail": null,
        "event": "end",
        "observed_elapsed_s": 83.3737,
        "phase": "P-decode",
        "source_line": 5
      },
      {
        "detail": null,
        "event": "start",
        "observed_elapsed_s": 83.3737,
        "phase": "P-repeat",
        "source_line": 6
      },
      {
        "detail": null,
        "event": "end",
        "observed_elapsed_s": 137.0933,
        "phase": "P-repeat",
        "source_line": 7
      },
      {
        "detail": null,
        "event": "start",
        "observed_elapsed_s": 137.0933,
        "phase": "K-encode",
        "source_line": 8
      },
      {
        "detail": null,
        "event": "end",
        "observed_elapsed_s": 211.4211,
        "phase": "K-encode",
        "source_line": 9
      },
      {
        "detail": null,
        "event": "start",
        "observed_elapsed_s": 211.4211,
        "phase": "K-decode",
        "source_line": 10
      },
      {
        "detail": null,
        "event": "end",
        "observed_elapsed_s": 256.6219,
        "phase": "K-decode",
        "source_line": 11
      },
      {
        "detail": null,
        "event": "start",
        "observed_elapsed_s": 256.6219,
        "phase": "K-repeat",
        "source_line": 12
      },
      {
        "detail": null,
        "event": "end",
        "observed_elapsed_s": 333.4877,
        "phase": "K-repeat",
        "source_line": 13
      },
      {
        "detail": null,
        "event": "start",
        "observed_elapsed_s": 333.4877,
        "phase": "D-encode",
        "source_line": 14
      },
      {
        "detail": null,
        "event": "end",
        "observed_elapsed_s": 393.2327,
        "phase": "D-encode",
        "source_line": 15
      },
      {
        "detail": null,
        "event": "start",
        "observed_elapsed_s": 393.2327,
        "phase": "D-decode",
        "source_line": 16
      },
      {
        "detail": null,
        "event": "end",
        "observed_elapsed_s": 425.8793,
        "phase": "D-decode",
        "source_line": 17
      },
      {
        "detail": null,
        "event": "start",
        "observed_elapsed_s": 425.8793,
        "phase": "D-repeat",
        "source_line": 18
      },
      {
        "detail": null,
        "event": "end",
        "observed_elapsed_s": 486.5836,
        "phase": "D-repeat",
        "source_line": 19
      },
      {
        "detail": null,
        "event": "start",
        "observed_elapsed_s": 486.5836,
        "phase": "D-plain",
        "source_line": 20
      },
      {
        "detail": null,
        "event": "end",
        "observed_elapsed_s": 526.2183,
        "phase": "D-plain",
        "source_line": 21
      }
    ],
    "returncode": 0,
    "sample_count": 1049,
    "sample_interval_seconds": 0.5,
    "schema": "gamma.enwiki9.resource-guard-receipt.v3",
    "scratch_paths": [
      "/home/x/deco/gamma/projects/enwiki9/results/opcode_wiki_slot_runtime_tmp_20260908/gamma-enwiki9-20260908T162205Z_46ebdbaee4-4s1hyeg5/opcode_wiki_slot_v1",
      "/home/x/deco/gamma/projects/enwiki9/results/opcode_wiki_slot_v1",
      "/home/x/deco/gamma/projects/enwiki9/run_logs/adaptive/20260908T162205Z_46ebdbaee4.log",
      "/home/x/deco/gamma/projects/enwiki9/run_logs/adaptive/20260908T162205Z_46ebdbaee4.resources"
    ],
    "smaps_rollup_checkpoints": [
      {
        "elapsed_s": 0.023,
        "processes": [
          {
            "pid": 1508962,
            "rollup_kib": {
              "AnonHugePages": 0,
              "Anonymous": 2932,
              "FilePmdMapped": 0,
              "KSM": 0,
              "LazyFree": 0,
              "Locked": 0,
              "Private_Clean": 24,
              "Private_Dirty": 2932,
              "Private_Hugetlb": 0,
              "Pss": 4148,
              "Pss_Anon": 2932,
              "Pss_Dirty": 2932,
              "Pss_File": 1216,
              "Pss_Shmem": 0,
              "Referenced": 9628,
              "Rss": 9628,
              "Shared_Clean": 6672,
              "Shared_Dirty": 0,
              "Shared_Hugetlb": 0,
              "ShmemPmdMapped": 0,
              "Swap": 0,
              "SwapPss": 0
            },
            "start_ticks": 198082121
          }
        ],
        "reason": "initial+phase_marker+rss_growth",
        "tree_rss_kib": 8852
      },
      {
        "elapsed_s": 0.5246,
        "processes": [
          {
            "pid": 1508962,
            "rollup_kib": {
              "AnonHugePages": 0,
              "Anonymous": 12420,
              "FilePmdMapped": 0,
              "KSM": 0,
              "LazyFree": 0,
              "Locked": 0,
              "Private_Clean": 0,
              "Private_Dirty": 12420,
              "Private_Hugetlb": 0,
              "Pss": 13989,
              "Pss_Anon": 12420,
              "Pss_Dirty": 12420,
              "Pss_File": 1569,
              "Pss_Shmem": 0,
              "Referenced": 24552,
              "Rss": 24552,
              "Shared_Clean": 12132,
              "Shared_Dirty": 0,
              "Shared_Hugetlb": 0,
              "ShmemPmdMapped": 0,
              "Swap": 0,
              "SwapPss": 0
            },
            "start_ticks": 198082121
          },
          {
            "pid": 1508969,
            "rollup_kib": {
              "AnonHugePages": 0,
              "Anonymous": 29224,
              "FilePmdMapped": 0,
              "KSM": 0,
              "LazyFree": 0,
              "Locked": 0,
              "Private_Clean": 108,
              "Private_Dirty": 29224,
              "Private_Hugetlb": 0,
              "Pss": 30908,
              "Pss_Anon": 29224,
              "Pss_Dirty": 29224,
              "Pss_File": 1684,
              "Pss_Shmem": 0,
              "Referenced": 41528,
              "Rss": 41528,
              "Shared_Clean": 12196,
              "Shared_Dirty": 0,
              "Shared_Hugetlb": 0,
              "ShmemPmdMapped": 0,
              "Swap": 0,
              "SwapPss": 0
            },
            "start_ticks": 198082127
          }
        ],
        "reason": "phase_marker",
        "tree_rss_kib": 66040
      },
      {
        "elapsed_s": 12.0749,
        "processes": [
          {
            "pid": 1508962,
            "rollup_kib": {
              "AnonHugePages": 0,
              "Anonymous": 12420,
              "FilePmdMapped": 0,
              "KSM": 0,
              "LazyFree": 0,
              "Locked": 0,
              "Private_Clean": 0,
              "Private_Dirty": 12420,
              "Private_Hugetlb": 0,
              "Pss": 13990,
              "Pss_Anon": 12420,
              "Pss_Dirty": 12420,
              "Pss_File": 1570,
              "Pss_Shmem": 0,
              "Referenced": 24552,
              "Rss": 24552,
              "Shared_Clean": 12132,
              "Shared_Dirty": 0,
              "Shared_Hugetlb": 0,
              "ShmemPmdMapped": 0,
              "Swap": 0,
              "SwapPss": 0
            },
            "start_ticks": 198082121
          },
          {
            "pid": 1508969,
            "rollup_kib": {
              "AnonHugePages": 0,
              "Anonymous": 296236,
              "FilePmdMapped": 0,
              "KSM": 0,
              "LazyFree": 0,
              "Locked": 0,
              "Private_Clean": 108,
              "Private_Dirty": 296236,
              "Private_Hugetlb": 0,
              "Pss": 297919,
              "Pss_Anon": 296236,
              "Pss_Dirty": 296236,
              "Pss_File": 1683,
              "Pss_Shmem": 0,
              "Referenced": 308540,
              "Rss": 308540,
              "Shared_Clean": 12196,
              "Shared_Dirty": 0,
              "Shared_Hugetlb": 0,
              "ShmemPmdMapped": 0,
              "Swap": 0,
              "SwapPss": 0
            },
            "start_ticks": 198082127
          }
        ],
        "reason": "rss_growth",
        "tree_rss_kib": 333088
      },
      {
        "elapsed_s": 54.2604,
        "processes": [
          {
            "pid": 1508962,
            "rollup_kib": {
              "AnonHugePages": 0,
              "Anonymous": 12420,
              "FilePmdMapped": 0,
              "KSM": 0,
              "LazyFree": 0,
              "Locked": 0,
              "Private_Clean": 0,
              "Private_Dirty": 12420,
              "Private_Hugetlb": 0,
              "Pss": 14012,
              "Pss_Anon": 12420,
              "Pss_Dirty": 12420,
              "Pss_File": 1592,
              "Pss_Shmem": 0,
              "Referenced": 24616,
              "Rss": 24616,
              "Shared_Clean": 12196,
              "Shared_Dirty": 0,
              "Shared_Hugetlb": 0,
              "ShmemPmdMapped": 0,
              "Swap": 0,
              "SwapPss": 0
            },
            "start_ticks": 198082121
          },
          {
            "pid": 1518624,
            "rollup_kib": {
              "AnonHugePages": 0,
              "Anonymous": 16020,
              "FilePmdMapped": 0,
              "KSM": 0,
              "LazyFree": 0,
              "Locked": 0,
              "Private_Clean": 76,
              "Private_Dirty": 16020,
              "Private_Hugetlb": 0,
              "Pss": 17640,
              "Pss_Anon": 16020,
              "Pss_Dirty": 16020,
              "Pss_File": 1620,
              "Pss_Shmem": 0,
              "Referenced": 28240,
              "Rss": 28240,
              "Shared_Clean": 12144,
              "Shared_Dirty": 0,
              "Shared_Hugetlb": 0,
              "ShmemPmdMapped": 0,
              "Swap": 0,
              "SwapPss": 0
            },
            "start_ticks": 198087532
          }
        ],
        "reason": "phase_marker",
        "tree_rss_kib": 52824
      },
      {
        "elapsed_s": 83.3737,
        "processes": [
          {
            "pid": 1508962,
            "rollup_kib": {
              "AnonHugePages": 0,
              "Anonymous": 12664,
              "FilePmdMapped": 0,
              "KSM": 0,
              "LazyFree": 0,
              "Locked": 0,
              "Private_Clean": 0,
              "Private_Dirty": 12664,
              "Private_Hugetlb": 0,
              "Pss": 14256,
              "Pss_Anon": 12664,
              "Pss_Dirty": 12664,
              "Pss_File": 1592,
              "Pss_Shmem": 0,
              "Referenced": 24860,
              "Rss": 24860,
              "Shared_Clean": 12196,
              "Shared_Dirty": 0,
              "Shared_Hugetlb": 0,
              "ShmemPmdMapped": 0,
              "Swap": 0,
              "SwapPss": 0
            },
            "start_ticks": 198082121
          },
          {
            "pid": 1523751,
            "rollup_kib": {
              "AnonHugePages": 0,
              "Anonymous": 25072,
              "FilePmdMapped": 0,
              "KSM": 0,
              "LazyFree": 0,
              "Locked": 0,
              "Private_Clean": 108,
              "Private_Dirty": 25072,
              "Private_Hugetlb": 0,
              "Pss": 26750,
              "Pss_Anon": 25072,
              "Pss_Dirty": 25072,
              "Pss_File": 1678,
              "Pss_Shmem": 0,
              "Referenced": 37444,
              "Rss": 37444,
              "Shared_Clean": 12264,
              "Shared_Dirty": 0,
              "Shared_Hugetlb": 0,
              "ShmemPmdMapped": 0,
              "Swap": 0,
              "SwapPss": 0
            },
            "start_ticks": 198090418
          }
        ],
        "reason": "phase_marker",
        "tree_rss_kib": 62220
      },
      {
        "elapsed_s": 137.0933,
        "processes": [
          {
            "pid": 1508962,
            "rollup_kib": {
              "AnonHugePages": 0,
              "Anonymous": 12680,
              "FilePmdMapped": 0,
              "KSM": 0,
              "LazyFree": 0,
              "Locked": 0,
              "Private_Clean": 0,
              "Private_Dirty": 12680,
              "Private_Hugetlb": 0,
              "Pss": 14039,
              "Pss_Anon": 12680,
              "Pss_Dirty": 12680,
              "Pss_File": 1359,
              "Pss_Shmem": 0,
              "Referenced": 24876,
              "Rss": 24876,
              "Shared_Clean": 12196,
              "Shared_Dirty": 0,
              "Shared_Hugetlb": 0,
              "ShmemPmdMapped": 0,
              "Swap": 0,
              "SwapPss": 0
            },
            "start_ticks": 198082121
          },
          {
            "pid": 1533793,
            "rollup_kib": {
              "AnonHugePages": 0,
              "Anonymous": 26328,
              "FilePmdMapped": 0,
              "KSM": 0,
              "LazyFree": 0,
              "Locked": 0,
              "Private_Clean": 96,
              "Private_Dirty": 26328,
              "Private_Hugetlb": 0,
              "Pss": 27788,
              "Pss_Anon": 26328,
              "Pss_Dirty": 26328,
              "Pss_File": 1460,
              "Pss_Shmem": 0,
              "Referenced": 38800,
              "Rss": 38800,
              "Shared_Clean": 12376,
              "Shared_Dirty": 0,
              "Shared_Hugetlb": 0,
              "ShmemPmdMapped": 0,
              "Swap": 0,
              "SwapPss": 0
            },
            "start_ticks": 198095787
          }
        ],
        "reason": "phase_marker",
        "tree_rss_kib": 63648
      },
      {
        "elapsed_s": 211.4211,
        "processes": [
          {
            "pid": 1508962,
            "rollup_kib": {
              "AnonHugePages": 0,
              "Anonymous": 12680,
              "FilePmdMapped": 0,
              "KSM": 0,
              "LazyFree": 0,
              "Locked": 0,
              "Private_Clean": 0,
              "Private_Dirty": 12680,
              "Private_Hugetlb": 0,
              "Pss": 13642,
              "Pss_Anon": 12680,
              "Pss_Dirty": 12680,
              "Pss_File": 962,
              "Pss_Shmem": 0,
              "Referenced": 24876,
              "Rss": 24876,
              "Shared_Clean": 12196,
              "Shared_Dirty": 0,
              "Shared_Hugetlb": 0,
              "ShmemPmdMapped": 0,
              "Swap": 0,
              "SwapPss": 0
            },
            "start_ticks": 198082121
          },
          {
            "pid": 1548245,
            "rollup_kib": {
              "AnonHugePages": 0,
              "Anonymous": 14016,
              "FilePmdMapped": 0,
              "KSM": 0,
              "LazyFree": 0,
              "Locked": 0,
              "Private_Clean": 84,
              "Private_Dirty": 14016,
              "Private_Hugetlb": 0,
              "Pss": 15067,
              "Pss_Anon": 14016,
              "Pss_Dirty": 14016,
              "Pss_File": 1051,
              "Pss_Shmem": 0,
              "Referenced": 26312,
              "Rss": 26312,
              "Shared_Clean": 12212,
              "Shared_Dirty": 0,
              "Shared_Hugetlb": 0,
              "ShmemPmdMapped": 0,
              "Swap": 0,
              "SwapPss": 0
            },
            "start_ticks": 198103256
          }
        ],
        "reason": "phase_marker",
        "tree_rss_kib": 51140
      },
      {
        "elapsed_s": 256.6219,
        "processes": [
          {
            "pid": 1508962,
            "rollup_kib": {
              "AnonHugePages": 0,
              "Anonymous": 12680,
              "FilePmdMapped": 0,
              "KSM": 0,
              "LazyFree": 0,
              "Locked": 0,
              "Private_Clean": 0,
              "Private_Dirty": 12680,
              "Private_Hugetlb": 0,
              "Pss": 13564,
              "Pss_Anon": 12680,
              "Pss_Dirty": 12680,
              "Pss_File": 884,
              "Pss_Shmem": 0,
              "Referenced": 24876,
              "Rss": 24876,
              "Shared_Clean": 12196,
              "Shared_Dirty": 0,
              "Shared_Hugetlb": 0,
              "ShmemPmdMapped": 0,
              "Swap": 0,
              "SwapPss": 0
            },
            "start_ticks": 198082121
          },
          {
            "pid": 1556686,
            "rollup_kib": {
              "AnonHugePages": 0,
              "Anonymous": 12856,
              "FilePmdMapped": 0,
              "KSM": 0,
              "LazyFree": 0,
              "Locked": 0,
              "Private_Clean": 68,
              "Private_Dirty": 12856,
              "Private_Hugetlb": 0,
              "Pss": 13786,
              "Pss_Anon": 12856,
              "Pss_Dirty": 12856,
              "Pss_File": 930,
              "Pss_Shmem": 0,
              "Referenced": 25016,
              "Rss": 25016,
              "Shared_Clean": 12092,
              "Shared_Dirty": 0,
              "Shared_Hugetlb": 0,
              "ShmemPmdMapped": 0,
              "Swap": 0,
              "SwapPss": 0
            },
            "start_ticks": 198107774
          }
        ],
        "reason": "phase_marker",
        "tree_rss_kib": 49892
      },
      {
        "elapsed_s": 333.4877,
        "processes": [
          {
            "pid": 1508962,
            "rollup_kib": {
              "AnonHugePages": 0,
              "Anonymous": 12680,
              "FilePmdMapped": 0,
              "KSM": 0,
              "LazyFree": 0,
              "Locked": 0,
              "Private_Clean": 0,
              "Private_Dirty": 12680,
              "Private_Hugetlb": 0,
              "Pss": 14276,
              "Pss_Anon": 12680,
              "Pss_Dirty": 12680,
              "Pss_File": 1596,
              "Pss_Shmem": 0,
              "Referenced": 24876,
              "Rss": 24876,
              "Shared_Clean": 12196,
              "Shared_Dirty": 0,
              "Shared_Hugetlb": 0,
              "ShmemPmdMapped": 0,
              "Swap": 0,
              "SwapPss": 0
            },
            "start_ticks": 198082121
          },
          {
            "pid": 1571397,
            "rollup_kib": {
              "AnonHugePages": 0,
              "Anonymous": 21428,
              "FilePmdMapped": 0,
              "KSM": 0,
              "LazyFree": 0,
              "Locked": 0,
              "Private_Clean": 92,
              "Private_Dirty": 21428,
              "Private_Hugetlb": 0,
              "Pss": 23091,
              "Pss_Anon": 21428,
              "Pss_Dirty": 21428,
              "Pss_File": 1663,
              "Pss_Shmem": 0,
              "Referenced": 33784,
              "Rss": 33784,
              "Shared_Clean": 12264,
              "Shared_Dirty": 0,
              "Shared_Hugetlb": 0,
              "ShmemPmdMapped": 0,
              "Swap": 0,
              "SwapPss": 0
            },
            "start_ticks": 198115431
          }
        ],
        "reason": "phase_marker",
        "tree_rss_kib": 58564
      },
      {
        "elapsed_s": 393.2327,
        "processes": [
          {
            "pid": 1508962,
            "rollup_kib": {
              "AnonHugePages": 0,
              "Anonymous": 12680,
              "FilePmdMapped": 0,
              "KSM": 0,
              "LazyFree": 0,
              "Locked": 0,
              "Private_Clean": 0,
              "Private_Dirty": 12680,
              "Private_Hugetlb": 0,
              "Pss": 14159,
              "Pss_Anon": 12680,
              "Pss_Dirty": 12680,
              "Pss_File": 1479,
              "Pss_Shmem": 0,
              "Referenced": 24876,
              "Rss": 24876,
              "Shared_Clean": 12196,
              "Shared_Dirty": 0,
              "Shared_Hugetlb": 0,
              "ShmemPmdMapped": 0,
              "Swap": 0,
              "SwapPss": 0
            },
            "start_ticks": 198082121
          },
          {
            "pid": 1583316,
            "rollup_kib": {
              "AnonHugePages": 0,
              "Anonymous": 15960,
              "FilePmdMapped": 0,
              "KSM": 0,
              "LazyFree": 0,
              "Locked": 0,
              "Private_Clean": 92,
              "Private_Dirty": 15960,
              "Private_Hugetlb": 0,
              "Pss": 17540,
              "Pss_Anon": 15960,
              "Pss_Dirty": 15960,
              "Pss_File": 1580,
              "Pss_Shmem": 0,
              "Referenced": 28304,
              "Rss": 28304,
              "Shared_Clean": 12252,
              "Shared_Dirty": 0,
              "Shared_Hugetlb": 0,
              "ShmemPmdMapped": 0,
              "Swap": 0,
              "SwapPss": 0
            },
            "start_ticks": 198121429
          }
        ],
        "reason": "phase_marker",
        "tree_rss_kib": 53156
      },
      {
        "elapsed_s": 425.8793,
        "processes": [
          {
            "pid": 1508962,
            "rollup_kib": {
              "AnonHugePages": 0,
              "Anonymous": 12680,
              "FilePmdMapped": 0,
              "KSM": 0,
              "LazyFree": 0,
              "Locked": 0,
              "Private_Clean": 0,
              "Private_Dirty": 12680,
              "Private_Hugetlb": 0,
              "Pss": 14157,
              "Pss_Anon": 12680,
              "Pss_Dirty": 12680,
              "Pss_File": 1477,
              "Pss_Shmem": 0,
              "Referenced": 24876,
              "Rss": 24876,
              "Shared_Clean": 12196,
              "Shared_Dirty": 0,
              "Shared_Hugetlb": 0,
              "ShmemPmdMapped": 0,
              "Swap": 0,
              "SwapPss": 0
            },
            "start_ticks": 198082121
          },
          {
            "pid": 1589530,
            "rollup_kib": {
              "AnonHugePages": 0,
              "Anonymous": 28800,
              "FilePmdMapped": 0,
              "KSM": 0,
              "LazyFree": 0,
              "Locked": 0,
              "Private_Clean": 108,
              "Private_Dirty": 28800,
              "Private_Hugetlb": 0,
              "Pss": 30417,
              "Pss_Anon": 28800,
              "Pss_Dirty": 28800,
              "Pss_File": 1617,
              "Pss_Shmem": 0,
              "Referenced": 41172,
              "Rss": 41172,
              "Shared_Clean": 12264,
              "Shared_Dirty": 0,
              "Shared_Hugetlb": 0,
              "ShmemPmdMapped": 0,
              "Swap": 0,
              "SwapPss": 0
            },
            "start_ticks": 198124661
          }
        ],
        "reason": "phase_marker",
        "tree_rss_kib": 65948
      },
      {
        "elapsed_s": 486.5836,
        "processes": [
          {
            "pid": 1508962,
            "rollup_kib": {
              "AnonHugePages": 0,
              "Anonymous": 12704,
              "FilePmdMapped": 0,
              "KSM": 0,
              "LazyFree": 0,
              "Locked": 0,
              "Private_Clean": 0,
              "Private_Dirty": 12704,
              "Private_Hugetlb": 0,
              "Pss": 13833,
              "Pss_Anon": 12704,
              "Pss_Dirty": 12704,
              "Pss_File": 1129,
              "Pss_Shmem": 0,
              "Referenced": 24900,
              "Rss": 24900,
              "Shared_Clean": 12196,
              "Shared_Dirty": 0,
              "Shared_Hugetlb": 0,
              "ShmemPmdMapped": 0,
              "Swap": 0,
              "SwapPss": 0
            },
            "start_ticks": 198082121
          },
          {
            "pid": 1601420,
            "rollup_kib": {
              "AnonHugePages": 0,
              "Anonymous": 12848,
              "FilePmdMapped": 0,
              "KSM": 0,
              "LazyFree": 0,
              "Locked": 0,
              "Private_Clean": 84,
              "Private_Dirty": 12848,
              "Private_Hugetlb": 0,
              "Pss": 14046,
              "Pss_Anon": 12848,
              "Pss_Dirty": 12848,
              "Pss_File": 1198,
              "Pss_Shmem": 0,
              "Referenced": 25068,
              "Rss": 25068,
              "Shared_Clean": 12136,
              "Shared_Dirty": 0,
              "Shared_Hugetlb": 0,
              "ShmemPmdMapped": 0,
              "Swap": 0,
              "SwapPss": 0
            },
            "start_ticks": 198130765
          }
        ],
        "reason": "phase_marker",
        "tree_rss_kib": 49968
      },
      {
        "elapsed_s": 526.2183,
        "processes": [],
        "reason": "phase_marker+terminal",
        "tree_rss_kib": 0
      }
    ],
    "status": "complete",
    "temporary_disk_limit_bytes": 1073741824,
    "wall_time_limit_seconds": null
  }
}
