test_empty_digest_mode_and_rejection_publication (test_midas_open_boundary_observer.BoundaryObserverTest.test_empty_digest_mode_and_rejection_publication) ... ok
test_first_divergence_and_missing_truncated_extra_trace_diagnostics (test_midas_open_boundary_observer.BoundaryObserverTest.test_first_divergence_and_missing_truncated_extra_trace_diagnostics) ... ok
test_identical_invalid_bundles_cannot_pass_comparison (test_midas_open_boundary_observer.BoundaryObserverTest.test_identical_invalid_bundles_cannot_pass_comparison) ... ok
test_independent_state_ranges_and_mutations_cover_every_component (test_midas_open_boundary_observer.BoundaryObserverTest.test_independent_state_ranges_and_mutations_cover_every_component) ... ok
test_unchanged_archives_independent_decoder_and_repeat_all_arms (test_midas_open_boundary_observer.BoundaryObserverTest.test_unchanged_archives_independent_decoder_and_repeat_all_arms) ... ok

----------------------------------------------------------------------
Ran 5 tests in 13.924s

OK
BOUNDARY_OBSERVER_SYNTHETIC_JSON={"arms": {"F": [{"binary": {"bytes": 432528, "path": "/home/x/deco/gamma/projects/enwiki9/results/midas_open_boundary_observer_unit_20260906/fixtures/cache/entries/a97b56968c98a04d37c9e791a707e470eb76f54abd6d7b7987a8f9aea91fb0f7/program", "sha256": "d44722c8682d1b7013909325089548b2607c0714ebf23531162268e051451121"}, "bundle": {"artifacts": {"boundaries.jsonl": {"bytes": 9604, "path": "/home/x/deco/gamma/projects/enwiki9/results/midas_open_boundary_observer_unit_20260906/fixtures/F-encode/boundaries.jsonl", "sha256": "b5e39d43b3366b481ba696bf4f2a29cce91aad4011f581b05d3c8b6b9521167b"}, "data": {"bytes": 105, "path": "/home/x/deco/gamma/projects/enwiki9/results/midas_open_boundary_observer_unit_20260906/fixtures/F-encode/data", "sha256": "4db5dec01cd26e87d63de549c5c3250c42e3da979fe785812d1b71796c3417ad"}, "probabilities.bin": {"bytes": 1061, "path": "/home/x/deco/gamma/projects/enwiki9/results/midas_open_boundary_observer_unit_20260906/fixtures/F-encode/probabilities.bin", "sha256": "a8add5543c666464aebd68a8a688471b98dba45193a662f9f8fc857fa4268d07"}, "snapshots.bin": {"bytes": 4606708, "path": "/home/x/deco/gamma/projects/enwiki9/results/midas_open_boundary_observer_unit_20260906/fixtures/F-encode/snapshots.bin", "sha256": "6a84e041da451d0cbff0f6771432884d1c4d2bd7b38b7e677239ef96f899c5ac"}, "state.bin": {"bytes": 1161334, "path": "/home/x/deco/gamma/projects/enwiki9/results/midas_open_boundary_observer_unit_20260906/fixtures/F-encode/state.bin", "sha256": "315008511d986dea93e09234b411c14d9d6ddf1b92e122e951715447ecb3e8a9"}, "summary.json": {"bytes": 634, "path": "/home/x/deco/gamma/projects/enwiki9/results/midas_open_boundary_observer_unit_20260906/fixtures/F-encode/summary.json", "sha256": "6792cb52a8a65faddcb6c3fd73521531030c71cd199a51baad3811a7a4939a56"}}, "header": {"archive_arm": 1, "model_tag": 1330660865, "raw_bytes": 65, "records": 520}, "summary": {"archive_bytes": 105, "arm": "F", "boundary_bytes": 9604, "boundary_records": 4, "complete_package_bytes": null, "exact_snapshots": true, "frontend": "raw_identity_v1", "max_raw_bytes": 65, "model_updates": 2, "objective_credit_bytes": 0, "observed_codec_cpu_seconds": 0.061607, "observed_codec_wall_seconds": 0.061530373, "operation": "encode", "probability_bytes": 1061, "probability_records": 520, "process_peak_rss_kib": 28960, "raw_bytes": 65, "resource_qualified": false, "schema": "midas_open_boundary_observer_v1", "snapshot_bytes": 4606708, "state_bytes": 1161334, "timing_scope": "whole codec including observer; excludes final publication; shared-host diagnostic"}}, "complete_package_bytes": null, "external_wall_seconds": 0.15574027900584042, "objective_credit_bytes": 0, "resource_qualified": false, "schema": "midas_open_boundary_observer_execution_v1", "timing_scope": "shared-host whole codec including observation and publication; not kernel-only"}, {"binary": {"bytes": 432528, "path": "/home/x/deco/gamma/projects/enwiki9/results/midas_open_boundary_observer_unit_20260906/fixtures/cache/entries/a97b56968c98a04d37c9e791a707e470eb76f54abd6d7b7987a8f9aea91fb0f7/program", "sha256": "d44722c8682d1b7013909325089548b2607c0714ebf23531162268e051451121"}, "bundle": {"artifacts": {"boundaries.jsonl": {"bytes": 9604, "path": "/home/x/deco/gamma/projects/enwiki9/results/midas_open_boundary_observer_unit_20260906/fixtures/F-decode/boundaries.jsonl", "sha256": "b5e39d43b3366b481ba696bf4f2a29cce91aad4011f581b05d3c8b6b9521167b"}, "data": {"bytes": 65, "path": "/home/x/deco/gamma/projects/enwiki9/results/midas_open_boundary_observer_unit_20260906/fixtures/F-decode/data", "sha256": "ce4c5c9097270aaca5630ec6ca4b48c145a1bb24462589a0ec3f69cd5c9b2a5c"}, "probabilities.bin": {"bytes": 1061, "path": "/home/x/deco/gamma/projects/enwiki9/results/midas_open_boundary_observer_unit_20260906/fixtures/F-decode/probabilities.bin", "sha256": "a8add5543c666464aebd68a8a688471b98dba45193a662f9f8fc857fa4268d07"}, "snapshots.bin": {"bytes": 4606708, "path": "/home/x/deco/gamma/projects/enwiki9/results/midas_open_boundary_observer_unit_20260906/fixtures/F-decode/snapshots.bin", "sha256": "6a84e041da451d0cbff0f6771432884d1c4d2bd7b38b7e677239ef96f899c5ac"}, "state.bin": {"bytes": 1161334, "path": "/home/x/deco/gamma/projects/enwiki9/results/midas_open_boundary_observer_unit_20260906/fixtures/F-decode/state.bin", "sha256": "315008511d986dea93e09234b411c14d9d6ddf1b92e122e951715447ecb3e8a9"}, "summary.json": {"bytes": 634, "path": "/home/x/deco/gamma/projects/enwiki9/results/midas_open_boundary_observer_unit_20260906/fixtures/F-decode/summary.json", "sha256": "ce0378f6533b4b844232156e0f038116c95fc4b9f7b0d279cbae70ff9de352d5"}}, "header": {"archive_arm": 1, "model_tag": 1330660865, "raw_bytes": 65, "records": 520}, "summary": {"archive_bytes": 105, "arm": "F", "boundary_bytes": 9604, "boundary_records": 4, "complete_package_bytes": null, "exact_snapshots": true, "frontend": "raw_identity_v1", "max_raw_bytes": 65, "model_updates": 2, "objective_credit_bytes": 0, "observed_codec_cpu_seconds": 0.062188, "observed_codec_wall_seconds": 0.061291022, "operation": "decode", "probability_bytes": 1061, "probability_records": 520, "process_peak_rss_kib": 29832, "raw_bytes": 65, "resource_qualified": false, "schema": "midas_open_boundary_observer_v1", "snapshot_bytes": 4606708, "state_bytes": 1161334, "timing_scope": "whole codec including observer; excludes final publication; shared-host diagnostic"}}, "complete_package_bytes": null, "external_wall_seconds": 0.15645125904120505, "objective_credit_bytes": 0, "resource_qualified": false, "schema": "midas_open_boundary_observer_execution_v1", "timing_scope": "shared-host whole codec including observation and publication; not kernel-only"}, {"binary": {"bytes": 432528, "path": "/home/x/deco/gamma/projects/enwiki9/results/midas_open_boundary_observer_unit_20260906/fixtures/cache/entries/a97b56968c98a04d37c9e791a707e470eb76f54abd6d7b7987a8f9aea91fb0f7/program", "sha256": "d44722c8682d1b7013909325089548b2607c0714ebf23531162268e051451121"}, "bundle": {"artifacts": {"boundaries.jsonl": {"bytes": 9604, "path": "/home/x/deco/gamma/projects/enwiki9/results/midas_open_boundary_observer_unit_20260906/fixtures/F-repeat/boundaries.jsonl", "sha256": "b5e39d43b3366b481ba696bf4f2a29cce91aad4011f581b05d3c8b6b9521167b"}, "data": {"bytes": 105, "path": "/home/x/deco/gamma/projects/enwiki9/results/midas_open_boundary_observer_unit_20260906/fixtures/F-repeat/data", "sha256": "4db5dec01cd26e87d63de549c5c3250c42e3da979fe785812d1b71796c3417ad"}, "probabilities.bin": {"bytes": 1061, "path": "/home/x/deco/gamma/projects/enwiki9/results/midas_open_boundary_observer_unit_20260906/fixtures/F-repeat/probabilities.bin", "sha256": "a8add5543c666464aebd68a8a688471b98dba45193a662f9f8fc857fa4268d07"}, "snapshots.bin": {"bytes": 4606708, "path": "/home/x/deco/gamma/projects/enwiki9/results/midas_open_boundary_observer_unit_20260906/fixtures/F-repeat/snapshots.bin", "sha256": "6a84e041da451d0cbff0f6771432884d1c4d2bd7b38b7e677239ef96f899c5ac"}, "state.bin": {"bytes": 1161334, "path": "/home/x/deco/gamma/projects/enwiki9/results/midas_open_boundary_observer_unit_20260906/fixtures/F-repeat/state.bin", "sha256": "315008511d986dea93e09234b411c14d9d6ddf1b92e122e951715447ecb3e8a9"}, "summary.json": {"bytes": 634, "path": "/home/x/deco/gamma/projects/enwiki9/results/midas_open_boundary_observer_unit_20260906/fixtures/F-repeat/summary.json", "sha256": "b0a8036a32f6df00f0b15b1f701f2bb308a38a8394b9573c214280f83d36c175"}}, "header": {"archive_arm": 1, "model_tag": 1330660865, "raw_bytes": 65, "records": 520}, "summary": {"archive_bytes": 105, "arm": "F", "boundary_bytes": 9604, "boundary_records": 4, "complete_package_bytes": null, "exact_snapshots": true, "frontend": "raw_identity_v1", "max_raw_bytes": 65, "model_updates": 2, "objective_credit_bytes": 0, "observed_codec_cpu_seconds": 0.060353, "observed_codec_wall_seconds": 0.059747043, "operation": "encode", "probability_bytes": 1061, "probability_records": 520, "process_peak_rss_kib": 29832, "raw_bytes": 65, "resource_qualified": false, "schema": "midas_open_boundary_observer_v1", "snapshot_bytes": 4606708, "state_bytes": 1161334, "timing_scope": "whole codec including observer; excludes final publication; shared-host diagnostic"}}, "complete_package_bytes": null, "external_wall_seconds": 0.1618802580051124, "objective_credit_bytes": 0, "resource_qualified": false, "schema": "midas_open_boundary_observer_execution_v1", "timing_scope": "shared-host whole codec including observation and publication; not kernel-only"}], "K": [{"binary": {"bytes": 432528, "path": "/home/x/deco/gamma/projects/enwiki9/results/midas_open_boundary_observer_unit_20260906/fixtures/cache/entries/a97b56968c98a04d37c9e791a707e470eb76f54abd6d7b7987a8f9aea91fb0f7/program", "sha256": "d44722c8682d1b7013909325089548b2607c0714ebf23531162268e051451121"}, "bundle": {"artifacts": {"boundaries.jsonl": {"bytes": 9625, "path": "/home/x/deco/gamma/projects/enwiki9/results/midas_open_boundary_observer_unit_20260906/fixtures/K-encode/boundaries.jsonl", "sha256": "1691acee9c6c72ce70f8f08597ba6aa0aac61b5a5e154721c148652d8052eaf3"}, "data": {"bytes": 105, "path": "/home/x/deco/gamma/projects/enwiki9/results/midas_open_boundary_observer_unit_20260906/fixtures/K-encode/data", "sha256": "b42868fca6dce9d28652b6e27249df60f62506f56f60a9ace6df63ff40dd010e"}, "probabilities.bin": {"bytes": 1061, "path": "/home/x/deco/gamma/projects/enwiki9/results/midas_open_boundary_observer_unit_20260906/fixtures/K-encode/probabilities.bin", "sha256": "950bbb38afb4c9f3886333ef4b3d7a80fdfe6f474fed246d2914a88e9192137d"}, "snapshots.bin": {"bytes": 5781260, "path": "/home/x/deco/gamma/projects/enwiki9/results/midas_open_boundary_observer_unit_20260906/fixtures/K-encode/snapshots.bin", "sha256": "bd6ee4112c003af124404576caf5fe3e8dcb86f4a28ef90885e6a02c6ccf59ce"}, "state.bin": {"bytes": 1552852, "path": "/home/x/deco/gamma/projects/enwiki9/results/midas_open_boundary_observer_unit_20260906/fixtures/K-encode/state.bin", "sha256": "9e0d843c55c52db9d2cca564388f2c63716837237bcc07803e5c7696bc66a5bc"}, "summary.json": {"bytes": 634, "path": "/home/x/deco/gamma/projects/enwiki9/results/midas_open_boundary_observer_unit_20260906/fixtures/K-encode/summary.json", "sha256": "8444515647620246901faaea05d4ac51a961c26c9299a44c09c4dccdf82893c8"}}, "header": {"archive_arm": 0, "model_tag": 1330660865, "raw_bytes": 65, "records": 520}, "summary": {"archive_bytes": 105, "arm": "K", "boundary_bytes": 9625, "boundary_records": 4, "complete_package_bytes": null, "exact_snapshots": true, "frontend": "raw_identity_v1", "max_raw_bytes": 65, "model_updates": 1, "objective_credit_bytes": 0, "observed_codec_cpu_seconds": 0.077963, "observed_codec_wall_seconds": 0.077644204, "operation": "encode", "probability_bytes": 1061, "probability_records": 520, "process_peak_rss_kib": 28700, "raw_bytes": 65, "resource_qualified": false, "schema": "midas_open_boundary_observer_v1", "snapshot_bytes": 5781260, "state_bytes": 1552852, "timing_scope": "whole codec including observer; excludes final publication; shared-host diagnostic"}}, "complete_package_bytes": null, "external_wall_seconds": 0.17928547295741737, "objective_credit_bytes": 0, "resource_qualified": false, "schema": "midas_open_boundary_observer_execution_v1", "timing_scope": "shared-host whole codec including observation and publication; not kernel-only"}, {"binary": {"bytes": 432528, "path": "/home/x/deco/gamma/projects/enwiki9/results/midas_open_boundary_observer_unit_20260906/fixtures/cache/entries/a97b56968c98a04d37c9e791a707e470eb76f54abd6d7b7987a8f9aea91fb0f7/program", "sha256": "d44722c8682d1b7013909325089548b2607c0714ebf23531162268e051451121"}, "bundle": {"artifacts": {"boundaries.jsonl": {"bytes": 9625, "path": "/home/x/deco/gamma/projects/enwiki9/results/midas_open_boundary_observer_unit_20260906/fixtures/K-decode/boundaries.jsonl", "sha256": "1691acee9c6c72ce70f8f08597ba6aa0aac61b5a5e154721c148652d8052eaf3"}, "data": {"bytes": 65, "path": "/home/x/deco/gamma/projects/enwiki9/results/midas_open_boundary_observer_unit_20260906/fixtures/K-decode/data", "sha256": "ce4c5c9097270aaca5630ec6ca4b48c145a1bb24462589a0ec3f69cd5c9b2a5c"}, "probabilities.bin": {"bytes": 1061, "path": "/home/x/deco/gamma/projects/enwiki9/results/midas_open_boundary_observer_unit_20260906/fixtures/K-decode/probabilities.bin", "sha256": "950bbb38afb4c9f3886333ef4b3d7a80fdfe6f474fed246d2914a88e9192137d"}, "snapshots.bin": {"bytes": 5781260, "path": "/home/x/deco/gamma/projects/enwiki9/results/midas_open_boundary_observer_unit_20260906/fixtures/K-decode/snapshots.bin", "sha256": "bd6ee4112c003af124404576caf5fe3e8dcb86f4a28ef90885e6a02c6ccf59ce"}, "state.bin": {"bytes": 1552852, "path": "/home/x/deco/gamma/projects/enwiki9/results/midas_open_boundary_observer_unit_20260906/fixtures/K-decode/state.bin", "sha256": "9e0d843c55c52db9d2cca564388f2c63716837237bcc07803e5c7696bc66a5bc"}, "summary.json": {"bytes": 633, "path": "/home/x/deco/gamma/projects/enwiki9/results/midas_open_boundary_observer_unit_20260906/fixtures/K-decode/summary.json", "sha256": "d3eae182883bc24b29662077c6225ba04576910c57539b938ef76361673e7b45"}}, "header": {"archive_arm": 0, "model_tag": 1330660865, "raw_bytes": 65, "records": 520}, "summary": {"archive_bytes": 105, "arm": "K", "boundary_bytes": 9625, "boundary_records": 4, "complete_package_bytes": null, "exact_snapshots": true, "frontend": "raw_identity_v1", "max_raw_bytes": 65, "model_updates": 1, "objective_credit_bytes": 0, "observed_codec_cpu_seconds": 0.077903, "observed_codec_wall_seconds": 0.07738748, "operation": "decode", "probability_bytes": 1061, "probability_records": 520, "process_peak_rss_kib": 29064, "raw_bytes": 65, "resource_qualified": false, "schema": "midas_open_boundary_observer_v1", "snapshot_bytes": 5781260, "state_bytes": 1552852, "timing_scope": "whole codec including observer; excludes final publication; shared-host diagnostic"}}, "complete_package_bytes": null, "external_wall_seconds": 0.18278490589000285, "objective_credit_bytes": 0, "resource_qualified": false, "schema": "midas_open_boundary_observer_execution_v1", "timing_scope": "shared-host whole codec including observation and publication; not kernel-only"}, {"binary": {"bytes": 432528, "path": "/home/x/deco/gamma/projects/enwiki9/results/midas_open_boundary_observer_unit_20260906/fixtures/cache/entries/a97b56968c98a04d37c9e791a707e470eb76f54abd6d7b7987a8f9aea91fb0f7/program", "sha256": "d44722c8682d1b7013909325089548b2607c0714ebf23531162268e051451121"}, "bundle": {"artifacts": {"boundaries.jsonl": {"bytes": 9625, "path": "/home/x/deco/gamma/projects/enwiki9/results/midas_open_boundary_observer_unit_20260906/fixtures/K-repeat/boundaries.jsonl", "sha256": "1691acee9c6c72ce70f8f08597ba6aa0aac61b5a5e154721c148652d8052eaf3"}, "data": {"bytes": 105, "path": "/home/x/deco/gamma/projects/enwiki9/results/midas_open_boundary_observer_unit_20260906/fixtures/K-repeat/data", "sha256": "b42868fca6dce9d28652b6e27249df60f62506f56f60a9ace6df63ff40dd010e"}, "probabilities.bin": {"bytes": 1061, "path": "/home/x/deco/gamma/projects/enwiki9/results/midas_open_boundary_observer_unit_20260906/fixtures/K-repeat/probabilities.bin", "sha256": "950bbb38afb4c9f3886333ef4b3d7a80fdfe6f474fed246d2914a88e9192137d"}, "snapshots.bin": {"bytes": 5781260, "path": "/home/x/deco/gamma/projects/enwiki9/results/midas_open_boundary_observer_unit_20260906/fixtures/K-repeat/snapshots.bin", "sha256": "bd6ee4112c003af124404576caf5fe3e8dcb86f4a28ef90885e6a02c6ccf59ce"}, "state.bin": {"bytes": 1552852, "path": "/home/x/deco/gamma/projects/enwiki9/results/midas_open_boundary_observer_unit_20260906/fixtures/K-repeat/state.bin", "sha256": "9e0d843c55c52db9d2cca564388f2c63716837237bcc07803e5c7696bc66a5bc"}, "summary.json": {"bytes": 634, "path": "/home/x/deco/gamma/projects/enwiki9/results/midas_open_boundary_observer_unit_20260906/fixtures/K-repeat/summary.json", "sha256": "1db269d4f7971658febd14e61108d61d80942d68ced0e279b276f07296603d3b"}}, "header": {"archive_arm": 0, "model_tag": 1330660865, "raw_bytes": 65, "records": 520}, "summary": {"archive_bytes": 105, "arm": "K", "boundary_bytes": 9625, "boundary_records": 4, "complete_package_bytes": null, "exact_snapshots": true, "frontend": "raw_identity_v1", "max_raw_bytes": 65, "model_updates": 1, "objective_credit_bytes": 0, "observed_codec_cpu_seconds": 0.077691, "observed_codec_wall_seconds": 0.077033433, "operation": "encode", "probability_bytes": 1061, "probability_records": 520, "process_peak_rss_kib": 29832, "raw_bytes": 65, "resource_qualified": false, "schema": "midas_open_boundary_observer_v1", "snapshot_bytes": 5781260, "state_bytes": 1552852, "timing_scope": "whole codec including observer; excludes final publication; shared-host diagnostic"}}, "complete_package_bytes": null, "external_wall_seconds": 0.17686502309516072, "objective_credit_bytes": 0, "resource_qualified": false, "schema": "midas_open_boundary_observer_execution_v1", "timing_scope": "shared-host whole codec including observation and publication; not kernel-only"}], "P": [{"binary": {"bytes": 432528, "path": "/home/x/deco/gamma/projects/enwiki9/results/midas_open_boundary_observer_unit_20260906/fixtures/cache/entries/a97b56968c98a04d37c9e791a707e470eb76f54abd6d7b7987a8f9aea91fb0f7/program", "sha256": "d44722c8682d1b7013909325089548b2607c0714ebf23531162268e051451121"}, "bundle": {"artifacts": {"boundaries.jsonl": {"bytes": 9604, "path": "/home/x/deco/gamma/projects/enwiki9/results/midas_open_boundary_observer_unit_20260906/fixtures/P-encode/boundaries.jsonl", "sha256": "f1562de18ae6a446e2f8b803ac3bad5cc21c92df44482e1036c4a9515e759915"}, "data": {"bytes": 105, "path": "/home/x/deco/gamma/projects/enwiki9/results/midas_open_boundary_observer_unit_20260906/fixtures/P-encode/data", "sha256": "b42868fca6dce9d28652b6e27249df60f62506f56f60a9ace6df63ff40dd010e"}, "probabilities.bin": {"bytes": 1061, "path": "/home/x/deco/gamma/projects/enwiki9/results/midas_open_boundary_observer_unit_20260906/fixtures/P-encode/probabilities.bin", "sha256": "950bbb38afb4c9f3886333ef4b3d7a80fdfe6f474fed246d2914a88e9192137d"}, "snapshots.bin": {"bytes": 4606706, "path": "/home/x/deco/gamma/projects/enwiki9/results/midas_open_boundary_observer_unit_20260906/fixtures/P-encode/snapshots.bin", "sha256": "bbb61fecb63c980f84e475437a356e7f6c3475617424a0e705ec2dcdf43cae37"}, "state.bin": {"bytes": 1161334, "path": "/home/x/deco/gamma/projects/enwiki9/results/midas_open_boundary_observer_unit_20260906/fixtures/P-encode/state.bin", "sha256": "13364fb7e76203a568369a300f14dbc7a785932ba5f84d25fcea82fd55bd2ece"}, "summary.json": {"bytes": 634, "path": "/home/x/deco/gamma/projects/enwiki9/results/midas_open_boundary_observer_unit_20260906/fixtures/P-encode/summary.json", "sha256": "c4437c1b95f46d5e14c108444de5df87616af4a3904beb90e72d2b9747244eb6"}}, "header": {"archive_arm": 0, "model_tag": 1330660865, "raw_bytes": 65, "records": 520}, "summary": {"archive_bytes": 105, "arm": "P", "boundary_bytes": 9604, "boundary_records": 4, "complete_package_bytes": null, "exact_snapshots": true, "frontend": "raw_identity_v1", "max_raw_bytes": 65, "model_updates": 1, "objective_credit_bytes": 0, "observed_codec_cpu_seconds": 0.055324, "observed_codec_wall_seconds": 0.054859665, "operation": "encode", "probability_bytes": 1061, "probability_records": 520, "process_peak_rss_kib": 27748, "raw_bytes": 65, "resource_qualified": false, "schema": "midas_open_boundary_observer_v1", "snapshot_bytes": 4606706, "state_bytes": 1161334, "timing_scope": "whole codec including observer; excludes final publication; shared-host diagnostic"}}, "complete_package_bytes": null, "external_wall_seconds": 0.15174084389582276, "objective_credit_bytes": 0, "resource_qualified": false, "schema": "midas_open_boundary_observer_execution_v1", "timing_scope": "shared-host whole codec including observation and publication; not kernel-only"}, {"binary": {"bytes": 432528, "path": "/home/x/deco/gamma/projects/enwiki9/results/midas_open_boundary_observer_unit_20260906/fixtures/cache/entries/a97b56968c98a04d37c9e791a707e470eb76f54abd6d7b7987a8f9aea91fb0f7/program", "sha256": "d44722c8682d1b7013909325089548b2607c0714ebf23531162268e051451121"}, "bundle": {"artifacts": {"boundaries.jsonl": {"bytes": 9604, "path": "/home/x/deco/gamma/projects/enwiki9/results/midas_open_boundary_observer_unit_20260906/fixtures/P-decode/boundaries.jsonl", "sha256": "f1562de18ae6a446e2f8b803ac3bad5cc21c92df44482e1036c4a9515e759915"}, "data": {"bytes": 65, "path": "/home/x/deco/gamma/projects/enwiki9/results/midas_open_boundary_observer_unit_20260906/fixtures/P-decode/data", "sha256": "ce4c5c9097270aaca5630ec6ca4b48c145a1bb24462589a0ec3f69cd5c9b2a5c"}, "probabilities.bin": {"bytes": 1061, "path": "/home/x/deco/gamma/projects/enwiki9/results/midas_open_boundary_observer_unit_20260906/fixtures/P-decode/probabilities.bin", "sha256": "950bbb38afb4c9f3886333ef4b3d7a80fdfe6f474fed246d2914a88e9192137d"}, "snapshots.bin": {"bytes": 4606706, "path": "/home/x/deco/gamma/projects/enwiki9/results/midas_open_boundary_observer_unit_20260906/fixtures/P-decode/snapshots.bin", "sha256": "bbb61fecb63c980f84e475437a356e7f6c3475617424a0e705ec2dcdf43cae37"}, "state.bin": {"bytes": 1161334, "path": "/home/x/deco/gamma/projects/enwiki9/results/midas_open_boundary_observer_unit_20260906/fixtures/P-decode/state.bin", "sha256": "13364fb7e76203a568369a300f14dbc7a785932ba5f84d25fcea82fd55bd2ece"}, "summary.json": {"bytes": 634, "path": "/home/x/deco/gamma/projects/enwiki9/results/midas_open_boundary_observer_unit_20260906/fixtures/P-decode/summary.json", "sha256": "19ff0dde088dcc772c79b0014e2b806d4b36f6ed82f52cc443b2377bc4ce69b4"}}, "header": {"archive_arm": 0, "model_tag": 1330660865, "raw_bytes": 65, "records": 520}, "summary": {"archive_bytes": 105, "arm": "P", "boundary_bytes": 9604, "boundary_records": 4, "complete_package_bytes": null, "exact_snapshots": true, "frontend": "raw_identity_v1", "max_raw_bytes": 65, "model_updates": 1, "objective_credit_bytes": 0, "observed_codec_cpu_seconds": 0.055257, "observed_codec_wall_seconds": 0.054643297, "operation": "decode", "probability_bytes": 1061, "probability_records": 520, "process_peak_rss_kib": 29064, "raw_bytes": 65, "resource_qualified": false, "schema": "midas_open_boundary_observer_v1", "snapshot_bytes": 4606706, "state_bytes": 1161334, "timing_scope": "whole codec including observer; excludes final publication; shared-host diagnostic"}}, "complete_package_bytes": null, "external_wall_seconds": 0.15564919798634946, "objective_credit_bytes": 0, "resource_qualified": false, "schema": "midas_open_boundary_observer_execution_v1", "timing_scope": "shared-host whole codec including observation and publication; not kernel-only"}, {"binary": {"bytes": 432528, "path": "/home/x/deco/gamma/projects/enwiki9/results/midas_open_boundary_observer_unit_20260906/fixtures/cache/entries/a97b56968c98a04d37c9e791a707e470eb76f54abd6d7b7987a8f9aea91fb0f7/program", "sha256": "d44722c8682d1b7013909325089548b2607c0714ebf23531162268e051451121"}, "bundle": {"artifacts": {"boundaries.jsonl": {"bytes": 9604, "path": "/home/x/deco/gamma/projects/enwiki9/results/midas_open_boundary_observer_unit_20260906/fixtures/P-repeat/boundaries.jsonl", "sha256": "f1562de18ae6a446e2f8b803ac3bad5cc21c92df44482e1036c4a9515e759915"}, "data": {"bytes": 105, "path": "/home/x/deco/gamma/projects/enwiki9/results/midas_open_boundary_observer_unit_20260906/fixtures/P-repeat/data", "sha256": "b42868fca6dce9d28652b6e27249df60f62506f56f60a9ace6df63ff40dd010e"}, "probabilities.bin": {"bytes": 1061, "path": "/home/x/deco/gamma/projects/enwiki9/results/midas_open_boundary_observer_unit_20260906/fixtures/P-repeat/probabilities.bin", "sha256": "950bbb38afb4c9f3886333ef4b3d7a80fdfe6f474fed246d2914a88e9192137d"}, "snapshots.bin": {"bytes": 4606706, "path": "/home/x/deco/gamma/projects/enwiki9/results/midas_open_boundary_observer_unit_20260906/fixtures/P-repeat/snapshots.bin", "sha256": "bbb61fecb63c980f84e475437a356e7f6c3475617424a0e705ec2dcdf43cae37"}, "state.bin": {"bytes": 1161334, "path": "/home/x/deco/gamma/projects/enwiki9/results/midas_open_boundary_observer_unit_20260906/fixtures/P-repeat/state.bin", "sha256": "13364fb7e76203a568369a300f14dbc7a785932ba5f84d25fcea82fd55bd2ece"}, "summary.json": {"bytes": 634, "path": "/home/x/deco/gamma/projects/enwiki9/results/midas_open_boundary_observer_unit_20260906/fixtures/P-repeat/summary.json", "sha256": "0f59f1ff0d7fdfd4198b9d6f1c8e90bdbf3c9f2ea698e83b3e58f3a9771aab0e"}}, "header": {"archive_arm": 0, "model_tag": 1330660865, "raw_bytes": 65, "records": 520}, "summary": {"archive_bytes": 105, "arm": "P", "boundary_bytes": 9604, "boundary_records": 4, "complete_package_bytes": null, "exact_snapshots": true, "frontend": "raw_identity_v1", "max_raw_bytes": 65, "model_updates": 1, "objective_credit_bytes": 0, "observed_codec_cpu_seconds": 0.058673, "observed_codec_wall_seconds": 0.058035188, "operation": "encode", "probability_bytes": 1061, "probability_records": 520, "process_peak_rss_kib": 29064, "raw_bytes": 65, "resource_qualified": false, "schema": "midas_open_boundary_observer_v1", "snapshot_bytes": 4606706, "state_bytes": 1161334, "timing_scope": "whole codec including observer; excludes final publication; shared-host diagnostic"}}, "complete_package_bytes": null, "external_wall_seconds": 0.153632088098675, "objective_credit_bytes": 0, "resource_qualified": false, "schema": "midas_open_boundary_observer_execution_v1", "timing_scope": "shared-host whole codec including observation and publication; not kernel-only"}], "S": [{"binary": {"bytes": 432528, "path": "/home/x/deco/gamma/projects/enwiki9/results/midas_open_boundary_observer_unit_20260906/fixtures/cache/entries/a97b56968c98a04d37c9e791a707e470eb76f54abd6d7b7987a8f9aea91fb0f7/program", "sha256": "d44722c8682d1b7013909325089548b2607c0714ebf23531162268e051451121"}, "bundle": {"artifacts": {"boundaries.jsonl": {"bytes": 9604, "path": "/home/x/deco/gamma/projects/enwiki9/results/midas_open_boundary_observer_unit_20260906/fixtures/S-encode/boundaries.jsonl", "sha256": "665e1bd6989ce8082526a5451564e82f71ac6fb6055ce4175f4cb8621ad74155"}, "data": {"bytes": 105, "path": "/home/x/deco/gamma/projects/enwiki9/results/midas_open_boundary_observer_unit_20260906/fixtures/S-encode/data", "sha256": "246317ec4aa9ff5f0eeb23b58788a92b96c4a727db8f7b10e76fec671ad569a0"}, "probabilities.bin": {"bytes": 1061, "path": "/home/x/deco/gamma/projects/enwiki9/results/midas_open_boundary_observer_unit_20260906/fixtures/S-encode/probabilities.bin", "sha256": "570f6ae2985053f18698a1d258d8796f576be3bf2cf01b4025584247715290e4"}, "snapshots.bin": {"bytes": 4606708, "path": "/home/x/deco/gamma/projects/enwiki9/results/midas_open_boundary_observer_unit_20260906/fixtures/S-encode/snapshots.bin", "sha256": "f4be18b395fb26b95f9cc33a7e040bc9fc324d23e3a597bb38f7ff1581d169c8"}, "state.bin": {"bytes": 1161334, "path": "/home/x/deco/gamma/projects/enwiki9/results/midas_open_boundary_observer_unit_20260906/fixtures/S-encode/state.bin", "sha256": "1bfc634c052649e52dd13e94cbd2e832940143e3220d63c7e2d9502ab00ec8b7"}, "summary.json": {"bytes": 634, "path": "/home/x/deco/gamma/projects/enwiki9/results/midas_open_boundary_observer_unit_20260906/fixtures/S-encode/summary.json", "sha256": "08b4c2e31531e64c3edf2cf6b92b9b0b093ac5106cb1a6bdb1c386f24aa49fe2"}}, "header": {"archive_arm": 2, "model_tag": 1330660865, "raw_bytes": 65, "records": 520}, "summary": {"archive_bytes": 105, "arm": "S", "boundary_bytes": 9604, "boundary_records": 4, "complete_package_bytes": null, "exact_snapshots": true, "frontend": "raw_identity_v1", "max_raw_bytes": 65, "model_updates": 2, "objective_credit_bytes": 0, "observed_codec_cpu_seconds": 0.061716, "observed_codec_wall_seconds": 0.061601517, "operation": "encode", "probability_bytes": 1061, "probability_records": 520, "process_peak_rss_kib": 28960, "raw_bytes": 65, "resource_qualified": false, "schema": "midas_open_boundary_observer_v1", "snapshot_bytes": 4606708, "state_bytes": 1161334, "timing_scope": "whole codec including observer; excludes final publication; shared-host diagnostic"}}, "complete_package_bytes": null, "external_wall_seconds": 0.15608951798640192, "objective_credit_bytes": 0, "resource_qualified": false, "schema": "midas_open_boundary_observer_execution_v1", "timing_scope": "shared-host whole codec including observation and publication; not kernel-only"}, {"binary": {"bytes": 432528, "path": "/home/x/deco/gamma/projects/enwiki9/results/midas_open_boundary_observer_unit_20260906/fixtures/cache/entries/a97b56968c98a04d37c9e791a707e470eb76f54abd6d7b7987a8f9aea91fb0f7/program", "sha256": "d44722c8682d1b7013909325089548b2607c0714ebf23531162268e051451121"}, "bundle": {"artifacts": {"boundaries.jsonl": {"bytes": 9604, "path": "/home/x/deco/gamma/projects/enwiki9/results/midas_open_boundary_observer_unit_20260906/fixtures/S-decode/boundaries.jsonl", "sha256": "665e1bd6989ce8082526a5451564e82f71ac6fb6055ce4175f4cb8621ad74155"}, "data": {"bytes": 65, "path": "/home/x/deco/gamma/projects/enwiki9/results/midas_open_boundary_observer_unit_20260906/fixtures/S-decode/data", "sha256": "ce4c5c9097270aaca5630ec6ca4b48c145a1bb24462589a0ec3f69cd5c9b2a5c"}, "probabilities.bin": {"bytes": 1061, "path": "/home/x/deco/gamma/projects/enwiki9/results/midas_open_boundary_observer_unit_20260906/fixtures/S-decode/probabilities.bin", "sha256": "570f6ae2985053f18698a1d258d8796f576be3bf2cf01b4025584247715290e4"}, "snapshots.bin": {"bytes": 4606708, "path": "/home/x/deco/gamma/projects/enwiki9/results/midas_open_boundary_observer_unit_20260906/fixtures/S-decode/snapshots.bin", "sha256": "f4be18b395fb26b95f9cc33a7e040bc9fc324d23e3a597bb38f7ff1581d169c8"}, "state.bin": {"bytes": 1161334, "path": "/home/x/deco/gamma/projects/enwiki9/results/midas_open_boundary_observer_unit_20260906/fixtures/S-decode/state.bin", "sha256": "1bfc634c052649e52dd13e94cbd2e832940143e3220d63c7e2d9502ab00ec8b7"}, "summary.json": {"bytes": 634, "path": "/home/x/deco/gamma/projects/enwiki9/results/midas_open_boundary_observer_unit_20260906/fixtures/S-decode/summary.json", "sha256": "38958d25df068a6ebb5d980a649a0f758224d10584b6967e6753f1fba456430f"}}, "header": {"archive_arm": 2, "model_tag": 1330660865, "raw_bytes": 65, "records": 520}, "summary": {"archive_bytes": 105, "arm": "S", "boundary_bytes": 9604, "boundary_records": 4, "complete_package_bytes": null, "exact_snapshots": true, "frontend": "raw_identity_v1", "max_raw_bytes": 65, "model_updates": 2, "objective_credit_bytes": 0, "observed_codec_cpu_seconds": 0.062658, "observed_codec_wall_seconds": 0.061843893, "operation": "decode", "probability_bytes": 1061, "probability_records": 520, "process_peak_rss_kib": 29832, "raw_bytes": 65, "resource_qualified": false, "schema": "midas_open_boundary_observer_v1", "snapshot_bytes": 4606708, "state_bytes": 1161334, "timing_scope": "whole codec including observer; excludes final publication; shared-host diagnostic"}}, "complete_package_bytes": null, "external_wall_seconds": 0.1774893591646105, "objective_credit_bytes": 0, "resource_qualified": false, "schema": "midas_open_boundary_observer_execution_v1", "timing_scope": "shared-host whole codec including observation and publication; not kernel-only"}, {"binary": {"bytes": 432528, "path": "/home/x/deco/gamma/projects/enwiki9/results/midas_open_boundary_observer_unit_20260906/fixtures/cache/entries/a97b56968c98a04d37c9e791a707e470eb76f54abd6d7b7987a8f9aea91fb0f7/program", "sha256": "d44722c8682d1b7013909325089548b2607c0714ebf23531162268e051451121"}, "bundle": {"artifacts": {"boundaries.jsonl": {"bytes": 9604, "path": "/home/x/deco/gamma/projects/enwiki9/results/midas_open_boundary_observer_unit_20260906/fixtures/S-repeat/boundaries.jsonl", "sha256": "665e1bd6989ce8082526a5451564e82f71ac6fb6055ce4175f4cb8621ad74155"}, "data": {"bytes": 105, "path": "/home/x/deco/gamma/projects/enwiki9/results/midas_open_boundary_observer_unit_20260906/fixtures/S-repeat/data", "sha256": "246317ec4aa9ff5f0eeb23b58788a92b96c4a727db8f7b10e76fec671ad569a0"}, "probabilities.bin": {"bytes": 1061, "path": "/home/x/deco/gamma/projects/enwiki9/results/midas_open_boundary_observer_unit_20260906/fixtures/S-repeat/probabilities.bin", "sha256": "570f6ae2985053f18698a1d258d8796f576be3bf2cf01b4025584247715290e4"}, "snapshots.bin": {"bytes": 4606708, "path": "/home/x/deco/gamma/projects/enwiki9/results/midas_open_boundary_observer_unit_20260906/fixtures/S-repeat/snapshots.bin", "sha256": "f4be18b395fb26b95f9cc33a7e040bc9fc324d23e3a597bb38f7ff1581d169c8"}, "state.bin": {"bytes": 1161334, "path": "/home/x/deco/gamma/projects/enwiki9/results/midas_open_boundary_observer_unit_20260906/fixtures/S-repeat/state.bin", "sha256": "1bfc634c052649e52dd13e94cbd2e832940143e3220d63c7e2d9502ab00ec8b7"}, "summary.json": {"bytes": 634, "path": "/home/x/deco/gamma/projects/enwiki9/results/midas_open_boundary_observer_unit_20260906/fixtures/S-repeat/summary.json", "sha256": "e18a9e61d6206c9af0429b11c166814ff5a0cd6ca85a61b9e93c99e2e2ff51ce"}}, "header": {"archive_arm": 2, "model_tag": 1330660865, "raw_bytes": 65, "records": 520}, "summary": {"archive_bytes": 105, "arm": "S", "boundary_bytes": 9604, "boundary_records": 4, "complete_package_bytes": null, "exact_snapshots": true, "frontend": "raw_identity_v1", "max_raw_bytes": 65, "model_updates": 2, "objective_credit_bytes": 0, "observed_codec_cpu_seconds": 0.061573, "observed_codec_wall_seconds": 0.061027836, "operation": "encode", "probability_bytes": 1061, "probability_records": 520, "process_peak_rss_kib": 29832, "raw_bytes": 65, "resource_qualified": false, "schema": "midas_open_boundary_observer_v1", "snapshot_bytes": 4606708, "state_bytes": 1161334, "timing_scope": "whole codec including observer; excludes final publication; shared-host diagnostic"}}, "complete_package_bytes": null, "external_wall_seconds": 0.17374345008283854, "objective_credit_bytes": 0, "resource_qualified": false, "schema": "midas_open_boundary_observer_execution_v1", "timing_scope": "shared-host whole codec including observation and publication; not kernel-only"}]}, "cpu_affinity": [2], "objective_credit_bytes": 0, "raw_hex": "031425364758697a8b9cadbecfe0f102132435465768798a9bacbdcedff00112233445566778899aabbccddeef00112233445566778899aabbccddeeff10213243", "raw_source_removed_before_decode": true, "resource_qualified": false, "scope": "synthetic65 exact archives and every32byte state/probability observations"}
{
  "resource_guard": {
    "cgroup": {
      "inode": 227508,
      "joined_before_exec": true,
      "memory_max_bytes": 2147483648,
      "memory_max_rounding_bytes": 0,
      "memory_peak_reset": true,
      "path": "/sys/fs/cgroup/user.slice/user-1000.slice/user@1000.service/app.slice/gamma-enwiki9-20260906_midas_boundary_observer_unit_v1",
      "previous_memory_max": "2147483648",
      "requested_memory_max_bytes": 2147483648
    },
    "cgroup_events": {
      "baseline": {
        "high": 0,
        "low": 0,
        "max": 0,
        "oom": 0,
        "oom_group_kill": 0,
        "oom_kill": 0,
        "sock_throttled": 0
      },
      "delta": {
        "high": 0,
        "low": 0,
        "max": 0,
        "oom": 0,
        "oom_group_kill": 0,
        "oom_kill": 0,
        "sock_throttled": 0
      },
      "final": {
        "high": 0,
        "low": 0,
        "max": 0,
        "oom": 0,
        "oom_group_kill": 0,
        "oom_kill": 0,
        "sock_throttled": 0
      }
    },
    "command": [
      "/usr/bin/taskset",
      "--cpu-list",
      "2",
      "/bin/sh",
      "-c",
      "printf '%s\\n' '{\"phase\":\"diagnostic\",\"event\":\"worker_start\",\"detail\":\"operational envelope only; no codec phase credit\"}' >> \"$GAMMA_RESOURCE_PHASE_MARKERS\" || exit 125; exec \"$@\"",
      "enwiki9-discovery-envelope",
      "/usr/bin/prlimit",
      "--as=2147483648",
      "--cpu=240",
      "--fsize=33554432",
      "--",
      "/usr/bin/python3",
      "-B",
      "-m",
      "unittest",
      "discover",
      "-s",
      "tests",
      "-p",
      "test_midas_open_boundary_observer.py",
      "-v"
    ],
    "command_sha256": "283b26f0173ceb0068eb11784537b2aadb6c6f42929de01ca859172ed67275ac",
    "elapsed_s": 14.0756,
    "geekbench5_single_core_score": null,
    "guards": {
      "cgroup_memory_guard_exceeded": false,
      "logical_cpu_guard_exceeded": false,
      "measurement_incomplete": false,
      "official_decimal_memory_exceeded": false,
      "phase_marker_invalid": false,
      "rss_guard_exceeded": false,
      "temporary_disk_guard_exceeded": false,
      "wall_time_guard_exceeded": false
    },
    "label": "20260906_midas_boundary_observer_unit_v1",
    "latest_sample": {
      "allowed_cpu_union": [],
      "cgroup_current_bytes": 78446592,
      "elapsed_s": 14.0743,
      "max_single_rss_kib": 0,
      "persistent_status_misses": [],
      "processes": [],
      "scratch_allocated_bytes": 74915840,
      "scratch_file_count": 79,
      "scratch_logical_bytes": 74617217,
      "scratch_race_count": 0,
      "tree_live_threads": 0,
      "tree_rss_kib": 0,
      "tree_runnable_threads": 0
    },
    "limit_kib": 2097152,
    "limit_mode": "tree",
    "max_logical_cpus": 1,
    "measurements": {
      "affinity_complete": true,
      "cgroup_v2_complete": true,
      "per_process_vmhwm_sampled": true,
      "phase_markers_complete": true,
      "process_tree_rss_complete": true,
      "scratch_logical_and_allocated_complete": true,
      "smaps_rollup_complete": true
    },
    "objective": {
      "corpusBytes": 1000000000,
      "corpusSha256": "159b85351e5f76e60cbe32e04c677847a9ecba3adc79addab6f4c6c7aa3744bc",
      "objectiveDigest": "sha256:16badfa6c1a53b47bcc12b089fdd9c21f7405ea56a84344d60c28d2252da8288",
      "objectiveId": "gamma-enwiki9-hutter-99m-v2",
      "objectivePath": "contracts/research/v2/objective-contract.json",
      "targetScoreBytes": 99000000
    },
    "official_decimal_limit_kib": 2097152,
    "peak_process_vmhwm": {
      "comm": "cc1plus",
      "observed_elapsed_s": 5.547,
      "pid": 2797456,
      "start_ticks": 175977893,
      "vmhwm_kib": 324544
    },
    "peak_sample": {
      "allowed_cpu_union": [
        2
      ],
      "cgroup_current_bytes": 317423616,
      "elapsed_s": 5.547,
      "max_single_rss_kib": 324544,
      "persistent_status_misses": [],
      "processes": [
        {
          "allowed_cpus": [
            2
          ],
          "comm": "python3",
          "live_threads": 1,
          "pid": 2796587,
          "rss_kib": 26120,
          "runnable_threads": 0,
          "start_ticks": 175977449,
          "vmhwm_kib": 26308
        },
        {
          "allowed_cpus": [
            2
          ],
          "comm": "g++",
          "live_threads": 1,
          "pid": 2796763,
          "rss_kib": 3072,
          "runnable_threads": 0,
          "start_ticks": 175977523,
          "vmhwm_kib": 3072
        },
        {
          "allowed_cpus": [
            2
          ],
          "comm": "cc1plus",
          "live_threads": 1,
          "pid": 2797456,
          "rss_kib": 324544,
          "runnable_threads": 1,
          "start_ticks": 175977893,
          "vmhwm_kib": 324544
        }
      ],
      "scratch_allocated_bytes": 221184,
      "scratch_file_count": 15,
      "scratch_logical_bytes": 157115,
      "scratch_race_count": 0,
      "tree_live_threads": 3,
      "tree_rss_kib": 353736,
      "tree_runnable_threads": 1
    },
    "peak_tree_sample": {
      "allowed_cpu_union": [
        2
      ],
      "cgroup_current_bytes": 317423616,
      "elapsed_s": 5.547,
      "max_single_rss_kib": 324544,
      "persistent_status_misses": [],
      "processes": [
        {
          "allowed_cpus": [
            2
          ],
          "comm": "python3",
          "live_threads": 1,
          "pid": 2796587,
          "rss_kib": 26120,
          "runnable_threads": 0,
          "start_ticks": 175977449,
          "vmhwm_kib": 26308
        },
        {
          "allowed_cpus": [
            2
          ],
          "comm": "g++",
          "live_threads": 1,
          "pid": 2796763,
          "rss_kib": 3072,
          "runnable_threads": 0,
          "start_ticks": 175977523,
          "vmhwm_kib": 3072
        },
        {
          "allowed_cpus": [
            2
          ],
          "comm": "cc1plus",
          "live_threads": 1,
          "pid": 2797456,
          "rss_kib": 324544,
          "runnable_threads": 1,
          "start_ticks": 175977893,
          "vmhwm_kib": 324544
        }
      ],
      "scratch_allocated_bytes": 221184,
      "scratch_file_count": 15,
      "scratch_logical_bytes": 157115,
      "scratch_race_count": 0,
      "tree_live_threads": 3,
      "tree_rss_kib": 353736,
      "tree_runnable_threads": 1
    },
    "peaks": {
      "cgroup_memory_peak_bytes": 318414848,
      "max_observed_process_vmhwm_kib": 324544,
      "max_sampled_allowed_cpu_count": 1,
      "max_sampled_cgroup_current_bytes": 317423616,
      "max_sampled_scratch_allocated_bytes": 80687104,
      "max_sampled_scratch_logical_bytes": 80361959,
      "max_sampled_single_rss_kib": 324544,
      "max_sampled_tree_live_threads": 3,
      "max_sampled_tree_rss_kib": 353736,
      "max_sampled_tree_runnable_threads": 1
    },
    "phase": "diagnostic",
    "phase_marker_path": "/home/x/deco/gamma/projects/enwiki9/run_logs/adaptive/20260906_midas_boundary_observer_unit_v1.resources/phases.jsonl",
    "phase_markers": [
      {
        "detail": "operational envelope only; no codec phase credit",
        "event": "worker_start",
        "observed_elapsed_s": 0.0224,
        "phase": "diagnostic",
        "source_line": 1
      }
    ],
    "returncode": 0,
    "sample_count": 29,
    "sample_interval_seconds": 0.5,
    "schema": "gamma.enwiki9.resource-guard-receipt.v3",
    "scratch_paths": [
      "/home/x/deco/gamma/projects/enwiki9/results/midas_open_boundary_observer_unit_20260906",
      "/home/x/deco/gamma/projects/enwiki9/run_logs/adaptive/20260906_midas_boundary_observer_unit_v1.log",
      "/home/x/deco/gamma/projects/enwiki9/run_logs/adaptive/20260906_midas_boundary_observer_unit_v1.resources"
    ],
    "smaps_rollup_checkpoints": [
      {
        "elapsed_s": 0.0224,
        "processes": [
          {
            "pid": 2796587,
            "rollup_kib": {
              "AnonHugePages": 0,
              "Anonymous": 3444,
              "FilePmdMapped": 0,
              "KSM": 0,
              "LazyFree": 0,
              "Locked": 0,
              "Private_Clean": 24,
              "Private_Dirty": 3444,
              "Private_Hugetlb": 0,
              "Pss": 4211,
              "Pss_Anon": 3444,
              "Pss_Dirty": 3444,
              "Pss_File": 767,
              "Pss_Shmem": 0,
              "Referenced": 10188,
              "Rss": 10188,
              "Shared_Clean": 6720,
              "Shared_Dirty": 0,
              "Shared_Hugetlb": 0,
              "ShmemPmdMapped": 0,
              "Swap": 0,
              "SwapPss": 0
            },
            "start_ticks": 175977449
          }
        ],
        "reason": "initial+phase_marker+rss_growth",
        "tree_rss_kib": 9860
      },
      {
        "elapsed_s": 1.5268,
        "processes": [
          {
            "pid": 2796587,
            "rollup_kib": {
              "AnonHugePages": 0,
              "Anonymous": 13832,
              "FilePmdMapped": 0,
              "KSM": 0,
              "LazyFree": 0,
              "Locked": 0,
              "Private_Clean": 24,
              "Private_Dirty": 13832,
              "Private_Hugetlb": 0,
              "Pss": 14989,
              "Pss_Anon": 13832,
              "Pss_Dirty": 13832,
              "Pss_File": 1157,
              "Pss_Shmem": 0,
              "Referenced": 26120,
              "Rss": 26120,
              "Shared_Clean": 12264,
              "Shared_Dirty": 0,
              "Shared_Hugetlb": 0,
              "ShmemPmdMapped": 0,
              "Swap": 0,
              "SwapPss": 0
            },
            "start_ticks": 175977449
          },
          {
            "pid": 2796763,
            "rollup_kib": {
              "AnonHugePages": 0,
              "Anonymous": 280,
              "FilePmdMapped": 0,
              "KSM": 0,
              "LazyFree": 0,
              "Locked": 0,
              "Private_Clean": 1004,
              "Private_Dirty": 280,
              "Private_Hugetlb": 0,
              "Pss": 1305,
              "Pss_Anon": 280,
              "Pss_Dirty": 280,
              "Pss_File": 1025,
              "Pss_Shmem": 0,
              "Referenced": 3064,
              "Rss": 3064,
              "Shared_Clean": 1780,
              "Shared_Dirty": 0,
              "Shared_Hugetlb": 0,
              "ShmemPmdMapped": 0,
              "Swap": 0,
              "SwapPss": 0
            },
            "start_ticks": 175977523
          },
          {
            "pid": 2796764,
            "rollup_kib": {
              "AnonHugePages": 0,
              "Anonymous": 223804,
              "FilePmdMapped": 0,
              "KSM": 0,
              "LazyFree": 0,
              "Locked": 0,
              "Private_Clean": 18964,
              "Private_Dirty": 223804,
              "Private_Hugetlb": 0,
              "Pss": 243064,
              "Pss_Anon": 223804,
              "Pss_Dirty": 223804,
              "Pss_File": 19260,
              "Pss_Shmem": 0,
              "Referenced": 245900,
              "Rss": 245900,
              "Shared_Clean": 3132,
              "Shared_Dirty": 0,
              "Shared_Hugetlb": 0,
              "ShmemPmdMapped": 0,
              "Swap": 0,
              "SwapPss": 0
            },
            "start_ticks": 175977523
          }
        ],
        "reason": "rss_growth",
        "tree_rss_kib": 274904
      },
      {
        "elapsed_s": 14.0743,
        "processes": [],
        "reason": "terminal",
        "tree_rss_kib": 0
      }
    ],
    "status": "complete",
    "temporary_disk_limit_bytes": 536870912,
    "wall_time_limit_seconds": null
  }
}
