{"command": ["/usr/bin/python3", "/home/x/deco/gamma/projects/enwiki9/tools/run_with_rss_guard.py", "--limit-kib", "9765625", "--limit-mode", "tree", "--official-decimal-limit-kib", "9765625", "--guard-json", "results/nncp_ggml_profile_memory_transition_64_q0_v1/guard.json", "--label", "nncp_ggml_profile_memory_transition_64_q0_v1", "--phase", "diagnostic", "--scratch-path", "results/nncp_ggml_profile_memory_transition_64_q0_v1", "--temporary-disk-limit-bytes", "20000000000", "--", "python3", "tools/nncp_ggml_profile_memory_transition_64_q0.py", "--experiment", "operations/adaptive/experiments/nncp_ggml_profile_memory_transition_64_q0_v1.json", "--output", "results/nncp_ggml_profile_memory_transition_64_q0_v1/decision.json"], "job": {"candidate_id": "nncp_ggml_profile_memory_transition_64_q0_v1", "candidate_revision": {"path": "operations/adaptive/candidate-revisions/nncp_ggml_profile_memory_transition_64_q0_v1/20260815T231045304412Z_b061f15172ff.json", "sha256": "sha256:27a4d9980e5b02e0bc75ac954f22ad9a0ac4ebfbd121f6eb95d0db97e8c3e8ec"}, "candidate_tree_sha256": "sha256:b061f15172ff906e860e8c012b39bab157066a62f8c4cfaffa3af0f932bdc29a", "experiment": {"path": "operations/adaptive/experiments/nncp_ggml_profile_memory_transition_64_q0_v1.json", "sha256": "sha256:2487a5f7faaa9f2d8e888506fcb32fbd6fa95b92d0684875206d251711af31cf"}, "gate_size": 64, "job_id": "20260815T231108Z_4912fe7f1f", "priority": 1452, "proposal": {"path": "operations/adaptive/proposals/developed/000_nncp_ggml_profile_memory_transition_64_q0_v1.json", "sha256": "sha256:bcb69214e5227710e982c7bbda8707b8f2fcf600d886df1aa5f7daf955c04cc8"}, "proposal_id": "nncp_ggml_profile_memory_transition_64_q0_v1", "purpose": "infrastructure", "runner": {"path": "tools/run_with_rss_guard.py", "sha256": "sha256:005d55cdec6f3fabd5caa4acb78e75e0d6a07340e45e0e9577c5c7d8ea13d00e"}, "schema": "gamma.enwiki9.adaptive-job.v3", "scratch_directories": ["results/nncp_ggml_profile_memory_transition_64_q0_v1"], "started_at": "2026-08-15T23:11:23+00:00", "state": "running", "submitted_at": "2026-08-15T23:11:08+00:00", "tags": ["memory-transition", "open-ggml", "zero-credit"], "tool": "tools/run_with_rss_guard.py", "tool_args": ["--limit-kib", "9765625", "--limit-mode", "tree", "--official-decimal-limit-kib", "9765625", "--guard-json", "results/nncp_ggml_profile_memory_transition_64_q0_v1/guard.json", "--label", "nncp_ggml_profile_memory_transition_64_q0_v1", "--phase", "diagnostic", "--scratch-path", "results/nncp_ggml_profile_memory_transition_64_q0_v1", "--temporary-disk-limit-bytes", "20000000000", "--", "python3", "tools/nncp_ggml_profile_memory_transition_64_q0.py", "--experiment", "operations/adaptive/experiments/nncp_ggml_profile_memory_transition_64_q0_v1.json", "--output", "results/nncp_ggml_profile_memory_transition_64_q0_v1/decision.json"]}}
{"artifacts": [{"id": "state-digests", "path": "results/nncp_ggml_profile_memory_transition_64_q0_v1/state-digests.json", "sha256": "sha256:70bec6e2ffd21ac2bb218d369a018932d75c6fc6d1c905113326f7935cbede28"}, {"id": "execution", "path": "results/nncp_ggml_profile_memory_transition_64_q0_v1/execution.json", "sha256": "sha256:97dd36a9b4bb1fd1f1c4d0623a5d7669bd54db49cff526b49039e6b5d90e7837"}, {"id": "source-package", "path": "results/nncp_ggml_profile_memory_transition_64_q0_v1/incremental_source.tar.xz", "sha256": "sha256:3f07af82ba390dda6d305d8fc0d713979363319a050b224fe14e0dd624f8b584"}], "candidateId": "nncp_ggml_profile_memory_transition_64_q0_v1", "candidateRevision": {"candidateId": "nncp_ggml_profile_memory_transition_64_q0_v1", "candidateTreeSha256": "sha256:b061f15172ff906e860e8c012b39bab157066a62f8c4cfaffa3af0f932bdc29a", "receipt": {"path": "operations/adaptive/candidate-revisions/nncp_ggml_profile_memory_transition_64_q0_v1/20260815T231045304412Z_b061f15172ff.json", "sha256": "sha256:27a4d9980e5b02e0bc75ac954f22ad9a0ac4ebfbd121f6eb95d0db97e8c3e8ec"}}, "decision": "authorize-successor", "evidenceClass": "infrastructure", "experiment": {"path": "operations/adaptive/experiments/nncp_ggml_profile_memory_transition_64_q0_v1.json", "sha256": "sha256:2487a5f7faaa9f2d8e888506fcb32fbd6fa95b92d0684875206d251711af31cf"}, "generatedUtc": "2026-08-15T23:12:24+00:00", "killPass": false, "killPredicates": [{"id": "k-parent", "measurement": "q1ParentPass", "observed": true, "operator": "eq", "passed": true, "threshold": true}, {"id": "k-layers", "measurement": "layerPopulation", "observed": 20, "operator": "eq", "passed": true, "threshold": 20}, {"id": "k-identity", "measurement": "teacherOpenMemoryIdentity", "observed": true, "operator": "eq", "passed": false, "threshold": false}, {"id": "k-repeat", "measurement": "openMemoryDeterministic", "observed": true, "operator": "eq", "passed": true, "threshold": true}, {"id": "k-differences", "measurement": "differingMemoryLayers", "observed": 0, "operator": "gt", "passed": false, "threshold": 0}, {"id": "k-source", "measurement": "sourceClosureBytes", "observed": 42860, "operator": "lte", "passed": true, "threshold": 2000000}], "measurements": {"differingMemoryLayers": 0, "layerPopulation": 20, "openMemoryDeterministic": true, "q1ParentPass": true, "sourceClosureBytes": 42860, "teacherOpenMemoryIdentity": true}, "objective": {"corpusBytes": 1000000000, "corpusSha256": "159b85351e5f76e60cbe32e04c677847a9ecba3adc79addab6f4c6c7aa3744bc", "objectiveDigest": "sha256:ce4c435c0f398caf65a09050c8518d9c5ea63239f9156048ea2aaaf9b8ffa7e8", "objectiveId": "gamma-enwiki9-hutter-105m-v1", "objectivePath": "contracts/research/v1/objective-contract.json", "targetScoreBytes": 105000000}, "objectiveCreditBytes": 0, "promotionPass": true, "promotionPredicates": [{"id": "p-parent", "measurement": "q1ParentPass", "observed": true, "operator": "eq", "passed": true, "threshold": true}, {"id": "p-layers", "measurement": "layerPopulation", "observed": 20, "operator": "eq", "passed": true, "threshold": 20}, {"id": "p-identity", "measurement": "teacherOpenMemoryIdentity", "observed": true, "operator": "eq", "passed": true, "threshold": true}, {"id": "p-repeat", "measurement": "openMemoryDeterministic", "observed": true, "operator": "eq", "passed": true, "threshold": true}, {"id": "p-differences", "measurement": "differingMemoryLayers", "observed": 0, "operator": "eq", "passed": true, "threshold": 0}, {"id": "p-source", "measurement": "sourceClosureBytes", "observed": 42860, "operator": "lte", "passed": true, "threshold": 2000000}], "schema": "gamma.enwiki9.adaptive-experiment-result.v1"}
{
  "rss_guard": {
    "schema": "gamma.enwiki9.resource-guard-receipt.v2",
    "objective": {
      "objectiveId": "gamma-enwiki9-hutter-105m-v1",
      "objectiveDigest": "sha256:ce4c435c0f398caf65a09050c8518d9c5ea63239f9156048ea2aaaf9b8ffa7e8",
      "objectivePath": "contracts/research/v1/objective-contract.json",
      "targetScoreBytes": 105000000,
      "corpusBytes": 1000000000,
      "corpusSha256": "159b85351e5f76e60cbe32e04c677847a9ecba3adc79addab6f4c6c7aa3744bc"
    },
    "label": "nncp_ggml_profile_memory_transition_64_q0_v1",
    "phase": "diagnostic",
    "command": [
      "python3",
      "tools/nncp_ggml_profile_memory_transition_64_q0.py",
      "--experiment",
      "operations/adaptive/experiments/nncp_ggml_profile_memory_transition_64_q0_v1.json",
      "--output",
      "results/nncp_ggml_profile_memory_transition_64_q0_v1/decision.json"
    ],
    "sample_interval_seconds": 5.0,
    "geekbench5_single_core_score": null,
    "wall_time_limit_seconds": null,
    "wall_time_measurement_complete": false,
    "wall_time_exceeded": false,
    "limit_kib": 9765625,
    "limit_mode": "tree",
    "official_decimal_limit_kib": 9765625,
    "official_decimal_over_limit_kib": 0,
    "scratch_paths": [
      "results/nncp_ggml_profile_memory_transition_64_q0_v1"
    ],
    "temporary_disk_limit_bytes": 20000000000,
    "temporary_disk_measurement_complete": true,
    "max_sampled_temporary_disk_bytes": 7715581904,
    "max_logical_cpus": null,
    "affinity_measurement_complete": true,
    "max_sampled_allowed_cpu_count": 32,
    "logical_cpu_guard_exceeded": false,
    "max_sampled_tree_live_threads": 66,
    "max_sampled_tree_runnable_threads": 23,
    "max_sampled_single_rss_kib": 2029768,
    "max_sampled_tree_rss_kib": 2087204,
    "peak_sample": {
      "processes": [
        {
          "pid": 3455636,
          "rss_kib": 54600,
          "live_threads": 32,
          "runnable_threads": 0,
          "allowed_cpus": [
            0,
            1,
            2,
            3,
            4,
            5,
            6,
            7,
            8,
            9,
            10,
            11,
            12,
            13,
            14,
            15,
            16,
            17,
            18,
            19,
            20,
            21,
            22,
            23,
            24,
            25,
            26,
            27,
            28,
            29,
            30,
            31
          ]
        },
        {
          "pid": 3456104,
          "rss_kib": 2836,
          "live_threads": 1,
          "runnable_threads": 1,
          "allowed_cpus": [
            0,
            1,
            2,
            3,
            4,
            5,
            6,
            7,
            8,
            9,
            10,
            11,
            12,
            13,
            14,
            15,
            16,
            17,
            18,
            19,
            20,
            21,
            22,
            23,
            24,
            25,
            26,
            27,
            28,
            29,
            30,
            31
          ]
        },
        {
          "pid": 3456106,
          "rss_kib": 2029768,
          "live_threads": 33,
          "runnable_threads": 22,
          "allowed_cpus": [
            0,
            1,
            2,
            3,
            4,
            5,
            6,
            7,
            8,
            9,
            10,
            11,
            12,
            13,
            14,
            15,
            16,
            17,
            18,
            19,
            20,
            21,
            22,
            23,
            24,
            25,
            26,
            27,
            28,
            29,
            30,
            31
          ]
        }
      ],
      "max_single_rss_kib": 2029768,
      "tree_rss_kib": 2087204,
      "tree_live_threads": 66,
      "tree_runnable_threads": 23,
      "allowed_cpu_union": [
        0,
        1,
        2,
        3,
        4,
        5,
        6,
        7,
        8,
        9,
        10,
        11,
        12,
        13,
        14,
        15,
        16,
        17,
        18,
        19,
        20,
        21,
        22,
        23,
        24,
        25,
        26,
        27,
        28,
        29,
        30,
        31
      ]
    },
    "peak_tree_sample": {
      "processes": [
        {
          "pid": 3455636,
          "rss_kib": 54600,
          "live_threads": 32,
          "runnable_threads": 0,
          "allowed_cpus": [
            0,
            1,
            2,
            3,
            4,
            5,
            6,
            7,
            8,
            9,
            10,
            11,
            12,
            13,
            14,
            15,
            16,
            17,
            18,
            19,
            20,
            21,
            22,
            23,
            24,
            25,
            26,
            27,
            28,
            29,
            30,
            31
          ]
        },
        {
          "pid": 3456104,
          "rss_kib": 2836,
          "live_threads": 1,
          "runnable_threads": 1,
          "allowed_cpus": [
            0,
            1,
            2,
            3,
            4,
            5,
            6,
            7,
            8,
            9,
            10,
            11,
            12,
            13,
            14,
            15,
            16,
            17,
            18,
            19,
            20,
            21,
            22,
            23,
            24,
            25,
            26,
            27,
            28,
            29,
            30,
            31
          ]
        },
        {
          "pid": 3456106,
          "rss_kib": 2029768,
          "live_threads": 33,
          "runnable_threads": 22,
          "allowed_cpus": [
            0,
            1,
            2,
            3,
            4,
            5,
            6,
            7,
            8,
            9,
            10,
            11,
            12,
            13,
            14,
            15,
            16,
            17,
            18,
            19,
            20,
            21,
            22,
            23,
            24,
            25,
            26,
            27,
            28,
            29,
            30,
            31
          ]
        }
      ],
      "max_single_rss_kib": 2029768,
      "tree_rss_kib": 2087204,
      "tree_live_threads": 66,
      "tree_runnable_threads": 23,
      "allowed_cpu_union": [
        0,
        1,
        2,
        3,
        4,
        5,
        6,
        7,
        8,
        9,
        10,
        11,
        12,
        13,
        14,
        15,
        16,
        17,
        18,
        19,
        20,
        21,
        22,
        23,
        24,
        25,
        26,
        27,
        28,
        29,
        30,
        31
      ]
    },
    "latest_sample": {
      "processes": [],
      "max_single_rss_kib": 0,
      "tree_rss_kib": 0,
      "tree_live_threads": 0,
      "tree_runnable_threads": 0,
      "allowed_cpu_union": []
    },
    "sample_count": 13,
    "rss_guard_exceeded": false,
    "official_decimal_memory_exceeded": false,
    "temporary_disk_guard_exceeded": false,
    "returncode": 0,
    "status": "complete",
    "elapsed_s": 62.1386
  }
}
