{"command": ["/usr/bin/python3", "/home/x/deco/gamma/projects/enwiki9/tools/run_with_resource_guard_v3.py", "--limit-kib", "9765624", "--official-decimal-limit-kib", "9765624", "--limit-mode", "tree", "--cgroup-path", "/sys/fs/cgroup/user.slice/user-1000.slice/user@1000.service/app.slice/gamma-enwiki9-20260915T211006Z_d0c3a3329d", "--cgroup-memory-max-bytes", "9999998976", "--temporary-disk-limit-bytes", "12000000000", "--phase-marker-path", "/home/x/deco/gamma/projects/enwiki9/run_logs/adaptive/20260915T211006Z_d0c3a3329d.resources/phases.jsonl", "--max-logical-cpus", "1", "--guard-json", "/home/x/deco/gamma/projects/enwiki9/run_logs/adaptive/20260915T211006Z_d0c3a3329d.resources/guard.json", "--label", "20260915T211006Z_d0c3a3329d", "--phase", "diagnostic", "--scratch-path", "/home/x/deco/gamma/projects/enwiki9/results/fx2_attention_window250k_v1", "--scratch-path", "/home/x/deco/gamma/projects/enwiki9/run_logs/adaptive/20260915T211006Z_d0c3a3329d.log", "--scratch-path", "/home/x/deco/gamma/projects/enwiki9/run_logs/adaptive/20260915T211006Z_d0c3a3329d.resources", "--scratch-path", "/tmp/gamma-enwiki9-20260915T211006Z_d0c3a3329d-1qml_6dq/fx2_attention_window250k_v1", "--", "/usr/bin/taskset", "--cpu-list", "2", "/bin/sh", "-c", "printf '%s\\n' '{\"phase\":\"diagnostic\",\"event\":\"worker_start\",\"detail\":\"operational envelope only; no codec phase credit\"}' >> \"$GAMMA_RESOURCE_PHASE_MARKERS\" || exit 125; exec \"$@\"", "enwiki9-discovery-envelope", "/usr/bin/python3", "/home/x/deco/gamma/projects/enwiki9/tools/fx2_attention_window250k_v1.py"], "job": {"candidate_id": "fx2_attention_window250k_v1", "candidate_revision": {"path": "operations/adaptive/candidate-revisions/fx2_attention_window250k_v1/20260915T211006193649Z_785ab1dedc19.json", "sha256": "sha256:7e8b88e66e8d66ad23fb2776d458a9ad58d50258cad64c1f20798097b49ba1a8"}, "candidate_tree_sha256": "sha256:785ab1dedc19866c2e2aeb609120cfe55e45c6a187ea9cb60ebae91a2f29d7f0", "execution_guard": {"path": "tools/run_with_resource_guard_v3.py", "sha256": "sha256:044147f7ffe6922ea8dafd52fc3d4426077b20958adbcd421245ad41adcfc1e4"}, "execution_mode": "discovery", "execution_resources": {"boot_id": "3ce46712-27bc-4199-8e48-e2b3d23926cb", "budget": {"cgroup_parent": "/sys/fs/cgroup/user.slice/user-1000.slice/user@1000.service/app.slice", "cpus": [2], "memory_bytes": 9999998976, "scratch_bytes": 12000000000, "swap_bytes": 0, "wall_seconds": 1800}, "cgroup_inode": 335419, "cgroup_path": "/sys/fs/cgroup/user.slice/user-1000.slice/user@1000.service/app.slice/gamma-enwiki9-20260915T211006Z_d0c3a3329d", "cpu_enforcement": "taskset-and-sampled-affinity-guard", "groups": [{"created": true, "inode": 335419, "kernel_cpuset": false, "memory_bytes": 9999998976, "path": "/sys/fs/cgroup/user.slice/user-1000.slice/user@1000.service/app.slice/gamma-enwiki9-20260915T211006Z_d0c3a3329d"}], "guard_command_sha256": "d002606411a357ba7b934adf8791091192246921f31f325550cd68c4c513f5f9", "guard_path": "run_logs/adaptive/20260915T211006Z_d0c3a3329d.resources/guard.json", "missing_diagnostics": ["kernel cpuset controller is not delegated; taskset assignment and existing affinity guard remain active"], "timing_authority": "diagnostic"}, "experiment": {"path": "operations/adaptive/experiments/fx2_attention_window250k_v1.json", "sha256": "sha256:efa60dae3f72610fdc0cd3417087e8c0b605d8140cbe827dd62b20276175a083"}, "gate_size": 250000, "held": false, "held_at": "2026-09-15T21:10:06+00:00", "hold_history": [{"at": "2026-09-15T21:10:06+00:00", "held": true, "reason": "Publish source andownership; verify native parent closure and fresh CPU2 admission before execution."}, {"at": "2026-09-15T21:15:05+00:00", "held": false, "reason": "Published a9450015a,27 source/data bindings verified, fresh CPU2 native resource admission recorded."}], "job_id": "20260915T211006Z_d0c3a3329d", "priority": 80, "proposal": {"path": "operations/adaptive/proposals/developed/949_fx2_attention_window250k_v1.json", "sha256": "sha256:7f0d5b66e891c94aeebd92facb98ff7e764f4d39e581deff7692f9090078b2a6"}, "proposal_id": "fx2_attention_window250k_v1", "purpose": "diagnostic", "released_at": "2026-09-15T21:15:05+00:00", "resource_budget": {"cgroup_parent": "/sys/fs/cgroup/user.slice/user-1000.slice/user@1000.service/app.slice", "cpus": [2], "memory_bytes": 9999998976, "scratch_bytes": 12000000000, "swap_bytes": 0, "wall_seconds": 1800}, "runner": {"path": "tools/fx2_attention_window250k_v1.py", "sha256": "sha256:a373937208c7e5b0ded604384525acad89cb5b9ac124f486eb991c1668a6e9be"}, "schema": "gamma.enwiki9.adaptive-job.v3", "scratch_directories": ["results/fx2_attention_window250k_v1"], "started_at": "2026-09-15T21:15:05+00:00", "state": "running", "submitted_at": "2026-09-15T21:10:06+00:00", "tags": [], "timing_authority": "diagnostic", "tool": "tools/fx2_attention_window250k_v1.py", "tool_args": []}}
{
  "resource_guard": {
    "cgroup": {
      "inode": 335419,
      "joined_before_exec": true,
      "memory_max_bytes": 9999998976,
      "memory_max_rounding_bytes": 0,
      "memory_peak_reset": true,
      "path": "/sys/fs/cgroup/user.slice/user-1000.slice/user@1000.service/app.slice/gamma-enwiki9-20260915T211006Z_d0c3a3329d",
      "previous_memory_max": "9999998976",
      "requested_memory_max_bytes": 9999998976
    },
    "cgroup_events": {
      "baseline": {
        "high": 0,
        "low": 0,
        "max": 0,
        "oom": 0,
        "oom_group_kill": 0,
        "oom_kill": 0,
        "sock_throttled": 0
      },
      "delta": {
        "high": 0,
        "low": 0,
        "max": 0,
        "oom": 0,
        "oom_group_kill": 0,
        "oom_kill": 0,
        "sock_throttled": 0
      },
      "final": {
        "high": 0,
        "low": 0,
        "max": 0,
        "oom": 0,
        "oom_group_kill": 0,
        "oom_kill": 0,
        "sock_throttled": 0
      }
    },
    "command": [
      "/usr/bin/taskset",
      "--cpu-list",
      "2",
      "/bin/sh",
      "-c",
      "printf '%s\\n' '{\"phase\":\"diagnostic\",\"event\":\"worker_start\",\"detail\":\"operational envelope only; no codec phase credit\"}' >> \"$GAMMA_RESOURCE_PHASE_MARKERS\" || exit 125; exec \"$@\"",
      "enwiki9-discovery-envelope",
      "/usr/bin/python3",
      "/home/x/deco/gamma/projects/enwiki9/tools/fx2_attention_window250k_v1.py"
    ],
    "command_sha256": "d108a356cfcef1f733098900d06e1f76324657e5fee409db09573f8c9e71ab6b",
    "elapsed_s": 27.2062,
    "failure": "temporary_disk_limit_reached",
    "geekbench5_single_core_score": null,
    "guards": {
      "cgroup_memory_guard_exceeded": false,
      "logical_cpu_guard_exceeded": false,
      "measurement_incomplete": false,
      "official_decimal_memory_exceeded": false,
      "phase_marker_invalid": false,
      "rss_guard_exceeded": false,
      "temporary_disk_guard_exceeded": true,
      "wall_time_guard_exceeded": false
    },
    "label": "20260915T211006Z_d0c3a3329d",
    "latest_sample": {
      "allowed_cpu_union": [
        2
      ],
      "cgroup_current_bytes": 2454929408,
      "elapsed_s": 27.1627,
      "max_single_rss_kib": 2345492,
      "persistent_status_misses": [],
      "processes": [
        {
          "allowed_cpus": [
            2
          ],
          "comm": "python3",
          "live_threads": 1,
          "pid": 1409742,
          "rss_kib": 41200,
          "runnable_threads": 0,
          "start_ticks": 260304394,
          "vmhwm_kib": 41200
        },
        {
          "allowed_cpus": [
            2
          ],
          "comm": "timeout",
          "live_threads": 1,
          "pid": 1414780,
          "rss_kib": 7716,
          "runnable_threads": 0,
          "start_ticks": 260307031,
          "vmhwm_kib": 7716
        },
        {
          "allowed_cpus": [
            2
          ],
          "comm": "cmix-P",
          "live_threads": 1,
          "pid": 1414781,
          "rss_kib": 2345492,
          "runnable_threads": 1,
          "start_ticks": 260307031,
          "vmhwm_kib": 2345492
        }
      ],
      "scratch_allocated_bytes": 11526144,
      "scratch_file_count": 157,
      "scratch_logical_bytes": 14691082138,
      "scratch_race_count": 0,
      "tree_live_threads": 3,
      "tree_rss_kib": 2394408,
      "tree_runnable_threads": 1
    },
    "limit_kib": 9765624,
    "limit_mode": "tree",
    "max_logical_cpus": 1,
    "measurements": {
      "affinity_complete": true,
      "cgroup_v2_complete": true,
      "per_process_vmhwm_sampled": true,
      "phase_markers_complete": true,
      "process_tree_rss_complete": true,
      "scratch_logical_and_allocated_complete": true,
      "smaps_rollup_complete": true
    },
    "objective": {
      "corpusBytes": 1000000000,
      "corpusSha256": "159b85351e5f76e60cbe32e04c677847a9ecba3adc79addab6f4c6c7aa3744bc",
      "objectiveDigest": "sha256:e91ff20e92c3cac8acb0cbe5c79fc8e8a3b427d7e151245c8eecc52b1c32fa00",
      "objectiveId": "gamma-enwiki9-hutter-90m-v3",
      "objectivePath": "contracts/research/v3/objective-contract.json",
      "targetScoreBytes": 90000000
    },
    "official_decimal_limit_kib": 9765624,
    "peak_process_vmhwm": {
      "comm": "cmix-P",
      "observed_elapsed_s": 27.1627,
      "pid": 1414781,
      "start_ticks": 260307031,
      "vmhwm_kib": 2345492
    },
    "peak_sample": {
      "allowed_cpu_union": [
        2
      ],
      "cgroup_current_bytes": 2454929408,
      "elapsed_s": 27.1627,
      "max_single_rss_kib": 2345492,
      "persistent_status_misses": [],
      "processes": [
        {
          "allowed_cpus": [
            2
          ],
          "comm": "python3",
          "live_threads": 1,
          "pid": 1409742,
          "rss_kib": 41200,
          "runnable_threads": 0,
          "start_ticks": 260304394,
          "vmhwm_kib": 41200
        },
        {
          "allowed_cpus": [
            2
          ],
          "comm": "timeout",
          "live_threads": 1,
          "pid": 1414780,
          "rss_kib": 7716,
          "runnable_threads": 0,
          "start_ticks": 260307031,
          "vmhwm_kib": 7716
        },
        {
          "allowed_cpus": [
            2
          ],
          "comm": "cmix-P",
          "live_threads": 1,
          "pid": 1414781,
          "rss_kib": 2345492,
          "runnable_threads": 1,
          "start_ticks": 260307031,
          "vmhwm_kib": 2345492
        }
      ],
      "scratch_allocated_bytes": 11526144,
      "scratch_file_count": 157,
      "scratch_logical_bytes": 14691082138,
      "scratch_race_count": 0,
      "tree_live_threads": 3,
      "tree_rss_kib": 2394408,
      "tree_runnable_threads": 1
    },
    "peak_tree_sample": {
      "allowed_cpu_union": [
        2
      ],
      "cgroup_current_bytes": 2454929408,
      "elapsed_s": 27.1627,
      "max_single_rss_kib": 2345492,
      "persistent_status_misses": [],
      "processes": [
        {
          "allowed_cpus": [
            2
          ],
          "comm": "python3",
          "live_threads": 1,
          "pid": 1409742,
          "rss_kib": 41200,
          "runnable_threads": 0,
          "start_ticks": 260304394,
          "vmhwm_kib": 41200
        },
        {
          "allowed_cpus": [
            2
          ],
          "comm": "timeout",
          "live_threads": 1,
          "pid": 1414780,
          "rss_kib": 7716,
          "runnable_threads": 0,
          "start_ticks": 260307031,
          "vmhwm_kib": 7716
        },
        {
          "allowed_cpus": [
            2
          ],
          "comm": "cmix-P",
          "live_threads": 1,
          "pid": 1414781,
          "rss_kib": 2345492,
          "runnable_threads": 1,
          "start_ticks": 260307031,
          "vmhwm_kib": 2345492
        }
      ],
      "scratch_allocated_bytes": 11526144,
      "scratch_file_count": 157,
      "scratch_logical_bytes": 14691082138,
      "scratch_race_count": 0,
      "tree_live_threads": 3,
      "tree_rss_kib": 2394408,
      "tree_runnable_threads": 1
    },
    "peaks": {
      "cgroup_memory_peak_bytes": 2518630400,
      "max_observed_process_vmhwm_kib": 2345492,
      "max_sampled_allowed_cpu_count": 1,
      "max_sampled_cgroup_current_bytes": 2454929408,
      "max_sampled_scratch_allocated_bytes": 11526144,
      "max_sampled_scratch_logical_bytes": 14691082138,
      "max_sampled_single_rss_kib": 2345492,
      "max_sampled_tree_live_threads": 5,
      "max_sampled_tree_rss_kib": 2394408,
      "max_sampled_tree_runnable_threads": 1
    },
    "phase": "diagnostic",
    "phase_marker_path": "/home/x/deco/gamma/projects/enwiki9/run_logs/adaptive/20260915T211006Z_d0c3a3329d.resources/phases.jsonl",
    "phase_markers": [
      {
        "detail": "operational envelope only; no codec phase credit",
        "event": "worker_start",
        "observed_elapsed_s": 0.0225,
        "phase": "diagnostic",
        "source_line": 1
      },
      {
        "detail": null,
        "event": "start",
        "observed_elapsed_s": 0.5233,
        "phase": "P-compile",
        "source_line": 2
      },
      {
        "detail": null,
        "event": "end",
        "observed_elapsed_s": 13.5841,
        "phase": "P-compile",
        "source_line": 3
      },
      {
        "detail": null,
        "event": "start",
        "observed_elapsed_s": 13.5841,
        "phase": "P-clean-repeat",
        "source_line": 4
      },
      {
        "detail": null,
        "event": "end",
        "observed_elapsed_s": 13.5841,
        "phase": "P-clean-repeat",
        "source_line": 5
      },
      {
        "detail": null,
        "event": "start",
        "observed_elapsed_s": 13.5841,
        "phase": "P-compile-repeat",
        "source_line": 6
      },
      {
        "detail": null,
        "event": "end",
        "observed_elapsed_s": 26.6457,
        "phase": "P-compile-repeat",
        "source_line": 7
      },
      {
        "detail": null,
        "event": "start",
        "observed_elapsed_s": 26.6457,
        "phase": "preprocess",
        "source_line": 8
      },
      {
        "detail": null,
        "event": "end",
        "observed_elapsed_s": 26.6457,
        "phase": "preprocess",
        "source_line": 9
      },
      {
        "detail": null,
        "event": "start",
        "observed_elapsed_s": 26.6457,
        "phase": "P-encode",
        "source_line": 10
      }
    ],
    "returncode": -15,
    "sample_count": 55,
    "sample_interval_seconds": 0.5,
    "schema": "gamma.enwiki9.resource-guard-receipt.v3",
    "scratch_paths": [
      "/home/x/deco/gamma/projects/enwiki9/results/fx2_attention_window250k_v1",
      "/home/x/deco/gamma/projects/enwiki9/run_logs/adaptive/20260915T211006Z_d0c3a3329d.log",
      "/home/x/deco/gamma/projects/enwiki9/run_logs/adaptive/20260915T211006Z_d0c3a3329d.resources",
      "/tmp/gamma-enwiki9-20260915T211006Z_d0c3a3329d-1qml_6dq/fx2_attention_window250k_v1"
    ],
    "smaps_rollup_checkpoints": [
      {
        "elapsed_s": 0.0225,
        "processes": [
          {
            "pid": 1409742,
            "rollup_kib": {
              "AnonHugePages": 0,
              "Anonymous": 2396,
              "FilePmdMapped": 0,
              "KSM": 0,
              "LazyFree": 0,
              "Locked": 0,
              "Private_Clean": 40,
              "Private_Dirty": 2396,
              "Private_Hugetlb": 0,
              "Pss": 3728,
              "Pss_Anon": 2396,
              "Pss_Dirty": 2396,
              "Pss_File": 1332,
              "Pss_Shmem": 0,
              "Referenced": 8336,
              "Rss": 8336,
              "Shared_Clean": 5900,
              "Shared_Dirty": 0,
              "Shared_Hugetlb": 0,
              "ShmemPmdMapped": 0,
              "Swap": 0,
              "SwapPss": 0
            },
            "start_ticks": 260304394
          }
        ],
        "reason": "initial+phase_marker+rss_growth",
        "tree_rss_kib": 7860
      },
      {
        "elapsed_s": 0.5233,
        "processes": [
          {
            "pid": 1409742,
            "rollup_kib": {
              "AnonHugePages": 0,
              "Anonymous": 28852,
              "FilePmdMapped": 0,
              "KSM": 0,
              "LazyFree": 0,
              "Locked": 0,
              "Private_Clean": 60,
              "Private_Dirty": 28852,
              "Private_Hugetlb": 0,
              "Pss": 31405,
              "Pss_Anon": 28852,
              "Pss_Dirty": 28852,
              "Pss_File": 2553,
              "Pss_Shmem": 0,
              "Referenced": 41064,
              "Rss": 41064,
              "Shared_Clean": 12152,
              "Shared_Dirty": 0,
              "Shared_Hugetlb": 0,
              "ShmemPmdMapped": 0,
              "Swap": 0,
              "SwapPss": 0
            },
            "start_ticks": 260304394
          },
          {
            "pid": 1409791,
            "rollup_kib": {
              "AnonHugePages": 0,
              "Anonymous": 1252,
              "FilePmdMapped": 0,
              "KSM": 0,
              "LazyFree": 0,
              "Locked": 0,
              "Private_Clean": 3684,
              "Private_Dirty": 1252,
              "Private_Hugetlb": 0,
              "Pss": 5105,
              "Pss_Anon": 1252,
              "Pss_Dirty": 1252,
              "Pss_File": 3853,
              "Pss_Shmem": 0,
              "Referenced": 7636,
              "Rss": 7636,
              "Shared_Clean": 2700,
              "Shared_Dirty": 0,
              "Shared_Hugetlb": 0,
              "ShmemPmdMapped": 0,
              "Swap": 0,
              "SwapPss": 0
            },
            "start_ticks": 260304423
          },
          {
            "pid": 1409792,
            "rollup_kib": {
              "AnonHugePages": 0,
              "Anonymous": 380,
              "FilePmdMapped": 0,
              "KSM": 0,
              "LazyFree": 0,
              "Locked": 0,
              "Private_Clean": 276,
              "Private_Dirty": 380,
              "Private_Hugetlb": 0,
              "Pss": 759,
              "Pss_Anon": 380,
              "Pss_Dirty": 380,
              "Pss_File": 379,
              "Pss_Shmem": 0,
              "Referenced": 2616,
              "Rss": 2616,
              "Shared_Clean": 1960,
              "Shared_Dirty": 0,
              "Shared_Hugetlb": 0,
              "ShmemPmdMapped": 0,
              "Swap": 0,
              "SwapPss": 0
            },
            "start_ticks": 260304424
          },
          {
            "pid": 1409794,
            "rollup_kib": {
              "AnonHugePages": 0,
              "Anonymous": 280,
              "FilePmdMapped": 0,
              "KSM": 0,
              "LazyFree": 0,
              "Locked": 0,
              "Private_Clean": 1004,
              "Private_Dirty": 280,
              "Private_Hugetlb": 0,
              "Pss": 1378,
              "Pss_Anon": 280,
              "Pss_Dirty": 280,
              "Pss_File": 1098,
              "Pss_Shmem": 0,
              "Referenced": 3124,
              "Rss": 3124,
              "Shared_Clean": 1840,
              "Shared_Dirty": 0,
              "Shared_Hugetlb": 0,
              "ShmemPmdMapped": 0,
              "Swap": 0,
              "SwapPss": 0
            },
            "start_ticks": 260304424
          },
          {
            "pid": 1409795,
            "rollup_kib": {
              "AnonHugePages": 0,
              "Anonymous": 118384,
              "FilePmdMapped": 0,
              "KSM": 0,
              "LazyFree": 0,
              "Locked": 0,
              "Private_Clean": 15200,
              "Private_Dirty": 118384,
              "Private_Hugetlb": 0,
              "Pss": 133847,
              "Pss_Anon": 118384,
              "Pss_Dirty": 118384,
              "Pss_File": 15463,
              "Pss_Shmem": 0,
              "Referenced": 136512,
              "Rss": 136512,
              "Shared_Clean": 2928,
              "Shared_Dirty": 0,
              "Shared_Hugetlb": 0,
              "ShmemPmdMapped": 0,
              "Swap": 0,
              "SwapPss": 0
            },
            "start_ticks": 260304424
          }
        ],
        "reason": "phase_marker",
        "tree_rss_kib": 190328
      },
      {
        "elapsed_s": 13.5841,
        "processes": [
          {
            "pid": 1409742,
            "rollup_kib": {
              "AnonHugePages": 0,
              "Anonymous": 28856,
              "FilePmdMapped": 0,
              "KSM": 0,
              "LazyFree": 0,
              "Locked": 0,
              "Private_Clean": 60,
              "Private_Dirty": 28856,
              "Private_Hugetlb": 0,
              "Pss": 31445,
              "Pss_Anon": 28856,
              "Pss_Dirty": 28856,
              "Pss_File": 2589,
              "Pss_Shmem": 0,
              "Referenced": 41196,
              "Rss": 41196,
              "Shared_Clean": 12280,
              "Shared_Dirty": 0,
              "Shared_Hugetlb": 0,
              "ShmemPmdMapped": 0,
              "Swap": 0,
              "SwapPss": 0
            },
            "start_ticks": 260304394
          },
          {
            "pid": 1412254,
            "rollup_kib": {
              "AnonHugePages": 0,
              "Anonymous": 1244,
              "FilePmdMapped": 0,
              "KSM": 0,
              "LazyFree": 0,
              "Locked": 0,
              "Private_Clean": 428,
              "Private_Dirty": 1244,
              "Private_Hugetlb": 0,
              "Pss": 3462,
              "Pss_Anon": 1244,
              "Pss_Dirty": 1244,
              "Pss_File": 2218,
              "Pss_Shmem": 0,
              "Referenced": 7660,
              "Rss": 7660,
              "Shared_Clean": 5988,
              "Shared_Dirty": 0,
              "Shared_Hugetlb": 0,
              "ShmemPmdMapped": 0,
              "Swap": 0,
              "SwapPss": 0
            },
            "start_ticks": 260305727
          },
          {
            "pid": 1412255,
            "rollup_kib": {
              "AnonHugePages": 0,
              "Anonymous": 384,
              "FilePmdMapped": 0,
              "KSM": 0,
              "LazyFree": 0,
              "Locked": 0,
              "Private_Clean": 276,
              "Private_Dirty": 384,
              "Private_Hugetlb": 0,
              "Pss": 758,
              "Pss_Anon": 384,
              "Pss_Dirty": 384,
              "Pss_File": 374,
              "Pss_Shmem": 0,
              "Referenced": 2620,
              "Rss": 2620,
              "Shared_Clean": 1960,
              "Shared_Dirty": 0,
              "Shared_Hugetlb": 0,
              "ShmemPmdMapped": 0,
              "Swap": 0,
              "SwapPss": 0
            },
            "start_ticks": 260305727
          },
          {
            "pid": 1412257,
            "rollup_kib": {
              "AnonHugePages": 0,
              "Anonymous": 284,
              "FilePmdMapped": 0,
              "KSM": 0,
              "LazyFree": 0,
              "Locked": 0,
              "Private_Clean": 1004,
              "Private_Dirty": 284,
              "Private_Hugetlb": 0,
              "Pss": 1379,
              "Pss_Anon": 284,
              "Pss_Dirty": 284,
              "Pss_File": 1095,
              "Pss_Shmem": 0,
              "Referenced": 3124,
              "Rss": 3124,
              "Shared_Clean": 1836,
              "Shared_Dirty": 0,
              "Shared_Hugetlb": 0,
              "ShmemPmdMapped": 0,
              "Swap": 0,
              "SwapPss": 0
            },
            "start_ticks": 260305727
          },
          {
            "pid": 1412258,
            "rollup_kib": {
              "AnonHugePages": 0,
              "Anonymous": 135292,
              "FilePmdMapped": 0,
              "KSM": 0,
              "LazyFree": 0,
              "Locked": 0,
              "Private_Clean": 15784,
              "Private_Dirty": 135292,
              "Private_Hugetlb": 0,
              "Pss": 151342,
              "Pss_Anon": 135292,
              "Pss_Dirty": 135292,
              "Pss_File": 16050,
              "Pss_Shmem": 0,
              "Referenced": 154016,
              "Rss": 154016,
              "Shared_Clean": 2940,
              "Shared_Dirty": 0,
              "Shared_Hugetlb": 0,
              "ShmemPmdMapped": 0,
              "Swap": 0,
              "SwapPss": 0
            },
            "start_ticks": 260305727
          }
        ],
        "reason": "phase_marker",
        "tree_rss_kib": 208116
      },
      {
        "elapsed_s": 26.6457,
        "processes": [
          {
            "pid": 1409742,
            "rollup_kib": {
              "AnonHugePages": 0,
              "Anonymous": 28864,
              "FilePmdMapped": 0,
              "KSM": 0,
              "LazyFree": 0,
              "Locked": 0,
              "Private_Clean": 60,
              "Private_Dirty": 28864,
              "Private_Hugetlb": 0,
              "Pss": 31457,
              "Pss_Anon": 28864,
              "Pss_Dirty": 28864,
              "Pss_File": 2593,
              "Pss_Shmem": 0,
              "Referenced": 41200,
              "Rss": 41200,
              "Shared_Clean": 12276,
              "Shared_Dirty": 0,
              "Shared_Hugetlb": 0,
              "ShmemPmdMapped": 0,
              "Swap": 0,
              "SwapPss": 0
            },
            "start_ticks": 260304394
          },
          {
            "pid": 1414780,
            "rollup_kib": {
              "AnonHugePages": 0,
              "Anonymous": 1252,
              "FilePmdMapped": 0,
              "KSM": 0,
              "LazyFree": 0,
              "Locked": 0,
              "Private_Clean": 3732,
              "Private_Dirty": 1252,
              "Private_Hugetlb": 0,
              "Pss": 5167,
              "Pss_Anon": 1252,
              "Pss_Dirty": 1252,
              "Pss_File": 3915,
              "Pss_Shmem": 0,
              "Referenced": 7716,
              "Rss": 7716,
              "Shared_Clean": 2732,
              "Shared_Dirty": 0,
              "Shared_Hugetlb": 0,
              "ShmemPmdMapped": 0,
              "Swap": 0,
              "SwapPss": 0
            },
            "start_ticks": 260307031
          },
          {
            "pid": 1414781,
            "rollup_kib": {
              "AnonHugePages": 0,
              "Anonymous": 1158000,
              "FilePmdMapped": 0,
              "KSM": 0,
              "LazyFree": 0,
              "Locked": 0,
              "Private_Clean": 60,
              "Private_Dirty": 1158364,
              "Private_Hugetlb": 0,
              "Pss": 1158871,
              "Pss_Anon": 1158000,
              "Pss_Dirty": 1158364,
              "Pss_File": 871,
              "Pss_Shmem": 0,
              "Referenced": 1162400,
              "Rss": 1162400,
              "Shared_Clean": 3976,
              "Shared_Dirty": 0,
              "Shared_Hugetlb": 0,
              "ShmemPmdMapped": 0,
              "Swap": 0,
              "SwapPss": 0
            },
            "start_ticks": 260307031
          }
        ],
        "reason": "phase_marker+rss_growth",
        "tree_rss_kib": 1211168
      },
      {
        "elapsed_s": 27.1627,
        "processes": [
          {
            "pid": 1409742,
            "rollup_kib": {
              "AnonHugePages": 0,
              "Anonymous": 28864,
              "FilePmdMapped": 0,
              "KSM": 0,
              "LazyFree": 0,
              "Locked": 0,
              "Private_Clean": 60,
              "Private_Dirty": 28864,
              "Private_Hugetlb": 0,
              "Pss": 31451,
              "Pss_Anon": 28864,
              "Pss_Dirty": 28864,
              "Pss_File": 2587,
              "Pss_Shmem": 0,
              "Referenced": 41200,
              "Rss": 41200,
              "Shared_Clean": 12276,
              "Shared_Dirty": 0,
              "Shared_Hugetlb": 0,
              "ShmemPmdMapped": 0,
              "Swap": 0,
              "SwapPss": 0
            },
            "start_ticks": 260304394
          },
          {
            "pid": 1414780,
            "rollup_kib": {
              "AnonHugePages": 0,
              "Anonymous": 1252,
              "FilePmdMapped": 0,
              "KSM": 0,
              "LazyFree": 0,
              "Locked": 0,
              "Private_Clean": 3732,
              "Private_Dirty": 1252,
              "Private_Hugetlb": 0,
              "Pss": 5167,
              "Pss_Anon": 1252,
              "Pss_Dirty": 1252,
              "Pss_File": 3915,
              "Pss_Shmem": 0,
              "Referenced": 7716,
              "Rss": 7716,
              "Shared_Clean": 2732,
              "Shared_Dirty": 0,
              "Shared_Hugetlb": 0,
              "ShmemPmdMapped": 0,
              "Swap": 0,
              "SwapPss": 0
            },
            "start_ticks": 260307031
          },
          {
            "pid": 1414781,
            "rollup_kib": {
              "AnonHugePages": 18432,
              "Anonymous": 2360984,
              "FilePmdMapped": 0,
              "KSM": 0,
              "LazyFree": 0,
              "Locked": 0,
              "Private_Clean": 112,
              "Private_Dirty": 2361412,
              "Private_Hugetlb": 0,
              "Pss": 2361985,
              "Pss_Anon": 2360984,
              "Pss_Dirty": 2361412,
              "Pss_File": 1001,
              "Pss_Shmem": 0,
              "Referenced": 2365636,
              "Rss": 2365636,
              "Shared_Clean": 4112,
              "Shared_Dirty": 0,
              "Shared_Hugetlb": 0,
              "ShmemPmdMapped": 0,
              "Swap": 0,
              "SwapPss": 0
            },
            "start_ticks": 260307031
          }
        ],
        "reason": "rss_growth",
        "tree_rss_kib": 2394408
      }
    ],
    "status": "temporary_disk_guard_exceeded",
    "temporary_disk_limit_bytes": 12000000000,
    "wall_time_limit_seconds": null
  }
}
