{"command": ["/tmp/gamma-architecture-tests/bin/python", "/home/x/deco/gamma/projects/enwiki9/tools/run_with_resource_guard_v3.py", "--limit-kib", "524288", "--official-decimal-limit-kib", "524288", "--limit-mode", "tree", "--cgroup-path", "/sys/fs/cgroup/user.slice/user-1000.slice/user@1000.service/app.slice/gamma-enwiki9-20260919T205853Z_08cac39226", "--cgroup-memory-max-bytes", "536870912", "--temporary-disk-limit-bytes", "67108864", "--phase-marker-path", "/home/x/deco/gamma/projects/enwiki9/run_logs/adaptive/20260919T205853Z_08cac39226.resources/phases.jsonl", "--max-logical-cpus", "1", "--guard-json", "/home/x/deco/gamma/projects/enwiki9/run_logs/adaptive/20260919T205853Z_08cac39226.resources/guard.json", "--label", "20260919T205853Z_08cac39226", "--phase", "diagnostic", "--scratch-path", "/home/x/deco/gamma/projects/enwiki9/results/xml_history250k_q0_v1", "--scratch-path", "/home/x/deco/gamma/projects/enwiki9/run_logs/adaptive/20260919T205853Z_08cac39226.log", "--scratch-path", "/home/x/deco/gamma/projects/enwiki9/run_logs/adaptive/20260919T205853Z_08cac39226.resources", "--scratch-path", "/tmp/gamma-enwiki9-20260919T205853Z_08cac39226-q8ciczhx/xml_history250k_q0_v1", "--", "/usr/bin/taskset", "--cpu-list", "3", "/bin/sh", "-c", "printf '%s\\n' '{\"phase\":\"diagnostic\",\"event\":\"worker_start\",\"detail\":\"operational envelope only; no codec phase credit\"}' >> \"$GAMMA_RESOURCE_PHASE_MARKERS\" || exit 125; exec \"$@\"", "enwiki9-discovery-envelope", "/tmp/gamma-architecture-tests/bin/python", "/home/x/deco/gamma/projects/enwiki9/tools/xml_history_gate_v1.py", "--root", "/home/x/deco/gamma/projects/enwiki9", "--output", "/home/x/deco/gamma/projects/enwiki9/results/xml_history250k_q0_v1", "--experiment", "/home/x/deco/gamma/projects/enwiki9/operations/adaptive/experiments/xml_history250k_q0_v1.json", "--closure", "/home/x/deco/gamma/projects/enwiki9/operations/provenance/xml_history250k_q0_v1_closure.json", "--cpu", "3"], "job": {"candidate_id": "xml_history250k_q0_v1", "candidate_revision": {"path": "operations/adaptive/candidate-revisions/xml_history250k_q0_v1/20260919T205811703045Z_e81b546c2261.json", "sha256": "sha256:ad8620bab27c94f5cf1f65b88a505c0fa54a9acff8f7557c7f3154cbe58aa7cc"}, "candidate_tree_sha256": "sha256:e81b546c2261b9edfa858b231047d43766adb4e791a6e0be30ba2f53e4bc2d6f", "execution_guard": {"path": "tools/run_with_resource_guard_v3.py", "sha256": "sha256:044147f7ffe6922ea8dafd52fc3d4426077b20958adbcd421245ad41adcfc1e4"}, "execution_mode": "discovery", "execution_resources": {"boot_id": "3ce46712-27bc-4199-8e48-e2b3d23926cb", "budget": {"cgroup_parent": "/sys/fs/cgroup/user.slice/user-1000.slice/user@1000.service/app.slice", "cpus": [3], "memory_bytes": 536870912, "scratch_bytes": 67108864, "swap_bytes": 0, "wall_seconds": 180}, "cgroup_inode": 375375, "cgroup_path": "/sys/fs/cgroup/user.slice/user-1000.slice/user@1000.service/app.slice/gamma-enwiki9-20260919T205853Z_08cac39226", "cpu_enforcement": "taskset-and-sampled-affinity-guard", "groups": [{"created": true, "inode": 375375, "kernel_cpuset": false, "memory_bytes": 536870912, "path": "/sys/fs/cgroup/user.slice/user-1000.slice/user@1000.service/app.slice/gamma-enwiki9-20260919T205853Z_08cac39226"}], "guard_command_sha256": "122dbb024b49b9dde05f21661d505a4b3e6cd6da114a147f67ec2da26088bd42", "guard_path": "run_logs/adaptive/20260919T205853Z_08cac39226.resources/guard.json", "missing_diagnostics": ["kernel cpuset controller is not delegated; taskset assignment and existing affinity guard remain active"], "timing_authority": "diagnostic"}, "experiment": {"path": "operations/adaptive/experiments/xml_history250k_q0_v1.json", "sha256": "sha256:2e4d86a3aa5620b90cbd4d8c7b7d35af34140066803b51ace3c956c2674829d7"}, "gate_size": 250000, "job_id": "20260919T205853Z_08cac39226", "priority": 90, "proposal": {"path": "operations/adaptive/proposals/developed/929_xml_history250k_q0_v1.json", "sha256": "sha256:f7105b9441d7d777bb55510f42a295ec0b86d44a25a4faaeae11969591e2c97b"}, "proposal_id": "xml_history250k_q0_v1", "purpose": "diagnostic", "resource_budget": {"cgroup_parent": "/sys/fs/cgroup/user.slice/user-1000.slice/user@1000.service/app.slice", "cpus": [3], "memory_bytes": 536870912, "scratch_bytes": 67108864, "swap_bytes": 0, "wall_seconds": 180}, "runner": {"path": "tools/xml_history_gate_v1.py", "sha256": "sha256:20b425ada57447b51de94815704b55442b6aaf882858544de6f911848a7800f1"}, "schema": "gamma.enwiki9.adaptive-job.v3", "scratch_directories": ["results/xml_history250k_q0_v1"], "started_at": "2026-09-19T20:59:03+00:00", "state": "running", "submitted_at": "2026-09-19T20:58:53+00:00", "tags": [], "timing_authority": "diagnostic", "tool": "tools/xml_history_gate_v1.py", "tool_args": ["--root", "/home/x/deco/gamma/projects/enwiki9", "--output", "/home/x/deco/gamma/projects/enwiki9/results/xml_history250k_q0_v1", "--experiment", "/home/x/deco/gamma/projects/enwiki9/operations/adaptive/experiments/xml_history250k_q0_v1.json", "--closure", "/home/x/deco/gamma/projects/enwiki9/operations/provenance/xml_history250k_q0_v1_closure.json", "--cpu", "3"]}}
Traceback (most recent call last):
  File "/home/x/deco/gamma/projects/enwiki9/tools/xml_history_gate_v1.py", line 11, in <module>
    main()
    ~~~~^^
  File "/home/x/deco/gamma/projects/enwiki9/src/gamma_enwiki9/adapters/xml_history_comparison.py", line 109, in main
    result = run(args.root.resolve(), args.output.resolve(), args.experiment, args.closure, args.cpu)
  File "/home/x/deco/gamma/projects/enwiki9/src/gamma_enwiki9/adapters/xml_history_comparison.py", line 78, in run
    'zlib_extension': fingerprint(Path(zlib.__file__), Path('/'))},
                                       ^^^^^^^^^^^^^
AttributeError: module 'zlib' has no attribute '__file__'. Did you mean: '__name__'?
{
  "resource_guard": {
    "cgroup": {
      "inode": 375375,
      "joined_before_exec": true,
      "memory_max_bytes": 536870912,
      "memory_max_rounding_bytes": 0,
      "memory_peak_reset": true,
      "path": "/sys/fs/cgroup/user.slice/user-1000.slice/user@1000.service/app.slice/gamma-enwiki9-20260919T205853Z_08cac39226",
      "previous_memory_max": "536870912",
      "requested_memory_max_bytes": 536870912
    },
    "cgroup_events": {
      "baseline": {
        "high": 0,
        "low": 0,
        "max": 0,
        "oom": 0,
        "oom_group_kill": 0,
        "oom_kill": 0,
        "sock_throttled": 0
      },
      "delta": {
        "high": 0,
        "low": 0,
        "max": 0,
        "oom": 0,
        "oom_group_kill": 0,
        "oom_kill": 0,
        "sock_throttled": 0
      },
      "final": {
        "high": 0,
        "low": 0,
        "max": 0,
        "oom": 0,
        "oom_group_kill": 0,
        "oom_kill": 0,
        "sock_throttled": 0
      }
    },
    "command": [
      "/usr/bin/taskset",
      "--cpu-list",
      "3",
      "/bin/sh",
      "-c",
      "printf '%s\\n' '{\"phase\":\"diagnostic\",\"event\":\"worker_start\",\"detail\":\"operational envelope only; no codec phase credit\"}' >> \"$GAMMA_RESOURCE_PHASE_MARKERS\" || exit 125; exec \"$@\"",
      "enwiki9-discovery-envelope",
      "/tmp/gamma-architecture-tests/bin/python",
      "/home/x/deco/gamma/projects/enwiki9/tools/xml_history_gate_v1.py",
      "--root",
      "/home/x/deco/gamma/projects/enwiki9",
      "--output",
      "/home/x/deco/gamma/projects/enwiki9/results/xml_history250k_q0_v1",
      "--experiment",
      "/home/x/deco/gamma/projects/enwiki9/operations/adaptive/experiments/xml_history250k_q0_v1.json",
      "--closure",
      "/home/x/deco/gamma/projects/enwiki9/operations/provenance/xml_history250k_q0_v1_closure.json",
      "--cpu",
      "3"
    ],
    "command_sha256": "512f75221702a8e5dfc671903c4034a6a1b8549402556d25fca2887fe549f3ff",
    "elapsed_s": 3.5442,
    "geekbench5_single_core_score": null,
    "guards": {
      "cgroup_memory_guard_exceeded": false,
      "logical_cpu_guard_exceeded": false,
      "measurement_incomplete": false,
      "official_decimal_memory_exceeded": false,
      "phase_marker_invalid": false,
      "rss_guard_exceeded": false,
      "temporary_disk_guard_exceeded": false,
      "wall_time_guard_exceeded": false
    },
    "label": "20260919T205853Z_08cac39226",
    "latest_sample": {
      "allowed_cpu_union": [],
      "cgroup_current_bytes": 5267456,
      "elapsed_s": 3.5427,
      "max_single_rss_kib": 0,
      "persistent_status_misses": [],
      "processes": [],
      "scratch_allocated_bytes": 4800512,
      "scratch_file_count": 112,
      "scratch_logical_bytes": 4435075,
      "scratch_race_count": 0,
      "tree_live_threads": 0,
      "tree_rss_kib": 0,
      "tree_runnable_threads": 0
    },
    "limit_kib": 524288,
    "limit_mode": "tree",
    "max_logical_cpus": 1,
    "measurements": {
      "affinity_complete": true,
      "cgroup_v2_complete": true,
      "per_process_vmhwm_sampled": true,
      "phase_markers_complete": true,
      "process_tree_rss_complete": true,
      "scratch_logical_and_allocated_complete": true,
      "smaps_rollup_complete": true
    },
    "objective": {
      "corpusBytes": 1000000000,
      "corpusSha256": "159b85351e5f76e60cbe32e04c677847a9ecba3adc79addab6f4c6c7aa3744bc",
      "objectiveDigest": "sha256:409b70547f901a3ac5fffd7fd7a1e1d77b05fb44d9e9d889be1337bd153706d7",
      "objectiveId": "gamma-enwiki9-hutter-96m-v4",
      "objectivePath": "contracts/research/v4/objective-contract.json",
      "targetScoreBytes": 96000000
    },
    "official_decimal_limit_kib": 524288,
    "peak_process_vmhwm": {
      "comm": "python",
      "observed_elapsed_s": 3.0416,
      "pid": 2541752,
      "start_ticks": 294768184,
      "vmhwm_kib": 24644
    },
    "peak_sample": {
      "allowed_cpu_union": [
        3
      ],
      "cgroup_current_bytes": 17424384,
      "elapsed_s": 3.0416,
      "max_single_rss_kib": 24644,
      "persistent_status_misses": [],
      "processes": [
        {
          "allowed_cpus": [
            3
          ],
          "comm": "python",
          "live_threads": 1,
          "pid": 2541752,
          "rss_kib": 24644,
          "runnable_threads": 0,
          "start_ticks": 294768184,
          "vmhwm_kib": 24644
        }
      ],
      "scratch_allocated_bytes": 4378624,
      "scratch_file_count": 103,
      "scratch_logical_bytes": 4033214,
      "scratch_race_count": 0,
      "tree_live_threads": 1,
      "tree_rss_kib": 24644,
      "tree_runnable_threads": 0
    },
    "peak_tree_sample": {
      "allowed_cpu_union": [
        3
      ],
      "cgroup_current_bytes": 27885568,
      "elapsed_s": 2.5403,
      "max_single_rss_kib": 24640,
      "persistent_status_misses": [],
      "processes": [
        {
          "allowed_cpus": [
            3
          ],
          "comm": "python",
          "live_threads": 1,
          "pid": 2541752,
          "rss_kib": 24640,
          "runnable_threads": 0,
          "start_ticks": 294768184,
          "vmhwm_kib": 24640
        },
        {
          "allowed_cpus": [
            3
          ],
          "comm": "python",
          "live_threads": 1,
          "pid": 2542308,
          "rss_kib": 23516,
          "runnable_threads": 1,
          "start_ticks": 294768433,
          "vmhwm_kib": 23516
        }
      ],
      "scratch_allocated_bytes": 3801088,
      "scratch_file_count": 94,
      "scratch_logical_bytes": 3483765,
      "scratch_race_count": 0,
      "tree_live_threads": 2,
      "tree_rss_kib": 48156,
      "tree_runnable_threads": 1
    },
    "peaks": {
      "cgroup_memory_peak_bytes": 29667328,
      "max_observed_process_vmhwm_kib": 24644,
      "max_sampled_allowed_cpu_count": 1,
      "max_sampled_cgroup_current_bytes": 27885568,
      "max_sampled_scratch_allocated_bytes": 4800512,
      "max_sampled_scratch_logical_bytes": 4435075,
      "max_sampled_single_rss_kib": 24644,
      "max_sampled_tree_live_threads": 2,
      "max_sampled_tree_rss_kib": 48156,
      "max_sampled_tree_runnable_threads": 1
    },
    "phase": "diagnostic",
    "phase_marker_path": "/home/x/deco/gamma/projects/enwiki9/run_logs/adaptive/20260919T205853Z_08cac39226.resources/phases.jsonl",
    "phase_markers": [
      {
        "detail": "operational envelope only; no codec phase credit",
        "event": "worker_start",
        "observed_elapsed_s": 0.0324,
        "phase": "diagnostic",
        "source_line": 1
      }
    ],
    "returncode": 1,
    "sample_count": 8,
    "sample_interval_seconds": 0.5,
    "schema": "gamma.enwiki9.resource-guard-receipt.v3",
    "scratch_paths": [
      "/home/x/deco/gamma/projects/enwiki9/results/xml_history250k_q0_v1",
      "/home/x/deco/gamma/projects/enwiki9/run_logs/adaptive/20260919T205853Z_08cac39226.log",
      "/home/x/deco/gamma/projects/enwiki9/run_logs/adaptive/20260919T205853Z_08cac39226.resources",
      "/tmp/gamma-enwiki9-20260919T205853Z_08cac39226-q8ciczhx/xml_history250k_q0_v1"
    ],
    "smaps_rollup_checkpoints": [
      {
        "elapsed_s": 0.0324,
        "processes": [
          {
            "pid": 2541752,
            "rollup_kib": {
              "AnonHugePages": 0,
              "Anonymous": 4712,
              "FilePmdMapped": 0,
              "KSM": 0,
              "LazyFree": 0,
              "Locked": 0,
              "Private_Clean": 96,
              "Private_Dirty": 4712,
              "Private_Hugetlb": 0,
              "Pss": 6269,
              "Pss_Anon": 4712,
              "Pss_Dirty": 4712,
              "Pss_File": 1557,
              "Pss_Shmem": 0,
              "Referenced": 11508,
              "Rss": 11508,
              "Shared_Clean": 6700,
              "Shared_Dirty": 0,
              "Shared_Hugetlb": 0,
              "ShmemPmdMapped": 0,
              "Swap": 0,
              "SwapPss": 0
            },
            "start_ticks": 294768184
          }
        ],
        "reason": "initial+phase_marker+rss_growth",
        "tree_rss_kib": 11508
      },
      {
        "elapsed_s": 3.5427,
        "processes": [],
        "reason": "terminal",
        "tree_rss_kib": 0
      }
    ],
    "status": "complete",
    "temporary_disk_limit_bytes": 67108864,
    "wall_time_limit_seconds": null
  }
}
