{"command": ["/usr/bin/python3.14", "/home/x/deco/gamma/projects/enwiki9/tools/run_with_resource_guard_v3.py", "--limit-kib", "524288", "--official-decimal-limit-kib", "524288", "--limit-mode", "tree", "--cgroup-path", "/sys/fs/cgroup/user.slice/user-1000.slice/user@1000.service/app.slice/gamma-enwiki9-20260907T141904Z_b82cd55283", "--cgroup-memory-max-bytes", "536870912", "--temporary-disk-limit-bytes", "33554432", "--phase-marker-path", "/home/x/deco/gamma/projects/enwiki9/run_logs/adaptive/20260907T141904Z_b82cd55283.resources/phases.jsonl", "--max-logical-cpus", "1", "--guard-json", "/home/x/deco/gamma/projects/enwiki9/run_logs/adaptive/20260907T141904Z_b82cd55283.resources/guard.json", "--label", "20260907T141904Z_b82cd55283", "--phase", "diagnostic", "--scratch-path", "/home/x/deco/gamma/projects/enwiki9/results/fx2_causal_field_opportunity_q0_v1", "--scratch-path", "/home/x/deco/gamma/projects/enwiki9/results/fx2_causal_field_opportunity_q0_v1_controller_tmp/gamma-enwiki9-20260907T141904Z_b82cd55283-7p79g30y/fx2_causal_field_opportunity_q0_v1", "--scratch-path", "/home/x/deco/gamma/projects/enwiki9/run_logs/adaptive/20260907T141904Z_b82cd55283.log", "--scratch-path", "/home/x/deco/gamma/projects/enwiki9/run_logs/adaptive/20260907T141904Z_b82cd55283.resources", "--", "/usr/bin/taskset", "--cpu-list", "2", "/bin/sh", "-c", "printf '%s\\n' '{\"phase\":\"diagnostic\",\"event\":\"worker_start\",\"detail\":\"operational envelope only; no codec phase credit\"}' >> \"$GAMMA_RESOURCE_PHASE_MARKERS\" || exit 125; exec \"$@\"", "enwiki9-discovery-envelope", "/usr/bin/python3.14", "/home/x/deco/gamma/projects/enwiki9/tools/causal_field_opportunity_gate_v2.py"], "job": {"candidate_id": "fx2_causal_field_opportunity_q0_v1", "candidate_revision": {"path": "operations/adaptive/candidate-revisions/fx2_causal_field_opportunity_q0_v1/20260907T141903020701Z_e2fd289d7245.json", "sha256": "sha256:80bdf8be84cb009c1f3bd7a7db70e02ad6c9de02c4100ce11a1e4a85550b7d1e"}, "candidate_tree_sha256": "sha256:e2fd289d7245da40beeceefdb6a6151179d5e1369d9e887ac406390eea6e153f", "execution_guard": {"path": "tools/run_with_resource_guard_v3.py", "sha256": "sha256:044147f7ffe6922ea8dafd52fc3d4426077b20958adbcd421245ad41adcfc1e4"}, "execution_mode": "discovery", "execution_resources": {"boot_id": "3ce46712-27bc-4199-8e48-e2b3d23926cb", "budget": {"cgroup_parent": "/sys/fs/cgroup/user.slice/user-1000.slice/user@1000.service/app.slice", "cpus": [2], "memory_bytes": 536870912, "scratch_bytes": 33554432, "swap_bytes": 0, "wall_seconds": 120}, "cgroup_inode": 244715, "cgroup_path": "/sys/fs/cgroup/user.slice/user-1000.slice/user@1000.service/app.slice/gamma-enwiki9-20260907T141904Z_b82cd55283", "cpu_enforcement": "taskset-and-sampled-affinity-guard", "groups": [{"created": true, "inode": 244715, "kernel_cpuset": false, "memory_bytes": 536870912, "path": "/sys/fs/cgroup/user.slice/user-1000.slice/user@1000.service/app.slice/gamma-enwiki9-20260907T141904Z_b82cd55283"}], "guard_command_sha256": "1661eea209514dcc563c3d368157986e38c4388af231bea799623a8aff5294c2", "guard_path": "run_logs/adaptive/20260907T141904Z_b82cd55283.resources/guard.json", "missing_diagnostics": ["kernel cpuset controller is not delegated; taskset assignment and existing affinity guard remain active"], "timing_authority": "diagnostic"}, "experiment": {"path": "operations/adaptive/experiments/fx2_causal_field_opportunity_q0_v1.json", "sha256": "sha256:710c0f7a18b3a4507396f9fd0ffa4b2cd0531017aa2a3d690122b4055842c687"}, "gate_size": 250000, "held": false, "held_at": "2026-09-07T14:19:16+00:00", "hold_history": [{"at": "2026-09-07T14:19:16+00:00", "held": true, "reason": "Publish owner, frozen observer and runner, synthetic evidence, and bounded execution inputs before admission."}, {"at": "2026-09-07T14:23:03+00:00", "held": false, "reason": "Owner root_explore, frozen inputs and reviewed runner published at origin/main ecfd7fbda655746ba95e55d5da166f41fdd03f0b; fresh host sample shows no live or unknown jobs, no lease, CPU2 available; owned workspace TMPDIR bound."}], "job_id": "20260907T141904Z_b82cd55283", "priority": 90, "proposal": {"path": "operations/adaptive/proposals/developed/909_fx2_causal_field_opportunity_q0_v1.json", "sha256": "sha256:7908d83a7bf3e99a371a0fd3a4a43d31050975e3c73188120c110192e667a1e5"}, "proposal_id": "fx2_causal_field_opportunity_q0_v1", "purpose": "diagnostic", "released_at": "2026-09-07T14:23:03+00:00", "resource_budget": {"cgroup_parent": "/sys/fs/cgroup/user.slice/user-1000.slice/user@1000.service/app.slice", "cpus": [2], "memory_bytes": 536870912, "scratch_bytes": 33554432, "swap_bytes": 0, "wall_seconds": 120}, "runner": {"path": "tools/causal_field_opportunity_gate_v2.py", "sha256": "sha256:7c1d59db38db1fa55ae8078af14eb8f87e904f2d85cda74a987315c08efc8ffe"}, "schema": "gamma.enwiki9.adaptive-job.v3", "scratch_directories": ["results/fx2_causal_field_opportunity_q0_v1"], "started_at": "2026-09-07T14:23:04+00:00", "state": "running", "submitted_at": "2026-09-07T14:19:04+00:00", "tags": [], "timing_authority": "diagnostic", "tool": "tools/causal_field_opportunity_gate_v2.py", "tool_args": []}}
{
  "resource_guard": {
    "cgroup": {
      "inode": 244715,
      "joined_before_exec": true,
      "memory_max_bytes": 536870912,
      "memory_max_rounding_bytes": 0,
      "memory_peak_reset": true,
      "path": "/sys/fs/cgroup/user.slice/user-1000.slice/user@1000.service/app.slice/gamma-enwiki9-20260907T141904Z_b82cd55283",
      "previous_memory_max": "536870912",
      "requested_memory_max_bytes": 536870912
    },
    "cgroup_events": {
      "baseline": {
        "high": 0,
        "low": 0,
        "max": 0,
        "oom": 0,
        "oom_group_kill": 0,
        "oom_kill": 0,
        "sock_throttled": 0
      },
      "delta": {
        "high": 0,
        "low": 0,
        "max": 0,
        "oom": 0,
        "oom_group_kill": 0,
        "oom_kill": 0,
        "sock_throttled": 0
      },
      "final": {
        "high": 0,
        "low": 0,
        "max": 0,
        "oom": 0,
        "oom_group_kill": 0,
        "oom_kill": 0,
        "sock_throttled": 0
      }
    },
    "command": [
      "/usr/bin/taskset",
      "--cpu-list",
      "2",
      "/bin/sh",
      "-c",
      "printf '%s\\n' '{\"phase\":\"diagnostic\",\"event\":\"worker_start\",\"detail\":\"operational envelope only; no codec phase credit\"}' >> \"$GAMMA_RESOURCE_PHASE_MARKERS\" || exit 125; exec \"$@\"",
      "enwiki9-discovery-envelope",
      "/usr/bin/python3.14",
      "/home/x/deco/gamma/projects/enwiki9/tools/causal_field_opportunity_gate_v2.py"
    ],
    "command_sha256": "c1f882af7acfdeb3992a411a9eacc8aedcaeafb1be1f250aba52f24fc858aa71",
    "elapsed_s": 4.5434,
    "geekbench5_single_core_score": null,
    "guards": {
      "cgroup_memory_guard_exceeded": false,
      "logical_cpu_guard_exceeded": false,
      "measurement_incomplete": false,
      "official_decimal_memory_exceeded": false,
      "phase_marker_invalid": false,
      "rss_guard_exceeded": false,
      "temporary_disk_guard_exceeded": false,
      "wall_time_guard_exceeded": false
    },
    "label": "20260907T141904Z_b82cd55283",
    "latest_sample": {
      "allowed_cpu_union": [],
      "cgroup_current_bytes": 647168,
      "elapsed_s": 4.5422,
      "max_single_rss_kib": 0,
      "persistent_status_misses": [],
      "processes": [],
      "scratch_allocated_bytes": 81920,
      "scratch_file_count": 6,
      "scratch_logical_bytes": 51253,
      "scratch_race_count": 0,
      "tree_live_threads": 0,
      "tree_rss_kib": 0,
      "tree_runnable_threads": 0
    },
    "limit_kib": 524288,
    "limit_mode": "tree",
    "max_logical_cpus": 1,
    "measurements": {
      "affinity_complete": true,
      "cgroup_v2_complete": true,
      "per_process_vmhwm_sampled": true,
      "phase_markers_complete": true,
      "process_tree_rss_complete": true,
      "scratch_logical_and_allocated_complete": true,
      "smaps_rollup_complete": true
    },
    "objective": {
      "corpusBytes": 1000000000,
      "corpusSha256": "159b85351e5f76e60cbe32e04c677847a9ecba3adc79addab6f4c6c7aa3744bc",
      "objectiveDigest": "sha256:16badfa6c1a53b47bcc12b089fdd9c21f7405ea56a84344d60c28d2252da8288",
      "objectiveId": "gamma-enwiki9-hutter-99m-v2",
      "objectivePath": "contracts/research/v2/objective-contract.json",
      "targetScoreBytes": 99000000
    },
    "official_decimal_limit_kib": 524288,
    "peak_process_vmhwm": {
      "comm": "python3.14",
      "observed_elapsed_s": 3.5311,
      "pid": 1264228,
      "start_ticks": 188712275,
      "vmhwm_kib": 42516
    },
    "peak_sample": {
      "allowed_cpu_union": [
        2
      ],
      "cgroup_current_bytes": 30490624,
      "elapsed_s": 3.5311,
      "max_single_rss_kib": 42516,
      "persistent_status_misses": [],
      "processes": [
        {
          "allowed_cpus": [
            2
          ],
          "comm": "python3.14",
          "live_threads": 1,
          "pid": 1264228,
          "rss_kib": 42516,
          "runnable_threads": 1,
          "start_ticks": 188712275,
          "vmhwm_kib": 42516
        }
      ],
      "scratch_allocated_bytes": 45056,
      "scratch_file_count": 5,
      "scratch_logical_bytes": 15123,
      "scratch_race_count": 0,
      "tree_live_threads": 1,
      "tree_rss_kib": 42516,
      "tree_runnable_threads": 1
    },
    "peak_tree_sample": {
      "allowed_cpu_union": [
        2
      ],
      "cgroup_current_bytes": 30490624,
      "elapsed_s": 3.5311,
      "max_single_rss_kib": 42516,
      "persistent_status_misses": [],
      "processes": [
        {
          "allowed_cpus": [
            2
          ],
          "comm": "python3.14",
          "live_threads": 1,
          "pid": 1264228,
          "rss_kib": 42516,
          "runnable_threads": 1,
          "start_ticks": 188712275,
          "vmhwm_kib": 42516
        }
      ],
      "scratch_allocated_bytes": 45056,
      "scratch_file_count": 5,
      "scratch_logical_bytes": 15123,
      "scratch_race_count": 0,
      "tree_live_threads": 1,
      "tree_rss_kib": 42516,
      "tree_runnable_threads": 1
    },
    "peaks": {
      "cgroup_memory_peak_bytes": 38920192,
      "max_observed_process_vmhwm_kib": 42516,
      "max_sampled_allowed_cpu_count": 1,
      "max_sampled_cgroup_current_bytes": 30490624,
      "max_sampled_scratch_allocated_bytes": 81920,
      "max_sampled_scratch_logical_bytes": 51253,
      "max_sampled_single_rss_kib": 42516,
      "max_sampled_tree_live_threads": 1,
      "max_sampled_tree_rss_kib": 42516,
      "max_sampled_tree_runnable_threads": 1
    },
    "phase": "diagnostic",
    "phase_marker_path": "/home/x/deco/gamma/projects/enwiki9/run_logs/adaptive/20260907T141904Z_b82cd55283.resources/phases.jsonl",
    "phase_markers": [
      {
        "detail": "operational envelope only; no codec phase credit",
        "event": "worker_start",
        "observed_elapsed_s": 0.0223,
        "phase": "diagnostic",
        "source_line": 1
      },
      {
        "detail": null,
        "event": "opportunity_scan_start",
        "observed_elapsed_s": 0.5231,
        "phase": "diagnostic",
        "source_line": 2
      },
      {
        "detail": null,
        "event": "opportunity_scan_complete",
        "observed_elapsed_s": 4.5422,
        "phase": "diagnostic",
        "source_line": 3
      }
    ],
    "returncode": 0,
    "sample_count": 10,
    "sample_interval_seconds": 0.5,
    "schema": "gamma.enwiki9.resource-guard-receipt.v3",
    "scratch_paths": [
      "/home/x/deco/gamma/projects/enwiki9/results/fx2_causal_field_opportunity_q0_v1",
      "/home/x/deco/gamma/projects/enwiki9/results/fx2_causal_field_opportunity_q0_v1_controller_tmp/gamma-enwiki9-20260907T141904Z_b82cd55283-7p79g30y/fx2_causal_field_opportunity_q0_v1",
      "/home/x/deco/gamma/projects/enwiki9/run_logs/adaptive/20260907T141904Z_b82cd55283.log",
      "/home/x/deco/gamma/projects/enwiki9/run_logs/adaptive/20260907T141904Z_b82cd55283.resources"
    ],
    "smaps_rollup_checkpoints": [
      {
        "elapsed_s": 0.0223,
        "processes": [
          {
            "pid": 1264228,
            "rollup_kib": {
              "AnonHugePages": 0,
              "Anonymous": 1928,
              "FilePmdMapped": 0,
              "KSM": 0,
              "LazyFree": 0,
              "Locked": 0,
              "Private_Clean": 40,
              "Private_Dirty": 1928,
              "Private_Hugetlb": 0,
              "Pss": 2774,
              "Pss_Anon": 1928,
              "Pss_Dirty": 1928,
              "Pss_File": 846,
              "Pss_Shmem": 0,
              "Referenced": 7560,
              "Rss": 7560,
              "Shared_Clean": 5592,
              "Shared_Dirty": 0,
              "Shared_Hugetlb": 0,
              "ShmemPmdMapped": 0,
              "Swap": 0,
              "SwapPss": 0
            },
            "start_ticks": 188712275
          }
        ],
        "reason": "initial+phase_marker+rss_growth",
        "tree_rss_kib": 7356
      },
      {
        "elapsed_s": 0.5231,
        "processes": [
          {
            "pid": 1264228,
            "rollup_kib": {
              "AnonHugePages": 0,
              "Anonymous": 28180,
              "FilePmdMapped": 0,
              "KSM": 0,
              "LazyFree": 0,
              "Locked": 0,
              "Private_Clean": 40,
              "Private_Dirty": 28180,
              "Private_Hugetlb": 0,
              "Pss": 30481,
              "Pss_Anon": 28180,
              "Pss_Dirty": 28180,
              "Pss_File": 2301,
              "Pss_Shmem": 0,
              "Referenced": 42456,
              "Rss": 42456,
              "Shared_Clean": 14236,
              "Shared_Dirty": 0,
              "Shared_Hugetlb": 0,
              "ShmemPmdMapped": 0,
              "Swap": 0,
              "SwapPss": 0
            },
            "start_ticks": 188712275
          }
        ],
        "reason": "phase_marker",
        "tree_rss_kib": 42456
      },
      {
        "elapsed_s": 4.5422,
        "processes": [],
        "reason": "phase_marker+terminal",
        "tree_rss_kib": 0
      }
    ],
    "status": "complete",
    "temporary_disk_limit_bytes": 33554432,
    "wall_time_limit_seconds": null
  }
}
