{"command": ["/usr/bin/python3", "/home/x/deco/gamma/projects/enwiki9/tools/run_with_resource_guard_v3.py", "--limit-kib", "1048576", "--official-decimal-limit-kib", "1048576", "--limit-mode", "tree", "--cgroup-path", "/sys/fs/cgroup/user.slice/user-1000.slice/user@1000.service/app.slice/gamma-enwiki9-20260907T174128Z_3e40a47003", "--cgroup-memory-max-bytes", "1073741824", "--temporary-disk-limit-bytes", "67108864", "--phase-marker-path", "/home/x/deco/gamma/projects/enwiki9/run_logs/adaptive/20260907T174128Z_3e40a47003.resources/phases.jsonl", "--max-logical-cpus", "1", "--guard-json", "/home/x/deco/gamma/projects/enwiki9/run_logs/adaptive/20260907T174128Z_3e40a47003.resources/guard.json", "--label", "20260907T174128Z_3e40a47003", "--phase", "diagnostic", "--scratch-path", "/home/x/deco/gamma/projects/enwiki9/results/dualstream_event250k_q0_v1", "--scratch-path", "/home/x/deco/gamma/projects/enwiki9/run_logs/adaptive/20260907T174128Z_3e40a47003.log", "--scratch-path", "/home/x/deco/gamma/projects/enwiki9/run_logs/adaptive/20260907T174128Z_3e40a47003.resources", "--scratch-path", "/var/tmp/gamma-enwiki9-20260907T174128Z_3e40a47003-c0xyqb92/dualstream_event250k_q0_v1", "--", "/usr/bin/taskset", "--cpu-list", "2", "/bin/sh", "-c", "printf '%s\\n' '{\"phase\":\"diagnostic\",\"event\":\"worker_start\",\"detail\":\"operational envelope only; no codec phase credit\"}' >> \"$GAMMA_RESOURCE_PHASE_MARKERS\" || exit 125; exec \"$@\"", "enwiki9-discovery-envelope", "/usr/bin/python3", "/home/x/deco/gamma/projects/enwiki9/tools/dualstream_event_gate_v1.py", "--candidate", "dualstream_event250k_q0_v1"], "job": {"candidate_id": "dualstream_event250k_q0_v1", "candidate_revision": {"path": "operations/adaptive/candidate-revisions/dualstream_event250k_q0_v1/20260907T174127666508Z_4ad645a00dcc.json", "sha256": "sha256:b0b37b7900511b641be4c575e73f932a639c938f269fced24ae7db10b26856fd"}, "candidate_tree_sha256": "sha256:4ad645a00dcc06d9cd3fa089685746de941c8bf834bd4d02216426c414e5024d", "execution_guard": {"path": "tools/run_with_resource_guard_v3.py", "sha256": "sha256:044147f7ffe6922ea8dafd52fc3d4426077b20958adbcd421245ad41adcfc1e4"}, "execution_mode": "discovery", "execution_resources": {"boot_id": "3ce46712-27bc-4199-8e48-e2b3d23926cb", "budget": {"cgroup_parent": "/sys/fs/cgroup/user.slice/user-1000.slice/user@1000.service/app.slice", "cpus": [2], "memory_bytes": 1073741824, "scratch_bytes": 67108864, "swap_bytes": 0, "wall_seconds": 1200}, "cgroup_inode": 246167, "cgroup_path": "/sys/fs/cgroup/user.slice/user-1000.slice/user@1000.service/app.slice/gamma-enwiki9-20260907T174128Z_3e40a47003", "cpu_enforcement": "taskset-and-sampled-affinity-guard", "groups": [{"created": true, "inode": 246167, "kernel_cpuset": false, "memory_bytes": 1073741824, "path": "/sys/fs/cgroup/user.slice/user-1000.slice/user@1000.service/app.slice/gamma-enwiki9-20260907T174128Z_3e40a47003"}], "guard_command_sha256": "e5fab4120b03c2aff200a5e344fe6b359a3214d84c238741e399370b505b54b9", "guard_path": "run_logs/adaptive/20260907T174128Z_3e40a47003.resources/guard.json", "missing_diagnostics": ["kernel cpuset controller is not delegated; taskset assignment and existing affinity guard remain active"], "timing_authority": "diagnostic"}, "experiment": {"path": "operations/adaptive/experiments/dualstream_event250k_q0_v1.json", "sha256": "sha256:9805bba45292591bf0557e48b0ee1e2b2ce2dfd8f54d320383e26bb05627dba6"}, "gate_size": 250000, "held": false, "held_at": "2026-09-07T17:41:36+00:00", "hold_history": [{"at": "2026-09-07T17:41:36+00:00", "held": true, "reason": "Frozen sources and ownership await exact publication verification and fresh CPU2 resource admission."}, {"at": "2026-09-07T17:43:09+00:00", "held": false, "reason": "All37 bound publication references match local HEAD and origin/main5d215815c; fresh admission has zero live or unknown enwiki9 jobs, no exclusive lease, CPU2 idle and sufficient declared RAM/scratch."}], "job_id": "20260907T174128Z_3e40a47003", "priority": 90, "proposal": {"path": "operations/adaptive/proposals/developed/939_dualstream_event250k_q0_v1.json", "sha256": "sha256:510562ac370fba1b9a488978cd1818bf222450721996785cf5befdbd1d84ac6d"}, "proposal_id": "dualstream_event250k_q0_v1", "purpose": "diagnostic", "released_at": "2026-09-07T17:43:09+00:00", "resource_budget": {"cgroup_parent": "/sys/fs/cgroup/user.slice/user-1000.slice/user@1000.service/app.slice", "cpus": [2], "memory_bytes": 1073741824, "scratch_bytes": 67108864, "swap_bytes": 0, "wall_seconds": 1200}, "runner": {"path": "tools/dualstream_event_gate_v1.py", "sha256": "sha256:aad0991542ad1912fd9caa11c881e96748b94f7a0371b5ebb23c65f61e8ab4ee"}, "schema": "gamma.enwiki9.adaptive-job.v3", "scratch_directories": ["results/dualstream_event250k_q0_v1"], "started_at": "2026-09-07T17:43:10+00:00", "state": "running", "submitted_at": "2026-09-07T17:41:28+00:00", "tags": [], "timing_authority": "diagnostic", "tool": "tools/dualstream_event_gate_v1.py", "tool_args": ["--candidate", "dualstream_event250k_q0_v1"]}}
{"status": "passed", "arms_closed": 5, "native_phases": 15}
{
  "resource_guard": {
    "cgroup": {
      "inode": 246167,
      "joined_before_exec": true,
      "memory_max_bytes": 1073741824,
      "memory_max_rounding_bytes": 0,
      "memory_peak_reset": true,
      "path": "/sys/fs/cgroup/user.slice/user-1000.slice/user@1000.service/app.slice/gamma-enwiki9-20260907T174128Z_3e40a47003",
      "previous_memory_max": "1073741824",
      "requested_memory_max_bytes": 1073741824
    },
    "cgroup_events": {
      "baseline": {
        "high": 0,
        "low": 0,
        "max": 0,
        "oom": 0,
        "oom_group_kill": 0,
        "oom_kill": 0,
        "sock_throttled": 0
      },
      "delta": {
        "high": 0,
        "low": 0,
        "max": 0,
        "oom": 0,
        "oom_group_kill": 0,
        "oom_kill": 0,
        "sock_throttled": 0
      },
      "final": {
        "high": 0,
        "low": 0,
        "max": 0,
        "oom": 0,
        "oom_group_kill": 0,
        "oom_kill": 0,
        "sock_throttled": 0
      }
    },
    "command": [
      "/usr/bin/taskset",
      "--cpu-list",
      "2",
      "/bin/sh",
      "-c",
      "printf '%s\\n' '{\"phase\":\"diagnostic\",\"event\":\"worker_start\",\"detail\":\"operational envelope only; no codec phase credit\"}' >> \"$GAMMA_RESOURCE_PHASE_MARKERS\" || exit 125; exec \"$@\"",
      "enwiki9-discovery-envelope",
      "/usr/bin/python3",
      "/home/x/deco/gamma/projects/enwiki9/tools/dualstream_event_gate_v1.py",
      "--candidate",
      "dualstream_event250k_q0_v1"
    ],
    "command_sha256": "d36aacb2e30822200cdf5fe0aff5a42d271daaeb0755bd30a7a01f5f3179461c",
    "elapsed_s": 76.332,
    "geekbench5_single_core_score": null,
    "guards": {
      "cgroup_memory_guard_exceeded": false,
      "logical_cpu_guard_exceeded": false,
      "measurement_incomplete": false,
      "official_decimal_memory_exceeded": false,
      "phase_marker_invalid": false,
      "rss_guard_exceeded": false,
      "temporary_disk_guard_exceeded": false,
      "wall_time_guard_exceeded": false
    },
    "label": "20260907T174128Z_3e40a47003",
    "latest_sample": {
      "allowed_cpu_union": [],
      "cgroup_current_bytes": 2945024,
      "elapsed_s": 76.3304,
      "max_single_rss_kib": 0,
      "persistent_status_misses": [],
      "processes": [],
      "scratch_allocated_bytes": 2781184,
      "scratch_file_count": 73,
      "scratch_logical_bytes": 2607268,
      "scratch_race_count": 0,
      "tree_live_threads": 0,
      "tree_rss_kib": 0,
      "tree_runnable_threads": 0
    },
    "limit_kib": 1048576,
    "limit_mode": "tree",
    "max_logical_cpus": 1,
    "measurements": {
      "affinity_complete": true,
      "cgroup_v2_complete": true,
      "per_process_vmhwm_sampled": true,
      "phase_markers_complete": true,
      "process_tree_rss_complete": true,
      "scratch_logical_and_allocated_complete": true,
      "smaps_rollup_complete": true
    },
    "objective": {
      "corpusBytes": 1000000000,
      "corpusSha256": "159b85351e5f76e60cbe32e04c677847a9ecba3adc79addab6f4c6c7aa3744bc",
      "objectiveDigest": "sha256:16badfa6c1a53b47bcc12b089fdd9c21f7405ea56a84344d60c28d2252da8288",
      "objectiveId": "gamma-enwiki9-hutter-99m-v2",
      "objectivePath": "contracts/research/v2/objective-contract.json",
      "targetScoreBytes": 99000000
    },
    "official_decimal_limit_kib": 1048576,
    "peak_process_vmhwm": {
      "comm": "python3",
      "observed_elapsed_s": 48.2164,
      "pid": 3819436,
      "start_ticks": 189917219,
      "vmhwm_kib": 32892
    },
    "peak_sample": {
      "allowed_cpu_union": [
        2
      ],
      "cgroup_current_bytes": 33013760,
      "elapsed_s": 31.6459,
      "max_single_rss_kib": 30756,
      "persistent_status_misses": [],
      "processes": [
        {
          "allowed_cpus": [
            2
          ],
          "comm": "python3",
          "live_threads": 1,
          "pid": 3811144,
          "rss_kib": 24244,
          "runnable_threads": 0,
          "start_ticks": 189912838,
          "vmhwm_kib": 25136
        },
        {
          "allowed_cpus": [
            2
          ],
          "comm": "python3",
          "live_threads": 1,
          "pid": 3816202,
          "rss_kib": 30756,
          "runnable_threads": 1,
          "start_ticks": 189915557,
          "vmhwm_kib": 32844
        }
      ],
      "scratch_allocated_bytes": 1589248,
      "scratch_file_count": 46,
      "scratch_logical_bytes": 1478609,
      "scratch_race_count": 0,
      "tree_live_threads": 2,
      "tree_rss_kib": 55000,
      "tree_runnable_threads": 1
    },
    "peak_tree_sample": {
      "allowed_cpu_union": [
        2
      ],
      "cgroup_current_bytes": 33542144,
      "elapsed_s": 55.7423,
      "max_single_rss_kib": 30756,
      "persistent_status_misses": [],
      "processes": [
        {
          "allowed_cpus": [
            2
          ],
          "comm": "python3",
          "live_threads": 1,
          "pid": 3811144,
          "rss_kib": 24288,
          "runnable_threads": 0,
          "start_ticks": 189912838,
          "vmhwm_kib": 25136
        },
        {
          "allowed_cpus": [
            2
          ],
          "comm": "python3",
          "live_threads": 1,
          "pid": 3820853,
          "rss_kib": 30756,
          "runnable_threads": 1,
          "start_ticks": 189917978,
          "vmhwm_kib": 32852
        }
      ],
      "scratch_allocated_bytes": 2150400,
      "scratch_file_count": 59,
      "scratch_logical_bytes": 2006803,
      "scratch_race_count": 0,
      "tree_live_threads": 2,
      "tree_rss_kib": 55044,
      "tree_runnable_threads": 1
    },
    "peaks": {
      "cgroup_memory_peak_bytes": 36200448,
      "max_observed_process_vmhwm_kib": 32892,
      "max_sampled_allowed_cpu_count": 1,
      "max_sampled_cgroup_current_bytes": 33542144,
      "max_sampled_scratch_allocated_bytes": 2781184,
      "max_sampled_scratch_logical_bytes": 2607268,
      "max_sampled_single_rss_kib": 30756,
      "max_sampled_tree_live_threads": 2,
      "max_sampled_tree_rss_kib": 55044,
      "max_sampled_tree_runnable_threads": 1
    },
    "phase": "diagnostic",
    "phase_marker_path": "/home/x/deco/gamma/projects/enwiki9/run_logs/adaptive/20260907T174128Z_3e40a47003.resources/phases.jsonl",
    "phase_markers": [
      {
        "detail": "operational envelope only; no codec phase credit",
        "event": "worker_start",
        "observed_elapsed_s": 0.0222,
        "phase": "diagnostic",
        "source_line": 1
      },
      {
        "detail": null,
        "event": "start",
        "observed_elapsed_s": 0.5229,
        "phase": "P-encode",
        "source_line": 2
      },
      {
        "detail": null,
        "event": "end",
        "observed_elapsed_s": 0.5229,
        "phase": "P-encode",
        "source_line": 3
      },
      {
        "detail": null,
        "event": "start",
        "observed_elapsed_s": 0.5229,
        "phase": "P-decode",
        "source_line": 4
      },
      {
        "detail": null,
        "event": "end",
        "observed_elapsed_s": 0.5229,
        "phase": "P-decode",
        "source_line": 5
      },
      {
        "detail": null,
        "event": "start",
        "observed_elapsed_s": 0.5229,
        "phase": "P-repeat",
        "source_line": 6
      },
      {
        "detail": null,
        "event": "end",
        "observed_elapsed_s": 0.5229,
        "phase": "P-repeat",
        "source_line": 7
      },
      {
        "detail": null,
        "event": "start",
        "observed_elapsed_s": 0.5229,
        "phase": "B-encode",
        "source_line": 8
      },
      {
        "detail": null,
        "event": "end",
        "observed_elapsed_s": 1.0254,
        "phase": "B-encode",
        "source_line": 9
      },
      {
        "detail": null,
        "event": "start",
        "observed_elapsed_s": 1.0254,
        "phase": "B-decode",
        "source_line": 10
      },
      {
        "detail": null,
        "event": "end",
        "observed_elapsed_s": 1.0254,
        "phase": "B-decode",
        "source_line": 11
      },
      {
        "detail": null,
        "event": "start",
        "observed_elapsed_s": 1.0254,
        "phase": "B-repeat",
        "source_line": 12
      },
      {
        "detail": null,
        "event": "end",
        "observed_elapsed_s": 1.0254,
        "phase": "B-repeat",
        "source_line": 13
      },
      {
        "detail": null,
        "event": "start",
        "observed_elapsed_s": 1.0254,
        "phase": "R-encode",
        "source_line": 14
      },
      {
        "detail": null,
        "event": "end",
        "observed_elapsed_s": 9.5594,
        "phase": "R-encode",
        "source_line": 15
      },
      {
        "detail": null,
        "event": "start",
        "observed_elapsed_s": 9.5594,
        "phase": "R-decode",
        "source_line": 16
      },
      {
        "detail": null,
        "event": "end",
        "observed_elapsed_s": 19.0985,
        "phase": "R-decode",
        "source_line": 17
      },
      {
        "detail": null,
        "event": "start",
        "observed_elapsed_s": 19.0985,
        "phase": "R-repeat",
        "source_line": 18
      },
      {
        "detail": null,
        "event": "end",
        "observed_elapsed_s": 27.6339,
        "phase": "R-repeat",
        "source_line": 19
      },
      {
        "detail": null,
        "event": "start",
        "observed_elapsed_s": 27.6339,
        "phase": "G-encode",
        "source_line": 20
      },
      {
        "detail": null,
        "event": "end",
        "observed_elapsed_s": 35.1638,
        "phase": "G-encode",
        "source_line": 21
      },
      {
        "detail": null,
        "event": "start",
        "observed_elapsed_s": 35.1638,
        "phase": "G-decode",
        "source_line": 22
      },
      {
        "detail": null,
        "event": "end",
        "observed_elapsed_s": 44.202,
        "phase": "G-decode",
        "source_line": 23
      },
      {
        "detail": null,
        "event": "start",
        "observed_elapsed_s": 44.202,
        "phase": "G-repeat",
        "source_line": 24
      },
      {
        "detail": null,
        "event": "end",
        "observed_elapsed_s": 51.7285,
        "phase": "G-repeat",
        "source_line": 25
      },
      {
        "detail": null,
        "event": "start",
        "observed_elapsed_s": 51.7285,
        "phase": "X-encode",
        "source_line": 26
      },
      {
        "detail": null,
        "event": "end",
        "observed_elapsed_s": 59.2525,
        "phase": "X-encode",
        "source_line": 27
      },
      {
        "detail": null,
        "event": "start",
        "observed_elapsed_s": 59.2525,
        "phase": "X-decode",
        "source_line": 28
      },
      {
        "detail": null,
        "event": "end",
        "observed_elapsed_s": 68.2922,
        "phase": "X-decode",
        "source_line": 29
      },
      {
        "detail": null,
        "event": "start",
        "observed_elapsed_s": 68.2922,
        "phase": "X-repeat",
        "source_line": 30
      },
      {
        "detail": null,
        "event": "end",
        "observed_elapsed_s": 75.8278,
        "phase": "X-repeat",
        "source_line": 31
      }
    ],
    "returncode": 0,
    "sample_count": 153,
    "sample_interval_seconds": 0.5,
    "schema": "gamma.enwiki9.resource-guard-receipt.v3",
    "scratch_paths": [
      "/home/x/deco/gamma/projects/enwiki9/results/dualstream_event250k_q0_v1",
      "/home/x/deco/gamma/projects/enwiki9/run_logs/adaptive/20260907T174128Z_3e40a47003.log",
      "/home/x/deco/gamma/projects/enwiki9/run_logs/adaptive/20260907T174128Z_3e40a47003.resources",
      "/var/tmp/gamma-enwiki9-20260907T174128Z_3e40a47003-c0xyqb92/dualstream_event250k_q0_v1"
    ],
    "smaps_rollup_checkpoints": [
      {
        "elapsed_s": 0.0222,
        "processes": [
          {
            "pid": 3811144,
            "rollup_kib": {
              "AnonHugePages": 0,
              "Anonymous": 792,
              "FilePmdMapped": 0,
              "KSM": 0,
              "LazyFree": 0,
              "Locked": 0,
              "Private_Clean": 76,
              "Private_Dirty": 792,
              "Private_Hugetlb": 0,
              "Pss": 1165,
              "Pss_Anon": 792,
              "Pss_Dirty": 792,
              "Pss_File": 373,
              "Pss_Shmem": 0,
              "Referenced": 4656,
              "Rss": 4656,
              "Shared_Clean": 3788,
              "Shared_Dirty": 0,
              "Shared_Hugetlb": 0,
              "ShmemPmdMapped": 0,
              "Swap": 0,
              "SwapPss": 0
            },
            "start_ticks": 189912838
          }
        ],
        "reason": "initial+phase_marker+rss_growth",
        "tree_rss_kib": 4028
      },
      {
        "elapsed_s": 0.5229,
        "processes": [
          {
            "pid": 3811144,
            "rollup_kib": {
              "AnonHugePages": 0,
              "Anonymous": 11900,
              "FilePmdMapped": 0,
              "KSM": 0,
              "LazyFree": 0,
              "Locked": 0,
              "Private_Clean": 0,
              "Private_Dirty": 11900,
              "Private_Hugetlb": 0,
              "Pss": 13200,
              "Pss_Anon": 11900,
              "Pss_Dirty": 11900,
              "Pss_File": 1300,
              "Pss_Shmem": 0,
              "Referenced": 24188,
              "Rss": 24188,
              "Shared_Clean": 12288,
              "Shared_Dirty": 0,
              "Shared_Hugetlb": 0,
              "ShmemPmdMapped": 0,
              "Swap": 0,
              "SwapPss": 0
            },
            "start_ticks": 189912838
          },
          {
            "pid": 3811204,
            "rollup_kib": {
              "AnonHugePages": 0,
              "Anonymous": 17640,
              "FilePmdMapped": 0,
              "KSM": 0,
              "LazyFree": 0,
              "Locked": 0,
              "Private_Clean": 0,
              "Private_Dirty": 17640,
              "Private_Hugetlb": 0,
              "Pss": 18935,
              "Pss_Anon": 17640,
              "Pss_Dirty": 17640,
              "Pss_File": 1295,
              "Pss_Shmem": 0,
              "Referenced": 29908,
              "Rss": 29908,
              "Shared_Clean": 12268,
              "Shared_Dirty": 0,
              "Shared_Hugetlb": 0,
              "ShmemPmdMapped": 0,
              "Swap": 0,
              "SwapPss": 0
            },
            "start_ticks": 189912867
          }
        ],
        "reason": "phase_marker",
        "tree_rss_kib": 54096
      },
      {
        "elapsed_s": 1.0254,
        "processes": [
          {
            "pid": 3811144,
            "rollup_kib": {
              "AnonHugePages": 0,
              "Anonymous": 11912,
              "FilePmdMapped": 0,
              "KSM": 0,
              "LazyFree": 0,
              "Locked": 0,
              "Private_Clean": 20,
              "Private_Dirty": 11912,
              "Private_Hugetlb": 0,
              "Pss": 13310,
              "Pss_Anon": 11912,
              "Pss_Dirty": 11912,
              "Pss_File": 1398,
              "Pss_Shmem": 0,
              "Referenced": 24200,
              "Rss": 24200,
              "Shared_Clean": 12268,
              "Shared_Dirty": 0,
              "Shared_Hugetlb": 0,
              "ShmemPmdMapped": 0,
              "Swap": 0,
              "SwapPss": 0
            },
            "start_ticks": 189912838
          },
          {
            "pid": 3811361,
            "rollup_kib": {
              "AnonHugePages": 0,
              "Anonymous": 4056,
              "FilePmdMapped": 0,
              "KSM": 0,
              "LazyFree": 0,
              "Locked": 0,
              "Private_Clean": 4,
              "Private_Dirty": 4056,
              "Private_Hugetlb": 0,
              "Pss": 4812,
              "Pss_Anon": 4056,
              "Pss_Dirty": 4056,
              "Pss_File": 756,
              "Pss_Shmem": 0,
              "Referenced": 10796,
              "Rss": 10796,
              "Shared_Clean": 6736,
              "Shared_Dirty": 0,
              "Shared_Hugetlb": 0,
              "ShmemPmdMapped": 0,
              "Swap": 0,
              "SwapPss": 0
            },
            "start_ticks": 189912940
          }
        ],
        "reason": "phase_marker",
        "tree_rss_kib": 34144
      },
      {
        "elapsed_s": 9.5594,
        "processes": [
          {
            "pid": 3811144,
            "rollup_kib": {
              "AnonHugePages": 0,
              "Anonymous": 11916,
              "FilePmdMapped": 0,
              "KSM": 0,
              "LazyFree": 0,
              "Locked": 0,
              "Private_Clean": 0,
              "Private_Dirty": 11916,
              "Private_Hugetlb": 0,
              "Pss": 13216,
              "Pss_Anon": 11916,
              "Pss_Dirty": 11916,
              "Pss_File": 1300,
              "Pss_Shmem": 0,
              "Referenced": 24204,
              "Rss": 24204,
              "Shared_Clean": 12288,
              "Shared_Dirty": 0,
              "Shared_Hugetlb": 0,
              "ShmemPmdMapped": 0,
              "Swap": 0,
              "SwapPss": 0
            },
            "start_ticks": 189912838
          },
          {
            "pid": 3812868,
            "rollup_kib": {
              "AnonHugePages": 0,
              "Anonymous": 11932,
              "FilePmdMapped": 0,
              "KSM": 0,
              "LazyFree": 0,
              "Locked": 0,
              "Private_Clean": 64,
              "Private_Dirty": 11932,
              "Private_Hugetlb": 0,
              "Pss": 13307,
              "Pss_Anon": 11932,
              "Pss_Dirty": 11932,
              "Pss_File": 1375,
              "Pss_Shmem": 0,
              "Referenced": 24376,
              "Rss": 24376,
              "Shared_Clean": 12380,
              "Shared_Dirty": 0,
              "Shared_Hugetlb": 0,
              "ShmemPmdMapped": 0,
              "Swap": 0,
              "SwapPss": 0
            },
            "start_ticks": 189913759
          }
        ],
        "reason": "phase_marker",
        "tree_rss_kib": 48580
      },
      {
        "elapsed_s": 19.0985,
        "processes": [
          {
            "pid": 3811144,
            "rollup_kib": {
              "AnonHugePages": 0,
              "Anonymous": 11916,
              "FilePmdMapped": 0,
              "KSM": 0,
              "LazyFree": 0,
              "Locked": 0,
              "Private_Clean": 0,
              "Private_Dirty": 11916,
              "Private_Hugetlb": 0,
              "Pss": 13215,
              "Pss_Anon": 11916,
              "Pss_Dirty": 11916,
              "Pss_File": 1299,
              "Pss_Shmem": 0,
              "Referenced": 24204,
              "Rss": 24204,
              "Shared_Clean": 12288,
              "Shared_Dirty": 0,
              "Shared_Hugetlb": 0,
              "ShmemPmdMapped": 0,
              "Swap": 0,
              "SwapPss": 0
            },
            "start_ticks": 189912838
          },
          {
            "pid": 3814693,
            "rollup_kib": {
              "AnonHugePages": 0,
              "Anonymous": 12224,
              "FilePmdMapped": 0,
              "KSM": 0,
              "LazyFree": 0,
              "Locked": 0,
              "Private_Clean": 64,
              "Private_Dirty": 12224,
              "Private_Hugetlb": 0,
              "Pss": 13602,
              "Pss_Anon": 12224,
              "Pss_Dirty": 12224,
              "Pss_File": 1378,
              "Pss_Shmem": 0,
              "Referenced": 24680,
              "Rss": 24680,
              "Shared_Clean": 12392,
              "Shared_Dirty": 0,
              "Shared_Hugetlb": 0,
              "ShmemPmdMapped": 0,
              "Swap": 0,
              "SwapPss": 0
            },
            "start_ticks": 189914738
          }
        ],
        "reason": "phase_marker",
        "tree_rss_kib": 48884
      },
      {
        "elapsed_s": 27.6339,
        "processes": [
          {
            "pid": 3811144,
            "rollup_kib": {
              "AnonHugePages": 0,
              "Anonymous": 11956,
              "FilePmdMapped": 0,
              "KSM": 0,
              "LazyFree": 0,
              "Locked": 0,
              "Private_Clean": 0,
              "Private_Dirty": 11956,
              "Private_Hugetlb": 0,
              "Pss": 13253,
              "Pss_Anon": 11956,
              "Pss_Dirty": 11956,
              "Pss_File": 1297,
              "Pss_Shmem": 0,
              "Referenced": 24244,
              "Rss": 24244,
              "Shared_Clean": 12288,
              "Shared_Dirty": 0,
              "Shared_Hugetlb": 0,
              "ShmemPmdMapped": 0,
              "Swap": 0,
              "SwapPss": 0
            },
            "start_ticks": 189912838
          },
          {
            "pid": 3816202,
            "rollup_kib": {
              "AnonHugePages": 0,
              "Anonymous": 13600,
              "FilePmdMapped": 0,
              "KSM": 0,
              "LazyFree": 0,
              "Locked": 0,
              "Private_Clean": 64,
              "Private_Dirty": 13600,
              "Private_Hugetlb": 0,
              "Pss": 15018,
              "Pss_Anon": 13600,
              "Pss_Dirty": 13600,
              "Pss_File": 1418,
              "Pss_Shmem": 0,
              "Referenced": 26176,
              "Rss": 26176,
              "Shared_Clean": 12512,
              "Shared_Dirty": 0,
              "Shared_Hugetlb": 0,
              "ShmemPmdMapped": 0,
              "Swap": 0,
              "SwapPss": 0
            },
            "start_ticks": 189915557
          }
        ],
        "reason": "phase_marker",
        "tree_rss_kib": 50420
      },
      {
        "elapsed_s": 35.1638,
        "processes": [
          {
            "pid": 3811144,
            "rollup_kib": {
              "AnonHugePages": 0,
              "Anonymous": 11956,
              "FilePmdMapped": 0,
              "KSM": 0,
              "LazyFree": 0,
              "Locked": 0,
              "Private_Clean": 0,
              "Private_Dirty": 11956,
              "Private_Hugetlb": 0,
              "Pss": 13254,
              "Pss_Anon": 11956,
              "Pss_Dirty": 11956,
              "Pss_File": 1298,
              "Pss_Shmem": 0,
              "Referenced": 24244,
              "Rss": 24244,
              "Shared_Clean": 12288,
              "Shared_Dirty": 0,
              "Shared_Hugetlb": 0,
              "ShmemPmdMapped": 0,
              "Swap": 0,
              "SwapPss": 0
            },
            "start_ticks": 189912838
          },
          {
            "pid": 3817803,
            "rollup_kib": {
              "AnonHugePages": 0,
              "Anonymous": 11936,
              "FilePmdMapped": 0,
              "KSM": 0,
              "LazyFree": 0,
              "Locked": 0,
              "Private_Clean": 64,
              "Private_Dirty": 11936,
              "Private_Hugetlb": 0,
              "Pss": 13336,
              "Pss_Anon": 11936,
              "Pss_Dirty": 11936,
              "Pss_File": 1400,
              "Pss_Shmem": 0,
              "Referenced": 24500,
              "Rss": 24500,
              "Shared_Clean": 12500,
              "Shared_Dirty": 0,
              "Shared_Hugetlb": 0,
              "ShmemPmdMapped": 0,
              "Swap": 0,
              "SwapPss": 0
            },
            "start_ticks": 189916330
          }
        ],
        "reason": "phase_marker",
        "tree_rss_kib": 48744
      },
      {
        "elapsed_s": 44.202,
        "processes": [
          {
            "pid": 3811144,
            "rollup_kib": {
              "AnonHugePages": 0,
              "Anonymous": 11956,
              "FilePmdMapped": 0,
              "KSM": 0,
              "LazyFree": 0,
              "Locked": 0,
              "Private_Clean": 0,
              "Private_Dirty": 11956,
              "Private_Hugetlb": 0,
              "Pss": 13257,
              "Pss_Anon": 11956,
              "Pss_Dirty": 11956,
              "Pss_File": 1301,
              "Pss_Shmem": 0,
              "Referenced": 24244,
              "Rss": 24244,
              "Shared_Clean": 12288,
              "Shared_Dirty": 0,
              "Shared_Hugetlb": 0,
              "ShmemPmdMapped": 0,
              "Swap": 0,
              "SwapPss": 0
            },
            "start_ticks": 189912838
          },
          {
            "pid": 3819436,
            "rollup_kib": {
              "AnonHugePages": 0,
              "Anonymous": 13608,
              "FilePmdMapped": 0,
              "KSM": 0,
              "LazyFree": 0,
              "Locked": 0,
              "Private_Clean": 76,
              "Private_Dirty": 13608,
              "Private_Hugetlb": 0,
              "Pss": 15053,
              "Pss_Anon": 13608,
              "Pss_Dirty": 13608,
              "Pss_File": 1445,
              "Pss_Shmem": 0,
              "Referenced": 26164,
              "Rss": 26164,
              "Shared_Clean": 12480,
              "Shared_Dirty": 0,
              "Shared_Hugetlb": 0,
              "ShmemPmdMapped": 0,
              "Swap": 0,
              "SwapPss": 0
            },
            "start_ticks": 189917219
          }
        ],
        "reason": "phase_marker",
        "tree_rss_kib": 50408
      },
      {
        "elapsed_s": 51.7285,
        "processes": [
          {
            "pid": 3811144,
            "rollup_kib": {
              "AnonHugePages": 0,
              "Anonymous": 12000,
              "FilePmdMapped": 0,
              "KSM": 0,
              "LazyFree": 0,
              "Locked": 0,
              "Private_Clean": 0,
              "Private_Dirty": 12000,
              "Private_Hugetlb": 0,
              "Pss": 13295,
              "Pss_Anon": 12000,
              "Pss_Dirty": 12000,
              "Pss_File": 1295,
              "Pss_Shmem": 0,
              "Referenced": 24288,
              "Rss": 24288,
              "Shared_Clean": 12288,
              "Shared_Dirty": 0,
              "Shared_Hugetlb": 0,
              "ShmemPmdMapped": 0,
              "Swap": 0,
              "SwapPss": 0
            },
            "start_ticks": 189912838
          },
          {
            "pid": 3820853,
            "rollup_kib": {
              "AnonHugePages": 0,
              "Anonymous": 13612,
              "FilePmdMapped": 0,
              "KSM": 0,
              "LazyFree": 0,
              "Locked": 0,
              "Private_Clean": 64,
              "Private_Dirty": 13612,
              "Private_Hugetlb": 0,
              "Pss": 15031,
              "Pss_Anon": 13612,
              "Pss_Dirty": 13612,
              "Pss_File": 1419,
              "Pss_Shmem": 0,
              "Referenced": 26188,
              "Rss": 26188,
              "Shared_Clean": 12512,
              "Shared_Dirty": 0,
              "Shared_Hugetlb": 0,
              "ShmemPmdMapped": 0,
              "Swap": 0,
              "SwapPss": 0
            },
            "start_ticks": 189917978
          }
        ],
        "reason": "phase_marker",
        "tree_rss_kib": 50476
      },
      {
        "elapsed_s": 59.2525,
        "processes": [
          {
            "pid": 3811144,
            "rollup_kib": {
              "AnonHugePages": 0,
              "Anonymous": 12000,
              "FilePmdMapped": 0,
              "KSM": 0,
              "LazyFree": 0,
              "Locked": 0,
              "Private_Clean": 0,
              "Private_Dirty": 12000,
              "Private_Hugetlb": 0,
              "Pss": 13302,
              "Pss_Anon": 12000,
              "Pss_Dirty": 12000,
              "Pss_File": 1302,
              "Pss_Shmem": 0,
              "Referenced": 24288,
              "Rss": 24288,
              "Shared_Clean": 12288,
              "Shared_Dirty": 0,
              "Shared_Hugetlb": 0,
              "ShmemPmdMapped": 0,
              "Swap": 0,
              "SwapPss": 0
            },
            "start_ticks": 189912838
          },
          {
            "pid": 3822460,
            "rollup_kib": {
              "AnonHugePages": 0,
              "Anonymous": 11936,
              "FilePmdMapped": 0,
              "KSM": 0,
              "LazyFree": 0,
              "Locked": 0,
              "Private_Clean": 64,
              "Private_Dirty": 11936,
              "Private_Hugetlb": 0,
              "Pss": 13343,
              "Pss_Anon": 11936,
              "Pss_Dirty": 11936,
              "Pss_File": 1407,
              "Pss_Shmem": 0,
              "Referenced": 24480,
              "Rss": 24480,
              "Shared_Clean": 12480,
              "Shared_Dirty": 0,
              "Shared_Hugetlb": 0,
              "ShmemPmdMapped": 0,
              "Swap": 0,
              "SwapPss": 0
            },
            "start_ticks": 189918756
          }
        ],
        "reason": "phase_marker",
        "tree_rss_kib": 48768
      },
      {
        "elapsed_s": 68.2922,
        "processes": [
          {
            "pid": 3811144,
            "rollup_kib": {
              "AnonHugePages": 0,
              "Anonymous": 12000,
              "FilePmdMapped": 0,
              "KSM": 0,
              "LazyFree": 0,
              "Locked": 0,
              "Private_Clean": 0,
              "Private_Dirty": 12000,
              "Private_Hugetlb": 0,
              "Pss": 13296,
              "Pss_Anon": 12000,
              "Pss_Dirty": 12000,
              "Pss_File": 1296,
              "Pss_Shmem": 0,
              "Referenced": 24288,
              "Rss": 24288,
              "Shared_Clean": 12288,
              "Shared_Dirty": 0,
              "Shared_Hugetlb": 0,
              "ShmemPmdMapped": 0,
              "Swap": 0,
              "SwapPss": 0
            },
            "start_ticks": 189912838
          },
          {
            "pid": 3824102,
            "rollup_kib": {
              "AnonHugePages": 0,
              "Anonymous": 13596,
              "FilePmdMapped": 0,
              "KSM": 0,
              "LazyFree": 0,
              "Locked": 0,
              "Private_Clean": 64,
              "Private_Dirty": 13596,
              "Private_Hugetlb": 0,
              "Pss": 15029,
              "Pss_Anon": 13596,
              "Pss_Dirty": 13596,
              "Pss_File": 1433,
              "Pss_Shmem": 0,
              "Referenced": 26228,
              "Rss": 26228,
              "Shared_Clean": 12568,
              "Shared_Dirty": 0,
              "Shared_Hugetlb": 0,
              "ShmemPmdMapped": 0,
              "Swap": 0,
              "SwapPss": 0
            },
            "start_ticks": 189919650
          }
        ],
        "reason": "phase_marker",
        "tree_rss_kib": 50516
      },
      {
        "elapsed_s": 75.8278,
        "processes": [
          {
            "pid": 3811144,
            "rollup_kib": {
              "AnonHugePages": 0,
              "Anonymous": 11836,
              "FilePmdMapped": 0,
              "KSM": 0,
              "LazyFree": 0,
              "Locked": 0,
              "Private_Clean": 20,
              "Private_Dirty": 11836,
              "Private_Hugetlb": 0,
              "Pss": 13383,
              "Pss_Anon": 11836,
              "Pss_Dirty": 11836,
              "Pss_File": 1547,
              "Pss_Shmem": 0,
              "Referenced": 24124,
              "Rss": 24124,
              "Shared_Clean": 12268,
              "Shared_Dirty": 0,
              "Shared_Hugetlb": 0,
              "ShmemPmdMapped": 0,
              "Swap": 0,
              "SwapPss": 0
            },
            "start_ticks": 189912838
          }
        ],
        "reason": "phase_marker",
        "tree_rss_kib": 24124
      },
      {
        "elapsed_s": 76.3304,
        "processes": [],
        "reason": "terminal",
        "tree_rss_kib": 0
      }
    ],
    "status": "complete",
    "temporary_disk_limit_bytes": 67108864,
    "wall_time_limit_seconds": null
  }
}
