{"command": ["/usr/bin/python3", "/home/x/deco/gamma/projects/enwiki9/tools/run_with_resource_guard_v3.py", "--limit-kib", "4194304", "--official-decimal-limit-kib", "4194304", "--limit-mode", "tree", "--cgroup-path", "/sys/fs/cgroup/user.slice/user-1000.slice/user@1000.service/app.slice/gamma-enwiki9-20260909T155216Z_3a4347c920", "--cgroup-memory-max-bytes", "4294967296", "--temporary-disk-limit-bytes", "1073741824", "--phase-marker-path", "/home/x/deco/gamma/projects/enwiki9/run_logs/adaptive/20260909T155216Z_3a4347c920.resources/phases.jsonl", "--max-logical-cpus", "1", "--guard-json", "/home/x/deco/gamma/projects/enwiki9/run_logs/adaptive/20260909T155216Z_3a4347c920.resources/guard.json", "--label", "20260909T155216Z_3a4347c920", "--phase", "diagnostic", "--scratch-path", "/home/x/deco/gamma/projects/enwiki9/results/opcode_previous_word_release250k_q0_v1", "--scratch-path", "/home/x/deco/gamma/projects/enwiki9/run_logs/adaptive/20260909T155216Z_3a4347c920.log", "--scratch-path", "/home/x/deco/gamma/projects/enwiki9/run_logs/adaptive/20260909T155216Z_3a4347c920.resources", "--scratch-path", "/tmp/gamma-enwiki9-20260909T155216Z_3a4347c920-o8gd1aw7/opcode_previous_word_release250k_q0_v1", "--", "/usr/bin/taskset", "--cpu-list", "2", "/bin/sh", "-c", "printf '%s\\n' '{\"phase\":\"diagnostic\",\"event\":\"worker_start\",\"detail\":\"operational envelope only; no codec phase credit\"}' >> \"$GAMMA_RESOURCE_PHASE_MARKERS\" || exit 125; exec \"$@\"", "enwiki9-discovery-envelope", "/usr/bin/python3", "/home/x/deco/gamma/projects/enwiki9/tools/opcode_previous_word_release_gate_v1.py"], "job": {"candidate_id": "opcode_previous_word_release250k_q0_v1", "candidate_revision": {"path": "operations/adaptive/candidate-revisions/opcode_previous_word_release250k_q0_v1/20260909T155159080120Z_bf376e553f83.json", "sha256": "sha256:300d81f005d50854d81b2893dead7d0d2c4c92ad962b22f33e54cb3d060cd962"}, "candidate_tree_sha256": "sha256:bf376e553f83ee19df1471cf2d8163c099f63471a7f1b8e06be2df7c591645c9", "execution_guard": {"path": "tools/run_with_resource_guard_v3.py", "sha256": "sha256:044147f7ffe6922ea8dafd52fc3d4426077b20958adbcd421245ad41adcfc1e4"}, "execution_mode": "discovery", "execution_resources": {"boot_id": "3ce46712-27bc-4199-8e48-e2b3d23926cb", "budget": {"cgroup_parent": "/sys/fs/cgroup/user.slice/user-1000.slice/user@1000.service/app.slice", "cpus": [2], "memory_bytes": 4294967296, "scratch_bytes": 1073741824, "swap_bytes": 0, "wall_seconds": 1080}, "cgroup_inode": 271854, "cgroup_path": "/sys/fs/cgroup/user.slice/user-1000.slice/user@1000.service/app.slice/gamma-enwiki9-20260909T155216Z_3a4347c920", "cpu_enforcement": "taskset-and-sampled-affinity-guard", "groups": [{"created": true, "inode": 271854, "kernel_cpuset": false, "memory_bytes": 4294967296, "path": "/sys/fs/cgroup/user.slice/user-1000.slice/user@1000.service/app.slice/gamma-enwiki9-20260909T155216Z_3a4347c920"}], "guard_command_sha256": "48d891176311ccbef0d17e3c2489088f59eebd48bfed0ea29d9b799a56678f09", "guard_path": "run_logs/adaptive/20260909T155216Z_3a4347c920.resources/guard.json", "missing_diagnostics": ["kernel cpuset controller is not delegated; taskset assignment and existing affinity guard remain active"], "timing_authority": "diagnostic"}, "experiment": {"path": "operations/adaptive/experiments/opcode_previous_word_release250k_q0_v1.json", "sha256": "sha256:7da589adcd9a23ff935347dc8e788e9bc7d6e32a117de25642de2cef84f55dc6"}, "gate_size": 250000, "held": false, "held_at": "2026-09-09T15:52:15+00:00", "hold_history": [{"at": "2026-09-09T15:56:46+00:00", "held": false, "reason": "Published c28b89310 source and ownership verified; fresh admission operations/provenance/opcode_previous_word_release250k_admission_20260909.json admits CPU2,4GiB memory,1GiB scratch,1080seconds and four exact release phases."}], "job_id": "20260909T155216Z_3a4347c920", "priority": 40, "proposal": {"path": "operations/adaptive/proposals/developed/931_opcode_previous_word_release250k_q0_v1.json", "sha256": "sha256:8cd6aff5167cf20fdb2129332228860c1dc7ec48b430d6e14de24f4083e80269"}, "proposal_id": "opcode_previous_word_release250k_q0_v1", "purpose": "diagnostic", "released_at": "2026-09-09T15:56:46+00:00", "resource_budget": {"cgroup_parent": "/sys/fs/cgroup/user.slice/user-1000.slice/user@1000.service/app.slice", "cpus": [2], "memory_bytes": 4294967296, "scratch_bytes": 1073741824, "swap_bytes": 0, "wall_seconds": 1080}, "runner": {"path": "tools/opcode_previous_word_release_gate_v1.py", "sha256": "sha256:8b6bbbab10f3fa45b6acaa7b4c0b466bfcc5f98b0185e497a8a827c3c5b3fbbe"}, "schema": "gamma.enwiki9.adaptive-job.v3", "scratch_directories": ["results/opcode_previous_word_release250k_q0_v1"], "started_at": "2026-09-09T15:56:47+00:00", "state": "running", "submitted_at": "2026-09-09T15:52:16+00:00", "tags": ["exact-parity", "opening250k", "previous-word-release", "source-cost"], "timing_authority": "diagnostic", "tool": "tools/opcode_previous_word_release_gate_v1.py", "tool_args": []}}
{"status": "passed", "correctness_pass": true}
{
  "resource_guard": {
    "cgroup": {
      "inode": 271854,
      "joined_before_exec": true,
      "memory_max_bytes": 4294967296,
      "memory_max_rounding_bytes": 0,
      "memory_peak_reset": true,
      "path": "/sys/fs/cgroup/user.slice/user-1000.slice/user@1000.service/app.slice/gamma-enwiki9-20260909T155216Z_3a4347c920",
      "previous_memory_max": "4294967296",
      "requested_memory_max_bytes": 4294967296
    },
    "cgroup_events": {
      "baseline": {
        "high": 0,
        "low": 0,
        "max": 0,
        "oom": 0,
        "oom_group_kill": 0,
        "oom_kill": 0,
        "sock_throttled": 0
      },
      "delta": {
        "high": 0,
        "low": 0,
        "max": 0,
        "oom": 0,
        "oom_group_kill": 0,
        "oom_kill": 0,
        "sock_throttled": 0
      },
      "final": {
        "high": 0,
        "low": 0,
        "max": 0,
        "oom": 0,
        "oom_group_kill": 0,
        "oom_kill": 0,
        "sock_throttled": 0
      }
    },
    "command": [
      "/usr/bin/taskset",
      "--cpu-list",
      "2",
      "/bin/sh",
      "-c",
      "printf '%s\\n' '{\"phase\":\"diagnostic\",\"event\":\"worker_start\",\"detail\":\"operational envelope only; no codec phase credit\"}' >> \"$GAMMA_RESOURCE_PHASE_MARKERS\" || exit 125; exec \"$@\"",
      "enwiki9-discovery-envelope",
      "/usr/bin/python3",
      "/home/x/deco/gamma/projects/enwiki9/tools/opcode_previous_word_release_gate_v1.py"
    ],
    "command_sha256": "6f9f64f227b41f48a1cb42e41c53f7faa491bddc1b7735551879f3f94f64b766",
    "elapsed_s": 186.2922,
    "geekbench5_single_core_score": null,
    "guards": {
      "cgroup_memory_guard_exceeded": false,
      "logical_cpu_guard_exceeded": false,
      "measurement_incomplete": false,
      "official_decimal_memory_exceeded": false,
      "phase_marker_invalid": false,
      "rss_guard_exceeded": false,
      "temporary_disk_guard_exceeded": false,
      "wall_time_guard_exceeded": false
    },
    "label": "20260909T155216Z_3a4347c920",
    "latest_sample": {
      "allowed_cpu_union": [],
      "cgroup_current_bytes": 782336,
      "elapsed_s": 186.291,
      "max_single_rss_kib": 0,
      "persistent_status_misses": [],
      "processes": [],
      "scratch_allocated_bytes": 708608,
      "scratch_file_count": 28,
      "scratch_logical_bytes": 635677,
      "scratch_race_count": 0,
      "tree_live_threads": 0,
      "tree_rss_kib": 0,
      "tree_runnable_threads": 0
    },
    "limit_kib": 4194304,
    "limit_mode": "tree",
    "max_logical_cpus": 1,
    "measurements": {
      "affinity_complete": true,
      "cgroup_v2_complete": true,
      "per_process_vmhwm_sampled": true,
      "phase_markers_complete": true,
      "process_tree_rss_complete": true,
      "scratch_logical_and_allocated_complete": true,
      "smaps_rollup_complete": true
    },
    "objective": {
      "corpusBytes": 1000000000,
      "corpusSha256": "159b85351e5f76e60cbe32e04c677847a9ecba3adc79addab6f4c6c7aa3744bc",
      "objectiveDigest": "sha256:e91ff20e92c3cac8acb0cbe5c79fc8e8a3b427d7e151245c8eecc52b1c32fa00",
      "objectiveId": "gamma-enwiki9-hutter-90m-v3",
      "objectivePath": "contracts/research/v3/objective-contract.json",
      "targetScoreBytes": 90000000
    },
    "official_decimal_limit_kib": 4194304,
    "peak_process_vmhwm": {
      "comm": "python3",
      "observed_elapsed_s": 146.1108,
      "pid": 673753,
      "start_ticks": 206563543,
      "vmhwm_kib": 751904
    },
    "peak_sample": {
      "allowed_cpu_union": [
        2
      ],
      "cgroup_current_bytes": 772423680,
      "elapsed_s": 55.7488,
      "max_single_rss_kib": 751892,
      "persistent_status_misses": [],
      "processes": [
        {
          "allowed_cpus": [
            2
          ],
          "comm": "python3",
          "live_threads": 1,
          "pid": 657399,
          "rss_kib": 25460,
          "runnable_threads": 0,
          "start_ticks": 206554523,
          "vmhwm_kib": 26592
        },
        {
          "allowed_cpus": [
            2
          ],
          "comm": "python3",
          "live_threads": 1,
          "pid": 657412,
          "rss_kib": 751892,
          "runnable_threads": 1,
          "start_ticks": 206554530,
          "vmhwm_kib": 751892
        }
      ],
      "scratch_allocated_bytes": 98304,
      "scratch_file_count": 9,
      "scratch_logical_bytes": 67014,
      "scratch_race_count": 0,
      "tree_live_threads": 2,
      "tree_rss_kib": 777352,
      "tree_runnable_threads": 1
    },
    "peak_tree_sample": {
      "allowed_cpu_union": [
        2
      ],
      "cgroup_current_bytes": 772423680,
      "elapsed_s": 55.7488,
      "max_single_rss_kib": 751892,
      "persistent_status_misses": [],
      "processes": [
        {
          "allowed_cpus": [
            2
          ],
          "comm": "python3",
          "live_threads": 1,
          "pid": 657399,
          "rss_kib": 25460,
          "runnable_threads": 0,
          "start_ticks": 206554523,
          "vmhwm_kib": 26592
        },
        {
          "allowed_cpus": [
            2
          ],
          "comm": "python3",
          "live_threads": 1,
          "pid": 657412,
          "rss_kib": 751892,
          "runnable_threads": 1,
          "start_ticks": 206554530,
          "vmhwm_kib": 751892
        }
      ],
      "scratch_allocated_bytes": 98304,
      "scratch_file_count": 9,
      "scratch_logical_bytes": 67014,
      "scratch_race_count": 0,
      "tree_live_threads": 2,
      "tree_rss_kib": 777352,
      "tree_runnable_threads": 1
    },
    "peaks": {
      "cgroup_memory_peak_bytes": 772694016,
      "max_observed_process_vmhwm_kib": 751904,
      "max_sampled_allowed_cpu_count": 1,
      "max_sampled_cgroup_current_bytes": 772423680,
      "max_sampled_scratch_allocated_bytes": 708608,
      "max_sampled_scratch_logical_bytes": 635677,
      "max_sampled_single_rss_kib": 751892,
      "max_sampled_tree_live_threads": 2,
      "max_sampled_tree_rss_kib": 777352,
      "max_sampled_tree_runnable_threads": 1
    },
    "phase": "diagnostic",
    "phase_marker_path": "/home/x/deco/gamma/projects/enwiki9/run_logs/adaptive/20260909T155216Z_3a4347c920.resources/phases.jsonl",
    "phase_markers": [
      {
        "detail": "operational envelope only; no codec phase credit",
        "event": "worker_start",
        "observed_elapsed_s": 0.0219,
        "phase": "diagnostic",
        "source_line": 1
      },
      {
        "detail": null,
        "event": "start",
        "observed_elapsed_s": 0.5228,
        "phase": "D-encode",
        "source_line": 2
      },
      {
        "detail": null,
        "event": "end",
        "observed_elapsed_s": 57.7526,
        "phase": "D-encode",
        "source_line": 3
      },
      {
        "detail": null,
        "event": "start",
        "observed_elapsed_s": 57.7526,
        "phase": "D-decode",
        "source_line": 4
      },
      {
        "detail": null,
        "event": "end",
        "observed_elapsed_s": 90.3808,
        "phase": "D-decode",
        "source_line": 5
      },
      {
        "detail": null,
        "event": "start",
        "observed_elapsed_s": 90.3808,
        "phase": "D-repeat",
        "source_line": 6
      },
      {
        "detail": null,
        "event": "end",
        "observed_elapsed_s": 147.6137,
        "phase": "D-repeat",
        "source_line": 7
      },
      {
        "detail": null,
        "event": "start",
        "observed_elapsed_s": 147.6137,
        "phase": "D-plain",
        "source_line": 8
      },
      {
        "detail": null,
        "event": "end",
        "observed_elapsed_s": 185.7898,
        "phase": "D-plain",
        "source_line": 9
      }
    ],
    "returncode": 0,
    "sample_count": 372,
    "sample_interval_seconds": 0.5,
    "schema": "gamma.enwiki9.resource-guard-receipt.v3",
    "scratch_paths": [
      "/home/x/deco/gamma/projects/enwiki9/results/opcode_previous_word_release250k_q0_v1",
      "/home/x/deco/gamma/projects/enwiki9/run_logs/adaptive/20260909T155216Z_3a4347c920.log",
      "/home/x/deco/gamma/projects/enwiki9/run_logs/adaptive/20260909T155216Z_3a4347c920.resources",
      "/tmp/gamma-enwiki9-20260909T155216Z_3a4347c920-o8gd1aw7/opcode_previous_word_release250k_q0_v1"
    ],
    "smaps_rollup_checkpoints": [
      {
        "elapsed_s": 0.0219,
        "processes": [
          {
            "pid": 657399,
            "rollup_kib": {
              "AnonHugePages": 0,
              "Anonymous": 3916,
              "FilePmdMapped": 0,
              "KSM": 0,
              "LazyFree": 0,
              "Locked": 0,
              "Private_Clean": 132,
              "Private_Dirty": 3916,
              "Private_Hugetlb": 0,
              "Pss": 5847,
              "Pss_Anon": 3916,
              "Pss_Dirty": 3916,
              "Pss_File": 1931,
              "Pss_Shmem": 0,
              "Referenced": 10716,
              "Rss": 10716,
              "Shared_Clean": 6668,
              "Shared_Dirty": 0,
              "Shared_Hugetlb": 0,
              "ShmemPmdMapped": 0,
              "Swap": 0,
              "SwapPss": 0
            },
            "start_ticks": 206554523
          }
        ],
        "reason": "initial+phase_marker+rss_growth",
        "tree_rss_kib": 10716
      },
      {
        "elapsed_s": 0.5228,
        "processes": [
          {
            "pid": 657399,
            "rollup_kib": {
              "AnonHugePages": 0,
              "Anonymous": 13084,
              "FilePmdMapped": 0,
              "KSM": 0,
              "LazyFree": 0,
              "Locked": 0,
              "Private_Clean": 68,
              "Private_Dirty": 13084,
              "Private_Hugetlb": 0,
              "Pss": 15726,
              "Pss_Anon": 13084,
              "Pss_Dirty": 13084,
              "Pss_File": 2642,
              "Pss_Shmem": 0,
              "Referenced": 25460,
              "Rss": 25460,
              "Shared_Clean": 12308,
              "Shared_Dirty": 0,
              "Shared_Hugetlb": 0,
              "ShmemPmdMapped": 0,
              "Swap": 0,
              "SwapPss": 0
            },
            "start_ticks": 206554523
          },
          {
            "pid": 657412,
            "rollup_kib": {
              "AnonHugePages": 0,
              "Anonymous": 26344,
              "FilePmdMapped": 0,
              "KSM": 0,
              "LazyFree": 0,
              "Locked": 0,
              "Private_Clean": 420,
              "Private_Dirty": 26344,
              "Private_Hugetlb": 0,
              "Pss": 29283,
              "Pss_Anon": 26344,
              "Pss_Dirty": 26344,
              "Pss_File": 2939,
              "Pss_Shmem": 0,
              "Referenced": 38984,
              "Rss": 38984,
              "Shared_Clean": 12220,
              "Shared_Dirty": 0,
              "Shared_Hugetlb": 0,
              "ShmemPmdMapped": 0,
              "Swap": 0,
              "SwapPss": 0
            },
            "start_ticks": 206554530
          }
        ],
        "reason": "phase_marker",
        "tree_rss_kib": 64444
      },
      {
        "elapsed_s": 12.0668,
        "processes": [
          {
            "pid": 657399,
            "rollup_kib": {
              "AnonHugePages": 0,
              "Anonymous": 13084,
              "FilePmdMapped": 0,
              "KSM": 0,
              "LazyFree": 0,
              "Locked": 0,
              "Private_Clean": 68,
              "Private_Dirty": 13084,
              "Private_Hugetlb": 0,
              "Pss": 15707,
              "Pss_Anon": 13084,
              "Pss_Dirty": 13084,
              "Pss_File": 2623,
              "Pss_Shmem": 0,
              "Referenced": 25460,
              "Rss": 25460,
              "Shared_Clean": 12308,
              "Shared_Dirty": 0,
              "Shared_Hugetlb": 0,
              "ShmemPmdMapped": 0,
              "Swap": 0,
              "SwapPss": 0
            },
            "start_ticks": 206554523
          },
          {
            "pid": 657412,
            "rollup_kib": {
              "AnonHugePages": 0,
              "Anonymous": 293856,
              "FilePmdMapped": 0,
              "KSM": 0,
              "LazyFree": 0,
              "Locked": 0,
              "Private_Clean": 420,
              "Private_Dirty": 293856,
              "Private_Hugetlb": 0,
              "Pss": 296796,
              "Pss_Anon": 293856,
              "Pss_Dirty": 293856,
              "Pss_File": 2940,
              "Pss_Shmem": 0,
              "Referenced": 306496,
              "Rss": 306496,
              "Shared_Clean": 12220,
              "Shared_Dirty": 0,
              "Shared_Hugetlb": 0,
              "ShmemPmdMapped": 0,
              "Swap": 0,
              "SwapPss": 0
            },
            "start_ticks": 206554530
          }
        ],
        "reason": "rss_growth",
        "tree_rss_kib": 331956
      },
      {
        "elapsed_s": 45.1938,
        "processes": [
          {
            "pid": 657399,
            "rollup_kib": {
              "AnonHugePages": 0,
              "Anonymous": 13084,
              "FilePmdMapped": 0,
              "KSM": 0,
              "LazyFree": 0,
              "Locked": 0,
              "Private_Clean": 68,
              "Private_Dirty": 13084,
              "Private_Hugetlb": 0,
              "Pss": 15704,
              "Pss_Anon": 13084,
              "Pss_Dirty": 13084,
              "Pss_File": 2620,
              "Pss_Shmem": 0,
              "Referenced": 25460,
              "Rss": 25460,
              "Shared_Clean": 12308,
              "Shared_Dirty": 0,
              "Shared_Hugetlb": 0,
              "ShmemPmdMapped": 0,
              "Swap": 0,
              "SwapPss": 0
            },
            "start_ticks": 206554523
          },
          {
            "pid": 657412,
            "rollup_kib": {
              "AnonHugePages": 0,
              "Anonymous": 587104,
              "FilePmdMapped": 0,
              "KSM": 0,
              "LazyFree": 0,
              "Locked": 0,
              "Private_Clean": 420,
              "Private_Dirty": 587104,
              "Private_Hugetlb": 0,
              "Pss": 590047,
              "Pss_Anon": 587104,
              "Pss_Dirty": 587104,
              "Pss_File": 2943,
              "Pss_Shmem": 0,
              "Referenced": 599744,
              "Rss": 599744,
              "Shared_Clean": 12220,
              "Shared_Dirty": 0,
              "Shared_Hugetlb": 0,
              "ShmemPmdMapped": 0,
              "Swap": 0,
              "SwapPss": 0
            },
            "start_ticks": 206554530
          }
        ],
        "reason": "rss_growth",
        "tree_rss_kib": 625204
      },
      {
        "elapsed_s": 57.7526,
        "processes": [
          {
            "pid": 657399,
            "rollup_kib": {
              "AnonHugePages": 0,
              "Anonymous": 13092,
              "FilePmdMapped": 0,
              "KSM": 0,
              "LazyFree": 0,
              "Locked": 0,
              "Private_Clean": 68,
              "Private_Dirty": 13092,
              "Private_Hugetlb": 0,
              "Pss": 15721,
              "Pss_Anon": 13092,
              "Pss_Dirty": 13092,
              "Pss_File": 2629,
              "Pss_Shmem": 0,
              "Referenced": 25532,
              "Rss": 25532,
              "Shared_Clean": 12372,
              "Shared_Dirty": 0,
              "Shared_Hugetlb": 0,
              "ShmemPmdMapped": 0,
              "Swap": 0,
              "SwapPss": 0
            },
            "start_ticks": 206554523
          },
          {
            "pid": 667672,
            "rollup_kib": {
              "AnonHugePages": 0,
              "Anonymous": 14692,
              "FilePmdMapped": 0,
              "KSM": 0,
              "LazyFree": 0,
              "Locked": 0,
              "Private_Clean": 276,
              "Private_Dirty": 14692,
              "Private_Hugetlb": 0,
              "Pss": 17464,
              "Pss_Anon": 14692,
              "Pss_Dirty": 14692,
              "Pss_File": 2772,
              "Pss_Shmem": 0,
              "Referenced": 27112,
              "Rss": 27112,
              "Shared_Clean": 12144,
              "Shared_Dirty": 0,
              "Shared_Hugetlb": 0,
              "ShmemPmdMapped": 0,
              "Swap": 0,
              "SwapPss": 0
            },
            "start_ticks": 206560291
          }
        ],
        "reason": "phase_marker",
        "tree_rss_kib": 52644
      },
      {
        "elapsed_s": 90.3808,
        "processes": [
          {
            "pid": 657399,
            "rollup_kib": {
              "AnonHugePages": 0,
              "Anonymous": 13092,
              "FilePmdMapped": 0,
              "KSM": 0,
              "LazyFree": 0,
              "Locked": 0,
              "Private_Clean": 68,
              "Private_Dirty": 13092,
              "Private_Hugetlb": 0,
              "Pss": 15774,
              "Pss_Anon": 13092,
              "Pss_Dirty": 13092,
              "Pss_File": 2682,
              "Pss_Shmem": 0,
              "Referenced": 25532,
              "Rss": 25532,
              "Shared_Clean": 12372,
              "Shared_Dirty": 0,
              "Shared_Hugetlb": 0,
              "ShmemPmdMapped": 0,
              "Swap": 0,
              "SwapPss": 0
            },
            "start_ticks": 206554523
          },
          {
            "pid": 673753,
            "rollup_kib": {
              "AnonHugePages": 0,
              "Anonymous": 12788,
              "FilePmdMapped": 0,
              "KSM": 0,
              "LazyFree": 0,
              "Locked": 0,
              "Private_Clean": 356,
              "Private_Dirty": 12788,
              "Private_Hugetlb": 0,
              "Pss": 15717,
              "Pss_Anon": 12788,
              "Pss_Dirty": 12788,
              "Pss_File": 2929,
              "Pss_Shmem": 0,
              "Referenced": 25388,
              "Rss": 25388,
              "Shared_Clean": 12244,
              "Shared_Dirty": 0,
              "Shared_Hugetlb": 0,
              "ShmemPmdMapped": 0,
              "Swap": 0,
              "SwapPss": 0
            },
            "start_ticks": 206563543
          }
        ],
        "reason": "phase_marker",
        "tree_rss_kib": 50920
      },
      {
        "elapsed_s": 147.6137,
        "processes": [
          {
            "pid": 657399,
            "rollup_kib": {
              "AnonHugePages": 0,
              "Anonymous": 13092,
              "FilePmdMapped": 0,
              "KSM": 0,
              "LazyFree": 0,
              "Locked": 0,
              "Private_Clean": 88,
              "Private_Dirty": 13092,
              "Private_Hugetlb": 0,
              "Pss": 16003,
              "Pss_Anon": 13092,
              "Pss_Dirty": 13092,
              "Pss_File": 2911,
              "Pss_Shmem": 0,
              "Referenced": 25532,
              "Rss": 25532,
              "Shared_Clean": 12352,
              "Shared_Dirty": 0,
              "Shared_Hugetlb": 0,
              "ShmemPmdMapped": 0,
              "Swap": 0,
              "SwapPss": 0
            },
            "start_ticks": 206554523
          },
          {
            "pid": 684442,
            "rollup_kib": {
              "AnonHugePages": 0,
              "Anonymous": 4224,
              "FilePmdMapped": 0,
              "KSM": 0,
              "LazyFree": 0,
              "Locked": 0,
              "Private_Clean": 220,
              "Private_Dirty": 4224,
              "Private_Hugetlb": 0,
              "Pss": 5843,
              "Pss_Anon": 4224,
              "Pss_Dirty": 4224,
              "Pss_File": 1619,
              "Pss_Shmem": 0,
              "Referenced": 11028,
              "Rss": 11028,
              "Shared_Clean": 6584,
              "Shared_Dirty": 0,
              "Shared_Hugetlb": 0,
              "ShmemPmdMapped": 0,
              "Swap": 0,
              "SwapPss": 0
            },
            "start_ticks": 206569283
          }
        ],
        "reason": "phase_marker",
        "tree_rss_kib": 36560
      },
      {
        "elapsed_s": 185.7898,
        "processes": [
          {
            "pid": 657399,
            "rollup_kib": {
              "AnonHugePages": 0,
              "Anonymous": 13176,
              "FilePmdMapped": 0,
              "KSM": 0,
              "LazyFree": 0,
              "Locked": 0,
              "Private_Clean": 128,
              "Private_Dirty": 13176,
              "Private_Hugetlb": 0,
              "Pss": 16496,
              "Pss_Anon": 13176,
              "Pss_Dirty": 13176,
              "Pss_File": 3320,
              "Pss_Shmem": 0,
              "Referenced": 25616,
              "Rss": 25616,
              "Shared_Clean": 12312,
              "Shared_Dirty": 0,
              "Shared_Hugetlb": 0,
              "ShmemPmdMapped": 0,
              "Swap": 0,
              "SwapPss": 0
            },
            "start_ticks": 206554523
          }
        ],
        "reason": "phase_marker",
        "tree_rss_kib": 25616
      },
      {
        "elapsed_s": 186.291,
        "processes": [],
        "reason": "terminal",
        "tree_rss_kib": 0
      }
    ],
    "status": "complete",
    "temporary_disk_limit_bytes": 1073741824,
    "wall_time_limit_seconds": null
  }
}
