{"command": ["/tmp/gamma-architecture-tests/bin/python", "/home/x/deco/gamma/projects/enwiki9/tools/run_with_resource_guard_v3.py", "--limit-kib", "524288", "--official-decimal-limit-kib", "524288", "--limit-mode", "tree", "--cgroup-path", "/sys/fs/cgroup/user.slice/user-1000.slice/user@1000.service/app.slice/gamma-enwiki9-20260919T210234Z_a3b1662116", "--cgroup-memory-max-bytes", "536870912", "--temporary-disk-limit-bytes", "67108864", "--phase-marker-path", "/home/x/deco/gamma/projects/enwiki9/run_logs/adaptive/20260919T210234Z_a3b1662116.resources/phases.jsonl", "--max-logical-cpus", "1", "--guard-json", "/home/x/deco/gamma/projects/enwiki9/run_logs/adaptive/20260919T210234Z_a3b1662116.resources/guard.json", "--label", "20260919T210234Z_a3b1662116", "--phase", "diagnostic", "--scratch-path", "/home/x/deco/gamma/projects/enwiki9/results/xml_history250k_q0_v2", "--scratch-path", "/home/x/deco/gamma/projects/enwiki9/run_logs/adaptive/20260919T210234Z_a3b1662116.log", "--scratch-path", "/home/x/deco/gamma/projects/enwiki9/run_logs/adaptive/20260919T210234Z_a3b1662116.resources", "--scratch-path", "/tmp/gamma-enwiki9-20260919T210234Z_a3b1662116-un_31_dc/xml_history250k_q0_v2", "--", "/usr/bin/taskset", "--cpu-list", "3", "/bin/sh", "-c", "printf '%s\\n' '{\"phase\":\"diagnostic\",\"event\":\"worker_start\",\"detail\":\"operational envelope only; no codec phase credit\"}' >> \"$GAMMA_RESOURCE_PHASE_MARKERS\" || exit 125; exec \"$@\"", "enwiki9-discovery-envelope", "/tmp/gamma-architecture-tests/bin/python", "/home/x/deco/gamma/projects/enwiki9/tools/xml_history_gate_v2.py", "--root", "/home/x/deco/gamma/projects/enwiki9", "--output", "/home/x/deco/gamma/projects/enwiki9/results/xml_history250k_q0_v2", "--experiment", "/home/x/deco/gamma/projects/enwiki9/operations/adaptive/experiments/xml_history250k_q0_v2.json", "--closure", "/home/x/deco/gamma/projects/enwiki9/operations/provenance/xml_history250k_q0_v2_closure.json", "--cpu", "3"], "job": {"candidate_id": "xml_history250k_q0_v2", "candidate_revision": {"path": "operations/adaptive/candidate-revisions/xml_history250k_q0_v2/20260919T210146887433Z_aa0d94954478.json", "sha256": "sha256:e6b5c3d9e7d4972216a2620fb4dcf3b514cd44d1e23746662fe89fb24eda444e"}, "candidate_tree_sha256": "sha256:aa0d94954478e65e3d539173e494bdce4c9e504fac04e5556259c68cf18d1e97", "execution_guard": {"path": "tools/run_with_resource_guard_v3.py", "sha256": "sha256:044147f7ffe6922ea8dafd52fc3d4426077b20958adbcd421245ad41adcfc1e4"}, "execution_mode": "discovery", "execution_resources": {"boot_id": "3ce46712-27bc-4199-8e48-e2b3d23926cb", "budget": {"cgroup_parent": "/sys/fs/cgroup/user.slice/user-1000.slice/user@1000.service/app.slice", "cpus": [3], "memory_bytes": 536870912, "scratch_bytes": 67108864, "swap_bytes": 0, "wall_seconds": 180}, "cgroup_inode": 375507, "cgroup_path": "/sys/fs/cgroup/user.slice/user-1000.slice/user@1000.service/app.slice/gamma-enwiki9-20260919T210234Z_a3b1662116", "cpu_enforcement": "taskset-and-sampled-affinity-guard", "groups": [{"created": true, "inode": 375507, "kernel_cpuset": false, "memory_bytes": 536870912, "path": "/sys/fs/cgroup/user.slice/user-1000.slice/user@1000.service/app.slice/gamma-enwiki9-20260919T210234Z_a3b1662116"}], "guard_command_sha256": "181f2bfdbb706f46f912ec9d27559933ae927fb1cb41b979cd6da2edc1ce5320", "guard_path": "run_logs/adaptive/20260919T210234Z_a3b1662116.resources/guard.json", "missing_diagnostics": ["kernel cpuset controller is not delegated; taskset assignment and existing affinity guard remain active"], "timing_authority": "diagnostic"}, "experiment": {"path": "operations/adaptive/experiments/xml_history250k_q0_v2.json", "sha256": "sha256:1036b4abbb04a0c0ab565c629ed2bb6948b901cd8590fb1b956cb63432e6a322"}, "gate_size": 250000, "job_id": "20260919T210234Z_a3b1662116", "priority": 90, "proposal": {"path": "operations/adaptive/proposals/developed/929_xml_history250k_q0_v2.json", "sha256": "sha256:632b0f91f0d3e989ad43d77374bc10ca573b9b18052f6df8c3d625ca8ff4a9fe"}, "proposal_id": "xml_history250k_q0_v2", "purpose": "diagnostic", "resource_budget": {"cgroup_parent": "/sys/fs/cgroup/user.slice/user-1000.slice/user@1000.service/app.slice", "cpus": [3], "memory_bytes": 536870912, "scratch_bytes": 67108864, "swap_bytes": 0, "wall_seconds": 180}, "runner": {"path": "tools/xml_history_gate_v2.py", "sha256": "sha256:96e6c236ab0b3be0e6760986f691e4e4d567637a319bb3f1f4932b785f07c5bc"}, "schema": "gamma.enwiki9.adaptive-job.v3", "scratch_directories": ["results/xml_history250k_q0_v2"], "started_at": "2026-09-19T21:02:42+00:00", "state": "running", "submitted_at": "2026-09-19T21:02:34+00:00", "tags": [], "timing_authority": "diagnostic", "tool": "tools/xml_history_gate_v2.py", "tool_args": ["--root", "/home/x/deco/gamma/projects/enwiki9", "--output", "/home/x/deco/gamma/projects/enwiki9/results/xml_history250k_q0_v2", "--experiment", "/home/x/deco/gamma/projects/enwiki9/operations/adaptive/experiments/xml_history250k_q0_v2.json", "--closure", "/home/x/deco/gamma/projects/enwiki9/operations/provenance/xml_history250k_q0_v2_closure.json", "--cpu", "3"]}}
{"archive_bytes": {"B": 142449, "E": 146174, "J": 148014, "K": 142449, "P": 86703, "S": 148487, "X": 144289}, "decision": "hold"}
{
  "resource_guard": {
    "cgroup": {
      "inode": 375507,
      "joined_before_exec": true,
      "memory_max_bytes": 536870912,
      "memory_max_rounding_bytes": 0,
      "memory_peak_reset": true,
      "path": "/sys/fs/cgroup/user.slice/user-1000.slice/user@1000.service/app.slice/gamma-enwiki9-20260919T210234Z_a3b1662116",
      "previous_memory_max": "536870912",
      "requested_memory_max_bytes": 536870912
    },
    "cgroup_events": {
      "baseline": {
        "high": 0,
        "low": 0,
        "max": 0,
        "oom": 0,
        "oom_group_kill": 0,
        "oom_kill": 0,
        "sock_throttled": 0
      },
      "delta": {
        "high": 0,
        "low": 0,
        "max": 0,
        "oom": 0,
        "oom_group_kill": 0,
        "oom_kill": 0,
        "sock_throttled": 0
      },
      "final": {
        "high": 0,
        "low": 0,
        "max": 0,
        "oom": 0,
        "oom_group_kill": 0,
        "oom_kill": 0,
        "sock_throttled": 0
      }
    },
    "command": [
      "/usr/bin/taskset",
      "--cpu-list",
      "3",
      "/bin/sh",
      "-c",
      "printf '%s\\n' '{\"phase\":\"diagnostic\",\"event\":\"worker_start\",\"detail\":\"operational envelope only; no codec phase credit\"}' >> \"$GAMMA_RESOURCE_PHASE_MARKERS\" || exit 125; exec \"$@\"",
      "enwiki9-discovery-envelope",
      "/tmp/gamma-architecture-tests/bin/python",
      "/home/x/deco/gamma/projects/enwiki9/tools/xml_history_gate_v2.py",
      "--root",
      "/home/x/deco/gamma/projects/enwiki9",
      "--output",
      "/home/x/deco/gamma/projects/enwiki9/results/xml_history250k_q0_v2",
      "--experiment",
      "/home/x/deco/gamma/projects/enwiki9/operations/adaptive/experiments/xml_history250k_q0_v2.json",
      "--closure",
      "/home/x/deco/gamma/projects/enwiki9/operations/provenance/xml_history250k_q0_v2_closure.json",
      "--cpu",
      "3"
    ],
    "command_sha256": "2928519871f2ad0c8a5379d47b83b2b88db86b37fe2c0ba2cbd3ab07e4934558",
    "elapsed_s": 3.5345,
    "geekbench5_single_core_score": null,
    "guards": {
      "cgroup_memory_guard_exceeded": false,
      "logical_cpu_guard_exceeded": false,
      "measurement_incomplete": false,
      "official_decimal_memory_exceeded": false,
      "phase_marker_invalid": false,
      "rss_guard_exceeded": false,
      "temporary_disk_guard_exceeded": false,
      "wall_time_guard_exceeded": false
    },
    "label": "20260919T210234Z_a3b1662116",
    "latest_sample": {
      "allowed_cpu_union": [],
      "cgroup_current_bytes": 5361664,
      "elapsed_s": 3.5325,
      "max_single_rss_kib": 0,
      "persistent_status_misses": [],
      "processes": [],
      "scratch_allocated_bytes": 4861952,
      "scratch_file_count": 116,
      "scratch_logical_bytes": 4475340,
      "scratch_race_count": 0,
      "tree_live_threads": 0,
      "tree_rss_kib": 0,
      "tree_runnable_threads": 0
    },
    "limit_kib": 524288,
    "limit_mode": "tree",
    "max_logical_cpus": 1,
    "measurements": {
      "affinity_complete": true,
      "cgroup_v2_complete": true,
      "per_process_vmhwm_sampled": true,
      "phase_markers_complete": true,
      "process_tree_rss_complete": true,
      "scratch_logical_and_allocated_complete": true,
      "smaps_rollup_complete": true
    },
    "objective": {
      "corpusBytes": 1000000000,
      "corpusSha256": "159b85351e5f76e60cbe32e04c677847a9ecba3adc79addab6f4c6c7aa3744bc",
      "objectiveDigest": "sha256:409b70547f901a3ac5fffd7fd7a1e1d77b05fb44d9e9d889be1337bd153706d7",
      "objectiveId": "gamma-enwiki9-hutter-96m-v4",
      "objectivePath": "contracts/research/v4/objective-contract.json",
      "targetScoreBytes": 96000000
    },
    "official_decimal_limit_kib": 524288,
    "peak_process_vmhwm": {
      "comm": "python",
      "observed_elapsed_s": 0.5232,
      "pid": 2584031,
      "start_ticks": 294790079,
      "vmhwm_kib": 24872
    },
    "peak_sample": {
      "allowed_cpu_union": [
        3
      ],
      "cgroup_current_bytes": 23728128,
      "elapsed_s": 0.5232,
      "max_single_rss_kib": 24872,
      "persistent_status_misses": [],
      "processes": [
        {
          "allowed_cpus": [
            3
          ],
          "comm": "python",
          "live_threads": 1,
          "pid": 2584031,
          "rss_kib": 24872,
          "runnable_threads": 0,
          "start_ticks": 294790079,
          "vmhwm_kib": 24872
        },
        {
          "allowed_cpus": [
            3
          ],
          "comm": "python",
          "live_threads": 1,
          "pid": 2584189,
          "rss_kib": 21100,
          "runnable_threads": 1,
          "start_ticks": 294790129,
          "vmhwm_kib": 21100
        }
      ],
      "scratch_allocated_bytes": 1527808,
      "scratch_file_count": 48,
      "scratch_logical_bytes": 1316812,
      "scratch_race_count": 0,
      "tree_live_threads": 2,
      "tree_rss_kib": 45972,
      "tree_runnable_threads": 1
    },
    "peak_tree_sample": {
      "allowed_cpu_union": [
        3
      ],
      "cgroup_current_bytes": 29687808,
      "elapsed_s": 3.0313,
      "max_single_rss_kib": 24872,
      "persistent_status_misses": [],
      "processes": [
        {
          "allowed_cpus": [
            3
          ],
          "comm": "python",
          "live_threads": 1,
          "pid": 2584031,
          "rss_kib": 24872,
          "runnable_threads": 0,
          "start_ticks": 294790079,
          "vmhwm_kib": 24872
        },
        {
          "allowed_cpus": [
            3
          ],
          "comm": "python",
          "live_threads": 1,
          "pid": 2584632,
          "rss_kib": 24196,
          "runnable_threads": 1,
          "start_ticks": 294790362,
          "vmhwm_kib": 24196
        }
      ],
      "scratch_allocated_bytes": 4390912,
      "scratch_file_count": 105,
      "scratch_logical_bytes": 4037625,
      "scratch_race_count": 0,
      "tree_live_threads": 2,
      "tree_rss_kib": 49068,
      "tree_runnable_threads": 1
    },
    "peaks": {
      "cgroup_memory_peak_bytes": 30044160,
      "max_observed_process_vmhwm_kib": 24872,
      "max_sampled_allowed_cpu_count": 1,
      "max_sampled_cgroup_current_bytes": 29687808,
      "max_sampled_scratch_allocated_bytes": 4861952,
      "max_sampled_scratch_logical_bytes": 4475340,
      "max_sampled_single_rss_kib": 24872,
      "max_sampled_tree_live_threads": 2,
      "max_sampled_tree_rss_kib": 49068,
      "max_sampled_tree_runnable_threads": 1
    },
    "phase": "diagnostic",
    "phase_marker_path": "/home/x/deco/gamma/projects/enwiki9/run_logs/adaptive/20260919T210234Z_a3b1662116.resources/phases.jsonl",
    "phase_markers": [
      {
        "detail": "operational envelope only; no codec phase credit",
        "event": "worker_start",
        "observed_elapsed_s": 0.0222,
        "phase": "diagnostic",
        "source_line": 1
      }
    ],
    "returncode": 0,
    "sample_count": 8,
    "sample_interval_seconds": 0.5,
    "schema": "gamma.enwiki9.resource-guard-receipt.v3",
    "scratch_paths": [
      "/home/x/deco/gamma/projects/enwiki9/results/xml_history250k_q0_v2",
      "/home/x/deco/gamma/projects/enwiki9/run_logs/adaptive/20260919T210234Z_a3b1662116.log",
      "/home/x/deco/gamma/projects/enwiki9/run_logs/adaptive/20260919T210234Z_a3b1662116.resources",
      "/tmp/gamma-enwiki9-20260919T210234Z_a3b1662116-un_31_dc/xml_history250k_q0_v2"
    ],
    "smaps_rollup_checkpoints": [
      {
        "elapsed_s": 0.0222,
        "processes": [
          {
            "pid": 2584031,
            "rollup_kib": {
              "AnonHugePages": 0,
              "Anonymous": 2488,
              "FilePmdMapped": 0,
              "KSM": 0,
              "LazyFree": 0,
              "Locked": 0,
              "Private_Clean": 36,
              "Private_Dirty": 2488,
              "Private_Hugetlb": 0,
              "Pss": 3740,
              "Pss_Anon": 2488,
              "Pss_Dirty": 2488,
              "Pss_File": 1252,
              "Pss_Shmem": 0,
              "Referenced": 8476,
              "Rss": 8476,
              "Shared_Clean": 5952,
              "Shared_Dirty": 0,
              "Shared_Hugetlb": 0,
              "ShmemPmdMapped": 0,
              "Swap": 0,
              "SwapPss": 0
            },
            "start_ticks": 294790079
          }
        ],
        "reason": "initial+phase_marker+rss_growth",
        "tree_rss_kib": 8476
      },
      {
        "elapsed_s": 3.5325,
        "processes": [],
        "reason": "terminal",
        "tree_rss_kib": 0
      }
    ],
    "status": "complete",
    "temporary_disk_limit_bytes": 67108864,
    "wall_time_limit_seconds": null
  }
}
