{"command": ["/usr/bin/python3", "/home/x/deco/gamma/projects/enwiki9/tools/run_with_resource_guard_v3.py", "--limit-kib", "1048576", "--official-decimal-limit-kib", "1048576", "--limit-mode", "tree", "--cgroup-path", "/sys/fs/cgroup/user.slice/user-1000.slice/user@1000.service/app.slice/gamma-enwiki9-20260906T204205Z_89a5d39e43", "--cgroup-memory-max-bytes", "1073741824", "--temporary-disk-limit-bytes", "67108864", "--phase-marker-path", "/home/x/deco/gamma/projects/enwiki9/run_logs/adaptive/20260906T204205Z_89a5d39e43.resources/phases.jsonl", "--max-logical-cpus", "1", "--guard-json", "/home/x/deco/gamma/projects/enwiki9/run_logs/adaptive/20260906T204205Z_89a5d39e43.resources/guard.json", "--label", "20260906T204205Z_89a5d39e43", "--phase", "diagnostic", "--scratch-path", "/home/x/deco/gamma/projects/enwiki9/results/dualstream_grammar_argtokens250k_q0_v2", "--scratch-path", "/home/x/deco/gamma/projects/enwiki9/run_logs/adaptive/20260906T204205Z_89a5d39e43.log", "--scratch-path", "/home/x/deco/gamma/projects/enwiki9/run_logs/adaptive/20260906T204205Z_89a5d39e43.resources", "--scratch-path", "/tmp/gamma-enwiki9-20260906T204205Z_89a5d39e43-mw_mirj9/dualstream_grammar_argtokens250k_q0_v2", "--", "/usr/bin/taskset", "--cpu-list", "2", "/bin/sh", "-c", "printf '%s\\n' '{\"phase\":\"diagnostic\",\"event\":\"worker_start\",\"detail\":\"operational envelope only; no codec phase credit\"}' >> \"$GAMMA_RESOURCE_PHASE_MARKERS\" || exit 125; exec \"$@\"", "enwiki9-discovery-envelope", "/usr/bin/python3", "/home/x/deco/gamma/projects/enwiki9/tools/dualstream_grammar_argtokens_gate_v2.py", "--candidate", "dualstream_grammar_argtokens250k_q0_v2"], "job": {"candidate_id": "dualstream_grammar_argtokens250k_q0_v2", "candidate_revision": {"path": "operations/adaptive/candidate-revisions/dualstream_grammar_argtokens250k_q0_v2/20260906T204205125530Z_7cd1b51a47b5.json", "sha256": "sha256:458d0399820298f5b41523f15c22ba405805dc983f76cff68fd853065212be5c"}, "candidate_tree_sha256": "sha256:7cd1b51a47b5c442c911213e6ac6062179072982a5317f858fff28189109cadc", "execution_guard": {"path": "tools/run_with_resource_guard_v3.py", "sha256": "sha256:044147f7ffe6922ea8dafd52fc3d4426077b20958adbcd421245ad41adcfc1e4"}, "execution_mode": "discovery", "execution_resources": {"boot_id": "3ce46712-27bc-4199-8e48-e2b3d23926cb", "budget": {"cgroup_parent": "/sys/fs/cgroup/user.slice/user-1000.slice/user@1000.service/app.slice", "cpus": [2], "memory_bytes": 1073741824, "scratch_bytes": 67108864, "swap_bytes": 0, "wall_seconds": 600}, "cgroup_inode": 236848, "cgroup_path": "/sys/fs/cgroup/user.slice/user-1000.slice/user@1000.service/app.slice/gamma-enwiki9-20260906T204205Z_89a5d39e43", "cpu_enforcement": "taskset-and-sampled-affinity-guard", "groups": [{"created": true, "inode": 236848, "kernel_cpuset": false, "memory_bytes": 1073741824, "path": "/sys/fs/cgroup/user.slice/user-1000.slice/user@1000.service/app.slice/gamma-enwiki9-20260906T204205Z_89a5d39e43"}], "guard_command_sha256": "923c50aa1741cbdf3bbfe694a9b7ddb5c3528b5df199ee70b88359940279ba00", "guard_path": "run_logs/adaptive/20260906T204205Z_89a5d39e43.resources/guard.json", "missing_diagnostics": ["kernel cpuset controller is not delegated; taskset assignment and existing affinity guard remain active"], "timing_authority": "diagnostic"}, "experiment": {"path": "operations/adaptive/experiments/dualstream_grammar_argtokens250k_q0_v2.json", "sha256": "sha256:d9e0c6e6644b0e7b1b3853deef37fe2fe2ea1b34a0ee5fac6b3f5c9f13373095"}, "gate_size": 250000, "held": false, "held_at": "2026-09-06T20:42:22+00:00", "hold_history": [{"at": "2026-09-06T20:42:22+00:00", "held": true, "reason": "Publish root_explore ownership, fixed five-arm inputs and CPU2 budget before execution; recheck live assignments and preserve HORIZON."}, {"at": "2026-09-06T20:45:04+00:00", "held": false, "reason": "Published 85a3a06efef6b85c3d871797308d267a528bde93; all15 frozen inputs match origin/main. Entry at20:43:37UTC verifies only preserved HORIZON source/observer live,27 held jobs,no unheld work,no exclusive lease,68,473,446,400 available bytes,CPU2 sample idle. HORIZON retains all32 allowed CPUs: shared-host timing remains diagnostic. Root_explore owns CPU2 discovery,1GiB memory,64MiB scratch,600second stop; outer launcher pinned and16GiB free-memory admission floor."}], "job_id": "20260906T204205Z_89a5d39e43", "priority": 90, "proposal": {"path": "operations/adaptive/proposals/developed/941_dualstream_grammar_argtokens250k_q0_v2.json", "sha256": "sha256:013361e6c2e000d8381f0e9cc845ccf1b9492e5107f38edf57c54be291634855"}, "proposal_id": "dualstream_grammar_argtokens250k_q0_v2", "purpose": "diagnostic", "released_at": "2026-09-06T20:45:04+00:00", "resource_budget": {"cgroup_parent": "/sys/fs/cgroup/user.slice/user-1000.slice/user@1000.service/app.slice", "cpus": [2], "memory_bytes": 1073741824, "scratch_bytes": 67108864, "swap_bytes": 0, "wall_seconds": 600}, "runner": {"path": "tools/dualstream_grammar_argtokens_gate_v2.py", "sha256": "sha256:1812f2d807fbe9237c8df4a6aa573a64938e87001d9d06264c16f216396c933a"}, "schema": "gamma.enwiki9.adaptive-job.v3", "scratch_directories": ["results/dualstream_grammar_argtokens250k_q0_v2"], "started_at": "2026-09-06T20:45:04+00:00", "state": "running", "submitted_at": "2026-09-06T20:42:05+00:00", "tags": ["development250k"], "timing_authority": "diagnostic", "tool": "tools/dualstream_grammar_argtokens_gate_v2.py", "tool_args": ["--candidate", "dualstream_grammar_argtokens250k_q0_v2"]}}
{"status": "passed", "arms_closed": 5, "native_phases": 15}
{
  "resource_guard": {
    "cgroup": {
      "inode": 236848,
      "joined_before_exec": true,
      "memory_max_bytes": 1073741824,
      "memory_max_rounding_bytes": 0,
      "memory_peak_reset": true,
      "path": "/sys/fs/cgroup/user.slice/user-1000.slice/user@1000.service/app.slice/gamma-enwiki9-20260906T204205Z_89a5d39e43",
      "previous_memory_max": "1073741824",
      "requested_memory_max_bytes": 1073741824
    },
    "cgroup_events": {
      "baseline": {
        "high": 0,
        "low": 0,
        "max": 0,
        "oom": 0,
        "oom_group_kill": 0,
        "oom_kill": 0,
        "sock_throttled": 0
      },
      "delta": {
        "high": 0,
        "low": 0,
        "max": 0,
        "oom": 0,
        "oom_group_kill": 0,
        "oom_kill": 0,
        "sock_throttled": 0
      },
      "final": {
        "high": 0,
        "low": 0,
        "max": 0,
        "oom": 0,
        "oom_group_kill": 0,
        "oom_kill": 0,
        "sock_throttled": 0
      }
    },
    "command": [
      "/usr/bin/taskset",
      "--cpu-list",
      "2",
      "/bin/sh",
      "-c",
      "printf '%s\\n' '{\"phase\":\"diagnostic\",\"event\":\"worker_start\",\"detail\":\"operational envelope only; no codec phase credit\"}' >> \"$GAMMA_RESOURCE_PHASE_MARKERS\" || exit 125; exec \"$@\"",
      "enwiki9-discovery-envelope",
      "/usr/bin/python3",
      "/home/x/deco/gamma/projects/enwiki9/tools/dualstream_grammar_argtokens_gate_v2.py",
      "--candidate",
      "dualstream_grammar_argtokens250k_q0_v2"
    ],
    "command_sha256": "4cddee7639f062d3391ef85938457dbeef29783c02a84f74420b9612e685a0f7",
    "elapsed_s": 67.796,
    "geekbench5_single_core_score": null,
    "guards": {
      "cgroup_memory_guard_exceeded": false,
      "logical_cpu_guard_exceeded": false,
      "measurement_incomplete": false,
      "official_decimal_memory_exceeded": false,
      "phase_marker_invalid": false,
      "rss_guard_exceeded": false,
      "temporary_disk_guard_exceeded": false,
      "wall_time_guard_exceeded": false
    },
    "label": "20260906T204205Z_89a5d39e43",
    "latest_sample": {
      "allowed_cpu_union": [],
      "cgroup_current_bytes": 2912256,
      "elapsed_s": 67.7948,
      "max_single_rss_kib": 0,
      "persistent_status_misses": [],
      "processes": [],
      "scratch_allocated_bytes": 2654208,
      "scratch_file_count": 72,
      "scratch_logical_bytes": 2485175,
      "scratch_race_count": 0,
      "tree_live_threads": 0,
      "tree_rss_kib": 0,
      "tree_runnable_threads": 0
    },
    "limit_kib": 1048576,
    "limit_mode": "tree",
    "max_logical_cpus": 1,
    "measurements": {
      "affinity_complete": true,
      "cgroup_v2_complete": true,
      "per_process_vmhwm_sampled": true,
      "phase_markers_complete": true,
      "process_tree_rss_complete": true,
      "scratch_logical_and_allocated_complete": true,
      "smaps_rollup_complete": true
    },
    "objective": {
      "corpusBytes": 1000000000,
      "corpusSha256": "159b85351e5f76e60cbe32e04c677847a9ecba3adc79addab6f4c6c7aa3744bc",
      "objectiveDigest": "sha256:16badfa6c1a53b47bcc12b089fdd9c21f7405ea56a84344d60c28d2252da8288",
      "objectiveId": "gamma-enwiki9-hutter-99m-v2",
      "objectivePath": "contracts/research/v2/objective-contract.json",
      "targetScoreBytes": 99000000
    },
    "official_decimal_limit_kib": 1048576,
    "peak_process_vmhwm": {
      "comm": "python3",
      "observed_elapsed_s": 32.1516,
      "pid": 2402765,
      "start_ticks": 182366857,
      "vmhwm_kib": 31780
    },
    "peak_sample": {
      "allowed_cpu_union": [
        2
      ],
      "cgroup_current_bytes": 33497088,
      "elapsed_s": 32.1516,
      "max_single_rss_kib": 31780,
      "persistent_status_misses": [],
      "processes": [
        {
          "allowed_cpus": [
            2
          ],
          "comm": "python3",
          "live_threads": 1,
          "pid": 2395609,
          "rss_kib": 23156,
          "runnable_threads": 0,
          "start_ticks": 182364288,
          "vmhwm_kib": 24324
        },
        {
          "allowed_cpus": [
            2
          ],
          "comm": "python3",
          "live_threads": 1,
          "pid": 2402765,
          "rss_kib": 31780,
          "runnable_threads": 1,
          "start_ticks": 182366857,
          "vmhwm_kib": 31780
        }
      ],
      "scratch_allocated_bytes": 1941504,
      "scratch_file_count": 55,
      "scratch_logical_bytes": 1812255,
      "scratch_race_count": 0,
      "tree_live_threads": 2,
      "tree_rss_kib": 54936,
      "tree_runnable_threads": 1
    },
    "peak_tree_sample": {
      "allowed_cpu_union": [
        2
      ],
      "cgroup_current_bytes": 33497088,
      "elapsed_s": 32.1516,
      "max_single_rss_kib": 31780,
      "persistent_status_misses": [],
      "processes": [
        {
          "allowed_cpus": [
            2
          ],
          "comm": "python3",
          "live_threads": 1,
          "pid": 2395609,
          "rss_kib": 23156,
          "runnable_threads": 0,
          "start_ticks": 182364288,
          "vmhwm_kib": 24324
        },
        {
          "allowed_cpus": [
            2
          ],
          "comm": "python3",
          "live_threads": 1,
          "pid": 2402765,
          "rss_kib": 31780,
          "runnable_threads": 1,
          "start_ticks": 182366857,
          "vmhwm_kib": 31780
        }
      ],
      "scratch_allocated_bytes": 1941504,
      "scratch_file_count": 55,
      "scratch_logical_bytes": 1812255,
      "scratch_race_count": 0,
      "tree_live_threads": 2,
      "tree_rss_kib": 54936,
      "tree_runnable_threads": 1
    },
    "peaks": {
      "cgroup_memory_peak_bytes": 33497088,
      "max_observed_process_vmhwm_kib": 31780,
      "max_sampled_allowed_cpu_count": 1,
      "max_sampled_cgroup_current_bytes": 33497088,
      "max_sampled_scratch_allocated_bytes": 2654208,
      "max_sampled_scratch_logical_bytes": 2485175,
      "max_sampled_single_rss_kib": 31780,
      "max_sampled_tree_live_threads": 2,
      "max_sampled_tree_rss_kib": 54936,
      "max_sampled_tree_runnable_threads": 1
    },
    "phase": "diagnostic",
    "phase_marker_path": "/home/x/deco/gamma/projects/enwiki9/run_logs/adaptive/20260906T204205Z_89a5d39e43.resources/phases.jsonl",
    "phase_markers": [
      {
        "detail": "operational envelope only; no codec phase credit",
        "event": "worker_start",
        "observed_elapsed_s": 0.0247,
        "phase": "diagnostic",
        "source_line": 1
      },
      {
        "detail": null,
        "event": "start",
        "observed_elapsed_s": 0.5257,
        "phase": "P-encode",
        "source_line": 2
      },
      {
        "detail": null,
        "event": "end",
        "observed_elapsed_s": 0.5257,
        "phase": "P-encode",
        "source_line": 3
      },
      {
        "detail": null,
        "event": "start",
        "observed_elapsed_s": 0.5257,
        "phase": "P-decode",
        "source_line": 4
      },
      {
        "detail": null,
        "event": "end",
        "observed_elapsed_s": 0.5257,
        "phase": "P-decode",
        "source_line": 5
      },
      {
        "detail": null,
        "event": "start",
        "observed_elapsed_s": 0.5257,
        "phase": "P-repeat",
        "source_line": 6
      },
      {
        "detail": null,
        "event": "end",
        "observed_elapsed_s": 0.5257,
        "phase": "P-repeat",
        "source_line": 7
      },
      {
        "detail": null,
        "event": "start",
        "observed_elapsed_s": 0.5257,
        "phase": "S-encode",
        "source_line": 8
      },
      {
        "detail": null,
        "event": "end",
        "observed_elapsed_s": 0.5257,
        "phase": "S-encode",
        "source_line": 9
      },
      {
        "detail": null,
        "event": "start",
        "observed_elapsed_s": 0.5257,
        "phase": "S-decode",
        "source_line": 10
      },
      {
        "detail": null,
        "event": "end",
        "observed_elapsed_s": 1.0276,
        "phase": "S-decode",
        "source_line": 11
      },
      {
        "detail": null,
        "event": "start",
        "observed_elapsed_s": 1.0276,
        "phase": "S-repeat",
        "source_line": 12
      },
      {
        "detail": null,
        "event": "end",
        "observed_elapsed_s": 1.0276,
        "phase": "S-repeat",
        "source_line": 13
      },
      {
        "detail": null,
        "event": "start",
        "observed_elapsed_s": 1.0276,
        "phase": "G-encode",
        "source_line": 14
      },
      {
        "detail": null,
        "event": "end",
        "observed_elapsed_s": 10.0616,
        "phase": "G-encode",
        "source_line": 15
      },
      {
        "detail": null,
        "event": "start",
        "observed_elapsed_s": 10.0616,
        "phase": "G-decode",
        "source_line": 16
      },
      {
        "detail": null,
        "event": "end",
        "observed_elapsed_s": 10.0616,
        "phase": "G-decode",
        "source_line": 17
      },
      {
        "detail": null,
        "event": "start",
        "observed_elapsed_s": 10.0616,
        "phase": "G-repeat",
        "source_line": 18
      },
      {
        "detail": null,
        "event": "end",
        "observed_elapsed_s": 19.0976,
        "phase": "G-repeat",
        "source_line": 19
      },
      {
        "detail": null,
        "event": "start",
        "observed_elapsed_s": 19.0976,
        "phase": "B-encode",
        "source_line": 20
      },
      {
        "detail": null,
        "event": "end",
        "observed_elapsed_s": 25.6246,
        "phase": "B-encode",
        "source_line": 21
      },
      {
        "detail": null,
        "event": "start",
        "observed_elapsed_s": 25.6246,
        "phase": "B-decode",
        "source_line": 22
      },
      {
        "detail": null,
        "event": "end",
        "observed_elapsed_s": 26.1266,
        "phase": "B-decode",
        "source_line": 23
      },
      {
        "detail": null,
        "event": "start",
        "observed_elapsed_s": 26.1266,
        "phase": "B-repeat",
        "source_line": 24
      },
      {
        "detail": null,
        "event": "end",
        "observed_elapsed_s": 32.6531,
        "phase": "B-repeat",
        "source_line": 25
      },
      {
        "detail": null,
        "event": "start",
        "observed_elapsed_s": 32.6531,
        "phase": "T-encode",
        "source_line": 26
      },
      {
        "detail": null,
        "event": "end",
        "observed_elapsed_s": 50.2233,
        "phase": "T-encode",
        "source_line": 27
      },
      {
        "detail": null,
        "event": "start",
        "observed_elapsed_s": 50.2233,
        "phase": "T-decode",
        "source_line": 28
      },
      {
        "detail": null,
        "event": "end",
        "observed_elapsed_s": 50.2233,
        "phase": "T-decode",
        "source_line": 29
      },
      {
        "detail": null,
        "event": "start",
        "observed_elapsed_s": 50.2233,
        "phase": "T-repeat",
        "source_line": 30
      },
      {
        "detail": null,
        "event": "end",
        "observed_elapsed_s": 67.7948,
        "phase": "T-repeat",
        "source_line": 31
      }
    ],
    "returncode": 0,
    "sample_count": 136,
    "sample_interval_seconds": 0.5,
    "schema": "gamma.enwiki9.resource-guard-receipt.v3",
    "scratch_paths": [
      "/home/x/deco/gamma/projects/enwiki9/results/dualstream_grammar_argtokens250k_q0_v2",
      "/home/x/deco/gamma/projects/enwiki9/run_logs/adaptive/20260906T204205Z_89a5d39e43.log",
      "/home/x/deco/gamma/projects/enwiki9/run_logs/adaptive/20260906T204205Z_89a5d39e43.resources",
      "/tmp/gamma-enwiki9-20260906T204205Z_89a5d39e43-mw_mirj9/dualstream_grammar_argtokens250k_q0_v2"
    ],
    "smaps_rollup_checkpoints": [
      {
        "elapsed_s": 0.0247,
        "processes": [
          {
            "pid": 2395609,
            "rollup_kib": {
              "AnonHugePages": 0,
              "Anonymous": 2756,
              "FilePmdMapped": 0,
              "KSM": 0,
              "LazyFree": 0,
              "Locked": 0,
              "Private_Clean": 28,
              "Private_Dirty": 2756,
              "Private_Hugetlb": 0,
              "Pss": 3439,
              "Pss_Anon": 2756,
              "Pss_Dirty": 2756,
              "Pss_File": 683,
              "Pss_Shmem": 0,
              "Referenced": 8880,
              "Rss": 8880,
              "Shared_Clean": 6096,
              "Shared_Dirty": 0,
              "Shared_Hugetlb": 0,
              "ShmemPmdMapped": 0,
              "Swap": 0,
              "SwapPss": 0
            },
            "start_ticks": 182364288
          }
        ],
        "reason": "initial+phase_marker+rss_growth",
        "tree_rss_kib": 8880
      },
      {
        "elapsed_s": 0.5257,
        "processes": [
          {
            "pid": 2395609,
            "rollup_kib": {
              "AnonHugePages": 0,
              "Anonymous": 10860,
              "FilePmdMapped": 0,
              "KSM": 0,
              "LazyFree": 0,
              "Locked": 0,
              "Private_Clean": 0,
              "Private_Dirty": 10860,
              "Private_Hugetlb": 0,
              "Pss": 11876,
              "Pss_Anon": 10860,
              "Pss_Dirty": 10860,
              "Pss_File": 1016,
              "Pss_Shmem": 0,
              "Referenced": 23088,
              "Rss": 23088,
              "Shared_Clean": 12228,
              "Shared_Dirty": 0,
              "Shared_Hugetlb": 0,
              "ShmemPmdMapped": 0,
              "Swap": 0,
              "SwapPss": 0
            },
            "start_ticks": 182364288
          },
          {
            "pid": 2395704,
            "rollup_kib": {
              "AnonHugePages": 0,
              "Anonymous": 10796,
              "FilePmdMapped": 0,
              "KSM": 0,
              "LazyFree": 0,
              "Locked": 0,
              "Private_Clean": 4,
              "Private_Dirty": 10796,
              "Private_Hugetlb": 0,
              "Pss": 11811,
              "Pss_Anon": 10796,
              "Pss_Dirty": 10796,
              "Pss_File": 1015,
              "Pss_Shmem": 0,
              "Referenced": 22992,
              "Rss": 22992,
              "Shared_Clean": 12192,
              "Shared_Dirty": 0,
              "Shared_Hugetlb": 0,
              "ShmemPmdMapped": 0,
              "Swap": 0,
              "SwapPss": 0
            },
            "start_ticks": 182364334
          }
        ],
        "reason": "phase_marker",
        "tree_rss_kib": 46080
      },
      {
        "elapsed_s": 1.0276,
        "processes": [
          {
            "pid": 2395609,
            "rollup_kib": {
              "AnonHugePages": 0,
              "Anonymous": 10868,
              "FilePmdMapped": 0,
              "KSM": 0,
              "LazyFree": 0,
              "Locked": 0,
              "Private_Clean": 0,
              "Private_Dirty": 10868,
              "Private_Hugetlb": 0,
              "Pss": 11888,
              "Pss_Anon": 10868,
              "Pss_Dirty": 10868,
              "Pss_File": 1020,
              "Pss_Shmem": 0,
              "Referenced": 23096,
              "Rss": 23096,
              "Shared_Clean": 12228,
              "Shared_Dirty": 0,
              "Shared_Hugetlb": 0,
              "ShmemPmdMapped": 0,
              "Swap": 0,
              "SwapPss": 0
            },
            "start_ticks": 182364288
          },
          {
            "pid": 2395778,
            "rollup_kib": {
              "AnonHugePages": 0,
              "Anonymous": 16408,
              "FilePmdMapped": 0,
              "KSM": 0,
              "LazyFree": 0,
              "Locked": 0,
              "Private_Clean": 4,
              "Private_Dirty": 16408,
              "Private_Hugetlb": 0,
              "Pss": 17432,
              "Pss_Anon": 16408,
              "Pss_Dirty": 16408,
              "Pss_File": 1024,
              "Pss_Shmem": 0,
              "Referenced": 28752,
              "Rss": 28752,
              "Shared_Clean": 12340,
              "Shared_Dirty": 0,
              "Shared_Hugetlb": 0,
              "ShmemPmdMapped": 0,
              "Swap": 0,
              "SwapPss": 0
            },
            "start_ticks": 182364365
          }
        ],
        "reason": "phase_marker",
        "tree_rss_kib": 51848
      },
      {
        "elapsed_s": 10.0616,
        "processes": [
          {
            "pid": 2395609,
            "rollup_kib": {
              "AnonHugePages": 0,
              "Anonymous": 10872,
              "FilePmdMapped": 0,
              "KSM": 0,
              "LazyFree": 0,
              "Locked": 0,
              "Private_Clean": 0,
              "Private_Dirty": 10872,
              "Private_Hugetlb": 0,
              "Pss": 11893,
              "Pss_Anon": 10872,
              "Pss_Dirty": 10872,
              "Pss_File": 1021,
              "Pss_Shmem": 0,
              "Referenced": 23100,
              "Rss": 23100,
              "Shared_Clean": 12228,
              "Shared_Dirty": 0,
              "Shared_Hugetlb": 0,
              "ShmemPmdMapped": 0,
              "Swap": 0,
              "SwapPss": 0
            },
            "start_ticks": 182364288
          },
          {
            "pid": 2398300,
            "rollup_kib": {
              "AnonHugePages": 0,
              "Anonymous": 16408,
              "FilePmdMapped": 0,
              "KSM": 0,
              "LazyFree": 0,
              "Locked": 0,
              "Private_Clean": 4,
              "Private_Dirty": 16408,
              "Private_Hugetlb": 0,
              "Pss": 17438,
              "Pss_Anon": 16408,
              "Pss_Dirty": 16408,
              "Pss_File": 1030,
              "Pss_Shmem": 0,
              "Referenced": 28800,
              "Rss": 28800,
              "Shared_Clean": 12388,
              "Shared_Dirty": 0,
              "Shared_Hugetlb": 0,
              "ShmemPmdMapped": 0,
              "Swap": 0,
              "SwapPss": 0
            },
            "start_ticks": 182365276
          }
        ],
        "reason": "phase_marker",
        "tree_rss_kib": 51900
      },
      {
        "elapsed_s": 19.0976,
        "processes": [
          {
            "pid": 2395609,
            "rollup_kib": {
              "AnonHugePages": 0,
              "Anonymous": 10924,
              "FilePmdMapped": 0,
              "KSM": 0,
              "LazyFree": 0,
              "Locked": 0,
              "Private_Clean": 0,
              "Private_Dirty": 10924,
              "Private_Hugetlb": 0,
              "Pss": 11942,
              "Pss_Anon": 10924,
              "Pss_Dirty": 10924,
              "Pss_File": 1018,
              "Pss_Shmem": 0,
              "Referenced": 23152,
              "Rss": 23152,
              "Shared_Clean": 12228,
              "Shared_Dirty": 0,
              "Shared_Hugetlb": 0,
              "ShmemPmdMapped": 0,
              "Swap": 0,
              "SwapPss": 0
            },
            "start_ticks": 182364288
          },
          {
            "pid": 2400732,
            "rollup_kib": {
              "AnonHugePages": 0,
              "Anonymous": 17888,
              "FilePmdMapped": 0,
              "KSM": 0,
              "LazyFree": 0,
              "Locked": 0,
              "Private_Clean": 4,
              "Private_Dirty": 17888,
              "Private_Hugetlb": 0,
              "Pss": 18944,
              "Pss_Anon": 17888,
              "Pss_Dirty": 17888,
              "Pss_File": 1056,
              "Pss_Shmem": 0,
              "Referenced": 30256,
              "Rss": 30256,
              "Shared_Clean": 12364,
              "Shared_Dirty": 0,
              "Shared_Hugetlb": 0,
              "ShmemPmdMapped": 0,
              "Swap": 0,
              "SwapPss": 0
            },
            "start_ticks": 182366171
          }
        ],
        "reason": "phase_marker",
        "tree_rss_kib": 53408
      },
      {
        "elapsed_s": 25.6246,
        "processes": [
          {
            "pid": 2395609,
            "rollup_kib": {
              "AnonHugePages": 0,
              "Anonymous": 10924,
              "FilePmdMapped": 0,
              "KSM": 0,
              "LazyFree": 0,
              "Locked": 0,
              "Private_Clean": 0,
              "Private_Dirty": 10924,
              "Private_Hugetlb": 0,
              "Pss": 11945,
              "Pss_Anon": 10924,
              "Pss_Dirty": 10924,
              "Pss_File": 1021,
              "Pss_Shmem": 0,
              "Referenced": 23152,
              "Rss": 23152,
              "Shared_Clean": 12228,
              "Shared_Dirty": 0,
              "Shared_Hugetlb": 0,
              "ShmemPmdMapped": 0,
              "Swap": 0,
              "SwapPss": 0
            },
            "start_ticks": 182364288
          },
          {
            "pid": 2402739,
            "rollup_kib": {
              "AnonHugePages": 0,
              "Anonymous": 12184,
              "FilePmdMapped": 0,
              "KSM": 0,
              "LazyFree": 0,
              "Locked": 0,
              "Private_Clean": 4,
              "Private_Dirty": 12184,
              "Private_Hugetlb": 0,
              "Pss": 13199,
              "Pss_Anon": 12184,
              "Pss_Dirty": 12184,
              "Pss_File": 1015,
              "Pss_Shmem": 0,
              "Referenced": 24348,
              "Rss": 24348,
              "Shared_Clean": 12160,
              "Shared_Dirty": 0,
              "Shared_Hugetlb": 0,
              "ShmemPmdMapped": 0,
              "Swap": 0,
              "SwapPss": 0
            },
            "start_ticks": 182366845
          }
        ],
        "reason": "phase_marker",
        "tree_rss_kib": 47500
      },
      {
        "elapsed_s": 26.1266,
        "processes": [
          {
            "pid": 2395609,
            "rollup_kib": {
              "AnonHugePages": 0,
              "Anonymous": 10928,
              "FilePmdMapped": 0,
              "KSM": 0,
              "LazyFree": 0,
              "Locked": 0,
              "Private_Clean": 0,
              "Private_Dirty": 10928,
              "Private_Hugetlb": 0,
              "Pss": 11949,
              "Pss_Anon": 10928,
              "Pss_Dirty": 10928,
              "Pss_File": 1021,
              "Pss_Shmem": 0,
              "Referenced": 23156,
              "Rss": 23156,
              "Shared_Clean": 12228,
              "Shared_Dirty": 0,
              "Shared_Hugetlb": 0,
              "ShmemPmdMapped": 0,
              "Swap": 0,
              "SwapPss": 0
            },
            "start_ticks": 182364288
          },
          {
            "pid": 2402765,
            "rollup_kib": {
              "AnonHugePages": 0,
              "Anonymous": 17884,
              "FilePmdMapped": 0,
              "KSM": 0,
              "LazyFree": 0,
              "Locked": 0,
              "Private_Clean": 4,
              "Private_Dirty": 17884,
              "Private_Hugetlb": 0,
              "Pss": 18956,
              "Pss_Anon": 17884,
              "Pss_Dirty": 17884,
              "Pss_File": 1072,
              "Pss_Shmem": 0,
              "Referenced": 30372,
              "Rss": 30372,
              "Shared_Clean": 12484,
              "Shared_Dirty": 0,
              "Shared_Hugetlb": 0,
              "ShmemPmdMapped": 0,
              "Swap": 0,
              "SwapPss": 0
            },
            "start_ticks": 182366857
          }
        ],
        "reason": "phase_marker",
        "tree_rss_kib": 53528
      },
      {
        "elapsed_s": 32.6531,
        "processes": [
          {
            "pid": 2395609,
            "rollup_kib": {
              "AnonHugePages": 0,
              "Anonymous": 11024,
              "FilePmdMapped": 0,
              "KSM": 0,
              "LazyFree": 0,
              "Locked": 0,
              "Private_Clean": 0,
              "Private_Dirty": 11024,
              "Private_Hugetlb": 0,
              "Pss": 12046,
              "Pss_Anon": 11024,
              "Pss_Dirty": 11024,
              "Pss_File": 1022,
              "Pss_Shmem": 0,
              "Referenced": 23252,
              "Rss": 23252,
              "Shared_Clean": 12228,
              "Shared_Dirty": 0,
              "Shared_Hugetlb": 0,
              "ShmemPmdMapped": 0,
              "Swap": 0,
              "SwapPss": 0
            },
            "start_ticks": 182364288
          },
          {
            "pid": 2404779,
            "rollup_kib": {
              "AnonHugePages": 0,
              "Anonymous": 16400,
              "FilePmdMapped": 0,
              "KSM": 0,
              "LazyFree": 0,
              "Locked": 0,
              "Private_Clean": 4,
              "Private_Dirty": 16400,
              "Private_Hugetlb": 0,
              "Pss": 17428,
              "Pss_Anon": 16400,
              "Pss_Dirty": 16400,
              "Pss_File": 1028,
              "Pss_Shmem": 0,
              "Referenced": 28768,
              "Rss": 28768,
              "Shared_Clean": 12364,
              "Shared_Dirty": 0,
              "Shared_Hugetlb": 0,
              "ShmemPmdMapped": 0,
              "Swap": 0,
              "SwapPss": 0
            },
            "start_ticks": 182367537
          }
        ],
        "reason": "phase_marker",
        "tree_rss_kib": 52020
      },
      {
        "elapsed_s": 50.2233,
        "processes": [
          {
            "pid": 2395609,
            "rollup_kib": {
              "AnonHugePages": 0,
              "Anonymous": 11024,
              "FilePmdMapped": 0,
              "KSM": 0,
              "LazyFree": 0,
              "Locked": 0,
              "Private_Clean": 0,
              "Private_Dirty": 11024,
              "Private_Hugetlb": 0,
              "Pss": 12048,
              "Pss_Anon": 11024,
              "Pss_Dirty": 11024,
              "Pss_File": 1024,
              "Pss_Shmem": 0,
              "Referenced": 23252,
              "Rss": 23252,
              "Shared_Clean": 12228,
              "Shared_Dirty": 0,
              "Shared_Hugetlb": 0,
              "ShmemPmdMapped": 0,
              "Swap": 0,
              "SwapPss": 0
            },
            "start_ticks": 182364288
          },
          {
            "pid": 2409693,
            "rollup_kib": {
              "AnonHugePages": 0,
              "Anonymous": 12180,
              "FilePmdMapped": 0,
              "KSM": 0,
              "LazyFree": 0,
              "Locked": 0,
              "Private_Clean": 4,
              "Private_Dirty": 12180,
              "Private_Hugetlb": 0,
              "Pss": 13205,
              "Pss_Anon": 12180,
              "Pss_Dirty": 12180,
              "Pss_File": 1025,
              "Pss_Shmem": 0,
              "Referenced": 24492,
              "Rss": 24492,
              "Shared_Clean": 12308,
              "Shared_Dirty": 0,
              "Shared_Hugetlb": 0,
              "ShmemPmdMapped": 0,
              "Swap": 0,
              "SwapPss": 0
            },
            "start_ticks": 182369306
          }
        ],
        "reason": "phase_marker",
        "tree_rss_kib": 47680
      },
      {
        "elapsed_s": 67.7948,
        "processes": [],
        "reason": "phase_marker+terminal",
        "tree_rss_kib": 0
      }
    ],
    "status": "complete",
    "temporary_disk_limit_bytes": 67108864,
    "wall_time_limit_seconds": null
  }
}
