{"command": ["/usr/bin/python3", "/home/x/deco/gamma/projects/enwiki9/tools/run_with_resource_guard_v3.py", "--limit-kib", "97656", "--official-decimal-limit-kib", "97656", "--limit-mode", "tree", "--cgroup-path", "/sys/fs/cgroup/user.slice/user-1000.slice/user@1000.service/app.slice/gamma-enwiki9-20260905T165224Z_8b937647e4", "--cgroup-memory-max-bytes", "99999744", "--temporary-disk-limit-bytes", "16000000000", "--phase-marker-path", "/home/x/deco/gamma/projects/enwiki9/run_logs/adaptive/20260905T165224Z_8b937647e4.resources/phases.jsonl", "--max-logical-cpus", "1", "--guard-json", "/home/x/deco/gamma/projects/enwiki9/run_logs/adaptive/20260905T165224Z_8b937647e4.resources/guard.json", "--label", "20260905T165224Z_8b937647e4", "--phase", "diagnostic", "--scratch-path", "/home/x/deco/gamma/projects/enwiki9/results/fx2_cmix_transformer_gcc_fixture50051_q0_v3", "--scratch-path", "/home/x/deco/gamma/projects/enwiki9/run_logs/adaptive/20260905T165224Z_8b937647e4.log", "--scratch-path", "/home/x/deco/gamma/projects/enwiki9/run_logs/adaptive/20260905T165224Z_8b937647e4.resources", "--scratch-path", "/tmp/gamma-enwiki9-20260905T165224Z_8b937647e4-rhmvlun_/fx2_cmix_transformer_gcc_fixture50051_q0_v3", "--", "/usr/bin/taskset", "--cpu-list", "2", "/bin/sh", "-c", "printf '%s\\n' '{\"phase\":\"diagnostic\",\"event\":\"worker_start\",\"detail\":\"operational envelope only; no codec phase credit\"}' >> \"$GAMMA_RESOURCE_PHASE_MARKERS\" || exit 125; exec \"$@\"", "enwiki9-discovery-envelope", "/usr/bin/python3", "/home/x/deco/gamma/projects/enwiki9/tools/fx2_cmix_transformer_gcc_fixture50051_q0_v3.py", "--cgroup-path", "/sys/fs/cgroup/user.slice/user-1000.slice/user@1000.service/app.slice/gamma-fx2-transformer-fixture50051-q0-v3"], "job": {"candidate_id": "fx2_cmix_transformer_gcc_fixture50051_q0_v3", "candidate_revision": {"path": "operations/adaptive/candidate-revisions/fx2_cmix_transformer_gcc_fixture50051_q0_v3/20260905T165131887463Z_bfd77f4592ae.json", "sha256": "sha256:b2002cd321f9b840b0acf712abb0059acbd14bca5da111d60e46aff181a89aff"}, "candidate_tree_sha256": "sha256:bfd77f4592ae0a1e98bd5167b39e1f2547827fc765f191603a5ac324e2182728", "execution_guard": {"path": "tools/run_with_resource_guard_v3.py", "sha256": "sha256:044147f7ffe6922ea8dafd52fc3d4426077b20958adbcd421245ad41adcfc1e4"}, "execution_mode": "discovery", "execution_resources": {"boot_id": "3ce46712-27bc-4199-8e48-e2b3d23926cb", "budget": {"cgroup_parent": "/sys/fs/cgroup/user.slice/user-1000.slice/user@1000.service/app.slice", "cpus": [2], "existing_guard": {"inode": 222441, "memory_bytes": 9899999232, "path": "/sys/fs/cgroup/user.slice/user-1000.slice/user@1000.service/app.slice/gamma-fx2-transformer-fixture50051-q0-v3"}, "memory_bytes": 9999998976, "scratch_bytes": 16000000000, "swap_bytes": 0, "wall_seconds": 1100}, "cgroup_inode": 222529, "cgroup_path": "/sys/fs/cgroup/user.slice/user-1000.slice/user@1000.service/app.slice/gamma-enwiki9-20260905T165224Z_8b937647e4", "cpu_enforcement": "taskset-and-sampled-affinity-guard", "groups": [{"created": false, "inode": 222441, "kernel_cpuset": false, "memory_bytes": 9899999232, "path": "/sys/fs/cgroup/user.slice/user-1000.slice/user@1000.service/app.slice/gamma-fx2-transformer-fixture50051-q0-v3"}, {"created": true, "inode": 222529, "kernel_cpuset": false, "memory_bytes": 99999744, "path": "/sys/fs/cgroup/user.slice/user-1000.slice/user@1000.service/app.slice/gamma-enwiki9-20260905T165224Z_8b937647e4"}], "guard_command_sha256": "9d87e2ace75f9904b4bba6d47fc38d25da0b0c776185dd796db15002407883eb", "guard_path": "run_logs/adaptive/20260905T165224Z_8b937647e4.resources/guard.json", "missing_diagnostics": ["kernel cpuset controller is not delegated; taskset assignment and existing affinity guard remain active"], "timing_authority": "diagnostic"}, "experiment": {"path": "operations/adaptive/experiments/fx2_cmix_transformer_gcc_fixture50051_q0_v3.json", "sha256": "sha256:000b0d3635d30f9b3adf3365fcce77a14ca2349ce580aaee7f779ffc73c79137"}, "gate_size": 50051, "job_id": "20260905T165224Z_8b937647e4", "priority": 0, "proposal": {"path": "operations/adaptive/proposals/developed/949_fx2_cmix_transformer_gcc_fixture50051_q0_v3.json", "sha256": "sha256:4ebc12b75e5160406d30c75bc464c714f930e8c6795d3f7bf1b55b1cdf011660"}, "proposal_id": "fx2_cmix_transformer_gcc_fixture50051_q0_v3", "purpose": "diagnostic", "resource_budget": {"cgroup_parent": "/sys/fs/cgroup/user.slice/user-1000.slice/user@1000.service/app.slice", "cpus": [2], "existing_guard": {"inode": 222441, "memory_bytes": 9899999232, "path": "/sys/fs/cgroup/user.slice/user-1000.slice/user@1000.service/app.slice/gamma-fx2-transformer-fixture50051-q0-v3"}, "memory_bytes": 9999998976, "scratch_bytes": 16000000000, "swap_bytes": 0, "wall_seconds": 1100}, "runner": {"path": "tools/fx2_cmix_transformer_gcc_fixture50051_q0_v3.py", "sha256": "sha256:d90e30b08c375f1872952f59d269ba6e730257e7d16f5e0742f5cd97d79083d9"}, "schema": "gamma.enwiki9.adaptive-job.v3", "scratch_directories": ["results/fx2_cmix_transformer_gcc_fixture50051_q0_v3"], "started_at": "2026-09-05T16:54:25+00:00", "state": "running", "submitted_at": "2026-09-05T16:52:24+00:00", "tags": ["public-fx2-transformer-fixture"], "timing_authority": "diagnostic", "tool": "tools/fx2_cmix_transformer_gcc_fixture50051_q0_v3.py", "tool_args": ["--cgroup-path", "/sys/fs/cgroup/user.slice/user-1000.slice/user@1000.service/app.slice/gamma-fx2-transformer-fixture50051-q0-v3"]}}
{
  "resource_guard": {
    "cgroup": {
      "inode": 222529,
      "joined_before_exec": true,
      "memory_max_bytes": 99999744,
      "memory_max_rounding_bytes": 0,
      "memory_peak_reset": true,
      "path": "/sys/fs/cgroup/user.slice/user-1000.slice/user@1000.service/app.slice/gamma-enwiki9-20260905T165224Z_8b937647e4",
      "previous_memory_max": "99999744",
      "requested_memory_max_bytes": 99999744
    },
    "cgroup_events": {
      "baseline": {
        "high": 0,
        "low": 0,
        "max": 0,
        "oom": 0,
        "oom_group_kill": 0,
        "oom_kill": 0,
        "sock_throttled": 0
      },
      "delta": {
        "high": 0,
        "low": 0,
        "max": 0,
        "oom": 0,
        "oom_group_kill": 0,
        "oom_kill": 0,
        "sock_throttled": 0
      },
      "final": {
        "high": 0,
        "low": 0,
        "max": 0,
        "oom": 0,
        "oom_group_kill": 0,
        "oom_kill": 0,
        "sock_throttled": 0
      }
    },
    "command": [
      "/usr/bin/taskset",
      "--cpu-list",
      "2",
      "/bin/sh",
      "-c",
      "printf '%s\\n' '{\"phase\":\"diagnostic\",\"event\":\"worker_start\",\"detail\":\"operational envelope only; no codec phase credit\"}' >> \"$GAMMA_RESOURCE_PHASE_MARKERS\" || exit 125; exec \"$@\"",
      "enwiki9-discovery-envelope",
      "/usr/bin/python3",
      "/home/x/deco/gamma/projects/enwiki9/tools/fx2_cmix_transformer_gcc_fixture50051_q0_v3.py",
      "--cgroup-path",
      "/sys/fs/cgroup/user.slice/user-1000.slice/user@1000.service/app.slice/gamma-fx2-transformer-fixture50051-q0-v3"
    ],
    "command_sha256": "32d376b546bef0df8d4632da16ce282e6de32235a5e854e693e97e8838633c60",
    "elapsed_s": 16.5931,
    "geekbench5_single_core_score": null,
    "guards": {
      "cgroup_memory_guard_exceeded": false,
      "logical_cpu_guard_exceeded": false,
      "measurement_incomplete": false,
      "official_decimal_memory_exceeded": false,
      "phase_marker_invalid": false,
      "rss_guard_exceeded": false,
      "temporary_disk_guard_exceeded": false,
      "wall_time_guard_exceeded": false
    },
    "label": "20260905T165224Z_8b937647e4",
    "latest_sample": {
      "allowed_cpu_union": [],
      "cgroup_current_bytes": 458752,
      "elapsed_s": 16.5912,
      "max_single_rss_kib": 0,
      "persistent_status_misses": [],
      "processes": [],
      "scratch_allocated_bytes": 6610944,
      "scratch_file_count": 147,
      "scratch_logical_bytes": 6163774,
      "scratch_race_count": 0,
      "tree_live_threads": 0,
      "tree_rss_kib": 0,
      "tree_runnable_threads": 0
    },
    "limit_kib": 97656,
    "limit_mode": "tree",
    "max_logical_cpus": 1,
    "measurements": {
      "affinity_complete": true,
      "cgroup_v2_complete": true,
      "per_process_vmhwm_sampled": true,
      "phase_markers_complete": true,
      "process_tree_rss_complete": true,
      "scratch_logical_and_allocated_complete": true,
      "smaps_rollup_complete": true
    },
    "objective": {
      "corpusBytes": 1000000000,
      "corpusSha256": "159b85351e5f76e60cbe32e04c677847a9ecba3adc79addab6f4c6c7aa3744bc",
      "objectiveDigest": "sha256:16badfa6c1a53b47bcc12b089fdd9c21f7405ea56a84344d60c28d2252da8288",
      "objectiveId": "gamma-enwiki9-hutter-99m-v2",
      "objectivePath": "contracts/research/v2/objective-contract.json",
      "targetScoreBytes": 99000000
    },
    "official_decimal_limit_kib": 97656,
    "peak_process_vmhwm": {
      "comm": "python3",
      "observed_elapsed_s": 16.0892,
      "pid": 3418409,
      "start_ticks": 172340370,
      "vmhwm_kib": 23308
    },
    "peak_sample": {
      "allowed_cpu_union": [
        2
      ],
      "cgroup_current_bytes": 22937600,
      "elapsed_s": 16.0892,
      "max_single_rss_kib": 23308,
      "persistent_status_misses": [],
      "processes": [
        {
          "allowed_cpus": [
            2
          ],
          "comm": "python3",
          "live_threads": 1,
          "pid": 3418396,
          "rss_kib": 22136,
          "runnable_threads": 0,
          "start_ticks": 172340365,
          "vmhwm_kib": 22136
        },
        {
          "allowed_cpus": [
            2
          ],
          "comm": "python3",
          "live_threads": 1,
          "pid": 3418409,
          "rss_kib": 23308,
          "runnable_threads": 0,
          "start_ticks": 172340370,
          "vmhwm_kib": 23308
        }
      ],
      "scratch_allocated_bytes": 6586368,
      "scratch_file_count": 146,
      "scratch_logical_bytes": 6140355,
      "scratch_race_count": 0,
      "tree_live_threads": 2,
      "tree_rss_kib": 45444,
      "tree_runnable_threads": 0
    },
    "peak_tree_sample": {
      "allowed_cpu_union": [
        2
      ],
      "cgroup_current_bytes": 22937600,
      "elapsed_s": 16.0892,
      "max_single_rss_kib": 23308,
      "persistent_status_misses": [],
      "processes": [
        {
          "allowed_cpus": [
            2
          ],
          "comm": "python3",
          "live_threads": 1,
          "pid": 3418396,
          "rss_kib": 22136,
          "runnable_threads": 0,
          "start_ticks": 172340365,
          "vmhwm_kib": 22136
        },
        {
          "allowed_cpus": [
            2
          ],
          "comm": "python3",
          "live_threads": 1,
          "pid": 3418409,
          "rss_kib": 23308,
          "runnable_threads": 0,
          "start_ticks": 172340370,
          "vmhwm_kib": 23308
        }
      ],
      "scratch_allocated_bytes": 6586368,
      "scratch_file_count": 146,
      "scratch_logical_bytes": 6140355,
      "scratch_race_count": 0,
      "tree_live_threads": 2,
      "tree_rss_kib": 45444,
      "tree_runnable_threads": 0
    },
    "peaks": {
      "cgroup_memory_peak_bytes": 23154688,
      "max_observed_process_vmhwm_kib": 23308,
      "max_sampled_allowed_cpu_count": 1,
      "max_sampled_cgroup_current_bytes": 23011328,
      "max_sampled_scratch_allocated_bytes": 7360512,
      "max_sampled_scratch_logical_bytes": 6837244,
      "max_sampled_single_rss_kib": 23308,
      "max_sampled_tree_live_threads": 2,
      "max_sampled_tree_rss_kib": 45444,
      "max_sampled_tree_runnable_threads": 1
    },
    "phase": "diagnostic",
    "phase_marker_path": "/home/x/deco/gamma/projects/enwiki9/run_logs/adaptive/20260905T165224Z_8b937647e4.resources/phases.jsonl",
    "phase_markers": [
      {
        "detail": "operational envelope only; no codec phase credit",
        "event": "worker_start",
        "observed_elapsed_s": 0.0227,
        "phase": "diagnostic",
        "source_line": 1
      }
    ],
    "returncode": 1,
    "sample_count": 34,
    "sample_interval_seconds": 0.5,
    "schema": "gamma.enwiki9.resource-guard-receipt.v3",
    "scratch_paths": [
      "/home/x/deco/gamma/projects/enwiki9/results/fx2_cmix_transformer_gcc_fixture50051_q0_v3",
      "/home/x/deco/gamma/projects/enwiki9/run_logs/adaptive/20260905T165224Z_8b937647e4.log",
      "/home/x/deco/gamma/projects/enwiki9/run_logs/adaptive/20260905T165224Z_8b937647e4.resources",
      "/tmp/gamma-enwiki9-20260905T165224Z_8b937647e4-rhmvlun_/fx2_cmix_transformer_gcc_fixture50051_q0_v3"
    ],
    "smaps_rollup_checkpoints": [
      {
        "elapsed_s": 0.0227,
        "processes": [
          {
            "pid": 3418396,
            "rollup_kib": {
              "AnonHugePages": 0,
              "Anonymous": 4220,
              "FilePmdMapped": 0,
              "KSM": 0,
              "LazyFree": 0,
              "Locked": 0,
              "Private_Clean": 24,
              "Private_Dirty": 4220,
              "Private_Hugetlb": 0,
              "Pss": 5060,
              "Pss_Anon": 4220,
              "Pss_Dirty": 4220,
              "Pss_File": 840,
              "Pss_Shmem": 0,
              "Referenced": 11088,
              "Rss": 11088,
              "Shared_Clean": 6844,
              "Shared_Dirty": 0,
              "Shared_Hugetlb": 0,
              "ShmemPmdMapped": 0,
              "Swap": 0,
              "SwapPss": 0
            },
            "start_ticks": 172340365
          }
        ],
        "reason": "initial+phase_marker+rss_growth",
        "tree_rss_kib": 10796
      },
      {
        "elapsed_s": 16.5912,
        "processes": [],
        "reason": "terminal",
        "tree_rss_kib": 0
      }
    ],
    "status": "complete",
    "temporary_disk_limit_bytes": 16000000000,
    "wall_time_limit_seconds": null
  }
}
