{"command": ["/usr/bin/python3", "/home/x/deco/gamma/projects/enwiki9/tools/run_with_resource_guard_v3.py", "--limit-kib", "9765624", "--official-decimal-limit-kib", "9765624", "--limit-mode", "tree", "--cgroup-path", "/sys/fs/cgroup/user.slice/user-1000.slice/user@1000.service/app.slice/gamma-enwiki9-20260906T021414Z_3e6eef5746", "--cgroup-memory-max-bytes", "9999998976", "--temporary-disk-limit-bytes", "16000000000", "--phase-marker-path", "/home/x/deco/gamma/projects/enwiki9/run_logs/adaptive/20260906T021414Z_3e6eef5746.resources/phases.jsonl", "--max-logical-cpus", "1", "--guard-json", "/home/x/deco/gamma/projects/enwiki9/run_logs/adaptive/20260906T021414Z_3e6eef5746.resources/guard.json", "--label", "20260906T021414Z_3e6eef5746", "--phase", "diagnostic", "--scratch-path", "/home/x/deco/gamma/projects/enwiki9/results/fx2_weight_exact_residual_model_q0_v1", "--scratch-path", "/home/x/deco/gamma/projects/enwiki9/run_logs/adaptive/20260906T021414Z_3e6eef5746.log", "--scratch-path", "/home/x/deco/gamma/projects/enwiki9/run_logs/adaptive/20260906T021414Z_3e6eef5746.resources", "--scratch-path", "/tmp/gamma-enwiki9-20260906T021414Z_3e6eef5746-jb6q03bn/fx2_weight_exact_residual_model_q0_v1", "--", "/usr/bin/taskset", "--cpu-list", "2", "/bin/sh", "-c", "printf '%s\\n' '{\"phase\":\"diagnostic\",\"event\":\"worker_start\",\"detail\":\"operational envelope only; no codec phase credit\"}' >> \"$GAMMA_RESOURCE_PHASE_MARKERS\" || exit 125; exec \"$@\"", "enwiki9-discovery-envelope", "/usr/bin/python3", "/home/x/deco/gamma/projects/enwiki9/tools/fx2_weight_exact_residual_model_q0_v1.py"], "job": {"candidate_id": "fx2_weight_exact_residual_model_q0_v1", "candidate_revision": {"path": "operations/adaptive/candidate-revisions/fx2_weight_exact_residual_model_q0_v1/20260906T021330561237Z_bad2a55961b7.json", "sha256": "sha256:6c9590124f7f6a9cd15456da67fe99de81f76182b768e880d861214886901a42"}, "candidate_tree_sha256": "sha256:bad2a55961b7167aaf963bf7687e91616a972bebce75b4d24d4c34f870f7e92a", "execution_guard": {"path": "tools/run_with_resource_guard_v3.py", "sha256": "sha256:044147f7ffe6922ea8dafd52fc3d4426077b20958adbcd421245ad41adcfc1e4"}, "execution_mode": "discovery", "execution_resources": {"boot_id": "3ce46712-27bc-4199-8e48-e2b3d23926cb", "budget": {"cgroup_parent": "/sys/fs/cgroup/user.slice/user-1000.slice/user@1000.service/app.slice", "cpus": [2], "memory_bytes": 9999998976, "scratch_bytes": 16000000000, "swap_bytes": 0, "wall_seconds": 900}, "cgroup_inode": 227156, "cgroup_path": "/sys/fs/cgroup/user.slice/user-1000.slice/user@1000.service/app.slice/gamma-enwiki9-20260906T021414Z_3e6eef5746", "cpu_enforcement": "taskset-and-sampled-affinity-guard", "groups": [{"created": true, "inode": 227156, "kernel_cpuset": false, "memory_bytes": 9999998976, "path": "/sys/fs/cgroup/user.slice/user-1000.slice/user@1000.service/app.slice/gamma-enwiki9-20260906T021414Z_3e6eef5746"}], "guard_command_sha256": "ce0f4de04c7f2a623670abbc70ebbf17536a5d7e0e5272236499be4f424942b9", "guard_path": "run_logs/adaptive/20260906T021414Z_3e6eef5746.resources/guard.json", "missing_diagnostics": ["kernel cpuset controller is not delegated; taskset assignment and existing affinity guard remain active"], "timing_authority": "diagnostic"}, "experiment": {"path": "operations/adaptive/experiments/fx2_weight_exact_residual_model_q0_v1.json", "sha256": "sha256:88eb3378a95c635382833149f493597c9aaea70c91e087a7c4e5ea0849ef3e74"}, "gate_size": 50051, "held": false, "held_at": "2026-09-06T02:14:13+00:00", "hold_history": [{"at": "2026-09-06T02:14:13+00:00", "held": true, "reason": "Await ROOT publication of frozen source, ownership and the validated MIDAS terminal handoff, then explicit ROOT release after fresh CPU 2 admission. This held record authorizes no worker launch."}, {"at": "2026-09-06T02:20:52+00:00", "held": false, "reason": "Frozen ownership and all inputs published at dab48225d; MIDAS terminal reflection published, schema synthetic CPU2 work closed, and current authoritative occupancy confirms only preserved HORIZON jobs."}], "job_id": "20260906T021414Z_3e6eef5746", "priority": 40, "proposal": {"path": "operations/adaptive/proposals/developed/929_fx2_weight_exact_residual_model_q0_v1.json", "sha256": "sha256:28f962e7608654d248e9fb936056f64ab25a1cbff786dd3269797e2bc2857c66"}, "proposal_id": "fx2_weight_exact_residual_model_q0_v1", "purpose": "diagnostic", "released_at": "2026-09-06T02:20:52+00:00", "resource_budget": {"cgroup_parent": "/sys/fs/cgroup/user.slice/user-1000.slice/user@1000.service/app.slice", "cpus": [2], "memory_bytes": 9999998976, "scratch_bytes": 16000000000, "swap_bytes": 0, "wall_seconds": 900}, "runner": {"path": "tools/fx2_weight_exact_residual_model_q0_v1.py", "sha256": "sha256:e877aeaaf539521f2b8d7f01f578f523e5b5765a23634df7b281d6b7462fdbc3"}, "schema": "gamma.enwiki9.adaptive-job.v3", "scratch_directories": ["results/fx2_weight_exact_residual_model_q0_v1"], "started_at": "2026-09-06T02:20:52+00:00", "state": "running", "submitted_at": "2026-09-06T02:14:14+00:00", "tags": ["exact_residual", "public_fx2", "root_explore"], "timing_authority": "diagnostic", "tool": "tools/fx2_weight_exact_residual_model_q0_v1.py", "tool_args": []}}
{
  "resource_guard": {
    "cgroup": {
      "inode": 227156,
      "joined_before_exec": true,
      "memory_max_bytes": 9999998976,
      "memory_max_rounding_bytes": 0,
      "memory_peak_reset": true,
      "path": "/sys/fs/cgroup/user.slice/user-1000.slice/user@1000.service/app.slice/gamma-enwiki9-20260906T021414Z_3e6eef5746",
      "previous_memory_max": "9999998976",
      "requested_memory_max_bytes": 9999998976
    },
    "cgroup_events": {
      "baseline": {
        "high": 0,
        "low": 0,
        "max": 0,
        "oom": 0,
        "oom_group_kill": 0,
        "oom_kill": 0,
        "sock_throttled": 0
      },
      "delta": {
        "high": 0,
        "low": 0,
        "max": 0,
        "oom": 0,
        "oom_group_kill": 0,
        "oom_kill": 0,
        "sock_throttled": 0
      },
      "final": {
        "high": 0,
        "low": 0,
        "max": 0,
        "oom": 0,
        "oom_group_kill": 0,
        "oom_kill": 0,
        "sock_throttled": 0
      }
    },
    "command": [
      "/usr/bin/taskset",
      "--cpu-list",
      "2",
      "/bin/sh",
      "-c",
      "printf '%s\\n' '{\"phase\":\"diagnostic\",\"event\":\"worker_start\",\"detail\":\"operational envelope only; no codec phase credit\"}' >> \"$GAMMA_RESOURCE_PHASE_MARKERS\" || exit 125; exec \"$@\"",
      "enwiki9-discovery-envelope",
      "/usr/bin/python3",
      "/home/x/deco/gamma/projects/enwiki9/tools/fx2_weight_exact_residual_model_q0_v1.py"
    ],
    "command_sha256": "10ac9793c3bd307ebd6d6a1c1744737891db07d2eed3bbd7d57bb63c9915fb45",
    "elapsed_s": 193.1123,
    "geekbench5_single_core_score": null,
    "guards": {
      "cgroup_memory_guard_exceeded": false,
      "logical_cpu_guard_exceeded": false,
      "measurement_incomplete": false,
      "official_decimal_memory_exceeded": false,
      "phase_marker_invalid": false,
      "rss_guard_exceeded": false,
      "temporary_disk_guard_exceeded": false,
      "wall_time_guard_exceeded": false
    },
    "label": "20260906T021414Z_3e6eef5746",
    "latest_sample": {
      "allowed_cpu_union": [],
      "cgroup_current_bytes": 120586240,
      "elapsed_s": 193.1087,
      "max_single_rss_kib": 0,
      "persistent_status_misses": [],
      "processes": [],
      "scratch_allocated_bytes": 114786304,
      "scratch_file_count": 510,
      "scratch_logical_bytes": 113266197,
      "scratch_race_count": 0,
      "tree_live_threads": 0,
      "tree_rss_kib": 0,
      "tree_runnable_threads": 0
    },
    "limit_kib": 9765624,
    "limit_mode": "tree",
    "max_logical_cpus": 1,
    "measurements": {
      "affinity_complete": true,
      "cgroup_v2_complete": true,
      "per_process_vmhwm_sampled": true,
      "phase_markers_complete": true,
      "process_tree_rss_complete": true,
      "scratch_logical_and_allocated_complete": true,
      "smaps_rollup_complete": true
    },
    "objective": {
      "corpusBytes": 1000000000,
      "corpusSha256": "159b85351e5f76e60cbe32e04c677847a9ecba3adc79addab6f4c6c7aa3744bc",
      "objectiveDigest": "sha256:16badfa6c1a53b47bcc12b089fdd9c21f7405ea56a84344d60c28d2252da8288",
      "objectiveId": "gamma-enwiki9-hutter-99m-v2",
      "objectivePath": "contracts/research/v2/objective-contract.json",
      "targetScoreBytes": 99000000
    },
    "official_decimal_limit_kib": 9765624,
    "peak_process_vmhwm": {
      "comm": "cmix",
      "observed_elapsed_s": 173.2987,
      "pid": 2250737,
      "start_ticks": 175754242,
      "vmhwm_kib": 5259980
    },
    "peak_sample": {
      "allowed_cpu_union": [
        2
      ],
      "cgroup_current_bytes": 5536923648,
      "elapsed_s": 150.4018,
      "max_single_rss_kib": 5245068,
      "persistent_status_misses": [],
      "processes": [
        {
          "allowed_cpus": [
            2
          ],
          "comm": "python3",
          "live_threads": 1,
          "pid": 2206606,
          "rss_kib": 68688,
          "runnable_threads": 0,
          "start_ticks": 175739132,
          "vmhwm_kib": 69248
        },
        {
          "allowed_cpus": [
            2
          ],
          "comm": "timeout",
          "live_threads": 1,
          "pid": 2245172,
          "rss_kib": 7676,
          "runnable_threads": 0,
          "start_ticks": 175752397,
          "vmhwm_kib": 7676
        },
        {
          "allowed_cpus": [
            2
          ],
          "comm": "cmix",
          "live_threads": 1,
          "pid": 2245173,
          "rss_kib": 5245068,
          "runnable_threads": 1,
          "start_ticks": 175752397,
          "vmhwm_kib": 5245068
        }
      ],
      "scratch_allocated_bytes": 99090432,
      "scratch_file_count": 489,
      "scratch_logical_bytes": 14776919658,
      "scratch_race_count": 0,
      "tree_live_threads": 3,
      "tree_rss_kib": 5321432,
      "tree_runnable_threads": 1
    },
    "peak_tree_sample": {
      "allowed_cpu_union": [
        2
      ],
      "cgroup_current_bytes": 5536923648,
      "elapsed_s": 150.4018,
      "max_single_rss_kib": 5245068,
      "persistent_status_misses": [],
      "processes": [
        {
          "allowed_cpus": [
            2
          ],
          "comm": "python3",
          "live_threads": 1,
          "pid": 2206606,
          "rss_kib": 68688,
          "runnable_threads": 0,
          "start_ticks": 175739132,
          "vmhwm_kib": 69248
        },
        {
          "allowed_cpus": [
            2
          ],
          "comm": "timeout",
          "live_threads": 1,
          "pid": 2245172,
          "rss_kib": 7676,
          "runnable_threads": 0,
          "start_ticks": 175752397,
          "vmhwm_kib": 7676
        },
        {
          "allowed_cpus": [
            2
          ],
          "comm": "cmix",
          "live_threads": 1,
          "pid": 2245173,
          "rss_kib": 5245068,
          "runnable_threads": 1,
          "start_ticks": 175752397,
          "vmhwm_kib": 5245068
        }
      ],
      "scratch_allocated_bytes": 99090432,
      "scratch_file_count": 489,
      "scratch_logical_bytes": 14776919658,
      "scratch_race_count": 0,
      "tree_live_threads": 3,
      "tree_rss_kib": 5321432,
      "tree_runnable_threads": 1
    },
    "peaks": {
      "cgroup_memory_peak_bytes": 5563486208,
      "max_observed_process_vmhwm_kib": 5259980,
      "max_sampled_allowed_cpu_count": 1,
      "max_sampled_cgroup_current_bytes": 5540421632,
      "max_sampled_scratch_allocated_bytes": 114786304,
      "max_sampled_scratch_logical_bytes": 14792518513,
      "max_sampled_single_rss_kib": 5245068,
      "max_sampled_tree_live_threads": 5,
      "max_sampled_tree_rss_kib": 5321432,
      "max_sampled_tree_runnable_threads": 3
    },
    "phase": "diagnostic",
    "phase_marker_path": "/home/x/deco/gamma/projects/enwiki9/run_logs/adaptive/20260906T021414Z_3e6eef5746.resources/phases.jsonl",
    "phase_markers": [
      {
        "detail": "operational envelope only; no codec phase credit",
        "event": "worker_start",
        "observed_elapsed_s": 0.0341,
        "phase": "diagnostic",
        "source_line": 1
      },
      {
        "detail": null,
        "event": "start",
        "observed_elapsed_s": 1.0389,
        "phase": "compile-probe",
        "source_line": 2
      },
      {
        "detail": null,
        "event": "end",
        "observed_elapsed_s": 2.5609,
        "phase": "compile-probe",
        "source_line": 3
      },
      {
        "detail": null,
        "event": "start",
        "observed_elapsed_s": 2.5609,
        "phase": "probe-self-test",
        "source_line": 4
      },
      {
        "detail": null,
        "event": "end",
        "observed_elapsed_s": 2.5609,
        "phase": "probe-self-test",
        "source_line": 5
      },
      {
        "detail": null,
        "event": "start",
        "observed_elapsed_s": 2.5609,
        "phase": "P-pack",
        "source_line": 6
      },
      {
        "detail": null,
        "event": "end",
        "observed_elapsed_s": 3.5719,
        "phase": "P-pack",
        "source_line": 7
      },
      {
        "detail": null,
        "event": "start",
        "observed_elapsed_s": 3.5719,
        "phase": "P-repeat",
        "source_line": 8
      },
      {
        "detail": null,
        "event": "end",
        "observed_elapsed_s": 5.0879,
        "phase": "P-repeat",
        "source_line": 9
      },
      {
        "detail": null,
        "event": "start",
        "observed_elapsed_s": 5.0879,
        "phase": "P-restore",
        "source_line": 10
      },
      {
        "detail": null,
        "event": "end",
        "observed_elapsed_s": 6.0998,
        "phase": "P-restore",
        "source_line": 11
      },
      {
        "detail": null,
        "event": "start",
        "observed_elapsed_s": 6.0998,
        "phase": "K-pack",
        "source_line": 12
      },
      {
        "detail": null,
        "event": "end",
        "observed_elapsed_s": 7.6159,
        "phase": "K-pack",
        "source_line": 13
      },
      {
        "detail": null,
        "event": "start",
        "observed_elapsed_s": 7.6159,
        "phase": "K-repeat",
        "source_line": 14
      },
      {
        "detail": null,
        "event": "end",
        "observed_elapsed_s": 8.6288,
        "phase": "K-repeat",
        "source_line": 15
      },
      {
        "detail": null,
        "event": "start",
        "observed_elapsed_s": 8.6288,
        "phase": "K-restore",
        "source_line": 16
      },
      {
        "detail": null,
        "event": "end",
        "observed_elapsed_s": 9.6441,
        "phase": "K-restore",
        "source_line": 17
      },
      {
        "detail": null,
        "event": "start",
        "observed_elapsed_s": 10.1554,
        "phase": "D-pack",
        "source_line": 18
      },
      {
        "detail": null,
        "event": "end",
        "observed_elapsed_s": 11.6749,
        "phase": "D-pack",
        "source_line": 19
      },
      {
        "detail": null,
        "event": "start",
        "observed_elapsed_s": 11.6749,
        "phase": "D-repeat",
        "source_line": 20
      },
      {
        "detail": null,
        "event": "end",
        "observed_elapsed_s": 13.1908,
        "phase": "D-repeat",
        "source_line": 21
      },
      {
        "detail": null,
        "event": "start",
        "observed_elapsed_s": 13.1908,
        "phase": "D-restore",
        "source_line": 22
      },
      {
        "detail": null,
        "event": "end",
        "observed_elapsed_s": 14.2029,
        "phase": "D-restore",
        "source_line": 23
      },
      {
        "detail": null,
        "event": "start",
        "observed_elapsed_s": 14.2029,
        "phase": "fixture-preprocess",
        "source_line": 24
      },
      {
        "detail": null,
        "event": "end",
        "observed_elapsed_s": 14.7115,
        "phase": "fixture-preprocess",
        "source_line": 25
      },
      {
        "detail": null,
        "event": "start",
        "observed_elapsed_s": 14.7115,
        "phase": "P-encode",
        "source_line": 26
      },
      {
        "detail": null,
        "event": "end",
        "observed_elapsed_s": 33.6802,
        "phase": "P-encode",
        "source_line": 27
      },
      {
        "detail": null,
        "event": "start",
        "observed_elapsed_s": 33.6802,
        "phase": "P-decode",
        "source_line": 28
      },
      {
        "detail": null,
        "event": "end",
        "observed_elapsed_s": 54.4759,
        "phase": "P-decode",
        "source_line": 29
      },
      {
        "detail": null,
        "event": "start",
        "observed_elapsed_s": 54.4759,
        "phase": "P-reencode",
        "source_line": 30
      },
      {
        "detail": null,
        "event": "end",
        "observed_elapsed_s": 75.8088,
        "phase": "P-reencode",
        "source_line": 31
      },
      {
        "detail": null,
        "event": "start",
        "observed_elapsed_s": 75.8088,
        "phase": "K-encode",
        "source_line": 32
      },
      {
        "detail": null,
        "event": "end",
        "observed_elapsed_s": 94.5832,
        "phase": "K-encode",
        "source_line": 33
      },
      {
        "detail": null,
        "event": "start",
        "observed_elapsed_s": 94.5832,
        "phase": "K-decode",
        "source_line": 34
      },
      {
        "detail": null,
        "event": "end",
        "observed_elapsed_s": 112.8574,
        "phase": "K-decode",
        "source_line": 35
      },
      {
        "detail": null,
        "event": "start",
        "observed_elapsed_s": 112.8574,
        "phase": "K-reencode",
        "source_line": 36
      },
      {
        "detail": null,
        "event": "end",
        "observed_elapsed_s": 132.6519,
        "phase": "K-reencode",
        "source_line": 37
      },
      {
        "detail": null,
        "event": "start",
        "observed_elapsed_s": 132.6519,
        "phase": "D-encode",
        "source_line": 38
      },
      {
        "detail": null,
        "event": "end",
        "observed_elapsed_s": 151.4166,
        "phase": "D-encode",
        "source_line": 39
      },
      {
        "detail": null,
        "event": "start",
        "observed_elapsed_s": 151.4166,
        "phase": "D-decode",
        "source_line": 40
      },
      {
        "detail": null,
        "event": "end",
        "observed_elapsed_s": 174.3145,
        "phase": "D-decode",
        "source_line": 41
      },
      {
        "detail": null,
        "event": "start",
        "observed_elapsed_s": 174.3145,
        "phase": "D-reencode",
        "source_line": 42
      },
      {
        "detail": null,
        "event": "end",
        "observed_elapsed_s": 193.1087,
        "phase": "D-reencode",
        "source_line": 43
      }
    ],
    "returncode": 0,
    "sample_count": 380,
    "sample_interval_seconds": 0.5,
    "schema": "gamma.enwiki9.resource-guard-receipt.v3",
    "scratch_paths": [
      "/home/x/deco/gamma/projects/enwiki9/results/fx2_weight_exact_residual_model_q0_v1",
      "/home/x/deco/gamma/projects/enwiki9/run_logs/adaptive/20260906T021414Z_3e6eef5746.log",
      "/home/x/deco/gamma/projects/enwiki9/run_logs/adaptive/20260906T021414Z_3e6eef5746.resources",
      "/tmp/gamma-enwiki9-20260906T021414Z_3e6eef5746-jb6q03bn/fx2_weight_exact_residual_model_q0_v1"
    ],
    "smaps_rollup_checkpoints": [
      {
        "elapsed_s": 0.0341,
        "processes": [
          {
            "pid": 2206606,
            "rollup_kib": {
              "AnonHugePages": 0,
              "Anonymous": 3000,
              "FilePmdMapped": 0,
              "KSM": 0,
              "LazyFree": 0,
              "Locked": 0,
              "Private_Clean": 24,
              "Private_Dirty": 3000,
              "Private_Hugetlb": 0,
              "Pss": 3776,
              "Pss_Anon": 3000,
              "Pss_Dirty": 3000,
              "Pss_File": 776,
              "Pss_Shmem": 0,
              "Referenced": 9724,
              "Rss": 9724,
              "Shared_Clean": 6700,
              "Shared_Dirty": 0,
              "Shared_Hugetlb": 0,
              "ShmemPmdMapped": 0,
              "Swap": 0,
              "SwapPss": 0
            },
            "start_ticks": 175739132
          }
        ],
        "reason": "initial+phase_marker+rss_growth",
        "tree_rss_kib": 9724
      },
      {
        "elapsed_s": 1.0389,
        "processes": [
          {
            "pid": 2206606,
            "rollup_kib": {
              "AnonHugePages": 0,
              "Anonymous": 46504,
              "FilePmdMapped": 0,
              "KSM": 0,
              "LazyFree": 0,
              "Locked": 0,
              "Private_Clean": 20,
              "Private_Dirty": 46504,
              "Private_Hugetlb": 0,
              "Pss": 47915,
              "Pss_Anon": 46504,
              "Pss_Dirty": 46504,
              "Pss_File": 1411,
              "Pss_Shmem": 0,
              "Referenced": 60340,
              "Rss": 60340,
              "Shared_Clean": 13816,
              "Shared_Dirty": 0,
              "Shared_Hugetlb": 0,
              "ShmemPmdMapped": 0,
              "Swap": 0,
              "SwapPss": 0
            },
            "start_ticks": 175739132
          },
          {
            "pid": 2206723,
            "rollup_kib": {
              "AnonHugePages": 0,
              "Anonymous": 1256,
              "FilePmdMapped": 0,
              "KSM": 0,
              "LazyFree": 0,
              "Locked": 0,
              "Private_Clean": 3716,
              "Private_Dirty": 1256,
              "Private_Hugetlb": 0,
              "Pss": 5029,
              "Pss_Anon": 1256,
              "Pss_Dirty": 1256,
              "Pss_File": 3773,
              "Pss_Shmem": 0,
              "Referenced": 7688,
              "Rss": 7688,
              "Shared_Clean": 2716,
              "Shared_Dirty": 0,
              "Shared_Hugetlb": 0,
              "ShmemPmdMapped": 0,
              "Swap": 0,
              "SwapPss": 0
            },
            "start_ticks": 175739188
          },
          {
            "pid": 2206724,
            "rollup_kib": {
              "AnonHugePages": 0,
              "Anonymous": 280,
              "FilePmdMapped": 0,
              "KSM": 0,
              "LazyFree": 0,
              "Locked": 0,
              "Private_Clean": 1004,
              "Private_Dirty": 280,
              "Private_Hugetlb": 0,
              "Pss": 1304,
              "Pss_Anon": 280,
              "Pss_Dirty": 280,
              "Pss_File": 1024,
              "Pss_Shmem": 0,
              "Referenced": 3060,
              "Rss": 3060,
              "Shared_Clean": 1776,
              "Shared_Dirty": 0,
              "Shared_Hugetlb": 0,
              "ShmemPmdMapped": 0,
              "Swap": 0,
              "SwapPss": 0
            },
            "start_ticks": 175739188
          },
          {
            "pid": 2206725,
            "rollup_kib": {
              "AnonHugePages": 0,
              "Anonymous": 117600,
              "FilePmdMapped": 0,
              "KSM": 0,
              "LazyFree": 0,
              "Locked": 0,
              "Private_Clean": 21992,
              "Private_Dirty": 117600,
              "Private_Hugetlb": 0,
              "Pss": 139920,
              "Pss_Anon": 117600,
              "Pss_Dirty": 117600,
              "Pss_File": 22320,
              "Pss_Shmem": 0,
              "Referenced": 142732,
              "Rss": 142732,
              "Shared_Clean": 3140,
              "Shared_Dirty": 0,
              "Shared_Hugetlb": 0,
              "ShmemPmdMapped": 0,
              "Swap": 0,
              "SwapPss": 0
            },
            "start_ticks": 175739188
          }
        ],
        "reason": "phase_marker",
        "tree_rss_kib": 213524
      },
      {
        "elapsed_s": 2.5609,
        "processes": [
          {
            "pid": 2206606,
            "rollup_kib": {
              "AnonHugePages": 0,
              "Anonymous": 46504,
              "FilePmdMapped": 0,
              "KSM": 0,
              "LazyFree": 0,
              "Locked": 0,
              "Private_Clean": 20,
              "Private_Dirty": 46504,
              "Private_Hugetlb": 0,
              "Pss": 47916,
              "Pss_Anon": 46504,
              "Pss_Dirty": 46504,
              "Pss_File": 1412,
              "Pss_Shmem": 0,
              "Referenced": 60340,
              "Rss": 60340,
              "Shared_Clean": 13816,
              "Shared_Dirty": 0,
              "Shared_Hugetlb": 0,
              "ShmemPmdMapped": 0,
              "Swap": 0,
              "SwapPss": 0
            },
            "start_ticks": 175739132
          },
          {
            "pid": 2207212,
            "rollup_kib": {
              "AnonHugePages": 0,
              "Anonymous": 1244,
              "FilePmdMapped": 0,
              "KSM": 0,
              "LazyFree": 0,
              "Locked": 0,
              "Private_Clean": 408,
              "Private_Dirty": 1244,
              "Private_Hugetlb": 0,
              "Pss": 3362,
              "Pss_Anon": 1244,
              "Pss_Dirty": 1244,
              "Pss_File": 2118,
              "Pss_Shmem": 0,
              "Referenced": 7668,
              "Rss": 7668,
              "Shared_Clean": 6016,
              "Shared_Dirty": 0,
              "Shared_Hugetlb": 0,
              "ShmemPmdMapped": 0,
              "Swap": 0,
              "SwapPss": 0
            },
            "start_ticks": 175739361
          },
          {
            "pid": 2207213,
            "rollup_kib": {
              "AnonHugePages": 0,
              "Anonymous": 43996,
              "FilePmdMapped": 0,
              "KSM": 0,
              "LazyFree": 0,
              "Locked": 0,
              "Private_Clean": 0,
              "Private_Dirty": 44084,
              "Private_Hugetlb": 0,
              "Pss": 44189,
              "Pss_Anon": 43996,
              "Pss_Dirty": 44084,
              "Pss_File": 193,
              "Pss_Shmem": 0,
              "Referenced": 47648,
              "Rss": 47648,
              "Shared_Clean": 3564,
              "Shared_Dirty": 0,
              "Shared_Hugetlb": 0,
              "ShmemPmdMapped": 0,
              "Swap": 0,
              "SwapPss": 0
            },
            "start_ticks": 175739361
          }
        ],
        "reason": "phase_marker",
        "tree_rss_kib": 115588
      },
      {
        "elapsed_s": 3.5719,
        "processes": [
          {
            "pid": 2206606,
            "rollup_kib": {
              "AnonHugePages": 0,
              "Anonymous": 49580,
              "FilePmdMapped": 0,
              "KSM": 0,
              "LazyFree": 0,
              "Locked": 0,
              "Private_Clean": 20,
              "Private_Dirty": 49580,
              "Private_Hugetlb": 0,
              "Pss": 51002,
              "Pss_Anon": 49580,
              "Pss_Dirty": 49580,
              "Pss_File": 1422,
              "Pss_Shmem": 0,
              "Referenced": 63416,
              "Rss": 63416,
              "Shared_Clean": 13816,
              "Shared_Dirty": 0,
              "Shared_Hugetlb": 0,
              "ShmemPmdMapped": 0,
              "Swap": 0,
              "SwapPss": 0
            },
            "start_ticks": 175739132
          },
          {
            "pid": 2207538,
            "rollup_kib": {
              "AnonHugePages": 0,
              "Anonymous": 1252,
              "FilePmdMapped": 0,
              "KSM": 0,
              "LazyFree": 0,
              "Locked": 0,
              "Private_Clean": 572,
              "Private_Dirty": 1252,
              "Private_Hugetlb": 0,
              "Pss": 3406,
              "Pss_Anon": 1252,
              "Pss_Dirty": 1252,
              "Pss_File": 2154,
              "Pss_Shmem": 0,
              "Referenced": 7612,
              "Rss": 7612,
              "Shared_Clean": 5788,
              "Shared_Dirty": 0,
              "Shared_Hugetlb": 0,
              "ShmemPmdMapped": 0,
              "Swap": 0,
              "SwapPss": 0
            },
            "start_ticks": 175739484
          },
          {
            "pid": 2207541,
            "rollup_kib": {
              "AnonHugePages": 0,
              "Anonymous": 38980,
              "FilePmdMapped": 0,
              "KSM": 0,
              "LazyFree": 0,
              "Locked": 0,
              "Private_Clean": 0,
              "Private_Dirty": 39068,
              "Private_Hugetlb": 0,
              "Pss": 39182,
              "Pss_Anon": 38980,
              "Pss_Dirty": 39068,
              "Pss_File": 202,
              "Pss_Shmem": 0,
              "Referenced": 42648,
              "Rss": 42648,
              "Shared_Clean": 3580,
              "Shared_Dirty": 0,
              "Shared_Hugetlb": 0,
              "ShmemPmdMapped": 0,
              "Swap": 0,
              "SwapPss": 0
            },
            "start_ticks": 175739484
          }
        ],
        "reason": "phase_marker",
        "tree_rss_kib": 113456
      },
      {
        "elapsed_s": 5.0879,
        "processes": [
          {
            "pid": 2206606,
            "rollup_kib": {
              "AnonHugePages": 0,
              "Anonymous": 49608,
              "FilePmdMapped": 0,
              "KSM": 0,
              "LazyFree": 0,
              "Locked": 0,
              "Private_Clean": 20,
              "Private_Dirty": 49608,
              "Private_Hugetlb": 0,
              "Pss": 51026,
              "Pss_Anon": 49608,
              "Pss_Dirty": 49608,
              "Pss_File": 1418,
              "Pss_Shmem": 0,
              "Referenced": 63444,
              "Rss": 63444,
              "Shared_Clean": 13816,
              "Shared_Dirty": 0,
              "Shared_Hugetlb": 0,
              "ShmemPmdMapped": 0,
              "Swap": 0,
              "SwapPss": 0
            },
            "start_ticks": 175739132
          },
          {
            "pid": 2207784,
            "rollup_kib": {
              "AnonHugePages": 0,
              "Anonymous": 1248,
              "FilePmdMapped": 0,
              "KSM": 0,
              "LazyFree": 0,
              "Locked": 0,
              "Private_Clean": 132,
              "Private_Dirty": 1248,
              "Private_Hugetlb": 0,
              "Pss": 2718,
              "Pss_Anon": 1248,
              "Pss_Dirty": 1248,
              "Pss_File": 1470,
              "Pss_Shmem": 0,
              "Referenced": 7668,
              "Rss": 7668,
              "Shared_Clean": 6288,
              "Shared_Dirty": 0,
              "Shared_Hugetlb": 0,
              "ShmemPmdMapped": 0,
              "Swap": 0,
              "SwapPss": 0
            },
            "start_ticks": 175739607
          },
          {
            "pid": 2207786,
            "rollup_kib": {
              "AnonHugePages": 0,
              "Anonymous": 24940,
              "FilePmdMapped": 0,
              "KSM": 0,
              "LazyFree": 0,
              "Locked": 0,
              "Private_Clean": 0,
              "Private_Dirty": 25028,
              "Private_Hugetlb": 0,
              "Pss": 25142,
              "Pss_Anon": 24940,
              "Pss_Dirty": 25028,
              "Pss_File": 202,
              "Pss_Shmem": 0,
              "Referenced": 28612,
              "Rss": 28612,
              "Shared_Clean": 3584,
              "Shared_Dirty": 0,
              "Shared_Hugetlb": 0,
              "ShmemPmdMapped": 0,
              "Swap": 0,
              "SwapPss": 0
            },
            "start_ticks": 175739607
          }
        ],
        "reason": "phase_marker",
        "tree_rss_kib": 91232
      },
      {
        "elapsed_s": 6.0998,
        "processes": [
          {
            "pid": 2206606,
            "rollup_kib": {
              "AnonHugePages": 0,
              "Anonymous": 49816,
              "FilePmdMapped": 0,
              "KSM": 0,
              "LazyFree": 0,
              "Locked": 0,
              "Private_Clean": 20,
              "Private_Dirty": 49816,
              "Private_Hugetlb": 0,
              "Pss": 51237,
              "Pss_Anon": 49816,
              "Pss_Dirty": 49816,
              "Pss_File": 1421,
              "Pss_Shmem": 0,
              "Referenced": 63652,
              "Rss": 63652,
              "Shared_Clean": 13816,
              "Shared_Dirty": 0,
              "Shared_Hugetlb": 0,
              "ShmemPmdMapped": 0,
              "Swap": 0,
              "SwapPss": 0
            },
            "start_ticks": 175739132
          },
          {
            "pid": 2208171,
            "rollup_kib": {
              "AnonHugePages": 0,
              "Anonymous": 1248,
              "FilePmdMapped": 0,
              "KSM": 0,
              "LazyFree": 0,
              "Locked": 0,
              "Private_Clean": 3608,
              "Private_Dirty": 1248,
              "Private_Hugetlb": 0,
              "Pss": 4919,
              "Pss_Anon": 1248,
              "Pss_Dirty": 1248,
              "Pss_File": 3671,
              "Pss_Shmem": 0,
              "Referenced": 7520,
              "Rss": 7520,
              "Shared_Clean": 2664,
              "Shared_Dirty": 0,
              "Shared_Hugetlb": 0,
              "ShmemPmdMapped": 0,
              "Swap": 0,
              "SwapPss": 0
            },
            "start_ticks": 175739730
          },
          {
            "pid": 2208172,
            "rollup_kib": {
              "AnonHugePages": 0,
              "Anonymous": 42724,
              "FilePmdMapped": 0,
              "KSM": 0,
              "LazyFree": 0,
              "Locked": 0,
              "Private_Clean": 0,
              "Private_Dirty": 42812,
              "Private_Hugetlb": 0,
              "Pss": 42927,
              "Pss_Anon": 42724,
              "Pss_Dirty": 42812,
              "Pss_File": 203,
              "Pss_Shmem": 0,
              "Referenced": 46384,
              "Rss": 46384,
              "Shared_Clean": 3572,
              "Shared_Dirty": 0,
              "Shared_Hugetlb": 0,
              "ShmemPmdMapped": 0,
              "Swap": 0,
              "SwapPss": 0
            },
            "start_ticks": 175739730
          }
        ],
        "reason": "phase_marker",
        "tree_rss_kib": 117372
      },
      {
        "elapsed_s": 7.6159,
        "processes": [
          {
            "pid": 2206606,
            "rollup_kib": {
              "AnonHugePages": 0,
              "Anonymous": 52528,
              "FilePmdMapped": 0,
              "KSM": 0,
              "LazyFree": 0,
              "Locked": 0,
              "Private_Clean": 20,
              "Private_Dirty": 52528,
              "Private_Hugetlb": 0,
              "Pss": 53949,
              "Pss_Anon": 52528,
              "Pss_Dirty": 52528,
              "Pss_File": 1421,
              "Pss_Shmem": 0,
              "Referenced": 66364,
              "Rss": 66364,
              "Shared_Clean": 13816,
              "Shared_Dirty": 0,
              "Shared_Hugetlb": 0,
              "ShmemPmdMapped": 0,
              "Swap": 0,
              "SwapPss": 0
            },
            "start_ticks": 175739132
          },
          {
            "pid": 2208504,
            "rollup_kib": {
              "AnonHugePages": 0,
              "Anonymous": 1252,
              "FilePmdMapped": 0,
              "KSM": 0,
              "LazyFree": 0,
              "Locked": 0,
              "Private_Clean": 236,
              "Private_Dirty": 1252,
              "Private_Hugetlb": 0,
              "Pss": 3235,
              "Pss_Anon": 1252,
              "Pss_Dirty": 1252,
              "Pss_File": 1983,
              "Pss_Shmem": 0,
              "Referenced": 7604,
              "Rss": 7604,
              "Shared_Clean": 6116,
              "Shared_Dirty": 0,
              "Shared_Hugetlb": 0,
              "ShmemPmdMapped": 0,
              "Swap": 0,
              "SwapPss": 0
            },
            "start_ticks": 175739852
          },
          {
            "pid": 2208506,
            "rollup_kib": {
              "AnonHugePages": 0,
              "Anonymous": 49304,
              "FilePmdMapped": 0,
              "KSM": 0,
              "LazyFree": 0,
              "Locked": 0,
              "Private_Clean": 0,
              "Private_Dirty": 49392,
              "Private_Hugetlb": 0,
              "Pss": 49508,
              "Pss_Anon": 49304,
              "Pss_Dirty": 49392,
              "Pss_File": 204,
              "Pss_Shmem": 0,
              "Referenced": 52988,
              "Rss": 52988,
              "Shared_Clean": 3596,
              "Shared_Dirty": 0,
              "Shared_Hugetlb": 0,
              "ShmemPmdMapped": 0,
              "Swap": 0,
              "SwapPss": 0
            },
            "start_ticks": 175739852
          }
        ],
        "reason": "phase_marker",
        "tree_rss_kib": 126956
      },
      {
        "elapsed_s": 8.6288,
        "processes": [
          {
            "pid": 2206606,
            "rollup_kib": {
              "AnonHugePages": 0,
              "Anonymous": 49820,
              "FilePmdMapped": 0,
              "KSM": 0,
              "LazyFree": 0,
              "Locked": 0,
              "Private_Clean": 20,
              "Private_Dirty": 49820,
              "Private_Hugetlb": 0,
              "Pss": 51239,
              "Pss_Anon": 49820,
              "Pss_Dirty": 49820,
              "Pss_File": 1419,
              "Pss_Shmem": 0,
              "Referenced": 63656,
              "Rss": 63656,
              "Shared_Clean": 13816,
              "Shared_Dirty": 0,
              "Shared_Hugetlb": 0,
              "ShmemPmdMapped": 0,
              "Swap": 0,
              "SwapPss": 0
            },
            "start_ticks": 175739132
          },
          {
            "pid": 2208852,
            "rollup_kib": {
              "AnonHugePages": 0,
              "Anonymous": 1248,
              "FilePmdMapped": 0,
              "KSM": 0,
              "LazyFree": 0,
              "Locked": 0,
              "Private_Clean": 472,
              "Private_Dirty": 1248,
              "Private_Hugetlb": 0,
              "Pss": 3359,
              "Pss_Anon": 1248,
              "Pss_Dirty": 1248,
              "Pss_File": 2111,
              "Pss_Shmem": 0,
              "Referenced": 7672,
              "Rss": 7672,
              "Shared_Clean": 5952,
              "Shared_Dirty": 0,
              "Shared_Hugetlb": 0,
              "ShmemPmdMapped": 0,
              "Swap": 0,
              "SwapPss": 0
            },
            "start_ticks": 175739974
          },
          {
            "pid": 2208853,
            "rollup_kib": {
              "AnonHugePages": 0,
              "Anonymous": 45116,
              "FilePmdMapped": 0,
              "KSM": 0,
              "LazyFree": 0,
              "Locked": 0,
              "Private_Clean": 0,
              "Private_Dirty": 45204,
              "Private_Hugetlb": 0,
              "Pss": 45316,
              "Pss_Anon": 45116,
              "Pss_Dirty": 45204,
              "Pss_File": 200,
              "Pss_Shmem": 0,
              "Referenced": 48792,
              "Rss": 48792,
              "Shared_Clean": 3588,
              "Shared_Dirty": 0,
              "Shared_Hugetlb": 0,
              "ShmemPmdMapped": 0,
              "Swap": 0,
              "SwapPss": 0
            },
            "start_ticks": 175739974
          }
        ],
        "reason": "phase_marker",
        "tree_rss_kib": 120020
      },
      {
        "elapsed_s": 9.6441,
        "processes": [
          {
            "pid": 2206606,
            "rollup_kib": {
              "AnonHugePages": 0,
              "Anonymous": 52800,
              "FilePmdMapped": 0,
              "KSM": 0,
              "LazyFree": 0,
              "Locked": 0,
              "Private_Clean": 20,
              "Private_Dirty": 52800,
              "Private_Hugetlb": 0,
              "Pss": 54218,
              "Pss_Anon": 52800,
              "Pss_Dirty": 52800,
              "Pss_File": 1418,
              "Pss_Shmem": 0,
              "Referenced": 66636,
              "Rss": 66636,
              "Shared_Clean": 13816,
              "Shared_Dirty": 0,
              "Shared_Hugetlb": 0,
              "ShmemPmdMapped": 0,
              "Swap": 0,
              "SwapPss": 0
            },
            "start_ticks": 175739132
          }
        ],
        "reason": "phase_marker",
        "tree_rss_kib": 66636
      },
      {
        "elapsed_s": 10.1554,
        "processes": [
          {
            "pid": 2206606,
            "rollup_kib": {
              "AnonHugePages": 0,
              "Anonymous": 52800,
              "FilePmdMapped": 0,
              "KSM": 0,
              "LazyFree": 0,
              "Locked": 0,
              "Private_Clean": 20,
              "Private_Dirty": 52800,
              "Private_Hugetlb": 0,
              "Pss": 54213,
              "Pss_Anon": 52800,
              "Pss_Dirty": 52800,
              "Pss_File": 1413,
              "Pss_Shmem": 0,
              "Referenced": 66636,
              "Rss": 66636,
              "Shared_Clean": 13816,
              "Shared_Dirty": 0,
              "Shared_Hugetlb": 0,
              "ShmemPmdMapped": 0,
              "Swap": 0,
              "SwapPss": 0
            },
            "start_ticks": 175739132
          },
          {
            "pid": 2209210,
            "rollup_kib": {
              "AnonHugePages": 0,
              "Anonymous": 1248,
              "FilePmdMapped": 0,
              "KSM": 0,
              "LazyFree": 0,
              "Locked": 0,
              "Private_Clean": 416,
              "Private_Dirty": 1248,
              "Private_Hugetlb": 0,
              "Pss": 3289,
              "Pss_Anon": 1248,
              "Pss_Dirty": 1248,
              "Pss_File": 2041,
              "Pss_Shmem": 0,
              "Referenced": 7560,
              "Rss": 7560,
              "Shared_Clean": 5896,
              "Shared_Dirty": 0,
              "Shared_Hugetlb": 0,
              "ShmemPmdMapped": 0,
              "Swap": 0,
              "SwapPss": 0
            },
            "start_ticks": 175740097
          },
          {
            "pid": 2209211,
            "rollup_kib": {
              "AnonHugePages": 0,
              "Anonymous": 27924,
              "FilePmdMapped": 0,
              "KSM": 0,
              "LazyFree": 0,
              "Locked": 0,
              "Private_Clean": 0,
              "Private_Dirty": 28012,
              "Private_Hugetlb": 0,
              "Pss": 28117,
              "Pss_Anon": 27924,
              "Pss_Dirty": 28012,
              "Pss_File": 193,
              "Pss_Shmem": 0,
              "Referenced": 31600,
              "Rss": 31600,
              "Shared_Clean": 3588,
              "Shared_Dirty": 0,
              "Shared_Hugetlb": 0,
              "ShmemPmdMapped": 0,
              "Swap": 0,
              "SwapPss": 0
            },
            "start_ticks": 175740097
          }
        ],
        "reason": "phase_marker",
        "tree_rss_kib": 129988
      },
      {
        "elapsed_s": 11.6749,
        "processes": [
          {
            "pid": 2206606,
            "rollup_kib": {
              "AnonHugePages": 0,
              "Anonymous": 55628,
              "FilePmdMapped": 0,
              "KSM": 0,
              "LazyFree": 0,
              "Locked": 0,
              "Private_Clean": 20,
              "Private_Dirty": 55628,
              "Private_Hugetlb": 0,
              "Pss": 57053,
              "Pss_Anon": 55628,
              "Pss_Dirty": 55628,
              "Pss_File": 1425,
              "Pss_Shmem": 0,
              "Referenced": 69464,
              "Rss": 69464,
              "Shared_Clean": 13816,
              "Shared_Dirty": 0,
              "Shared_Hugetlb": 0,
              "ShmemPmdMapped": 0,
              "Swap": 0,
              "SwapPss": 0
            },
            "start_ticks": 175739132
          },
          {
            "pid": 2209663,
            "rollup_kib": {
              "AnonHugePages": 0,
              "Anonymous": 1248,
              "FilePmdMapped": 0,
              "KSM": 0,
              "LazyFree": 0,
              "Locked": 0,
              "Private_Clean": 364,
              "Private_Dirty": 1248,
              "Private_Hugetlb": 0,
              "Pss": 3355,
              "Pss_Anon": 1248,
              "Pss_Dirty": 1248,
              "Pss_File": 2107,
              "Pss_Shmem": 0,
              "Referenced": 7708,
              "Rss": 7708,
              "Shared_Clean": 6096,
              "Shared_Dirty": 0,
              "Shared_Hugetlb": 0,
              "ShmemPmdMapped": 0,
              "Swap": 0,
              "SwapPss": 0
            },
            "start_ticks": 175740251
          },
          {
            "pid": 2209664,
            "rollup_kib": {
              "AnonHugePages": 0,
              "Anonymous": 51904,
              "FilePmdMapped": 0,
              "KSM": 0,
              "LazyFree": 0,
              "Locked": 0,
              "Private_Clean": 0,
              "Private_Dirty": 51992,
              "Private_Hugetlb": 0,
              "Pss": 52102,
              "Pss_Anon": 51904,
              "Pss_Dirty": 51992,
              "Pss_File": 198,
              "Pss_Shmem": 0,
              "Referenced": 55580,
              "Rss": 55580,
              "Shared_Clean": 3588,
              "Shared_Dirty": 0,
              "Shared_Hugetlb": 0,
              "ShmemPmdMapped": 0,
              "Swap": 0,
              "SwapPss": 0
            },
            "start_ticks": 175740251
          }
        ],
        "reason": "phase_marker",
        "tree_rss_kib": 132620
      },
      {
        "elapsed_s": 13.1908,
        "processes": [
          {
            "pid": 2206606,
            "rollup_kib": {
              "AnonHugePages": 0,
              "Anonymous": 50084,
              "FilePmdMapped": 0,
              "KSM": 0,
              "LazyFree": 0,
              "Locked": 0,
              "Private_Clean": 20,
              "Private_Dirty": 50084,
              "Private_Hugetlb": 0,
              "Pss": 51513,
              "Pss_Anon": 50084,
              "Pss_Dirty": 50084,
              "Pss_File": 1429,
              "Pss_Shmem": 0,
              "Referenced": 63920,
              "Rss": 63920,
              "Shared_Clean": 13816,
              "Shared_Dirty": 0,
              "Shared_Hugetlb": 0,
              "ShmemPmdMapped": 0,
              "Swap": 0,
              "SwapPss": 0
            },
            "start_ticks": 175739132
          },
          {
            "pid": 2210080,
            "rollup_kib": {
              "AnonHugePages": 0,
              "Anonymous": 1244,
              "FilePmdMapped": 0,
              "KSM": 0,
              "LazyFree": 0,
              "Locked": 0,
              "Private_Clean": 628,
              "Private_Dirty": 1244,
              "Private_Hugetlb": 0,
              "Pss": 3538,
              "Pss_Anon": 1244,
              "Pss_Dirty": 1244,
              "Pss_File": 2294,
              "Pss_Shmem": 0,
              "Referenced": 7856,
              "Rss": 7856,
              "Shared_Clean": 5984,
              "Shared_Dirty": 0,
              "Shared_Hugetlb": 0,
              "ShmemPmdMapped": 0,
              "Swap": 0,
              "SwapPss": 0
            },
            "start_ticks": 175740403
          },
          {
            "pid": 2210081,
            "rollup_kib": {
              "AnonHugePages": 0,
              "Anonymous": 49156,
              "FilePmdMapped": 0,
              "KSM": 0,
              "LazyFree": 0,
              "Locked": 0,
              "Private_Clean": 0,
              "Private_Dirty": 49240,
              "Private_Hugetlb": 0,
              "Pss": 49355,
              "Pss_Anon": 49156,
              "Pss_Dirty": 49240,
              "Pss_File": 199,
              "Pss_Shmem": 0,
              "Referenced": 52828,
              "Rss": 52828,
              "Shared_Clean": 3588,
              "Shared_Dirty": 0,
              "Shared_Hugetlb": 0,
              "ShmemPmdMapped": 0,
              "Swap": 0,
              "SwapPss": 0
            },
            "start_ticks": 175740403
          }
        ],
        "reason": "phase_marker",
        "tree_rss_kib": 124604
      },
      {
        "elapsed_s": 14.2029,
        "processes": [
          {
            "pid": 2206606,
            "rollup_kib": {
              "AnonHugePages": 0,
              "Anonymous": 47448,
              "FilePmdMapped": 0,
              "KSM": 0,
              "LazyFree": 0,
              "Locked": 0,
              "Private_Clean": 20,
              "Private_Dirty": 47448,
              "Private_Hugetlb": 0,
              "Pss": 48878,
              "Pss_Anon": 47448,
              "Pss_Dirty": 47448,
              "Pss_File": 1430,
              "Pss_Shmem": 0,
              "Referenced": 61284,
              "Rss": 61284,
              "Shared_Clean": 13816,
              "Shared_Dirty": 0,
              "Shared_Hugetlb": 0,
              "ShmemPmdMapped": 0,
              "Swap": 0,
              "SwapPss": 0
            },
            "start_ticks": 175739132
          },
          {
            "pid": 2210500,
            "rollup_kib": {
              "AnonHugePages": 0,
              "Anonymous": 1248,
              "FilePmdMapped": 0,
              "KSM": 0,
              "LazyFree": 0,
              "Locked": 0,
              "Private_Clean": 512,
              "Private_Dirty": 1248,
              "Private_Hugetlb": 0,
              "Pss": 3492,
              "Pss_Anon": 1248,
              "Pss_Dirty": 1248,
              "Pss_File": 2244,
              "Pss_Shmem": 0,
              "Referenced": 7896,
              "Rss": 7896,
              "Shared_Clean": 6136,
              "Shared_Dirty": 0,
              "Shared_Hugetlb": 0,
              "ShmemPmdMapped": 0,
              "Swap": 0,
              "SwapPss": 0
            },
            "start_ticks": 175740550
          }
        ],
        "reason": "phase_marker",
        "tree_rss_kib": 69180
      },
      {
        "elapsed_s": 14.7115,
        "processes": [
          {
            "pid": 2206606,
            "rollup_kib": {
              "AnonHugePages": 0,
              "Anonymous": 47448,
              "FilePmdMapped": 0,
              "KSM": 0,
              "LazyFree": 0,
              "Locked": 0,
              "Private_Clean": 20,
              "Private_Dirty": 47448,
              "Private_Hugetlb": 0,
              "Pss": 48875,
              "Pss_Anon": 47448,
              "Pss_Dirty": 47448,
              "Pss_File": 1427,
              "Pss_Shmem": 0,
              "Referenced": 61284,
              "Rss": 61284,
              "Shared_Clean": 13816,
              "Shared_Dirty": 0,
              "Shared_Hugetlb": 0,
              "ShmemPmdMapped": 0,
              "Swap": 0,
              "SwapPss": 0
            },
            "start_ticks": 175739132
          },
          {
            "pid": 2210542,
            "rollup_kib": {
              "AnonHugePages": 0,
              "Anonymous": 1248,
              "FilePmdMapped": 0,
              "KSM": 0,
              "LazyFree": 0,
              "Locked": 0,
              "Private_Clean": 424,
              "Private_Dirty": 1248,
              "Private_Hugetlb": 0,
              "Pss": 3380,
              "Pss_Anon": 1248,
              "Pss_Dirty": 1248,
              "Pss_File": 2132,
              "Pss_Shmem": 0,
              "Referenced": 7760,
              "Rss": 7760,
              "Shared_Clean": 6088,
              "Shared_Dirty": 0,
              "Shared_Hugetlb": 0,
              "ShmemPmdMapped": 0,
              "Swap": 0,
              "SwapPss": 0
            },
            "start_ticks": 175740563
          },
          {
            "pid": 2210543,
            "rollup_kib": {
              "AnonHugePages": 0,
              "Anonymous": 1159492,
              "FilePmdMapped": 0,
              "KSM": 0,
              "LazyFree": 0,
              "Locked": 0,
              "Private_Clean": 0,
              "Private_Dirty": 1159904,
              "Private_Hugetlb": 0,
              "Pss": 1160044,
              "Pss_Anon": 1159492,
              "Pss_Dirty": 1159904,
              "Pss_File": 552,
              "Pss_Shmem": 0,
              "Referenced": 1164020,
              "Rss": 1164020,
              "Shared_Clean": 4116,
              "Shared_Dirty": 0,
              "Shared_Hugetlb": 0,
              "ShmemPmdMapped": 0,
              "Swap": 0,
              "SwapPss": 0
            },
            "start_ticks": 175740563
          }
        ],
        "reason": "phase_marker+rss_growth",
        "tree_rss_kib": 1265772
      },
      {
        "elapsed_s": 15.2346,
        "processes": [
          {
            "pid": 2206606,
            "rollup_kib": {
              "AnonHugePages": 0,
              "Anonymous": 47448,
              "FilePmdMapped": 0,
              "KSM": 0,
              "LazyFree": 0,
              "Locked": 0,
              "Private_Clean": 20,
              "Private_Dirty": 47448,
              "Private_Hugetlb": 0,
              "Pss": 48872,
              "Pss_Anon": 47448,
              "Pss_Dirty": 47448,
              "Pss_File": 1424,
              "Pss_Shmem": 0,
              "Referenced": 61284,
              "Rss": 61284,
              "Shared_Clean": 13816,
              "Shared_Dirty": 0,
              "Shared_Hugetlb": 0,
              "ShmemPmdMapped": 0,
              "Swap": 0,
              "SwapPss": 0
            },
            "start_ticks": 175739132
          },
          {
            "pid": 2210542,
            "rollup_kib": {
              "AnonHugePages": 0,
              "Anonymous": 1248,
              "FilePmdMapped": 0,
              "KSM": 0,
              "LazyFree": 0,
              "Locked": 0,
              "Private_Clean": 3708,
              "Private_Dirty": 1248,
              "Private_Hugetlb": 0,
              "Pss": 5025,
              "Pss_Anon": 1248,
              "Pss_Dirty": 1248,
              "Pss_File": 3777,
              "Pss_Shmem": 0,
              "Referenced": 7760,
              "Rss": 7760,
              "Shared_Clean": 2804,
              "Shared_Dirty": 0,
              "Shared_Hugetlb": 0,
              "ShmemPmdMapped": 0,
              "Swap": 0,
              "SwapPss": 0
            },
            "start_ticks": 175740563
          },
          {
            "pid": 2210543,
            "rollup_kib": {
              "AnonHugePages": 18432,
              "Anonymous": 2454040,
              "FilePmdMapped": 0,
              "KSM": 0,
              "LazyFree": 0,
              "Locked": 0,
              "Private_Clean": 0,
              "Private_Dirty": 2454524,
              "Private_Hugetlb": 0,
              "Pss": 2454663,
              "Pss_Anon": 2454040,
              "Pss_Dirty": 2454524,
              "Pss_File": 623,
              "Pss_Shmem": 0,
              "Referenced": 2458768,
              "Rss": 2458768,
              "Shared_Clean": 4244,
              "Shared_Dirty": 0,
              "Shared_Hugetlb": 0,
              "ShmemPmdMapped": 0,
              "Swap": 0,
              "SwapPss": 0
            },
            "start_ticks": 175740563
          }
        ],
        "reason": "rss_growth",
        "tree_rss_kib": 2512300
      },
      {
        "elapsed_s": 15.8018,
        "processes": [
          {
            "pid": 2206606,
            "rollup_kib": {
              "AnonHugePages": 0,
              "Anonymous": 47448,
              "FilePmdMapped": 0,
              "KSM": 0,
              "LazyFree": 0,
              "Locked": 0,
              "Private_Clean": 20,
              "Private_Dirty": 47448,
              "Private_Hugetlb": 0,
              "Pss": 48873,
              "Pss_Anon": 47448,
              "Pss_Dirty": 47448,
              "Pss_File": 1425,
              "Pss_Shmem": 0,
              "Referenced": 61284,
              "Rss": 61284,
              "Shared_Clean": 13816,
              "Shared_Dirty": 0,
              "Shared_Hugetlb": 0,
              "ShmemPmdMapped": 0,
              "Swap": 0,
              "SwapPss": 0
            },
            "start_ticks": 175739132
          },
          {
            "pid": 2210542,
            "rollup_kib": {
              "AnonHugePages": 0,
              "Anonymous": 1248,
              "FilePmdMapped": 0,
              "KSM": 0,
              "LazyFree": 0,
              "Locked": 0,
              "Private_Clean": 504,
              "Private_Dirty": 1248,
              "Private_Hugetlb": 0,
              "Pss": 3419,
              "Pss_Anon": 1248,
              "Pss_Dirty": 1248,
              "Pss_File": 2171,
              "Pss_Shmem": 0,
              "Referenced": 7760,
              "Rss": 7760,
              "Shared_Clean": 6008,
              "Shared_Dirty": 0,
              "Shared_Hugetlb": 0,
              "ShmemPmdMapped": 0,
              "Swap": 0,
              "SwapPss": 0
            },
            "start_ticks": 175740563
          },
          {
            "pid": 2210543,
            "rollup_kib": {
              "AnonHugePages": 18432,
              "Anonymous": 3014056,
              "FilePmdMapped": 0,
              "KSM": 0,
              "LazyFree": 0,
              "Locked": 0,
              "Private_Clean": 0,
              "Private_Dirty": 3014540,
              "Private_Hugetlb": 0,
              "Pss": 3014678,
              "Pss_Anon": 3014056,
              "Pss_Dirty": 3014540,
              "Pss_File": 622,
              "Pss_Shmem": 0,
              "Referenced": 3018784,
              "Rss": 3018784,
              "Shared_Clean": 4244,
              "Shared_Dirty": 0,
              "Shared_Hugetlb": 0,
              "ShmemPmdMapped": 0,
              "Swap": 0,
              "SwapPss": 0
            },
            "start_ticks": 175740563
          }
        ],
        "reason": "rss_growth",
        "tree_rss_kib": 3074392
      },
      {
        "elapsed_s": 16.3899,
        "processes": [
          {
            "pid": 2206606,
            "rollup_kib": {
              "AnonHugePages": 0,
              "Anonymous": 47448,
              "FilePmdMapped": 0,
              "KSM": 0,
              "LazyFree": 0,
              "Locked": 0,
              "Private_Clean": 20,
              "Private_Dirty": 47448,
              "Private_Hugetlb": 0,
              "Pss": 48880,
              "Pss_Anon": 47448,
              "Pss_Dirty": 47448,
              "Pss_File": 1432,
              "Pss_Shmem": 0,
              "Referenced": 61284,
              "Rss": 61284,
              "Shared_Clean": 13816,
              "Shared_Dirty": 0,
              "Shared_Hugetlb": 0,
              "ShmemPmdMapped": 0,
              "Swap": 0,
              "SwapPss": 0
            },
            "start_ticks": 175739132
          },
          {
            "pid": 2210542,
            "rollup_kib": {
              "AnonHugePages": 0,
              "Anonymous": 1248,
              "FilePmdMapped": 0,
              "KSM": 0,
              "LazyFree": 0,
              "Locked": 0,
              "Private_Clean": 456,
              "Private_Dirty": 1248,
              "Private_Hugetlb": 0,
              "Pss": 3397,
              "Pss_Anon": 1248,
              "Pss_Dirty": 1248,
              "Pss_File": 2149,
              "Pss_Shmem": 0,
              "Referenced": 7760,
              "Rss": 7760,
              "Shared_Clean": 6056,
              "Shared_Dirty": 0,
              "Shared_Hugetlb": 0,
              "ShmemPmdMapped": 0,
              "Swap": 0,
              "SwapPss": 0
            },
            "start_ticks": 175740563
          },
          {
            "pid": 2210543,
            "rollup_kib": {
              "AnonHugePages": 18432,
              "Anonymous": 3426932,
              "FilePmdMapped": 0,
              "KSM": 0,
              "LazyFree": 0,
              "Locked": 0,
              "Private_Clean": 0,
              "Private_Dirty": 3427416,
              "Private_Hugetlb": 0,
              "Pss": 3427557,
              "Pss_Anon": 3426932,
              "Pss_Dirty": 3427416,
              "Pss_File": 625,
              "Pss_Shmem": 0,
              "Referenced": 3431660,
              "Rss": 3431660,
              "Shared_Clean": 4244,
              "Shared_Dirty": 0,
              "Shared_Hugetlb": 0,
              "ShmemPmdMapped": 0,
              "Swap": 0,
              "SwapPss": 0
            },
            "start_ticks": 175740563
          }
        ],
        "reason": "rss_growth",
        "tree_rss_kib": 3490648
      },
      {
        "elapsed_s": 16.9908,
        "processes": [
          {
            "pid": 2206606,
            "rollup_kib": {
              "AnonHugePages": 0,
              "Anonymous": 47448,
              "FilePmdMapped": 0,
              "KSM": 0,
              "LazyFree": 0,
              "Locked": 0,
              "Private_Clean": 20,
              "Private_Dirty": 47448,
              "Private_Hugetlb": 0,
              "Pss": 48878,
              "Pss_Anon": 47448,
              "Pss_Dirty": 47448,
              "Pss_File": 1430,
              "Pss_Shmem": 0,
              "Referenced": 61284,
              "Rss": 61284,
              "Shared_Clean": 13816,
              "Shared_Dirty": 0,
              "Shared_Hugetlb": 0,
              "ShmemPmdMapped": 0,
              "Swap": 0,
              "SwapPss": 0
            },
            "start_ticks": 175739132
          },
          {
            "pid": 2210542,
            "rollup_kib": {
              "AnonHugePages": 0,
              "Anonymous": 1248,
              "FilePmdMapped": 0,
              "KSM": 0,
              "LazyFree": 0,
              "Locked": 0,
              "Private_Clean": 3696,
              "Private_Dirty": 1248,
              "Private_Hugetlb": 0,
              "Pss": 5019,
              "Pss_Anon": 1248,
              "Pss_Dirty": 1248,
              "Pss_File": 3771,
              "Pss_Shmem": 0,
              "Referenced": 7760,
              "Rss": 7760,
              "Shared_Clean": 2816,
              "Shared_Dirty": 0,
              "Shared_Hugetlb": 0,
              "ShmemPmdMapped": 0,
              "Swap": 0,
              "SwapPss": 0
            },
            "start_ticks": 175740563
          },
          {
            "pid": 2210543,
            "rollup_kib": {
              "AnonHugePages": 18432,
              "Anonymous": 3733112,
              "FilePmdMapped": 0,
              "KSM": 0,
              "LazyFree": 0,
              "Locked": 0,
              "Private_Clean": 0,
              "Private_Dirty": 3733596,
              "Private_Hugetlb": 0,
              "Pss": 3733734,
              "Pss_Anon": 3733112,
              "Pss_Dirty": 3733596,
              "Pss_File": 622,
              "Pss_Shmem": 0,
              "Referenced": 3737840,
              "Rss": 3737840,
              "Shared_Clean": 4244,
              "Shared_Dirty": 0,
              "Shared_Hugetlb": 0,
              "ShmemPmdMapped": 0,
              "Swap": 0,
              "SwapPss": 0
            },
            "start_ticks": 175740563
          }
        ],
        "reason": "rss_growth",
        "tree_rss_kib": 3797660
      },
      {
        "elapsed_s": 18.1031,
        "processes": [
          {
            "pid": 2206606,
            "rollup_kib": {
              "AnonHugePages": 0,
              "Anonymous": 47448,
              "FilePmdMapped": 0,
              "KSM": 0,
              "LazyFree": 0,
              "Locked": 0,
              "Private_Clean": 20,
              "Private_Dirty": 47448,
              "Private_Hugetlb": 0,
              "Pss": 48876,
              "Pss_Anon": 47448,
              "Pss_Dirty": 47448,
              "Pss_File": 1428,
              "Pss_Shmem": 0,
              "Referenced": 61284,
              "Rss": 61284,
              "Shared_Clean": 13816,
              "Shared_Dirty": 0,
              "Shared_Hugetlb": 0,
              "ShmemPmdMapped": 0,
              "Swap": 0,
              "SwapPss": 0
            },
            "start_ticks": 175739132
          },
          {
            "pid": 2210542,
            "rollup_kib": {
              "AnonHugePages": 0,
              "Anonymous": 1248,
              "FilePmdMapped": 0,
              "KSM": 0,
              "LazyFree": 0,
              "Locked": 0,
              "Private_Clean": 460,
              "Private_Dirty": 1248,
              "Private_Hugetlb": 0,
              "Pss": 3399,
              "Pss_Anon": 1248,
              "Pss_Dirty": 1248,
              "Pss_File": 2151,
              "Pss_Shmem": 0,
              "Referenced": 7760,
              "Rss": 7760,
              "Shared_Clean": 6052,
              "Shared_Dirty": 0,
              "Shared_Hugetlb": 0,
              "ShmemPmdMapped": 0,
              "Swap": 0,
              "SwapPss": 0
            },
            "start_ticks": 175740563
          },
          {
            "pid": 2210543,
            "rollup_kib": {
              "AnonHugePages": 18432,
              "Anonymous": 4098408,
              "FilePmdMapped": 0,
              "KSM": 0,
              "LazyFree": 0,
              "Locked": 0,
              "Private_Clean": 0,
              "Private_Dirty": 4098892,
              "Private_Hugetlb": 0,
              "Pss": 4099035,
              "Pss_Anon": 4098408,
              "Pss_Dirty": 4098892,
              "Pss_File": 627,
              "Pss_Shmem": 0,
              "Referenced": 4103136,
              "Rss": 4103136,
              "Shared_Clean": 4244,
              "Shared_Dirty": 0,
              "Shared_Hugetlb": 0,
              "ShmemPmdMapped": 0,
              "Swap": 0,
              "SwapPss": 0
            },
            "start_ticks": 175740563
          }
        ],
        "reason": "rss_growth",
        "tree_rss_kib": 4166788
      },
      {
        "elapsed_s": 19.7303,
        "processes": [
          {
            "pid": 2206606,
            "rollup_kib": {
              "AnonHugePages": 0,
              "Anonymous": 47448,
              "FilePmdMapped": 0,
              "KSM": 0,
              "LazyFree": 0,
              "Locked": 0,
              "Private_Clean": 28,
              "Private_Dirty": 47448,
              "Private_Hugetlb": 0,
              "Pss": 48687,
              "Pss_Anon": 47448,
              "Pss_Dirty": 47448,
              "Pss_File": 1239,
              "Pss_Shmem": 0,
              "Referenced": 61284,
              "Rss": 61284,
              "Shared_Clean": 13808,
              "Shared_Dirty": 0,
              "Shared_Hugetlb": 0,
              "ShmemPmdMapped": 0,
              "Swap": 0,
              "SwapPss": 0
            },
            "start_ticks": 175739132
          },
          {
            "pid": 2210542,
            "rollup_kib": {
              "AnonHugePages": 0,
              "Anonymous": 1248,
              "FilePmdMapped": 0,
              "KSM": 0,
              "LazyFree": 0,
              "Locked": 0,
              "Private_Clean": 452,
              "Private_Dirty": 1248,
              "Private_Hugetlb": 0,
              "Pss": 3393,
              "Pss_Anon": 1248,
              "Pss_Dirty": 1248,
              "Pss_File": 2145,
              "Pss_Shmem": 0,
              "Referenced": 7760,
              "Rss": 7760,
              "Shared_Clean": 6060,
              "Shared_Dirty": 0,
              "Shared_Hugetlb": 0,
              "ShmemPmdMapped": 0,
              "Swap": 0,
              "SwapPss": 0
            },
            "start_ticks": 175740563
          },
          {
            "pid": 2210543,
            "rollup_kib": {
              "AnonHugePages": 18432,
              "Anonymous": 4422528,
              "FilePmdMapped": 0,
              "KSM": 0,
              "LazyFree": 0,
              "Locked": 0,
              "Private_Clean": 0,
              "Private_Dirty": 4423012,
              "Private_Hugetlb": 0,
              "Pss": 4423148,
              "Pss_Anon": 4422528,
              "Pss_Dirty": 4423012,
              "Pss_File": 620,
              "Pss_Shmem": 0,
              "Referenced": 4427256,
              "Rss": 4427256,
              "Shared_Clean": 4244,
              "Shared_Dirty": 0,
              "Shared_Hugetlb": 0,
              "ShmemPmdMapped": 0,
              "Swap": 0,
              "SwapPss": 0
            },
            "start_ticks": 175740563
          }
        ],
        "reason": "rss_growth",
        "tree_rss_kib": 4492156
      },
      {
        "elapsed_s": 22.3699,
        "processes": [
          {
            "pid": 2206606,
            "rollup_kib": {
              "AnonHugePages": 0,
              "Anonymous": 47448,
              "FilePmdMapped": 0,
              "KSM": 0,
              "LazyFree": 0,
              "Locked": 0,
              "Private_Clean": 40,
              "Private_Dirty": 47448,
              "Private_Hugetlb": 0,
              "Pss": 48899,
              "Pss_Anon": 47448,
              "Pss_Dirty": 47448,
              "Pss_File": 1451,
              "Pss_Shmem": 0,
              "Referenced": 61284,
              "Rss": 61284,
              "Shared_Clean": 13796,
              "Shared_Dirty": 0,
              "Shared_Hugetlb": 0,
              "ShmemPmdMapped": 0,
              "Swap": 0,
              "SwapPss": 0
            },
            "start_ticks": 175739132
          },
          {
            "pid": 2210542,
            "rollup_kib": {
              "AnonHugePages": 0,
              "Anonymous": 1248,
              "FilePmdMapped": 0,
              "KSM": 0,
              "LazyFree": 0,
              "Locked": 0,
              "Private_Clean": 3708,
              "Private_Dirty": 1248,
              "Private_Hugetlb": 0,
              "Pss": 5026,
              "Pss_Anon": 1248,
              "Pss_Dirty": 1248,
              "Pss_File": 3778,
              "Pss_Shmem": 0,
              "Referenced": 7760,
              "Rss": 7760,
              "Shared_Clean": 2804,
              "Shared_Dirty": 0,
              "Shared_Hugetlb": 0,
              "ShmemPmdMapped": 0,
              "Swap": 0,
              "SwapPss": 0
            },
            "start_ticks": 175740563
          },
          {
            "pid": 2210543,
            "rollup_kib": {
              "AnonHugePages": 18432,
              "Anonymous": 4685624,
              "FilePmdMapped": 0,
              "KSM": 0,
              "LazyFree": 0,
              "Locked": 0,
              "Private_Clean": 0,
              "Private_Dirty": 4686108,
              "Private_Hugetlb": 0,
              "Pss": 4686253,
              "Pss_Anon": 4685624,
              "Pss_Dirty": 4686108,
              "Pss_File": 629,
              "Pss_Shmem": 0,
              "Referenced": 4690352,
              "Rss": 4690352,
              "Shared_Clean": 4244,
              "Shared_Dirty": 0,
              "Shared_Hugetlb": 0,
              "ShmemPmdMapped": 0,
              "Swap": 0,
              "SwapPss": 0
            },
            "start_ticks": 175740563
          }
        ],
        "reason": "rss_growth",
        "tree_rss_kib": 4757880
      },
      {
        "elapsed_s": 29.0639,
        "processes": [
          {
            "pid": 2206606,
            "rollup_kib": {
              "AnonHugePages": 0,
              "Anonymous": 47448,
              "FilePmdMapped": 0,
              "KSM": 0,
              "LazyFree": 0,
              "Locked": 0,
              "Private_Clean": 40,
              "Private_Dirty": 47448,
              "Private_Hugetlb": 0,
              "Pss": 48903,
              "Pss_Anon": 47448,
              "Pss_Dirty": 47448,
              "Pss_File": 1455,
              "Pss_Shmem": 0,
              "Referenced": 61284,
              "Rss": 61284,
              "Shared_Clean": 13796,
              "Shared_Dirty": 0,
              "Shared_Hugetlb": 0,
              "ShmemPmdMapped": 0,
              "Swap": 0,
              "SwapPss": 0
            },
            "start_ticks": 175739132
          },
          {
            "pid": 2210542,
            "rollup_kib": {
              "AnonHugePages": 0,
              "Anonymous": 1248,
              "FilePmdMapped": 0,
              "KSM": 0,
              "LazyFree": 0,
              "Locked": 0,
              "Private_Clean": 452,
              "Private_Dirty": 1248,
              "Private_Hugetlb": 0,
              "Pss": 3395,
              "Pss_Anon": 1248,
              "Pss_Dirty": 1248,
              "Pss_File": 2147,
              "Pss_Shmem": 0,
              "Referenced": 7760,
              "Rss": 7760,
              "Shared_Clean": 6060,
              "Shared_Dirty": 0,
              "Shared_Hugetlb": 0,
              "ShmemPmdMapped": 0,
              "Swap": 0,
              "SwapPss": 0
            },
            "start_ticks": 175740563
          },
          {
            "pid": 2210543,
            "rollup_kib": {
              "AnonHugePages": 18432,
              "Anonymous": 4999660,
              "FilePmdMapped": 0,
              "KSM": 0,
              "LazyFree": 0,
              "Locked": 0,
              "Private_Clean": 0,
              "Private_Dirty": 5000340,
              "Private_Hugetlb": 0,
              "Pss": 5000490,
              "Pss_Anon": 4999660,
              "Pss_Dirty": 5000340,
              "Pss_File": 830,
              "Pss_Shmem": 0,
              "Referenced": 5004584,
              "Rss": 5004584,
              "Shared_Clean": 4244,
              "Shared_Dirty": 0,
              "Shared_Hugetlb": 0,
              "ShmemPmdMapped": 0,
              "Swap": 0,
              "SwapPss": 0
            },
            "start_ticks": 175740563
          }
        ],
        "reason": "rss_growth",
        "tree_rss_kib": 5072788
      },
      {
        "elapsed_s": 33.6802,
        "processes": [
          {
            "pid": 2206606,
            "rollup_kib": {
              "AnonHugePages": 0,
              "Anonymous": 47744,
              "FilePmdMapped": 0,
              "KSM": 0,
              "LazyFree": 0,
              "Locked": 0,
              "Private_Clean": 40,
              "Private_Dirty": 47744,
              "Private_Hugetlb": 0,
              "Pss": 49188,
              "Pss_Anon": 47744,
              "Pss_Dirty": 47744,
              "Pss_File": 1444,
              "Pss_Shmem": 0,
              "Referenced": 61580,
              "Rss": 61580,
              "Shared_Clean": 13796,
              "Shared_Dirty": 0,
              "Shared_Hugetlb": 0,
              "ShmemPmdMapped": 0,
              "Swap": 0,
              "SwapPss": 0
            },
            "start_ticks": 175739132
          },
          {
            "pid": 2216313,
            "rollup_kib": {
              "AnonHugePages": 0,
              "Anonymous": 1248,
              "FilePmdMapped": 0,
              "KSM": 0,
              "LazyFree": 0,
              "Locked": 0,
              "Private_Clean": 3708,
              "Private_Dirty": 1248,
              "Private_Hugetlb": 0,
              "Pss": 5019,
              "Pss_Anon": 1248,
              "Pss_Dirty": 1248,
              "Pss_File": 3771,
              "Pss_Shmem": 0,
              "Referenced": 7720,
              "Rss": 7720,
              "Shared_Clean": 2764,
              "Shared_Dirty": 0,
              "Shared_Hugetlb": 0,
              "ShmemPmdMapped": 0,
              "Swap": 0,
              "SwapPss": 0
            },
            "start_ticks": 175742468
          },
          {
            "pid": 2216316,
            "rollup_kib": {
              "AnonHugePages": 0,
              "Anonymous": 1158940,
              "FilePmdMapped": 0,
              "KSM": 0,
              "LazyFree": 0,
              "Locked": 0,
              "Private_Clean": 364,
              "Private_Dirty": 1158940,
              "Private_Hugetlb": 0,
              "Pss": 1159455,
              "Pss_Anon": 1158940,
              "Pss_Dirty": 1158940,
              "Pss_File": 515,
              "Pss_Shmem": 0,
              "Referenced": 1163140,
              "Rss": 1163140,
              "Shared_Clean": 3836,
              "Shared_Dirty": 0,
              "Shared_Hugetlb": 0,
              "ShmemPmdMapped": 0,
              "Swap": 0,
              "SwapPss": 0
            },
            "start_ticks": 175742468
          }
        ],
        "reason": "phase_marker",
        "tree_rss_kib": 1232440
      },
      {
        "elapsed_s": 54.4759,
        "processes": [
          {
            "pid": 2206606,
            "rollup_kib": {
              "AnonHugePages": 0,
              "Anonymous": 47744,
              "FilePmdMapped": 0,
              "KSM": 0,
              "LazyFree": 0,
              "Locked": 0,
              "Private_Clean": 28,
              "Private_Dirty": 47744,
              "Private_Hugetlb": 0,
              "Pss": 49144,
              "Pss_Anon": 47744,
              "Pss_Dirty": 47744,
              "Pss_File": 1400,
              "Pss_Shmem": 0,
              "Referenced": 61580,
              "Rss": 61580,
              "Shared_Clean": 13808,
              "Shared_Dirty": 0,
              "Shared_Hugetlb": 0,
              "ShmemPmdMapped": 0,
              "Swap": 0,
              "SwapPss": 0
            },
            "start_ticks": 175739132
          },
          {
            "pid": 2222020,
            "rollup_kib": {
              "AnonHugePages": 0,
              "Anonymous": 1248,
              "FilePmdMapped": 0,
              "KSM": 0,
              "LazyFree": 0,
              "Locked": 0,
              "Private_Clean": 64,
              "Private_Dirty": 1248,
              "Private_Hugetlb": 0,
              "Pss": 3217,
              "Pss_Anon": 1248,
              "Pss_Dirty": 1248,
              "Pss_File": 1969,
              "Pss_Shmem": 0,
              "Referenced": 7820,
              "Rss": 7820,
              "Shared_Clean": 6508,
              "Shared_Dirty": 0,
              "Shared_Hugetlb": 0,
              "ShmemPmdMapped": 0,
              "Swap": 0,
              "SwapPss": 0
            },
            "start_ticks": 175744532
          },
          {
            "pid": 2222025,
            "rollup_kib": {
              "AnonHugePages": 18432,
              "Anonymous": 1264120,
              "FilePmdMapped": 0,
              "KSM": 0,
              "LazyFree": 0,
              "Locked": 0,
              "Private_Clean": 476,
              "Private_Dirty": 1264128,
              "Private_Hugetlb": 0,
              "Pss": 1264731,
              "Pss_Anon": 1264120,
              "Pss_Dirty": 1264128,
              "Pss_File": 611,
              "Pss_Shmem": 0,
              "Referenced": 1268720,
              "Rss": 1268720,
              "Shared_Clean": 4116,
              "Shared_Dirty": 0,
              "Shared_Hugetlb": 0,
              "ShmemPmdMapped": 0,
              "Swap": 0,
              "SwapPss": 0
            },
            "start_ticks": 175744532
          }
        ],
        "reason": "phase_marker",
        "tree_rss_kib": 1331232
      },
      {
        "elapsed_s": 75.8088,
        "processes": [
          {
            "pid": 2206606,
            "rollup_kib": {
              "AnonHugePages": 0,
              "Anonymous": 54720,
              "FilePmdMapped": 0,
              "KSM": 0,
              "LazyFree": 0,
              "Locked": 0,
              "Private_Clean": 40,
              "Private_Dirty": 54720,
              "Private_Hugetlb": 0,
              "Pss": 56177,
              "Pss_Anon": 54720,
              "Pss_Dirty": 54720,
              "Pss_File": 1457,
              "Pss_Shmem": 0,
              "Referenced": 68620,
              "Rss": 68620,
              "Shared_Clean": 13860,
              "Shared_Dirty": 0,
              "Shared_Hugetlb": 0,
              "ShmemPmdMapped": 0,
              "Swap": 0,
              "SwapPss": 0
            },
            "start_ticks": 175739132
          },
          {
            "pid": 2228064,
            "rollup_kib": {
              "AnonHugePages": 0,
              "Anonymous": 1252,
              "FilePmdMapped": 0,
              "KSM": 0,
              "LazyFree": 0,
              "Locked": 0,
              "Private_Clean": 3724,
              "Private_Dirty": 1252,
              "Private_Hugetlb": 0,
              "Pss": 5088,
              "Pss_Anon": 1252,
              "Pss_Dirty": 1252,
              "Pss_File": 3836,
              "Pss_Shmem": 0,
              "Referenced": 7752,
              "Rss": 7752,
              "Shared_Clean": 2776,
              "Shared_Dirty": 0,
              "Shared_Hugetlb": 0,
              "ShmemPmdMapped": 0,
              "Swap": 0,
              "SwapPss": 0
            },
            "start_ticks": 175746675
          },
          {
            "pid": 2228065,
            "rollup_kib": {
              "AnonHugePages": 0,
              "Anonymous": 1192264,
              "FilePmdMapped": 0,
              "KSM": 0,
              "LazyFree": 0,
              "Locked": 0,
              "Private_Clean": 436,
              "Private_Dirty": 1192264,
              "Private_Hugetlb": 0,
              "Pss": 1192848,
              "Pss_Anon": 1192264,
              "Pss_Dirty": 1192264,
              "Pss_File": 584,
              "Pss_Shmem": 0,
              "Referenced": 1196736,
              "Rss": 1196736,
              "Shared_Clean": 4036,
              "Shared_Dirty": 0,
              "Shared_Hugetlb": 0,
              "ShmemPmdMapped": 0,
              "Swap": 0,
              "SwapPss": 0
            },
            "start_ticks": 175746675
          }
        ],
        "reason": "phase_marker",
        "tree_rss_kib": 1273108
      },
      {
        "elapsed_s": 94.5832,
        "processes": [
          {
            "pid": 2206606,
            "rollup_kib": {
              "AnonHugePages": 0,
              "Anonymous": 54788,
              "FilePmdMapped": 0,
              "KSM": 0,
              "LazyFree": 0,
              "Locked": 0,
              "Private_Clean": 40,
              "Private_Dirty": 54788,
              "Private_Hugetlb": 0,
              "Pss": 56240,
              "Pss_Anon": 54788,
              "Pss_Dirty": 54788,
              "Pss_File": 1452,
              "Pss_Shmem": 0,
              "Referenced": 68688,
              "Rss": 68688,
              "Shared_Clean": 13860,
              "Shared_Dirty": 0,
              "Shared_Hugetlb": 0,
              "ShmemPmdMapped": 0,
              "Swap": 0,
              "SwapPss": 0
            },
            "start_ticks": 175739132
          },
          {
            "pid": 2233901,
            "rollup_kib": {
              "AnonHugePages": 0,
              "Anonymous": 1252,
              "FilePmdMapped": 0,
              "KSM": 0,
              "LazyFree": 0,
              "Locked": 0,
              "Private_Clean": 588,
              "Private_Dirty": 1252,
              "Private_Hugetlb": 0,
              "Pss": 3417,
              "Pss_Anon": 1252,
              "Pss_Dirty": 1252,
              "Pss_File": 2165,
              "Pss_Shmem": 0,
              "Referenced": 7628,
              "Rss": 7628,
              "Shared_Clean": 5788,
              "Shared_Dirty": 0,
              "Shared_Hugetlb": 0,
              "ShmemPmdMapped": 0,
              "Swap": 0,
              "SwapPss": 0
            },
            "start_ticks": 175748569
          },
          {
            "pid": 2233903,
            "rollup_kib": {
              "AnonHugePages": 0,
              "Anonymous": 1154200,
              "FilePmdMapped": 0,
              "KSM": 0,
              "LazyFree": 0,
              "Locked": 0,
              "Private_Clean": 412,
              "Private_Dirty": 1154200,
              "Private_Hugetlb": 0,
              "Pss": 1154754,
              "Pss_Anon": 1154200,
              "Pss_Dirty": 1154200,
              "Pss_File": 554,
              "Pss_Shmem": 0,
              "Referenced": 1158468,
              "Rss": 1158468,
              "Shared_Clean": 3856,
              "Shared_Dirty": 0,
              "Shared_Hugetlb": 0,
              "ShmemPmdMapped": 0,
              "Swap": 0,
              "SwapPss": 0
            },
            "start_ticks": 175748569
          }
        ],
        "reason": "phase_marker",
        "tree_rss_kib": 1234784
      },
      {
        "elapsed_s": 112.8574,
        "processes": [
          {
            "pid": 2206606,
            "rollup_kib": {
              "AnonHugePages": 0,
              "Anonymous": 54788,
              "FilePmdMapped": 0,
              "KSM": 0,
              "LazyFree": 0,
              "Locked": 0,
              "Private_Clean": 40,
              "Private_Dirty": 54788,
              "Private_Hugetlb": 0,
              "Pss": 56245,
              "Pss_Anon": 54788,
              "Pss_Dirty": 54788,
              "Pss_File": 1457,
              "Pss_Shmem": 0,
              "Referenced": 68688,
              "Rss": 68688,
              "Shared_Clean": 13860,
              "Shared_Dirty": 0,
              "Shared_Hugetlb": 0,
              "ShmemPmdMapped": 0,
              "Swap": 0,
              "SwapPss": 0
            },
            "start_ticks": 175739132
          },
          {
            "pid": 2239049,
            "rollup_kib": {
              "AnonHugePages": 0,
              "Anonymous": 1244,
              "FilePmdMapped": 0,
              "KSM": 0,
              "LazyFree": 0,
              "Locked": 0,
              "Private_Clean": 448,
              "Private_Dirty": 1244,
              "Private_Hugetlb": 0,
              "Pss": 3328,
              "Pss_Anon": 1244,
              "Pss_Dirty": 1244,
              "Pss_File": 2084,
              "Pss_Shmem": 0,
              "Referenced": 7540,
              "Rss": 7540,
              "Shared_Clean": 5848,
              "Shared_Dirty": 0,
              "Shared_Hugetlb": 0,
              "ShmemPmdMapped": 0,
              "Swap": 0,
              "SwapPss": 0
            },
            "start_ticks": 175750413
          },
          {
            "pid": 2239050,
            "rollup_kib": {
              "AnonHugePages": 0,
              "Anonymous": 282872,
              "FilePmdMapped": 0,
              "KSM": 0,
              "LazyFree": 0,
              "Locked": 0,
              "Private_Clean": 376,
              "Private_Dirty": 282872,
              "Private_Hugetlb": 0,
              "Pss": 283391,
              "Pss_Anon": 282872,
              "Pss_Dirty": 282872,
              "Pss_File": 519,
              "Pss_Shmem": 0,
              "Referenced": 287300,
              "Rss": 287300,
              "Shared_Clean": 4052,
              "Shared_Dirty": 0,
              "Shared_Hugetlb": 0,
              "ShmemPmdMapped": 0,
              "Swap": 0,
              "SwapPss": 0
            },
            "start_ticks": 175750413
          }
        ],
        "reason": "phase_marker",
        "tree_rss_kib": 342940
      },
      {
        "elapsed_s": 132.6519,
        "processes": [
          {
            "pid": 2206606,
            "rollup_kib": {
              "AnonHugePages": 0,
              "Anonymous": 54788,
              "FilePmdMapped": 0,
              "KSM": 0,
              "LazyFree": 0,
              "Locked": 0,
              "Private_Clean": 40,
              "Private_Dirty": 54788,
              "Private_Hugetlb": 0,
              "Pss": 56253,
              "Pss_Anon": 54788,
              "Pss_Dirty": 54788,
              "Pss_File": 1465,
              "Pss_Shmem": 0,
              "Referenced": 68688,
              "Rss": 68688,
              "Shared_Clean": 13860,
              "Shared_Dirty": 0,
              "Shared_Hugetlb": 0,
              "ShmemPmdMapped": 0,
              "Swap": 0,
              "SwapPss": 0
            },
            "start_ticks": 175739132
          },
          {
            "pid": 2245172,
            "rollup_kib": {
              "AnonHugePages": 0,
              "Anonymous": 1252,
              "FilePmdMapped": 0,
              "KSM": 0,
              "LazyFree": 0,
              "Locked": 0,
              "Private_Clean": 64,
              "Private_Dirty": 1252,
              "Private_Hugetlb": 0,
              "Pss": 3225,
              "Pss_Anon": 1252,
              "Pss_Dirty": 1252,
              "Pss_File": 1973,
              "Pss_Shmem": 0,
              "Referenced": 7676,
              "Rss": 7676,
              "Shared_Clean": 6360,
              "Shared_Dirty": 0,
              "Shared_Hugetlb": 0,
              "ShmemPmdMapped": 0,
              "Swap": 0,
              "SwapPss": 0
            },
            "start_ticks": 175752397
          },
          {
            "pid": 2245173,
            "rollup_kib": {
              "AnonHugePages": 0,
              "Anonymous": 3144,
              "FilePmdMapped": 0,
              "KSM": 0,
              "LazyFree": 0,
              "Locked": 0,
              "Private_Clean": 328,
              "Private_Dirty": 3144,
              "Private_Hugetlb": 0,
              "Pss": 3615,
              "Pss_Anon": 3144,
              "Pss_Dirty": 3144,
              "Pss_File": 471,
              "Pss_Shmem": 0,
              "Referenced": 7460,
              "Rss": 7460,
              "Shared_Clean": 3988,
              "Shared_Dirty": 0,
              "Shared_Hugetlb": 0,
              "ShmemPmdMapped": 0,
              "Swap": 0,
              "SwapPss": 0
            },
            "start_ticks": 175752397
          }
        ],
        "reason": "phase_marker",
        "tree_rss_kib": 81512
      },
      {
        "elapsed_s": 151.4166,
        "processes": [
          {
            "pid": 2206606,
            "rollup_kib": {
              "AnonHugePages": 0,
              "Anonymous": 54836,
              "FilePmdMapped": 0,
              "KSM": 0,
              "LazyFree": 0,
              "Locked": 0,
              "Private_Clean": 20,
              "Private_Dirty": 54836,
              "Private_Hugetlb": 0,
              "Pss": 56245,
              "Pss_Anon": 54836,
              "Pss_Dirty": 54836,
              "Pss_File": 1409,
              "Pss_Shmem": 0,
              "Referenced": 68736,
              "Rss": 68736,
              "Shared_Clean": 13880,
              "Shared_Dirty": 0,
              "Shared_Hugetlb": 0,
              "ShmemPmdMapped": 0,
              "Swap": 0,
              "SwapPss": 0
            },
            "start_ticks": 175739132
          },
          {
            "pid": 2250736,
            "rollup_kib": {
              "AnonHugePages": 0,
              "Anonymous": 1248,
              "FilePmdMapped": 0,
              "KSM": 0,
              "LazyFree": 0,
              "Locked": 0,
              "Private_Clean": 600,
              "Private_Dirty": 1248,
              "Private_Hugetlb": 0,
              "Pss": 3521,
              "Pss_Anon": 1248,
              "Pss_Dirty": 1248,
              "Pss_File": 2273,
              "Pss_Shmem": 0,
              "Referenced": 7816,
              "Rss": 7816,
              "Shared_Clean": 5968,
              "Shared_Dirty": 0,
              "Shared_Hugetlb": 0,
              "ShmemPmdMapped": 0,
              "Swap": 0,
              "SwapPss": 0
            },
            "start_ticks": 175754242
          },
          {
            "pid": 2250737,
            "rollup_kib": {
              "AnonHugePages": 0,
              "Anonymous": 1157668,
              "FilePmdMapped": 0,
              "KSM": 0,
              "LazyFree": 0,
              "Locked": 0,
              "Private_Clean": 412,
              "Private_Dirty": 1157668,
              "Private_Hugetlb": 0,
              "Pss": 1158202,
              "Pss_Anon": 1157668,
              "Pss_Dirty": 1157668,
              "Pss_File": 534,
              "Pss_Shmem": 0,
              "Referenced": 1161940,
              "Rss": 1161940,
              "Shared_Clean": 3860,
              "Shared_Dirty": 0,
              "Shared_Hugetlb": 0,
              "ShmemPmdMapped": 0,
              "Swap": 0,
              "SwapPss": 0
            },
            "start_ticks": 175754242
          }
        ],
        "reason": "phase_marker",
        "tree_rss_kib": 1238372
      },
      {
        "elapsed_s": 174.3145,
        "processes": [
          {
            "pid": 2206606,
            "rollup_kib": {
              "AnonHugePages": 0,
              "Anonymous": 54836,
              "FilePmdMapped": 0,
              "KSM": 0,
              "LazyFree": 0,
              "Locked": 0,
              "Private_Clean": 40,
              "Private_Dirty": 54836,
              "Private_Hugetlb": 0,
              "Pss": 56292,
              "Pss_Anon": 54836,
              "Pss_Dirty": 54836,
              "Pss_File": 1456,
              "Pss_Shmem": 0,
              "Referenced": 68736,
              "Rss": 68736,
              "Shared_Clean": 13860,
              "Shared_Dirty": 0,
              "Shared_Hugetlb": 0,
              "ShmemPmdMapped": 0,
              "Swap": 0,
              "SwapPss": 0
            },
            "start_ticks": 175739132
          },
          {
            "pid": 2257300,
            "rollup_kib": {
              "AnonHugePages": 0,
              "Anonymous": 1252,
              "FilePmdMapped": 0,
              "KSM": 0,
              "LazyFree": 0,
              "Locked": 0,
              "Private_Clean": 256,
              "Private_Dirty": 1252,
              "Private_Hugetlb": 0,
              "Pss": 3357,
              "Pss_Anon": 1252,
              "Pss_Dirty": 1252,
              "Pss_File": 2105,
              "Pss_Shmem": 0,
              "Referenced": 7844,
              "Rss": 7844,
              "Shared_Clean": 6336,
              "Shared_Dirty": 0,
              "Shared_Hugetlb": 0,
              "ShmemPmdMapped": 0,
              "Swap": 0,
              "SwapPss": 0
            },
            "start_ticks": 175756516
          },
          {
            "pid": 2257302,
            "rollup_kib": {
              "AnonHugePages": 18432,
              "Anonymous": 1310056,
              "FilePmdMapped": 0,
              "KSM": 0,
              "LazyFree": 0,
              "Locked": 0,
              "Private_Clean": 476,
              "Private_Dirty": 1310064,
              "Private_Hugetlb": 0,
              "Pss": 1310676,
              "Pss_Anon": 1310056,
              "Pss_Dirty": 1310064,
              "Pss_File": 620,
              "Pss_Shmem": 0,
              "Referenced": 1314656,
              "Rss": 1314656,
              "Shared_Clean": 4116,
              "Shared_Dirty": 0,
              "Shared_Hugetlb": 0,
              "ShmemPmdMapped": 0,
              "Swap": 0,
              "SwapPss": 0
            },
            "start_ticks": 175756516
          }
        ],
        "reason": "phase_marker",
        "tree_rss_kib": 1373172
      },
      {
        "elapsed_s": 193.1087,
        "processes": [],
        "reason": "phase_marker+terminal",
        "tree_rss_kib": 0
      }
    ],
    "status": "complete",
    "temporary_disk_limit_bytes": 16000000000,
    "wall_time_limit_seconds": null
  }
}
