{"command": ["/usr/bin/python3", "/home/x/deco/gamma/projects/enwiki9/tools/run_with_resource_guard_v3.py", "--limit-kib", "9765624", "--official-decimal-limit-kib", "9765624", "--limit-mode", "tree", "--cgroup-path", "/sys/fs/cgroup/user.slice/user-1000.slice/user@1000.service/app.slice/gamma-enwiki9-20260915T014549Z_e06aeb4ee3", "--cgroup-memory-max-bytes", "9999998976", "--temporary-disk-limit-bytes", "24000000000", "--phase-marker-path", "/home/x/deco/gamma/projects/enwiki9/run_logs/adaptive/20260915T014549Z_e06aeb4ee3.resources/phases.jsonl", "--max-logical-cpus", "1", "--guard-json", "/home/x/deco/gamma/projects/enwiki9/run_logs/adaptive/20260915T014549Z_e06aeb4ee3.resources/guard.json", "--label", "20260915T014549Z_e06aeb4ee3", "--phase", "diagnostic", "--scratch-path", "/home/x/deco/gamma/projects/enwiki9/results/fx2_expert_release250k_v1", "--scratch-path", "/home/x/deco/gamma/projects/enwiki9/run_logs/adaptive/20260915T014549Z_e06aeb4ee3.log", "--scratch-path", "/home/x/deco/gamma/projects/enwiki9/run_logs/adaptive/20260915T014549Z_e06aeb4ee3.resources", "--scratch-path", "/tmp/gamma-enwiki9-20260915T014549Z_e06aeb4ee3-apn4cnjw/fx2_expert_release250k_v1", "--", "/usr/bin/taskset", "--cpu-list", "2", "/bin/sh", "-c", "printf '%s\\n' '{\"phase\":\"diagnostic\",\"event\":\"worker_start\",\"detail\":\"operational envelope only; no codec phase credit\"}' >> \"$GAMMA_RESOURCE_PHASE_MARKERS\" || exit 125; exec \"$@\"", "enwiki9-discovery-envelope", "/usr/bin/python3", "/home/x/deco/gamma/projects/enwiki9/tools/fx2_expert_release250k_v1.py"], "job": {"candidate_id": "fx2_expert_release250k_v1", "candidate_revision": {"path": "operations/adaptive/candidate-revisions/fx2_expert_release250k_v1/20260915T014549342993Z_266909c2f785.json", "sha256": "sha256:33b0b4a484901a5857a66af41c14cfb5704533b440f1c4200b9acbf08f7301ae"}, "candidate_tree_sha256": "sha256:266909c2f785c510a070501a218bbf6b37c5f958e05333a9a5ef3c47e5b1ec7f", "execution_guard": {"path": "tools/run_with_resource_guard_v3.py", "sha256": "sha256:044147f7ffe6922ea8dafd52fc3d4426077b20958adbcd421245ad41adcfc1e4"}, "execution_mode": "discovery", "execution_resources": {"boot_id": "3ce46712-27bc-4199-8e48-e2b3d23926cb", "budget": {"cgroup_parent": "/sys/fs/cgroup/user.slice/user-1000.slice/user@1000.service/app.slice", "cpus": [2], "memory_bytes": 9999998976, "scratch_bytes": 24000000000, "swap_bytes": 0, "wall_seconds": 1800}, "cgroup_inode": 326862, "cgroup_path": "/sys/fs/cgroup/user.slice/user-1000.slice/user@1000.service/app.slice/gamma-enwiki9-20260915T014549Z_e06aeb4ee3", "cpu_enforcement": "taskset-and-sampled-affinity-guard", "groups": [{"created": true, "inode": 326862, "kernel_cpuset": false, "memory_bytes": 9999998976, "path": "/sys/fs/cgroup/user.slice/user-1000.slice/user@1000.service/app.slice/gamma-enwiki9-20260915T014549Z_e06aeb4ee3"}], "guard_command_sha256": "33c802e3736a8ab40be8753915dbb413377579e27eff3f38ddcae309929bb7f9", "guard_path": "run_logs/adaptive/20260915T014549Z_e06aeb4ee3.resources/guard.json", "missing_diagnostics": ["kernel cpuset controller is not delegated; taskset assignment and existing affinity guard remain active"], "timing_authority": "diagnostic"}, "experiment": {"path": "operations/adaptive/experiments/fx2_expert_release250k_v1.json", "sha256": "sha256:a7fa89d5d5c8bf2b0302aca6f80e0bc81cd07935a6c009efe41ff7c84c9bd9ad"}, "gate_size": 250000, "held": false, "held_at": "2026-09-15T01:45:50+00:00", "hold_history": [{"at": "2026-09-15T01:45:50+00:00", "held": true, "reason": "Source and ownership publication, fresh resource admission required."}, {"at": "2026-09-15T01:49:35+00:00", "held": false, "reason": "Published source3b5464579 and all159 Git input blobs verified; fresh discovery admission recorded"}], "job_id": "20260915T014549Z_e06aeb4ee3", "priority": 80, "proposal": {"path": "operations/adaptive/proposals/developed/929_fx2_expert_release250k_v1.json", "sha256": "sha256:6501776b4b54b2ab1640dbc0637c842e07d4a9e10c47f136301588c1329f207c"}, "proposal_id": "fx2_expert_release250k_v1", "purpose": "diagnostic", "released_at": "2026-09-15T01:49:35+00:00", "resource_budget": {"cgroup_parent": "/sys/fs/cgroup/user.slice/user-1000.slice/user@1000.service/app.slice", "cpus": [2], "memory_bytes": 9999998976, "scratch_bytes": 24000000000, "swap_bytes": 0, "wall_seconds": 1800}, "runner": {"path": "tools/fx2_expert_release250k_v1.py", "sha256": "sha256:2c805de809cd28b15b40b043c2913167eb0b19d9dc2d88a764cea13003f635f5"}, "schema": "gamma.enwiki9.adaptive-job.v3", "scratch_directories": ["results/fx2_expert_release250k_v1"], "started_at": "2026-09-15T01:49:43+00:00", "state": "running", "submitted_at": "2026-09-15T01:45:49+00:00", "tags": [], "timing_authority": "diagnostic", "tool": "tools/fx2_expert_release250k_v1.py", "tool_args": []}}
{"status": "execution_failed", "scientific_verdict": "Incomplete release proof; preserve completed measurements.", "error": "P-compile exited 2"}
{
  "resource_guard": {
    "cgroup": {
      "inode": 326862,
      "joined_before_exec": true,
      "memory_max_bytes": 9999998976,
      "memory_max_rounding_bytes": 0,
      "memory_peak_reset": true,
      "path": "/sys/fs/cgroup/user.slice/user-1000.slice/user@1000.service/app.slice/gamma-enwiki9-20260915T014549Z_e06aeb4ee3",
      "previous_memory_max": "9999998976",
      "requested_memory_max_bytes": 9999998976
    },
    "cgroup_events": {
      "baseline": {
        "high": 0,
        "low": 0,
        "max": 0,
        "oom": 0,
        "oom_group_kill": 0,
        "oom_kill": 0,
        "sock_throttled": 0
      },
      "delta": {
        "high": 0,
        "low": 0,
        "max": 0,
        "oom": 0,
        "oom_group_kill": 0,
        "oom_kill": 0,
        "sock_throttled": 0
      },
      "final": {
        "high": 0,
        "low": 0,
        "max": 0,
        "oom": 0,
        "oom_group_kill": 0,
        "oom_kill": 0,
        "sock_throttled": 0
      }
    },
    "command": [
      "/usr/bin/taskset",
      "--cpu-list",
      "2",
      "/bin/sh",
      "-c",
      "printf '%s\\n' '{\"phase\":\"diagnostic\",\"event\":\"worker_start\",\"detail\":\"operational envelope only; no codec phase credit\"}' >> \"$GAMMA_RESOURCE_PHASE_MARKERS\" || exit 125; exec \"$@\"",
      "enwiki9-discovery-envelope",
      "/usr/bin/python3",
      "/home/x/deco/gamma/projects/enwiki9/tools/fx2_expert_release250k_v1.py"
    ],
    "command_sha256": "60f1378e155099957b101b6ff016e0a63e97bfde36cca1276d820b013142fb68",
    "elapsed_s": 1.0289,
    "geekbench5_single_core_score": null,
    "guards": {
      "cgroup_memory_guard_exceeded": false,
      "logical_cpu_guard_exceeded": false,
      "measurement_incomplete": false,
      "official_decimal_memory_exceeded": false,
      "phase_marker_invalid": false,
      "rss_guard_exceeded": false,
      "temporary_disk_guard_exceeded": false,
      "wall_time_guard_exceeded": false
    },
    "label": "20260915T014549Z_e06aeb4ee3",
    "latest_sample": {
      "allowed_cpu_union": [],
      "cgroup_current_bytes": 15036416,
      "elapsed_s": 1.0273,
      "max_single_rss_kib": 0,
      "persistent_status_misses": [],
      "processes": [],
      "scratch_allocated_bytes": 14135296,
      "scratch_file_count": 142,
      "scratch_logical_bytes": 13681385,
      "scratch_race_count": 0,
      "tree_live_threads": 0,
      "tree_rss_kib": 0,
      "tree_runnable_threads": 0
    },
    "limit_kib": 9765624,
    "limit_mode": "tree",
    "max_logical_cpus": 1,
    "measurements": {
      "affinity_complete": true,
      "cgroup_v2_complete": true,
      "per_process_vmhwm_sampled": true,
      "phase_markers_complete": true,
      "process_tree_rss_complete": true,
      "scratch_logical_and_allocated_complete": true,
      "smaps_rollup_complete": true
    },
    "objective": {
      "corpusBytes": 1000000000,
      "corpusSha256": "159b85351e5f76e60cbe32e04c677847a9ecba3adc79addab6f4c6c7aa3744bc",
      "objectiveDigest": "sha256:e91ff20e92c3cac8acb0cbe5c79fc8e8a3b427d7e151245c8eecc52b1c32fa00",
      "objectiveId": "gamma-enwiki9-hutter-90m-v3",
      "objectivePath": "contracts/research/v3/objective-contract.json",
      "targetScoreBytes": 90000000
    },
    "official_decimal_limit_kib": 9765624,
    "peak_process_vmhwm": {
      "comm": "python3",
      "observed_elapsed_s": 0.524,
      "pid": 1673714,
      "start_ticks": 253312137,
      "vmhwm_kib": 72236
    },
    "peak_sample": {
      "allowed_cpu_union": [
        2
      ],
      "cgroup_current_bytes": 73498624,
      "elapsed_s": 0.524,
      "max_single_rss_kib": 67572,
      "persistent_status_misses": [],
      "processes": [
        {
          "allowed_cpus": [
            2
          ],
          "comm": "python3",
          "live_threads": 1,
          "pid": 1673714,
          "rss_kib": 67572,
          "runnable_threads": 0,
          "start_ticks": 253312137,
          "vmhwm_kib": 72236
        },
        {
          "allowed_cpus": [
            2
          ],
          "comm": "timeout",
          "live_threads": 1,
          "pid": 1673812,
          "rss_kib": 7552,
          "runnable_threads": 0,
          "start_ticks": 253312187,
          "vmhwm_kib": 7552
        }
      ],
      "scratch_allocated_bytes": 14090240,
      "scratch_file_count": 138,
      "scratch_logical_bytes": 13647546,
      "scratch_race_count": 0,
      "tree_live_threads": 2,
      "tree_rss_kib": 75124,
      "tree_runnable_threads": 0
    },
    "peak_tree_sample": {
      "allowed_cpu_union": [
        2
      ],
      "cgroup_current_bytes": 73498624,
      "elapsed_s": 0.524,
      "max_single_rss_kib": 67572,
      "persistent_status_misses": [],
      "processes": [
        {
          "allowed_cpus": [
            2
          ],
          "comm": "python3",
          "live_threads": 1,
          "pid": 1673714,
          "rss_kib": 67572,
          "runnable_threads": 0,
          "start_ticks": 253312137,
          "vmhwm_kib": 72236
        },
        {
          "allowed_cpus": [
            2
          ],
          "comm": "timeout",
          "live_threads": 1,
          "pid": 1673812,
          "rss_kib": 7552,
          "runnable_threads": 0,
          "start_ticks": 253312187,
          "vmhwm_kib": 7552
        }
      ],
      "scratch_allocated_bytes": 14090240,
      "scratch_file_count": 138,
      "scratch_logical_bytes": 13647546,
      "scratch_race_count": 0,
      "tree_live_threads": 2,
      "tree_rss_kib": 75124,
      "tree_runnable_threads": 0
    },
    "peaks": {
      "cgroup_memory_peak_bytes": 76075008,
      "max_observed_process_vmhwm_kib": 72236,
      "max_sampled_allowed_cpu_count": 1,
      "max_sampled_cgroup_current_bytes": 73498624,
      "max_sampled_scratch_allocated_bytes": 14135296,
      "max_sampled_scratch_logical_bytes": 13681385,
      "max_sampled_single_rss_kib": 67572,
      "max_sampled_tree_live_threads": 2,
      "max_sampled_tree_rss_kib": 75124,
      "max_sampled_tree_runnable_threads": 1
    },
    "phase": "diagnostic",
    "phase_marker_path": "/home/x/deco/gamma/projects/enwiki9/run_logs/adaptive/20260915T014549Z_e06aeb4ee3.resources/phases.jsonl",
    "phase_markers": [
      {
        "detail": "operational envelope only; no codec phase credit",
        "event": "worker_start",
        "observed_elapsed_s": 0.0226,
        "phase": "diagnostic",
        "source_line": 1
      },
      {
        "detail": null,
        "event": "start",
        "observed_elapsed_s": 0.524,
        "phase": "P-compile",
        "source_line": 2
      },
      {
        "detail": null,
        "event": "end",
        "observed_elapsed_s": 1.0273,
        "phase": "P-compile",
        "source_line": 3
      }
    ],
    "returncode": 1,
    "sample_count": 3,
    "sample_interval_seconds": 0.5,
    "schema": "gamma.enwiki9.resource-guard-receipt.v3",
    "scratch_paths": [
      "/home/x/deco/gamma/projects/enwiki9/results/fx2_expert_release250k_v1",
      "/home/x/deco/gamma/projects/enwiki9/run_logs/adaptive/20260915T014549Z_e06aeb4ee3.log",
      "/home/x/deco/gamma/projects/enwiki9/run_logs/adaptive/20260915T014549Z_e06aeb4ee3.resources",
      "/tmp/gamma-enwiki9-20260915T014549Z_e06aeb4ee3-apn4cnjw/fx2_expert_release250k_v1"
    ],
    "smaps_rollup_checkpoints": [
      {
        "elapsed_s": 0.0226,
        "processes": [
          {
            "pid": 1673714,
            "rollup_kib": {
              "AnonHugePages": 0,
              "Anonymous": 2848,
              "FilePmdMapped": 0,
              "KSM": 0,
              "LazyFree": 0,
              "Locked": 0,
              "Private_Clean": 36,
              "Private_Dirty": 2848,
              "Private_Hugetlb": 0,
              "Pss": 4214,
              "Pss_Anon": 2848,
              "Pss_Dirty": 2848,
              "Pss_File": 1366,
              "Pss_Shmem": 0,
              "Referenced": 9172,
              "Rss": 9172,
              "Shared_Clean": 6288,
              "Shared_Dirty": 0,
              "Shared_Hugetlb": 0,
              "ShmemPmdMapped": 0,
              "Swap": 0,
              "SwapPss": 0
            },
            "start_ticks": 253312137
          }
        ],
        "reason": "initial+phase_marker+rss_growth",
        "tree_rss_kib": 8712
      },
      {
        "elapsed_s": 0.524,
        "processes": [
          {
            "pid": 1673714,
            "rollup_kib": {
              "AnonHugePages": 0,
              "Anonymous": 55260,
              "FilePmdMapped": 0,
              "KSM": 0,
              "LazyFree": 0,
              "Locked": 0,
              "Private_Clean": 188,
              "Private_Dirty": 55260,
              "Private_Hugetlb": 0,
              "Pss": 57645,
              "Pss_Anon": 55260,
              "Pss_Dirty": 55260,
              "Pss_File": 2385,
              "Pss_Shmem": 0,
              "Referenced": 67572,
              "Rss": 67572,
              "Shared_Clean": 12124,
              "Shared_Dirty": 0,
              "Shared_Hugetlb": 0,
              "ShmemPmdMapped": 0,
              "Swap": 0,
              "SwapPss": 0
            },
            "start_ticks": 253312137
          },
          {
            "pid": 1673812,
            "rollup_kib": {
              "AnonHugePages": 0,
              "Anonymous": 1248,
              "FilePmdMapped": 0,
              "KSM": 0,
              "LazyFree": 0,
              "Locked": 0,
              "Private_Clean": 416,
              "Private_Dirty": 1248,
              "Private_Hugetlb": 0,
              "Pss": 3350,
              "Pss_Anon": 1248,
              "Pss_Dirty": 1248,
              "Pss_File": 2102,
              "Pss_Shmem": 0,
              "Referenced": 7552,
              "Rss": 7552,
              "Shared_Clean": 5888,
              "Shared_Dirty": 0,
              "Shared_Hugetlb": 0,
              "ShmemPmdMapped": 0,
              "Swap": 0,
              "SwapPss": 0
            },
            "start_ticks": 253312187
          }
        ],
        "reason": "phase_marker",
        "tree_rss_kib": 75124
      },
      {
        "elapsed_s": 1.0273,
        "processes": [],
        "reason": "phase_marker+terminal",
        "tree_rss_kib": 0
      }
    ],
    "status": "complete",
    "temporary_disk_limit_bytes": 24000000000,
    "wall_time_limit_seconds": null
  }
}
