{"command": ["/usr/bin/python3", "/home/x/deco/gamma/projects/enwiki9/tools/run_with_resource_guard_v3.py", "--limit-kib", "9765624", "--official-decimal-limit-kib", "9765624", "--limit-mode", "tree", "--cgroup-path", "/sys/fs/cgroup/user.slice/user-1000.slice/user@1000.service/app.slice/gamma-enwiki9-20260916T031554Z_01d2cf2ede", "--cgroup-memory-max-bytes", "9999998976", "--temporary-disk-limit-bytes", "16000000000", "--phase-marker-path", "/home/x/deco/gamma/projects/enwiki9/run_logs/adaptive/20260916T031554Z_01d2cf2ede.resources/phases.jsonl", "--max-logical-cpus", "1", "--guard-json", "/home/x/deco/gamma/projects/enwiki9/run_logs/adaptive/20260916T031554Z_01d2cf2ede.resources/guard.json", "--label", "20260916T031554Z_01d2cf2ede", "--phase", "diagnostic", "--scratch-path", "/home/x/deco/gamma/projects/enwiki9/results/fx2_expert_transfer250k_v1", "--scratch-path", "/home/x/deco/gamma/projects/enwiki9/run_logs/adaptive/20260916T031554Z_01d2cf2ede.log", "--scratch-path", "/home/x/deco/gamma/projects/enwiki9/run_logs/adaptive/20260916T031554Z_01d2cf2ede.resources", "--scratch-path", "/tmp/gamma-enwiki9-20260916T031554Z_01d2cf2ede-a8g1g8k8/fx2_expert_transfer250k_v1", "--", "/usr/bin/taskset", "--cpu-list", "2", "/bin/sh", "-c", "printf '%s\\n' '{\"phase\":\"diagnostic\",\"event\":\"worker_start\",\"detail\":\"operational envelope only; no codec phase credit\"}' >> \"$GAMMA_RESOURCE_PHASE_MARKERS\" || exit 125; exec \"$@\"", "enwiki9-discovery-envelope", "/usr/bin/python3", "/home/x/deco/gamma/projects/enwiki9/tools/fx2_expert_transfer250k_v1.py"], "job": {"candidate_id": "fx2_expert_transfer250k_v1", "candidate_revision": {"path": "operations/adaptive/candidate-revisions/fx2_expert_transfer250k_v1/20260916T031553619255Z_684919f1842a.json", "sha256": "sha256:105de34dd4f641162ac78d77bbc73ebeaa67a4df425a2225abf421afa0e669fd"}, "candidate_tree_sha256": "sha256:684919f1842abe25782e052c60ff4eef0a1a0633c2b174f72b9205e2890e90f6", "execution_guard": {"path": "tools/run_with_resource_guard_v3.py", "sha256": "sha256:044147f7ffe6922ea8dafd52fc3d4426077b20958adbcd421245ad41adcfc1e4"}, "execution_mode": "discovery", "execution_resources": {"boot_id": "3ce46712-27bc-4199-8e48-e2b3d23926cb", "budget": {"cgroup_parent": "/sys/fs/cgroup/user.slice/user-1000.slice/user@1000.service/app.slice", "cpus": [2], "memory_bytes": 9999998976, "scratch_bytes": 16000000000, "swap_bytes": 0, "wall_seconds": 3600}, "cgroup_inode": 338367, "cgroup_path": "/sys/fs/cgroup/user.slice/user-1000.slice/user@1000.service/app.slice/gamma-enwiki9-20260916T031554Z_01d2cf2ede", "cpu_enforcement": "taskset-and-sampled-affinity-guard", "groups": [{"created": true, "inode": 338367, "kernel_cpuset": false, "memory_bytes": 9999998976, "path": "/sys/fs/cgroup/user.slice/user-1000.slice/user@1000.service/app.slice/gamma-enwiki9-20260916T031554Z_01d2cf2ede"}], "guard_command_sha256": "8e5282cd3a38f73c475fd6055204dce60df8c937f1fd569e8974ca5f5519824c", "guard_path": "run_logs/adaptive/20260916T031554Z_01d2cf2ede.resources/guard.json", "missing_diagnostics": ["kernel cpuset controller is not delegated; taskset assignment and existing affinity guard remain active"], "timing_authority": "diagnostic"}, "experiment": {"path": "operations/adaptive/experiments/fx2_expert_transfer250k_v1.json", "sha256": "sha256:d166a0d84edef37b88551284be04ec46a57f0af3e72a34cf87103250fd3361d1"}, "gate_size": 250000, "held": false, "held_at": "2026-09-16T03:15:54+00:00", "hold_history": [{"at": "2026-09-16T03:15:54+00:00", "held": true, "reason": "Publish frozen ownership/source and validate fresh CPU2 admission after active auxiliary package gate. Keep existing mixture package hold; no concurrent native launch."}, {"at": "2026-09-16T03:38:49+00:00", "held": false, "reason": "Fresh expert-transfer admission after auxiliary and ambient diagnostic closure. Published unchanged P/D and frozen distant population; only native job on CPU2."}], "job_id": "20260916T031554Z_01d2cf2ede", "priority": 65, "proposal": {"path": "operations/adaptive/proposals/developed/949_fx2_expert_transfer250k_v1.json", "sha256": "sha256:8fe0de268a158c8ad164bb6c9d1362b7b1285dea775b61f3f49aa1242018230a"}, "proposal_id": "fx2_expert_transfer250k_v1", "purpose": "diagnostic", "released_at": "2026-09-16T03:38:49+00:00", "resource_budget": {"cgroup_parent": "/sys/fs/cgroup/user.slice/user-1000.slice/user@1000.service/app.slice", "cpus": [2], "memory_bytes": 9999998976, "scratch_bytes": 16000000000, "swap_bytes": 0, "wall_seconds": 3600}, "runner": {"path": "tools/fx2_expert_transfer250k_v1.py", "sha256": "sha256:209d00e76241e921d1acda7486ba79cea86fe7f2e445ec5df2af51d64561b282"}, "schema": "gamma.enwiki9.adaptive-job.v3", "scratch_directories": ["results/fx2_expert_transfer250k_v1"], "started_at": "2026-09-16T03:38:55+00:00", "state": "running", "submitted_at": "2026-09-16T03:15:54+00:00", "tags": [], "timing_authority": "diagnostic", "tool": "tools/fx2_expert_transfer250k_v1.py", "tool_args": []}}
{"status": "passed", "g_P": 11, "verdict": "The unchanged released mixture improves this disjoint cold population; retain fixed component costs before considering a separately priced 1MB design."}
{
  "resource_guard": {
    "cgroup": {
      "inode": 338367,
      "joined_before_exec": true,
      "memory_max_bytes": 9999998976,
      "memory_max_rounding_bytes": 0,
      "memory_peak_reset": true,
      "path": "/sys/fs/cgroup/user.slice/user-1000.slice/user@1000.service/app.slice/gamma-enwiki9-20260916T031554Z_01d2cf2ede",
      "previous_memory_max": "9999998976",
      "requested_memory_max_bytes": 9999998976
    },
    "cgroup_events": {
      "baseline": {
        "high": 0,
        "low": 0,
        "max": 0,
        "oom": 0,
        "oom_group_kill": 0,
        "oom_kill": 0,
        "sock_throttled": 0
      },
      "delta": {
        "high": 0,
        "low": 0,
        "max": 0,
        "oom": 0,
        "oom_group_kill": 0,
        "oom_kill": 0,
        "sock_throttled": 0
      },
      "final": {
        "high": 0,
        "low": 0,
        "max": 0,
        "oom": 0,
        "oom_group_kill": 0,
        "oom_kill": 0,
        "sock_throttled": 0
      }
    },
    "command": [
      "/usr/bin/taskset",
      "--cpu-list",
      "2",
      "/bin/sh",
      "-c",
      "printf '%s\\n' '{\"phase\":\"diagnostic\",\"event\":\"worker_start\",\"detail\":\"operational envelope only; no codec phase credit\"}' >> \"$GAMMA_RESOURCE_PHASE_MARKERS\" || exit 125; exec \"$@\"",
      "enwiki9-discovery-envelope",
      "/usr/bin/python3",
      "/home/x/deco/gamma/projects/enwiki9/tools/fx2_expert_transfer250k_v1.py"
    ],
    "command_sha256": "d00a0940b8ac157b88f9bffdac7c5a7cc15b72e564d34cf8a326d62f19c433e3",
    "elapsed_s": 287.2628,
    "geekbench5_single_core_score": null,
    "guards": {
      "cgroup_memory_guard_exceeded": false,
      "logical_cpu_guard_exceeded": false,
      "measurement_incomplete": false,
      "official_decimal_memory_exceeded": false,
      "phase_marker_invalid": false,
      "rss_guard_exceeded": false,
      "temporary_disk_guard_exceeded": false,
      "wall_time_guard_exceeded": false
    },
    "label": "20260916T031554Z_01d2cf2ede",
    "latest_sample": {
      "allowed_cpu_union": [],
      "cgroup_current_bytes": 29212672,
      "elapsed_s": 287.2602,
      "max_single_rss_kib": 0,
      "persistent_status_misses": [],
      "processes": [],
      "scratch_allocated_bytes": 27332608,
      "scratch_file_count": 333,
      "scratch_logical_bytes": 26293575,
      "scratch_race_count": 0,
      "tree_live_threads": 0,
      "tree_rss_kib": 0,
      "tree_runnable_threads": 0
    },
    "limit_kib": 9765624,
    "limit_mode": "tree",
    "max_logical_cpus": 1,
    "measurements": {
      "affinity_complete": true,
      "cgroup_v2_complete": true,
      "per_process_vmhwm_sampled": true,
      "phase_markers_complete": true,
      "process_tree_rss_complete": true,
      "scratch_logical_and_allocated_complete": true,
      "smaps_rollup_complete": true
    },
    "objective": {
      "corpusBytes": 1000000000,
      "corpusSha256": "159b85351e5f76e60cbe32e04c677847a9ecba3adc79addab6f4c6c7aa3744bc",
      "objectiveDigest": "sha256:e91ff20e92c3cac8acb0cbe5c79fc8e8a3b427d7e151245c8eecc52b1c32fa00",
      "objectiveId": "gamma-enwiki9-hutter-90m-v3",
      "objectivePath": "contracts/research/v3/objective-contract.json",
      "targetScoreBytes": 90000000
    },
    "official_decimal_limit_kib": 9765624,
    "peak_process_vmhwm": {
      "comm": "cmix",
      "observed_elapsed_s": 247.9766,
      "pid": 1399559,
      "start_ticks": 262628393,
      "vmhwm_kib": 5399124
    },
    "peak_sample": {
      "allowed_cpu_union": [
        2
      ],
      "cgroup_current_bytes": 5602271232,
      "elapsed_s": 247.9766,
      "max_single_rss_kib": 5399124,
      "persistent_status_misses": [],
      "processes": [
        {
          "allowed_cpus": [
            2
          ],
          "comm": "python3",
          "live_threads": 1,
          "pid": 1360243,
          "rss_kib": 48264,
          "runnable_threads": 0,
          "start_ticks": 262607396,
          "vmhwm_kib": 48264
        },
        {
          "allowed_cpus": [
            2
          ],
          "comm": "timeout",
          "live_threads": 1,
          "pid": 1399557,
          "rss_kib": 7796,
          "runnable_threads": 0,
          "start_ticks": 262628393,
          "vmhwm_kib": 7796
        },
        {
          "allowed_cpus": [
            2
          ],
          "comm": "cmix",
          "live_threads": 1,
          "pid": 1399559,
          "rss_kib": 5399124,
          "runnable_threads": 1,
          "start_ticks": 262628393,
          "vmhwm_kib": 5399124
        }
      ],
      "scratch_allocated_bytes": 30449664,
      "scratch_file_count": 323,
      "scratch_logical_bytes": 14705419977,
      "scratch_race_count": 0,
      "tree_live_threads": 3,
      "tree_rss_kib": 5455184,
      "tree_runnable_threads": 1
    },
    "peak_tree_sample": {
      "allowed_cpu_union": [
        2
      ],
      "cgroup_current_bytes": 5602271232,
      "elapsed_s": 247.9766,
      "max_single_rss_kib": 5399124,
      "persistent_status_misses": [],
      "processes": [
        {
          "allowed_cpus": [
            2
          ],
          "comm": "python3",
          "live_threads": 1,
          "pid": 1360243,
          "rss_kib": 48264,
          "runnable_threads": 0,
          "start_ticks": 262607396,
          "vmhwm_kib": 48264
        },
        {
          "allowed_cpus": [
            2
          ],
          "comm": "timeout",
          "live_threads": 1,
          "pid": 1399557,
          "rss_kib": 7796,
          "runnable_threads": 0,
          "start_ticks": 262628393,
          "vmhwm_kib": 7796
        },
        {
          "allowed_cpus": [
            2
          ],
          "comm": "cmix",
          "live_threads": 1,
          "pid": 1399559,
          "rss_kib": 5399124,
          "runnable_threads": 1,
          "start_ticks": 262628393,
          "vmhwm_kib": 5399124
        }
      ],
      "scratch_allocated_bytes": 30449664,
      "scratch_file_count": 323,
      "scratch_logical_bytes": 14705419977,
      "scratch_race_count": 0,
      "tree_live_threads": 3,
      "tree_rss_kib": 5455184,
      "tree_runnable_threads": 1
    },
    "peaks": {
      "cgroup_memory_peak_bytes": 5602533376,
      "max_observed_process_vmhwm_kib": 5399124,
      "max_sampled_allowed_cpu_count": 1,
      "max_sampled_cgroup_current_bytes": 5602271232,
      "max_sampled_scratch_allocated_bytes": 31436800,
      "max_sampled_scratch_logical_bytes": 14706419788,
      "max_sampled_single_rss_kib": 5399124,
      "max_sampled_tree_live_threads": 5,
      "max_sampled_tree_rss_kib": 5455184,
      "max_sampled_tree_runnable_threads": 1
    },
    "phase": "diagnostic",
    "phase_marker_path": "/home/x/deco/gamma/projects/enwiki9/run_logs/adaptive/20260916T031554Z_01d2cf2ede.resources/phases.jsonl",
    "phase_markers": [
      {
        "detail": "operational envelope only; no codec phase credit",
        "event": "worker_start",
        "observed_elapsed_s": 0.0227,
        "phase": "diagnostic",
        "source_line": 1
      },
      {
        "detail": null,
        "event": "start",
        "observed_elapsed_s": 0.5236,
        "phase": "P-compile",
        "source_line": 2
      },
      {
        "detail": null,
        "event": "end",
        "observed_elapsed_s": 14.0966,
        "phase": "P-compile",
        "source_line": 3
      },
      {
        "detail": null,
        "event": "start",
        "observed_elapsed_s": 14.0966,
        "phase": "P-clean-repeat",
        "source_line": 4
      },
      {
        "detail": null,
        "event": "end",
        "observed_elapsed_s": 14.0966,
        "phase": "P-clean-repeat",
        "source_line": 5
      },
      {
        "detail": null,
        "event": "start",
        "observed_elapsed_s": 14.0966,
        "phase": "P-compile-repeat",
        "source_line": 6
      },
      {
        "detail": null,
        "event": "end",
        "observed_elapsed_s": 27.1586,
        "phase": "P-compile-repeat",
        "source_line": 7
      },
      {
        "detail": null,
        "event": "start",
        "observed_elapsed_s": 27.1586,
        "phase": "P-preprocess",
        "source_line": 8
      },
      {
        "detail": null,
        "event": "end",
        "observed_elapsed_s": 27.1586,
        "phase": "P-preprocess",
        "source_line": 9
      },
      {
        "detail": null,
        "event": "start",
        "observed_elapsed_s": 27.1586,
        "phase": "P-encode",
        "source_line": 10
      },
      {
        "detail": null,
        "event": "end",
        "observed_elapsed_s": 67.8036,
        "phase": "P-encode",
        "source_line": 11
      },
      {
        "detail": null,
        "event": "start",
        "observed_elapsed_s": 67.8036,
        "phase": "P-decode",
        "source_line": 12
      },
      {
        "detail": null,
        "event": "end",
        "observed_elapsed_s": 106.5096,
        "phase": "P-decode",
        "source_line": 13
      },
      {
        "detail": null,
        "event": "start",
        "observed_elapsed_s": 106.5096,
        "phase": "P-repeat",
        "source_line": 14
      },
      {
        "detail": null,
        "event": "end",
        "observed_elapsed_s": 144.7376,
        "phase": "P-repeat",
        "source_line": 15
      },
      {
        "detail": null,
        "event": "start",
        "observed_elapsed_s": 145.2434,
        "phase": "D-compile",
        "source_line": 16
      },
      {
        "detail": null,
        "event": "end",
        "observed_elapsed_s": 158.3415,
        "phase": "D-compile",
        "source_line": 17
      },
      {
        "detail": null,
        "event": "start",
        "observed_elapsed_s": 158.3415,
        "phase": "D-clean-repeat",
        "source_line": 18
      },
      {
        "detail": null,
        "event": "end",
        "observed_elapsed_s": 158.3415,
        "phase": "D-clean-repeat",
        "source_line": 19
      },
      {
        "detail": null,
        "event": "start",
        "observed_elapsed_s": 158.3415,
        "phase": "D-compile-repeat",
        "source_line": 20
      },
      {
        "detail": null,
        "event": "end",
        "observed_elapsed_s": 171.4364,
        "phase": "D-compile-repeat",
        "source_line": 21
      },
      {
        "detail": null,
        "event": "start",
        "observed_elapsed_s": 171.4364,
        "phase": "D-preprocess",
        "source_line": 22
      },
      {
        "detail": null,
        "event": "end",
        "observed_elapsed_s": 171.4364,
        "phase": "D-preprocess",
        "source_line": 23
      },
      {
        "detail": null,
        "event": "start",
        "observed_elapsed_s": 171.4364,
        "phase": "D-encode",
        "source_line": 24
      },
      {
        "detail": null,
        "event": "end",
        "observed_elapsed_s": 210.2126,
        "phase": "D-encode",
        "source_line": 25
      },
      {
        "detail": null,
        "event": "start",
        "observed_elapsed_s": 210.2126,
        "phase": "D-decode",
        "source_line": 26
      },
      {
        "detail": null,
        "event": "end",
        "observed_elapsed_s": 248.4799,
        "phase": "D-decode",
        "source_line": 27
      },
      {
        "detail": null,
        "event": "start",
        "observed_elapsed_s": 248.4799,
        "phase": "D-repeat",
        "source_line": 28
      },
      {
        "detail": null,
        "event": "end",
        "observed_elapsed_s": 287.2602,
        "phase": "D-repeat",
        "source_line": 29
      }
    ],
    "returncode": 0,
    "sample_count": 570,
    "sample_interval_seconds": 0.5,
    "schema": "gamma.enwiki9.resource-guard-receipt.v3",
    "scratch_paths": [
      "/home/x/deco/gamma/projects/enwiki9/results/fx2_expert_transfer250k_v1",
      "/home/x/deco/gamma/projects/enwiki9/run_logs/adaptive/20260916T031554Z_01d2cf2ede.log",
      "/home/x/deco/gamma/projects/enwiki9/run_logs/adaptive/20260916T031554Z_01d2cf2ede.resources",
      "/tmp/gamma-enwiki9-20260916T031554Z_01d2cf2ede-a8g1g8k8/fx2_expert_transfer250k_v1"
    ],
    "smaps_rollup_checkpoints": [
      {
        "elapsed_s": 0.0227,
        "processes": [
          {
            "pid": 1360243,
            "rollup_kib": {
              "AnonHugePages": 0,
              "Anonymous": 2020,
              "FilePmdMapped": 0,
              "KSM": 0,
              "LazyFree": 0,
              "Locked": 0,
              "Private_Clean": 60,
              "Private_Dirty": 2020,
              "Private_Hugetlb": 0,
              "Pss": 2887,
              "Pss_Anon": 2020,
              "Pss_Dirty": 2020,
              "Pss_File": 867,
              "Pss_Shmem": 0,
              "Referenced": 7852,
              "Rss": 7852,
              "Shared_Clean": 5772,
              "Shared_Dirty": 0,
              "Shared_Hugetlb": 0,
              "ShmemPmdMapped": 0,
              "Swap": 0,
              "SwapPss": 0
            },
            "start_ticks": 262607396
          }
        ],
        "reason": "initial+phase_marker+rss_growth",
        "tree_rss_kib": 7852
      },
      {
        "elapsed_s": 0.5236,
        "processes": [
          {
            "pid": 1360243,
            "rollup_kib": {
              "AnonHugePages": 0,
              "Anonymous": 35736,
              "FilePmdMapped": 0,
              "KSM": 0,
              "LazyFree": 0,
              "Locked": 0,
              "Private_Clean": 128,
              "Private_Dirty": 35736,
              "Private_Hugetlb": 0,
              "Pss": 37629,
              "Pss_Anon": 35736,
              "Pss_Dirty": 35736,
              "Pss_File": 1893,
              "Pss_Shmem": 0,
              "Referenced": 48124,
              "Rss": 48124,
              "Shared_Clean": 12260,
              "Shared_Dirty": 0,
              "Shared_Hugetlb": 0,
              "ShmemPmdMapped": 0,
              "Swap": 0,
              "SwapPss": 0
            },
            "start_ticks": 262607396
          },
          {
            "pid": 1360295,
            "rollup_kib": {
              "AnonHugePages": 0,
              "Anonymous": 1252,
              "FilePmdMapped": 0,
              "KSM": 0,
              "LazyFree": 0,
              "Locked": 0,
              "Private_Clean": 64,
              "Private_Dirty": 1252,
              "Private_Hugetlb": 0,
              "Pss": 3233,
              "Pss_Anon": 1252,
              "Pss_Dirty": 1252,
              "Pss_File": 1981,
              "Pss_Shmem": 0,
              "Referenced": 7588,
              "Rss": 7588,
              "Shared_Clean": 6272,
              "Shared_Dirty": 0,
              "Shared_Hugetlb": 0,
              "ShmemPmdMapped": 0,
              "Swap": 0,
              "SwapPss": 0
            },
            "start_ticks": 262607425
          },
          {
            "pid": 1360297,
            "rollup_kib": {
              "AnonHugePages": 0,
              "Anonymous": 384,
              "FilePmdMapped": 0,
              "KSM": 0,
              "LazyFree": 0,
              "Locked": 0,
              "Private_Clean": 276,
              "Private_Dirty": 384,
              "Private_Hugetlb": 0,
              "Pss": 762,
              "Pss_Anon": 384,
              "Pss_Dirty": 384,
              "Pss_File": 378,
              "Pss_Shmem": 0,
              "Referenced": 2620,
              "Rss": 2620,
              "Shared_Clean": 1960,
              "Shared_Dirty": 0,
              "Shared_Hugetlb": 0,
              "ShmemPmdMapped": 0,
              "Swap": 0,
              "SwapPss": 0
            },
            "start_ticks": 262607425
          },
          {
            "pid": 1360299,
            "rollup_kib": {
              "AnonHugePages": 0,
              "Anonymous": 280,
              "FilePmdMapped": 0,
              "KSM": 0,
              "LazyFree": 0,
              "Locked": 0,
              "Private_Clean": 1004,
              "Private_Dirty": 280,
              "Private_Hugetlb": 0,
              "Pss": 1378,
              "Pss_Anon": 280,
              "Pss_Dirty": 280,
              "Pss_File": 1098,
              "Pss_Shmem": 0,
              "Referenced": 3128,
              "Rss": 3128,
              "Shared_Clean": 1844,
              "Shared_Dirty": 0,
              "Shared_Hugetlb": 0,
              "ShmemPmdMapped": 0,
              "Swap": 0,
              "SwapPss": 0
            },
            "start_ticks": 262607426
          },
          {
            "pid": 1360300,
            "rollup_kib": {
              "AnonHugePages": 0,
              "Anonymous": 116948,
              "FilePmdMapped": 0,
              "KSM": 0,
              "LazyFree": 0,
              "Locked": 0,
              "Private_Clean": 15300,
              "Private_Dirty": 116948,
              "Private_Hugetlb": 0,
              "Pss": 132510,
              "Pss_Anon": 116948,
              "Pss_Dirty": 116948,
              "Pss_File": 15562,
              "Pss_Shmem": 0,
              "Referenced": 135212,
              "Rss": 135212,
              "Shared_Clean": 2964,
              "Shared_Dirty": 0,
              "Shared_Hugetlb": 0,
              "ShmemPmdMapped": 0,
              "Swap": 0,
              "SwapPss": 0
            },
            "start_ticks": 262607426
          }
        ],
        "reason": "phase_marker",
        "tree_rss_kib": 196672
      },
      {
        "elapsed_s": 14.0966,
        "processes": [
          {
            "pid": 1360243,
            "rollup_kib": {
              "AnonHugePages": 0,
              "Anonymous": 35736,
              "FilePmdMapped": 0,
              "KSM": 0,
              "LazyFree": 0,
              "Locked": 0,
              "Private_Clean": 108,
              "Private_Dirty": 35736,
              "Private_Hugetlb": 0,
              "Pss": 37415,
              "Pss_Anon": 35736,
              "Pss_Dirty": 35736,
              "Pss_File": 1679,
              "Pss_Shmem": 0,
              "Referenced": 48252,
              "Rss": 48252,
              "Shared_Clean": 12408,
              "Shared_Dirty": 0,
              "Shared_Hugetlb": 0,
              "ShmemPmdMapped": 0,
              "Swap": 0,
              "SwapPss": 0
            },
            "start_ticks": 262607396
          },
          {
            "pid": 1362820,
            "rollup_kib": {
              "AnonHugePages": 0,
              "Anonymous": 1248,
              "FilePmdMapped": 0,
              "KSM": 0,
              "LazyFree": 0,
              "Locked": 0,
              "Private_Clean": 396,
              "Private_Dirty": 1248,
              "Private_Hugetlb": 0,
              "Pss": 3535,
              "Pss_Anon": 1248,
              "Pss_Dirty": 1248,
              "Pss_File": 2287,
              "Pss_Shmem": 0,
              "Referenced": 7880,
              "Rss": 7880,
              "Shared_Clean": 6236,
              "Shared_Dirty": 0,
              "Shared_Hugetlb": 0,
              "ShmemPmdMapped": 0,
              "Swap": 0,
              "SwapPss": 0
            },
            "start_ticks": 262608768
          },
          {
            "pid": 1362822,
            "rollup_kib": {
              "AnonHugePages": 0,
              "Anonymous": 384,
              "FilePmdMapped": 0,
              "KSM": 0,
              "LazyFree": 0,
              "Locked": 0,
              "Private_Clean": 276,
              "Private_Dirty": 384,
              "Private_Hugetlb": 0,
              "Pss": 758,
              "Pss_Anon": 384,
              "Pss_Dirty": 384,
              "Pss_File": 374,
              "Pss_Shmem": 0,
              "Referenced": 2624,
              "Rss": 2624,
              "Shared_Clean": 1964,
              "Shared_Dirty": 0,
              "Shared_Hugetlb": 0,
              "ShmemPmdMapped": 0,
              "Swap": 0,
              "SwapPss": 0
            },
            "start_ticks": 262608768
          },
          {
            "pid": 1362824,
            "rollup_kib": {
              "AnonHugePages": 0,
              "Anonymous": 288,
              "FilePmdMapped": 0,
              "KSM": 0,
              "LazyFree": 0,
              "Locked": 0,
              "Private_Clean": 1004,
              "Private_Dirty": 288,
              "Private_Hugetlb": 0,
              "Pss": 1382,
              "Pss_Anon": 288,
              "Pss_Dirty": 288,
              "Pss_File": 1094,
              "Pss_Shmem": 0,
              "Referenced": 3136,
              "Rss": 3136,
              "Shared_Clean": 1844,
              "Shared_Dirty": 0,
              "Shared_Hugetlb": 0,
              "ShmemPmdMapped": 0,
              "Swap": 0,
              "SwapPss": 0
            },
            "start_ticks": 262608769
          },
          {
            "pid": 1362883,
            "rollup_kib": {
              "AnonHugePages": 0,
              "Anonymous": 38276,
              "FilePmdMapped": 0,
              "KSM": 0,
              "LazyFree": 0,
              "Locked": 0,
              "Private_Clean": 6932,
              "Private_Dirty": 38276,
              "Private_Hugetlb": 0,
              "Pss": 45465,
              "Pss_Anon": 38276,
              "Pss_Dirty": 38276,
              "Pss_File": 7189,
              "Pss_Shmem": 0,
              "Referenced": 48180,
              "Rss": 48180,
              "Shared_Clean": 2972,
              "Shared_Dirty": 0,
              "Shared_Hugetlb": 0,
              "ShmemPmdMapped": 0,
              "Swap": 0,
              "SwapPss": 0
            },
            "start_ticks": 262608801
          }
        ],
        "reason": "phase_marker",
        "tree_rss_kib": 110072
      },
      {
        "elapsed_s": 27.1586,
        "processes": [
          {
            "pid": 1360243,
            "rollup_kib": {
              "AnonHugePages": 0,
              "Anonymous": 35736,
              "FilePmdMapped": 0,
              "KSM": 0,
              "LazyFree": 0,
              "Locked": 0,
              "Private_Clean": 60,
              "Private_Dirty": 35736,
              "Private_Hugetlb": 0,
              "Pss": 37366,
              "Pss_Anon": 35736,
              "Pss_Dirty": 35736,
              "Pss_File": 1630,
              "Pss_Shmem": 0,
              "Referenced": 48252,
              "Rss": 48252,
              "Shared_Clean": 12456,
              "Shared_Dirty": 0,
              "Shared_Hugetlb": 0,
              "ShmemPmdMapped": 0,
              "Swap": 0,
              "SwapPss": 0
            },
            "start_ticks": 262607396
          },
          {
            "pid": 1365398,
            "rollup_kib": {
              "AnonHugePages": 0,
              "Anonymous": 1244,
              "FilePmdMapped": 0,
              "KSM": 0,
              "LazyFree": 0,
              "Locked": 0,
              "Private_Clean": 252,
              "Private_Dirty": 1244,
              "Private_Hugetlb": 0,
              "Pss": 3431,
              "Pss_Anon": 1244,
              "Pss_Dirty": 1244,
              "Pss_File": 2187,
              "Pss_Shmem": 0,
              "Referenced": 7808,
              "Rss": 7808,
              "Shared_Clean": 6312,
              "Shared_Dirty": 0,
              "Shared_Hugetlb": 0,
              "ShmemPmdMapped": 0,
              "Swap": 0,
              "SwapPss": 0
            },
            "start_ticks": 262610103
          },
          {
            "pid": 1365401,
            "rollup_kib": {
              "AnonHugePages": 0,
              "Anonymous": 450748,
              "FilePmdMapped": 0,
              "KSM": 0,
              "LazyFree": 0,
              "Locked": 0,
              "Private_Clean": 44,
              "Private_Dirty": 451040,
              "Private_Hugetlb": 0,
              "Pss": 451506,
              "Pss_Anon": 450748,
              "Pss_Dirty": 451040,
              "Pss_File": 758,
              "Pss_Shmem": 0,
              "Referenced": 455096,
              "Rss": 455096,
              "Shared_Clean": 4012,
              "Shared_Dirty": 0,
              "Shared_Hugetlb": 0,
              "ShmemPmdMapped": 0,
              "Swap": 0,
              "SwapPss": 0
            },
            "start_ticks": 262610103
          }
        ],
        "reason": "phase_marker+rss_growth",
        "tree_rss_kib": 511156
      },
      {
        "elapsed_s": 27.6771,
        "processes": [
          {
            "pid": 1360243,
            "rollup_kib": {
              "AnonHugePages": 0,
              "Anonymous": 35736,
              "FilePmdMapped": 0,
              "KSM": 0,
              "LazyFree": 0,
              "Locked": 0,
              "Private_Clean": 56,
              "Private_Dirty": 35736,
              "Private_Hugetlb": 0,
              "Pss": 37362,
              "Pss_Anon": 35736,
              "Pss_Dirty": 35736,
              "Pss_File": 1626,
              "Pss_Shmem": 0,
              "Referenced": 48252,
              "Rss": 48252,
              "Shared_Clean": 12460,
              "Shared_Dirty": 0,
              "Shared_Hugetlb": 0,
              "ShmemPmdMapped": 0,
              "Swap": 0,
              "SwapPss": 0
            },
            "start_ticks": 262607396
          },
          {
            "pid": 1365398,
            "rollup_kib": {
              "AnonHugePages": 0,
              "Anonymous": 1244,
              "FilePmdMapped": 0,
              "KSM": 0,
              "LazyFree": 0,
              "Locked": 0,
              "Private_Clean": 624,
              "Private_Dirty": 1244,
              "Private_Hugetlb": 0,
              "Pss": 3616,
              "Pss_Anon": 1244,
              "Pss_Dirty": 1244,
              "Pss_File": 2372,
              "Pss_Shmem": 0,
              "Referenced": 7808,
              "Rss": 7808,
              "Shared_Clean": 5940,
              "Shared_Dirty": 0,
              "Shared_Hugetlb": 0,
              "ShmemPmdMapped": 0,
              "Swap": 0,
              "SwapPss": 0
            },
            "start_ticks": 262610103
          },
          {
            "pid": 1365401,
            "rollup_kib": {
              "AnonHugePages": 18432,
              "Anonymous": 1946260,
              "FilePmdMapped": 0,
              "KSM": 0,
              "LazyFree": 0,
              "Locked": 0,
              "Private_Clean": 148,
              "Private_Dirty": 1946688,
              "Private_Hugetlb": 0,
              "Pss": 1947273,
              "Pss_Anon": 1946260,
              "Pss_Dirty": 1946688,
              "Pss_File": 1013,
              "Pss_Shmem": 0,
              "Referenced": 1951000,
              "Rss": 1951000,
              "Shared_Clean": 4164,
              "Shared_Dirty": 0,
              "Shared_Hugetlb": 0,
              "ShmemPmdMapped": 0,
              "Swap": 0,
              "SwapPss": 0
            },
            "start_ticks": 262610103
          }
        ],
        "reason": "rss_growth",
        "tree_rss_kib": 1997168
      },
      {
        "elapsed_s": 28.2334,
        "processes": [
          {
            "pid": 1360243,
            "rollup_kib": {
              "AnonHugePages": 0,
              "Anonymous": 35736,
              "FilePmdMapped": 0,
              "KSM": 0,
              "LazyFree": 0,
              "Locked": 0,
              "Private_Clean": 56,
              "Private_Dirty": 35736,
              "Private_Hugetlb": 0,
              "Pss": 37362,
              "Pss_Anon": 35736,
              "Pss_Dirty": 35736,
              "Pss_File": 1626,
              "Pss_Shmem": 0,
              "Referenced": 48252,
              "Rss": 48252,
              "Shared_Clean": 12460,
              "Shared_Dirty": 0,
              "Shared_Hugetlb": 0,
              "ShmemPmdMapped": 0,
              "Swap": 0,
              "SwapPss": 0
            },
            "start_ticks": 262607396
          },
          {
            "pid": 1365398,
            "rollup_kib": {
              "AnonHugePages": 0,
              "Anonymous": 1244,
              "FilePmdMapped": 0,
              "KSM": 0,
              "LazyFree": 0,
              "Locked": 0,
              "Private_Clean": 120,
              "Private_Dirty": 1244,
              "Private_Hugetlb": 0,
              "Pss": 3364,
              "Pss_Anon": 1244,
              "Pss_Dirty": 1244,
              "Pss_File": 2120,
              "Pss_Shmem": 0,
              "Referenced": 7808,
              "Rss": 7808,
              "Shared_Clean": 6444,
              "Shared_Dirty": 0,
              "Shared_Hugetlb": 0,
              "ShmemPmdMapped": 0,
              "Swap": 0,
              "SwapPss": 0
            },
            "start_ticks": 262610103
          },
          {
            "pid": 1365401,
            "rollup_kib": {
              "AnonHugePages": 18432,
              "Anonymous": 2804476,
              "FilePmdMapped": 0,
              "KSM": 0,
              "LazyFree": 0,
              "Locked": 0,
              "Private_Clean": 148,
              "Private_Dirty": 2804904,
              "Private_Hugetlb": 0,
              "Pss": 2805489,
              "Pss_Anon": 2804476,
              "Pss_Dirty": 2804904,
              "Pss_File": 1013,
              "Pss_Shmem": 0,
              "Referenced": 2809216,
              "Rss": 2809216,
              "Shared_Clean": 4164,
              "Shared_Dirty": 0,
              "Shared_Hugetlb": 0,
              "ShmemPmdMapped": 0,
              "Swap": 0,
              "SwapPss": 0
            },
            "start_ticks": 262610103
          }
        ],
        "reason": "rss_growth",
        "tree_rss_kib": 2847988
      },
      {
        "elapsed_s": 28.8236,
        "processes": [
          {
            "pid": 1360243,
            "rollup_kib": {
              "AnonHugePages": 0,
              "Anonymous": 35736,
              "FilePmdMapped": 0,
              "KSM": 0,
              "LazyFree": 0,
              "Locked": 0,
              "Private_Clean": 56,
              "Private_Dirty": 35736,
              "Private_Hugetlb": 0,
              "Pss": 37365,
              "Pss_Anon": 35736,
              "Pss_Dirty": 35736,
              "Pss_File": 1629,
              "Pss_Shmem": 0,
              "Referenced": 48252,
              "Rss": 48252,
              "Shared_Clean": 12460,
              "Shared_Dirty": 0,
              "Shared_Hugetlb": 0,
              "ShmemPmdMapped": 0,
              "Swap": 0,
              "SwapPss": 0
            },
            "start_ticks": 262607396
          },
          {
            "pid": 1365398,
            "rollup_kib": {
              "AnonHugePages": 0,
              "Anonymous": 1244,
              "FilePmdMapped": 0,
              "KSM": 0,
              "LazyFree": 0,
              "Locked": 0,
              "Private_Clean": 3760,
              "Private_Dirty": 1244,
              "Private_Hugetlb": 0,
              "Pss": 5190,
              "Pss_Anon": 1244,
              "Pss_Dirty": 1244,
              "Pss_File": 3946,
              "Pss_Shmem": 0,
              "Referenced": 7808,
              "Rss": 7808,
              "Shared_Clean": 2804,
              "Shared_Dirty": 0,
              "Shared_Hugetlb": 0,
              "ShmemPmdMapped": 0,
              "Swap": 0,
              "SwapPss": 0
            },
            "start_ticks": 262610103
          },
          {
            "pid": 1365401,
            "rollup_kib": {
              "AnonHugePages": 18432,
              "Anonymous": 3365356,
              "FilePmdMapped": 0,
              "KSM": 0,
              "LazyFree": 0,
              "Locked": 0,
              "Private_Clean": 148,
              "Private_Dirty": 3365784,
              "Private_Hugetlb": 0,
              "Pss": 3366368,
              "Pss_Anon": 3365356,
              "Pss_Dirty": 3365784,
              "Pss_File": 1012,
              "Pss_Shmem": 0,
              "Referenced": 3370096,
              "Rss": 3370096,
              "Shared_Clean": 4164,
              "Shared_Dirty": 0,
              "Shared_Hugetlb": 0,
              "ShmemPmdMapped": 0,
              "Swap": 0,
              "SwapPss": 0
            },
            "start_ticks": 262610103
          }
        ],
        "reason": "rss_growth",
        "tree_rss_kib": 3411956
      },
      {
        "elapsed_s": 29.4281,
        "processes": [
          {
            "pid": 1360243,
            "rollup_kib": {
              "AnonHugePages": 0,
              "Anonymous": 35736,
              "FilePmdMapped": 0,
              "KSM": 0,
              "LazyFree": 0,
              "Locked": 0,
              "Private_Clean": 56,
              "Private_Dirty": 35736,
              "Private_Hugetlb": 0,
              "Pss": 37362,
              "Pss_Anon": 35736,
              "Pss_Dirty": 35736,
              "Pss_File": 1626,
              "Pss_Shmem": 0,
              "Referenced": 48252,
              "Rss": 48252,
              "Shared_Clean": 12460,
              "Shared_Dirty": 0,
              "Shared_Hugetlb": 0,
              "ShmemPmdMapped": 0,
              "Swap": 0,
              "SwapPss": 0
            },
            "start_ticks": 262607396
          },
          {
            "pid": 1365398,
            "rollup_kib": {
              "AnonHugePages": 0,
              "Anonymous": 1244,
              "FilePmdMapped": 0,
              "KSM": 0,
              "LazyFree": 0,
              "Locked": 0,
              "Private_Clean": 316,
              "Private_Dirty": 1244,
              "Private_Hugetlb": 0,
              "Pss": 3462,
              "Pss_Anon": 1244,
              "Pss_Dirty": 1244,
              "Pss_File": 2218,
              "Pss_Shmem": 0,
              "Referenced": 7808,
              "Rss": 7808,
              "Shared_Clean": 6248,
              "Shared_Dirty": 0,
              "Shared_Hugetlb": 0,
              "ShmemPmdMapped": 0,
              "Swap": 0,
              "SwapPss": 0
            },
            "start_ticks": 262610103
          },
          {
            "pid": 1365401,
            "rollup_kib": {
              "AnonHugePages": 18432,
              "Anonymous": 3759664,
              "FilePmdMapped": 0,
              "KSM": 0,
              "LazyFree": 0,
              "Locked": 0,
              "Private_Clean": 148,
              "Private_Dirty": 3760092,
              "Private_Hugetlb": 0,
              "Pss": 3760684,
              "Pss_Anon": 3759664,
              "Pss_Dirty": 3760092,
              "Pss_File": 1020,
              "Pss_Shmem": 0,
              "Referenced": 3764404,
              "Rss": 3764404,
              "Shared_Clean": 4164,
              "Shared_Dirty": 0,
              "Shared_Hugetlb": 0,
              "ShmemPmdMapped": 0,
              "Swap": 0,
              "SwapPss": 0
            },
            "start_ticks": 262610103
          }
        ],
        "reason": "rss_growth",
        "tree_rss_kib": 3807980
      },
      {
        "elapsed_s": 30.045,
        "processes": [
          {
            "pid": 1360243,
            "rollup_kib": {
              "AnonHugePages": 0,
              "Anonymous": 35736,
              "FilePmdMapped": 0,
              "KSM": 0,
              "LazyFree": 0,
              "Locked": 0,
              "Private_Clean": 56,
              "Private_Dirty": 35736,
              "Private_Hugetlb": 0,
              "Pss": 37362,
              "Pss_Anon": 35736,
              "Pss_Dirty": 35736,
              "Pss_File": 1626,
              "Pss_Shmem": 0,
              "Referenced": 48252,
              "Rss": 48252,
              "Shared_Clean": 12460,
              "Shared_Dirty": 0,
              "Shared_Hugetlb": 0,
              "ShmemPmdMapped": 0,
              "Swap": 0,
              "SwapPss": 0
            },
            "start_ticks": 262607396
          },
          {
            "pid": 1365398,
            "rollup_kib": {
              "AnonHugePages": 0,
              "Anonymous": 1244,
              "FilePmdMapped": 0,
              "KSM": 0,
              "LazyFree": 0,
              "Locked": 0,
              "Private_Clean": 2972,
              "Private_Dirty": 1244,
              "Private_Hugetlb": 0,
              "Pss": 4790,
              "Pss_Anon": 1244,
              "Pss_Dirty": 1244,
              "Pss_File": 3546,
              "Pss_Shmem": 0,
              "Referenced": 7808,
              "Rss": 7808,
              "Shared_Clean": 3592,
              "Shared_Dirty": 0,
              "Shared_Hugetlb": 0,
              "ShmemPmdMapped": 0,
              "Swap": 0,
              "SwapPss": 0
            },
            "start_ticks": 262610103
          },
          {
            "pid": 1365401,
            "rollup_kib": {
              "AnonHugePages": 18432,
              "Anonymous": 4020160,
              "FilePmdMapped": 0,
              "KSM": 0,
              "LazyFree": 0,
              "Locked": 0,
              "Private_Clean": 148,
              "Private_Dirty": 4020588,
              "Private_Hugetlb": 0,
              "Pss": 4021173,
              "Pss_Anon": 4020160,
              "Pss_Dirty": 4020588,
              "Pss_File": 1013,
              "Pss_Shmem": 0,
              "Referenced": 4024900,
              "Rss": 4024900,
              "Shared_Clean": 4164,
              "Shared_Dirty": 0,
              "Shared_Hugetlb": 0,
              "ShmemPmdMapped": 0,
              "Swap": 0,
              "SwapPss": 0
            },
            "start_ticks": 262610103
          }
        ],
        "reason": "rss_growth",
        "tree_rss_kib": 4072712
      },
      {
        "elapsed_s": 31.171,
        "processes": [
          {
            "pid": 1360243,
            "rollup_kib": {
              "AnonHugePages": 0,
              "Anonymous": 35736,
              "FilePmdMapped": 0,
              "KSM": 0,
              "LazyFree": 0,
              "Locked": 0,
              "Private_Clean": 56,
              "Private_Dirty": 35736,
              "Private_Hugetlb": 0,
              "Pss": 37362,
              "Pss_Anon": 35736,
              "Pss_Dirty": 35736,
              "Pss_File": 1626,
              "Pss_Shmem": 0,
              "Referenced": 48252,
              "Rss": 48252,
              "Shared_Clean": 12460,
              "Shared_Dirty": 0,
              "Shared_Hugetlb": 0,
              "ShmemPmdMapped": 0,
              "Swap": 0,
              "SwapPss": 0
            },
            "start_ticks": 262607396
          },
          {
            "pid": 1365398,
            "rollup_kib": {
              "AnonHugePages": 0,
              "Anonymous": 1244,
              "FilePmdMapped": 0,
              "KSM": 0,
              "LazyFree": 0,
              "Locked": 0,
              "Private_Clean": 576,
              "Private_Dirty": 1244,
              "Private_Hugetlb": 0,
              "Pss": 3592,
              "Pss_Anon": 1244,
              "Pss_Dirty": 1244,
              "Pss_File": 2348,
              "Pss_Shmem": 0,
              "Referenced": 7808,
              "Rss": 7808,
              "Shared_Clean": 5988,
              "Shared_Dirty": 0,
              "Shared_Hugetlb": 0,
              "ShmemPmdMapped": 0,
              "Swap": 0,
              "SwapPss": 0
            },
            "start_ticks": 262610103
          },
          {
            "pid": 1365401,
            "rollup_kib": {
              "AnonHugePages": 18432,
              "Anonymous": 4334100,
              "FilePmdMapped": 0,
              "KSM": 0,
              "LazyFree": 0,
              "Locked": 0,
              "Private_Clean": 148,
              "Private_Dirty": 4334528,
              "Private_Hugetlb": 0,
              "Pss": 4335112,
              "Pss_Anon": 4334100,
              "Pss_Dirty": 4334528,
              "Pss_File": 1012,
              "Pss_Shmem": 0,
              "Referenced": 4338840,
              "Rss": 4338840,
              "Shared_Clean": 4164,
              "Shared_Dirty": 0,
              "Shared_Hugetlb": 0,
              "ShmemPmdMapped": 0,
              "Swap": 0,
              "SwapPss": 0
            },
            "start_ticks": 262610103
          }
        ],
        "reason": "rss_growth",
        "tree_rss_kib": 4390656
      },
      {
        "elapsed_s": 32.8006,
        "processes": [
          {
            "pid": 1360243,
            "rollup_kib": {
              "AnonHugePages": 0,
              "Anonymous": 35736,
              "FilePmdMapped": 0,
              "KSM": 0,
              "LazyFree": 0,
              "Locked": 0,
              "Private_Clean": 64,
              "Private_Dirty": 35736,
              "Private_Hugetlb": 0,
              "Pss": 37396,
              "Pss_Anon": 35736,
              "Pss_Dirty": 35736,
              "Pss_File": 1660,
              "Pss_Shmem": 0,
              "Referenced": 48252,
              "Rss": 48252,
              "Shared_Clean": 12452,
              "Shared_Dirty": 0,
              "Shared_Hugetlb": 0,
              "ShmemPmdMapped": 0,
              "Swap": 0,
              "SwapPss": 0
            },
            "start_ticks": 262607396
          },
          {
            "pid": 1365398,
            "rollup_kib": {
              "AnonHugePages": 0,
              "Anonymous": 1244,
              "FilePmdMapped": 0,
              "KSM": 0,
              "LazyFree": 0,
              "Locked": 0,
              "Private_Clean": 3764,
              "Private_Dirty": 1244,
              "Private_Hugetlb": 0,
              "Pss": 5201,
              "Pss_Anon": 1244,
              "Pss_Dirty": 1244,
              "Pss_File": 3957,
              "Pss_Shmem": 0,
              "Referenced": 7808,
              "Rss": 7808,
              "Shared_Clean": 2800,
              "Shared_Dirty": 0,
              "Shared_Hugetlb": 0,
              "ShmemPmdMapped": 0,
              "Swap": 0,
              "SwapPss": 0
            },
            "start_ticks": 262610103
          },
          {
            "pid": 1365401,
            "rollup_kib": {
              "AnonHugePages": 18432,
              "Anonymous": 4601132,
              "FilePmdMapped": 0,
              "KSM": 0,
              "LazyFree": 0,
              "Locked": 0,
              "Private_Clean": 148,
              "Private_Dirty": 4601560,
              "Private_Hugetlb": 0,
              "Pss": 4602156,
              "Pss_Anon": 4601132,
              "Pss_Dirty": 4601560,
              "Pss_File": 1024,
              "Pss_Shmem": 0,
              "Referenced": 4605872,
              "Rss": 4605872,
              "Shared_Clean": 4164,
              "Shared_Dirty": 0,
              "Shared_Hugetlb": 0,
              "ShmemPmdMapped": 0,
              "Swap": 0,
              "SwapPss": 0
            },
            "start_ticks": 262610103
          }
        ],
        "reason": "rss_growth",
        "tree_rss_kib": 4658656
      },
      {
        "elapsed_s": 36.9466,
        "processes": [
          {
            "pid": 1360243,
            "rollup_kib": {
              "AnonHugePages": 0,
              "Anonymous": 35736,
              "FilePmdMapped": 0,
              "KSM": 0,
              "LazyFree": 0,
              "Locked": 0,
              "Private_Clean": 40,
              "Private_Dirty": 35736,
              "Private_Hugetlb": 0,
              "Pss": 37052,
              "Pss_Anon": 35736,
              "Pss_Dirty": 35736,
              "Pss_File": 1316,
              "Pss_Shmem": 0,
              "Referenced": 48252,
              "Rss": 48252,
              "Shared_Clean": 12476,
              "Shared_Dirty": 0,
              "Shared_Hugetlb": 0,
              "ShmemPmdMapped": 0,
              "Swap": 0,
              "SwapPss": 0
            },
            "start_ticks": 262607396
          },
          {
            "pid": 1365398,
            "rollup_kib": {
              "AnonHugePages": 0,
              "Anonymous": 1244,
              "FilePmdMapped": 0,
              "KSM": 0,
              "LazyFree": 0,
              "Locked": 0,
              "Private_Clean": 252,
              "Private_Dirty": 1244,
              "Private_Hugetlb": 0,
              "Pss": 3417,
              "Pss_Anon": 1244,
              "Pss_Dirty": 1244,
              "Pss_File": 2173,
              "Pss_Shmem": 0,
              "Referenced": 7808,
              "Rss": 7808,
              "Shared_Clean": 6312,
              "Shared_Dirty": 0,
              "Shared_Hugetlb": 0,
              "ShmemPmdMapped": 0,
              "Swap": 0,
              "SwapPss": 0
            },
            "start_ticks": 262610103
          },
          {
            "pid": 1365401,
            "rollup_kib": {
              "AnonHugePages": 18432,
              "Anonymous": 4907296,
              "FilePmdMapped": 0,
              "KSM": 0,
              "LazyFree": 0,
              "Locked": 0,
              "Private_Clean": 148,
              "Private_Dirty": 4907736,
              "Private_Hugetlb": 0,
              "Pss": 4908311,
              "Pss_Anon": 4907296,
              "Pss_Dirty": 4907736,
              "Pss_File": 1015,
              "Pss_Shmem": 0,
              "Referenced": 4912048,
              "Rss": 4912048,
              "Shared_Clean": 4164,
              "Shared_Dirty": 0,
              "Shared_Hugetlb": 0,
              "ShmemPmdMapped": 0,
              "Swap": 0,
              "SwapPss": 0
            },
            "start_ticks": 262610103
          }
        ],
        "reason": "rss_growth",
        "tree_rss_kib": 4968060
      },
      {
        "elapsed_s": 42.0416,
        "processes": [
          {
            "pid": 1360243,
            "rollup_kib": {
              "AnonHugePages": 0,
              "Anonymous": 35736,
              "FilePmdMapped": 0,
              "KSM": 0,
              "LazyFree": 0,
              "Locked": 0,
              "Private_Clean": 40,
              "Private_Dirty": 35736,
              "Private_Hugetlb": 0,
              "Pss": 37051,
              "Pss_Anon": 35736,
              "Pss_Dirty": 35736,
              "Pss_File": 1315,
              "Pss_Shmem": 0,
              "Referenced": 48252,
              "Rss": 48252,
              "Shared_Clean": 12476,
              "Shared_Dirty": 0,
              "Shared_Hugetlb": 0,
              "ShmemPmdMapped": 0,
              "Swap": 0,
              "SwapPss": 0
            },
            "start_ticks": 262607396
          },
          {
            "pid": 1365398,
            "rollup_kib": {
              "AnonHugePages": 0,
              "Anonymous": 1244,
              "FilePmdMapped": 0,
              "KSM": 0,
              "LazyFree": 0,
              "Locked": 0,
              "Private_Clean": 572,
              "Private_Dirty": 1244,
              "Private_Hugetlb": 0,
              "Pss": 3577,
              "Pss_Anon": 1244,
              "Pss_Dirty": 1244,
              "Pss_File": 2333,
              "Pss_Shmem": 0,
              "Referenced": 7808,
              "Rss": 7808,
              "Shared_Clean": 5992,
              "Shared_Dirty": 0,
              "Shared_Hugetlb": 0,
              "ShmemPmdMapped": 0,
              "Swap": 0,
              "SwapPss": 0
            },
            "start_ticks": 262610103
          },
          {
            "pid": 1365401,
            "rollup_kib": {
              "AnonHugePages": 18432,
              "Anonymous": 5171088,
              "FilePmdMapped": 0,
              "KSM": 0,
              "LazyFree": 0,
              "Locked": 0,
              "Private_Clean": 188,
              "Private_Dirty": 5172364,
              "Private_Hugetlb": 0,
              "Pss": 5172972,
              "Pss_Anon": 5171088,
              "Pss_Dirty": 5172364,
              "Pss_File": 1884,
              "Pss_Shmem": 0,
              "Referenced": 5176716,
              "Rss": 5176716,
              "Shared_Clean": 4164,
              "Shared_Dirty": 0,
              "Shared_Hugetlb": 0,
              "ShmemPmdMapped": 0,
              "Swap": 0,
              "SwapPss": 0
            },
            "start_ticks": 262610103
          }
        ],
        "reason": "rss_growth",
        "tree_rss_kib": 5232656
      },
      {
        "elapsed_s": 67.8036,
        "processes": [
          {
            "pid": 1360243,
            "rollup_kib": {
              "AnonHugePages": 0,
              "Anonymous": 35740,
              "FilePmdMapped": 0,
              "KSM": 0,
              "LazyFree": 0,
              "Locked": 0,
              "Private_Clean": 52,
              "Private_Dirty": 35740,
              "Private_Hugetlb": 0,
              "Pss": 37669,
              "Pss_Anon": 35740,
              "Pss_Dirty": 35740,
              "Pss_File": 1929,
              "Pss_Shmem": 0,
              "Referenced": 48256,
              "Rss": 48256,
              "Shared_Clean": 12464,
              "Shared_Dirty": 0,
              "Shared_Hugetlb": 0,
              "ShmemPmdMapped": 0,
              "Swap": 0,
              "SwapPss": 0
            },
            "start_ticks": 262607396
          },
          {
            "pid": 1372803,
            "rollup_kib": {
              "AnonHugePages": 0,
              "Anonymous": 1248,
              "FilePmdMapped": 0,
              "KSM": 0,
              "LazyFree": 0,
              "Locked": 0,
              "Private_Clean": 532,
              "Private_Dirty": 1248,
              "Private_Hugetlb": 0,
              "Pss": 3629,
              "Pss_Anon": 1248,
              "Pss_Dirty": 1248,
              "Pss_File": 2381,
              "Pss_Shmem": 0,
              "Referenced": 7880,
              "Rss": 7880,
              "Shared_Clean": 6100,
              "Shared_Dirty": 0,
              "Shared_Hugetlb": 0,
              "ShmemPmdMapped": 0,
              "Swap": 0,
              "SwapPss": 0
            },
            "start_ticks": 262614139
          },
          {
            "pid": 1372804,
            "rollup_kib": {
              "AnonHugePages": 0,
              "Anonymous": 1192352,
              "FilePmdMapped": 0,
              "KSM": 0,
              "LazyFree": 0,
              "Locked": 0,
              "Private_Clean": 332,
              "Private_Dirty": 1192352,
              "Private_Hugetlb": 0,
              "Pss": 1193132,
              "Pss_Anon": 1192352,
              "Pss_Dirty": 1192352,
              "Pss_File": 780,
              "Pss_Shmem": 0,
              "Referenced": 1196600,
              "Rss": 1196600,
              "Shared_Clean": 3916,
              "Shared_Dirty": 0,
              "Shared_Hugetlb": 0,
              "ShmemPmdMapped": 0,
              "Swap": 0,
              "SwapPss": 0
            },
            "start_ticks": 262614139
          }
        ],
        "reason": "phase_marker",
        "tree_rss_kib": 1252736
      },
      {
        "elapsed_s": 106.5096,
        "processes": [
          {
            "pid": 1360243,
            "rollup_kib": {
              "AnonHugePages": 0,
              "Anonymous": 35740,
              "FilePmdMapped": 0,
              "KSM": 0,
              "LazyFree": 0,
              "Locked": 0,
              "Private_Clean": 96,
              "Private_Dirty": 35740,
              "Private_Hugetlb": 0,
              "Pss": 38550,
              "Pss_Anon": 35740,
              "Pss_Dirty": 35740,
              "Pss_File": 2810,
              "Pss_Shmem": 0,
              "Referenced": 48256,
              "Rss": 48256,
              "Shared_Clean": 12420,
              "Shared_Dirty": 0,
              "Shared_Hugetlb": 0,
              "ShmemPmdMapped": 0,
              "Swap": 0,
              "SwapPss": 0
            },
            "start_ticks": 262607396
          },
          {
            "pid": 1380572,
            "rollup_kib": {
              "AnonHugePages": 0,
              "Anonymous": 1248,
              "FilePmdMapped": 0,
              "KSM": 0,
              "LazyFree": 0,
              "Locked": 0,
              "Private_Clean": 3620,
              "Private_Dirty": 1248,
              "Private_Hugetlb": 0,
              "Pss": 5101,
              "Pss_Anon": 1248,
              "Pss_Dirty": 1248,
              "Pss_File": 3853,
              "Pss_Shmem": 0,
              "Referenced": 7688,
              "Rss": 7688,
              "Shared_Clean": 2820,
              "Shared_Dirty": 0,
              "Shared_Hugetlb": 0,
              "ShmemPmdMapped": 0,
              "Swap": 0,
              "SwapPss": 0
            },
            "start_ticks": 262618025
          },
          {
            "pid": 1380573,
            "rollup_kib": {
              "AnonHugePages": 0,
              "Anonymous": 1154732,
              "FilePmdMapped": 0,
              "KSM": 0,
              "LazyFree": 0,
              "Locked": 0,
              "Private_Clean": 392,
              "Private_Dirty": 1154732,
              "Private_Hugetlb": 0,
              "Pss": 1155634,
              "Pss_Anon": 1154732,
              "Pss_Dirty": 1154732,
              "Pss_File": 902,
              "Pss_Shmem": 0,
              "Referenced": 1159240,
              "Rss": 1159240,
              "Shared_Clean": 4116,
              "Shared_Dirty": 0,
              "Shared_Hugetlb": 0,
              "ShmemPmdMapped": 0,
              "Swap": 0,
              "SwapPss": 0
            },
            "start_ticks": 262618025
          }
        ],
        "reason": "phase_marker",
        "tree_rss_kib": 1215184
      },
      {
        "elapsed_s": 144.7376,
        "processes": [
          {
            "pid": 1360243,
            "rollup_kib": {
              "AnonHugePages": 0,
              "Anonymous": 35740,
              "FilePmdMapped": 0,
              "KSM": 0,
              "LazyFree": 0,
              "Locked": 0,
              "Private_Clean": 140,
              "Private_Dirty": 35740,
              "Private_Hugetlb": 0,
              "Pss": 38628,
              "Pss_Anon": 35740,
              "Pss_Dirty": 35740,
              "Pss_File": 2888,
              "Pss_Shmem": 0,
              "Referenced": 48256,
              "Rss": 48256,
              "Shared_Clean": 12376,
              "Shared_Dirty": 0,
              "Shared_Hugetlb": 0,
              "ShmemPmdMapped": 0,
              "Swap": 0,
              "SwapPss": 0
            },
            "start_ticks": 262607396
          }
        ],
        "reason": "phase_marker",
        "tree_rss_kib": 48256
      },
      {
        "elapsed_s": 145.2434,
        "processes": [
          {
            "pid": 1360243,
            "rollup_kib": {
              "AnonHugePages": 0,
              "Anonymous": 35744,
              "FilePmdMapped": 0,
              "KSM": 0,
              "LazyFree": 0,
              "Locked": 0,
              "Private_Clean": 140,
              "Private_Dirty": 35744,
              "Private_Hugetlb": 0,
              "Pss": 38566,
              "Pss_Anon": 35744,
              "Pss_Dirty": 35744,
              "Pss_File": 2822,
              "Pss_Shmem": 0,
              "Referenced": 48260,
              "Rss": 48260,
              "Shared_Clean": 12376,
              "Shared_Dirty": 0,
              "Shared_Hugetlb": 0,
              "ShmemPmdMapped": 0,
              "Swap": 0,
              "SwapPss": 0
            },
            "start_ticks": 262607396
          },
          {
            "pid": 1387438,
            "rollup_kib": {
              "AnonHugePages": 0,
              "Anonymous": 1244,
              "FilePmdMapped": 0,
              "KSM": 0,
              "LazyFree": 0,
              "Locked": 0,
              "Private_Clean": 364,
              "Private_Dirty": 1244,
              "Private_Hugetlb": 0,
              "Pss": 3481,
              "Pss_Anon": 1244,
              "Pss_Dirty": 1244,
              "Pss_File": 2237,
              "Pss_Shmem": 0,
              "Referenced": 7716,
              "Rss": 7716,
              "Shared_Clean": 6108,
              "Shared_Dirty": 0,
              "Shared_Hugetlb": 0,
              "ShmemPmdMapped": 0,
              "Swap": 0,
              "SwapPss": 0
            },
            "start_ticks": 262621889
          },
          {
            "pid": 1387439,
            "rollup_kib": {
              "AnonHugePages": 0,
              "Anonymous": 384,
              "FilePmdMapped": 0,
              "KSM": 0,
              "LazyFree": 0,
              "Locked": 0,
              "Private_Clean": 276,
              "Private_Dirty": 384,
              "Private_Hugetlb": 0,
              "Pss": 779,
              "Pss_Anon": 384,
              "Pss_Dirty": 384,
              "Pss_File": 395,
              "Pss_Shmem": 0,
              "Referenced": 2620,
              "Rss": 2620,
              "Shared_Clean": 1960,
              "Shared_Dirty": 0,
              "Shared_Hugetlb": 0,
              "ShmemPmdMapped": 0,
              "Swap": 0,
              "SwapPss": 0
            },
            "start_ticks": 262621889
          },
          {
            "pid": 1387441,
            "rollup_kib": {
              "AnonHugePages": 0,
              "Anonymous": 280,
              "FilePmdMapped": 0,
              "KSM": 0,
              "LazyFree": 0,
              "Locked": 0,
              "Private_Clean": 1004,
              "Private_Dirty": 280,
              "Private_Hugetlb": 0,
              "Pss": 1394,
              "Pss_Anon": 280,
              "Pss_Dirty": 280,
              "Pss_File": 1114,
              "Pss_Shmem": 0,
              "Referenced": 3128,
              "Rss": 3128,
              "Shared_Clean": 1844,
              "Shared_Dirty": 0,
              "Shared_Hugetlb": 0,
              "ShmemPmdMapped": 0,
              "Swap": 0,
              "SwapPss": 0
            },
            "start_ticks": 262621890
          },
          {
            "pid": 1387442,
            "rollup_kib": {
              "AnonHugePages": 0,
              "Anonymous": 140636,
              "FilePmdMapped": 0,
              "KSM": 0,
              "LazyFree": 0,
              "Locked": 0,
              "Private_Clean": 24676,
              "Private_Dirty": 140636,
              "Private_Hugetlb": 0,
              "Pss": 165615,
              "Pss_Anon": 140636,
              "Pss_Dirty": 140636,
              "Pss_File": 24979,
              "Pss_Shmem": 0,
              "Referenced": 168320,
              "Rss": 168320,
              "Shared_Clean": 3008,
              "Shared_Dirty": 0,
              "Shared_Hugetlb": 0,
              "ShmemPmdMapped": 0,
              "Swap": 0,
              "SwapPss": 0
            },
            "start_ticks": 262621890
          }
        ],
        "reason": "phase_marker",
        "tree_rss_kib": 229852
      },
      {
        "elapsed_s": 158.3415,
        "processes": [
          {
            "pid": 1360243,
            "rollup_kib": {
              "AnonHugePages": 0,
              "Anonymous": 35748,
              "FilePmdMapped": 0,
              "KSM": 0,
              "LazyFree": 0,
              "Locked": 0,
              "Private_Clean": 140,
              "Private_Dirty": 35748,
              "Private_Hugetlb": 0,
              "Pss": 38575,
              "Pss_Anon": 35748,
              "Pss_Dirty": 35748,
              "Pss_File": 2827,
              "Pss_Shmem": 0,
              "Referenced": 48264,
              "Rss": 48264,
              "Shared_Clean": 12376,
              "Shared_Dirty": 0,
              "Shared_Hugetlb": 0,
              "ShmemPmdMapped": 0,
              "Swap": 0,
              "SwapPss": 0
            },
            "start_ticks": 262607396
          },
          {
            "pid": 1389916,
            "rollup_kib": {
              "AnonHugePages": 0,
              "Anonymous": 1244,
              "FilePmdMapped": 0,
              "KSM": 0,
              "LazyFree": 0,
              "Locked": 0,
              "Private_Clean": 3836,
              "Private_Dirty": 1244,
              "Private_Hugetlb": 0,
              "Pss": 5277,
              "Pss_Anon": 1244,
              "Pss_Dirty": 1244,
              "Pss_File": 4033,
              "Pss_Shmem": 0,
              "Referenced": 7824,
              "Rss": 7824,
              "Shared_Clean": 2744,
              "Shared_Dirty": 0,
              "Shared_Hugetlb": 0,
              "ShmemPmdMapped": 0,
              "Swap": 0,
              "SwapPss": 0
            },
            "start_ticks": 262623212
          },
          {
            "pid": 1389917,
            "rollup_kib": {
              "AnonHugePages": 0,
              "Anonymous": 388,
              "FilePmdMapped": 0,
              "KSM": 0,
              "LazyFree": 0,
              "Locked": 0,
              "Private_Clean": 276,
              "Private_Dirty": 388,
              "Private_Hugetlb": 0,
              "Pss": 785,
              "Pss_Anon": 388,
              "Pss_Dirty": 388,
              "Pss_File": 397,
              "Pss_Shmem": 0,
              "Referenced": 2628,
              "Rss": 2628,
              "Shared_Clean": 1964,
              "Shared_Dirty": 0,
              "Shared_Hugetlb": 0,
              "ShmemPmdMapped": 0,
              "Swap": 0,
              "SwapPss": 0
            },
            "start_ticks": 262623213
          },
          {
            "pid": 1389920,
            "rollup_kib": {
              "AnonHugePages": 0,
              "Anonymous": 284,
              "FilePmdMapped": 0,
              "KSM": 0,
              "LazyFree": 0,
              "Locked": 0,
              "Private_Clean": 1004,
              "Private_Dirty": 284,
              "Private_Hugetlb": 0,
              "Pss": 1401,
              "Pss_Anon": 284,
              "Pss_Dirty": 284,
              "Pss_File": 1117,
              "Pss_Shmem": 0,
              "Referenced": 3132,
              "Rss": 3132,
              "Shared_Clean": 1844,
              "Shared_Dirty": 0,
              "Shared_Hugetlb": 0,
              "ShmemPmdMapped": 0,
              "Swap": 0,
              "SwapPss": 0
            },
            "start_ticks": 262623213
          },
          {
            "pid": 1389922,
            "rollup_kib": {
              "AnonHugePages": 0,
              "Anonymous": 97844,
              "FilePmdMapped": 0,
              "KSM": 0,
              "LazyFree": 0,
              "Locked": 0,
              "Private_Clean": 15064,
              "Private_Dirty": 97844,
              "Private_Hugetlb": 0,
              "Pss": 113198,
              "Pss_Anon": 97844,
              "Pss_Dirty": 97844,
              "Pss_File": 15354,
              "Pss_Shmem": 0,
              "Referenced": 115820,
              "Rss": 115820,
              "Shared_Clean": 2912,
              "Shared_Dirty": 0,
              "Shared_Hugetlb": 0,
              "ShmemPmdMapped": 0,
              "Swap": 0,
              "SwapPss": 0
            },
            "start_ticks": 262623213
          }
        ],
        "reason": "phase_marker",
        "tree_rss_kib": 176204
      },
      {
        "elapsed_s": 171.4364,
        "processes": [
          {
            "pid": 1360243,
            "rollup_kib": {
              "AnonHugePages": 0,
              "Anonymous": 35748,
              "FilePmdMapped": 0,
              "KSM": 0,
              "LazyFree": 0,
              "Locked": 0,
              "Private_Clean": 100,
              "Private_Dirty": 35748,
              "Private_Hugetlb": 0,
              "Pss": 38550,
              "Pss_Anon": 35748,
              "Pss_Dirty": 35748,
              "Pss_File": 2802,
              "Pss_Shmem": 0,
              "Referenced": 48264,
              "Rss": 48264,
              "Shared_Clean": 12416,
              "Shared_Dirty": 0,
              "Shared_Hugetlb": 0,
              "ShmemPmdMapped": 0,
              "Swap": 0,
              "SwapPss": 0
            },
            "start_ticks": 262607396
          },
          {
            "pid": 1392509,
            "rollup_kib": {
              "AnonHugePages": 0,
              "Anonymous": 1252,
              "FilePmdMapped": 0,
              "KSM": 0,
              "LazyFree": 0,
              "Locked": 0,
              "Private_Clean": 572,
              "Private_Dirty": 1252,
              "Private_Hugetlb": 0,
              "Pss": 3566,
              "Pss_Anon": 1252,
              "Pss_Dirty": 1252,
              "Pss_File": 2314,
              "Pss_Shmem": 0,
              "Referenced": 7692,
              "Rss": 7692,
              "Shared_Clean": 5868,
              "Shared_Dirty": 0,
              "Shared_Hugetlb": 0,
              "ShmemPmdMapped": 0,
              "Swap": 0,
              "SwapPss": 0
            },
            "start_ticks": 262624537
          },
          {
            "pid": 1392510,
            "rollup_kib": {
              "AnonHugePages": 0,
              "Anonymous": 126652,
              "FilePmdMapped": 0,
              "KSM": 0,
              "LazyFree": 0,
              "Locked": 0,
              "Private_Clean": 44,
              "Private_Dirty": 126864,
              "Private_Hugetlb": 0,
              "Pss": 127399,
              "Pss_Anon": 126652,
              "Pss_Dirty": 126864,
              "Pss_File": 747,
              "Pss_Shmem": 0,
              "Referenced": 130972,
              "Rss": 130972,
              "Shared_Clean": 4064,
              "Shared_Dirty": 0,
              "Shared_Hugetlb": 0,
              "ShmemPmdMapped": 0,
              "Swap": 0,
              "SwapPss": 0
            },
            "start_ticks": 262624537
          }
        ],
        "reason": "phase_marker",
        "tree_rss_kib": 160264
      },
      {
        "elapsed_s": 210.2126,
        "processes": [
          {
            "pid": 1360243,
            "rollup_kib": {
              "AnonHugePages": 0,
              "Anonymous": 35748,
              "FilePmdMapped": 0,
              "KSM": 0,
              "LazyFree": 0,
              "Locked": 0,
              "Private_Clean": 96,
              "Private_Dirty": 35748,
              "Private_Hugetlb": 0,
              "Pss": 38550,
              "Pss_Anon": 35748,
              "Pss_Dirty": 35748,
              "Pss_File": 2802,
              "Pss_Shmem": 0,
              "Referenced": 48264,
              "Rss": 48264,
              "Shared_Clean": 12420,
              "Shared_Dirty": 0,
              "Shared_Hugetlb": 0,
              "ShmemPmdMapped": 0,
              "Swap": 0,
              "SwapPss": 0
            },
            "start_ticks": 262607396
          },
          {
            "pid": 1399557,
            "rollup_kib": {
              "AnonHugePages": 0,
              "Anonymous": 1244,
              "FilePmdMapped": 0,
              "KSM": 0,
              "LazyFree": 0,
              "Locked": 0,
              "Private_Clean": 336,
              "Private_Dirty": 1244,
              "Private_Hugetlb": 0,
              "Pss": 3500,
              "Pss_Anon": 1244,
              "Pss_Dirty": 1244,
              "Pss_File": 2256,
              "Pss_Shmem": 0,
              "Referenced": 7796,
              "Rss": 7796,
              "Shared_Clean": 6216,
              "Shared_Dirty": 0,
              "Shared_Hugetlb": 0,
              "ShmemPmdMapped": 0,
              "Swap": 0,
              "SwapPss": 0
            },
            "start_ticks": 262628393
          },
          {
            "pid": 1399559,
            "rollup_kib": {
              "AnonHugePages": 0,
              "Anonymous": 1156192,
              "FilePmdMapped": 0,
              "KSM": 0,
              "LazyFree": 0,
              "Locked": 0,
              "Private_Clean": 400,
              "Private_Dirty": 1156192,
              "Private_Hugetlb": 0,
              "Pss": 1157078,
              "Pss_Anon": 1156192,
              "Pss_Dirty": 1156192,
              "Pss_File": 886,
              "Pss_Shmem": 0,
              "Referenced": 1160476,
              "Rss": 1160476,
              "Shared_Clean": 3884,
              "Shared_Dirty": 0,
              "Shared_Hugetlb": 0,
              "ShmemPmdMapped": 0,
              "Swap": 0,
              "SwapPss": 0
            },
            "start_ticks": 262628393
          }
        ],
        "reason": "phase_marker",
        "tree_rss_kib": 1216416
      },
      {
        "elapsed_s": 248.4799,
        "processes": [
          {
            "pid": 1360243,
            "rollup_kib": {
              "AnonHugePages": 0,
              "Anonymous": 35748,
              "FilePmdMapped": 0,
              "KSM": 0,
              "LazyFree": 0,
              "Locked": 0,
              "Private_Clean": 100,
              "Private_Dirty": 35748,
              "Private_Hugetlb": 0,
              "Pss": 38549,
              "Pss_Anon": 35748,
              "Pss_Dirty": 35748,
              "Pss_File": 2801,
              "Pss_Shmem": 0,
              "Referenced": 48264,
              "Rss": 48264,
              "Shared_Clean": 12416,
              "Shared_Dirty": 0,
              "Shared_Hugetlb": 0,
              "ShmemPmdMapped": 0,
              "Swap": 0,
              "SwapPss": 0
            },
            "start_ticks": 262607396
          },
          {
            "pid": 1406484,
            "rollup_kib": {
              "AnonHugePages": 0,
              "Anonymous": 1248,
              "FilePmdMapped": 0,
              "KSM": 0,
              "LazyFree": 0,
              "Locked": 0,
              "Private_Clean": 116,
              "Private_Dirty": 1248,
              "Private_Hugetlb": 0,
              "Pss": 3396,
              "Pss_Anon": 1248,
              "Pss_Dirty": 1248,
              "Pss_File": 2148,
              "Pss_Shmem": 0,
              "Referenced": 7760,
              "Rss": 7760,
              "Shared_Clean": 6396,
              "Shared_Dirty": 0,
              "Shared_Hugetlb": 0,
              "ShmemPmdMapped": 0,
              "Swap": 0,
              "SwapPss": 0
            },
            "start_ticks": 262632240
          },
          {
            "pid": 1406485,
            "rollup_kib": {
              "AnonHugePages": 0,
              "Anonymous": 220652,
              "FilePmdMapped": 0,
              "KSM": 0,
              "LazyFree": 0,
              "Locked": 0,
              "Private_Clean": 320,
              "Private_Dirty": 220652,
              "Private_Hugetlb": 0,
              "Pss": 221464,
              "Pss_Anon": 220652,
              "Pss_Dirty": 220652,
              "Pss_File": 812,
              "Pss_Shmem": 0,
              "Referenced": 225036,
              "Rss": 225036,
              "Shared_Clean": 4064,
              "Shared_Dirty": 0,
              "Shared_Hugetlb": 0,
              "ShmemPmdMapped": 0,
              "Swap": 0,
              "SwapPss": 0
            },
            "start_ticks": 262632240
          }
        ],
        "reason": "phase_marker",
        "tree_rss_kib": 249028
      },
      {
        "elapsed_s": 287.2602,
        "processes": [],
        "reason": "phase_marker+terminal",
        "tree_rss_kib": 0
      }
    ],
    "status": "complete",
    "temporary_disk_limit_bytes": 16000000000,
    "wall_time_limit_seconds": null
  }
}
