{"command": ["/usr/bin/python3", "/home/x/deco/gamma/projects/enwiki9/tools/run_with_resource_guard_v3.py", "--limit-kib", "97656", "--official-decimal-limit-kib", "97656", "--limit-mode", "tree", "--cgroup-path", "/sys/fs/cgroup/user.slice/user-1000.slice/user@1000.service/app.slice/gamma-enwiki9-20260905T195118Z_c39265f90c", "--cgroup-memory-max-bytes", "99999744", "--temporary-disk-limit-bytes", "16000000000", "--phase-marker-path", "/home/x/deco/gamma/projects/enwiki9/run_logs/adaptive/20260905T195118Z_c39265f90c.resources/phases.jsonl", "--max-logical-cpus", "1", "--guard-json", "/home/x/deco/gamma/projects/enwiki9/run_logs/adaptive/20260905T195118Z_c39265f90c.resources/guard.json", "--label", "20260905T195118Z_c39265f90c", "--phase", "diagnostic", "--scratch-path", "/home/x/deco/gamma/projects/enwiki9/results/fx2_cmix_transformer_static_vocab_fixture50051_q0_v1", "--scratch-path", "/home/x/deco/gamma/projects/enwiki9/run_logs/adaptive/20260905T195118Z_c39265f90c.log", "--scratch-path", "/home/x/deco/gamma/projects/enwiki9/run_logs/adaptive/20260905T195118Z_c39265f90c.resources", "--scratch-path", "/tmp/gamma-enwiki9-20260905T195118Z_c39265f90c-m_ytdway/fx2_cmix_transformer_static_vocab_fixture50051_q0_v1", "--", "/usr/bin/taskset", "--cpu-list", "2", "/bin/sh", "-c", "printf '%s\\n' '{\"phase\":\"diagnostic\",\"event\":\"worker_start\",\"detail\":\"operational envelope only; no codec phase credit\"}' >> \"$GAMMA_RESOURCE_PHASE_MARKERS\" || exit 125; exec \"$@\"", "enwiki9-discovery-envelope", "/usr/bin/python3", "/home/x/deco/gamma/projects/enwiki9/tools/fx2_cmix_transformer_static_vocab_fixture50051_q0_v1.py", "--cgroup-path", "/sys/fs/cgroup/user.slice/user-1000.slice/user@1000.service/app.slice/gamma-fx2-transformer-static-vocab-fixture50051-q0-v1"], "job": {"candidate_id": "fx2_cmix_transformer_static_vocab_fixture50051_q0_v1", "candidate_revision": {"path": "operations/adaptive/candidate-revisions/fx2_cmix_transformer_static_vocab_fixture50051_q0_v1/20260905T194245889420Z_c34d07a6c861.json", "sha256": "sha256:20cc2bdcc672b351b693bf7e348fc0f58675a686127571249a07b769d279c564"}, "candidate_tree_sha256": "sha256:c34d07a6c86181c0c998d250e4fa69de351212ad9cce4537d563ee9c71017d07", "execution_guard": {"path": "tools/run_with_resource_guard_v3.py", "sha256": "sha256:044147f7ffe6922ea8dafd52fc3d4426077b20958adbcd421245ad41adcfc1e4"}, "execution_mode": "discovery", "execution_resources": {"boot_id": "3ce46712-27bc-4199-8e48-e2b3d23926cb", "budget": {"cgroup_parent": "/sys/fs/cgroup/user.slice/user-1000.slice/user@1000.service/app.slice", "cpus": [2], "existing_guard": {"inode": 223937, "memory_bytes": 9899999232, "path": "/sys/fs/cgroup/user.slice/user-1000.slice/user@1000.service/app.slice/gamma-fx2-transformer-static-vocab-fixture50051-q0-v1"}, "memory_bytes": 9999998976, "scratch_bytes": 16000000000, "swap_bytes": 0, "wall_seconds": 1100}, "cgroup_inode": 223981, "cgroup_path": "/sys/fs/cgroup/user.slice/user-1000.slice/user@1000.service/app.slice/gamma-enwiki9-20260905T195118Z_c39265f90c", "cpu_enforcement": "taskset-and-sampled-affinity-guard", "groups": [{"created": false, "inode": 223937, "kernel_cpuset": false, "memory_bytes": 9899999232, "path": "/sys/fs/cgroup/user.slice/user-1000.slice/user@1000.service/app.slice/gamma-fx2-transformer-static-vocab-fixture50051-q0-v1"}, {"created": true, "inode": 223981, "kernel_cpuset": false, "memory_bytes": 99999744, "path": "/sys/fs/cgroup/user.slice/user-1000.slice/user@1000.service/app.slice/gamma-enwiki9-20260905T195118Z_c39265f90c"}], "guard_command_sha256": "090862d4b3ffa9d7f495b96593fc95d50a4a3f9bb8f6095104d39ca9187d3423", "guard_path": "run_logs/adaptive/20260905T195118Z_c39265f90c.resources/guard.json", "missing_diagnostics": ["kernel cpuset controller is not delegated; taskset assignment and existing affinity guard remain active"], "timing_authority": "diagnostic"}, "experiment": {"path": "operations/adaptive/experiments/fx2_cmix_transformer_static_vocab_fixture50051_q0_v1.json", "sha256": "sha256:e688ea6a4c383c43743afe7c77ff85b4cf59f6dac2afd43d39b517f451a7267f"}, "gate_size": 50051, "job_id": "20260905T195118Z_c39265f90c", "priority": 40, "proposal": {"path": "operations/adaptive/proposals/developed/029_fx2_cmix_transformer_static_vocab_fixture50051_q0_v1.json", "sha256": "sha256:87681c06eeea9558e73fcdf6861b3ca94d6e1e9e1566d0339bac51000a8670b0"}, "proposal_id": "fx2_cmix_transformer_static_vocab_fixture50051_q0_v1", "purpose": "diagnostic", "resource_budget": {"cgroup_parent": "/sys/fs/cgroup/user.slice/user-1000.slice/user@1000.service/app.slice", "cpus": [2], "existing_guard": {"inode": 223937, "memory_bytes": 9899999232, "path": "/sys/fs/cgroup/user.slice/user-1000.slice/user@1000.service/app.slice/gamma-fx2-transformer-static-vocab-fixture50051-q0-v1"}, "memory_bytes": 9999998976, "scratch_bytes": 16000000000, "swap_bytes": 0, "wall_seconds": 1100}, "runner": {"path": "tools/fx2_cmix_transformer_static_vocab_fixture50051_q0_v1.py", "sha256": "sha256:bd13107db64291c5400a7c43fed12306cf92b5f6edbc4ceb27ac720fd7cbdb61"}, "schema": "gamma.enwiki9.adaptive-job.v3", "scratch_directories": ["results/fx2_cmix_transformer_static_vocab_fixture50051_q0_v1"], "started_at": "2026-09-05T19:52:11+00:00", "state": "running", "submitted_at": "2026-09-05T19:51:18+00:00", "tags": ["public-fx2-static-vocabulary"], "timing_authority": "diagnostic", "tool": "tools/fx2_cmix_transformer_static_vocab_fixture50051_q0_v1.py", "tool_args": ["--cgroup-path", "/sys/fs/cgroup/user.slice/user-1000.slice/user@1000.service/app.slice/gamma-fx2-transformer-static-vocab-fixture50051-q0-v1"]}}
{
  "resource_guard": {
    "cgroup": {
      "inode": 223981,
      "joined_before_exec": true,
      "memory_max_bytes": 99999744,
      "memory_max_rounding_bytes": 0,
      "memory_peak_reset": true,
      "path": "/sys/fs/cgroup/user.slice/user-1000.slice/user@1000.service/app.slice/gamma-enwiki9-20260905T195118Z_c39265f90c",
      "previous_memory_max": "99999744",
      "requested_memory_max_bytes": 99999744
    },
    "cgroup_events": {
      "baseline": {
        "high": 0,
        "low": 0,
        "max": 0,
        "oom": 0,
        "oom_group_kill": 0,
        "oom_kill": 0,
        "sock_throttled": 0
      },
      "delta": {
        "high": 0,
        "low": 0,
        "max": 0,
        "oom": 0,
        "oom_group_kill": 0,
        "oom_kill": 0,
        "sock_throttled": 0
      },
      "final": {
        "high": 0,
        "low": 0,
        "max": 0,
        "oom": 0,
        "oom_group_kill": 0,
        "oom_kill": 0,
        "sock_throttled": 0
      }
    },
    "command": [
      "/usr/bin/taskset",
      "--cpu-list",
      "2",
      "/bin/sh",
      "-c",
      "printf '%s\\n' '{\"phase\":\"diagnostic\",\"event\":\"worker_start\",\"detail\":\"operational envelope only; no codec phase credit\"}' >> \"$GAMMA_RESOURCE_PHASE_MARKERS\" || exit 125; exec \"$@\"",
      "enwiki9-discovery-envelope",
      "/usr/bin/python3",
      "/home/x/deco/gamma/projects/enwiki9/tools/fx2_cmix_transformer_static_vocab_fixture50051_q0_v1.py",
      "--cgroup-path",
      "/sys/fs/cgroup/user.slice/user-1000.slice/user@1000.service/app.slice/gamma-fx2-transformer-static-vocab-fixture50051-q0-v1"
    ],
    "command_sha256": "6c4e664f913753a968b647736cc3ebd796b2a4038cd6849d9bf22d5578e1fc2d",
    "elapsed_s": 71.8665,
    "geekbench5_single_core_score": null,
    "guards": {
      "cgroup_memory_guard_exceeded": false,
      "logical_cpu_guard_exceeded": false,
      "measurement_incomplete": false,
      "official_decimal_memory_exceeded": false,
      "phase_marker_invalid": false,
      "rss_guard_exceeded": false,
      "temporary_disk_guard_exceeded": false,
      "wall_time_guard_exceeded": false
    },
    "label": "20260905T195118Z_c39265f90c",
    "latest_sample": {
      "allowed_cpu_union": [],
      "cgroup_current_bytes": 237568,
      "elapsed_s": 71.8646,
      "max_single_rss_kib": 0,
      "persistent_status_misses": [],
      "processes": [],
      "scratch_allocated_bytes": 10043392,
      "scratch_file_count": 183,
      "scratch_logical_bytes": 9509106,
      "scratch_race_count": 0,
      "tree_live_threads": 0,
      "tree_rss_kib": 0,
      "tree_runnable_threads": 0
    },
    "limit_kib": 97656,
    "limit_mode": "tree",
    "max_logical_cpus": 1,
    "measurements": {
      "affinity_complete": true,
      "cgroup_v2_complete": true,
      "per_process_vmhwm_sampled": true,
      "phase_markers_complete": true,
      "process_tree_rss_complete": true,
      "scratch_logical_and_allocated_complete": true,
      "smaps_rollup_complete": true
    },
    "objective": {
      "corpusBytes": 1000000000,
      "corpusSha256": "159b85351e5f76e60cbe32e04c677847a9ecba3adc79addab6f4c6c7aa3744bc",
      "objectiveDigest": "sha256:16badfa6c1a53b47bcc12b089fdd9c21f7405ea56a84344d60c28d2252da8288",
      "objectiveId": "gamma-enwiki9-hutter-99m-v2",
      "objectivePath": "contracts/research/v2/objective-contract.json",
      "targetScoreBytes": 99000000
    },
    "official_decimal_limit_kib": 97656,
    "peak_process_vmhwm": {
      "comm": "python3",
      "observed_elapsed_s": 71.3626,
      "pid": 1316278,
      "start_ticks": 173407005,
      "vmhwm_kib": 27068
    },
    "peak_sample": {
      "allowed_cpu_union": [
        2
      ],
      "cgroup_current_bytes": 26902528,
      "elapsed_s": 71.3626,
      "max_single_rss_kib": 27068,
      "persistent_status_misses": [],
      "processes": [
        {
          "allowed_cpus": [
            2
          ],
          "comm": "python3",
          "live_threads": 1,
          "pid": 1316265,
          "rss_kib": 22536,
          "runnable_threads": 0,
          "start_ticks": 173406999,
          "vmhwm_kib": 22536
        },
        {
          "allowed_cpus": [
            2
          ],
          "comm": "python3",
          "live_threads": 1,
          "pid": 1316278,
          "rss_kib": 27068,
          "runnable_threads": 0,
          "start_ticks": 173407005,
          "vmhwm_kib": 27068
        }
      ],
      "scratch_allocated_bytes": 9953280,
      "scratch_file_count": 182,
      "scratch_logical_bytes": 9423113,
      "scratch_race_count": 0,
      "tree_live_threads": 2,
      "tree_rss_kib": 49604,
      "tree_runnable_threads": 0
    },
    "peak_tree_sample": {
      "allowed_cpu_union": [
        2
      ],
      "cgroup_current_bytes": 26902528,
      "elapsed_s": 71.3626,
      "max_single_rss_kib": 27068,
      "persistent_status_misses": [],
      "processes": [
        {
          "allowed_cpus": [
            2
          ],
          "comm": "python3",
          "live_threads": 1,
          "pid": 1316265,
          "rss_kib": 22536,
          "runnable_threads": 0,
          "start_ticks": 173406999,
          "vmhwm_kib": 22536
        },
        {
          "allowed_cpus": [
            2
          ],
          "comm": "python3",
          "live_threads": 1,
          "pid": 1316278,
          "rss_kib": 27068,
          "runnable_threads": 0,
          "start_ticks": 173407005,
          "vmhwm_kib": 27068
        }
      ],
      "scratch_allocated_bytes": 9953280,
      "scratch_file_count": 182,
      "scratch_logical_bytes": 9423113,
      "scratch_race_count": 0,
      "tree_live_threads": 2,
      "tree_rss_kib": 49604,
      "tree_runnable_threads": 0
    },
    "peaks": {
      "cgroup_memory_peak_bytes": 27164672,
      "max_observed_process_vmhwm_kib": 27068,
      "max_sampled_allowed_cpu_count": 1,
      "max_sampled_cgroup_current_bytes": 27033600,
      "max_sampled_scratch_allocated_bytes": 10665984,
      "max_sampled_scratch_logical_bytes": 14689466543,
      "max_sampled_single_rss_kib": 27068,
      "max_sampled_tree_live_threads": 2,
      "max_sampled_tree_rss_kib": 49604,
      "max_sampled_tree_runnable_threads": 1
    },
    "phase": "diagnostic",
    "phase_marker_path": "/home/x/deco/gamma/projects/enwiki9/run_logs/adaptive/20260905T195118Z_c39265f90c.resources/phases.jsonl",
    "phase_markers": [
      {
        "detail": "operational envelope only; no codec phase credit",
        "event": "worker_start",
        "observed_elapsed_s": 0.0328,
        "phase": "diagnostic",
        "source_line": 1
      }
    ],
    "returncode": 0,
    "sample_count": 144,
    "sample_interval_seconds": 0.5,
    "schema": "gamma.enwiki9.resource-guard-receipt.v3",
    "scratch_paths": [
      "/home/x/deco/gamma/projects/enwiki9/results/fx2_cmix_transformer_static_vocab_fixture50051_q0_v1",
      "/home/x/deco/gamma/projects/enwiki9/run_logs/adaptive/20260905T195118Z_c39265f90c.log",
      "/home/x/deco/gamma/projects/enwiki9/run_logs/adaptive/20260905T195118Z_c39265f90c.resources",
      "/tmp/gamma-enwiki9-20260905T195118Z_c39265f90c-m_ytdway/fx2_cmix_transformer_static_vocab_fixture50051_q0_v1"
    ],
    "smaps_rollup_checkpoints": [
      {
        "elapsed_s": 0.0328,
        "processes": [
          {
            "pid": 1316265,
            "rollup_kib": {
              "AnonHugePages": 0,
              "Anonymous": 4536,
              "FilePmdMapped": 0,
              "KSM": 0,
              "LazyFree": 0,
              "Locked": 0,
              "Private_Clean": 24,
              "Private_Dirty": 4536,
              "Private_Hugetlb": 0,
              "Pss": 5345,
              "Pss_Anon": 4536,
              "Pss_Dirty": 4536,
              "Pss_File": 809,
              "Pss_Shmem": 0,
              "Referenced": 11176,
              "Rss": 11176,
              "Shared_Clean": 6616,
              "Shared_Dirty": 0,
              "Shared_Hugetlb": 0,
              "ShmemPmdMapped": 0,
              "Swap": 0,
              "SwapPss": 0
            },
            "start_ticks": 173406999
          }
        ],
        "reason": "initial+phase_marker+rss_growth",
        "tree_rss_kib": 11176
      },
      {
        "elapsed_s": 71.8646,
        "processes": [],
        "reason": "terminal",
        "tree_rss_kib": 0
      }
    ],
    "status": "complete",
    "temporary_disk_limit_bytes": 16000000000,
    "wall_time_limit_seconds": null
  }
}
