{"command": ["/tmp/gamma-architecture-tests/bin/python", "/home/x/deco/gamma/projects/enwiki9/tools/run_with_resource_guard_v3.py", "--limit-kib", "9765624", "--official-decimal-limit-kib", "9765624", "--limit-mode", "tree", "--cgroup-path", "/sys/fs/cgroup/user.slice/user-1000.slice/user@1000.service/app.slice/gamma-enwiki9-20260920T211447Z_85cfcf79b5", "--cgroup-memory-max-bytes", "9999998976", "--temporary-disk-limit-bytes", "18000000000", "--phase-marker-path", "/home/x/deco/gamma/projects/enwiki9/run_logs/adaptive/20260920T211447Z_85cfcf79b5.resources/phases.jsonl", "--max-logical-cpus", "1", "--guard-json", "/home/x/deco/gamma/projects/enwiki9/run_logs/adaptive/20260920T211447Z_85cfcf79b5.resources/guard.json", "--label", "20260920T211447Z_85cfcf79b5", "--phase", "diagnostic", "--scratch-path", "/home/x/deco/gamma/projects/enwiki9/results/fx2_training_trajectory250k_q0_v1", "--scratch-path", "/home/x/deco/gamma/projects/enwiki9/run_logs/adaptive/20260920T211447Z_85cfcf79b5.log", "--scratch-path", "/home/x/deco/gamma/projects/enwiki9/run_logs/adaptive/20260920T211447Z_85cfcf79b5.resources", "--scratch-path", "/tmp/gamma-enwiki9-20260920T211447Z_85cfcf79b5-xe60ym6w/fx2_training_trajectory250k_q0_v1", "--", "/usr/bin/taskset", "--cpu-list", "2", "/bin/sh", "-c", "printf '%s\\n' '{\"phase\":\"diagnostic\",\"event\":\"worker_start\",\"detail\":\"operational envelope only; no codec phase credit\"}' >> \"$GAMMA_RESOURCE_PHASE_MARKERS\" || exit 125; exec \"$@\"", "enwiki9-discovery-envelope", "/tmp/gamma-architecture-tests/bin/python", "/home/x/deco/gamma/projects/enwiki9/tools/fx2_trajectory_attribution_v1.py", "--root", "/home/x/deco/gamma/projects/enwiki9", "--output", "/home/x/deco/gamma/projects/enwiki9/results/fx2_training_trajectory250k_q0_v1", "--experiment", "/home/x/deco/gamma/projects/enwiki9/operations/adaptive/experiments/fx2_training_trajectory250k_q0_v1.json", "--closure", "/home/x/deco/gamma/projects/enwiki9/operations/provenance/fx2_training_trajectory250k_q0_v1_closure.json", "--plan", "/home/x/deco/gamma/projects/enwiki9/operations/provenance/fx2_training_trajectory250k_q0_v1_plan.json"], "job": {"candidate_id": "fx2_training_trajectory250k_q0_v1", "candidate_revision": {"path": "operations/adaptive/candidate-revisions/fx2_training_trajectory250k_q0_v1/20260920T211446702473Z_845689b4fca7.json", "sha256": "sha256:e4d92231e201b1ba727b6524ed69afbe7aa25d7418eca27a29870729fb285a88"}, "candidate_tree_sha256": "sha256:845689b4fca7f1c839d2076d5188885915d85eccce4925cab424ec32ee245f62", "execution_guard": {"path": "tools/run_with_resource_guard_v3.py", "sha256": "sha256:044147f7ffe6922ea8dafd52fc3d4426077b20958adbcd421245ad41adcfc1e4"}, "execution_mode": "discovery", "execution_resources": {"boot_id": "3ce46712-27bc-4199-8e48-e2b3d23926cb", "budget": {"cgroup_parent": "/sys/fs/cgroup/user.slice/user-1000.slice/user@1000.service/app.slice", "cpus": [2], "memory_bytes": 9999998976, "scratch_bytes": 18000000000, "swap_bytes": 0, "wall_seconds": 1800}, "cgroup_inode": 386417, "cgroup_path": "/sys/fs/cgroup/user.slice/user-1000.slice/user@1000.service/app.slice/gamma-enwiki9-20260920T211447Z_85cfcf79b5", "cpu_enforcement": "taskset-and-sampled-affinity-guard", "groups": [{"created": true, "inode": 386417, "kernel_cpuset": false, "memory_bytes": 9999998976, "path": "/sys/fs/cgroup/user.slice/user-1000.slice/user@1000.service/app.slice/gamma-enwiki9-20260920T211447Z_85cfcf79b5"}], "guard_command_sha256": "953b8f5e12991822e290f1cd4b2c04d2675f3a741f8ae402f4fcfe5c068d96c9", "guard_path": "run_logs/adaptive/20260920T211447Z_85cfcf79b5.resources/guard.json", "missing_diagnostics": ["kernel cpuset controller is not delegated; taskset assignment and existing affinity guard remain active"], "timing_authority": "diagnostic"}, "experiment": {"path": "operations/adaptive/experiments/fx2_training_trajectory250k_q0_v1.json", "sha256": "sha256:27d6f73028fad13ff2f33032a968000b743c473cbdb99ebfb95526cf96d641d4"}, "gate_size": 250000, "job_id": "20260920T211447Z_85cfcf79b5", "priority": 90, "proposal": {"path": "operations/adaptive/proposals/developed/939_fx2_training_trajectory250k_q0_v1.json", "sha256": "sha256:a7040a020c95c25a6e4931b23dfd71a1b99e24ffdd6f6d5a965c3278f885226c"}, "proposal_id": "fx2_training_trajectory250k_q0_v1", "purpose": "diagnostic", "resource_budget": {"cgroup_parent": "/sys/fs/cgroup/user.slice/user-1000.slice/user@1000.service/app.slice", "cpus": [2], "memory_bytes": 9999998976, "scratch_bytes": 18000000000, "swap_bytes": 0, "wall_seconds": 1800}, "runner": {"path": "tools/fx2_trajectory_attribution_v1.py", "sha256": "sha256:951f6abdb945ebf8ad8d49c5b4f607a8e0098777231afe812f13173a032a15d8"}, "schema": "gamma.enwiki9.adaptive-job.v3", "scratch_directories": ["results/fx2_training_trajectory250k_q0_v1"], "started_at": "2026-09-20T21:15:26+00:00", "state": "running", "submitted_at": "2026-09-20T21:14:47+00:00", "tags": [], "timing_authority": "diagnostic", "tool": "tools/fx2_trajectory_attribution_v1.py", "tool_args": ["--root", "/home/x/deco/gamma/projects/enwiki9", "--output", "/home/x/deco/gamma/projects/enwiki9/results/fx2_training_trajectory250k_q0_v1", "--experiment", "/home/x/deco/gamma/projects/enwiki9/operations/adaptive/experiments/fx2_training_trajectory250k_q0_v1.json", "--closure", "/home/x/deco/gamma/projects/enwiki9/operations/provenance/fx2_training_trajectory250k_q0_v1_closure.json", "--plan", "/home/x/deco/gamma/projects/enwiki9/operations/provenance/fx2_training_trajectory250k_q0_v1_plan.json"]}}
{"phase": "build", "elapsed_seconds": 13.075811583083123}
{"phase": "P-encode", "elapsed_seconds": 36.57032520091161}
{"phase": "P-decode", "elapsed_seconds": 36.12571313418448}
{"phase": "P-repeat", "elapsed_seconds": 37.79791353177279}
{"phase": "A-encode", "elapsed_seconds": 40.99143201811239}
{"phase": "A-decode", "elapsed_seconds": 38.417214658111334}
{"phase": "A-repeat", "elapsed_seconds": 36.41752214729786}
{"phase": "J-encode", "elapsed_seconds": 40.26015497604385}
{"phase": "J-decode", "elapsed_seconds": 39.401224269066006}
{"phase": "J-repeat", "elapsed_seconds": 36.31328272679821}
{
  "resource_guard": {
    "cgroup": {
      "inode": 386417,
      "joined_before_exec": true,
      "memory_max_bytes": 9999998976,
      "memory_max_rounding_bytes": 0,
      "memory_peak_reset": true,
      "path": "/sys/fs/cgroup/user.slice/user-1000.slice/user@1000.service/app.slice/gamma-enwiki9-20260920T211447Z_85cfcf79b5",
      "previous_memory_max": "9999998976",
      "requested_memory_max_bytes": 9999998976
    },
    "cgroup_events": {
      "baseline": {
        "high": 0,
        "low": 0,
        "max": 0,
        "oom": 0,
        "oom_group_kill": 0,
        "oom_kill": 0,
        "sock_throttled": 0
      },
      "delta": {
        "high": 0,
        "low": 0,
        "max": 0,
        "oom": 0,
        "oom_group_kill": 0,
        "oom_kill": 0,
        "sock_throttled": 0
      },
      "final": {
        "high": 0,
        "low": 0,
        "max": 0,
        "oom": 0,
        "oom_group_kill": 0,
        "oom_kill": 0,
        "sock_throttled": 0
      }
    },
    "command": [
      "/usr/bin/taskset",
      "--cpu-list",
      "2",
      "/bin/sh",
      "-c",
      "printf '%s\\n' '{\"phase\":\"diagnostic\",\"event\":\"worker_start\",\"detail\":\"operational envelope only; no codec phase credit\"}' >> \"$GAMMA_RESOURCE_PHASE_MARKERS\" || exit 125; exec \"$@\"",
      "enwiki9-discovery-envelope",
      "/tmp/gamma-architecture-tests/bin/python",
      "/home/x/deco/gamma/projects/enwiki9/tools/fx2_trajectory_attribution_v1.py",
      "--root",
      "/home/x/deco/gamma/projects/enwiki9",
      "--output",
      "/home/x/deco/gamma/projects/enwiki9/results/fx2_training_trajectory250k_q0_v1",
      "--experiment",
      "/home/x/deco/gamma/projects/enwiki9/operations/adaptive/experiments/fx2_training_trajectory250k_q0_v1.json",
      "--closure",
      "/home/x/deco/gamma/projects/enwiki9/operations/provenance/fx2_training_trajectory250k_q0_v1_closure.json",
      "--plan",
      "/home/x/deco/gamma/projects/enwiki9/operations/provenance/fx2_training_trajectory250k_q0_v1_plan.json"
    ],
    "command_sha256": "43b61e035b1f6de0aacad3d99d62518a6115c74c4bfed5c091a18b0e8d7f2d36",
    "elapsed_s": 358.2879,
    "geekbench5_single_core_score": null,
    "guards": {
      "cgroup_memory_guard_exceeded": false,
      "logical_cpu_guard_exceeded": false,
      "measurement_incomplete": false,
      "official_decimal_memory_exceeded": false,
      "phase_marker_invalid": false,
      "rss_guard_exceeded": false,
      "temporary_disk_guard_exceeded": false,
      "wall_time_guard_exceeded": false
    },
    "label": "20260920T211447Z_85cfcf79b5",
    "latest_sample": {
      "allowed_cpu_union": [],
      "cgroup_current_bytes": 753229824,
      "elapsed_s": 358.2849,
      "max_single_rss_kib": 0,
      "persistent_status_misses": [],
      "processes": [],
      "scratch_allocated_bytes": 730824704,
      "scratch_file_count": 292,
      "scratch_logical_bytes": 729856684,
      "scratch_race_count": 0,
      "tree_live_threads": 0,
      "tree_rss_kib": 0,
      "tree_runnable_threads": 0
    },
    "limit_kib": 9765624,
    "limit_mode": "tree",
    "max_logical_cpus": 1,
    "measurements": {
      "affinity_complete": true,
      "cgroup_v2_complete": true,
      "per_process_vmhwm_sampled": true,
      "phase_markers_complete": true,
      "process_tree_rss_complete": true,
      "scratch_logical_and_allocated_complete": true,
      "smaps_rollup_complete": true
    },
    "objective": {
      "corpusBytes": 1000000000,
      "corpusSha256": "159b85351e5f76e60cbe32e04c677847a9ecba3adc79addab6f4c6c7aa3744bc",
      "objectiveDigest": "sha256:409b70547f901a3ac5fffd7fd7a1e1d77b05fb44d9e9d889be1337bd153706d7",
      "objectiveId": "gamma-enwiki9-hutter-96m-v4",
      "objectivePath": "contracts/research/v4/objective-contract.json",
      "targetScoreBytes": 96000000
    },
    "official_decimal_limit_kib": 9765624,
    "peak_process_vmhwm": {
      "comm": "cmix",
      "observed_elapsed_s": 85.5674,
      "pid": 1928981,
      "start_ticks": 303511476,
      "vmhwm_kib": 5655140
    },
    "peak_sample": {
      "allowed_cpu_union": [
        2
      ],
      "cgroup_current_bytes": 5988601856,
      "elapsed_s": 49.3744,
      "max_single_rss_kib": 5650532,
      "persistent_status_misses": [],
      "processes": [
        {
          "allowed_cpus": [
            2
          ],
          "comm": "python",
          "live_threads": 1,
          "pid": 1919420,
          "rss_kib": 37048,
          "runnable_threads": 0,
          "start_ticks": 303506482,
          "vmhwm_kib": 37048
        },
        {
          "allowed_cpus": [
            2
          ],
          "comm": "time",
          "live_threads": 1,
          "pid": 1922110,
          "rss_kib": 1832,
          "runnable_threads": 0,
          "start_ticks": 303507817,
          "vmhwm_kib": 1832
        },
        {
          "allowed_cpus": [
            2
          ],
          "comm": "cmix",
          "live_threads": 1,
          "pid": 1922111,
          "rss_kib": 5650532,
          "runnable_threads": 1,
          "start_ticks": 303507817,
          "vmhwm_kib": 5650532
        }
      ],
      "scratch_allocated_bytes": 167460864,
      "scratch_file_count": 198,
      "scratch_logical_bytes": 14843578434,
      "scratch_race_count": 0,
      "tree_live_threads": 3,
      "tree_rss_kib": 5689412,
      "tree_runnable_threads": 1
    },
    "peak_tree_sample": {
      "allowed_cpu_union": [
        2
      ],
      "cgroup_current_bytes": 6516080640,
      "elapsed_s": 319.9754,
      "max_single_rss_kib": 5650004,
      "persistent_status_misses": [],
      "processes": [
        {
          "allowed_cpus": [
            2
          ],
          "comm": "python",
          "live_threads": 1,
          "pid": 1919420,
          "rss_kib": 57156,
          "runnable_threads": 0,
          "start_ticks": 303506482,
          "vmhwm_kib": 101136
        },
        {
          "allowed_cpus": [
            2
          ],
          "comm": "time",
          "live_threads": 1,
          "pid": 1972696,
          "rss_kib": 1832,
          "runnable_threads": 0,
          "start_ticks": 303534603,
          "vmhwm_kib": 1832
        },
        {
          "allowed_cpus": [
            2
          ],
          "comm": "cmix",
          "live_threads": 1,
          "pid": 1972697,
          "rss_kib": 5650004,
          "runnable_threads": 1,
          "start_ticks": 303534604,
          "vmhwm_kib": 5650004
        }
      ],
      "scratch_allocated_bytes": 660217856,
      "scratch_file_count": 275,
      "scratch_logical_bytes": 15336143550,
      "scratch_race_count": 0,
      "tree_live_threads": 3,
      "tree_rss_kib": 5708992,
      "tree_runnable_threads": 1
    },
    "peaks": {
      "cgroup_memory_peak_bytes": 6588637184,
      "max_observed_process_vmhwm_kib": 5655140,
      "max_sampled_allowed_cpu_count": 1,
      "max_sampled_cgroup_current_bytes": 6587064320,
      "max_sampled_scratch_allocated_bytes": 730824704,
      "max_sampled_scratch_logical_bytes": 15405177709,
      "max_sampled_single_rss_kib": 5650532,
      "max_sampled_tree_live_threads": 5,
      "max_sampled_tree_rss_kib": 5708992,
      "max_sampled_tree_runnable_threads": 1
    },
    "phase": "diagnostic",
    "phase_marker_path": "/home/x/deco/gamma/projects/enwiki9/run_logs/adaptive/20260920T211447Z_85cfcf79b5.resources/phases.jsonl",
    "phase_markers": [
      {
        "detail": "operational envelope only; no codec phase credit",
        "event": "worker_start",
        "observed_elapsed_s": 0.0321,
        "phase": "diagnostic",
        "source_line": 1
      }
    ],
    "returncode": 0,
    "sample_count": 712,
    "sample_interval_seconds": 0.5,
    "schema": "gamma.enwiki9.resource-guard-receipt.v3",
    "scratch_paths": [
      "/home/x/deco/gamma/projects/enwiki9/results/fx2_training_trajectory250k_q0_v1",
      "/home/x/deco/gamma/projects/enwiki9/run_logs/adaptive/20260920T211447Z_85cfcf79b5.log",
      "/home/x/deco/gamma/projects/enwiki9/run_logs/adaptive/20260920T211447Z_85cfcf79b5.resources",
      "/tmp/gamma-enwiki9-20260920T211447Z_85cfcf79b5-xe60ym6w/fx2_training_trajectory250k_q0_v1"
    ],
    "smaps_rollup_checkpoints": [
      {
        "elapsed_s": 0.0321,
        "processes": [
          {
            "pid": 1919420,
            "rollup_kib": {
              "AnonHugePages": 0,
              "Anonymous": 4672,
              "FilePmdMapped": 0,
              "KSM": 0,
              "LazyFree": 0,
              "Locked": 0,
              "Private_Clean": 56,
              "Private_Dirty": 4672,
              "Private_Hugetlb": 0,
              "Pss": 6095,
              "Pss_Anon": 4672,
              "Pss_Dirty": 4672,
              "Pss_File": 1423,
              "Pss_Shmem": 0,
              "Referenced": 11164,
              "Rss": 11164,
              "Shared_Clean": 6436,
              "Shared_Dirty": 0,
              "Shared_Hugetlb": 0,
              "ShmemPmdMapped": 0,
              "Swap": 0,
              "SwapPss": 0
            },
            "start_ticks": 303506482
          }
        ],
        "reason": "initial+phase_marker+rss_growth",
        "tree_rss_kib": 10892
      },
      {
        "elapsed_s": 3.5493,
        "processes": [
          {
            "pid": 1919420,
            "rollup_kib": {
              "AnonHugePages": 0,
              "Anonymous": 24336,
              "FilePmdMapped": 0,
              "KSM": 0,
              "LazyFree": 0,
              "Locked": 0,
              "Private_Clean": 144,
              "Private_Dirty": 24336,
              "Private_Hugetlb": 0,
              "Pss": 26925,
              "Pss_Anon": 24336,
              "Pss_Dirty": 24336,
              "Pss_File": 2589,
              "Pss_Shmem": 0,
              "Referenced": 37048,
              "Rss": 37048,
              "Shared_Clean": 12568,
              "Shared_Dirty": 0,
              "Shared_Hugetlb": 0,
              "ShmemPmdMapped": 0,
              "Swap": 0,
              "SwapPss": 0
            },
            "start_ticks": 303506482
          },
          {
            "pid": 1919535,
            "rollup_kib": {
              "AnonHugePages": 0,
              "Anonymous": 96,
              "FilePmdMapped": 0,
              "KSM": 0,
              "LazyFree": 0,
              "Locked": 0,
              "Private_Clean": 24,
              "Private_Dirty": 96,
              "Private_Hugetlb": 0,
              "Pss": 173,
              "Pss_Anon": 96,
              "Pss_Dirty": 96,
              "Pss_File": 77,
              "Pss_Shmem": 0,
              "Referenced": 1828,
              "Rss": 1828,
              "Shared_Clean": 1708,
              "Shared_Dirty": 0,
              "Shared_Hugetlb": 0,
              "ShmemPmdMapped": 0,
              "Swap": 0,
              "SwapPss": 0
            },
            "start_ticks": 303506508
          },
          {
            "pid": 1919536,
            "rollup_kib": {
              "AnonHugePages": 0,
              "Anonymous": 388,
              "FilePmdMapped": 0,
              "KSM": 0,
              "LazyFree": 0,
              "Locked": 0,
              "Private_Clean": 276,
              "Private_Dirty": 388,
              "Private_Hugetlb": 0,
              "Pss": 728,
              "Pss_Anon": 388,
              "Pss_Dirty": 388,
              "Pss_File": 340,
              "Pss_Shmem": 0,
              "Referenced": 2628,
              "Rss": 2628,
              "Shared_Clean": 1964,
              "Shared_Dirty": 0,
              "Shared_Hugetlb": 0,
              "ShmemPmdMapped": 0,
              "Swap": 0,
              "SwapPss": 0
            },
            "start_ticks": 303506508
          },
          {
            "pid": 1919538,
            "rollup_kib": {
              "AnonHugePages": 0,
              "Anonymous": 320,
              "FilePmdMapped": 0,
              "KSM": 0,
              "LazyFree": 0,
              "Locked": 0,
              "Private_Clean": 1004,
              "Private_Dirty": 320,
              "Private_Hugetlb": 0,
              "Pss": 1385,
              "Pss_Anon": 320,
              "Pss_Dirty": 320,
              "Pss_File": 1065,
              "Pss_Shmem": 0,
              "Referenced": 3168,
              "Rss": 3168,
              "Shared_Clean": 1844,
              "Shared_Dirty": 0,
              "Shared_Hugetlb": 0,
              "ShmemPmdMapped": 0,
              "Swap": 0,
              "SwapPss": 0
            },
            "start_ticks": 303506508
          },
          {
            "pid": 1920030,
            "rollup_kib": {
              "AnonHugePages": 0,
              "Anonymous": 245968,
              "FilePmdMapped": 0,
              "KSM": 0,
              "LazyFree": 0,
              "Locked": 0,
              "Private_Clean": 28752,
              "Private_Dirty": 245968,
              "Private_Hugetlb": 0,
              "Pss": 274969,
              "Pss_Anon": 245968,
              "Pss_Dirty": 245968,
              "Pss_File": 29001,
              "Pss_Shmem": 0,
              "Referenced": 277712,
              "Rss": 277712,
              "Shared_Clean": 2992,
              "Shared_Dirty": 0,
              "Shared_Hugetlb": 0,
              "ShmemPmdMapped": 0,
              "Swap": 0,
              "SwapPss": 0
            },
            "start_ticks": 303506757
          }
        ],
        "reason": "rss_growth",
        "tree_rss_kib": 322288
      },
      {
        "elapsed_s": 13.6105,
        "processes": [
          {
            "pid": 1919420,
            "rollup_kib": {
              "AnonHugePages": 0,
              "Anonymous": 24336,
              "FilePmdMapped": 0,
              "KSM": 0,
              "LazyFree": 0,
              "Locked": 0,
              "Private_Clean": 128,
              "Private_Dirty": 24336,
              "Private_Hugetlb": 0,
              "Pss": 26903,
              "Pss_Anon": 24336,
              "Pss_Dirty": 24336,
              "Pss_File": 2567,
              "Pss_Shmem": 0,
              "Referenced": 37048,
              "Rss": 37048,
              "Shared_Clean": 12584,
              "Shared_Dirty": 0,
              "Shared_Hugetlb": 0,
              "ShmemPmdMapped": 0,
              "Swap": 0,
              "SwapPss": 0
            },
            "start_ticks": 303506482
          },
          {
            "pid": 1922110,
            "rollup_kib": {
              "AnonHugePages": 0,
              "Anonymous": 100,
              "FilePmdMapped": 0,
              "KSM": 0,
              "LazyFree": 0,
              "Locked": 0,
              "Private_Clean": 24,
              "Private_Dirty": 100,
              "Private_Hugetlb": 0,
              "Pss": 180,
              "Pss_Anon": 100,
              "Pss_Dirty": 100,
              "Pss_File": 80,
              "Pss_Shmem": 0,
              "Referenced": 1832,
              "Rss": 1832,
              "Shared_Clean": 1708,
              "Shared_Dirty": 0,
              "Shared_Hugetlb": 0,
              "ShmemPmdMapped": 0,
              "Swap": 0,
              "SwapPss": 0
            },
            "start_ticks": 303507817
          },
          {
            "pid": 1922111,
            "rollup_kib": {
              "AnonHugePages": 0,
              "Anonymous": 1155752,
              "FilePmdMapped": 0,
              "KSM": 0,
              "LazyFree": 0,
              "Locked": 0,
              "Private_Clean": 0,
              "Private_Dirty": 1156048,
              "Private_Hugetlb": 0,
              "Pss": 1156532,
              "Pss_Anon": 1155752,
              "Pss_Dirty": 1156048,
              "Pss_File": 780,
              "Pss_Shmem": 0,
              "Referenced": 1160156,
              "Rss": 1160156,
              "Shared_Clean": 4108,
              "Shared_Dirty": 0,
              "Shared_Hugetlb": 0,
              "ShmemPmdMapped": 0,
              "Swap": 0,
              "SwapPss": 0
            },
            "start_ticks": 303507817
          }
        ],
        "reason": "rss_growth",
        "tree_rss_kib": 1198900
      },
      {
        "elapsed_s": 14.1302,
        "processes": [
          {
            "pid": 1919420,
            "rollup_kib": {
              "AnonHugePages": 0,
              "Anonymous": 24336,
              "FilePmdMapped": 0,
              "KSM": 0,
              "LazyFree": 0,
              "Locked": 0,
              "Private_Clean": 128,
              "Private_Dirty": 24336,
              "Private_Hugetlb": 0,
              "Pss": 26903,
              "Pss_Anon": 24336,
              "Pss_Dirty": 24336,
              "Pss_File": 2567,
              "Pss_Shmem": 0,
              "Referenced": 37048,
              "Rss": 37048,
              "Shared_Clean": 12584,
              "Shared_Dirty": 0,
              "Shared_Hugetlb": 0,
              "ShmemPmdMapped": 0,
              "Swap": 0,
              "SwapPss": 0
            },
            "start_ticks": 303506482
          },
          {
            "pid": 1922110,
            "rollup_kib": {
              "AnonHugePages": 0,
              "Anonymous": 100,
              "FilePmdMapped": 0,
              "KSM": 0,
              "LazyFree": 0,
              "Locked": 0,
              "Private_Clean": 24,
              "Private_Dirty": 100,
              "Private_Hugetlb": 0,
              "Pss": 180,
              "Pss_Anon": 100,
              "Pss_Dirty": 100,
              "Pss_File": 80,
              "Pss_Shmem": 0,
              "Referenced": 1832,
              "Rss": 1832,
              "Shared_Clean": 1708,
              "Shared_Dirty": 0,
              "Shared_Hugetlb": 0,
              "ShmemPmdMapped": 0,
              "Swap": 0,
              "SwapPss": 0
            },
            "start_ticks": 303507817
          },
          {
            "pid": 1922111,
            "rollup_kib": {
              "AnonHugePages": 18432,
              "Anonymous": 2215904,
              "FilePmdMapped": 0,
              "KSM": 0,
              "LazyFree": 0,
              "Locked": 0,
              "Private_Clean": 0,
              "Private_Dirty": 2216336,
              "Private_Hugetlb": 0,
              "Pss": 2216835,
              "Pss_Anon": 2215904,
              "Pss_Dirty": 2216336,
              "Pss_File": 931,
              "Pss_Shmem": 0,
              "Referenced": 2220636,
              "Rss": 2220636,
              "Shared_Clean": 4300,
              "Shared_Dirty": 0,
              "Shared_Hugetlb": 0,
              "ShmemPmdMapped": 0,
              "Swap": 0,
              "SwapPss": 0
            },
            "start_ticks": 303507817
          }
        ],
        "reason": "rss_growth",
        "tree_rss_kib": 2239276
      },
      {
        "elapsed_s": 14.6696,
        "processes": [
          {
            "pid": 1919420,
            "rollup_kib": {
              "AnonHugePages": 0,
              "Anonymous": 24336,
              "FilePmdMapped": 0,
              "KSM": 0,
              "LazyFree": 0,
              "Locked": 0,
              "Private_Clean": 128,
              "Private_Dirty": 24336,
              "Private_Hugetlb": 0,
              "Pss": 26903,
              "Pss_Anon": 24336,
              "Pss_Dirty": 24336,
              "Pss_File": 2567,
              "Pss_Shmem": 0,
              "Referenced": 37048,
              "Rss": 37048,
              "Shared_Clean": 12584,
              "Shared_Dirty": 0,
              "Shared_Hugetlb": 0,
              "ShmemPmdMapped": 0,
              "Swap": 0,
              "SwapPss": 0
            },
            "start_ticks": 303506482
          },
          {
            "pid": 1922110,
            "rollup_kib": {
              "AnonHugePages": 0,
              "Anonymous": 100,
              "FilePmdMapped": 0,
              "KSM": 0,
              "LazyFree": 0,
              "Locked": 0,
              "Private_Clean": 24,
              "Private_Dirty": 100,
              "Private_Hugetlb": 0,
              "Pss": 180,
              "Pss_Anon": 100,
              "Pss_Dirty": 100,
              "Pss_File": 80,
              "Pss_Shmem": 0,
              "Referenced": 1832,
              "Rss": 1832,
              "Shared_Clean": 1708,
              "Shared_Dirty": 0,
              "Shared_Hugetlb": 0,
              "ShmemPmdMapped": 0,
              "Swap": 0,
              "SwapPss": 0
            },
            "start_ticks": 303507817
          },
          {
            "pid": 1922111,
            "rollup_kib": {
              "AnonHugePages": 18432,
              "Anonymous": 2991748,
              "FilePmdMapped": 0,
              "KSM": 0,
              "LazyFree": 0,
              "Locked": 0,
              "Private_Clean": 0,
              "Private_Dirty": 2992180,
              "Private_Hugetlb": 0,
              "Pss": 2992678,
              "Pss_Anon": 2991748,
              "Pss_Dirty": 2992180,
              "Pss_File": 930,
              "Pss_Shmem": 0,
              "Referenced": 2996480,
              "Rss": 2996480,
              "Shared_Clean": 4300,
              "Shared_Dirty": 0,
              "Shared_Hugetlb": 0,
              "ShmemPmdMapped": 0,
              "Swap": 0,
              "SwapPss": 0
            },
            "start_ticks": 303507817
          }
        ],
        "reason": "rss_growth",
        "tree_rss_kib": 3015048
      },
      {
        "elapsed_s": 15.2225,
        "processes": [
          {
            "pid": 1919420,
            "rollup_kib": {
              "AnonHugePages": 0,
              "Anonymous": 24336,
              "FilePmdMapped": 0,
              "KSM": 0,
              "LazyFree": 0,
              "Locked": 0,
              "Private_Clean": 128,
              "Private_Dirty": 24336,
              "Private_Hugetlb": 0,
              "Pss": 26904,
              "Pss_Anon": 24336,
              "Pss_Dirty": 24336,
              "Pss_File": 2568,
              "Pss_Shmem": 0,
              "Referenced": 37048,
              "Rss": 37048,
              "Shared_Clean": 12584,
              "Shared_Dirty": 0,
              "Shared_Hugetlb": 0,
              "ShmemPmdMapped": 0,
              "Swap": 0,
              "SwapPss": 0
            },
            "start_ticks": 303506482
          },
          {
            "pid": 1922110,
            "rollup_kib": {
              "AnonHugePages": 0,
              "Anonymous": 100,
              "FilePmdMapped": 0,
              "KSM": 0,
              "LazyFree": 0,
              "Locked": 0,
              "Private_Clean": 24,
              "Private_Dirty": 100,
              "Private_Hugetlb": 0,
              "Pss": 180,
              "Pss_Anon": 100,
              "Pss_Dirty": 100,
              "Pss_File": 80,
              "Pss_Shmem": 0,
              "Referenced": 1832,
              "Rss": 1832,
              "Shared_Clean": 1708,
              "Shared_Dirty": 0,
              "Shared_Hugetlb": 0,
              "ShmemPmdMapped": 0,
              "Swap": 0,
              "SwapPss": 0
            },
            "start_ticks": 303507817
          },
          {
            "pid": 1922111,
            "rollup_kib": {
              "AnonHugePages": 18432,
              "Anonymous": 3505132,
              "FilePmdMapped": 0,
              "KSM": 0,
              "LazyFree": 0,
              "Locked": 0,
              "Private_Clean": 0,
              "Private_Dirty": 3505564,
              "Private_Hugetlb": 0,
              "Pss": 3506062,
              "Pss_Anon": 3505132,
              "Pss_Dirty": 3505564,
              "Pss_File": 930,
              "Pss_Shmem": 0,
              "Referenced": 3509864,
              "Rss": 3509864,
              "Shared_Clean": 4300,
              "Shared_Dirty": 0,
              "Shared_Hugetlb": 0,
              "ShmemPmdMapped": 0,
              "Swap": 0,
              "SwapPss": 0
            },
            "start_ticks": 303507817
          }
        ],
        "reason": "rss_growth",
        "tree_rss_kib": 3532084
      },
      {
        "elapsed_s": 15.7822,
        "processes": [
          {
            "pid": 1919420,
            "rollup_kib": {
              "AnonHugePages": 0,
              "Anonymous": 24336,
              "FilePmdMapped": 0,
              "KSM": 0,
              "LazyFree": 0,
              "Locked": 0,
              "Private_Clean": 128,
              "Private_Dirty": 24336,
              "Private_Hugetlb": 0,
              "Pss": 26903,
              "Pss_Anon": 24336,
              "Pss_Dirty": 24336,
              "Pss_File": 2567,
              "Pss_Shmem": 0,
              "Referenced": 37048,
              "Rss": 37048,
              "Shared_Clean": 12584,
              "Shared_Dirty": 0,
              "Shared_Hugetlb": 0,
              "ShmemPmdMapped": 0,
              "Swap": 0,
              "SwapPss": 0
            },
            "start_ticks": 303506482
          },
          {
            "pid": 1922110,
            "rollup_kib": {
              "AnonHugePages": 0,
              "Anonymous": 100,
              "FilePmdMapped": 0,
              "KSM": 0,
              "LazyFree": 0,
              "Locked": 0,
              "Private_Clean": 24,
              "Private_Dirty": 100,
              "Private_Hugetlb": 0,
              "Pss": 180,
              "Pss_Anon": 100,
              "Pss_Dirty": 100,
              "Pss_File": 80,
              "Pss_Shmem": 0,
              "Referenced": 1832,
              "Rss": 1832,
              "Shared_Clean": 1708,
              "Shared_Dirty": 0,
              "Shared_Hugetlb": 0,
              "ShmemPmdMapped": 0,
              "Swap": 0,
              "SwapPss": 0
            },
            "start_ticks": 303507817
          },
          {
            "pid": 1922111,
            "rollup_kib": {
              "AnonHugePages": 18432,
              "Anonymous": 3851944,
              "FilePmdMapped": 0,
              "KSM": 0,
              "LazyFree": 0,
              "Locked": 0,
              "Private_Clean": 432,
              "Private_Dirty": 3851944,
              "Private_Hugetlb": 0,
              "Pss": 3852878,
              "Pss_Anon": 3851944,
              "Pss_Dirty": 3851944,
              "Pss_File": 934,
              "Pss_Shmem": 0,
              "Referenced": 3856676,
              "Rss": 3856676,
              "Shared_Clean": 4300,
              "Shared_Dirty": 0,
              "Shared_Hugetlb": 0,
              "ShmemPmdMapped": 0,
              "Swap": 0,
              "SwapPss": 0
            },
            "start_ticks": 303507817
          }
        ],
        "reason": "rss_growth",
        "tree_rss_kib": 3883308
      },
      {
        "elapsed_s": 16.8477,
        "processes": [
          {
            "pid": 1919420,
            "rollup_kib": {
              "AnonHugePages": 0,
              "Anonymous": 24336,
              "FilePmdMapped": 0,
              "KSM": 0,
              "LazyFree": 0,
              "Locked": 0,
              "Private_Clean": 128,
              "Private_Dirty": 24336,
              "Private_Hugetlb": 0,
              "Pss": 26907,
              "Pss_Anon": 24336,
              "Pss_Dirty": 24336,
              "Pss_File": 2571,
              "Pss_Shmem": 0,
              "Referenced": 37048,
              "Rss": 37048,
              "Shared_Clean": 12584,
              "Shared_Dirty": 0,
              "Shared_Hugetlb": 0,
              "ShmemPmdMapped": 0,
              "Swap": 0,
              "SwapPss": 0
            },
            "start_ticks": 303506482
          },
          {
            "pid": 1922110,
            "rollup_kib": {
              "AnonHugePages": 0,
              "Anonymous": 100,
              "FilePmdMapped": 0,
              "KSM": 0,
              "LazyFree": 0,
              "Locked": 0,
              "Private_Clean": 24,
              "Private_Dirty": 100,
              "Private_Hugetlb": 0,
              "Pss": 182,
              "Pss_Anon": 100,
              "Pss_Dirty": 100,
              "Pss_File": 82,
              "Pss_Shmem": 0,
              "Referenced": 1832,
              "Rss": 1832,
              "Shared_Clean": 1708,
              "Shared_Dirty": 0,
              "Shared_Hugetlb": 0,
              "ShmemPmdMapped": 0,
              "Swap": 0,
              "SwapPss": 0
            },
            "start_ticks": 303507817
          },
          {
            "pid": 1922111,
            "rollup_kib": {
              "AnonHugePages": 18432,
              "Anonymous": 4262744,
              "FilePmdMapped": 0,
              "KSM": 0,
              "LazyFree": 0,
              "Locked": 0,
              "Private_Clean": 432,
              "Private_Dirty": 4262744,
              "Private_Hugetlb": 0,
              "Pss": 4263675,
              "Pss_Anon": 4262744,
              "Pss_Dirty": 4262744,
              "Pss_File": 931,
              "Pss_Shmem": 0,
              "Referenced": 4267476,
              "Rss": 4267476,
              "Shared_Clean": 4300,
              "Shared_Dirty": 0,
              "Shared_Hugetlb": 0,
              "ShmemPmdMapped": 0,
              "Swap": 0,
              "SwapPss": 0
            },
            "start_ticks": 303507817
          }
        ],
        "reason": "rss_growth",
        "tree_rss_kib": 4300092
      },
      {
        "elapsed_s": 18.4195,
        "processes": [
          {
            "pid": 1919420,
            "rollup_kib": {
              "AnonHugePages": 0,
              "Anonymous": 24336,
              "FilePmdMapped": 0,
              "KSM": 0,
              "LazyFree": 0,
              "Locked": 0,
              "Private_Clean": 128,
              "Private_Dirty": 24336,
              "Private_Hugetlb": 0,
              "Pss": 26903,
              "Pss_Anon": 24336,
              "Pss_Dirty": 24336,
              "Pss_File": 2567,
              "Pss_Shmem": 0,
              "Referenced": 37048,
              "Rss": 37048,
              "Shared_Clean": 12584,
              "Shared_Dirty": 0,
              "Shared_Hugetlb": 0,
              "ShmemPmdMapped": 0,
              "Swap": 0,
              "SwapPss": 0
            },
            "start_ticks": 303506482
          },
          {
            "pid": 1922110,
            "rollup_kib": {
              "AnonHugePages": 0,
              "Anonymous": 100,
              "FilePmdMapped": 0,
              "KSM": 0,
              "LazyFree": 0,
              "Locked": 0,
              "Private_Clean": 24,
              "Private_Dirty": 100,
              "Private_Hugetlb": 0,
              "Pss": 180,
              "Pss_Anon": 100,
              "Pss_Dirty": 100,
              "Pss_File": 80,
              "Pss_Shmem": 0,
              "Referenced": 1832,
              "Rss": 1832,
              "Shared_Clean": 1708,
              "Shared_Dirty": 0,
              "Shared_Hugetlb": 0,
              "ShmemPmdMapped": 0,
              "Swap": 0,
              "SwapPss": 0
            },
            "start_ticks": 303507817
          },
          {
            "pid": 1922111,
            "rollup_kib": {
              "AnonHugePages": 18432,
              "Anonymous": 4570712,
              "FilePmdMapped": 0,
              "KSM": 0,
              "LazyFree": 0,
              "Locked": 0,
              "Private_Clean": 432,
              "Private_Dirty": 4570712,
              "Private_Hugetlb": 0,
              "Pss": 4571644,
              "Pss_Anon": 4570712,
              "Pss_Dirty": 4570712,
              "Pss_File": 932,
              "Pss_Shmem": 0,
              "Referenced": 4575444,
              "Rss": 4575444,
              "Shared_Clean": 4300,
              "Shared_Dirty": 0,
              "Shared_Hugetlb": 0,
              "ShmemPmdMapped": 0,
              "Swap": 0,
              "SwapPss": 0
            },
            "start_ticks": 303507817
          }
        ],
        "reason": "rss_growth",
        "tree_rss_kib": 4609892
      },
      {
        "elapsed_s": 22.0038,
        "processes": [
          {
            "pid": 1919420,
            "rollup_kib": {
              "AnonHugePages": 0,
              "Anonymous": 24336,
              "FilePmdMapped": 0,
              "KSM": 0,
              "LazyFree": 0,
              "Locked": 0,
              "Private_Clean": 128,
              "Private_Dirty": 24336,
              "Private_Hugetlb": 0,
              "Pss": 26903,
              "Pss_Anon": 24336,
              "Pss_Dirty": 24336,
              "Pss_File": 2567,
              "Pss_Shmem": 0,
              "Referenced": 37048,
              "Rss": 37048,
              "Shared_Clean": 12584,
              "Shared_Dirty": 0,
              "Shared_Hugetlb": 0,
              "ShmemPmdMapped": 0,
              "Swap": 0,
              "SwapPss": 0
            },
            "start_ticks": 303506482
          },
          {
            "pid": 1922110,
            "rollup_kib": {
              "AnonHugePages": 0,
              "Anonymous": 100,
              "FilePmdMapped": 0,
              "KSM": 0,
              "LazyFree": 0,
              "Locked": 0,
              "Private_Clean": 24,
              "Private_Dirty": 100,
              "Private_Hugetlb": 0,
              "Pss": 180,
              "Pss_Anon": 100,
              "Pss_Dirty": 100,
              "Pss_File": 80,
              "Pss_Shmem": 0,
              "Referenced": 1832,
              "Rss": 1832,
              "Shared_Clean": 1708,
              "Shared_Dirty": 0,
              "Shared_Hugetlb": 0,
              "ShmemPmdMapped": 0,
              "Swap": 0,
              "SwapPss": 0
            },
            "start_ticks": 303507817
          },
          {
            "pid": 1922111,
            "rollup_kib": {
              "AnonHugePages": 18432,
              "Anonymous": 4846032,
              "FilePmdMapped": 0,
              "KSM": 0,
              "LazyFree": 0,
              "Locked": 0,
              "Private_Clean": 432,
              "Private_Dirty": 4846032,
              "Private_Hugetlb": 0,
              "Pss": 4846963,
              "Pss_Anon": 4846032,
              "Pss_Dirty": 4846032,
              "Pss_File": 931,
              "Pss_Shmem": 0,
              "Referenced": 4850764,
              "Rss": 4850764,
              "Shared_Clean": 4300,
              "Shared_Dirty": 0,
              "Shared_Hugetlb": 0,
              "ShmemPmdMapped": 0,
              "Swap": 0,
              "SwapPss": 0
            },
            "start_ticks": 303507817
          }
        ],
        "reason": "rss_growth",
        "tree_rss_kib": 4888312
      },
      {
        "elapsed_s": 24.0841,
        "processes": [
          {
            "pid": 1919420,
            "rollup_kib": {
              "AnonHugePages": 0,
              "Anonymous": 24336,
              "FilePmdMapped": 0,
              "KSM": 0,
              "LazyFree": 0,
              "Locked": 0,
              "Private_Clean": 128,
              "Private_Dirty": 24336,
              "Private_Hugetlb": 0,
              "Pss": 26903,
              "Pss_Anon": 24336,
              "Pss_Dirty": 24336,
              "Pss_File": 2567,
              "Pss_Shmem": 0,
              "Referenced": 37048,
              "Rss": 37048,
              "Shared_Clean": 12584,
              "Shared_Dirty": 0,
              "Shared_Hugetlb": 0,
              "ShmemPmdMapped": 0,
              "Swap": 0,
              "SwapPss": 0
            },
            "start_ticks": 303506482
          },
          {
            "pid": 1922110,
            "rollup_kib": {
              "AnonHugePages": 0,
              "Anonymous": 100,
              "FilePmdMapped": 0,
              "KSM": 0,
              "LazyFree": 0,
              "Locked": 0,
              "Private_Clean": 24,
              "Private_Dirty": 100,
              "Private_Hugetlb": 0,
              "Pss": 180,
              "Pss_Anon": 100,
              "Pss_Dirty": 100,
              "Pss_File": 80,
              "Pss_Shmem": 0,
              "Referenced": 1832,
              "Rss": 1832,
              "Shared_Clean": 1708,
              "Shared_Dirty": 0,
              "Shared_Hugetlb": 0,
              "ShmemPmdMapped": 0,
              "Swap": 0,
              "SwapPss": 0
            },
            "start_ticks": 303507817
          },
          {
            "pid": 1922111,
            "rollup_kib": {
              "AnonHugePages": 18432,
              "Anonymous": 5131052,
              "FilePmdMapped": 0,
              "KSM": 0,
              "LazyFree": 0,
              "Locked": 0,
              "Private_Clean": 424,
              "Private_Dirty": 5131272,
              "Private_Hugetlb": 0,
              "Pss": 5132194,
              "Pss_Anon": 5131052,
              "Pss_Dirty": 5131272,
              "Pss_File": 1142,
              "Pss_Shmem": 0,
              "Referenced": 5135996,
              "Rss": 5135996,
              "Shared_Clean": 4300,
              "Shared_Dirty": 0,
              "Shared_Hugetlb": 0,
              "ShmemPmdMapped": 0,
              "Swap": 0,
              "SwapPss": 0
            },
            "start_ticks": 303507817
          }
        ],
        "reason": "rss_growth",
        "tree_rss_kib": 5174428
      },
      {
        "elapsed_s": 29.1872,
        "processes": [
          {
            "pid": 1919420,
            "rollup_kib": {
              "AnonHugePages": 0,
              "Anonymous": 24336,
              "FilePmdMapped": 0,
              "KSM": 0,
              "LazyFree": 0,
              "Locked": 0,
              "Private_Clean": 128,
              "Private_Dirty": 24336,
              "Private_Hugetlb": 0,
              "Pss": 26903,
              "Pss_Anon": 24336,
              "Pss_Dirty": 24336,
              "Pss_File": 2567,
              "Pss_Shmem": 0,
              "Referenced": 37048,
              "Rss": 37048,
              "Shared_Clean": 12584,
              "Shared_Dirty": 0,
              "Shared_Hugetlb": 0,
              "ShmemPmdMapped": 0,
              "Swap": 0,
              "SwapPss": 0
            },
            "start_ticks": 303506482
          },
          {
            "pid": 1922110,
            "rollup_kib": {
              "AnonHugePages": 0,
              "Anonymous": 100,
              "FilePmdMapped": 0,
              "KSM": 0,
              "LazyFree": 0,
              "Locked": 0,
              "Private_Clean": 24,
              "Private_Dirty": 100,
              "Private_Hugetlb": 0,
              "Pss": 180,
              "Pss_Anon": 100,
              "Pss_Dirty": 100,
              "Pss_File": 80,
              "Pss_Shmem": 0,
              "Referenced": 1832,
              "Rss": 1832,
              "Shared_Clean": 1708,
              "Shared_Dirty": 0,
              "Shared_Hugetlb": 0,
              "ShmemPmdMapped": 0,
              "Swap": 0,
              "SwapPss": 0
            },
            "start_ticks": 303507817
          },
          {
            "pid": 1922111,
            "rollup_kib": {
              "AnonHugePages": 18432,
              "Anonymous": 5402732,
              "FilePmdMapped": 0,
              "KSM": 0,
              "LazyFree": 0,
              "Locked": 0,
              "Private_Clean": 452,
              "Private_Dirty": 5403500,
              "Private_Hugetlb": 0,
              "Pss": 5404451,
              "Pss_Anon": 5402732,
              "Pss_Dirty": 5403500,
              "Pss_File": 1719,
              "Pss_Shmem": 0,
              "Referenced": 5408252,
              "Rss": 5408252,
              "Shared_Clean": 4300,
              "Shared_Dirty": 0,
              "Shared_Hugetlb": 0,
              "ShmemPmdMapped": 0,
              "Swap": 0,
              "SwapPss": 0
            },
            "start_ticks": 303507817
          }
        ],
        "reason": "rss_growth",
        "tree_rss_kib": 5446620
      },
      {
        "elapsed_s": 319.9754,
        "processes": [
          {
            "pid": 1919420,
            "rollup_kib": {
              "AnonHugePages": 0,
              "Anonymous": 44380,
              "FilePmdMapped": 0,
              "KSM": 0,
              "LazyFree": 0,
              "Locked": 0,
              "Private_Clean": 160,
              "Private_Dirty": 44380,
              "Private_Hugetlb": 0,
              "Pss": 46995,
              "Pss_Anon": 44380,
              "Pss_Dirty": 44380,
              "Pss_File": 2615,
              "Pss_Shmem": 0,
              "Referenced": 57156,
              "Rss": 57156,
              "Shared_Clean": 12616,
              "Shared_Dirty": 0,
              "Shared_Hugetlb": 0,
              "ShmemPmdMapped": 0,
              "Swap": 0,
              "SwapPss": 0
            },
            "start_ticks": 303506482
          },
          {
            "pid": 1972696,
            "rollup_kib": {
              "AnonHugePages": 0,
              "Anonymous": 100,
              "FilePmdMapped": 0,
              "KSM": 0,
              "LazyFree": 0,
              "Locked": 0,
              "Private_Clean": 24,
              "Private_Dirty": 100,
              "Private_Hugetlb": 0,
              "Pss": 180,
              "Pss_Anon": 100,
              "Pss_Dirty": 100,
              "Pss_File": 80,
              "Pss_Shmem": 0,
              "Referenced": 1832,
              "Rss": 1832,
              "Shared_Clean": 1708,
              "Shared_Dirty": 0,
              "Shared_Hugetlb": 0,
              "ShmemPmdMapped": 0,
              "Swap": 0,
              "SwapPss": 0
            },
            "start_ticks": 303534603
          },
          {
            "pid": 1972697,
            "rollup_kib": {
              "AnonHugePages": 18432,
              "Anonymous": 5642172,
              "FilePmdMapped": 0,
              "KSM": 0,
              "LazyFree": 0,
              "Locked": 0,
              "Private_Clean": 628,
              "Private_Dirty": 5645136,
              "Private_Hugetlb": 0,
              "Pss": 5646288,
              "Pss_Anon": 5642172,
              "Pss_Dirty": 5645136,
              "Pss_File": 4116,
              "Pss_Shmem": 0,
              "Referenced": 5650116,
              "Rss": 5650116,
              "Shared_Clean": 4352,
              "Shared_Dirty": 0,
              "Shared_Hugetlb": 0,
              "ShmemPmdMapped": 0,
              "Swap": 0,
              "SwapPss": 0
            },
            "start_ticks": 303534604
          }
        ],
        "reason": "rss_growth",
        "tree_rss_kib": 5708992
      },
      {
        "elapsed_s": 358.2849,
        "processes": [],
        "reason": "terminal",
        "tree_rss_kib": 0
      }
    ],
    "status": "complete",
    "temporary_disk_limit_bytes": 18000000000,
    "wall_time_limit_seconds": null
  }
}
