{"command": ["/usr/bin/python3", "/home/x/deco/gamma/projects/enwiki9/tools/run_with_rss_guard.py", "--limit-kib", "9765625", "--limit-mode", "max_single", "--official-decimal-limit-kib", "9765625", "--guard-json", "results/nncp_ggml_output_head_update_parity_qm0_guard_v1.json", "--label", "nncp_ggml_output_head_update_parity_qm0_v1", "--", "python3", "tools/nncp_ggml_output_head_update_parity_qm0.py"], "job": {"candidate_id": "nncp_ggml_output_head_update_parity_qm0_v1", "gate_size": 4, "job_id": "20260809T234726Z_df6daaf1af", "priority": 1415, "purpose": "oracle", "schema": "enwiki9_adaptive_job_v1", "started_at": "2026-08-09T23:47:40+00:00", "state": "running", "submitted_at": "2026-08-09T23:47:26+00:00", "tags": ["ggml", "nncp", "open-source", "output-head"], "tool": "tools/run_with_rss_guard.py", "tool_args": ["--limit-kib", "9765625", "--limit-mode", "max_single", "--official-decimal-limit-kib", "9765625", "--guard-json", "results/nncp_ggml_output_head_update_parity_qm0_guard_v1.json", "--label", "nncp_ggml_output_head_update_parity_qm0_v1", "--", "python3", "tools/nncp_ggml_output_head_update_parity_qm0.py"]}}
{
  "bias_fixture_identity": {
    "elements": 256,
    "maximum_absolute_error": 1.4901161193847656e-08,
    "mean_absolute_error": 1.3915268937125802e-10,
    "sign_mismatches": 0
  },
  "candidate_id": "nncp_ggml_output_head_update_parity_qm0_v1",
  "dynamic_dependency_pass": true,
  "epistemic_tier": "zero_credit_open_head_parity",
  "final_bias": {
    "elements": 256,
    "maximum_absolute_error": 2.7992064133286476e-07,
    "mean_absolute_error": 1.4485777910522302e-07,
    "sign_mismatches": 0
  },
  "final_weights": {
    "elements": 8192,
    "maximum_absolute_error": 2.8312206268310547e-07,
    "mean_absolute_error": 1.4922801838679334e-07,
    "sign_mismatches": 0
  },
  "fixture_input_sha256": {
    "/home/x/enwiki9-nonproof/results/nncp_v33_online_update_parity_v1/run_07_bound/final_export/00016.bin": "8adc102b42286e7943f3b9730ec8d49ddb879d288c9302111104aed596f21299",
    "/home/x/enwiki9-nonproof/results/nncp_v33_online_update_parity_v1/run_07_bound/final_export/00017.bin": "fdd9f52248b0c3f38b04ffa1d4d04c69f3e94a6d4318b8133fe31b386c7cba59",
    "/home/x/enwiki9-nonproof/results/nncp_v33_online_update_parity_v1/run_07_bound/gradients/unknown_0000.bin": "80f76b36533ea232a9715fc457210a28c92b4e177d88f02b9c335ffa6e0d302f",
    "/home/x/enwiki9-nonproof/results/nncp_v33_online_update_parity_v1/run_07_bound/gradients/unknown_0017.bin": "dbf31431581356f26edee7532b0154452cd7e3018813fcf393cca2a039133b56",
    "/home/x/enwiki9-nonproof/results/nncp_v33_online_update_parity_v1/run_07_bound/teacher.bin": "cde241e346ea4b1bc2d62822f1b5645c1d5f204a155293def4915b6c1715fef4",
    "/home/x/enwiki9-nonproof/results/nncp_v33_relative_parity_v1/run_05/export/00016.bin": "046679838fb9b29d39b4ff26ef3644dbdbf17648887ab100e0bf2f82241da5eb",
    "/home/x/enwiki9-nonproof/results/nncp_v33_relative_parity_v1/run_05/export/00017.bin": "5f70bf18a086007016e948b04aed3b82103a36bea41755b6cddfaf10ace3c6ef",
    "/home/x/enwiki9-nonproof/results/nncp_v33_relative_parity_v1/run_05/export/manifest.json": "6947405fd472b7401fe3460b037bfc17a788c04582ff5215b21f4821621104cd"
  },
  "fixture_package_bytes": 92496,
  "fixture_package_sha256": "aec9228a0df65ff82aa162210b5cf549e685a040a0cf5dd39cd8adcff8705e52",
  "forbidden_dynamic_dependencies": [],
  "generated_at": "2026-08-09T23:47:57.486585+00:00",
  "ggml_commit": "f4884293809b5227d7307140a942f1bc4176a603",
  "gradient_bias": {
    "elements": 256,
    "maximum_absolute_error": 0.12318682670593262,
    "mean_absolute_error": 0.003835612938473787,
    "sign_mismatches": 0
  },
  "gradient_pass": false,
  "gradient_weights": {
    "elements": 8192,
    "maximum_absolute_error": 0.2357707917690277,
    "mean_absolute_error": 0.002444853974662405,
    "sign_mismatches": 0
  },
  "hidden_reconstruction": {
    "elements": 8192,
    "maximum_absolute_error": 2.9802322387695312e-08,
    "mean_absolute_error": 1.3981527047235431e-10,
    "sign_mismatches": 0
  },
  "loss": "0x1.6a4f44p+2",
  "overall_pass": false,
  "probe_binary_bytes": 1242112,
  "probe_binary_sha256": "d623da6a9ad23844be2eda59aa8293b0652d080c9dca3dd1e82b4e04504ec7ad",
  "repeat_output_identical": true,
  "run_aggregate_sha256": "bc1f4b7c5757aa106687956f5aa21dd52f788e816fcf9e2f8bf29475c8a55dcf",
  "schema": "enwiki9_nncp_ggml_output_head_update_parity_qm0_v1",
  "score_credit_bytes": 0,
  "source_ceiling_bytes": 2000000,
  "source_ceiling_pass": true,
  "source_package_bytes": 1170500,
  "source_package_sha256": "24020035a552648eba227390a3a41cab3fa14445a9c5798c5977995855856fe1",
  "update_pass": true
}
{
  "rss_guard": {
    "label": "nncp_ggml_output_head_update_parity_qm0_v1",
    "command": [
      "python3",
      "tools/nncp_ggml_output_head_update_parity_qm0.py"
    ],
    "limit_kib": 9765625,
    "limit_mode": "max_single",
    "official_decimal_limit_kib": 9765625,
    "official_decimal_over_limit_kib": 0,
    "max_sampled_single_rss_kib": 418560,
    "max_sampled_tree_rss_kib": 895304,
    "peak_sample": {
      "processes": [
        {
          "pid": 1800799,
          "rss_kib": 38352
        },
        {
          "pid": 1801632,
          "rss_kib": 18496
        },
        {
          "pid": 1801633,
          "rss_kib": 2680
        },
        {
          "pid": 1801635,
          "rss_kib": 2688
        },
        {
          "pid": 1801638,
          "rss_kib": 2700
        },
        {
          "pid": 1802702,
          "rss_kib": 2812
        },
        {
          "pid": 1803145,
          "rss_kib": 2012
        },
        {
          "pid": 1803146,
          "rss_kib": 3288
        },
        {
          "pid": 1803147,
          "rss_kib": 418560
        }
      ],
      "max_single_rss_kib": 418560,
      "tree_rss_kib": 491588
    },
    "latest_sample": {
      "processes": [],
      "max_single_rss_kib": 0,
      "tree_rss_kib": 0
    },
    "sample_count": 5,
    "rss_guard_exceeded": false,
    "returncode": 1,
    "status": "complete",
    "elapsed_s": 20.0077
  }
}
