{"command": ["/usr/bin/python3", "/home/x/deco/gamma/projects/enwiki9/tools/run_with_resource_guard_v3.py", "--limit-kib", "2097152", "--official-decimal-limit-kib", "2097152", "--limit-mode", "tree", "--cgroup-path", "/sys/fs/cgroup/user.slice/user-1000.slice/user@1000.service/app.slice/gamma-enwiki9-20260906T143122Z_85238bbb11", "--cgroup-memory-max-bytes", "2147483648", "--temporary-disk-limit-bytes", "268435456", "--phase-marker-path", "/home/x/deco/gamma/projects/enwiki9/run_logs/adaptive/20260906T143122Z_85238bbb11.resources/phases.jsonl", "--max-logical-cpus", "1", "--guard-json", "/home/x/deco/gamma/projects/enwiki9/run_logs/adaptive/20260906T143122Z_85238bbb11.resources/guard.json", "--label", "20260906T143122Z_85238bbb11", "--phase", "diagnostic", "--scratch-path", "/home/x/deco/gamma/projects/enwiki9/results/midas_open_observed_distant100k_q0_v1", "--scratch-path", "/home/x/deco/gamma/projects/enwiki9/run_logs/adaptive/20260906T143122Z_85238bbb11.log", "--scratch-path", "/home/x/deco/gamma/projects/enwiki9/run_logs/adaptive/20260906T143122Z_85238bbb11.resources", "--scratch-path", "/tmp/gamma-enwiki9-20260906T143122Z_85238bbb11-t45cro1x/midas_open_observed_distant100k_q0_v1", "--", "/usr/bin/taskset", "--cpu-list", "2", "/bin/sh", "-c", "printf '%s\\n' '{\"phase\":\"diagnostic\",\"event\":\"worker_start\",\"detail\":\"operational envelope only; no codec phase credit\"}' >> \"$GAMMA_RESOURCE_PHASE_MARKERS\" || exit 125; exec \"$@\"", "enwiki9-discovery-envelope", "/usr/bin/python3", "/home/x/deco/gamma/projects/enwiki9/tools/midas_open_observed_gate_v1.py", "--candidate", "midas_open_observed_distant100k_q0_v1"], "job": {"candidate_id": "midas_open_observed_distant100k_q0_v1", "candidate_revision": {"path": "operations/adaptive/candidate-revisions/midas_open_observed_distant100k_q0_v1/20260906T143122344560Z_6dd5c2c6125f.json", "sha256": "sha256:2d22d6302983445d8d8f8df7f7874eef05d288ba8ded7930e954463b735de831"}, "candidate_tree_sha256": "sha256:6dd5c2c6125f5fae28e976d562576bf4516381435e4a5e1f83eb3f6a243b056e", "execution_guard": {"path": "tools/run_with_resource_guard_v3.py", "sha256": "sha256:044147f7ffe6922ea8dafd52fc3d4426077b20958adbcd421245ad41adcfc1e4"}, "execution_mode": "discovery", "execution_resources": {"boot_id": "3ce46712-27bc-4199-8e48-e2b3d23926cb", "budget": {"cgroup_parent": "/sys/fs/cgroup/user.slice/user-1000.slice/user@1000.service/app.slice", "cpus": [2], "memory_bytes": 2147483648, "scratch_bytes": 268435456, "swap_bytes": 0, "wall_seconds": 1200}, "cgroup_inode": 233168, "cgroup_path": "/sys/fs/cgroup/user.slice/user-1000.slice/user@1000.service/app.slice/gamma-enwiki9-20260906T143122Z_85238bbb11", "cpu_enforcement": "taskset-and-sampled-affinity-guard", "groups": [{"created": true, "inode": 233168, "kernel_cpuset": false, "memory_bytes": 2147483648, "path": "/sys/fs/cgroup/user.slice/user-1000.slice/user@1000.service/app.slice/gamma-enwiki9-20260906T143122Z_85238bbb11"}], "guard_command_sha256": "ff3b777c0b2e7bc664c3f8a9d6d99315dab12db236da0a9424bd1840c6cb6480", "guard_path": "run_logs/adaptive/20260906T143122Z_85238bbb11.resources/guard.json", "missing_diagnostics": ["kernel cpuset controller is not delegated; taskset assignment and existing affinity guard remain active"], "timing_authority": "diagnostic"}, "experiment": {"path": "operations/adaptive/experiments/midas_open_observed_distant100k_q0_v1.json", "sha256": "sha256:545eac0399cece6ca61c08520ad174aa6682483c53640cc1e60faea01898fc97"}, "gate_size": 100000, "held": false, "held_at": "2026-09-06T14:31:22+00:00", "hold_history": [{"at": "2026-09-06T14:31:22+00:00", "held": true, "reason": "Held from initial write until root_explore ownership, all238 frozen inputs and validated opening predecessor are published; fresh CPU2 admission required."}, {"at": "2026-09-06T14:42:20+00:00", "held": false, "reason": "Ownership root_explore and all 238 frozen inputs verified on disk and published at 980dc6757dc7cca89cc6c493bffe74af1f8284c4; fresh 2026-09-06T14:41:40Z admission identifies only preserved HORIZON jobs, no exclusive lease or other CPU 2 gate; unchanged runner preflight passes."}], "job_id": "20260906T143122Z_85238bbb11", "priority": 40, "proposal": {"path": "operations/adaptive/proposals/developed/949_midas_open_observed_distant100k_q0_v1.json", "sha256": "sha256:c0a5e06f0e42fca3ebda95597be7fa2cbc9d72a9221660db46a2139540a11749"}, "proposal_id": "midas_open_observed_distant100k_q0_v1", "purpose": "diagnostic", "released_at": "2026-09-06T14:42:20+00:00", "resource_budget": {"cgroup_parent": "/sys/fs/cgroup/user.slice/user-1000.slice/user@1000.service/app.slice", "cpus": [2], "memory_bytes": 2147483648, "scratch_bytes": 268435456, "swap_bytes": 0, "wall_seconds": 1200}, "runner": {"path": "tools/midas_open_observed_gate_v1.py", "sha256": "sha256:baa28b7be164d858ffd812b6b523fa8476fcd50a3ebf6fe0be04cb77eee93037"}, "schema": "gamma.enwiki9.adaptive-job.v3", "scratch_directories": ["results/midas_open_observed_distant100k_q0_v1"], "started_at": "2026-09-06T14:42:20+00:00", "state": "running", "submitted_at": "2026-09-06T14:31:22+00:00", "tags": ["distant100k", "held_initially", "observed_midas", "owner_root_explore"], "timing_authority": "diagnostic", "tool": "tools/midas_open_observed_gate_v1.py", "tool_args": ["--candidate", "midas_open_observed_distant100k_q0_v1"]}}
{"status": "passed", "infrastructure_pass": true, "candidate_id": "midas_open_observed_distant100k_q0_v1"}
{
  "resource_guard": {
    "cgroup": {
      "inode": 233168,
      "joined_before_exec": true,
      "memory_max_bytes": 2147483648,
      "memory_max_rounding_bytes": 0,
      "memory_peak_reset": true,
      "path": "/sys/fs/cgroup/user.slice/user-1000.slice/user@1000.service/app.slice/gamma-enwiki9-20260906T143122Z_85238bbb11",
      "previous_memory_max": "2147483648",
      "requested_memory_max_bytes": 2147483648
    },
    "cgroup_events": {
      "baseline": {
        "high": 0,
        "low": 0,
        "max": 0,
        "oom": 0,
        "oom_group_kill": 0,
        "oom_kill": 0,
        "sock_throttled": 0
      },
      "delta": {
        "high": 0,
        "low": 0,
        "max": 0,
        "oom": 0,
        "oom_group_kill": 0,
        "oom_kill": 0,
        "sock_throttled": 0
      },
      "final": {
        "high": 0,
        "low": 0,
        "max": 0,
        "oom": 0,
        "oom_group_kill": 0,
        "oom_kill": 0,
        "sock_throttled": 0
      }
    },
    "command": [
      "/usr/bin/taskset",
      "--cpu-list",
      "2",
      "/bin/sh",
      "-c",
      "printf '%s\\n' '{\"phase\":\"diagnostic\",\"event\":\"worker_start\",\"detail\":\"operational envelope only; no codec phase credit\"}' >> \"$GAMMA_RESOURCE_PHASE_MARKERS\" || exit 125; exec \"$@\"",
      "enwiki9-discovery-envelope",
      "/usr/bin/python3",
      "/home/x/deco/gamma/projects/enwiki9/tools/midas_open_observed_gate_v1.py",
      "--candidate",
      "midas_open_observed_distant100k_q0_v1"
    ],
    "command_sha256": "e0842ade869e45084ddcf41ec2f4943fa698f2b968cb909c11d0324c33fbade9",
    "elapsed_s": 801.264,
    "geekbench5_single_core_score": null,
    "guards": {
      "cgroup_memory_guard_exceeded": false,
      "logical_cpu_guard_exceeded": false,
      "measurement_incomplete": false,
      "official_decimal_memory_exceeded": false,
      "phase_marker_invalid": false,
      "rss_guard_exceeded": false,
      "temporary_disk_guard_exceeded": false,
      "wall_time_guard_exceeded": false
    },
    "label": "20260906T143122Z_85238bbb11",
    "latest_sample": {
      "allowed_cpu_union": [],
      "cgroup_current_bytes": 136941568,
      "elapsed_s": 801.2619,
      "max_single_rss_kib": 0,
      "persistent_status_misses": [],
      "processes": [],
      "scratch_allocated_bytes": 132694016,
      "scratch_file_count": 157,
      "scratch_logical_bytes": 132182962,
      "scratch_race_count": 0,
      "tree_live_threads": 0,
      "tree_rss_kib": 0,
      "tree_runnable_threads": 0
    },
    "limit_kib": 2097152,
    "limit_mode": "tree",
    "max_logical_cpus": 1,
    "measurements": {
      "affinity_complete": true,
      "cgroup_v2_complete": true,
      "per_process_vmhwm_sampled": true,
      "phase_markers_complete": true,
      "process_tree_rss_complete": true,
      "scratch_logical_and_allocated_complete": true,
      "smaps_rollup_complete": true
    },
    "objective": {
      "corpusBytes": 1000000000,
      "corpusSha256": "159b85351e5f76e60cbe32e04c677847a9ecba3adc79addab6f4c6c7aa3744bc",
      "objectiveDigest": "sha256:16badfa6c1a53b47bcc12b089fdd9c21f7405ea56a84344d60c28d2252da8288",
      "objectiveId": "gamma-enwiki9-hutter-99m-v2",
      "objectivePath": "contracts/research/v2/objective-contract.json",
      "targetScoreBytes": 99000000
    },
    "official_decimal_limit_kib": 2097152,
    "peak_process_vmhwm": {
      "comm": "python3",
      "observed_elapsed_s": 408.0546,
      "pid": 2149458,
      "start_ticks": 180187860,
      "vmhwm_kib": 33980
    },
    "peak_sample": {
      "allowed_cpu_union": [
        2
      ],
      "cgroup_current_bytes": 156667904,
      "elapsed_s": 800.76,
      "max_single_rss_kib": 31468,
      "persistent_status_misses": [],
      "processes": [
        {
          "allowed_cpus": [
            2
          ],
          "comm": "python3",
          "live_threads": 1,
          "pid": 2149458,
          "rss_kib": 31468,
          "runnable_threads": 1,
          "start_ticks": 180187860,
          "vmhwm_kib": 33980
        }
      ],
      "scratch_allocated_bytes": 132632576,
      "scratch_file_count": 154,
      "scratch_logical_bytes": 132131198,
      "scratch_race_count": 0,
      "tree_live_threads": 1,
      "tree_rss_kib": 31468,
      "tree_runnable_threads": 1
    },
    "peak_tree_sample": {
      "allowed_cpu_union": [
        2
      ],
      "cgroup_current_bytes": 68173824,
      "elapsed_s": 204.2687,
      "max_single_rss_kib": 31216,
      "persistent_status_misses": [],
      "processes": [
        {
          "allowed_cpus": [
            2
          ],
          "comm": "python3",
          "live_threads": 1,
          "pid": 2149458,
          "rss_kib": 31216,
          "runnable_threads": 0,
          "start_ticks": 180187860,
          "vmhwm_kib": 32608
        },
        {
          "allowed_cpus": [
            2
          ],
          "comm": "timeout",
          "live_threads": 1,
          "pid": 2184660,
          "rss_kib": 7824,
          "runnable_threads": 0,
          "start_ticks": 180206195,
          "vmhwm_kib": 7824
        },
        {
          "allowed_cpus": [
            2
          ],
          "comm": "program",
          "live_threads": 1,
          "pid": 2184662,
          "rss_kib": 12396,
          "runnable_threads": 1,
          "start_ticks": 180206195,
          "vmhwm_kib": 12396
        }
      ],
      "scratch_allocated_bytes": 35225600,
      "scratch_file_count": 54,
      "scratch_logical_bytes": 35042171,
      "scratch_race_count": 0,
      "tree_live_threads": 3,
      "tree_rss_kib": 51436,
      "tree_runnable_threads": 1
    },
    "peaks": {
      "cgroup_memory_peak_bytes": 172855296,
      "max_observed_process_vmhwm_kib": 33980,
      "max_sampled_allowed_cpu_count": 1,
      "max_sampled_cgroup_current_bytes": 163270656,
      "max_sampled_scratch_allocated_bytes": 132694016,
      "max_sampled_scratch_logical_bytes": 132182962,
      "max_sampled_single_rss_kib": 31468,
      "max_sampled_tree_live_threads": 3,
      "max_sampled_tree_rss_kib": 51436,
      "max_sampled_tree_runnable_threads": 1
    },
    "phase": "diagnostic",
    "phase_marker_path": "/home/x/deco/gamma/projects/enwiki9/run_logs/adaptive/20260906T143122Z_85238bbb11.resources/phases.jsonl",
    "phase_markers": [
      {
        "detail": "operational envelope only; no codec phase credit",
        "event": "worker_start",
        "observed_elapsed_s": 0.023,
        "phase": "diagnostic",
        "source_line": 1
      },
      {
        "detail": null,
        "event": "start",
        "observed_elapsed_s": 0.5238,
        "phase": "P-reference",
        "source_line": 2
      },
      {
        "detail": null,
        "event": "end",
        "observed_elapsed_s": 15.5688,
        "phase": "P-reference",
        "source_line": 3
      },
      {
        "detail": null,
        "event": "start",
        "observed_elapsed_s": 15.5688,
        "phase": "P-encode",
        "source_line": 4
      },
      {
        "detail": null,
        "event": "end",
        "observed_elapsed_s": 60.7119,
        "phase": "P-encode",
        "source_line": 5
      },
      {
        "detail": null,
        "event": "start",
        "observed_elapsed_s": 61.2138,
        "phase": "P-decode",
        "source_line": 6
      },
      {
        "detail": null,
        "event": "end",
        "observed_elapsed_s": 106.3744,
        "phase": "P-decode",
        "source_line": 7
      },
      {
        "detail": null,
        "event": "start",
        "observed_elapsed_s": 106.8764,
        "phase": "P-repeat",
        "source_line": 8
      },
      {
        "detail": null,
        "event": "end",
        "observed_elapsed_s": 152.0498,
        "phase": "P-repeat",
        "source_line": 9
      },
      {
        "detail": null,
        "event": "start",
        "observed_elapsed_s": 153.0543,
        "phase": "K-reference",
        "source_line": 10
      },
      {
        "detail": null,
        "event": "end",
        "observed_elapsed_s": 183.6914,
        "phase": "K-reference",
        "source_line": 11
      },
      {
        "detail": null,
        "event": "start",
        "observed_elapsed_s": 183.6914,
        "phase": "K-encode",
        "source_line": 12
      },
      {
        "detail": null,
        "event": "end",
        "observed_elapsed_s": 257.9745,
        "phase": "K-encode",
        "source_line": 13
      },
      {
        "detail": null,
        "event": "start",
        "observed_elapsed_s": 258.4769,
        "phase": "K-decode",
        "source_line": 14
      },
      {
        "detail": null,
        "event": "end",
        "observed_elapsed_s": 333.2611,
        "phase": "K-decode",
        "source_line": 15
      },
      {
        "detail": null,
        "event": "start",
        "observed_elapsed_s": 333.2611,
        "phase": "K-repeat",
        "source_line": 16
      },
      {
        "detail": null,
        "event": "end",
        "observed_elapsed_s": 407.5521,
        "phase": "K-repeat",
        "source_line": 17
      },
      {
        "detail": null,
        "event": "start",
        "observed_elapsed_s": 408.5567,
        "phase": "F-reference",
        "source_line": 18
      },
      {
        "detail": null,
        "event": "end",
        "observed_elapsed_s": 434.1594,
        "phase": "F-reference",
        "source_line": 19
      },
      {
        "detail": null,
        "event": "start",
        "observed_elapsed_s": 434.1594,
        "phase": "F-encode",
        "source_line": 20
      },
      {
        "detail": null,
        "event": "end",
        "observed_elapsed_s": 490.889,
        "phase": "F-encode",
        "source_line": 21
      },
      {
        "detail": null,
        "event": "start",
        "observed_elapsed_s": 490.889,
        "phase": "F-decode",
        "source_line": 22
      },
      {
        "detail": null,
        "event": "end",
        "observed_elapsed_s": 547.1289,
        "phase": "F-decode",
        "source_line": 23
      },
      {
        "detail": null,
        "event": "start",
        "observed_elapsed_s": 547.1289,
        "phase": "F-repeat",
        "source_line": 24
      },
      {
        "detail": null,
        "event": "end",
        "observed_elapsed_s": 603.3597,
        "phase": "F-repeat",
        "source_line": 25
      },
      {
        "detail": null,
        "event": "start",
        "observed_elapsed_s": 604.3636,
        "phase": "S-reference",
        "source_line": 26
      },
      {
        "detail": null,
        "event": "end",
        "observed_elapsed_s": 629.9733,
        "phase": "S-reference",
        "source_line": 27
      },
      {
        "detail": null,
        "event": "start",
        "observed_elapsed_s": 629.9733,
        "phase": "S-encode",
        "source_line": 28
      },
      {
        "detail": null,
        "event": "end",
        "observed_elapsed_s": 686.2248,
        "phase": "S-encode",
        "source_line": 29
      },
      {
        "detail": null,
        "event": "start",
        "observed_elapsed_s": 686.2248,
        "phase": "S-decode",
        "source_line": 30
      },
      {
        "detail": null,
        "event": "end",
        "observed_elapsed_s": 742.9842,
        "phase": "S-decode",
        "source_line": 31
      },
      {
        "detail": null,
        "event": "start",
        "observed_elapsed_s": 742.9842,
        "phase": "S-repeat",
        "source_line": 32
      },
      {
        "detail": null,
        "event": "end",
        "observed_elapsed_s": 799.7551,
        "phase": "S-repeat",
        "source_line": 33
      }
    ],
    "returncode": 0,
    "sample_count": 1597,
    "sample_interval_seconds": 0.5,
    "schema": "gamma.enwiki9.resource-guard-receipt.v3",
    "scratch_paths": [
      "/home/x/deco/gamma/projects/enwiki9/results/midas_open_observed_distant100k_q0_v1",
      "/home/x/deco/gamma/projects/enwiki9/run_logs/adaptive/20260906T143122Z_85238bbb11.log",
      "/home/x/deco/gamma/projects/enwiki9/run_logs/adaptive/20260906T143122Z_85238bbb11.resources",
      "/tmp/gamma-enwiki9-20260906T143122Z_85238bbb11-t45cro1x/midas_open_observed_distant100k_q0_v1"
    ],
    "smaps_rollup_checkpoints": [
      {
        "elapsed_s": 0.023,
        "processes": [
          {
            "pid": 2149458,
            "rollup_kib": {
              "AnonHugePages": 0,
              "Anonymous": 736,
              "FilePmdMapped": 0,
              "KSM": 0,
              "LazyFree": 0,
              "Locked": 0,
              "Private_Clean": 96,
              "Private_Dirty": 736,
              "Private_Hugetlb": 0,
              "Pss": 1096,
              "Pss_Anon": 736,
              "Pss_Dirty": 736,
              "Pss_File": 360,
              "Pss_Shmem": 0,
              "Referenced": 4484,
              "Rss": 4484,
              "Shared_Clean": 3652,
              "Shared_Dirty": 0,
              "Shared_Hugetlb": 0,
              "ShmemPmdMapped": 0,
              "Swap": 0,
              "SwapPss": 0
            },
            "start_ticks": 180187860
          }
        ],
        "reason": "initial+phase_marker+rss_growth",
        "tree_rss_kib": 3900
      },
      {
        "elapsed_s": 0.5238,
        "processes": [
          {
            "pid": 2149458,
            "rollup_kib": {
              "AnonHugePages": 0,
              "Anonymous": 16716,
              "FilePmdMapped": 0,
              "KSM": 0,
              "LazyFree": 0,
              "Locked": 0,
              "Private_Clean": 28,
              "Private_Dirty": 16716,
              "Private_Hugetlb": 0,
              "Pss": 17934,
              "Pss_Anon": 16716,
              "Pss_Dirty": 16716,
              "Pss_File": 1218,
              "Pss_Shmem": 0,
              "Referenced": 28972,
              "Rss": 28972,
              "Shared_Clean": 12228,
              "Shared_Dirty": 0,
              "Shared_Hugetlb": 0,
              "ShmemPmdMapped": 0,
              "Swap": 0,
              "SwapPss": 0
            },
            "start_ticks": 180187860
          },
          {
            "pid": 2149501,
            "rollup_kib": {
              "AnonHugePages": 0,
              "Anonymous": 1252,
              "FilePmdMapped": 0,
              "KSM": 0,
              "LazyFree": 0,
              "Locked": 0,
              "Private_Clean": 308,
              "Private_Dirty": 1252,
              "Private_Hugetlb": 0,
              "Pss": 3289,
              "Pss_Anon": 1252,
              "Pss_Dirty": 1252,
              "Pss_File": 2037,
              "Pss_Shmem": 0,
              "Referenced": 7624,
              "Rss": 7624,
              "Shared_Clean": 6064,
              "Shared_Dirty": 0,
              "Shared_Hugetlb": 0,
              "ShmemPmdMapped": 0,
              "Swap": 0,
              "SwapPss": 0
            },
            "start_ticks": 180187884
          },
          {
            "pid": 2149502,
            "rollup_kib": {
              "AnonHugePages": 0,
              "Anonymous": 1068,
              "FilePmdMapped": 0,
              "KSM": 0,
              "LazyFree": 0,
              "Locked": 0,
              "Private_Clean": 0,
              "Private_Dirty": 1380,
              "Private_Hugetlb": 0,
              "Pss": 1562,
              "Pss_Anon": 1068,
              "Pss_Dirty": 1380,
              "Pss_File": 494,
              "Pss_Shmem": 0,
              "Referenced": 5048,
              "Rss": 5048,
              "Shared_Clean": 3668,
              "Shared_Dirty": 0,
              "Shared_Hugetlb": 0,
              "ShmemPmdMapped": 0,
              "Swap": 0,
              "SwapPss": 0
            },
            "start_ticks": 180187884
          }
        ],
        "reason": "phase_marker",
        "tree_rss_kib": 41644
      },
      {
        "elapsed_s": 15.5688,
        "processes": [
          {
            "pid": 2149458,
            "rollup_kib": {
              "AnonHugePages": 0,
              "Anonymous": 17864,
              "FilePmdMapped": 0,
              "KSM": 0,
              "LazyFree": 0,
              "Locked": 0,
              "Private_Clean": 28,
              "Private_Dirty": 17864,
              "Private_Hugetlb": 0,
              "Pss": 19093,
              "Pss_Anon": 17864,
              "Pss_Dirty": 17864,
              "Pss_File": 1229,
              "Pss_Shmem": 0,
              "Referenced": 30184,
              "Rss": 30184,
              "Shared_Clean": 12292,
              "Shared_Dirty": 0,
              "Shared_Hugetlb": 0,
              "ShmemPmdMapped": 0,
              "Swap": 0,
              "SwapPss": 0
            },
            "start_ticks": 180187860
          },
          {
            "pid": 2152470,
            "rollup_kib": {
              "AnonHugePages": 0,
              "Anonymous": 1248,
              "FilePmdMapped": 0,
              "KSM": 0,
              "LazyFree": 0,
              "Locked": 0,
              "Private_Clean": 416,
              "Private_Dirty": 1248,
              "Private_Hugetlb": 0,
              "Pss": 3375,
              "Pss_Anon": 1248,
              "Pss_Dirty": 1248,
              "Pss_File": 2127,
              "Pss_Shmem": 0,
              "Referenced": 7672,
              "Rss": 7672,
              "Shared_Clean": 6008,
              "Shared_Dirty": 0,
              "Shared_Hugetlb": 0,
              "ShmemPmdMapped": 0,
              "Swap": 0,
              "SwapPss": 0
            },
            "start_ticks": 180189387
          },
          {
            "pid": 2152471,
            "rollup_kib": {
              "AnonHugePages": 0,
              "Anonymous": 4948,
              "FilePmdMapped": 0,
              "KSM": 0,
              "LazyFree": 0,
              "Locked": 0,
              "Private_Clean": 56,
              "Private_Dirty": 5312,
              "Private_Hugetlb": 0,
              "Pss": 5573,
              "Pss_Anon": 4948,
              "Pss_Dirty": 5312,
              "Pss_File": 625,
              "Pss_Shmem": 0,
              "Referenced": 9420,
              "Rss": 9420,
              "Shared_Clean": 4052,
              "Shared_Dirty": 0,
              "Shared_Hugetlb": 0,
              "ShmemPmdMapped": 0,
              "Swap": 0,
              "SwapPss": 0
            },
            "start_ticks": 180189387
          }
        ],
        "reason": "phase_marker",
        "tree_rss_kib": 47276
      },
      {
        "elapsed_s": 60.7119,
        "processes": [
          {
            "pid": 2149458,
            "rollup_kib": {
              "AnonHugePages": 0,
              "Anonymous": 17864,
              "FilePmdMapped": 0,
              "KSM": 0,
              "LazyFree": 0,
              "Locked": 0,
              "Private_Clean": 28,
              "Private_Dirty": 17864,
              "Private_Hugetlb": 0,
              "Pss": 19095,
              "Pss_Anon": 17864,
              "Pss_Dirty": 17864,
              "Pss_File": 1231,
              "Pss_Shmem": 0,
              "Referenced": 30184,
              "Rss": 30184,
              "Shared_Clean": 12292,
              "Shared_Dirty": 0,
              "Shared_Hugetlb": 0,
              "ShmemPmdMapped": 0,
              "Swap": 0,
              "SwapPss": 0
            },
            "start_ticks": 180187860
          }
        ],
        "reason": "phase_marker",
        "tree_rss_kib": 30184
      },
      {
        "elapsed_s": 61.2138,
        "processes": [
          {
            "pid": 2149458,
            "rollup_kib": {
              "AnonHugePages": 0,
              "Anonymous": 18116,
              "FilePmdMapped": 0,
              "KSM": 0,
              "LazyFree": 0,
              "Locked": 0,
              "Private_Clean": 28,
              "Private_Dirty": 18116,
              "Private_Hugetlb": 0,
              "Pss": 19345,
              "Pss_Anon": 18116,
              "Pss_Dirty": 18116,
              "Pss_File": 1229,
              "Pss_Shmem": 0,
              "Referenced": 30436,
              "Rss": 30436,
              "Shared_Clean": 12292,
              "Shared_Dirty": 0,
              "Shared_Hugetlb": 0,
              "ShmemPmdMapped": 0,
              "Swap": 0,
              "SwapPss": 0
            },
            "start_ticks": 180187860
          },
          {
            "pid": 2161578,
            "rollup_kib": {
              "AnonHugePages": 0,
              "Anonymous": 1244,
              "FilePmdMapped": 0,
              "KSM": 0,
              "LazyFree": 0,
              "Locked": 0,
              "Private_Clean": 360,
              "Private_Dirty": 1244,
              "Private_Hugetlb": 0,
              "Pss": 3302,
              "Pss_Anon": 1244,
              "Pss_Dirty": 1244,
              "Pss_File": 2058,
              "Pss_Shmem": 0,
              "Referenced": 7664,
              "Rss": 7664,
              "Shared_Clean": 6060,
              "Shared_Dirty": 0,
              "Shared_Hugetlb": 0,
              "ShmemPmdMapped": 0,
              "Swap": 0,
              "SwapPss": 0
            },
            "start_ticks": 180193941
          },
          {
            "pid": 2161579,
            "rollup_kib": {
              "AnonHugePages": 0,
              "Anonymous": 1100,
              "FilePmdMapped": 0,
              "KSM": 0,
              "LazyFree": 0,
              "Locked": 0,
              "Private_Clean": 420,
              "Private_Dirty": 1100,
              "Private_Hugetlb": 0,
              "Pss": 1725,
              "Pss_Anon": 1100,
              "Pss_Dirty": 1100,
              "Pss_File": 625,
              "Pss_Shmem": 0,
              "Referenced": 5572,
              "Rss": 5572,
              "Shared_Clean": 4052,
              "Shared_Dirty": 0,
              "Shared_Hugetlb": 0,
              "ShmemPmdMapped": 0,
              "Swap": 0,
              "SwapPss": 0
            },
            "start_ticks": 180193942
          }
        ],
        "reason": "phase_marker",
        "tree_rss_kib": 43672
      },
      {
        "elapsed_s": 106.3744,
        "processes": [
          {
            "pid": 2149458,
            "rollup_kib": {
              "AnonHugePages": 0,
              "Anonymous": 18144,
              "FilePmdMapped": 0,
              "KSM": 0,
              "LazyFree": 0,
              "Locked": 0,
              "Private_Clean": 28,
              "Private_Dirty": 18144,
              "Private_Hugetlb": 0,
              "Pss": 19375,
              "Pss_Anon": 18144,
              "Pss_Dirty": 18144,
              "Pss_File": 1231,
              "Pss_Shmem": 0,
              "Referenced": 30464,
              "Rss": 30464,
              "Shared_Clean": 12292,
              "Shared_Dirty": 0,
              "Shared_Hugetlb": 0,
              "ShmemPmdMapped": 0,
              "Swap": 0,
              "SwapPss": 0
            },
            "start_ticks": 180187860
          }
        ],
        "reason": "phase_marker",
        "tree_rss_kib": 30464
      },
      {
        "elapsed_s": 106.8764,
        "processes": [
          {
            "pid": 2149458,
            "rollup_kib": {
              "AnonHugePages": 0,
              "Anonymous": 18144,
              "FilePmdMapped": 0,
              "KSM": 0,
              "LazyFree": 0,
              "Locked": 0,
              "Private_Clean": 28,
              "Private_Dirty": 18144,
              "Private_Hugetlb": 0,
              "Pss": 19372,
              "Pss_Anon": 18144,
              "Pss_Dirty": 18144,
              "Pss_File": 1228,
              "Pss_Shmem": 0,
              "Referenced": 30464,
              "Rss": 30464,
              "Shared_Clean": 12292,
              "Shared_Dirty": 0,
              "Shared_Hugetlb": 0,
              "ShmemPmdMapped": 0,
              "Swap": 0,
              "SwapPss": 0
            },
            "start_ticks": 180187860
          },
          {
            "pid": 2170089,
            "rollup_kib": {
              "AnonHugePages": 0,
              "Anonymous": 1244,
              "FilePmdMapped": 0,
              "KSM": 0,
              "LazyFree": 0,
              "Locked": 0,
              "Private_Clean": 112,
              "Private_Dirty": 1244,
              "Private_Hugetlb": 0,
              "Pss": 3181,
              "Pss_Anon": 1244,
              "Pss_Dirty": 1244,
              "Pss_File": 1937,
              "Pss_Shmem": 0,
              "Referenced": 7664,
              "Rss": 7664,
              "Shared_Clean": 6308,
              "Shared_Dirty": 0,
              "Shared_Hugetlb": 0,
              "ShmemPmdMapped": 0,
              "Swap": 0,
              "SwapPss": 0
            },
            "start_ticks": 180198506
          },
          {
            "pid": 2170090,
            "rollup_kib": {
              "AnonHugePages": 0,
              "Anonymous": 5136,
              "FilePmdMapped": 0,
              "KSM": 0,
              "LazyFree": 0,
              "Locked": 0,
              "Private_Clean": 420,
              "Private_Dirty": 5136,
              "Private_Hugetlb": 0,
              "Pss": 5761,
              "Pss_Anon": 5136,
              "Pss_Dirty": 5136,
              "Pss_File": 625,
              "Pss_Shmem": 0,
              "Referenced": 9620,
              "Rss": 9620,
              "Shared_Clean": 4064,
              "Shared_Dirty": 0,
              "Shared_Hugetlb": 0,
              "ShmemPmdMapped": 0,
              "Swap": 0,
              "SwapPss": 0
            },
            "start_ticks": 180198506
          }
        ],
        "reason": "phase_marker",
        "tree_rss_kib": 47748
      },
      {
        "elapsed_s": 152.0498,
        "processes": [
          {
            "pid": 2149458,
            "rollup_kib": {
              "AnonHugePages": 0,
              "Anonymous": 18156,
              "FilePmdMapped": 0,
              "KSM": 0,
              "LazyFree": 0,
              "Locked": 0,
              "Private_Clean": 28,
              "Private_Dirty": 18156,
              "Private_Hugetlb": 0,
              "Pss": 19387,
              "Pss_Anon": 18156,
              "Pss_Dirty": 18156,
              "Pss_File": 1231,
              "Pss_Shmem": 0,
              "Referenced": 30476,
              "Rss": 30476,
              "Shared_Clean": 12292,
              "Shared_Dirty": 0,
              "Shared_Hugetlb": 0,
              "ShmemPmdMapped": 0,
              "Swap": 0,
              "SwapPss": 0
            },
            "start_ticks": 180187860
          }
        ],
        "reason": "phase_marker",
        "tree_rss_kib": 30476
      },
      {
        "elapsed_s": 153.0543,
        "processes": [
          {
            "pid": 2149458,
            "rollup_kib": {
              "AnonHugePages": 0,
              "Anonymous": 18516,
              "FilePmdMapped": 0,
              "KSM": 0,
              "LazyFree": 0,
              "Locked": 0,
              "Private_Clean": 28,
              "Private_Dirty": 18516,
              "Private_Hugetlb": 0,
              "Pss": 19745,
              "Pss_Anon": 18516,
              "Pss_Dirty": 18516,
              "Pss_File": 1229,
              "Pss_Shmem": 0,
              "Referenced": 30836,
              "Rss": 30836,
              "Shared_Clean": 12292,
              "Shared_Dirty": 0,
              "Shared_Hugetlb": 0,
              "ShmemPmdMapped": 0,
              "Swap": 0,
              "SwapPss": 0
            },
            "start_ticks": 180187860
          },
          {
            "pid": 2179087,
            "rollup_kib": {
              "AnonHugePages": 0,
              "Anonymous": 1252,
              "FilePmdMapped": 0,
              "KSM": 0,
              "LazyFree": 0,
              "Locked": 0,
              "Private_Clean": 396,
              "Private_Dirty": 1252,
              "Private_Hugetlb": 0,
              "Pss": 3370,
              "Pss_Anon": 1252,
              "Pss_Dirty": 1252,
              "Pss_File": 2118,
              "Pss_Shmem": 0,
              "Referenced": 7724,
              "Rss": 7724,
              "Shared_Clean": 6076,
              "Shared_Dirty": 0,
              "Shared_Hugetlb": 0,
              "ShmemPmdMapped": 0,
              "Swap": 0,
              "SwapPss": 0
            },
            "start_ticks": 180203151
          },
          {
            "pid": 2179088,
            "rollup_kib": {
              "AnonHugePages": 0,
              "Anonymous": 3056,
              "FilePmdMapped": 0,
              "KSM": 0,
              "LazyFree": 0,
              "Locked": 0,
              "Private_Clean": 304,
              "Private_Dirty": 3056,
              "Private_Hugetlb": 0,
              "Pss": 3547,
              "Pss_Anon": 3056,
              "Pss_Dirty": 3056,
              "Pss_File": 491,
              "Pss_Shmem": 0,
              "Referenced": 7104,
              "Rss": 7104,
              "Shared_Clean": 3744,
              "Shared_Dirty": 0,
              "Shared_Hugetlb": 0,
              "ShmemPmdMapped": 0,
              "Swap": 0,
              "SwapPss": 0
            },
            "start_ticks": 180203151
          }
        ],
        "reason": "phase_marker",
        "tree_rss_kib": 45664
      },
      {
        "elapsed_s": 183.6914,
        "processes": [
          {
            "pid": 2149458,
            "rollup_kib": {
              "AnonHugePages": 0,
              "Anonymous": 18896,
              "FilePmdMapped": 0,
              "KSM": 0,
              "LazyFree": 0,
              "Locked": 0,
              "Private_Clean": 28,
              "Private_Dirty": 18896,
              "Private_Hugetlb": 0,
              "Pss": 20125,
              "Pss_Anon": 18896,
              "Pss_Dirty": 18896,
              "Pss_File": 1229,
              "Pss_Shmem": 0,
              "Referenced": 31216,
              "Rss": 31216,
              "Shared_Clean": 12292,
              "Shared_Dirty": 0,
              "Shared_Hugetlb": 0,
              "ShmemPmdMapped": 0,
              "Swap": 0,
              "SwapPss": 0
            },
            "start_ticks": 180187860
          },
          {
            "pid": 2184660,
            "rollup_kib": {
              "AnonHugePages": 0,
              "Anonymous": 1248,
              "FilePmdMapped": 0,
              "KSM": 0,
              "LazyFree": 0,
              "Locked": 0,
              "Private_Clean": 3844,
              "Private_Dirty": 1248,
              "Private_Hugetlb": 0,
              "Pss": 5157,
              "Pss_Anon": 1248,
              "Pss_Dirty": 1248,
              "Pss_File": 3909,
              "Pss_Shmem": 0,
              "Referenced": 7824,
              "Rss": 7824,
              "Shared_Clean": 2732,
              "Shared_Dirty": 0,
              "Shared_Hugetlb": 0,
              "ShmemPmdMapped": 0,
              "Swap": 0,
              "SwapPss": 0
            },
            "start_ticks": 180206195
          },
          {
            "pid": 2184662,
            "rollup_kib": {
              "AnonHugePages": 0,
              "Anonymous": 7320,
              "FilePmdMapped": 0,
              "KSM": 0,
              "LazyFree": 0,
              "Locked": 0,
              "Private_Clean": 420,
              "Private_Dirty": 7320,
              "Private_Hugetlb": 0,
              "Pss": 7946,
              "Pss_Anon": 7320,
              "Pss_Dirty": 7320,
              "Pss_File": 626,
              "Pss_Shmem": 0,
              "Referenced": 11792,
              "Rss": 11792,
              "Shared_Clean": 4052,
              "Shared_Dirty": 0,
              "Shared_Hugetlb": 0,
              "ShmemPmdMapped": 0,
              "Swap": 0,
              "SwapPss": 0
            },
            "start_ticks": 180206195
          }
        ],
        "reason": "phase_marker",
        "tree_rss_kib": 50832
      },
      {
        "elapsed_s": 257.9745,
        "processes": [
          {
            "pid": 2149458,
            "rollup_kib": {
              "AnonHugePages": 0,
              "Anonymous": 18896,
              "FilePmdMapped": 0,
              "KSM": 0,
              "LazyFree": 0,
              "Locked": 0,
              "Private_Clean": 28,
              "Private_Dirty": 18896,
              "Private_Hugetlb": 0,
              "Pss": 20127,
              "Pss_Anon": 18896,
              "Pss_Dirty": 18896,
              "Pss_File": 1231,
              "Pss_Shmem": 0,
              "Referenced": 31216,
              "Rss": 31216,
              "Shared_Clean": 12292,
              "Shared_Dirty": 0,
              "Shared_Hugetlb": 0,
              "ShmemPmdMapped": 0,
              "Swap": 0,
              "SwapPss": 0
            },
            "start_ticks": 180187860
          }
        ],
        "reason": "phase_marker",
        "tree_rss_kib": 31216
      },
      {
        "elapsed_s": 258.4769,
        "processes": [
          {
            "pid": 2149458,
            "rollup_kib": {
              "AnonHugePages": 0,
              "Anonymous": 18900,
              "FilePmdMapped": 0,
              "KSM": 0,
              "LazyFree": 0,
              "Locked": 0,
              "Private_Clean": 28,
              "Private_Dirty": 18900,
              "Private_Hugetlb": 0,
              "Pss": 20129,
              "Pss_Anon": 18900,
              "Pss_Dirty": 18900,
              "Pss_File": 1229,
              "Pss_Shmem": 0,
              "Referenced": 31220,
              "Rss": 31220,
              "Shared_Clean": 12292,
              "Shared_Dirty": 0,
              "Shared_Hugetlb": 0,
              "ShmemPmdMapped": 0,
              "Swap": 0,
              "SwapPss": 0
            },
            "start_ticks": 180187860
          },
          {
            "pid": 2199857,
            "rollup_kib": {
              "AnonHugePages": 0,
              "Anonymous": 1248,
              "FilePmdMapped": 0,
              "KSM": 0,
              "LazyFree": 0,
              "Locked": 0,
              "Private_Clean": 512,
              "Private_Dirty": 1248,
              "Private_Hugetlb": 0,
              "Pss": 3426,
              "Pss_Anon": 1248,
              "Pss_Dirty": 1248,
              "Pss_File": 2178,
              "Pss_Shmem": 0,
              "Referenced": 7720,
              "Rss": 7720,
              "Shared_Clean": 5960,
              "Shared_Dirty": 0,
              "Shared_Hugetlb": 0,
              "ShmemPmdMapped": 0,
              "Swap": 0,
              "SwapPss": 0
            },
            "start_ticks": 180213662
          },
          {
            "pid": 2199858,
            "rollup_kib": {
              "AnonHugePages": 0,
              "Anonymous": 7116,
              "FilePmdMapped": 0,
              "KSM": 0,
              "LazyFree": 0,
              "Locked": 0,
              "Private_Clean": 420,
              "Private_Dirty": 7116,
              "Private_Hugetlb": 0,
              "Pss": 7741,
              "Pss_Anon": 7116,
              "Pss_Dirty": 7116,
              "Pss_File": 625,
              "Pss_Shmem": 0,
              "Referenced": 11588,
              "Rss": 11588,
              "Shared_Clean": 4052,
              "Shared_Dirty": 0,
              "Shared_Hugetlb": 0,
              "ShmemPmdMapped": 0,
              "Swap": 0,
              "SwapPss": 0
            },
            "start_ticks": 180213662
          }
        ],
        "reason": "phase_marker",
        "tree_rss_kib": 50528
      },
      {
        "elapsed_s": 333.2611,
        "processes": [
          {
            "pid": 2149458,
            "rollup_kib": {
              "AnonHugePages": 0,
              "Anonymous": 18900,
              "FilePmdMapped": 0,
              "KSM": 0,
              "LazyFree": 0,
              "Locked": 0,
              "Private_Clean": 28,
              "Private_Dirty": 18900,
              "Private_Hugetlb": 0,
              "Pss": 20129,
              "Pss_Anon": 18900,
              "Pss_Dirty": 18900,
              "Pss_File": 1229,
              "Pss_Shmem": 0,
              "Referenced": 31220,
              "Rss": 31220,
              "Shared_Clean": 12292,
              "Shared_Dirty": 0,
              "Shared_Hugetlb": 0,
              "ShmemPmdMapped": 0,
              "Swap": 0,
              "SwapPss": 0
            },
            "start_ticks": 180187860
          },
          {
            "pid": 2213843,
            "rollup_kib": {
              "AnonHugePages": 0,
              "Anonymous": 1244,
              "FilePmdMapped": 0,
              "KSM": 0,
              "LazyFree": 0,
              "Locked": 0,
              "Private_Clean": 416,
              "Private_Dirty": 1244,
              "Private_Hugetlb": 0,
              "Pss": 3375,
              "Pss_Anon": 1244,
              "Pss_Dirty": 1244,
              "Pss_File": 2131,
              "Pss_Shmem": 0,
              "Referenced": 7668,
              "Rss": 7668,
              "Shared_Clean": 6008,
              "Shared_Dirty": 0,
              "Shared_Hugetlb": 0,
              "ShmemPmdMapped": 0,
              "Swap": 0,
              "SwapPss": 0
            },
            "start_ticks": 180221159
          },
          {
            "pid": 2213844,
            "rollup_kib": {
              "AnonHugePages": 0,
              "Anonymous": 7152,
              "FilePmdMapped": 0,
              "KSM": 0,
              "LazyFree": 0,
              "Locked": 0,
              "Private_Clean": 416,
              "Private_Dirty": 7152,
              "Private_Hugetlb": 0,
              "Pss": 7773,
              "Pss_Anon": 7152,
              "Pss_Dirty": 7152,
              "Pss_File": 621,
              "Pss_Shmem": 0,
              "Referenced": 11620,
              "Rss": 11620,
              "Shared_Clean": 4052,
              "Shared_Dirty": 0,
              "Shared_Hugetlb": 0,
              "ShmemPmdMapped": 0,
              "Swap": 0,
              "SwapPss": 0
            },
            "start_ticks": 180221159
          }
        ],
        "reason": "phase_marker",
        "tree_rss_kib": 50508
      },
      {
        "elapsed_s": 407.5521,
        "processes": [
          {
            "pid": 2149458,
            "rollup_kib": {
              "AnonHugePages": 0,
              "Anonymous": 18900,
              "FilePmdMapped": 0,
              "KSM": 0,
              "LazyFree": 0,
              "Locked": 0,
              "Private_Clean": 28,
              "Private_Dirty": 18900,
              "Private_Hugetlb": 0,
              "Pss": 20131,
              "Pss_Anon": 18900,
              "Pss_Dirty": 18900,
              "Pss_File": 1231,
              "Pss_Shmem": 0,
              "Referenced": 31220,
              "Rss": 31220,
              "Shared_Clean": 12292,
              "Shared_Dirty": 0,
              "Shared_Hugetlb": 0,
              "ShmemPmdMapped": 0,
              "Swap": 0,
              "SwapPss": 0
            },
            "start_ticks": 180187860
          }
        ],
        "reason": "phase_marker",
        "tree_rss_kib": 31220
      },
      {
        "elapsed_s": 408.5567,
        "processes": [
          {
            "pid": 2149458,
            "rollup_kib": {
              "AnonHugePages": 0,
              "Anonymous": 18964,
              "FilePmdMapped": 0,
              "KSM": 0,
              "LazyFree": 0,
              "Locked": 0,
              "Private_Clean": 28,
              "Private_Dirty": 18964,
              "Private_Hugetlb": 0,
              "Pss": 20193,
              "Pss_Anon": 18964,
              "Pss_Dirty": 18964,
              "Pss_File": 1229,
              "Pss_Shmem": 0,
              "Referenced": 31284,
              "Rss": 31284,
              "Shared_Clean": 12292,
              "Shared_Dirty": 0,
              "Shared_Hugetlb": 0,
              "ShmemPmdMapped": 0,
              "Swap": 0,
              "SwapPss": 0
            },
            "start_ticks": 180187860
          },
          {
            "pid": 2229401,
            "rollup_kib": {
              "AnonHugePages": 0,
              "Anonymous": 1248,
              "FilePmdMapped": 0,
              "KSM": 0,
              "LazyFree": 0,
              "Locked": 0,
              "Private_Clean": 416,
              "Private_Dirty": 1248,
              "Private_Hugetlb": 0,
              "Pss": 3291,
              "Pss_Anon": 1248,
              "Pss_Dirty": 1248,
              "Pss_File": 2043,
              "Pss_Shmem": 0,
              "Referenced": 7488,
              "Rss": 7488,
              "Shared_Clean": 5824,
              "Shared_Dirty": 0,
              "Shared_Hugetlb": 0,
              "ShmemPmdMapped": 0,
              "Swap": 0,
              "SwapPss": 0
            },
            "start_ticks": 180228695
          },
          {
            "pid": 2229402,
            "rollup_kib": {
              "AnonHugePages": 0,
              "Anonymous": 1068,
              "FilePmdMapped": 0,
              "KSM": 0,
              "LazyFree": 0,
              "Locked": 0,
              "Private_Clean": 316,
              "Private_Dirty": 1068,
              "Private_Hugetlb": 0,
              "Pss": 1573,
              "Pss_Anon": 1068,
              "Pss_Dirty": 1068,
              "Pss_File": 505,
              "Pss_Shmem": 0,
              "Referenced": 5112,
              "Rss": 5112,
              "Shared_Clean": 3728,
              "Shared_Dirty": 0,
              "Shared_Hugetlb": 0,
              "ShmemPmdMapped": 0,
              "Swap": 0,
              "SwapPss": 0
            },
            "start_ticks": 180228695
          }
        ],
        "reason": "phase_marker",
        "tree_rss_kib": 43884
      },
      {
        "elapsed_s": 434.1594,
        "processes": [
          {
            "pid": 2149458,
            "rollup_kib": {
              "AnonHugePages": 0,
              "Anonymous": 18964,
              "FilePmdMapped": 0,
              "KSM": 0,
              "LazyFree": 0,
              "Locked": 0,
              "Private_Clean": 28,
              "Private_Dirty": 18964,
              "Private_Hugetlb": 0,
              "Pss": 20193,
              "Pss_Anon": 18964,
              "Pss_Dirty": 18964,
              "Pss_File": 1229,
              "Pss_Shmem": 0,
              "Referenced": 31284,
              "Rss": 31284,
              "Shared_Clean": 12292,
              "Shared_Dirty": 0,
              "Shared_Hugetlb": 0,
              "ShmemPmdMapped": 0,
              "Swap": 0,
              "SwapPss": 0
            },
            "start_ticks": 180187860
          },
          {
            "pid": 2234282,
            "rollup_kib": {
              "AnonHugePages": 0,
              "Anonymous": 1248,
              "FilePmdMapped": 0,
              "KSM": 0,
              "LazyFree": 0,
              "Locked": 0,
              "Private_Clean": 176,
              "Private_Dirty": 1248,
              "Private_Hugetlb": 0,
              "Pss": 3209,
              "Pss_Anon": 1248,
              "Pss_Dirty": 1248,
              "Pss_File": 1961,
              "Pss_Shmem": 0,
              "Referenced": 7568,
              "Rss": 7568,
              "Shared_Clean": 6144,
              "Shared_Dirty": 0,
              "Shared_Hugetlb": 0,
              "ShmemPmdMapped": 0,
              "Swap": 0,
              "SwapPss": 0
            },
            "start_ticks": 180231249
          },
          {
            "pid": 2234283,
            "rollup_kib": {
              "AnonHugePages": 0,
              "Anonymous": 4916,
              "FilePmdMapped": 0,
              "KSM": 0,
              "LazyFree": 0,
              "Locked": 0,
              "Private_Clean": 408,
              "Private_Dirty": 4916,
              "Private_Hugetlb": 0,
              "Pss": 5529,
              "Pss_Anon": 4916,
              "Pss_Dirty": 4916,
              "Pss_File": 613,
              "Pss_Shmem": 0,
              "Referenced": 9376,
              "Rss": 9376,
              "Shared_Clean": 4052,
              "Shared_Dirty": 0,
              "Shared_Hugetlb": 0,
              "ShmemPmdMapped": 0,
              "Swap": 0,
              "SwapPss": 0
            },
            "start_ticks": 180231249
          }
        ],
        "reason": "phase_marker",
        "tree_rss_kib": 48228
      },
      {
        "elapsed_s": 490.889,
        "processes": [
          {
            "pid": 2149458,
            "rollup_kib": {
              "AnonHugePages": 0,
              "Anonymous": 18964,
              "FilePmdMapped": 0,
              "KSM": 0,
              "LazyFree": 0,
              "Locked": 0,
              "Private_Clean": 28,
              "Private_Dirty": 18964,
              "Private_Hugetlb": 0,
              "Pss": 20193,
              "Pss_Anon": 18964,
              "Pss_Dirty": 18964,
              "Pss_File": 1229,
              "Pss_Shmem": 0,
              "Referenced": 31284,
              "Rss": 31284,
              "Shared_Clean": 12292,
              "Shared_Dirty": 0,
              "Shared_Hugetlb": 0,
              "ShmemPmdMapped": 0,
              "Swap": 0,
              "SwapPss": 0
            },
            "start_ticks": 180187860
          },
          {
            "pid": 2244702,
            "rollup_kib": {
              "AnonHugePages": 0,
              "Anonymous": 1244,
              "FilePmdMapped": 0,
              "KSM": 0,
              "LazyFree": 0,
              "Locked": 0,
              "Private_Clean": 3524,
              "Private_Dirty": 1244,
              "Private_Hugetlb": 0,
              "Pss": 4839,
              "Pss_Anon": 1244,
              "Pss_Dirty": 1244,
              "Pss_File": 3595,
              "Pss_Shmem": 0,
              "Referenced": 7532,
              "Rss": 7532,
              "Shared_Clean": 2764,
              "Shared_Dirty": 0,
              "Shared_Hugetlb": 0,
              "ShmemPmdMapped": 0,
              "Swap": 0,
              "SwapPss": 0
            },
            "start_ticks": 180236944
          },
          {
            "pid": 2244703,
            "rollup_kib": {
              "AnonHugePages": 0,
              "Anonymous": 1084,
              "FilePmdMapped": 0,
              "KSM": 0,
              "LazyFree": 0,
              "Locked": 0,
              "Private_Clean": 420,
              "Private_Dirty": 1084,
              "Private_Hugetlb": 0,
              "Pss": 1710,
              "Pss_Anon": 1084,
              "Pss_Dirty": 1084,
              "Pss_File": 626,
              "Pss_Shmem": 0,
              "Referenced": 5556,
              "Rss": 5556,
              "Shared_Clean": 4052,
              "Shared_Dirty": 0,
              "Shared_Hugetlb": 0,
              "ShmemPmdMapped": 0,
              "Swap": 0,
              "SwapPss": 0
            },
            "start_ticks": 180236944
          }
        ],
        "reason": "phase_marker",
        "tree_rss_kib": 48368
      },
      {
        "elapsed_s": 547.1289,
        "processes": [
          {
            "pid": 2149458,
            "rollup_kib": {
              "AnonHugePages": 0,
              "Anonymous": 18964,
              "FilePmdMapped": 0,
              "KSM": 0,
              "LazyFree": 0,
              "Locked": 0,
              "Private_Clean": 24,
              "Private_Dirty": 18964,
              "Private_Hugetlb": 0,
              "Pss": 20162,
              "Pss_Anon": 18964,
              "Pss_Dirty": 18964,
              "Pss_File": 1198,
              "Pss_Shmem": 0,
              "Referenced": 31284,
              "Rss": 31284,
              "Shared_Clean": 12296,
              "Shared_Dirty": 0,
              "Shared_Hugetlb": 0,
              "ShmemPmdMapped": 0,
              "Swap": 0,
              "SwapPss": 0
            },
            "start_ticks": 180187860
          },
          {
            "pid": 2255388,
            "rollup_kib": {
              "AnonHugePages": 0,
              "Anonymous": 1244,
              "FilePmdMapped": 0,
              "KSM": 0,
              "LazyFree": 0,
              "Locked": 0,
              "Private_Clean": 3760,
              "Private_Dirty": 1244,
              "Private_Hugetlb": 0,
              "Pss": 5067,
              "Pss_Anon": 1244,
              "Pss_Dirty": 1244,
              "Pss_File": 3823,
              "Pss_Shmem": 0,
              "Referenced": 7744,
              "Rss": 7744,
              "Shared_Clean": 2740,
              "Shared_Dirty": 0,
              "Shared_Hugetlb": 0,
              "ShmemPmdMapped": 0,
              "Swap": 0,
              "SwapPss": 0
            },
            "start_ticks": 180242570
          },
          {
            "pid": 2255389,
            "rollup_kib": {
              "AnonHugePages": 0,
              "Anonymous": 1352,
              "FilePmdMapped": 0,
              "KSM": 0,
              "LazyFree": 0,
              "Locked": 0,
              "Private_Clean": 420,
              "Private_Dirty": 1352,
              "Private_Hugetlb": 0,
              "Pss": 1963,
              "Pss_Anon": 1352,
              "Pss_Dirty": 1352,
              "Pss_File": 611,
              "Pss_Shmem": 0,
              "Referenced": 5824,
              "Rss": 5824,
              "Shared_Clean": 4052,
              "Shared_Dirty": 0,
              "Shared_Hugetlb": 0,
              "ShmemPmdMapped": 0,
              "Swap": 0,
              "SwapPss": 0
            },
            "start_ticks": 180242570
          }
        ],
        "reason": "phase_marker",
        "tree_rss_kib": 44840
      },
      {
        "elapsed_s": 603.3597,
        "processes": [
          {
            "pid": 2149458,
            "rollup_kib": {
              "AnonHugePages": 0,
              "Anonymous": 19012,
              "FilePmdMapped": 0,
              "KSM": 0,
              "LazyFree": 0,
              "Locked": 0,
              "Private_Clean": 28,
              "Private_Dirty": 19012,
              "Private_Hugetlb": 0,
              "Pss": 20243,
              "Pss_Anon": 19012,
              "Pss_Dirty": 19012,
              "Pss_File": 1231,
              "Pss_Shmem": 0,
              "Referenced": 31332,
              "Rss": 31332,
              "Shared_Clean": 12292,
              "Shared_Dirty": 0,
              "Shared_Hugetlb": 0,
              "ShmemPmdMapped": 0,
              "Swap": 0,
              "SwapPss": 0
            },
            "start_ticks": 180187860
          }
        ],
        "reason": "phase_marker",
        "tree_rss_kib": 31332
      },
      {
        "elapsed_s": 604.3636,
        "processes": [
          {
            "pid": 2149458,
            "rollup_kib": {
              "AnonHugePages": 0,
              "Anonymous": 19060,
              "FilePmdMapped": 0,
              "KSM": 0,
              "LazyFree": 0,
              "Locked": 0,
              "Private_Clean": 28,
              "Private_Dirty": 19060,
              "Private_Hugetlb": 0,
              "Pss": 20289,
              "Pss_Anon": 19060,
              "Pss_Dirty": 19060,
              "Pss_File": 1229,
              "Pss_Shmem": 0,
              "Referenced": 31380,
              "Rss": 31380,
              "Shared_Clean": 12292,
              "Shared_Dirty": 0,
              "Shared_Hugetlb": 0,
              "ShmemPmdMapped": 0,
              "Swap": 0,
              "SwapPss": 0
            },
            "start_ticks": 180187860
          },
          {
            "pid": 2267986,
            "rollup_kib": {
              "AnonHugePages": 0,
              "Anonymous": 1252,
              "FilePmdMapped": 0,
              "KSM": 0,
              "LazyFree": 0,
              "Locked": 0,
              "Private_Clean": 640,
              "Private_Dirty": 1252,
              "Private_Hugetlb": 0,
              "Pss": 3560,
              "Pss_Anon": 1252,
              "Pss_Dirty": 1252,
              "Pss_File": 2308,
              "Pss_Shmem": 0,
              "Referenced": 7860,
              "Rss": 7860,
              "Shared_Clean": 5968,
              "Shared_Dirty": 0,
              "Shared_Hugetlb": 0,
              "ShmemPmdMapped": 0,
              "Swap": 0,
              "SwapPss": 0
            },
            "start_ticks": 180248275
          },
          {
            "pid": 2267987,
            "rollup_kib": {
              "AnonHugePages": 0,
              "Anonymous": 1208,
              "FilePmdMapped": 0,
              "KSM": 0,
              "LazyFree": 0,
              "Locked": 0,
              "Private_Clean": 312,
              "Private_Dirty": 1208,
              "Private_Hugetlb": 0,
              "Pss": 1706,
              "Pss_Anon": 1208,
              "Pss_Dirty": 1208,
              "Pss_File": 498,
              "Pss_Shmem": 0,
              "Referenced": 5252,
              "Rss": 5252,
              "Shared_Clean": 3732,
              "Shared_Dirty": 0,
              "Shared_Hugetlb": 0,
              "ShmemPmdMapped": 0,
              "Swap": 0,
              "SwapPss": 0
            },
            "start_ticks": 180248275
          }
        ],
        "reason": "phase_marker",
        "tree_rss_kib": 44352
      },
      {
        "elapsed_s": 629.9733,
        "processes": [
          {
            "pid": 2149458,
            "rollup_kib": {
              "AnonHugePages": 0,
              "Anonymous": 19060,
              "FilePmdMapped": 0,
              "KSM": 0,
              "LazyFree": 0,
              "Locked": 0,
              "Private_Clean": 28,
              "Private_Dirty": 19060,
              "Private_Hugetlb": 0,
              "Pss": 20289,
              "Pss_Anon": 19060,
              "Pss_Dirty": 19060,
              "Pss_File": 1229,
              "Pss_Shmem": 0,
              "Referenced": 31380,
              "Rss": 31380,
              "Shared_Clean": 12292,
              "Shared_Dirty": 0,
              "Shared_Hugetlb": 0,
              "ShmemPmdMapped": 0,
              "Swap": 0,
              "SwapPss": 0
            },
            "start_ticks": 180187860
          },
          {
            "pid": 2272871,
            "rollup_kib": {
              "AnonHugePages": 0,
              "Anonymous": 1248,
              "FilePmdMapped": 0,
              "KSM": 0,
              "LazyFree": 0,
              "Locked": 0,
              "Private_Clean": 3836,
              "Private_Dirty": 1248,
              "Private_Hugetlb": 0,
              "Pss": 5148,
              "Pss_Anon": 1248,
              "Pss_Dirty": 1248,
              "Pss_File": 3900,
              "Pss_Shmem": 0,
              "Referenced": 7792,
              "Rss": 7792,
              "Shared_Clean": 2708,
              "Shared_Dirty": 0,
              "Shared_Hugetlb": 0,
              "ShmemPmdMapped": 0,
              "Swap": 0,
              "SwapPss": 0
            },
            "start_ticks": 180250838
          },
          {
            "pid": 2272872,
            "rollup_kib": {
              "AnonHugePages": 0,
              "Anonymous": 1456,
              "FilePmdMapped": 0,
              "KSM": 0,
              "LazyFree": 0,
              "Locked": 0,
              "Private_Clean": 420,
              "Private_Dirty": 1456,
              "Private_Hugetlb": 0,
              "Pss": 2081,
              "Pss_Anon": 1456,
              "Pss_Dirty": 1456,
              "Pss_File": 625,
              "Pss_Shmem": 0,
              "Referenced": 5928,
              "Rss": 5928,
              "Shared_Clean": 4052,
              "Shared_Dirty": 0,
              "Shared_Hugetlb": 0,
              "ShmemPmdMapped": 0,
              "Swap": 0,
              "SwapPss": 0
            },
            "start_ticks": 180250838
          }
        ],
        "reason": "phase_marker",
        "tree_rss_kib": 44880
      },
      {
        "elapsed_s": 686.2248,
        "processes": [
          {
            "pid": 2149458,
            "rollup_kib": {
              "AnonHugePages": 0,
              "Anonymous": 19060,
              "FilePmdMapped": 0,
              "KSM": 0,
              "LazyFree": 0,
              "Locked": 0,
              "Private_Clean": 20,
              "Private_Dirty": 19060,
              "Private_Hugetlb": 0,
              "Pss": 19995,
              "Pss_Anon": 19060,
              "Pss_Dirty": 19060,
              "Pss_File": 935,
              "Pss_Shmem": 0,
              "Referenced": 31380,
              "Rss": 31380,
              "Shared_Clean": 12300,
              "Shared_Dirty": 0,
              "Shared_Hugetlb": 0,
              "ShmemPmdMapped": 0,
              "Swap": 0,
              "SwapPss": 0
            },
            "start_ticks": 180187860
          },
          {
            "pid": 2283861,
            "rollup_kib": {
              "AnonHugePages": 0,
              "Anonymous": 1248,
              "FilePmdMapped": 0,
              "KSM": 0,
              "LazyFree": 0,
              "Locked": 0,
              "Private_Clean": 528,
              "Private_Dirty": 1248,
              "Private_Hugetlb": 0,
              "Pss": 3487,
              "Pss_Anon": 1248,
              "Pss_Dirty": 1248,
              "Pss_File": 2239,
              "Pss_Shmem": 0,
              "Referenced": 7824,
              "Rss": 7824,
              "Shared_Clean": 6048,
              "Shared_Dirty": 0,
              "Shared_Hugetlb": 0,
              "ShmemPmdMapped": 0,
              "Swap": 0,
              "SwapPss": 0
            },
            "start_ticks": 180256474
          },
          {
            "pid": 2283863,
            "rollup_kib": {
              "AnonHugePages": 0,
              "Anonymous": 1408,
              "FilePmdMapped": 0,
              "KSM": 0,
              "LazyFree": 0,
              "Locked": 0,
              "Private_Clean": 420,
              "Private_Dirty": 1408,
              "Private_Hugetlb": 0,
              "Pss": 1984,
              "Pss_Anon": 1408,
              "Pss_Dirty": 1408,
              "Pss_File": 576,
              "Pss_Shmem": 0,
              "Referenced": 5824,
              "Rss": 5824,
              "Shared_Clean": 3996,
              "Shared_Dirty": 0,
              "Shared_Hugetlb": 0,
              "ShmemPmdMapped": 0,
              "Swap": 0,
              "SwapPss": 0
            },
            "start_ticks": 180256474
          }
        ],
        "reason": "phase_marker",
        "tree_rss_kib": 44808
      },
      {
        "elapsed_s": 742.9842,
        "processes": [
          {
            "pid": 2149458,
            "rollup_kib": {
              "AnonHugePages": 0,
              "Anonymous": 19060,
              "FilePmdMapped": 0,
              "KSM": 0,
              "LazyFree": 0,
              "Locked": 0,
              "Private_Clean": 28,
              "Private_Dirty": 19060,
              "Private_Hugetlb": 0,
              "Pss": 20289,
              "Pss_Anon": 19060,
              "Pss_Dirty": 19060,
              "Pss_File": 1229,
              "Pss_Shmem": 0,
              "Referenced": 31380,
              "Rss": 31380,
              "Shared_Clean": 12292,
              "Shared_Dirty": 0,
              "Shared_Hugetlb": 0,
              "ShmemPmdMapped": 0,
              "Swap": 0,
              "SwapPss": 0
            },
            "start_ticks": 180187860
          },
          {
            "pid": 2295476,
            "rollup_kib": {
              "AnonHugePages": 0,
              "Anonymous": 1244,
              "FilePmdMapped": 0,
              "KSM": 0,
              "LazyFree": 0,
              "Locked": 0,
              "Private_Clean": 452,
              "Private_Dirty": 1244,
              "Private_Hugetlb": 0,
              "Pss": 3387,
              "Pss_Anon": 1244,
              "Pss_Dirty": 1244,
              "Pss_File": 2143,
              "Pss_Shmem": 0,
              "Referenced": 7692,
              "Rss": 7692,
              "Shared_Clean": 5996,
              "Shared_Dirty": 0,
              "Shared_Hugetlb": 0,
              "ShmemPmdMapped": 0,
              "Swap": 0,
              "SwapPss": 0
            },
            "start_ticks": 180262129
          },
          {
            "pid": 2295477,
            "rollup_kib": {
              "AnonHugePages": 0,
              "Anonymous": 5136,
              "FilePmdMapped": 0,
              "KSM": 0,
              "LazyFree": 0,
              "Locked": 0,
              "Private_Clean": 420,
              "Private_Dirty": 5136,
              "Private_Hugetlb": 0,
              "Pss": 5761,
              "Pss_Anon": 5136,
              "Pss_Dirty": 5136,
              "Pss_File": 625,
              "Pss_Shmem": 0,
              "Referenced": 9608,
              "Rss": 9608,
              "Shared_Clean": 4052,
              "Shared_Dirty": 0,
              "Shared_Hugetlb": 0,
              "ShmemPmdMapped": 0,
              "Swap": 0,
              "SwapPss": 0
            },
            "start_ticks": 180262129
          }
        ],
        "reason": "phase_marker",
        "tree_rss_kib": 48680
      },
      {
        "elapsed_s": 799.7551,
        "processes": [
          {
            "pid": 2149458,
            "rollup_kib": {
              "AnonHugePages": 0,
              "Anonymous": 19144,
              "FilePmdMapped": 0,
              "KSM": 0,
              "LazyFree": 0,
              "Locked": 0,
              "Private_Clean": 28,
              "Private_Dirty": 19144,
              "Private_Hugetlb": 0,
              "Pss": 20375,
              "Pss_Anon": 19144,
              "Pss_Dirty": 19144,
              "Pss_File": 1231,
              "Pss_Shmem": 0,
              "Referenced": 31464,
              "Rss": 31464,
              "Shared_Clean": 12292,
              "Shared_Dirty": 0,
              "Shared_Hugetlb": 0,
              "ShmemPmdMapped": 0,
              "Swap": 0,
              "SwapPss": 0
            },
            "start_ticks": 180187860
          }
        ],
        "reason": "phase_marker",
        "tree_rss_kib": 31464
      },
      {
        "elapsed_s": 801.2619,
        "processes": [],
        "reason": "terminal",
        "tree_rss_kib": 0
      }
    ],
    "status": "complete",
    "temporary_disk_limit_bytes": 268435456,
    "wall_time_limit_seconds": null
  }
}
