{"command": ["/usr/bin/python3", "/home/x/deco/gamma/projects/enwiki9/tools/run_with_resource_guard_v3.py", "--limit-kib", "12582912", "--official-decimal-limit-kib", "12582912", "--limit-mode", "tree", "--cgroup-path", "/sys/fs/cgroup/user.slice/user-1000.slice/user@1000.service/app.slice/gamma-enwiki9-20260908T141403Z_9512817e06", "--cgroup-memory-max-bytes", "12884901888", "--temporary-disk-limit-bytes", "2147483648", "--phase-marker-path", "/home/x/deco/gamma/projects/enwiki9/run_logs/adaptive/20260908T141403Z_9512817e06.resources/phases.jsonl", "--max-logical-cpus", "1", "--guard-json", "/home/x/deco/gamma/projects/enwiki9/run_logs/adaptive/20260908T141403Z_9512817e06.resources/guard.json", "--label", "20260908T141403Z_9512817e06", "--phase", "diagnostic", "--scratch-path", "/home/x/deco/gamma/projects/enwiki9/results/opcode_field_confirmation1m_q0_v1", "--scratch-path", "/home/x/deco/gamma/projects/enwiki9/results/opcode_field_confirmation_runtime_tmp_20260908/gamma-enwiki9-20260908T141403Z_9512817e06-y7qlf15q/opcode_field_confirmation1m_q0_v1", "--scratch-path", "/home/x/deco/gamma/projects/enwiki9/run_logs/adaptive/20260908T141403Z_9512817e06.log", "--scratch-path", "/home/x/deco/gamma/projects/enwiki9/run_logs/adaptive/20260908T141403Z_9512817e06.resources", "--", "/usr/bin/taskset", "--cpu-list", "2", "/bin/sh", "-c", "printf '%s\\n' '{\"phase\":\"diagnostic\",\"event\":\"worker_start\",\"detail\":\"operational envelope only; no codec phase credit\"}' >> \"$GAMMA_RESOURCE_PHASE_MARKERS\" || exit 125; exec \"$@\"", "enwiki9-discovery-envelope", "/usr/bin/python3", "/home/x/deco/gamma/projects/enwiki9/tools/opcode_field_repair_gate_v2.py", "--candidate", "opcode_field_confirmation1m_q0_v1"], "job": {"candidate_id": "opcode_field_confirmation1m_q0_v1", "candidate_revision": {"path": "operations/adaptive/candidate-revisions/opcode_field_confirmation1m_q0_v1/20260908T141402480083Z_23fa9e130f85.json", "sha256": "sha256:92b1675051e92bc49d4fffab84cb3886ed99f64e42cda7fd632a120f2ab6a2e7"}, "candidate_tree_sha256": "sha256:23fa9e130f858a34d466504909ce8375f3893d0eeeee9840ea96ec9f37b97a3a", "execution_guard": {"path": "tools/run_with_resource_guard_v3.py", "sha256": "sha256:044147f7ffe6922ea8dafd52fc3d4426077b20958adbcd421245ad41adcfc1e4"}, "execution_mode": "discovery", "execution_resources": {"boot_id": "3ce46712-27bc-4199-8e48-e2b3d23926cb", "budget": {"cgroup_parent": "/sys/fs/cgroup/user.slice/user-1000.slice/user@1000.service/app.slice", "cpus": [2], "memory_bytes": 12884901888, "scratch_bytes": 2147483648, "swap_bytes": 0, "wall_seconds": 12000}, "cgroup_inode": 257037, "cgroup_path": "/sys/fs/cgroup/user.slice/user-1000.slice/user@1000.service/app.slice/gamma-enwiki9-20260908T141403Z_9512817e06", "cpu_enforcement": "taskset-and-sampled-affinity-guard", "groups": [{"created": true, "inode": 257037, "kernel_cpuset": false, "memory_bytes": 12884901888, "path": "/sys/fs/cgroup/user.slice/user-1000.slice/user@1000.service/app.slice/gamma-enwiki9-20260908T141403Z_9512817e06"}], "guard_command_sha256": "bf69bb055112f6fb43f7bd8cc1c4f36043c0d5d2c2639524cccd62d18aeed449", "guard_path": "run_logs/adaptive/20260908T141403Z_9512817e06.resources/guard.json", "missing_diagnostics": ["kernel cpuset controller is not delegated; taskset assignment and existing affinity guard remain active"], "timing_authority": "diagnostic"}, "experiment": {"path": "operations/adaptive/experiments/opcode_field_confirmation1m_q0_v1.json", "sha256": "sha256:fbf174c3f4affa2d1823a31691d050cf63710404012c6172b148b64e5061b82e"}, "gate_size": 1000000, "held": false, "held_at": "2026-09-08T14:14:26+00:00", "hold_history": [{"at": "2026-09-08T14:14:26+00:00", "held": true, "reason": "Hold pending publication of positive validation closure and unchanged confirmation source, followed by fresh resource admission."}, {"at": "2026-09-08T14:17:49+00:00", "held": false, "reason": "Exact held job, source and selection evidence published at5fa7b7701; results/opcode_field_confirmation_admission_20260908.json verifies local/HEAD/origin and fresh CPU2 memory/scratch admission."}], "job_id": "20260908T141403Z_9512817e06", "priority": 90, "proposal": {"path": "operations/adaptive/proposals/developed/909_opcode_field_confirmation1m_q0_v1.json", "sha256": "sha256:d81f2b1906c6b55b9d3df96b313d86a758a4b17b56ff3cac16ba4f57d48f54d1"}, "proposal_id": "opcode_field_confirmation1m_q0_v1", "purpose": "diagnostic", "released_at": "2026-09-08T14:17:49+00:00", "resource_budget": {"cgroup_parent": "/sys/fs/cgroup/user.slice/user-1000.slice/user@1000.service/app.slice", "cpus": [2], "memory_bytes": 12884901888, "scratch_bytes": 2147483648, "swap_bytes": 0, "wall_seconds": 12000}, "runner": {"path": "tools/opcode_field_repair_gate_v2.py", "sha256": "sha256:29c91cf94b232361b6371a83da8491b18499c8403a8b81e74e45ad7886e7d694"}, "schema": "gamma.enwiki9.adaptive-job.v3", "scratch_directories": ["results/opcode_field_confirmation1m_q0_v1"], "started_at": "2026-09-08T14:17:49+00:00", "state": "running", "submitted_at": "2026-09-08T14:14:03+00:00", "tags": ["opcode-field-confirmation"], "timing_authority": "diagnostic", "tool": "tools/opcode_field_repair_gate_v2.py", "tool_args": ["--candidate", "opcode_field_confirmation1m_q0_v1"]}}
{"status": "passed", "arms_closed": 3, "native_phases": 10}
{
  "resource_guard": {
    "cgroup": {
      "inode": 257037,
      "joined_before_exec": true,
      "memory_max_bytes": 12884901888,
      "memory_max_rounding_bytes": 0,
      "memory_peak_reset": true,
      "path": "/sys/fs/cgroup/user.slice/user-1000.slice/user@1000.service/app.slice/gamma-enwiki9-20260908T141403Z_9512817e06",
      "previous_memory_max": "12884901888",
      "requested_memory_max_bytes": 12884901888
    },
    "cgroup_events": {
      "baseline": {
        "high": 0,
        "low": 0,
        "max": 0,
        "oom": 0,
        "oom_group_kill": 0,
        "oom_kill": 0,
        "sock_throttled": 0
      },
      "delta": {
        "high": 0,
        "low": 0,
        "max": 0,
        "oom": 0,
        "oom_group_kill": 0,
        "oom_kill": 0,
        "sock_throttled": 0
      },
      "final": {
        "high": 0,
        "low": 0,
        "max": 0,
        "oom": 0,
        "oom_group_kill": 0,
        "oom_kill": 0,
        "sock_throttled": 0
      }
    },
    "command": [
      "/usr/bin/taskset",
      "--cpu-list",
      "2",
      "/bin/sh",
      "-c",
      "printf '%s\\n' '{\"phase\":\"diagnostic\",\"event\":\"worker_start\",\"detail\":\"operational envelope only; no codec phase credit\"}' >> \"$GAMMA_RESOURCE_PHASE_MARKERS\" || exit 125; exec \"$@\"",
      "enwiki9-discovery-envelope",
      "/usr/bin/python3",
      "/home/x/deco/gamma/projects/enwiki9/tools/opcode_field_repair_gate_v2.py",
      "--candidate",
      "opcode_field_confirmation1m_q0_v1"
    ],
    "command_sha256": "5b87a676678129c07e0ad99d6690ad904583160f5c3fec5a22452b136ba0cc11",
    "elapsed_s": 1834.1246,
    "geekbench5_single_core_score": null,
    "guards": {
      "cgroup_memory_guard_exceeded": false,
      "logical_cpu_guard_exceeded": false,
      "measurement_incomplete": false,
      "official_decimal_memory_exceeded": false,
      "phase_marker_invalid": false,
      "rss_guard_exceeded": false,
      "temporary_disk_guard_exceeded": false,
      "wall_time_guard_exceeded": false
    },
    "label": "20260908T141403Z_9512817e06",
    "latest_sample": {
      "allowed_cpu_union": [],
      "cgroup_current_bytes": 7663616,
      "elapsed_s": 1834.1229,
      "max_single_rss_kib": 0,
      "persistent_status_misses": [],
      "processes": [],
      "scratch_allocated_bytes": 7262208,
      "scratch_file_count": 64,
      "scratch_logical_bytes": 7117405,
      "scratch_race_count": 0,
      "tree_live_threads": 0,
      "tree_rss_kib": 0,
      "tree_runnable_threads": 0
    },
    "limit_kib": 12582912,
    "limit_mode": "tree",
    "max_logical_cpus": 1,
    "measurements": {
      "affinity_complete": true,
      "cgroup_v2_complete": true,
      "per_process_vmhwm_sampled": true,
      "phase_markers_complete": true,
      "process_tree_rss_complete": true,
      "scratch_logical_and_allocated_complete": true,
      "smaps_rollup_complete": true
    },
    "objective": {
      "corpusBytes": 1000000000,
      "corpusSha256": "159b85351e5f76e60cbe32e04c677847a9ecba3adc79addab6f4c6c7aa3744bc",
      "objectiveDigest": "sha256:16badfa6c1a53b47bcc12b089fdd9c21f7405ea56a84344d60c28d2252da8288",
      "objectiveId": "gamma-enwiki9-hutter-99m-v2",
      "objectivePath": "contracts/research/v2/objective-contract.json",
      "targetScoreBytes": 99000000
    },
    "official_decimal_limit_kib": 12582912,
    "peak_process_vmhwm": {
      "comm": "python3",
      "observed_elapsed_s": 1829.5897,
      "pid": 326414,
      "start_ticks": 197481933,
      "vmhwm_kib": 1274632
    },
    "peak_sample": {
      "allowed_cpu_union": [
        2
      ],
      "cgroup_current_bytes": 1315868672,
      "elapsed_s": 1829.5897,
      "max_single_rss_kib": 1274632,
      "persistent_status_misses": [],
      "processes": [
        {
          "allowed_cpus": [
            2
          ],
          "comm": "python3",
          "live_threads": 1,
          "pid": 33883,
          "rss_kib": 25892,
          "runnable_threads": 0,
          "start_ticks": 197320769,
          "vmhwm_kib": 26328
        },
        {
          "allowed_cpus": [
            2
          ],
          "comm": "python3",
          "live_threads": 1,
          "pid": 326414,
          "rss_kib": 1274632,
          "runnable_threads": 1,
          "start_ticks": 197481933,
          "vmhwm_kib": 1274632
        }
      ],
      "scratch_allocated_bytes": 6356992,
      "scratch_file_count": 57,
      "scratch_logical_bytes": 6228220,
      "scratch_race_count": 0,
      "tree_live_threads": 2,
      "tree_rss_kib": 1300524,
      "tree_runnable_threads": 1
    },
    "peak_tree_sample": {
      "allowed_cpu_union": [
        2
      ],
      "cgroup_current_bytes": 1315868672,
      "elapsed_s": 1829.5897,
      "max_single_rss_kib": 1274632,
      "persistent_status_misses": [],
      "processes": [
        {
          "allowed_cpus": [
            2
          ],
          "comm": "python3",
          "live_threads": 1,
          "pid": 33883,
          "rss_kib": 25892,
          "runnable_threads": 0,
          "start_ticks": 197320769,
          "vmhwm_kib": 26328
        },
        {
          "allowed_cpus": [
            2
          ],
          "comm": "python3",
          "live_threads": 1,
          "pid": 326414,
          "rss_kib": 1274632,
          "runnable_threads": 1,
          "start_ticks": 197481933,
          "vmhwm_kib": 1274632
        }
      ],
      "scratch_allocated_bytes": 6356992,
      "scratch_file_count": 57,
      "scratch_logical_bytes": 6228220,
      "scratch_race_count": 0,
      "tree_live_threads": 2,
      "tree_rss_kib": 1300524,
      "tree_runnable_threads": 1
    },
    "peaks": {
      "cgroup_memory_peak_bytes": 1315868672,
      "max_observed_process_vmhwm_kib": 1274632,
      "max_sampled_allowed_cpu_count": 1,
      "max_sampled_cgroup_current_bytes": 1315868672,
      "max_sampled_scratch_allocated_bytes": 7262208,
      "max_sampled_scratch_logical_bytes": 7117405,
      "max_sampled_single_rss_kib": 1274632,
      "max_sampled_tree_live_threads": 2,
      "max_sampled_tree_rss_kib": 1300524,
      "max_sampled_tree_runnable_threads": 1
    },
    "phase": "diagnostic",
    "phase_marker_path": "/home/x/deco/gamma/projects/enwiki9/run_logs/adaptive/20260908T141403Z_9512817e06.resources/phases.jsonl",
    "phase_markers": [
      {
        "detail": "operational envelope only; no codec phase credit",
        "event": "worker_start",
        "observed_elapsed_s": 0.0222,
        "phase": "diagnostic",
        "source_line": 1
      },
      {
        "detail": null,
        "event": "start",
        "observed_elapsed_s": 0.5229,
        "phase": "legacy-encode",
        "source_line": 2
      },
      {
        "detail": null,
        "event": "end",
        "observed_elapsed_s": 155.173,
        "phase": "legacy-encode",
        "source_line": 3
      },
      {
        "detail": null,
        "event": "start",
        "observed_elapsed_s": 155.173,
        "phase": "P-encode",
        "source_line": 4
      },
      {
        "detail": null,
        "event": "end",
        "observed_elapsed_s": 377.6438,
        "phase": "P-encode",
        "source_line": 5
      },
      {
        "detail": null,
        "event": "start",
        "observed_elapsed_s": 377.6438,
        "phase": "P-decode",
        "source_line": 6
      },
      {
        "detail": null,
        "event": "end",
        "observed_elapsed_s": 491.1118,
        "phase": "P-decode",
        "source_line": 7
      },
      {
        "detail": null,
        "event": "start",
        "observed_elapsed_s": 491.1118,
        "phase": "P-repeat",
        "source_line": 8
      },
      {
        "detail": null,
        "event": "end",
        "observed_elapsed_s": 714.5617,
        "phase": "P-repeat",
        "source_line": 9
      },
      {
        "detail": null,
        "event": "start",
        "observed_elapsed_s": 714.5617,
        "phase": "K-encode",
        "source_line": 10
      },
      {
        "detail": null,
        "event": "end",
        "observed_elapsed_s": 941.0326,
        "phase": "K-encode",
        "source_line": 11
      },
      {
        "detail": null,
        "event": "start",
        "observed_elapsed_s": 941.0326,
        "phase": "K-decode",
        "source_line": 12
      },
      {
        "detail": null,
        "event": "end",
        "observed_elapsed_s": 1052.9552,
        "phase": "K-decode",
        "source_line": 13
      },
      {
        "detail": null,
        "event": "start",
        "observed_elapsed_s": 1052.9552,
        "phase": "K-repeat",
        "source_line": 14
      },
      {
        "detail": null,
        "event": "end",
        "observed_elapsed_s": 1274.948,
        "phase": "K-repeat",
        "source_line": 15
      },
      {
        "detail": null,
        "event": "start",
        "observed_elapsed_s": 1274.948,
        "phase": "D-encode",
        "source_line": 16
      },
      {
        "detail": null,
        "event": "end",
        "observed_elapsed_s": 1497.9919,
        "phase": "D-encode",
        "source_line": 17
      },
      {
        "detail": null,
        "event": "start",
        "observed_elapsed_s": 1497.9919,
        "phase": "D-decode",
        "source_line": 18
      },
      {
        "detail": null,
        "event": "end",
        "observed_elapsed_s": 1612.033,
        "phase": "D-decode",
        "source_line": 19
      },
      {
        "detail": null,
        "event": "start",
        "observed_elapsed_s": 1612.033,
        "phase": "D-repeat",
        "source_line": 20
      },
      {
        "detail": null,
        "event": "end",
        "observed_elapsed_s": 1834.1229,
        "phase": "D-repeat",
        "source_line": 21
      }
    ],
    "returncode": 0,
    "sample_count": 3653,
    "sample_interval_seconds": 0.5,
    "schema": "gamma.enwiki9.resource-guard-receipt.v3",
    "scratch_paths": [
      "/home/x/deco/gamma/projects/enwiki9/results/opcode_field_confirmation1m_q0_v1",
      "/home/x/deco/gamma/projects/enwiki9/results/opcode_field_confirmation_runtime_tmp_20260908/gamma-enwiki9-20260908T141403Z_9512817e06-y7qlf15q/opcode_field_confirmation1m_q0_v1",
      "/home/x/deco/gamma/projects/enwiki9/run_logs/adaptive/20260908T141403Z_9512817e06.log",
      "/home/x/deco/gamma/projects/enwiki9/run_logs/adaptive/20260908T141403Z_9512817e06.resources"
    ],
    "smaps_rollup_checkpoints": [
      {
        "elapsed_s": 0.0222,
        "processes": [
          {
            "pid": 33883,
            "rollup_kib": {
              "AnonHugePages": 0,
              "Anonymous": 2364,
              "FilePmdMapped": 0,
              "KSM": 0,
              "LazyFree": 0,
              "Locked": 0,
              "Private_Clean": 40,
              "Private_Dirty": 2364,
              "Private_Hugetlb": 0,
              "Pss": 3388,
              "Pss_Anon": 2364,
              "Pss_Dirty": 2364,
              "Pss_File": 1024,
              "Pss_Shmem": 0,
              "Referenced": 8328,
              "Rss": 8328,
              "Shared_Clean": 5924,
              "Shared_Dirty": 0,
              "Shared_Hugetlb": 0,
              "ShmemPmdMapped": 0,
              "Swap": 0,
              "SwapPss": 0
            },
            "start_ticks": 197320769
          }
        ],
        "reason": "initial+phase_marker+rss_growth",
        "tree_rss_kib": 8012
      },
      {
        "elapsed_s": 0.5229,
        "processes": [
          {
            "pid": 33883,
            "rollup_kib": {
              "AnonHugePages": 0,
              "Anonymous": 12408,
              "FilePmdMapped": 0,
              "KSM": 0,
              "LazyFree": 0,
              "Locked": 0,
              "Private_Clean": 24,
              "Private_Dirty": 12408,
              "Private_Hugetlb": 0,
              "Pss": 13919,
              "Pss_Anon": 12408,
              "Pss_Dirty": 12408,
              "Pss_File": 1511,
              "Pss_Shmem": 0,
              "Referenced": 24548,
              "Rss": 24548,
              "Shared_Clean": 12116,
              "Shared_Dirty": 0,
              "Shared_Hugetlb": 0,
              "ShmemPmdMapped": 0,
              "Swap": 0,
              "SwapPss": 0
            },
            "start_ticks": 197320769
          },
          {
            "pid": 33898,
            "rollup_kib": {
              "AnonHugePages": 0,
              "Anonymous": 13144,
              "FilePmdMapped": 0,
              "KSM": 0,
              "LazyFree": 0,
              "Locked": 0,
              "Private_Clean": 104,
              "Private_Dirty": 13144,
              "Private_Hugetlb": 0,
              "Pss": 14750,
              "Pss_Anon": 13144,
              "Pss_Dirty": 13144,
              "Pss_File": 1606,
              "Pss_Shmem": 0,
              "Referenced": 25564,
              "Rss": 25564,
              "Shared_Clean": 12316,
              "Shared_Dirty": 0,
              "Shared_Hugetlb": 0,
              "ShmemPmdMapped": 0,
              "Swap": 0,
              "SwapPss": 0
            },
            "start_ticks": 197320776
          }
        ],
        "reason": "phase_marker",
        "tree_rss_kib": 50112
      },
      {
        "elapsed_s": 10.0664,
        "processes": [
          {
            "pid": 33883,
            "rollup_kib": {
              "AnonHugePages": 0,
              "Anonymous": 12408,
              "FilePmdMapped": 0,
              "KSM": 0,
              "LazyFree": 0,
              "Locked": 0,
              "Private_Clean": 16,
              "Private_Dirty": 12408,
              "Private_Hugetlb": 0,
              "Pss": 13679,
              "Pss_Anon": 12408,
              "Pss_Dirty": 12408,
              "Pss_File": 1271,
              "Pss_Shmem": 0,
              "Referenced": 24548,
              "Rss": 24548,
              "Shared_Clean": 12124,
              "Shared_Dirty": 0,
              "Shared_Hugetlb": 0,
              "ShmemPmdMapped": 0,
              "Swap": 0,
              "SwapPss": 0
            },
            "start_ticks": 197320769
          },
          {
            "pid": 33898,
            "rollup_kib": {
              "AnonHugePages": 0,
              "Anonymous": 282916,
              "FilePmdMapped": 0,
              "KSM": 0,
              "LazyFree": 0,
              "Locked": 0,
              "Private_Clean": 120,
              "Private_Dirty": 282916,
              "Private_Hugetlb": 0,
              "Pss": 284345,
              "Pss_Anon": 282916,
              "Pss_Dirty": 282916,
              "Pss_File": 1429,
              "Pss_Shmem": 0,
              "Referenced": 295400,
              "Rss": 295400,
              "Shared_Clean": 12364,
              "Shared_Dirty": 0,
              "Shared_Hugetlb": 0,
              "ShmemPmdMapped": 0,
              "Swap": 0,
              "SwapPss": 0
            },
            "start_ticks": 197320776
          }
        ],
        "reason": "rss_growth",
        "tree_rss_kib": 319944
      },
      {
        "elapsed_s": 28.1547,
        "processes": [
          {
            "pid": 33883,
            "rollup_kib": {
              "AnonHugePages": 0,
              "Anonymous": 12408,
              "FilePmdMapped": 0,
              "KSM": 0,
              "LazyFree": 0,
              "Locked": 0,
              "Private_Clean": 24,
              "Private_Dirty": 12408,
              "Private_Hugetlb": 0,
              "Pss": 13920,
              "Pss_Anon": 12408,
              "Pss_Dirty": 12408,
              "Pss_File": 1512,
              "Pss_Shmem": 0,
              "Referenced": 24548,
              "Rss": 24548,
              "Shared_Clean": 12116,
              "Shared_Dirty": 0,
              "Shared_Hugetlb": 0,
              "ShmemPmdMapped": 0,
              "Swap": 0,
              "SwapPss": 0
            },
            "start_ticks": 197320769
          },
          {
            "pid": 33898,
            "rollup_kib": {
              "AnonHugePages": 0,
              "Anonymous": 546080,
              "FilePmdMapped": 0,
              "KSM": 0,
              "LazyFree": 0,
              "Locked": 0,
              "Private_Clean": 120,
              "Private_Dirty": 546080,
              "Private_Hugetlb": 0,
              "Pss": 547726,
              "Pss_Anon": 546080,
              "Pss_Dirty": 546080,
              "Pss_File": 1646,
              "Pss_Shmem": 0,
              "Referenced": 558564,
              "Rss": 558564,
              "Shared_Clean": 12364,
              "Shared_Dirty": 0,
              "Shared_Hugetlb": 0,
              "ShmemPmdMapped": 0,
              "Swap": 0,
              "SwapPss": 0
            },
            "start_ticks": 197320776
          }
        ],
        "reason": "rss_growth",
        "tree_rss_kib": 583108
      },
      {
        "elapsed_s": 47.7424,
        "processes": [
          {
            "pid": 33883,
            "rollup_kib": {
              "AnonHugePages": 0,
              "Anonymous": 12408,
              "FilePmdMapped": 0,
              "KSM": 0,
              "LazyFree": 0,
              "Locked": 0,
              "Private_Clean": 24,
              "Private_Dirty": 12408,
              "Private_Hugetlb": 0,
              "Pss": 13921,
              "Pss_Anon": 12408,
              "Pss_Dirty": 12408,
              "Pss_File": 1513,
              "Pss_Shmem": 0,
              "Referenced": 24548,
              "Rss": 24548,
              "Shared_Clean": 12116,
              "Shared_Dirty": 0,
              "Shared_Hugetlb": 0,
              "ShmemPmdMapped": 0,
              "Swap": 0,
              "SwapPss": 0
            },
            "start_ticks": 197320769
          },
          {
            "pid": 33898,
            "rollup_kib": {
              "AnonHugePages": 0,
              "Anonymous": 810348,
              "FilePmdMapped": 0,
              "KSM": 0,
              "LazyFree": 0,
              "Locked": 0,
              "Private_Clean": 120,
              "Private_Dirty": 810348,
              "Private_Hugetlb": 0,
              "Pss": 811994,
              "Pss_Anon": 810348,
              "Pss_Dirty": 810348,
              "Pss_File": 1646,
              "Pss_Shmem": 0,
              "Referenced": 822832,
              "Rss": 822832,
              "Shared_Clean": 12364,
              "Shared_Dirty": 0,
              "Shared_Hugetlb": 0,
              "ShmemPmdMapped": 0,
              "Swap": 0,
              "SwapPss": 0
            },
            "start_ticks": 197320776
          }
        ],
        "reason": "rss_growth",
        "tree_rss_kib": 847380
      },
      {
        "elapsed_s": 152.1538,
        "processes": [
          {
            "pid": 33883,
            "rollup_kib": {
              "AnonHugePages": 0,
              "Anonymous": 12408,
              "FilePmdMapped": 0,
              "KSM": 0,
              "LazyFree": 0,
              "Locked": 0,
              "Private_Clean": 24,
              "Private_Dirty": 12408,
              "Private_Hugetlb": 0,
              "Pss": 13918,
              "Pss_Anon": 12408,
              "Pss_Dirty": 12408,
              "Pss_File": 1510,
              "Pss_Shmem": 0,
              "Referenced": 24548,
              "Rss": 24548,
              "Shared_Clean": 12116,
              "Shared_Dirty": 0,
              "Shared_Hugetlb": 0,
              "ShmemPmdMapped": 0,
              "Swap": 0,
              "SwapPss": 0
            },
            "start_ticks": 197320769
          },
          {
            "pid": 33898,
            "rollup_kib": {
              "AnonHugePages": 0,
              "Anonymous": 1075440,
              "FilePmdMapped": 0,
              "KSM": 0,
              "LazyFree": 0,
              "Locked": 0,
              "Private_Clean": 120,
              "Private_Dirty": 1075440,
              "Private_Hugetlb": 0,
              "Pss": 1077107,
              "Pss_Anon": 1075440,
              "Pss_Dirty": 1075440,
              "Pss_File": 1667,
              "Pss_Shmem": 0,
              "Referenced": 1087988,
              "Rss": 1087988,
              "Shared_Clean": 12428,
              "Shared_Dirty": 0,
              "Shared_Hugetlb": 0,
              "ShmemPmdMapped": 0,
              "Swap": 0,
              "SwapPss": 0
            },
            "start_ticks": 197320776
          }
        ],
        "reason": "rss_growth",
        "tree_rss_kib": 1112524
      },
      {
        "elapsed_s": 155.173,
        "processes": [
          {
            "pid": 33883,
            "rollup_kib": {
              "AnonHugePages": 0,
              "Anonymous": 12632,
              "FilePmdMapped": 0,
              "KSM": 0,
              "LazyFree": 0,
              "Locked": 0,
              "Private_Clean": 24,
              "Private_Dirty": 12632,
              "Private_Hugetlb": 0,
              "Pss": 14169,
              "Pss_Anon": 12632,
              "Pss_Dirty": 12632,
              "Pss_File": 1537,
              "Pss_Shmem": 0,
              "Referenced": 24900,
              "Rss": 24900,
              "Shared_Clean": 12244,
              "Shared_Dirty": 0,
              "Shared_Hugetlb": 0,
              "ShmemPmdMapped": 0,
              "Swap": 0,
              "SwapPss": 0
            },
            "start_ticks": 197320769
          },
          {
            "pid": 62309,
            "rollup_kib": {
              "AnonHugePages": 0,
              "Anonymous": 12928,
              "FilePmdMapped": 0,
              "KSM": 0,
              "LazyFree": 0,
              "Locked": 0,
              "Private_Clean": 104,
              "Private_Dirty": 12928,
              "Private_Hugetlb": 0,
              "Pss": 14501,
              "Pss_Anon": 12928,
              "Pss_Dirty": 12928,
              "Pss_File": 1573,
              "Pss_Shmem": 0,
              "Referenced": 25276,
              "Rss": 25276,
              "Shared_Clean": 12244,
              "Shared_Dirty": 0,
              "Shared_Hugetlb": 0,
              "ShmemPmdMapped": 0,
              "Swap": 0,
              "SwapPss": 0
            },
            "start_ticks": 197336258
          }
        ],
        "reason": "phase_marker",
        "tree_rss_kib": 50172
      },
      {
        "elapsed_s": 377.6438,
        "processes": [
          {
            "pid": 33883,
            "rollup_kib": {
              "AnonHugePages": 0,
              "Anonymous": 12908,
              "FilePmdMapped": 0,
              "KSM": 0,
              "LazyFree": 0,
              "Locked": 0,
              "Private_Clean": 24,
              "Private_Dirty": 12908,
              "Private_Hugetlb": 0,
              "Pss": 14452,
              "Pss_Anon": 12908,
              "Pss_Dirty": 12908,
              "Pss_File": 1544,
              "Pss_Shmem": 0,
              "Referenced": 25176,
              "Rss": 25176,
              "Shared_Clean": 12244,
              "Shared_Dirty": 0,
              "Shared_Hugetlb": 0,
              "ShmemPmdMapped": 0,
              "Swap": 0,
              "SwapPss": 0
            },
            "start_ticks": 197320769
          },
          {
            "pid": 103104,
            "rollup_kib": {
              "AnonHugePages": 0,
              "Anonymous": 14584,
              "FilePmdMapped": 0,
              "KSM": 0,
              "LazyFree": 0,
              "Locked": 0,
              "Private_Clean": 112,
              "Private_Dirty": 14584,
              "Private_Hugetlb": 0,
              "Pss": 16188,
              "Pss_Anon": 14584,
              "Pss_Dirty": 14584,
              "Pss_File": 1604,
              "Pss_Shmem": 0,
              "Referenced": 26944,
              "Rss": 26944,
              "Shared_Clean": 12248,
              "Shared_Dirty": 0,
              "Shared_Hugetlb": 0,
              "ShmemPmdMapped": 0,
              "Swap": 0,
              "SwapPss": 0
            },
            "start_ticks": 197358528
          }
        ],
        "reason": "phase_marker",
        "tree_rss_kib": 52028
      },
      {
        "elapsed_s": 491.1118,
        "processes": [
          {
            "pid": 33883,
            "rollup_kib": {
              "AnonHugePages": 0,
              "Anonymous": 13052,
              "FilePmdMapped": 0,
              "KSM": 0,
              "LazyFree": 0,
              "Locked": 0,
              "Private_Clean": 24,
              "Private_Dirty": 13052,
              "Private_Hugetlb": 0,
              "Pss": 14595,
              "Pss_Anon": 13052,
              "Pss_Dirty": 13052,
              "Pss_File": 1543,
              "Pss_Shmem": 0,
              "Referenced": 25320,
              "Rss": 25320,
              "Shared_Clean": 12244,
              "Shared_Dirty": 0,
              "Shared_Hugetlb": 0,
              "ShmemPmdMapped": 0,
              "Swap": 0,
              "SwapPss": 0
            },
            "start_ticks": 197320769
          },
          {
            "pid": 123781,
            "rollup_kib": {
              "AnonHugePages": 0,
              "Anonymous": 12592,
              "FilePmdMapped": 0,
              "KSM": 0,
              "LazyFree": 0,
              "Locked": 0,
              "Private_Clean": 104,
              "Private_Dirty": 12592,
              "Private_Hugetlb": 0,
              "Pss": 14170,
              "Pss_Anon": 12592,
              "Pss_Dirty": 12592,
              "Pss_File": 1578,
              "Pss_Shmem": 0,
              "Referenced": 24920,
              "Rss": 24920,
              "Shared_Clean": 12224,
              "Shared_Dirty": 0,
              "Shared_Hugetlb": 0,
              "ShmemPmdMapped": 0,
              "Swap": 0,
              "SwapPss": 0
            },
            "start_ticks": 197369870
          }
        ],
        "reason": "phase_marker",
        "tree_rss_kib": 50240
      },
      {
        "elapsed_s": 714.5617,
        "processes": [
          {
            "pid": 33883,
            "rollup_kib": {
              "AnonHugePages": 0,
              "Anonymous": 13284,
              "FilePmdMapped": 0,
              "KSM": 0,
              "LazyFree": 0,
              "Locked": 0,
              "Private_Clean": 8,
              "Private_Dirty": 13284,
              "Private_Hugetlb": 0,
              "Pss": 14813,
              "Pss_Anon": 13284,
              "Pss_Dirty": 13284,
              "Pss_File": 1529,
              "Pss_Shmem": 0,
              "Referenced": 25552,
              "Rss": 25552,
              "Shared_Clean": 12260,
              "Shared_Dirty": 0,
              "Shared_Hugetlb": 0,
              "ShmemPmdMapped": 0,
              "Swap": 0,
              "SwapPss": 0
            },
            "start_ticks": 197320769
          },
          {
            "pid": 165783,
            "rollup_kib": {
              "AnonHugePages": 0,
              "Anonymous": 12604,
              "FilePmdMapped": 0,
              "KSM": 0,
              "LazyFree": 0,
              "Locked": 0,
              "Private_Clean": 88,
              "Private_Dirty": 12604,
              "Private_Hugetlb": 0,
              "Pss": 14180,
              "Pss_Anon": 12604,
              "Pss_Dirty": 12604,
              "Pss_File": 1576,
              "Pss_Shmem": 0,
              "Referenced": 25000,
              "Rss": 25000,
              "Shared_Clean": 12308,
              "Shared_Dirty": 0,
              "Shared_Hugetlb": 0,
              "ShmemPmdMapped": 0,
              "Swap": 0,
              "SwapPss": 0
            },
            "start_ticks": 197392210
          }
        ],
        "reason": "phase_marker",
        "tree_rss_kib": 50552
      },
      {
        "elapsed_s": 941.0326,
        "processes": [
          {
            "pid": 33883,
            "rollup_kib": {
              "AnonHugePages": 0,
              "Anonymous": 13284,
              "FilePmdMapped": 0,
              "KSM": 0,
              "LazyFree": 0,
              "Locked": 0,
              "Private_Clean": 16,
              "Private_Dirty": 13284,
              "Private_Hugetlb": 0,
              "Pss": 14816,
              "Pss_Anon": 13284,
              "Pss_Dirty": 13284,
              "Pss_File": 1532,
              "Pss_Shmem": 0,
              "Referenced": 25552,
              "Rss": 25552,
              "Shared_Clean": 12252,
              "Shared_Dirty": 0,
              "Shared_Hugetlb": 0,
              "ShmemPmdMapped": 0,
              "Swap": 0,
              "SwapPss": 0
            },
            "start_ticks": 197320769
          },
          {
            "pid": 207418,
            "rollup_kib": {
              "AnonHugePages": 0,
              "Anonymous": 33624,
              "FilePmdMapped": 0,
              "KSM": 0,
              "LazyFree": 0,
              "Locked": 0,
              "Private_Clean": 104,
              "Private_Dirty": 33624,
              "Private_Hugetlb": 0,
              "Pss": 35214,
              "Pss_Anon": 33624,
              "Pss_Dirty": 33624,
              "Pss_File": 1590,
              "Pss_Shmem": 0,
              "Referenced": 46040,
              "Rss": 46040,
              "Shared_Clean": 12312,
              "Shared_Dirty": 0,
              "Shared_Hugetlb": 0,
              "ShmemPmdMapped": 0,
              "Swap": 0,
              "SwapPss": 0
            },
            "start_ticks": 197414826
          }
        ],
        "reason": "phase_marker",
        "tree_rss_kib": 71588
      },
      {
        "elapsed_s": 1052.9552,
        "processes": [
          {
            "pid": 33883,
            "rollup_kib": {
              "AnonHugePages": 0,
              "Anonymous": 13300,
              "FilePmdMapped": 0,
              "KSM": 0,
              "LazyFree": 0,
              "Locked": 0,
              "Private_Clean": 24,
              "Private_Dirty": 13300,
              "Private_Hugetlb": 0,
              "Pss": 14839,
              "Pss_Anon": 13300,
              "Pss_Dirty": 13300,
              "Pss_File": 1539,
              "Pss_Shmem": 0,
              "Referenced": 25568,
              "Rss": 25568,
              "Shared_Clean": 12244,
              "Shared_Dirty": 0,
              "Shared_Hugetlb": 0,
              "ShmemPmdMapped": 0,
              "Swap": 0,
              "SwapPss": 0
            },
            "start_ticks": 197320769
          },
          {
            "pid": 228067,
            "rollup_kib": {
              "AnonHugePages": 0,
              "Anonymous": 12592,
              "FilePmdMapped": 0,
              "KSM": 0,
              "LazyFree": 0,
              "Locked": 0,
              "Private_Clean": 104,
              "Private_Dirty": 12592,
              "Private_Hugetlb": 0,
              "Pss": 14169,
              "Pss_Anon": 12592,
              "Pss_Dirty": 12592,
              "Pss_File": 1577,
              "Pss_Shmem": 0,
              "Referenced": 24956,
              "Rss": 24956,
              "Shared_Clean": 12260,
              "Shared_Dirty": 0,
              "Shared_Hugetlb": 0,
              "ShmemPmdMapped": 0,
              "Swap": 0,
              "SwapPss": 0
            },
            "start_ticks": 197426057
          }
        ],
        "reason": "phase_marker",
        "tree_rss_kib": 50524
      },
      {
        "elapsed_s": 1274.948,
        "processes": [
          {
            "pid": 33883,
            "rollup_kib": {
              "AnonHugePages": 0,
              "Anonymous": 13480,
              "FilePmdMapped": 0,
              "KSM": 0,
              "LazyFree": 0,
              "Locked": 0,
              "Private_Clean": 24,
              "Private_Dirty": 13480,
              "Private_Hugetlb": 0,
              "Pss": 15025,
              "Pss_Anon": 13480,
              "Pss_Dirty": 13480,
              "Pss_File": 1545,
              "Pss_Shmem": 0,
              "Referenced": 25748,
              "Rss": 25748,
              "Shared_Clean": 12244,
              "Shared_Dirty": 0,
              "Shared_Hugetlb": 0,
              "ShmemPmdMapped": 0,
              "Swap": 0,
              "SwapPss": 0
            },
            "start_ticks": 197320769
          },
          {
            "pid": 267032,
            "rollup_kib": {
              "AnonHugePages": 0,
              "Anonymous": 13036,
              "FilePmdMapped": 0,
              "KSM": 0,
              "LazyFree": 0,
              "Locked": 0,
              "Private_Clean": 108,
              "Private_Dirty": 13036,
              "Private_Hugetlb": 0,
              "Pss": 14639,
              "Pss_Anon": 13036,
              "Pss_Dirty": 13036,
              "Pss_File": 1603,
              "Pss_Shmem": 0,
              "Referenced": 25396,
              "Rss": 25396,
              "Shared_Clean": 12252,
              "Shared_Dirty": 0,
              "Shared_Hugetlb": 0,
              "ShmemPmdMapped": 0,
              "Swap": 0,
              "SwapPss": 0
            },
            "start_ticks": 197448227
          }
        ],
        "reason": "phase_marker",
        "tree_rss_kib": 51144
      },
      {
        "elapsed_s": 1497.9919,
        "processes": [
          {
            "pid": 33883,
            "rollup_kib": {
              "AnonHugePages": 0,
              "Anonymous": 13488,
              "FilePmdMapped": 0,
              "KSM": 0,
              "LazyFree": 0,
              "Locked": 0,
              "Private_Clean": 24,
              "Private_Dirty": 13488,
              "Private_Hugetlb": 0,
              "Pss": 15033,
              "Pss_Anon": 13488,
              "Pss_Dirty": 13488,
              "Pss_File": 1545,
              "Pss_Shmem": 0,
              "Referenced": 25756,
              "Rss": 25756,
              "Shared_Clean": 12244,
              "Shared_Dirty": 0,
              "Shared_Hugetlb": 0,
              "ShmemPmdMapped": 0,
              "Swap": 0,
              "SwapPss": 0
            },
            "start_ticks": 197320769
          },
          {
            "pid": 306305,
            "rollup_kib": {
              "AnonHugePages": 0,
              "Anonymous": 14712,
              "FilePmdMapped": 0,
              "KSM": 0,
              "LazyFree": 0,
              "Locked": 0,
              "Private_Clean": 104,
              "Private_Dirty": 14712,
              "Private_Hugetlb": 0,
              "Pss": 16293,
              "Pss_Anon": 14712,
              "Pss_Dirty": 14712,
              "Pss_File": 1581,
              "Pss_Shmem": 0,
              "Referenced": 27072,
              "Rss": 27072,
              "Shared_Clean": 12256,
              "Shared_Dirty": 0,
              "Shared_Hugetlb": 0,
              "ShmemPmdMapped": 0,
              "Swap": 0,
              "SwapPss": 0
            },
            "start_ticks": 197470562
          }
        ],
        "reason": "phase_marker",
        "tree_rss_kib": 52744
      },
      {
        "elapsed_s": 1612.033,
        "processes": [
          {
            "pid": 33883,
            "rollup_kib": {
              "AnonHugePages": 0,
              "Anonymous": 13624,
              "FilePmdMapped": 0,
              "KSM": 0,
              "LazyFree": 0,
              "Locked": 0,
              "Private_Clean": 24,
              "Private_Dirty": 13624,
              "Private_Hugetlb": 0,
              "Pss": 15162,
              "Pss_Anon": 13624,
              "Pss_Dirty": 13624,
              "Pss_File": 1538,
              "Pss_Shmem": 0,
              "Referenced": 25892,
              "Rss": 25892,
              "Shared_Clean": 12244,
              "Shared_Dirty": 0,
              "Shared_Hugetlb": 0,
              "ShmemPmdMapped": 0,
              "Swap": 0,
              "SwapPss": 0
            },
            "start_ticks": 197320769
          },
          {
            "pid": 326414,
            "rollup_kib": {
              "AnonHugePages": 0,
              "Anonymous": 13060,
              "FilePmdMapped": 0,
              "KSM": 0,
              "LazyFree": 0,
              "Locked": 0,
              "Private_Clean": 104,
              "Private_Dirty": 13060,
              "Private_Hugetlb": 0,
              "Pss": 14654,
              "Pss_Anon": 13060,
              "Pss_Dirty": 13060,
              "Pss_File": 1594,
              "Pss_Shmem": 0,
              "Referenced": 25476,
              "Rss": 25476,
              "Shared_Clean": 12312,
              "Shared_Dirty": 0,
              "Shared_Hugetlb": 0,
              "ShmemPmdMapped": 0,
              "Swap": 0,
              "SwapPss": 0
            },
            "start_ticks": 197481933
          }
        ],
        "reason": "phase_marker",
        "tree_rss_kib": 51368
      },
      {
        "elapsed_s": 1834.1229,
        "processes": [],
        "reason": "phase_marker+terminal",
        "tree_rss_kib": 0
      }
    ],
    "status": "complete",
    "temporary_disk_limit_bytes": 2147483648,
    "wall_time_limit_seconds": null
  }
}
