{"command": ["/usr/bin/python3", "/home/x/deco/gamma/projects/enwiki9/tools/run_with_resource_guard_v3.py", "--limit-kib", "9765624", "--official-decimal-limit-kib", "9765624", "--limit-mode", "tree", "--cgroup-path", "/sys/fs/cgroup/user.slice/user-1000.slice/user@1000.service/app.slice/gamma-enwiki9-20260916T075657Z_17152228fe", "--cgroup-memory-max-bytes", "9999998976", "--temporary-disk-limit-bytes", "16000000000", "--phase-marker-path", "/home/x/deco/gamma/projects/enwiki9/run_logs/adaptive/20260916T075657Z_17152228fe.resources/phases.jsonl", "--max-logical-cpus", "1", "--guard-json", "/home/x/deco/gamma/projects/enwiki9/run_logs/adaptive/20260916T075657Z_17152228fe.resources/guard.json", "--label", "20260916T075657Z_17152228fe", "--phase", "diagnostic", "--scratch-path", "/home/x/deco/gamma/projects/enwiki9/results/fx2_final_bit_head250k_v2", "--scratch-path", "/home/x/deco/gamma/projects/enwiki9/run_logs/adaptive/20260916T075657Z_17152228fe.log", "--scratch-path", "/home/x/deco/gamma/projects/enwiki9/run_logs/adaptive/20260916T075657Z_17152228fe.resources", "--scratch-path", "/tmp/gamma-enwiki9-20260916T075657Z_17152228fe-47w17uya/fx2_final_bit_head250k_v2", "--", "/usr/bin/taskset", "--cpu-list", "2", "/bin/sh", "-c", "printf '%s\\n' '{\"phase\":\"diagnostic\",\"event\":\"worker_start\",\"detail\":\"operational envelope only; no codec phase credit\"}' >> \"$GAMMA_RESOURCE_PHASE_MARKERS\" || exit 125; exec \"$@\"", "enwiki9-discovery-envelope", "/usr/bin/python3", "/home/x/deco/gamma/projects/enwiki9/tools/fx2_final_bit_head250k_v2.py"], "job": {"candidate_id": "fx2_final_bit_head250k_v2", "candidate_revision": {"path": "operations/adaptive/candidate-revisions/fx2_final_bit_head250k_v2/20260916T075657425813Z_23908c02e66d.json", "sha256": "sha256:8c4ddcedc2440709d21e288374f5ca2c378a36847ec48ff9c82138e53f5811cd"}, "candidate_tree_sha256": "sha256:23908c02e66d1d1294b6c279187c776e4202464cd5f6c15d51d607c99abcdc23", "execution_guard": {"path": "tools/run_with_resource_guard_v3.py", "sha256": "sha256:044147f7ffe6922ea8dafd52fc3d4426077b20958adbcd421245ad41adcfc1e4"}, "execution_mode": "discovery", "execution_resources": {"boot_id": "3ce46712-27bc-4199-8e48-e2b3d23926cb", "budget": {"cgroup_parent": "/sys/fs/cgroup/user.slice/user-1000.slice/user@1000.service/app.slice", "cpus": [2], "memory_bytes": 9999998976, "scratch_bytes": 16000000000, "swap_bytes": 0, "wall_seconds": 3600}, "cgroup_inode": 340523, "cgroup_path": "/sys/fs/cgroup/user.slice/user-1000.slice/user@1000.service/app.slice/gamma-enwiki9-20260916T075657Z_17152228fe", "cpu_enforcement": "taskset-and-sampled-affinity-guard", "groups": [{"created": true, "inode": 340523, "kernel_cpuset": false, "memory_bytes": 9999998976, "path": "/sys/fs/cgroup/user.slice/user-1000.slice/user@1000.service/app.slice/gamma-enwiki9-20260916T075657Z_17152228fe"}], "guard_command_sha256": "03750c953a5d83625cbf5f1dde9dba23d94d008af234a73d3d23254e5b73a04c", "guard_path": "run_logs/adaptive/20260916T075657Z_17152228fe.resources/guard.json", "missing_diagnostics": ["kernel cpuset controller is not delegated; taskset assignment and existing affinity guard remain active"], "timing_authority": "diagnostic"}, "experiment": {"path": "operations/adaptive/experiments/fx2_final_bit_head250k_v2.json", "sha256": "sha256:7f2e67a591cf06b25dce0c19ca563b992b4ae55bb967ce2a1850e5f206002ca6"}, "gate_size": 250000, "held": false, "held_at": "2026-09-16T07:56:58+00:00", "hold_history": [{"at": "2026-09-16T07:56:58+00:00", "held": true, "reason": "Publish failure,validated reflection and linkage-only successor,then fresh CPU2 resource admission. Scientific parameters unchanged."}, {"at": "2026-09-16T08:02:07+00:00", "held": false, "reason": "Published258dbb500 source, linkage repair and ownership; all ten checks and fresh CPU2 admission pass. Unchanged17phase scientific comparison."}], "job_id": "20260916T075657Z_17152228fe", "priority": 65, "proposal": {"path": "operations/adaptive/proposals/developed/949_fx2_final_bit_head250k_v2.json", "sha256": "sha256:26d718425118b4cf651d111c803bc6df6eee5b727d74ce5a2e9be85bae9da6bd"}, "proposal_id": "fx2_final_bit_head250k_v2", "purpose": "diagnostic", "released_at": "2026-09-16T08:02:07+00:00", "resource_budget": {"cgroup_parent": "/sys/fs/cgroup/user.slice/user-1000.slice/user@1000.service/app.slice", "cpus": [2], "memory_bytes": 9999998976, "scratch_bytes": 16000000000, "swap_bytes": 0, "wall_seconds": 3600}, "runner": {"path": "tools/fx2_final_bit_head250k_v2.py", "sha256": "sha256:1cf539fb3449bdc10c906cd56f367c14e26f98236850188097ef659996d72870"}, "schema": "gamma.enwiki9.adaptive-job.v3", "scratch_directories": ["results/fx2_final_bit_head250k_v2"], "started_at": "2026-09-16T08:02:07+00:00", "state": "running", "submitted_at": "2026-09-16T07:56:57+00:00", "tags": [], "timing_authority": "diagnostic", "tool": "tools/fx2_final_bit_head250k_v2.py", "tool_args": []}}
{"status": "passed", "scientific_verdict": "Retire fixed final-bit learner: required archive/control separation failed.", "g_P": -354, "g_S": 13743}
{
  "resource_guard": {
    "cgroup": {
      "inode": 340523,
      "joined_before_exec": true,
      "memory_max_bytes": 9999998976,
      "memory_max_rounding_bytes": 0,
      "memory_peak_reset": true,
      "path": "/sys/fs/cgroup/user.slice/user-1000.slice/user@1000.service/app.slice/gamma-enwiki9-20260916T075657Z_17152228fe",
      "previous_memory_max": "9999998976",
      "requested_memory_max_bytes": 9999998976
    },
    "cgroup_events": {
      "baseline": {
        "high": 0,
        "low": 0,
        "max": 0,
        "oom": 0,
        "oom_group_kill": 0,
        "oom_kill": 0,
        "sock_throttled": 0
      },
      "delta": {
        "high": 0,
        "low": 0,
        "max": 0,
        "oom": 0,
        "oom_group_kill": 0,
        "oom_kill": 0,
        "sock_throttled": 0
      },
      "final": {
        "high": 0,
        "low": 0,
        "max": 0,
        "oom": 0,
        "oom_group_kill": 0,
        "oom_kill": 0,
        "sock_throttled": 0
      }
    },
    "command": [
      "/usr/bin/taskset",
      "--cpu-list",
      "2",
      "/bin/sh",
      "-c",
      "printf '%s\\n' '{\"phase\":\"diagnostic\",\"event\":\"worker_start\",\"detail\":\"operational envelope only; no codec phase credit\"}' >> \"$GAMMA_RESOURCE_PHASE_MARKERS\" || exit 125; exec \"$@\"",
      "enwiki9-discovery-envelope",
      "/usr/bin/python3",
      "/home/x/deco/gamma/projects/enwiki9/tools/fx2_final_bit_head250k_v2.py"
    ],
    "command_sha256": "874eb6b431b51aa87e1428661be876e00fe0dbb678537ad39035a080731baa91",
    "elapsed_s": 505.3427,
    "geekbench5_single_core_score": null,
    "guards": {
      "cgroup_memory_guard_exceeded": false,
      "logical_cpu_guard_exceeded": false,
      "measurement_incomplete": false,
      "official_decimal_memory_exceeded": false,
      "phase_marker_invalid": false,
      "rss_guard_exceeded": false,
      "temporary_disk_guard_exceeded": false,
      "wall_time_guard_exceeded": false
    },
    "label": "20260916T075657Z_17152228fe",
    "latest_sample": {
      "allowed_cpu_union": [],
      "cgroup_current_bytes": 814206976,
      "elapsed_s": 505.34,
      "max_single_rss_kib": 0,
      "persistent_status_misses": [],
      "processes": [],
      "scratch_allocated_bytes": 790458368,
      "scratch_file_count": 264,
      "scratch_logical_bytes": 789641985,
      "scratch_race_count": 0,
      "tree_live_threads": 0,
      "tree_rss_kib": 0,
      "tree_runnable_threads": 0
    },
    "limit_kib": 9765624,
    "limit_mode": "tree",
    "max_logical_cpus": 1,
    "measurements": {
      "affinity_complete": true,
      "cgroup_v2_complete": true,
      "per_process_vmhwm_sampled": true,
      "phase_markers_complete": true,
      "process_tree_rss_complete": true,
      "scratch_logical_and_allocated_complete": true,
      "smaps_rollup_complete": true
    },
    "objective": {
      "corpusBytes": 1000000000,
      "corpusSha256": "159b85351e5f76e60cbe32e04c677847a9ecba3adc79addab6f4c6c7aa3744bc",
      "objectiveDigest": "sha256:e91ff20e92c3cac8acb0cbe5c79fc8e8a3b427d7e151245c8eecc52b1c32fa00",
      "objectiveId": "gamma-enwiki9-hutter-90m-v3",
      "objectivePath": "contracts/research/v3/objective-contract.json",
      "targetScoreBytes": 90000000
    },
    "official_decimal_limit_kib": 9765624,
    "peak_process_vmhwm": {
      "comm": "cmix",
      "observed_elapsed_s": 174.0179,
      "pid": 34558,
      "start_ticks": 264200371,
      "vmhwm_kib": 5653212
    },
    "peak_sample": {
      "allowed_cpu_union": [
        2
      ],
      "cgroup_current_bytes": 6149718016,
      "elapsed_s": 174.0179,
      "max_single_rss_kib": 5653212,
      "persistent_status_misses": [],
      "processes": [
        {
          "allowed_cpus": [
            2
          ],
          "comm": "python3",
          "live_threads": 1,
          "pid": 8347,
          "rss_kib": 76028,
          "runnable_threads": 0,
          "start_ticks": 264186545,
          "vmhwm_kib": 76068
        },
        {
          "allowed_cpus": [
            2
          ],
          "comm": "timeout",
          "live_threads": 1,
          "pid": 34557,
          "rss_kib": 7736,
          "runnable_threads": 0,
          "start_ticks": 264200371,
          "vmhwm_kib": 7736
        },
        {
          "allowed_cpus": [
            2
          ],
          "comm": "cmix",
          "live_threads": 1,
          "pid": 34558,
          "rss_kib": 5653212,
          "runnable_threads": 1,
          "start_ticks": 264200371,
          "vmhwm_kib": 5653212
        }
      ],
      "scratch_allocated_bytes": 281452544,
      "scratch_file_count": 192,
      "scratch_logical_bytes": 14957701249,
      "scratch_race_count": 0,
      "tree_live_threads": 3,
      "tree_rss_kib": 5736976,
      "tree_runnable_threads": 1
    },
    "peak_tree_sample": {
      "allowed_cpu_union": [
        2
      ],
      "cgroup_current_bytes": 6149718016,
      "elapsed_s": 174.0179,
      "max_single_rss_kib": 5653212,
      "persistent_status_misses": [],
      "processes": [
        {
          "allowed_cpus": [
            2
          ],
          "comm": "python3",
          "live_threads": 1,
          "pid": 8347,
          "rss_kib": 76028,
          "runnable_threads": 0,
          "start_ticks": 264186545,
          "vmhwm_kib": 76068
        },
        {
          "allowed_cpus": [
            2
          ],
          "comm": "timeout",
          "live_threads": 1,
          "pid": 34557,
          "rss_kib": 7736,
          "runnable_threads": 0,
          "start_ticks": 264200371,
          "vmhwm_kib": 7736
        },
        {
          "allowed_cpus": [
            2
          ],
          "comm": "cmix",
          "live_threads": 1,
          "pid": 34558,
          "rss_kib": 5653212,
          "runnable_threads": 1,
          "start_ticks": 264200371,
          "vmhwm_kib": 5653212
        }
      ],
      "scratch_allocated_bytes": 281452544,
      "scratch_file_count": 192,
      "scratch_logical_bytes": 14957701249,
      "scratch_race_count": 0,
      "tree_live_threads": 3,
      "tree_rss_kib": 5736976,
      "tree_runnable_threads": 1
    },
    "peaks": {
      "cgroup_memory_peak_bytes": 6676209664,
      "max_observed_process_vmhwm_kib": 5653212,
      "max_sampled_allowed_cpu_count": 1,
      "max_sampled_cgroup_current_bytes": 6674898944,
      "max_sampled_scratch_allocated_bytes": 793669632,
      "max_sampled_scratch_logical_bytes": 15469736279,
      "max_sampled_single_rss_kib": 5653212,
      "max_sampled_tree_live_threads": 5,
      "max_sampled_tree_rss_kib": 5736976,
      "max_sampled_tree_runnable_threads": 2
    },
    "phase": "diagnostic",
    "phase_marker_path": "/home/x/deco/gamma/projects/enwiki9/run_logs/adaptive/20260916T075657Z_17152228fe.resources/phases.jsonl",
    "phase_markers": [
      {
        "detail": "operational envelope only; no codec phase credit",
        "event": "worker_start",
        "observed_elapsed_s": 0.023,
        "phase": "diagnostic",
        "source_line": 1
      },
      {
        "detail": null,
        "event": "start",
        "observed_elapsed_s": 1.0259,
        "phase": "compile",
        "source_line": 2
      },
      {
        "detail": null,
        "event": "end",
        "observed_elapsed_s": 15.1088,
        "phase": "compile",
        "source_line": 3
      },
      {
        "detail": null,
        "event": "start",
        "observed_elapsed_s": 15.1088,
        "phase": "clean-repeat",
        "source_line": 4
      },
      {
        "detail": null,
        "event": "end",
        "observed_elapsed_s": 15.1088,
        "phase": "clean-repeat",
        "source_line": 5
      },
      {
        "detail": null,
        "event": "start",
        "observed_elapsed_s": 15.1088,
        "phase": "compile-repeat",
        "source_line": 6
      },
      {
        "detail": null,
        "event": "end",
        "observed_elapsed_s": 29.1889,
        "phase": "compile-repeat",
        "source_line": 7
      },
      {
        "detail": null,
        "event": "start",
        "observed_elapsed_s": 29.1889,
        "phase": "preprocess",
        "source_line": 8
      },
      {
        "detail": null,
        "event": "end",
        "observed_elapsed_s": 29.1889,
        "phase": "preprocess",
        "source_line": 9
      },
      {
        "detail": null,
        "event": "start",
        "observed_elapsed_s": 29.1889,
        "phase": "P-encode",
        "source_line": 10
      },
      {
        "detail": null,
        "event": "end",
        "observed_elapsed_s": 65.8728,
        "phase": "P-encode",
        "source_line": 11
      },
      {
        "detail": null,
        "event": "start",
        "observed_elapsed_s": 65.8728,
        "phase": "P-decode",
        "source_line": 12
      },
      {
        "detail": null,
        "event": "end",
        "observed_elapsed_s": 102.0688,
        "phase": "P-decode",
        "source_line": 13
      },
      {
        "detail": null,
        "event": "start",
        "observed_elapsed_s": 102.0688,
        "phase": "P-repeat",
        "source_line": 14
      },
      {
        "detail": null,
        "event": "end",
        "observed_elapsed_s": 138.305,
        "phase": "P-repeat",
        "source_line": 15
      },
      {
        "detail": null,
        "event": "start",
        "observed_elapsed_s": 138.305,
        "phase": "K-encode",
        "source_line": 16
      },
      {
        "detail": null,
        "event": "end",
        "observed_elapsed_s": 175.0249,
        "phase": "K-encode",
        "source_line": 17
      },
      {
        "detail": null,
        "event": "start",
        "observed_elapsed_s": 175.0249,
        "phase": "K-decode",
        "source_line": 18
      },
      {
        "detail": null,
        "event": "end",
        "observed_elapsed_s": 211.2749,
        "phase": "K-decode",
        "source_line": 19
      },
      {
        "detail": null,
        "event": "start",
        "observed_elapsed_s": 211.2749,
        "phase": "K-repeat",
        "source_line": 20
      },
      {
        "detail": null,
        "event": "end",
        "observed_elapsed_s": 248.006,
        "phase": "K-repeat",
        "source_line": 21
      },
      {
        "detail": null,
        "event": "start",
        "observed_elapsed_s": 248.512,
        "phase": "D-encode",
        "source_line": 22
      },
      {
        "detail": null,
        "event": "end",
        "observed_elapsed_s": 284.768,
        "phase": "D-encode",
        "source_line": 23
      },
      {
        "detail": null,
        "event": "start",
        "observed_elapsed_s": 284.768,
        "phase": "D-decode",
        "source_line": 24
      },
      {
        "detail": null,
        "event": "end",
        "observed_elapsed_s": 321.531,
        "phase": "D-decode",
        "source_line": 25
      },
      {
        "detail": null,
        "event": "start",
        "observed_elapsed_s": 321.531,
        "phase": "D-repeat",
        "source_line": 26
      },
      {
        "detail": null,
        "event": "end",
        "observed_elapsed_s": 358.2771,
        "phase": "D-repeat",
        "source_line": 27
      },
      {
        "detail": null,
        "event": "start",
        "observed_elapsed_s": 358.2771,
        "phase": "S-encode",
        "source_line": 28
      },
      {
        "detail": null,
        "event": "end",
        "observed_elapsed_s": 395.0199,
        "phase": "S-encode",
        "source_line": 29
      },
      {
        "detail": null,
        "event": "start",
        "observed_elapsed_s": 395.0199,
        "phase": "S-decode",
        "source_line": 30
      },
      {
        "detail": null,
        "event": "end",
        "observed_elapsed_s": 431.7729,
        "phase": "S-decode",
        "source_line": 31
      },
      {
        "detail": null,
        "event": "start",
        "observed_elapsed_s": 431.7729,
        "phase": "S-repeat",
        "source_line": 32
      },
      {
        "detail": null,
        "event": "end",
        "observed_elapsed_s": 468.0519,
        "phase": "S-repeat",
        "source_line": 33
      },
      {
        "detail": null,
        "event": "start",
        "observed_elapsed_s": 468.5582,
        "phase": "D-untraced",
        "source_line": 34
      },
      {
        "detail": null,
        "event": "end",
        "observed_elapsed_s": 504.3319,
        "phase": "D-untraced",
        "source_line": 35
      }
    ],
    "returncode": 0,
    "sample_count": 1003,
    "sample_interval_seconds": 0.5,
    "schema": "gamma.enwiki9.resource-guard-receipt.v3",
    "scratch_paths": [
      "/home/x/deco/gamma/projects/enwiki9/results/fx2_final_bit_head250k_v2",
      "/home/x/deco/gamma/projects/enwiki9/run_logs/adaptive/20260916T075657Z_17152228fe.log",
      "/home/x/deco/gamma/projects/enwiki9/run_logs/adaptive/20260916T075657Z_17152228fe.resources",
      "/tmp/gamma-enwiki9-20260916T075657Z_17152228fe-47w17uya/fx2_final_bit_head250k_v2"
    ],
    "smaps_rollup_checkpoints": [
      {
        "elapsed_s": 0.023,
        "processes": [
          {
            "pid": 8347,
            "rollup_kib": {
              "AnonHugePages": 0,
              "Anonymous": 2180,
              "FilePmdMapped": 0,
              "KSM": 0,
              "LazyFree": 0,
              "Locked": 0,
              "Private_Clean": 48,
              "Private_Dirty": 2180,
              "Private_Hugetlb": 0,
              "Pss": 3535,
              "Pss_Anon": 2180,
              "Pss_Dirty": 2180,
              "Pss_File": 1355,
              "Pss_Shmem": 0,
              "Referenced": 8092,
              "Rss": 8092,
              "Shared_Clean": 5864,
              "Shared_Dirty": 0,
              "Shared_Hugetlb": 0,
              "ShmemPmdMapped": 0,
              "Swap": 0,
              "SwapPss": 0
            },
            "start_ticks": 264186545
          }
        ],
        "reason": "initial+phase_marker+rss_growth",
        "tree_rss_kib": 8092
      },
      {
        "elapsed_s": 1.0259,
        "processes": [
          {
            "pid": 8347,
            "rollup_kib": {
              "AnonHugePages": 0,
              "Anonymous": 60372,
              "FilePmdMapped": 0,
              "KSM": 0,
              "LazyFree": 0,
              "Locked": 0,
              "Private_Clean": 76,
              "Private_Dirty": 60372,
              "Private_Hugetlb": 0,
              "Pss": 63102,
              "Pss_Anon": 60372,
              "Pss_Dirty": 60372,
              "Pss_File": 2730,
              "Pss_Shmem": 0,
              "Referenced": 72768,
              "Rss": 72768,
              "Shared_Clean": 12320,
              "Shared_Dirty": 0,
              "Shared_Hugetlb": 0,
              "ShmemPmdMapped": 0,
              "Swap": 0,
              "SwapPss": 0
            },
            "start_ticks": 264186545
          },
          {
            "pid": 8498,
            "rollup_kib": {
              "AnonHugePages": 0,
              "Anonymous": 1248,
              "FilePmdMapped": 0,
              "KSM": 0,
              "LazyFree": 0,
              "Locked": 0,
              "Private_Clean": 504,
              "Private_Dirty": 1248,
              "Private_Hugetlb": 0,
              "Pss": 3469,
              "Pss_Anon": 1248,
              "Pss_Dirty": 1248,
              "Pss_File": 2221,
              "Pss_Shmem": 0,
              "Referenced": 7576,
              "Rss": 7576,
              "Shared_Clean": 5824,
              "Shared_Dirty": 0,
              "Shared_Hugetlb": 0,
              "ShmemPmdMapped": 0,
              "Swap": 0,
              "SwapPss": 0
            },
            "start_ticks": 264186631
          },
          {
            "pid": 8499,
            "rollup_kib": {
              "AnonHugePages": 0,
              "Anonymous": 388,
              "FilePmdMapped": 0,
              "KSM": 0,
              "LazyFree": 0,
              "Locked": 0,
              "Private_Clean": 272,
              "Private_Dirty": 388,
              "Private_Hugetlb": 0,
              "Pss": 779,
              "Pss_Anon": 388,
              "Pss_Dirty": 388,
              "Pss_File": 391,
              "Pss_Shmem": 0,
              "Referenced": 2624,
              "Rss": 2624,
              "Shared_Clean": 1964,
              "Shared_Dirty": 0,
              "Shared_Hugetlb": 0,
              "ShmemPmdMapped": 0,
              "Swap": 0,
              "SwapPss": 0
            },
            "start_ticks": 264186631
          },
          {
            "pid": 8501,
            "rollup_kib": {
              "AnonHugePages": 0,
              "Anonymous": 280,
              "FilePmdMapped": 0,
              "KSM": 0,
              "LazyFree": 0,
              "Locked": 0,
              "Private_Clean": 1004,
              "Private_Dirty": 280,
              "Private_Hugetlb": 0,
              "Pss": 1394,
              "Pss_Anon": 280,
              "Pss_Dirty": 280,
              "Pss_File": 1114,
              "Pss_Shmem": 0,
              "Referenced": 3128,
              "Rss": 3128,
              "Shared_Clean": 1844,
              "Shared_Dirty": 0,
              "Shared_Hugetlb": 0,
              "ShmemPmdMapped": 0,
              "Swap": 0,
              "SwapPss": 0
            },
            "start_ticks": 264186632
          },
          {
            "pid": 8502,
            "rollup_kib": {
              "AnonHugePages": 0,
              "Anonymous": 147416,
              "FilePmdMapped": 0,
              "KSM": 0,
              "LazyFree": 0,
              "Locked": 0,
              "Private_Clean": 14704,
              "Private_Dirty": 147416,
              "Private_Hugetlb": 0,
              "Pss": 162405,
              "Pss_Anon": 147416,
              "Pss_Dirty": 147416,
              "Pss_File": 14989,
              "Pss_Shmem": 0,
              "Referenced": 165060,
              "Rss": 165060,
              "Shared_Clean": 2940,
              "Shared_Dirty": 0,
              "Shared_Hugetlb": 0,
              "ShmemPmdMapped": 0,
              "Swap": 0,
              "SwapPss": 0
            },
            "start_ticks": 264186632
          }
        ],
        "reason": "phase_marker",
        "tree_rss_kib": 251156
      },
      {
        "elapsed_s": 15.1088,
        "processes": [
          {
            "pid": 8347,
            "rollup_kib": {
              "AnonHugePages": 0,
              "Anonymous": 60376,
              "FilePmdMapped": 0,
              "KSM": 0,
              "LazyFree": 0,
              "Locked": 0,
              "Private_Clean": 76,
              "Private_Dirty": 60376,
              "Private_Hugetlb": 0,
              "Pss": 63132,
              "Pss_Anon": 60376,
              "Pss_Dirty": 60376,
              "Pss_File": 2756,
              "Pss_Shmem": 0,
              "Referenced": 72836,
              "Rss": 72836,
              "Shared_Clean": 12384,
              "Shared_Dirty": 0,
              "Shared_Hugetlb": 0,
              "ShmemPmdMapped": 0,
              "Swap": 0,
              "SwapPss": 0
            },
            "start_ticks": 264186545
          },
          {
            "pid": 11208,
            "rollup_kib": {
              "AnonHugePages": 0,
              "Anonymous": 1248,
              "FilePmdMapped": 0,
              "KSM": 0,
              "LazyFree": 0,
              "Locked": 0,
              "Private_Clean": 3680,
              "Private_Dirty": 1248,
              "Private_Hugetlb": 0,
              "Pss": 5137,
              "Pss_Anon": 1248,
              "Pss_Dirty": 1248,
              "Pss_File": 3889,
              "Pss_Shmem": 0,
              "Referenced": 7748,
              "Rss": 7748,
              "Shared_Clean": 2820,
              "Shared_Dirty": 0,
              "Shared_Hugetlb": 0,
              "ShmemPmdMapped": 0,
              "Swap": 0,
              "SwapPss": 0
            },
            "start_ticks": 264188024
          },
          {
            "pid": 11209,
            "rollup_kib": {
              "AnonHugePages": 0,
              "Anonymous": 388,
              "FilePmdMapped": 0,
              "KSM": 0,
              "LazyFree": 0,
              "Locked": 0,
              "Private_Clean": 276,
              "Private_Dirty": 388,
              "Private_Hugetlb": 0,
              "Pss": 785,
              "Pss_Anon": 388,
              "Pss_Dirty": 388,
              "Pss_File": 397,
              "Pss_Shmem": 0,
              "Referenced": 2628,
              "Rss": 2628,
              "Shared_Clean": 1964,
              "Shared_Dirty": 0,
              "Shared_Hugetlb": 0,
              "ShmemPmdMapped": 0,
              "Swap": 0,
              "SwapPss": 0
            },
            "start_ticks": 264188025
          },
          {
            "pid": 11211,
            "rollup_kib": {
              "AnonHugePages": 0,
              "Anonymous": 280,
              "FilePmdMapped": 0,
              "KSM": 0,
              "LazyFree": 0,
              "Locked": 0,
              "Private_Clean": 1004,
              "Private_Dirty": 280,
              "Private_Hugetlb": 0,
              "Pss": 1394,
              "Pss_Anon": 280,
              "Pss_Dirty": 280,
              "Pss_File": 1114,
              "Pss_Shmem": 0,
              "Referenced": 3128,
              "Rss": 3128,
              "Shared_Clean": 1844,
              "Shared_Dirty": 0,
              "Shared_Hugetlb": 0,
              "ShmemPmdMapped": 0,
              "Swap": 0,
              "SwapPss": 0
            },
            "start_ticks": 264188025
          },
          {
            "pid": 11212,
            "rollup_kib": {
              "AnonHugePages": 0,
              "Anonymous": 217600,
              "FilePmdMapped": 0,
              "KSM": 0,
              "LazyFree": 0,
              "Locked": 0,
              "Private_Clean": 16236,
              "Private_Dirty": 217600,
              "Private_Hugetlb": 0,
              "Pss": 234126,
              "Pss_Anon": 217600,
              "Pss_Dirty": 217600,
              "Pss_File": 16526,
              "Pss_Shmem": 0,
              "Referenced": 236808,
              "Rss": 236808,
              "Shared_Clean": 2972,
              "Shared_Dirty": 0,
              "Shared_Hugetlb": 0,
              "ShmemPmdMapped": 0,
              "Swap": 0,
              "SwapPss": 0
            },
            "start_ticks": 264188025
          }
        ],
        "reason": "phase_marker",
        "tree_rss_kib": 322804
      },
      {
        "elapsed_s": 29.1889,
        "processes": [
          {
            "pid": 8347,
            "rollup_kib": {
              "AnonHugePages": 0,
              "Anonymous": 60376,
              "FilePmdMapped": 0,
              "KSM": 0,
              "LazyFree": 0,
              "Locked": 0,
              "Private_Clean": 68,
              "Private_Dirty": 60376,
              "Private_Hugetlb": 0,
              "Pss": 63124,
              "Pss_Anon": 60376,
              "Pss_Dirty": 60376,
              "Pss_File": 2748,
              "Pss_Shmem": 0,
              "Referenced": 72836,
              "Rss": 72836,
              "Shared_Clean": 12392,
              "Shared_Dirty": 0,
              "Shared_Hugetlb": 0,
              "ShmemPmdMapped": 0,
              "Swap": 0,
              "SwapPss": 0
            },
            "start_ticks": 264186545
          },
          {
            "pid": 13880,
            "rollup_kib": {
              "AnonHugePages": 0,
              "Anonymous": 1248,
              "FilePmdMapped": 0,
              "KSM": 0,
              "LazyFree": 0,
              "Locked": 0,
              "Private_Clean": 352,
              "Private_Dirty": 1248,
              "Private_Hugetlb": 0,
              "Pss": 3520,
              "Pss_Anon": 1248,
              "Pss_Dirty": 1248,
              "Pss_File": 2272,
              "Pss_Shmem": 0,
              "Referenced": 7824,
              "Rss": 7824,
              "Shared_Clean": 6224,
              "Shared_Dirty": 0,
              "Shared_Hugetlb": 0,
              "ShmemPmdMapped": 0,
              "Swap": 0,
              "SwapPss": 0
            },
            "start_ticks": 264189429
          },
          {
            "pid": 13881,
            "rollup_kib": {
              "AnonHugePages": 0,
              "Anonymous": 1159084,
              "FilePmdMapped": 0,
              "KSM": 0,
              "LazyFree": 0,
              "Locked": 0,
              "Private_Clean": 92,
              "Private_Dirty": 1159404,
              "Private_Hugetlb": 0,
              "Pss": 1159991,
              "Pss_Anon": 1159084,
              "Pss_Dirty": 1159404,
              "Pss_File": 907,
              "Pss_Shmem": 0,
              "Referenced": 1163584,
              "Rss": 1163584,
              "Shared_Clean": 4088,
              "Shared_Dirty": 0,
              "Shared_Hugetlb": 0,
              "ShmemPmdMapped": 0,
              "Swap": 0,
              "SwapPss": 0
            },
            "start_ticks": 264189430
          }
        ],
        "reason": "phase_marker+rss_growth",
        "tree_rss_kib": 1244244
      },
      {
        "elapsed_s": 29.7104,
        "processes": [
          {
            "pid": 8347,
            "rollup_kib": {
              "AnonHugePages": 0,
              "Anonymous": 60376,
              "FilePmdMapped": 0,
              "KSM": 0,
              "LazyFree": 0,
              "Locked": 0,
              "Private_Clean": 68,
              "Private_Dirty": 60376,
              "Private_Hugetlb": 0,
              "Pss": 63128,
              "Pss_Anon": 60376,
              "Pss_Dirty": 60376,
              "Pss_File": 2752,
              "Pss_Shmem": 0,
              "Referenced": 72836,
              "Rss": 72836,
              "Shared_Clean": 12392,
              "Shared_Dirty": 0,
              "Shared_Hugetlb": 0,
              "ShmemPmdMapped": 0,
              "Swap": 0,
              "SwapPss": 0
            },
            "start_ticks": 264186545
          },
          {
            "pid": 13880,
            "rollup_kib": {
              "AnonHugePages": 0,
              "Anonymous": 1248,
              "FilePmdMapped": 0,
              "KSM": 0,
              "LazyFree": 0,
              "Locked": 0,
              "Private_Clean": 3760,
              "Private_Dirty": 1248,
              "Private_Hugetlb": 0,
              "Pss": 5232,
              "Pss_Anon": 1248,
              "Pss_Dirty": 1248,
              "Pss_File": 3984,
              "Pss_Shmem": 0,
              "Referenced": 7824,
              "Rss": 7824,
              "Shared_Clean": 2816,
              "Shared_Dirty": 0,
              "Shared_Hugetlb": 0,
              "ShmemPmdMapped": 0,
              "Swap": 0,
              "SwapPss": 0
            },
            "start_ticks": 264189429
          },
          {
            "pid": 13881,
            "rollup_kib": {
              "AnonHugePages": 18432,
              "Anonymous": 2379596,
              "FilePmdMapped": 0,
              "KSM": 0,
              "LazyFree": 0,
              "Locked": 0,
              "Private_Clean": 148,
              "Private_Dirty": 2380036,
              "Private_Hugetlb": 0,
              "Pss": 2380690,
              "Pss_Anon": 2379596,
              "Pss_Dirty": 2380036,
              "Pss_File": 1094,
              "Pss_Shmem": 0,
              "Referenced": 2384408,
              "Rss": 2384408,
              "Shared_Clean": 4224,
              "Shared_Dirty": 0,
              "Shared_Hugetlb": 0,
              "ShmemPmdMapped": 0,
              "Swap": 0,
              "SwapPss": 0
            },
            "start_ticks": 264189430
          }
        ],
        "reason": "rss_growth",
        "tree_rss_kib": 2444732
      },
      {
        "elapsed_s": 30.2869,
        "processes": [
          {
            "pid": 8347,
            "rollup_kib": {
              "AnonHugePages": 0,
              "Anonymous": 60376,
              "FilePmdMapped": 0,
              "KSM": 0,
              "LazyFree": 0,
              "Locked": 0,
              "Private_Clean": 68,
              "Private_Dirty": 60376,
              "Private_Hugetlb": 0,
              "Pss": 63123,
              "Pss_Anon": 60376,
              "Pss_Dirty": 60376,
              "Pss_File": 2747,
              "Pss_Shmem": 0,
              "Referenced": 72836,
              "Rss": 72836,
              "Shared_Clean": 12392,
              "Shared_Dirty": 0,
              "Shared_Hugetlb": 0,
              "ShmemPmdMapped": 0,
              "Swap": 0,
              "SwapPss": 0
            },
            "start_ticks": 264186545
          },
          {
            "pid": 13880,
            "rollup_kib": {
              "AnonHugePages": 0,
              "Anonymous": 1248,
              "FilePmdMapped": 0,
              "KSM": 0,
              "LazyFree": 0,
              "Locked": 0,
              "Private_Clean": 352,
              "Private_Dirty": 1248,
              "Private_Hugetlb": 0,
              "Pss": 3519,
              "Pss_Anon": 1248,
              "Pss_Dirty": 1248,
              "Pss_File": 2271,
              "Pss_Shmem": 0,
              "Referenced": 7824,
              "Rss": 7824,
              "Shared_Clean": 6224,
              "Shared_Dirty": 0,
              "Shared_Hugetlb": 0,
              "ShmemPmdMapped": 0,
              "Swap": 0,
              "SwapPss": 0
            },
            "start_ticks": 264189429
          },
          {
            "pid": 13881,
            "rollup_kib": {
              "AnonHugePages": 18432,
              "Anonymous": 3106192,
              "FilePmdMapped": 0,
              "KSM": 0,
              "LazyFree": 0,
              "Locked": 0,
              "Private_Clean": 148,
              "Private_Dirty": 3106632,
              "Private_Hugetlb": 0,
              "Pss": 3107294,
              "Pss_Anon": 3106192,
              "Pss_Dirty": 3106632,
              "Pss_File": 1102,
              "Pss_Shmem": 0,
              "Referenced": 3111004,
              "Rss": 3111004,
              "Shared_Clean": 4224,
              "Shared_Dirty": 0,
              "Shared_Hugetlb": 0,
              "ShmemPmdMapped": 0,
              "Swap": 0,
              "SwapPss": 0
            },
            "start_ticks": 264189430
          }
        ],
        "reason": "rss_growth",
        "tree_rss_kib": 3172768
      },
      {
        "elapsed_s": 30.8865,
        "processes": [
          {
            "pid": 8347,
            "rollup_kib": {
              "AnonHugePages": 0,
              "Anonymous": 60376,
              "FilePmdMapped": 0,
              "KSM": 0,
              "LazyFree": 0,
              "Locked": 0,
              "Private_Clean": 68,
              "Private_Dirty": 60376,
              "Private_Hugetlb": 0,
              "Pss": 63123,
              "Pss_Anon": 60376,
              "Pss_Dirty": 60376,
              "Pss_File": 2747,
              "Pss_Shmem": 0,
              "Referenced": 72836,
              "Rss": 72836,
              "Shared_Clean": 12392,
              "Shared_Dirty": 0,
              "Shared_Hugetlb": 0,
              "ShmemPmdMapped": 0,
              "Swap": 0,
              "SwapPss": 0
            },
            "start_ticks": 264186545
          },
          {
            "pid": 13880,
            "rollup_kib": {
              "AnonHugePages": 0,
              "Anonymous": 1248,
              "FilePmdMapped": 0,
              "KSM": 0,
              "LazyFree": 0,
              "Locked": 0,
              "Private_Clean": 572,
              "Private_Dirty": 1248,
              "Private_Hugetlb": 0,
              "Pss": 3629,
              "Pss_Anon": 1248,
              "Pss_Dirty": 1248,
              "Pss_File": 2381,
              "Pss_Shmem": 0,
              "Referenced": 7824,
              "Rss": 7824,
              "Shared_Clean": 6004,
              "Shared_Dirty": 0,
              "Shared_Hugetlb": 0,
              "ShmemPmdMapped": 0,
              "Swap": 0,
              "SwapPss": 0
            },
            "start_ticks": 264189429
          },
          {
            "pid": 13881,
            "rollup_kib": {
              "AnonHugePages": 18432,
              "Anonymous": 3591016,
              "FilePmdMapped": 0,
              "KSM": 0,
              "LazyFree": 0,
              "Locked": 0,
              "Private_Clean": 148,
              "Private_Dirty": 3591456,
              "Private_Hugetlb": 0,
              "Pss": 3592110,
              "Pss_Anon": 3591016,
              "Pss_Dirty": 3591456,
              "Pss_File": 1094,
              "Pss_Shmem": 0,
              "Referenced": 3595828,
              "Rss": 3595828,
              "Shared_Clean": 4224,
              "Shared_Dirty": 0,
              "Shared_Hugetlb": 0,
              "ShmemPmdMapped": 0,
              "Swap": 0,
              "SwapPss": 0
            },
            "start_ticks": 264189430
          }
        ],
        "reason": "rss_growth",
        "tree_rss_kib": 3663376
      },
      {
        "elapsed_s": 31.4995,
        "processes": [
          {
            "pid": 8347,
            "rollup_kib": {
              "AnonHugePages": 0,
              "Anonymous": 60376,
              "FilePmdMapped": 0,
              "KSM": 0,
              "LazyFree": 0,
              "Locked": 0,
              "Private_Clean": 68,
              "Private_Dirty": 60376,
              "Private_Hugetlb": 0,
              "Pss": 63128,
              "Pss_Anon": 60376,
              "Pss_Dirty": 60376,
              "Pss_File": 2752,
              "Pss_Shmem": 0,
              "Referenced": 72836,
              "Rss": 72836,
              "Shared_Clean": 12392,
              "Shared_Dirty": 0,
              "Shared_Hugetlb": 0,
              "ShmemPmdMapped": 0,
              "Swap": 0,
              "SwapPss": 0
            },
            "start_ticks": 264186545
          },
          {
            "pid": 13880,
            "rollup_kib": {
              "AnonHugePages": 0,
              "Anonymous": 1248,
              "FilePmdMapped": 0,
              "KSM": 0,
              "LazyFree": 0,
              "Locked": 0,
              "Private_Clean": 3760,
              "Private_Dirty": 1248,
              "Private_Hugetlb": 0,
              "Pss": 5232,
              "Pss_Anon": 1248,
              "Pss_Dirty": 1248,
              "Pss_File": 3984,
              "Pss_Shmem": 0,
              "Referenced": 7824,
              "Rss": 7824,
              "Shared_Clean": 2816,
              "Shared_Dirty": 0,
              "Shared_Hugetlb": 0,
              "ShmemPmdMapped": 0,
              "Swap": 0,
              "SwapPss": 0
            },
            "start_ticks": 264189429
          },
          {
            "pid": 13881,
            "rollup_kib": {
              "AnonHugePages": 18432,
              "Anonymous": 3932708,
              "FilePmdMapped": 0,
              "KSM": 0,
              "LazyFree": 0,
              "Locked": 0,
              "Private_Clean": 148,
              "Private_Dirty": 3933148,
              "Private_Hugetlb": 0,
              "Pss": 3933801,
              "Pss_Anon": 3932708,
              "Pss_Dirty": 3933148,
              "Pss_File": 1093,
              "Pss_Shmem": 0,
              "Referenced": 3937520,
              "Rss": 3937520,
              "Shared_Clean": 4224,
              "Shared_Dirty": 0,
              "Shared_Hugetlb": 0,
              "ShmemPmdMapped": 0,
              "Swap": 0,
              "SwapPss": 0
            },
            "start_ticks": 264189430
          }
        ],
        "reason": "rss_growth",
        "tree_rss_kib": 4006572
      },
      {
        "elapsed_s": 32.6189,
        "processes": [
          {
            "pid": 8347,
            "rollup_kib": {
              "AnonHugePages": 0,
              "Anonymous": 60376,
              "FilePmdMapped": 0,
              "KSM": 0,
              "LazyFree": 0,
              "Locked": 0,
              "Private_Clean": 68,
              "Private_Dirty": 60376,
              "Private_Hugetlb": 0,
              "Pss": 63125,
              "Pss_Anon": 60376,
              "Pss_Dirty": 60376,
              "Pss_File": 2749,
              "Pss_Shmem": 0,
              "Referenced": 72836,
              "Rss": 72836,
              "Shared_Clean": 12392,
              "Shared_Dirty": 0,
              "Shared_Hugetlb": 0,
              "ShmemPmdMapped": 0,
              "Swap": 0,
              "SwapPss": 0
            },
            "start_ticks": 264186545
          },
          {
            "pid": 13880,
            "rollup_kib": {
              "AnonHugePages": 0,
              "Anonymous": 1248,
              "FilePmdMapped": 0,
              "KSM": 0,
              "LazyFree": 0,
              "Locked": 0,
              "Private_Clean": 620,
              "Private_Dirty": 1248,
              "Private_Hugetlb": 0,
              "Pss": 3654,
              "Pss_Anon": 1248,
              "Pss_Dirty": 1248,
              "Pss_File": 2406,
              "Pss_Shmem": 0,
              "Referenced": 7824,
              "Rss": 7824,
              "Shared_Clean": 5956,
              "Shared_Dirty": 0,
              "Shared_Hugetlb": 0,
              "ShmemPmdMapped": 0,
              "Swap": 0,
              "SwapPss": 0
            },
            "start_ticks": 264189429
          },
          {
            "pid": 13881,
            "rollup_kib": {
              "AnonHugePages": 18432,
              "Anonymous": 4305888,
              "FilePmdMapped": 0,
              "KSM": 0,
              "LazyFree": 0,
              "Locked": 0,
              "Private_Clean": 148,
              "Private_Dirty": 4306328,
              "Private_Hugetlb": 0,
              "Pss": 4306986,
              "Pss_Anon": 4305888,
              "Pss_Dirty": 4306328,
              "Pss_File": 1098,
              "Pss_Shmem": 0,
              "Referenced": 4310700,
              "Rss": 4310700,
              "Shared_Clean": 4224,
              "Shared_Dirty": 0,
              "Shared_Hugetlb": 0,
              "ShmemPmdMapped": 0,
              "Swap": 0,
              "SwapPss": 0
            },
            "start_ticks": 264189430
          }
        ],
        "reason": "rss_growth",
        "tree_rss_kib": 4385520
      },
      {
        "elapsed_s": 34.2519,
        "processes": [
          {
            "pid": 8347,
            "rollup_kib": {
              "AnonHugePages": 0,
              "Anonymous": 60376,
              "FilePmdMapped": 0,
              "KSM": 0,
              "LazyFree": 0,
              "Locked": 0,
              "Private_Clean": 68,
              "Private_Dirty": 60376,
              "Private_Hugetlb": 0,
              "Pss": 63124,
              "Pss_Anon": 60376,
              "Pss_Dirty": 60376,
              "Pss_File": 2748,
              "Pss_Shmem": 0,
              "Referenced": 72836,
              "Rss": 72836,
              "Shared_Clean": 12392,
              "Shared_Dirty": 0,
              "Shared_Hugetlb": 0,
              "ShmemPmdMapped": 0,
              "Swap": 0,
              "SwapPss": 0
            },
            "start_ticks": 264186545
          },
          {
            "pid": 13880,
            "rollup_kib": {
              "AnonHugePages": 0,
              "Anonymous": 1248,
              "FilePmdMapped": 0,
              "KSM": 0,
              "LazyFree": 0,
              "Locked": 0,
              "Private_Clean": 208,
              "Private_Dirty": 1248,
              "Private_Hugetlb": 0,
              "Pss": 3447,
              "Pss_Anon": 1248,
              "Pss_Dirty": 1248,
              "Pss_File": 2199,
              "Pss_Shmem": 0,
              "Referenced": 7824,
              "Rss": 7824,
              "Shared_Clean": 6368,
              "Shared_Dirty": 0,
              "Shared_Hugetlb": 0,
              "ShmemPmdMapped": 0,
              "Swap": 0,
              "SwapPss": 0
            },
            "start_ticks": 264189429
          },
          {
            "pid": 13881,
            "rollup_kib": {
              "AnonHugePages": 18432,
              "Anonymous": 4602224,
              "FilePmdMapped": 0,
              "KSM": 0,
              "LazyFree": 0,
              "Locked": 0,
              "Private_Clean": 148,
              "Private_Dirty": 4602664,
              "Private_Hugetlb": 0,
              "Pss": 4603317,
              "Pss_Anon": 4602224,
              "Pss_Dirty": 4602664,
              "Pss_File": 1093,
              "Pss_Shmem": 0,
              "Referenced": 4607036,
              "Rss": 4607036,
              "Shared_Clean": 4224,
              "Shared_Dirty": 0,
              "Shared_Hugetlb": 0,
              "ShmemPmdMapped": 0,
              "Swap": 0,
              "SwapPss": 0
            },
            "start_ticks": 264189430
          }
        ],
        "reason": "rss_growth",
        "tree_rss_kib": 4683872
      },
      {
        "elapsed_s": 38.4029,
        "processes": [
          {
            "pid": 8347,
            "rollup_kib": {
              "AnonHugePages": 0,
              "Anonymous": 60376,
              "FilePmdMapped": 0,
              "KSM": 0,
              "LazyFree": 0,
              "Locked": 0,
              "Private_Clean": 68,
              "Private_Dirty": 60376,
              "Private_Hugetlb": 0,
              "Pss": 63124,
              "Pss_Anon": 60376,
              "Pss_Dirty": 60376,
              "Pss_File": 2748,
              "Pss_Shmem": 0,
              "Referenced": 72836,
              "Rss": 72836,
              "Shared_Clean": 12392,
              "Shared_Dirty": 0,
              "Shared_Hugetlb": 0,
              "ShmemPmdMapped": 0,
              "Swap": 0,
              "SwapPss": 0
            },
            "start_ticks": 264186545
          },
          {
            "pid": 13880,
            "rollup_kib": {
              "AnonHugePages": 0,
              "Anonymous": 1248,
              "FilePmdMapped": 0,
              "KSM": 0,
              "LazyFree": 0,
              "Locked": 0,
              "Private_Clean": 208,
              "Private_Dirty": 1248,
              "Private_Hugetlb": 0,
              "Pss": 3446,
              "Pss_Anon": 1248,
              "Pss_Dirty": 1248,
              "Pss_File": 2198,
              "Pss_Shmem": 0,
              "Referenced": 7824,
              "Rss": 7824,
              "Shared_Clean": 6368,
              "Shared_Dirty": 0,
              "Shared_Hugetlb": 0,
              "ShmemPmdMapped": 0,
              "Swap": 0,
              "SwapPss": 0
            },
            "start_ticks": 264189429
          },
          {
            "pid": 13881,
            "rollup_kib": {
              "AnonHugePages": 18432,
              "Anonymous": 4934232,
              "FilePmdMapped": 0,
              "KSM": 0,
              "LazyFree": 0,
              "Locked": 0,
              "Private_Clean": 148,
              "Private_Dirty": 4934756,
              "Private_Hugetlb": 0,
              "Pss": 4935414,
              "Pss_Anon": 4934232,
              "Pss_Dirty": 4934756,
              "Pss_File": 1182,
              "Pss_Shmem": 0,
              "Referenced": 4939128,
              "Rss": 4939128,
              "Shared_Clean": 4224,
              "Shared_Dirty": 0,
              "Shared_Hugetlb": 0,
              "ShmemPmdMapped": 0,
              "Swap": 0,
              "SwapPss": 0
            },
            "start_ticks": 264189430
          }
        ],
        "reason": "rss_growth",
        "tree_rss_kib": 5019492
      },
      {
        "elapsed_s": 40.497,
        "processes": [
          {
            "pid": 8347,
            "rollup_kib": {
              "AnonHugePages": 0,
              "Anonymous": 60376,
              "FilePmdMapped": 0,
              "KSM": 0,
              "LazyFree": 0,
              "Locked": 0,
              "Private_Clean": 68,
              "Private_Dirty": 60376,
              "Private_Hugetlb": 0,
              "Pss": 63125,
              "Pss_Anon": 60376,
              "Pss_Dirty": 60376,
              "Pss_File": 2749,
              "Pss_Shmem": 0,
              "Referenced": 72836,
              "Rss": 72836,
              "Shared_Clean": 12392,
              "Shared_Dirty": 0,
              "Shared_Hugetlb": 0,
              "ShmemPmdMapped": 0,
              "Swap": 0,
              "SwapPss": 0
            },
            "start_ticks": 264186545
          },
          {
            "pid": 13880,
            "rollup_kib": {
              "AnonHugePages": 0,
              "Anonymous": 1248,
              "FilePmdMapped": 0,
              "KSM": 0,
              "LazyFree": 0,
              "Locked": 0,
              "Private_Clean": 168,
              "Private_Dirty": 1248,
              "Private_Hugetlb": 0,
              "Pss": 3427,
              "Pss_Anon": 1248,
              "Pss_Dirty": 1248,
              "Pss_File": 2179,
              "Pss_Shmem": 0,
              "Referenced": 7824,
              "Rss": 7824,
              "Shared_Clean": 6408,
              "Shared_Dirty": 0,
              "Shared_Hugetlb": 0,
              "ShmemPmdMapped": 0,
              "Swap": 0,
              "SwapPss": 0
            },
            "start_ticks": 264189429
          },
          {
            "pid": 13881,
            "rollup_kib": {
              "AnonHugePages": 18432,
              "Anonymous": 5208388,
              "FilePmdMapped": 0,
              "KSM": 0,
              "LazyFree": 0,
              "Locked": 0,
              "Private_Clean": 148,
              "Private_Dirty": 5209144,
              "Private_Hugetlb": 0,
              "Pss": 5209804,
              "Pss_Anon": 5208388,
              "Pss_Dirty": 5209144,
              "Pss_File": 1416,
              "Pss_Shmem": 0,
              "Referenced": 5213516,
              "Rss": 5213516,
              "Shared_Clean": 4224,
              "Shared_Dirty": 0,
              "Shared_Hugetlb": 0,
              "ShmemPmdMapped": 0,
              "Swap": 0,
              "SwapPss": 0
            },
            "start_ticks": 264189430
          }
        ],
        "reason": "rss_growth",
        "tree_rss_kib": 5293204
      },
      {
        "elapsed_s": 47.6389,
        "processes": [
          {
            "pid": 8347,
            "rollup_kib": {
              "AnonHugePages": 0,
              "Anonymous": 60376,
              "FilePmdMapped": 0,
              "KSM": 0,
              "LazyFree": 0,
              "Locked": 0,
              "Private_Clean": 68,
              "Private_Dirty": 60376,
              "Private_Hugetlb": 0,
              "Pss": 63137,
              "Pss_Anon": 60376,
              "Pss_Dirty": 60376,
              "Pss_File": 2761,
              "Pss_Shmem": 0,
              "Referenced": 72836,
              "Rss": 72836,
              "Shared_Clean": 12392,
              "Shared_Dirty": 0,
              "Shared_Hugetlb": 0,
              "ShmemPmdMapped": 0,
              "Swap": 0,
              "SwapPss": 0
            },
            "start_ticks": 264186545
          },
          {
            "pid": 13880,
            "rollup_kib": {
              "AnonHugePages": 0,
              "Anonymous": 1248,
              "FilePmdMapped": 0,
              "KSM": 0,
              "LazyFree": 0,
              "Locked": 0,
              "Private_Clean": 3760,
              "Private_Dirty": 1248,
              "Private_Hugetlb": 0,
              "Pss": 5240,
              "Pss_Anon": 1248,
              "Pss_Dirty": 1248,
              "Pss_File": 3992,
              "Pss_Shmem": 0,
              "Referenced": 7824,
              "Rss": 7824,
              "Shared_Clean": 2816,
              "Shared_Dirty": 0,
              "Shared_Hugetlb": 0,
              "ShmemPmdMapped": 0,
              "Swap": 0,
              "SwapPss": 0
            },
            "start_ticks": 264189429
          },
          {
            "pid": 13881,
            "rollup_kib": {
              "AnonHugePages": 18432,
              "Anonymous": 5471624,
              "FilePmdMapped": 0,
              "KSM": 0,
              "LazyFree": 0,
              "Locked": 0,
              "Private_Clean": 160,
              "Private_Dirty": 5473176,
              "Private_Hugetlb": 0,
              "Pss": 5473843,
              "Pss_Anon": 5471624,
              "Pss_Dirty": 5473176,
              "Pss_File": 2219,
              "Pss_Shmem": 0,
              "Referenced": 5477560,
              "Rss": 5477560,
              "Shared_Clean": 4224,
              "Shared_Dirty": 0,
              "Shared_Hugetlb": 0,
              "ShmemPmdMapped": 0,
              "Swap": 0,
              "SwapPss": 0
            },
            "start_ticks": 264189430
          }
        ],
        "reason": "rss_growth",
        "tree_rss_kib": 5557836
      },
      {
        "elapsed_s": 65.8728,
        "processes": [
          {
            "pid": 8347,
            "rollup_kib": {
              "AnonHugePages": 0,
              "Anonymous": 62424,
              "FilePmdMapped": 0,
              "KSM": 0,
              "LazyFree": 0,
              "Locked": 0,
              "Private_Clean": 60,
              "Private_Dirty": 62424,
              "Private_Hugetlb": 0,
              "Pss": 65207,
              "Pss_Anon": 62424,
              "Pss_Dirty": 62424,
              "Pss_File": 2783,
              "Pss_Shmem": 0,
              "Referenced": 75012,
              "Rss": 75012,
              "Shared_Clean": 12528,
              "Shared_Dirty": 0,
              "Shared_Hugetlb": 0,
              "ShmemPmdMapped": 0,
              "Swap": 0,
              "SwapPss": 0
            },
            "start_ticks": 264186545
          },
          {
            "pid": 20972,
            "rollup_kib": {
              "AnonHugePages": 0,
              "Anonymous": 1244,
              "FilePmdMapped": 0,
              "KSM": 0,
              "LazyFree": 0,
              "Locked": 0,
              "Private_Clean": 3620,
              "Private_Dirty": 1244,
              "Private_Hugetlb": 0,
              "Pss": 5093,
              "Pss_Anon": 1244,
              "Pss_Dirty": 1244,
              "Pss_File": 3849,
              "Pss_Shmem": 0,
              "Referenced": 7644,
              "Rss": 7644,
              "Shared_Clean": 2780,
              "Shared_Dirty": 0,
              "Shared_Hugetlb": 0,
              "ShmemPmdMapped": 0,
              "Swap": 0,
              "SwapPss": 0
            },
            "start_ticks": 264193104
          },
          {
            "pid": 20973,
            "rollup_kib": {
              "AnonHugePages": 0,
              "Anonymous": 1158428,
              "FilePmdMapped": 0,
              "KSM": 0,
              "LazyFree": 0,
              "Locked": 0,
              "Private_Clean": 376,
              "Private_Dirty": 1158428,
              "Private_Hugetlb": 0,
              "Pss": 1159293,
              "Pss_Anon": 1158428,
              "Pss_Dirty": 1158428,
              "Pss_File": 865,
              "Pss_Shmem": 0,
              "Referenced": 1162748,
              "Rss": 1162748,
              "Shared_Clean": 3944,
              "Shared_Dirty": 0,
              "Shared_Hugetlb": 0,
              "ShmemPmdMapped": 0,
              "Swap": 0,
              "SwapPss": 0
            },
            "start_ticks": 264193104
          }
        ],
        "reason": "phase_marker",
        "tree_rss_kib": 1245404
      },
      {
        "elapsed_s": 102.0688,
        "processes": [
          {
            "pid": 8347,
            "rollup_kib": {
              "AnonHugePages": 0,
              "Anonymous": 62424,
              "FilePmdMapped": 0,
              "KSM": 0,
              "LazyFree": 0,
              "Locked": 0,
              "Private_Clean": 68,
              "Private_Dirty": 62424,
              "Private_Hugetlb": 0,
              "Pss": 65219,
              "Pss_Anon": 62424,
              "Pss_Dirty": 62424,
              "Pss_File": 2795,
              "Pss_Shmem": 0,
              "Referenced": 75012,
              "Rss": 75012,
              "Shared_Clean": 12520,
              "Shared_Dirty": 0,
              "Shared_Hugetlb": 0,
              "ShmemPmdMapped": 0,
              "Swap": 0,
              "SwapPss": 0
            },
            "start_ticks": 264186545
          },
          {
            "pid": 27949,
            "rollup_kib": {
              "AnonHugePages": 0,
              "Anonymous": 1248,
              "FilePmdMapped": 0,
              "KSM": 0,
              "LazyFree": 0,
              "Locked": 0,
              "Private_Clean": 128,
              "Private_Dirty": 1248,
              "Private_Hugetlb": 0,
              "Pss": 3336,
              "Pss_Anon": 1248,
              "Pss_Dirty": 1248,
              "Pss_File": 2088,
              "Pss_Shmem": 0,
              "Referenced": 7680,
              "Rss": 7680,
              "Shared_Clean": 6304,
              "Shared_Dirty": 0,
              "Shared_Hugetlb": 0,
              "ShmemPmdMapped": 0,
              "Swap": 0,
              "SwapPss": 0
            },
            "start_ticks": 264196730
          },
          {
            "pid": 27950,
            "rollup_kib": {
              "AnonHugePages": 0,
              "Anonymous": 1154664,
              "FilePmdMapped": 0,
              "KSM": 0,
              "LazyFree": 0,
              "Locked": 0,
              "Private_Clean": 428,
              "Private_Dirty": 1154664,
              "Private_Hugetlb": 0,
              "Pss": 1155574,
              "Pss_Anon": 1154664,
              "Pss_Dirty": 1154664,
              "Pss_File": 910,
              "Pss_Shmem": 0,
              "Referenced": 1159128,
              "Rss": 1159128,
              "Shared_Clean": 4036,
              "Shared_Dirty": 0,
              "Shared_Hugetlb": 0,
              "ShmemPmdMapped": 0,
              "Swap": 0,
              "SwapPss": 0
            },
            "start_ticks": 264196730
          }
        ],
        "reason": "phase_marker",
        "tree_rss_kib": 1241820
      },
      {
        "elapsed_s": 138.305,
        "processes": [
          {
            "pid": 8347,
            "rollup_kib": {
              "AnonHugePages": 0,
              "Anonymous": 63440,
              "FilePmdMapped": 0,
              "KSM": 0,
              "LazyFree": 0,
              "Locked": 0,
              "Private_Clean": 68,
              "Private_Dirty": 63440,
              "Private_Hugetlb": 0,
              "Pss": 66235,
              "Pss_Anon": 63440,
              "Pss_Dirty": 63440,
              "Pss_File": 2795,
              "Pss_Shmem": 0,
              "Referenced": 76028,
              "Rss": 76028,
              "Shared_Clean": 12520,
              "Shared_Dirty": 0,
              "Shared_Hugetlb": 0,
              "ShmemPmdMapped": 0,
              "Swap": 0,
              "SwapPss": 0
            },
            "start_ticks": 264186545
          },
          {
            "pid": 34557,
            "rollup_kib": {
              "AnonHugePages": 0,
              "Anonymous": 1244,
              "FilePmdMapped": 0,
              "KSM": 0,
              "LazyFree": 0,
              "Locked": 0,
              "Private_Clean": 424,
              "Private_Dirty": 1244,
              "Private_Hugetlb": 0,
              "Pss": 3514,
              "Pss_Anon": 1244,
              "Pss_Dirty": 1244,
              "Pss_File": 2270,
              "Pss_Shmem": 0,
              "Referenced": 7736,
              "Rss": 7736,
              "Shared_Clean": 6068,
              "Shared_Dirty": 0,
              "Shared_Hugetlb": 0,
              "ShmemPmdMapped": 0,
              "Swap": 0,
              "SwapPss": 0
            },
            "start_ticks": 264200371
          },
          {
            "pid": 34558,
            "rollup_kib": {
              "AnonHugePages": 0,
              "Anonymous": 196488,
              "FilePmdMapped": 0,
              "KSM": 0,
              "LazyFree": 0,
              "Locked": 0,
              "Private_Clean": 344,
              "Private_Dirty": 196488,
              "Private_Hugetlb": 0,
              "Pss": 197310,
              "Pss_Anon": 196488,
              "Pss_Dirty": 196488,
              "Pss_File": 822,
              "Pss_Shmem": 0,
              "Referenced": 200868,
              "Rss": 200868,
              "Shared_Clean": 4036,
              "Shared_Dirty": 0,
              "Shared_Hugetlb": 0,
              "ShmemPmdMapped": 0,
              "Swap": 0,
              "SwapPss": 0
            },
            "start_ticks": 264200371
          }
        ],
        "reason": "phase_marker",
        "tree_rss_kib": 284632
      },
      {
        "elapsed_s": 175.0249,
        "processes": [
          {
            "pid": 8347,
            "rollup_kib": {
              "AnonHugePages": 0,
              "Anonymous": 63444,
              "FilePmdMapped": 0,
              "KSM": 0,
              "LazyFree": 0,
              "Locked": 0,
              "Private_Clean": 68,
              "Private_Dirty": 63444,
              "Private_Hugetlb": 0,
              "Pss": 66223,
              "Pss_Anon": 63444,
              "Pss_Dirty": 63444,
              "Pss_File": 2779,
              "Pss_Shmem": 0,
              "Referenced": 76032,
              "Rss": 76032,
              "Shared_Clean": 12520,
              "Shared_Dirty": 0,
              "Shared_Hugetlb": 0,
              "ShmemPmdMapped": 0,
              "Swap": 0,
              "SwapPss": 0
            },
            "start_ticks": 264186545
          },
          {
            "pid": 41132,
            "rollup_kib": {
              "AnonHugePages": 0,
              "Anonymous": 1248,
              "FilePmdMapped": 0,
              "KSM": 0,
              "LazyFree": 0,
              "Locked": 0,
              "Private_Clean": 280,
              "Private_Dirty": 1248,
              "Private_Hugetlb": 0,
              "Pss": 2931,
              "Pss_Anon": 1248,
              "Pss_Dirty": 1248,
              "Pss_File": 1683,
              "Pss_Shmem": 0,
              "Referenced": 7748,
              "Rss": 7748,
              "Shared_Clean": 6220,
              "Shared_Dirty": 0,
              "Shared_Hugetlb": 0,
              "ShmemPmdMapped": 0,
              "Swap": 0,
              "SwapPss": 0
            },
            "start_ticks": 264204015
          },
          {
            "pid": 41134,
            "rollup_kib": {
              "AnonHugePages": 0,
              "Anonymous": 1175968,
              "FilePmdMapped": 0,
              "KSM": 0,
              "LazyFree": 0,
              "Locked": 0,
              "Private_Clean": 340,
              "Private_Dirty": 1175968,
              "Private_Hugetlb": 0,
              "Pss": 1176772,
              "Pss_Anon": 1175968,
              "Pss_Dirty": 1175968,
              "Pss_File": 804,
              "Pss_Shmem": 0,
              "Referenced": 1180196,
              "Rss": 1180196,
              "Shared_Clean": 3888,
              "Shared_Dirty": 0,
              "Shared_Hugetlb": 0,
              "ShmemPmdMapped": 0,
              "Swap": 0,
              "SwapPss": 0
            },
            "start_ticks": 264204016
          }
        ],
        "reason": "phase_marker",
        "tree_rss_kib": 1263976
      },
      {
        "elapsed_s": 211.2749,
        "processes": [
          {
            "pid": 8347,
            "rollup_kib": {
              "AnonHugePages": 0,
              "Anonymous": 63444,
              "FilePmdMapped": 0,
              "KSM": 0,
              "LazyFree": 0,
              "Locked": 0,
              "Private_Clean": 76,
              "Private_Dirty": 63444,
              "Private_Hugetlb": 0,
              "Pss": 66241,
              "Pss_Anon": 63444,
              "Pss_Dirty": 63444,
              "Pss_File": 2797,
              "Pss_Shmem": 0,
              "Referenced": 76032,
              "Rss": 76032,
              "Shared_Clean": 12512,
              "Shared_Dirty": 0,
              "Shared_Hugetlb": 0,
              "ShmemPmdMapped": 0,
              "Swap": 0,
              "SwapPss": 0
            },
            "start_ticks": 264186545
          },
          {
            "pid": 48281,
            "rollup_kib": {
              "AnonHugePages": 0,
              "Anonymous": 1248,
              "FilePmdMapped": 0,
              "KSM": 0,
              "LazyFree": 0,
              "Locked": 0,
              "Private_Clean": 720,
              "Private_Dirty": 1248,
              "Private_Hugetlb": 0,
              "Pss": 3732,
              "Pss_Anon": 1248,
              "Pss_Dirty": 1248,
              "Pss_File": 2484,
              "Pss_Shmem": 0,
              "Referenced": 7848,
              "Rss": 7848,
              "Shared_Clean": 5880,
              "Shared_Dirty": 0,
              "Shared_Hugetlb": 0,
              "ShmemPmdMapped": 0,
              "Swap": 0,
              "SwapPss": 0
            },
            "start_ticks": 264207672
          },
          {
            "pid": 48282,
            "rollup_kib": {
              "AnonHugePages": 0,
              "Anonymous": 4436,
              "FilePmdMapped": 0,
              "KSM": 0,
              "LazyFree": 0,
              "Locked": 0,
              "Private_Clean": 276,
              "Private_Dirty": 4436,
              "Private_Hugetlb": 0,
              "Pss": 5201,
              "Pss_Anon": 4436,
              "Pss_Dirty": 4436,
              "Pss_File": 765,
              "Pss_Shmem": 0,
              "Referenced": 8768,
              "Rss": 8768,
              "Shared_Clean": 4056,
              "Shared_Dirty": 0,
              "Shared_Hugetlb": 0,
              "ShmemPmdMapped": 0,
              "Swap": 0,
              "SwapPss": 0
            },
            "start_ticks": 264207672
          }
        ],
        "reason": "phase_marker",
        "tree_rss_kib": 92648
      },
      {
        "elapsed_s": 248.006,
        "processes": [
          {
            "pid": 8347,
            "rollup_kib": {
              "AnonHugePages": 0,
              "Anonymous": 63444,
              "FilePmdMapped": 0,
              "KSM": 0,
              "LazyFree": 0,
              "Locked": 0,
              "Private_Clean": 76,
              "Private_Dirty": 63444,
              "Private_Hugetlb": 0,
              "Pss": 66304,
              "Pss_Anon": 63444,
              "Pss_Dirty": 63444,
              "Pss_File": 2860,
              "Pss_Shmem": 0,
              "Referenced": 76032,
              "Rss": 76032,
              "Shared_Clean": 12512,
              "Shared_Dirty": 0,
              "Shared_Hugetlb": 0,
              "ShmemPmdMapped": 0,
              "Swap": 0,
              "SwapPss": 0
            },
            "start_ticks": 264186545
          }
        ],
        "reason": "phase_marker",
        "tree_rss_kib": 76032
      },
      {
        "elapsed_s": 248.512,
        "processes": [
          {
            "pid": 8347,
            "rollup_kib": {
              "AnonHugePages": 0,
              "Anonymous": 63444,
              "FilePmdMapped": 0,
              "KSM": 0,
              "LazyFree": 0,
              "Locked": 0,
              "Private_Clean": 68,
              "Private_Dirty": 63444,
              "Private_Hugetlb": 0,
              "Pss": 66246,
              "Pss_Anon": 63444,
              "Pss_Dirty": 63444,
              "Pss_File": 2802,
              "Pss_Shmem": 0,
              "Referenced": 76032,
              "Rss": 76032,
              "Shared_Clean": 12520,
              "Shared_Dirty": 0,
              "Shared_Hugetlb": 0,
              "ShmemPmdMapped": 0,
              "Swap": 0,
              "SwapPss": 0
            },
            "start_ticks": 264186545
          },
          {
            "pid": 55291,
            "rollup_kib": {
              "AnonHugePages": 0,
              "Anonymous": 1248,
              "FilePmdMapped": 0,
              "KSM": 0,
              "LazyFree": 0,
              "Locked": 0,
              "Private_Clean": 3836,
              "Private_Dirty": 1248,
              "Private_Hugetlb": 0,
              "Pss": 5299,
              "Pss_Anon": 1248,
              "Pss_Dirty": 1248,
              "Pss_File": 4051,
              "Pss_Shmem": 0,
              "Referenced": 7840,
              "Rss": 7840,
              "Shared_Clean": 2756,
              "Shared_Dirty": 0,
              "Shared_Hugetlb": 0,
              "ShmemPmdMapped": 0,
              "Swap": 0,
              "SwapPss": 0
            },
            "start_ticks": 264211353
          },
          {
            "pid": 55292,
            "rollup_kib": {
              "AnonHugePages": 18432,
              "Anonymous": 1205276,
              "FilePmdMapped": 0,
              "KSM": 0,
              "LazyFree": 0,
              "Locked": 0,
              "Private_Clean": 448,
              "Private_Dirty": 1205276,
              "Private_Hugetlb": 0,
              "Pss": 1206203,
              "Pss_Anon": 1205276,
              "Pss_Dirty": 1205276,
              "Pss_File": 927,
              "Pss_Shmem": 0,
              "Referenced": 1209760,
              "Rss": 1209760,
              "Shared_Clean": 4036,
              "Shared_Dirty": 0,
              "Shared_Hugetlb": 0,
              "ShmemPmdMapped": 0,
              "Swap": 0,
              "SwapPss": 0
            },
            "start_ticks": 264211353
          }
        ],
        "reason": "phase_marker",
        "tree_rss_kib": 1271676
      },
      {
        "elapsed_s": 284.768,
        "processes": [
          {
            "pid": 8347,
            "rollup_kib": {
              "AnonHugePages": 0,
              "Anonymous": 63444,
              "FilePmdMapped": 0,
              "KSM": 0,
              "LazyFree": 0,
              "Locked": 0,
              "Private_Clean": 76,
              "Private_Dirty": 63444,
              "Private_Hugetlb": 0,
              "Pss": 66255,
              "Pss_Anon": 63444,
              "Pss_Dirty": 63444,
              "Pss_File": 2811,
              "Pss_Shmem": 0,
              "Referenced": 76032,
              "Rss": 76032,
              "Shared_Clean": 12512,
              "Shared_Dirty": 0,
              "Shared_Hugetlb": 0,
              "ShmemPmdMapped": 0,
              "Swap": 0,
              "SwapPss": 0
            },
            "start_ticks": 264186545
          },
          {
            "pid": 61997,
            "rollup_kib": {
              "AnonHugePages": 0,
              "Anonymous": 1252,
              "FilePmdMapped": 0,
              "KSM": 0,
              "LazyFree": 0,
              "Locked": 0,
              "Private_Clean": 3716,
              "Private_Dirty": 1252,
              "Private_Hugetlb": 0,
              "Pss": 5192,
              "Pss_Anon": 1252,
              "Pss_Dirty": 1252,
              "Pss_File": 3940,
              "Pss_Shmem": 0,
              "Referenced": 7732,
              "Rss": 7732,
              "Shared_Clean": 2764,
              "Shared_Dirty": 0,
              "Shared_Hugetlb": 0,
              "ShmemPmdMapped": 0,
              "Swap": 0,
              "SwapPss": 0
            },
            "start_ticks": 264215008
          },
          {
            "pid": 61998,
            "rollup_kib": {
              "AnonHugePages": 0,
              "Anonymous": 776972,
              "FilePmdMapped": 0,
              "KSM": 0,
              "LazyFree": 0,
              "Locked": 0,
              "Private_Clean": 260,
              "Private_Dirty": 776972,
              "Private_Hugetlb": 0,
              "Pss": 777697,
              "Pss_Anon": 776972,
              "Pss_Dirty": 776972,
              "Pss_File": 725,
              "Pss_Shmem": 0,
              "Referenced": 781124,
              "Rss": 781124,
              "Shared_Clean": 3892,
              "Shared_Dirty": 0,
              "Shared_Hugetlb": 0,
              "ShmemPmdMapped": 0,
              "Swap": 0,
              "SwapPss": 0
            },
            "start_ticks": 264215008
          }
        ],
        "reason": "phase_marker",
        "tree_rss_kib": 844692
      },
      {
        "elapsed_s": 321.531,
        "processes": [
          {
            "pid": 8347,
            "rollup_kib": {
              "AnonHugePages": 0,
              "Anonymous": 63444,
              "FilePmdMapped": 0,
              "KSM": 0,
              "LazyFree": 0,
              "Locked": 0,
              "Private_Clean": 68,
              "Private_Dirty": 63444,
              "Private_Hugetlb": 0,
              "Pss": 66245,
              "Pss_Anon": 63444,
              "Pss_Dirty": 63444,
              "Pss_File": 2801,
              "Pss_Shmem": 0,
              "Referenced": 76032,
              "Rss": 76032,
              "Shared_Clean": 12520,
              "Shared_Dirty": 0,
              "Shared_Hugetlb": 0,
              "ShmemPmdMapped": 0,
              "Swap": 0,
              "SwapPss": 0
            },
            "start_ticks": 264186545
          },
          {
            "pid": 68639,
            "rollup_kib": {
              "AnonHugePages": 0,
              "Anonymous": 1252,
              "FilePmdMapped": 0,
              "KSM": 0,
              "LazyFree": 0,
              "Locked": 0,
              "Private_Clean": 3836,
              "Private_Dirty": 1252,
              "Private_Hugetlb": 0,
              "Pss": 5303,
              "Pss_Anon": 1252,
              "Pss_Dirty": 1252,
              "Pss_File": 4051,
              "Pss_Shmem": 0,
              "Referenced": 7864,
              "Rss": 7864,
              "Shared_Clean": 2776,
              "Shared_Dirty": 0,
              "Shared_Hugetlb": 0,
              "ShmemPmdMapped": 0,
              "Swap": 0,
              "SwapPss": 0
            },
            "start_ticks": 264218685
          },
          {
            "pid": 68640,
            "rollup_kib": {
              "AnonHugePages": 0,
              "Anonymous": 730592,
              "FilePmdMapped": 0,
              "KSM": 0,
              "LazyFree": 0,
              "Locked": 0,
              "Private_Clean": 340,
              "Private_Dirty": 730592,
              "Private_Hugetlb": 0,
              "Pss": 731410,
              "Pss_Anon": 730592,
              "Pss_Dirty": 730592,
              "Pss_File": 818,
              "Pss_Shmem": 0,
              "Referenced": 734968,
              "Rss": 734968,
              "Shared_Clean": 4036,
              "Shared_Dirty": 0,
              "Shared_Hugetlb": 0,
              "ShmemPmdMapped": 0,
              "Swap": 0,
              "SwapPss": 0
            },
            "start_ticks": 264218685
          }
        ],
        "reason": "phase_marker",
        "tree_rss_kib": 797920
      },
      {
        "elapsed_s": 358.2771,
        "processes": [
          {
            "pid": 8347,
            "rollup_kib": {
              "AnonHugePages": 0,
              "Anonymous": 63444,
              "FilePmdMapped": 0,
              "KSM": 0,
              "LazyFree": 0,
              "Locked": 0,
              "Private_Clean": 68,
              "Private_Dirty": 63444,
              "Private_Hugetlb": 0,
              "Pss": 66242,
              "Pss_Anon": 63444,
              "Pss_Dirty": 63444,
              "Pss_File": 2798,
              "Pss_Shmem": 0,
              "Referenced": 76032,
              "Rss": 76032,
              "Shared_Clean": 12520,
              "Shared_Dirty": 0,
              "Shared_Hugetlb": 0,
              "ShmemPmdMapped": 0,
              "Swap": 0,
              "SwapPss": 0
            },
            "start_ticks": 264186545
          },
          {
            "pid": 75338,
            "rollup_kib": {
              "AnonHugePages": 0,
              "Anonymous": 1248,
              "FilePmdMapped": 0,
              "KSM": 0,
              "LazyFree": 0,
              "Locked": 0,
              "Private_Clean": 288,
              "Private_Dirty": 1248,
              "Private_Hugetlb": 0,
              "Pss": 3455,
              "Pss_Anon": 1248,
              "Pss_Dirty": 1248,
              "Pss_File": 2207,
              "Pss_Shmem": 0,
              "Referenced": 7712,
              "Rss": 7712,
              "Shared_Clean": 6176,
              "Shared_Dirty": 0,
              "Shared_Hugetlb": 0,
              "ShmemPmdMapped": 0,
              "Swap": 0,
              "SwapPss": 0
            },
            "start_ticks": 264222369
          },
          {
            "pid": 75339,
            "rollup_kib": {
              "AnonHugePages": 0,
              "Anonymous": 194240,
              "FilePmdMapped": 0,
              "KSM": 0,
              "LazyFree": 0,
              "Locked": 0,
              "Private_Clean": 292,
              "Private_Dirty": 194240,
              "Private_Hugetlb": 0,
              "Pss": 195010,
              "Pss_Anon": 194240,
              "Pss_Dirty": 194240,
              "Pss_File": 770,
              "Pss_Shmem": 0,
              "Referenced": 198568,
              "Rss": 198568,
              "Shared_Clean": 4036,
              "Shared_Dirty": 0,
              "Shared_Hugetlb": 0,
              "ShmemPmdMapped": 0,
              "Swap": 0,
              "SwapPss": 0
            },
            "start_ticks": 264222369
          }
        ],
        "reason": "phase_marker",
        "tree_rss_kib": 258008
      },
      {
        "elapsed_s": 395.0199,
        "processes": [
          {
            "pid": 8347,
            "rollup_kib": {
              "AnonHugePages": 0,
              "Anonymous": 63444,
              "FilePmdMapped": 0,
              "KSM": 0,
              "LazyFree": 0,
              "Locked": 0,
              "Private_Clean": 68,
              "Private_Dirty": 63444,
              "Private_Hugetlb": 0,
              "Pss": 66240,
              "Pss_Anon": 63444,
              "Pss_Dirty": 63444,
              "Pss_File": 2796,
              "Pss_Shmem": 0,
              "Referenced": 76032,
              "Rss": 76032,
              "Shared_Clean": 12520,
              "Shared_Dirty": 0,
              "Shared_Hugetlb": 0,
              "ShmemPmdMapped": 0,
              "Swap": 0,
              "SwapPss": 0
            },
            "start_ticks": 264186545
          },
          {
            "pid": 82014,
            "rollup_kib": {
              "AnonHugePages": 0,
              "Anonymous": 1244,
              "FilePmdMapped": 0,
              "KSM": 0,
              "LazyFree": 0,
              "Locked": 0,
              "Private_Clean": 324,
              "Private_Dirty": 1244,
              "Private_Hugetlb": 0,
              "Pss": 3384,
              "Pss_Anon": 1244,
              "Pss_Dirty": 1244,
              "Pss_File": 2140,
              "Pss_Shmem": 0,
              "Referenced": 7544,
              "Rss": 7544,
              "Shared_Clean": 5976,
              "Shared_Dirty": 0,
              "Shared_Hugetlb": 0,
              "ShmemPmdMapped": 0,
              "Swap": 0,
              "SwapPss": 0
            },
            "start_ticks": 264226023
          },
          {
            "pid": 82016,
            "rollup_kib": {
              "AnonHugePages": 0,
              "Anonymous": 1155556,
              "FilePmdMapped": 0,
              "KSM": 0,
              "LazyFree": 0,
              "Locked": 0,
              "Private_Clean": 400,
              "Private_Dirty": 1155556,
              "Private_Hugetlb": 0,
              "Pss": 1156409,
              "Pss_Anon": 1155556,
              "Pss_Dirty": 1155556,
              "Pss_File": 853,
              "Pss_Shmem": 0,
              "Referenced": 1159784,
              "Rss": 1159784,
              "Shared_Clean": 3828,
              "Shared_Dirty": 0,
              "Shared_Hugetlb": 0,
              "ShmemPmdMapped": 0,
              "Swap": 0,
              "SwapPss": 0
            },
            "start_ticks": 264226024
          }
        ],
        "reason": "phase_marker",
        "tree_rss_kib": 1243060
      },
      {
        "elapsed_s": 431.7729,
        "processes": [
          {
            "pid": 8347,
            "rollup_kib": {
              "AnonHugePages": 0,
              "Anonymous": 63444,
              "FilePmdMapped": 0,
              "KSM": 0,
              "LazyFree": 0,
              "Locked": 0,
              "Private_Clean": 68,
              "Private_Dirty": 63444,
              "Private_Hugetlb": 0,
              "Pss": 66250,
              "Pss_Anon": 63444,
              "Pss_Dirty": 63444,
              "Pss_File": 2806,
              "Pss_Shmem": 0,
              "Referenced": 76032,
              "Rss": 76032,
              "Shared_Clean": 12520,
              "Shared_Dirty": 0,
              "Shared_Hugetlb": 0,
              "ShmemPmdMapped": 0,
              "Swap": 0,
              "SwapPss": 0
            },
            "start_ticks": 264186545
          },
          {
            "pid": 88893,
            "rollup_kib": {
              "AnonHugePages": 0,
              "Anonymous": 1252,
              "FilePmdMapped": 0,
              "KSM": 0,
              "LazyFree": 0,
              "Locked": 0,
              "Private_Clean": 3760,
              "Private_Dirty": 1252,
              "Private_Hugetlb": 0,
              "Pss": 5248,
              "Pss_Anon": 1252,
              "Pss_Dirty": 1252,
              "Pss_File": 3996,
              "Pss_Shmem": 0,
              "Referenced": 7832,
              "Rss": 7832,
              "Shared_Clean": 2820,
              "Shared_Dirty": 0,
              "Shared_Hugetlb": 0,
              "ShmemPmdMapped": 0,
              "Swap": 0,
              "SwapPss": 0
            },
            "start_ticks": 264229689
          },
          {
            "pid": 88894,
            "rollup_kib": {
              "AnonHugePages": 0,
              "Anonymous": 1175884,
              "FilePmdMapped": 0,
              "KSM": 0,
              "LazyFree": 0,
              "Locked": 0,
              "Private_Clean": 448,
              "Private_Dirty": 1175884,
              "Private_Hugetlb": 0,
              "Pss": 1176808,
              "Pss_Anon": 1175884,
              "Pss_Dirty": 1175884,
              "Pss_File": 924,
              "Pss_Shmem": 0,
              "Referenced": 1180368,
              "Rss": 1180368,
              "Shared_Clean": 4036,
              "Shared_Dirty": 0,
              "Shared_Hugetlb": 0,
              "ShmemPmdMapped": 0,
              "Swap": 0,
              "SwapPss": 0
            },
            "start_ticks": 264229689
          }
        ],
        "reason": "phase_marker",
        "tree_rss_kib": 1264232
      },
      {
        "elapsed_s": 468.0519,
        "processes": [
          {
            "pid": 8347,
            "rollup_kib": {
              "AnonHugePages": 0,
              "Anonymous": 63448,
              "FilePmdMapped": 0,
              "KSM": 0,
              "LazyFree": 0,
              "Locked": 0,
              "Private_Clean": 76,
              "Private_Dirty": 63448,
              "Private_Hugetlb": 0,
              "Pss": 66286,
              "Pss_Anon": 63448,
              "Pss_Dirty": 63448,
              "Pss_File": 2838,
              "Pss_Shmem": 0,
              "Referenced": 76036,
              "Rss": 76036,
              "Shared_Clean": 12512,
              "Shared_Dirty": 0,
              "Shared_Hugetlb": 0,
              "ShmemPmdMapped": 0,
              "Swap": 0,
              "SwapPss": 0
            },
            "start_ticks": 264186545
          }
        ],
        "reason": "phase_marker",
        "tree_rss_kib": 76036
      },
      {
        "elapsed_s": 468.5582,
        "processes": [
          {
            "pid": 8347,
            "rollup_kib": {
              "AnonHugePages": 0,
              "Anonymous": 63448,
              "FilePmdMapped": 0,
              "KSM": 0,
              "LazyFree": 0,
              "Locked": 0,
              "Private_Clean": 68,
              "Private_Dirty": 63448,
              "Private_Hugetlb": 0,
              "Pss": 66244,
              "Pss_Anon": 63448,
              "Pss_Dirty": 63448,
              "Pss_File": 2796,
              "Pss_Shmem": 0,
              "Referenced": 76036,
              "Rss": 76036,
              "Shared_Clean": 12520,
              "Shared_Dirty": 0,
              "Shared_Hugetlb": 0,
              "ShmemPmdMapped": 0,
              "Swap": 0,
              "SwapPss": 0
            },
            "start_ticks": 264186545
          },
          {
            "pid": 95562,
            "rollup_kib": {
              "AnonHugePages": 0,
              "Anonymous": 1244,
              "FilePmdMapped": 0,
              "KSM": 0,
              "LazyFree": 0,
              "Locked": 0,
              "Private_Clean": 3728,
              "Private_Dirty": 1244,
              "Private_Hugetlb": 0,
              "Pss": 5197,
              "Pss_Anon": 1244,
              "Pss_Dirty": 1244,
              "Pss_File": 3953,
              "Pss_Shmem": 0,
              "Referenced": 7792,
              "Rss": 7792,
              "Shared_Clean": 2820,
              "Shared_Dirty": 0,
              "Shared_Hugetlb": 0,
              "ShmemPmdMapped": 0,
              "Swap": 0,
              "SwapPss": 0
            },
            "start_ticks": 264233362
          },
          {
            "pid": 95563,
            "rollup_kib": {
              "AnonHugePages": 0,
              "Anonymous": 1192264,
              "FilePmdMapped": 0,
              "KSM": 0,
              "LazyFree": 0,
              "Locked": 0,
              "Private_Clean": 404,
              "Private_Dirty": 1192264,
              "Private_Hugetlb": 0,
              "Pss": 1193158,
              "Pss_Anon": 1192264,
              "Pss_Dirty": 1192264,
              "Pss_File": 894,
              "Pss_Shmem": 0,
              "Referenced": 1196744,
              "Rss": 1196744,
              "Shared_Clean": 4076,
              "Shared_Dirty": 0,
              "Shared_Hugetlb": 0,
              "ShmemPmdMapped": 0,
              "Swap": 0,
              "SwapPss": 0
            },
            "start_ticks": 264233362
          }
        ],
        "reason": "phase_marker",
        "tree_rss_kib": 1280572
      },
      {
        "elapsed_s": 504.3319,
        "processes": [
          {
            "pid": 8347,
            "rollup_kib": {
              "AnonHugePages": 0,
              "Anonymous": 60180,
              "FilePmdMapped": 0,
              "KSM": 0,
              "LazyFree": 0,
              "Locked": 0,
              "Private_Clean": 76,
              "Private_Dirty": 60180,
              "Private_Hugetlb": 0,
              "Pss": 63021,
              "Pss_Anon": 60180,
              "Pss_Dirty": 60180,
              "Pss_File": 2841,
              "Pss_Shmem": 0,
              "Referenced": 72768,
              "Rss": 72768,
              "Shared_Clean": 12512,
              "Shared_Dirty": 0,
              "Shared_Hugetlb": 0,
              "ShmemPmdMapped": 0,
              "Swap": 0,
              "SwapPss": 0
            },
            "start_ticks": 264186545
          }
        ],
        "reason": "phase_marker",
        "tree_rss_kib": 72768
      },
      {
        "elapsed_s": 505.34,
        "processes": [],
        "reason": "terminal",
        "tree_rss_kib": 0
      }
    ],
    "status": "complete",
    "temporary_disk_limit_bytes": 16000000000,
    "wall_time_limit_seconds": null
  }
}
