{"command": ["/usr/bin/python3", "/home/x/deco/gamma/projects/enwiki9/tools/run_with_rss_guard.py", "--limit-kib", "9765625", "--limit-mode", "tree", "--official-decimal-limit-kib", "9765625", "--guard-json", "results/delta_midas_named_midpoint_gradient_65536_q2_v1/guard.json", "--label", "delta_midas_named_midpoint_gradient_65536_q2_v1", "--phase", "diagnostic", "--scratch-path", "results/delta_midas_named_midpoint_gradient_65536_q2_v1", "--temporary-disk-limit-bytes", "100000000000", "--", "python3", "tools/nncp_delta_midas_named_midpoint_gradient_q2.py", "--experiment", "operations/adaptive/experiments/delta_midas_named_midpoint_gradient_65536_q2_v1.json", "--output", "results/delta_midas_named_midpoint_gradient_65536_q2_v1/decision.json"], "job": {"candidate_id": "delta_midas_named_midpoint_gradient_65536_q2_v1", "candidate_revision": {"path": "operations/adaptive/candidate-revisions/delta_midas_named_midpoint_gradient_65536_q2_v1/20260815T172812821181Z_0bc9ce771e81.json", "sha256": "sha256:b310638f09671c274ff5f77abdad3260948637fde042ab37e35f240932b38f52"}, "candidate_tree_sha256": "sha256:0bc9ce771e8134eaab462ef85f8468ea4e644f4659cebf6cfefbe8ad05bd4360", "experiment": {"path": "operations/adaptive/experiments/delta_midas_named_midpoint_gradient_65536_q2_v1.json", "sha256": "sha256:f5e2713285a0f78502d98088978723440c87e11688a0e5360230f34b153ebede"}, "gate_size": 65536, "job_id": "20260815T172824Z_465e6837f4", "priority": 1448, "proposal": {"path": "operations/adaptive/proposals/developed/000_delta_midas_named_midpoint_gradient_65536_q2_v1.json", "sha256": "sha256:04244025fddfc83bef17d3d47d34c159417257556de9857e2c6198b50a968930"}, "proposal_id": "delta_midas_named_midpoint_gradient_65536_q2_v1", "purpose": "oracle", "runner": {"path": "tools/run_with_rss_guard.py", "sha256": "sha256:005d55cdec6f3fabd5caa4acb78e75e0d6a07340e45e0e9577c5c7d8ea13d00e"}, "schema": "gamma.enwiki9.adaptive-job.v3", "scratch_directories": ["results/delta_midas_named_midpoint_gradient_65536_q2_v1"], "started_at": "2026-08-15T17:29:36+00:00", "state": "running", "submitted_at": "2026-08-15T17:28:24+00:00", "tags": ["delta-midas", "f32-energy", "named-gradient", "zero-credit"], "tool": "tools/run_with_rss_guard.py", "tool_args": ["--limit-kib", "9765625", "--limit-mode", "tree", "--official-decimal-limit-kib", "9765625", "--guard-json", "results/delta_midas_named_midpoint_gradient_65536_q2_v1/guard.json", "--label", "delta_midas_named_midpoint_gradient_65536_q2_v1", "--phase", "diagnostic", "--scratch-path", "results/delta_midas_named_midpoint_gradient_65536_q2_v1", "--temporary-disk-limit-bytes", "100000000000", "--", "python3", "tools/nncp_delta_midas_named_midpoint_gradient_q2.py", "--experiment", "operations/adaptive/experiments/delta_midas_named_midpoint_gradient_65536_q2_v1.json", "--output", "results/delta_midas_named_midpoint_gradient_65536_q2_v1/decision.json"]}}
{"artifacts": [{"id": "archive-1", "path": "results/delta_midas_named_midpoint_gradient_65536_q2_v1/F_named_gradient_1.nncp", "sha256": "sha256:85208cda0ab962d7f8ce61367e0902c0bb864de05e57e733534f782b54736134"}, {"id": "archive-2", "path": "results/delta_midas_named_midpoint_gradient_65536_q2_v1/F_named_gradient_2.nncp", "sha256": "sha256:85208cda0ab962d7f8ce61367e0902c0bb864de05e57e733534f782b54736134"}, {"id": "gradient-log-1", "path": "results/delta_midas_named_midpoint_gradient_65536_q2_v1/F_named_gradient_1.stderr", "sha256": "sha256:edd6f0ecc8481bf1787dc83646bae9a246ff0b4f1bd4ac36c886b166f15d7007"}, {"id": "gradient-log-2", "path": "results/delta_midas_named_midpoint_gradient_65536_q2_v1/F_named_gradient_2.stderr", "sha256": "sha256:edd6f0ecc8481bf1787dc83646bae9a246ff0b4f1bd4ac36c886b166f15d7007"}, {"id": "source-package", "path": "results/delta_midas_named_midpoint_gradient_65536_q2_v1/incremental_source.tar.xz", "sha256": "sha256:a60319f7c946c921c7eebcfe050c4478d8dff3b69b7317425dbca1a64fb6b1a1"}, {"id": "gradient-detail", "path": "results/delta_midas_named_midpoint_gradient_65536_q2_v1/gradient-detail.json", "sha256": "sha256:9c20eadf990a87f56a2472994beb16781a66ade4817c6a1b4174851466bfa46a"}], "candidateId": "delta_midas_named_midpoint_gradient_65536_q2_v1", "candidateRevision": {"candidateId": "delta_midas_named_midpoint_gradient_65536_q2_v1", "candidateTreeSha256": "sha256:0bc9ce771e8134eaab462ef85f8468ea4e644f4659cebf6cfefbe8ad05bd4360", "receipt": {"path": "operations/adaptive/candidate-revisions/delta_midas_named_midpoint_gradient_65536_q2_v1/20260815T172812821181Z_0bc9ce771e81.json", "sha256": "sha256:b310638f09671c274ff5f77abdad3260948637fde042ab37e35f240932b38f52"}}, "decision": "retire", "evidenceClass": "oracle", "experiment": {"path": "operations/adaptive/experiments/delta_midas_named_midpoint_gradient_65536_q2_v1.json", "sha256": "sha256:f5e2713285a0f78502d98088978723440c87e11688a0e5360230f34b153ebede"}, "generatedUtc": "2026-08-15T20:02:24+00:00", "killPass": true, "killPredicates": [{"id": "k-archive", "measurement": "retainedArchiveIdentity", "observed": true, "operator": "eq", "passed": true, "threshold": true}, {"id": "k-inverse", "measurement": "rawInverseExact", "observed": true, "operator": "eq", "passed": true, "threshold": true}, {"id": "k-repeat", "measurement": "namedGradientDeterministic", "observed": true, "operator": "eq", "passed": true, "threshold": true}, {"id": "k-parameter-set", "measurement": "allBlocksSameParameterSet", "observed": true, "operator": "eq", "passed": true, "threshold": true}, {"id": "k-finite", "measurement": "allGradientFinite", "observed": true, "operator": "eq", "passed": true, "threshold": true}, {"id": "k-localization", "measurement": "localizationFailed", "observed": true, "operator": "eq", "passed": true, "threshold": true}, {"id": "k-blocks", "measurement": "blockCount", "observed": 32, "operator": "eq", "passed": true, "threshold": 32}, {"id": "k-parameters", "measurement": "parameterCount", "observed": 246, "operator": "gte", "passed": true, "threshold": 1}], "measurements": {"allBlocksSameParameterSet": true, "allGradientFinite": true, "blockCount": 32, "headGroupShare": 0.7187988579377621, "localizationFailed": true, "minimumThirdDominantNonHeadShare": 0.32515365115389816, "namedGradientDeterministic": true, "parameterCount": 246, "rawInverseExact": true, "retainedArchiveIdentity": true, "stableDominantNonHeadGroup": false}, "objective": {"corpusBytes": 1000000000, "corpusSha256": "159b85351e5f76e60cbe32e04c677847a9ecba3adc79addab6f4c6c7aa3744bc", "objectiveDigest": "sha256:ce4c435c0f398caf65a09050c8518d9c5ea63239f9156048ea2aaaf9b8ffa7e8", "objectiveId": "gamma-enwiki9-hutter-105m-v1", "objectivePath": "contracts/research/v1/objective-contract.json", "targetScoreBytes": 105000000}, "objectiveCreditBytes": 0, "promotionPass": false, "promotionPredicates": [{"id": "p-archive", "measurement": "retainedArchiveIdentity", "observed": true, "operator": "eq", "passed": true, "threshold": true}, {"id": "p-inverse", "measurement": "rawInverseExact", "observed": true, "operator": "eq", "passed": true, "threshold": true}, {"id": "p-repeat", "measurement": "namedGradientDeterministic", "observed": true, "operator": "eq", "passed": true, "threshold": true}, {"id": "p-parameter-set", "measurement": "allBlocksSameParameterSet", "observed": true, "operator": "eq", "passed": true, "threshold": true}, {"id": "p-finite", "measurement": "allGradientFinite", "observed": true, "operator": "eq", "passed": true, "threshold": true}, {"id": "p-stable-group", "measurement": "stableDominantNonHeadGroup", "observed": false, "operator": "eq", "passed": false, "threshold": true}, {"id": "p-third-share", "measurement": "minimumThirdDominantNonHeadShare", "observed": 0.32515365115389816, "operator": "gte", "passed": false, "threshold": 0.35}, {"id": "p-head-share", "measurement": "headGroupShare", "observed": 0.7187988579377621, "operator": "lte", "passed": false, "threshold": 0.5}, {"id": "p-blocks", "measurement": "blockCount", "observed": 32, "operator": "eq", "passed": true, "threshold": 32}, {"id": "p-parameters", "measurement": "parameterCount", "observed": 246, "operator": "gte", "passed": true, "threshold": 1}], "schema": "gamma.enwiki9.adaptive-experiment-result.v1"}
{
  "rss_guard": {
    "schema": "gamma.enwiki9.resource-guard-receipt.v2",
    "objective": {
      "objectiveId": "gamma-enwiki9-hutter-105m-v1",
      "objectiveDigest": "sha256:ce4c435c0f398caf65a09050c8518d9c5ea63239f9156048ea2aaaf9b8ffa7e8",
      "objectivePath": "contracts/research/v1/objective-contract.json",
      "targetScoreBytes": 105000000,
      "corpusBytes": 1000000000,
      "corpusSha256": "159b85351e5f76e60cbe32e04c677847a9ecba3adc79addab6f4c6c7aa3744bc"
    },
    "label": "delta_midas_named_midpoint_gradient_65536_q2_v1",
    "phase": "diagnostic",
    "command": [
      "python3",
      "tools/nncp_delta_midas_named_midpoint_gradient_q2.py",
      "--experiment",
      "operations/adaptive/experiments/delta_midas_named_midpoint_gradient_65536_q2_v1.json",
      "--output",
      "results/delta_midas_named_midpoint_gradient_65536_q2_v1/decision.json"
    ],
    "sample_interval_seconds": 5.0,
    "geekbench5_single_core_score": null,
    "wall_time_limit_seconds": null,
    "wall_time_measurement_complete": false,
    "wall_time_exceeded": false,
    "limit_kib": 9765625,
    "limit_mode": "tree",
    "official_decimal_limit_kib": 9765625,
    "official_decimal_over_limit_kib": 0,
    "scratch_paths": [
      "results/delta_midas_named_midpoint_gradient_65536_q2_v1"
    ],
    "temporary_disk_limit_bytes": 100000000000,
    "temporary_disk_measurement_complete": true,
    "max_sampled_temporary_disk_bytes": 7453978,
    "max_logical_cpus": null,
    "affinity_measurement_complete": true,
    "max_sampled_allowed_cpu_count": 32,
    "logical_cpu_guard_exceeded": false,
    "max_sampled_tree_live_threads": 36,
    "max_sampled_tree_runnable_threads": 4,
    "max_sampled_single_rss_kib": 6204000,
    "max_sampled_tree_rss_kib": 6257748,
    "peak_sample": {
      "processes": [
        {
          "pid": 3438116,
          "rss_kib": 46440,
          "live_threads": 32,
          "runnable_threads": 0,
          "allowed_cpus": [
            0,
            1,
            2,
            3,
            4,
            5,
            6,
            7,
            8,
            9,
            10,
            11,
            12,
            13,
            14,
            15,
            16,
            17,
            18,
            19,
            20,
            21,
            22,
            23,
            24,
            25,
            26,
            27,
            28,
            29,
            30,
            31
          ]
        },
        {
          "pid": 3438424,
          "rss_kib": 6204000,
          "live_threads": 4,
          "runnable_threads": 1,
          "allowed_cpus": [
            0,
            1,
            2,
            3,
            4,
            5,
            6,
            7,
            8,
            9,
            10,
            11,
            12,
            13,
            14,
            15,
            16,
            17,
            18,
            19,
            20,
            21,
            22,
            23,
            24,
            25,
            26,
            27,
            28,
            29,
            30,
            31
          ]
        }
      ],
      "max_single_rss_kib": 6204000,
      "tree_rss_kib": 6250440,
      "tree_live_threads": 36,
      "tree_runnable_threads": 1,
      "allowed_cpu_union": [
        0,
        1,
        2,
        3,
        4,
        5,
        6,
        7,
        8,
        9,
        10,
        11,
        12,
        13,
        14,
        15,
        16,
        17,
        18,
        19,
        20,
        21,
        22,
        23,
        24,
        25,
        26,
        27,
        28,
        29,
        30,
        31
      ]
    },
    "peak_tree_sample": {
      "processes": [
        {
          "pid": 232157,
          "rss_kib": 6203988,
          "live_threads": 4,
          "runnable_threads": 0,
          "allowed_cpus": [
            0,
            1,
            2,
            3,
            4,
            5,
            6,
            7,
            8,
            9,
            10,
            11,
            12,
            13,
            14,
            15,
            16,
            17,
            18,
            19,
            20,
            21,
            22,
            23,
            24,
            25,
            26,
            27,
            28,
            29,
            30,
            31
          ]
        },
        {
          "pid": 3438116,
          "rss_kib": 53760,
          "live_threads": 32,
          "runnable_threads": 0,
          "allowed_cpus": [
            0,
            1,
            2,
            3,
            4,
            5,
            6,
            7,
            8,
            9,
            10,
            11,
            12,
            13,
            14,
            15,
            16,
            17,
            18,
            19,
            20,
            21,
            22,
            23,
            24,
            25,
            26,
            27,
            28,
            29,
            30,
            31
          ]
        }
      ],
      "max_single_rss_kib": 6203988,
      "tree_rss_kib": 6257748,
      "tree_live_threads": 36,
      "tree_runnable_threads": 0,
      "allowed_cpu_union": [
        0,
        1,
        2,
        3,
        4,
        5,
        6,
        7,
        8,
        9,
        10,
        11,
        12,
        13,
        14,
        15,
        16,
        17,
        18,
        19,
        20,
        21,
        22,
        23,
        24,
        25,
        26,
        27,
        28,
        29,
        30,
        31
      ]
    },
    "latest_sample": {
      "processes": [],
      "max_single_rss_kib": 0,
      "tree_rss_kib": 0,
      "tree_live_threads": 0,
      "tree_runnable_threads": 0,
      "allowed_cpu_union": []
    },
    "sample_count": 1834,
    "rss_guard_exceeded": false,
    "official_decimal_memory_exceeded": false,
    "temporary_disk_guard_exceeded": false,
    "returncode": 0,
    "status": "complete",
    "elapsed_s": 9171.5309
  }
}
