{"command": ["/usr/bin/python3", "/home/x/deco/gamma/projects/enwiki9/tools/run_with_resource_guard_v3.py", "--limit-kib", "9765624", "--official-decimal-limit-kib", "9765624", "--limit-mode", "tree", "--cgroup-path", "/sys/fs/cgroup/user.slice/user-1000.slice/user@1000.service/app.slice/gamma-enwiki9-20260908T194436Z_afbc14a52e", "--cgroup-memory-max-bytes", "9999998976", "--temporary-disk-limit-bytes", "16000000000", "--phase-marker-path", "/home/x/deco/gamma/projects/enwiki9/run_logs/adaptive/20260908T194436Z_afbc14a52e.resources/phases.jsonl", "--max-logical-cpus", "1", "--guard-json", "/home/x/deco/gamma/projects/enwiki9/run_logs/adaptive/20260908T194436Z_afbc14a52e.resources/guard.json", "--label", "20260908T194436Z_afbc14a52e", "--phase", "diagnostic", "--scratch-path", "/home/x/deco/gamma/projects/enwiki9/results/forge_compact_fixture50051_q0_v2", "--scratch-path", "/home/x/deco/gamma/projects/enwiki9/run_logs/adaptive/20260908T194436Z_afbc14a52e.log", "--scratch-path", "/home/x/deco/gamma/projects/enwiki9/run_logs/adaptive/20260908T194436Z_afbc14a52e.resources", "--scratch-path", "/var/tmp/gamma-enwiki9-20260908T194436Z_afbc14a52e-_ajv2vxv/forge_compact_fixture50051_q0_v2", "--", "/usr/bin/taskset", "--cpu-list", "2", "/bin/sh", "-c", "printf '%s\\n' '{\"phase\":\"diagnostic\",\"event\":\"worker_start\",\"detail\":\"operational envelope only; no codec phase credit\"}' >> \"$GAMMA_RESOURCE_PHASE_MARKERS\" || exit 125; exec \"$@\"", "enwiki9-discovery-envelope", "/usr/bin/python3", "/home/x/deco/gamma/projects/enwiki9/tools/forge_compact_fixture50051_q0_v2.py"], "job": {"candidate_id": "forge_compact_fixture50051_q0_v2", "candidate_revision": {"path": "operations/adaptive/candidate-revisions/forge_compact_fixture50051_q0_v2/20260908T194435970398Z_6a8ff7d50e38.json", "sha256": "sha256:481444745b9d06fdb9e592bdf485924b2bd43140e4cfc87435b4bc4e25b43ae7"}, "candidate_tree_sha256": "sha256:6a8ff7d50e38572326065d488511e1df975491ec0a6c153c29a8cea14f258b95", "execution_guard": {"path": "tools/run_with_resource_guard_v3.py", "sha256": "sha256:044147f7ffe6922ea8dafd52fc3d4426077b20958adbcd421245ad41adcfc1e4"}, "execution_mode": "discovery", "execution_resources": {"boot_id": "3ce46712-27bc-4199-8e48-e2b3d23926cb", "budget": {"cgroup_parent": "/sys/fs/cgroup/user.slice/user-1000.slice/user@1000.service/app.slice", "cpus": [2], "memory_bytes": 9999998976, "scratch_bytes": 16000000000, "swap_bytes": 0, "wall_seconds": 900}, "cgroup_inode": 260643, "cgroup_path": "/sys/fs/cgroup/user.slice/user-1000.slice/user@1000.service/app.slice/gamma-enwiki9-20260908T194436Z_afbc14a52e", "cpu_enforcement": "taskset-and-sampled-affinity-guard", "groups": [{"created": true, "inode": 260643, "kernel_cpuset": false, "memory_bytes": 9999998976, "path": "/sys/fs/cgroup/user.slice/user-1000.slice/user@1000.service/app.slice/gamma-enwiki9-20260908T194436Z_afbc14a52e"}], "guard_command_sha256": "b3e1886209e3a99ab669908be09fc4265794b92df9042ac64a49019e67e598ec", "guard_path": "run_logs/adaptive/20260908T194436Z_afbc14a52e.resources/guard.json", "missing_diagnostics": ["kernel cpuset controller is not delegated; taskset assignment and existing affinity guard remain active"], "timing_authority": "diagnostic"}, "experiment": {"path": "operations/adaptive/experiments/forge_compact_fixture50051_q0_v2.json", "sha256": "sha256:4f654157c93e28568e7c7729d993af779f0f814b0158803fd1423ac4c6b9dfae"}, "gate_size": 50051, "held": false, "held_at": "2026-09-08T19:44:54+00:00", "hold_history": [{"at": "2026-09-08T19:44:54+00:00", "held": true, "reason": "Corrected scratch contract awaiting publication and fresh admission"}, {"at": "2026-09-08T19:45:37+00:00", "held": false, "reason": "origin/main dab62a34d contains all133 verified inputs and held ownership; fresh admission has54911139840 available RAM and171225354240 scratch; all legacy running rows resolve terminal"}], "job_id": "20260908T194436Z_afbc14a52e", "priority": 40, "proposal": {"path": "operations/adaptive/proposals/developed/929_forge_compact_fixture50051_q0_v2.json", "sha256": "sha256:47348d0274571945093bd200d20bc9ea64c616c6adf7a20fdc2332a2fa5a0dbc"}, "proposal_id": "forge_compact_fixture50051_q0_v2", "purpose": "infrastructure", "released_at": "2026-09-08T19:45:37+00:00", "resource_budget": {"cgroup_parent": "/sys/fs/cgroup/user.slice/user-1000.slice/user@1000.service/app.slice", "cpus": [2], "memory_bytes": 9999998976, "scratch_bytes": 16000000000, "swap_bytes": 0, "wall_seconds": 900}, "runner": {"path": "tools/forge_compact_fixture50051_q0_v2.py", "sha256": "sha256:0528d35aee18f7d83696c62b01dd6067fd29a1457153cb2c616bf14cc595bd89"}, "schema": "gamma.enwiki9.adaptive-job.v3", "scratch_directories": ["results/forge_compact_fixture50051_q0_v2"], "started_at": "2026-09-08T19:45:37+00:00", "state": "running", "submitted_at": "2026-09-08T19:44:36+00:00", "tags": ["root_explore"], "timing_authority": "diagnostic", "tool": "tools/forge_compact_fixture50051_q0_v2.py", "tool_args": []}}
{
  "resource_guard": {
    "cgroup": {
      "inode": 260643,
      "joined_before_exec": true,
      "memory_max_bytes": 9999998976,
      "memory_max_rounding_bytes": 0,
      "memory_peak_reset": true,
      "path": "/sys/fs/cgroup/user.slice/user-1000.slice/user@1000.service/app.slice/gamma-enwiki9-20260908T194436Z_afbc14a52e",
      "previous_memory_max": "9999998976",
      "requested_memory_max_bytes": 9999998976
    },
    "cgroup_events": {
      "baseline": {
        "high": 0,
        "low": 0,
        "max": 0,
        "oom": 0,
        "oom_group_kill": 0,
        "oom_kill": 0,
        "sock_throttled": 0
      },
      "delta": {
        "high": 0,
        "low": 0,
        "max": 0,
        "oom": 0,
        "oom_group_kill": 0,
        "oom_kill": 0,
        "sock_throttled": 0
      },
      "final": {
        "high": 0,
        "low": 0,
        "max": 0,
        "oom": 0,
        "oom_group_kill": 0,
        "oom_kill": 0,
        "sock_throttled": 0
      }
    },
    "command": [
      "/usr/bin/taskset",
      "--cpu-list",
      "2",
      "/bin/sh",
      "-c",
      "printf '%s\\n' '{\"phase\":\"diagnostic\",\"event\":\"worker_start\",\"detail\":\"operational envelope only; no codec phase credit\"}' >> \"$GAMMA_RESOURCE_PHASE_MARKERS\" || exit 125; exec \"$@\"",
      "enwiki9-discovery-envelope",
      "/usr/bin/python3",
      "/home/x/deco/gamma/projects/enwiki9/tools/forge_compact_fixture50051_q0_v2.py"
    ],
    "command_sha256": "5e962b1357a7d69a1dd12ffbc075308a8f9d184641469623e51dfadb519ed6f0",
    "elapsed_s": 0.0349,
    "failure": "logical_cpu_limit_exceeded",
    "geekbench5_single_core_score": null,
    "guards": {
      "cgroup_memory_guard_exceeded": false,
      "logical_cpu_guard_exceeded": true,
      "measurement_incomplete": false,
      "official_decimal_memory_exceeded": false,
      "phase_marker_invalid": false,
      "rss_guard_exceeded": false,
      "temporary_disk_guard_exceeded": false,
      "wall_time_guard_exceeded": false
    },
    "label": "20260908T194436Z_afbc14a52e",
    "latest_sample": {
      "allowed_cpu_union": [
        0,
        1,
        2,
        3,
        4,
        5,
        6,
        7,
        8,
        9,
        10,
        11,
        12,
        13,
        14,
        15,
        16,
        17,
        18,
        19,
        20,
        21,
        22,
        23,
        24,
        25,
        26,
        27,
        28,
        29,
        30,
        31
      ],
      "cgroup_current_bytes": 786432,
      "elapsed_s": 0.0329,
      "max_single_rss_kib": 2012,
      "persistent_status_misses": [],
      "processes": [
        {
          "allowed_cpus": [
            0,
            1,
            2,
            3,
            4,
            5,
            6,
            7,
            8,
            9,
            10,
            11,
            12,
            13,
            14,
            15,
            16,
            17,
            18,
            19,
            20,
            21,
            22,
            23,
            24,
            25,
            26,
            27,
            28,
            29,
            30,
            31
          ],
          "comm": "sh",
          "live_threads": 1,
          "pid": 3926006,
          "rss_kib": 2012,
          "runnable_threads": 1,
          "start_ticks": 199287604,
          "vmhwm_kib": 2012
        }
      ],
      "scratch_allocated_bytes": 28672,
      "scratch_file_count": 4,
      "scratch_logical_bytes": 6267,
      "scratch_race_count": 0,
      "tree_live_threads": 1,
      "tree_rss_kib": 2012,
      "tree_runnable_threads": 1
    },
    "limit_kib": 9765624,
    "limit_mode": "tree",
    "max_logical_cpus": 1,
    "measurements": {
      "affinity_complete": true,
      "cgroup_v2_complete": true,
      "per_process_vmhwm_sampled": true,
      "phase_markers_complete": false,
      "process_tree_rss_complete": true,
      "scratch_logical_and_allocated_complete": true,
      "smaps_rollup_complete": true
    },
    "objective": {
      "corpusBytes": 1000000000,
      "corpusSha256": "159b85351e5f76e60cbe32e04c677847a9ecba3adc79addab6f4c6c7aa3744bc",
      "objectiveDigest": "sha256:e91ff20e92c3cac8acb0cbe5c79fc8e8a3b427d7e151245c8eecc52b1c32fa00",
      "objectiveId": "gamma-enwiki9-hutter-90m-v3",
      "objectivePath": "contracts/research/v3/objective-contract.json",
      "targetScoreBytes": 90000000
    },
    "official_decimal_limit_kib": 9765624,
    "peak_process_vmhwm": {
      "comm": "sh",
      "observed_elapsed_s": 0.0329,
      "pid": 3926006,
      "start_ticks": 199287604,
      "vmhwm_kib": 2012
    },
    "peak_sample": {
      "allowed_cpu_union": [
        0,
        1,
        2,
        3,
        4,
        5,
        6,
        7,
        8,
        9,
        10,
        11,
        12,
        13,
        14,
        15,
        16,
        17,
        18,
        19,
        20,
        21,
        22,
        23,
        24,
        25,
        26,
        27,
        28,
        29,
        30,
        31
      ],
      "cgroup_current_bytes": 786432,
      "elapsed_s": 0.0329,
      "max_single_rss_kib": 2012,
      "persistent_status_misses": [],
      "processes": [
        {
          "allowed_cpus": [
            0,
            1,
            2,
            3,
            4,
            5,
            6,
            7,
            8,
            9,
            10,
            11,
            12,
            13,
            14,
            15,
            16,
            17,
            18,
            19,
            20,
            21,
            22,
            23,
            24,
            25,
            26,
            27,
            28,
            29,
            30,
            31
          ],
          "comm": "sh",
          "live_threads": 1,
          "pid": 3926006,
          "rss_kib": 2012,
          "runnable_threads": 1,
          "start_ticks": 199287604,
          "vmhwm_kib": 2012
        }
      ],
      "scratch_allocated_bytes": 28672,
      "scratch_file_count": 4,
      "scratch_logical_bytes": 6267,
      "scratch_race_count": 0,
      "tree_live_threads": 1,
      "tree_rss_kib": 2012,
      "tree_runnable_threads": 1
    },
    "peak_tree_sample": {
      "allowed_cpu_union": [
        0,
        1,
        2,
        3,
        4,
        5,
        6,
        7,
        8,
        9,
        10,
        11,
        12,
        13,
        14,
        15,
        16,
        17,
        18,
        19,
        20,
        21,
        22,
        23,
        24,
        25,
        26,
        27,
        28,
        29,
        30,
        31
      ],
      "cgroup_current_bytes": 786432,
      "elapsed_s": 0.0329,
      "max_single_rss_kib": 2012,
      "persistent_status_misses": [],
      "processes": [
        {
          "allowed_cpus": [
            0,
            1,
            2,
            3,
            4,
            5,
            6,
            7,
            8,
            9,
            10,
            11,
            12,
            13,
            14,
            15,
            16,
            17,
            18,
            19,
            20,
            21,
            22,
            23,
            24,
            25,
            26,
            27,
            28,
            29,
            30,
            31
          ],
          "comm": "sh",
          "live_threads": 1,
          "pid": 3926006,
          "rss_kib": 2012,
          "runnable_threads": 1,
          "start_ticks": 199287604,
          "vmhwm_kib": 2012
        }
      ],
      "scratch_allocated_bytes": 28672,
      "scratch_file_count": 4,
      "scratch_logical_bytes": 6267,
      "scratch_race_count": 0,
      "tree_live_threads": 1,
      "tree_rss_kib": 2012,
      "tree_runnable_threads": 1
    },
    "peaks": {
      "cgroup_memory_peak_bytes": 786432,
      "max_observed_process_vmhwm_kib": 2012,
      "max_sampled_allowed_cpu_count": 32,
      "max_sampled_cgroup_current_bytes": 786432,
      "max_sampled_scratch_allocated_bytes": 28672,
      "max_sampled_scratch_logical_bytes": 6267,
      "max_sampled_single_rss_kib": 2012,
      "max_sampled_tree_live_threads": 1,
      "max_sampled_tree_rss_kib": 2012,
      "max_sampled_tree_runnable_threads": 1
    },
    "phase": "diagnostic",
    "phase_marker_path": "/home/x/deco/gamma/projects/enwiki9/run_logs/adaptive/20260908T194436Z_afbc14a52e.resources/phases.jsonl",
    "phase_markers": [],
    "returncode": -15,
    "sample_count": 1,
    "sample_interval_seconds": 0.5,
    "schema": "gamma.enwiki9.resource-guard-receipt.v3",
    "scratch_paths": [
      "/home/x/deco/gamma/projects/enwiki9/results/forge_compact_fixture50051_q0_v2",
      "/home/x/deco/gamma/projects/enwiki9/run_logs/adaptive/20260908T194436Z_afbc14a52e.log",
      "/home/x/deco/gamma/projects/enwiki9/run_logs/adaptive/20260908T194436Z_afbc14a52e.resources",
      "/var/tmp/gamma-enwiki9-20260908T194436Z_afbc14a52e-_ajv2vxv/forge_compact_fixture50051_q0_v2"
    ],
    "smaps_rollup_checkpoints": [
      {
        "elapsed_s": 0.0329,
        "processes": [
          {
            "pid": 3926006,
            "rollup_kib": {
              "AnonHugePages": 0,
              "Anonymous": 8,
              "FilePmdMapped": 0,
              "KSM": 0,
              "LazyFree": 0,
              "Locked": 0,
              "Private_Clean": 0,
              "Private_Dirty": 8,
              "Private_Hugetlb": 0,
              "Pss": 8,
              "Pss_Anon": 8,
              "Pss_Dirty": 8,
              "Pss_File": 0,
              "Pss_Shmem": 0,
              "Referenced": 8,
              "Rss": 8,
              "Shared_Clean": 0,
              "Shared_Dirty": 0,
              "Shared_Hugetlb": 0,
              "ShmemPmdMapped": 0,
              "Swap": 0,
              "SwapPss": 0
            },
            "start_ticks": 199287604
          }
        ],
        "reason": "initial+rss_growth",
        "tree_rss_kib": 2012
      }
    ],
    "status": "logical_cpu_guard_exceeded",
    "temporary_disk_limit_bytes": 16000000000,
    "wall_time_limit_seconds": null
  }
}
