{"command": ["/usr/bin/python3", "/home/x/deco/gamma/projects/enwiki9/tools/run_with_resource_guard_v3.py", "--limit-kib", "9765624", "--official-decimal-limit-kib", "9765624", "--limit-mode", "tree", "--cgroup-path", "/sys/fs/cgroup/user.slice/user-1000.slice/user@1000.service/app.slice/gamma-enwiki9-20260915T021108Z_260ec199d7", "--cgroup-memory-max-bytes", "9999998976", "--temporary-disk-limit-bytes", "24000000000", "--phase-marker-path", "/home/x/deco/gamma/projects/enwiki9/run_logs/adaptive/20260915T021108Z_260ec199d7.resources/phases.jsonl", "--max-logical-cpus", "1", "--guard-json", "/home/x/deco/gamma/projects/enwiki9/run_logs/adaptive/20260915T021108Z_260ec199d7.resources/guard.json", "--label", "20260915T021108Z_260ec199d7", "--phase", "diagnostic", "--scratch-path", "/home/x/deco/gamma/projects/enwiki9/results/fx2_expert_release250k_v3", "--scratch-path", "/home/x/deco/gamma/projects/enwiki9/run_logs/adaptive/20260915T021108Z_260ec199d7.log", "--scratch-path", "/home/x/deco/gamma/projects/enwiki9/run_logs/adaptive/20260915T021108Z_260ec199d7.resources", "--scratch-path", "/var/tmp/gamma-enwiki9-20260915T021108Z_260ec199d7-moopaxqo/fx2_expert_release250k_v3", "--", "/usr/bin/taskset", "--cpu-list", "2", "/bin/sh", "-c", "printf '%s\\n' '{\"phase\":\"diagnostic\",\"event\":\"worker_start\",\"detail\":\"operational envelope only; no codec phase credit\"}' >> \"$GAMMA_RESOURCE_PHASE_MARKERS\" || exit 125; exec \"$@\"", "enwiki9-discovery-envelope", "/usr/bin/python3", "/home/x/deco/gamma/projects/enwiki9/tools/fx2_expert_release250k_v3.py"], "job": {"candidate_id": "fx2_expert_release250k_v3", "candidate_revision": {"path": "operations/adaptive/candidate-revisions/fx2_expert_release250k_v3/20260915T021107540049Z_b820418f7fdf.json", "sha256": "sha256:06ce872e08f9c8ba78a0a36aff227f7ca43e8566939c0ec4c2553af7f9edddbf"}, "candidate_tree_sha256": "sha256:b820418f7fdf8ee9853593711686504581902240e78dbf425c016ff1ff057528", "execution_guard": {"path": "tools/run_with_resource_guard_v3.py", "sha256": "sha256:044147f7ffe6922ea8dafd52fc3d4426077b20958adbcd421245ad41adcfc1e4"}, "execution_mode": "discovery", "execution_resources": {"boot_id": "3ce46712-27bc-4199-8e48-e2b3d23926cb", "budget": {"cgroup_parent": "/sys/fs/cgroup/user.slice/user-1000.slice/user@1000.service/app.slice", "cpus": [2], "memory_bytes": 9999998976, "scratch_bytes": 24000000000, "swap_bytes": 0, "wall_seconds": 1800}, "cgroup_inode": 327214, "cgroup_path": "/sys/fs/cgroup/user.slice/user-1000.slice/user@1000.service/app.slice/gamma-enwiki9-20260915T021108Z_260ec199d7", "cpu_enforcement": "taskset-and-sampled-affinity-guard", "groups": [{"created": true, "inode": 327214, "kernel_cpuset": false, "memory_bytes": 9999998976, "path": "/sys/fs/cgroup/user.slice/user-1000.slice/user@1000.service/app.slice/gamma-enwiki9-20260915T021108Z_260ec199d7"}], "guard_command_sha256": "dc5527472b413cbc2dd740fcd35a731723fd59a8da43ec5919a1a3d2e5a06406", "guard_path": "run_logs/adaptive/20260915T021108Z_260ec199d7.resources/guard.json", "missing_diagnostics": ["kernel cpuset controller is not delegated; taskset assignment and existing affinity guard remain active"], "timing_authority": "diagnostic"}, "experiment": {"path": "operations/adaptive/experiments/fx2_expert_release250k_v3.json", "sha256": "sha256:5ce2d4b27f0173d7d6106b8127b52783a316c38387cfe76dccdfb58cd509cea9"}, "gate_size": 250000, "held": false, "held_at": "2026-09-15T02:11:08+00:00", "hold_history": [{"at": "2026-09-15T02:11:08+00:00", "held": true, "reason": "Source and ownership publication, fresh resource admission required."}, {"at": "2026-09-15T02:28:06+00:00", "held": false, "reason": "Published17d07a2e4 and162 input Git blobs verified; fresh build3 admission"}], "job_id": "20260915T021108Z_260ec199d7", "priority": 80, "proposal": {"path": "operations/adaptive/proposals/developed/929_fx2_expert_release250k_v3.json", "sha256": "sha256:05b756db98ab006da8b6ab69472cfe56c002e960b58b9891c8e22374b660d379"}, "proposal_id": "fx2_expert_release250k_v3", "purpose": "diagnostic", "released_at": "2026-09-15T02:28:06+00:00", "resource_budget": {"cgroup_parent": "/sys/fs/cgroup/user.slice/user-1000.slice/user@1000.service/app.slice", "cpus": [2], "memory_bytes": 9999998976, "scratch_bytes": 24000000000, "swap_bytes": 0, "wall_seconds": 1800}, "runner": {"path": "tools/fx2_expert_release250k_v3.py", "sha256": "sha256:28198c5f36c8cee24a2f359e6b2ab6bcdbb15bafc73236b6a6e0b61ea6fed111"}, "schema": "gamma.enwiki9.adaptive-job.v3", "scratch_directories": ["results/fx2_expert_release250k_v3"], "started_at": "2026-09-15T02:28:16+00:00", "state": "running", "submitted_at": "2026-09-15T02:11:08+00:00", "tags": [], "timing_authority": "diagnostic", "tool": "tools/fx2_expert_release250k_v3.py", "tool_args": []}}
{"status": "passed", "scientific_verdict": "Production equivalence established; unchanged measured mixture gain. Component costs measured, complete submission qualification unresolved.", "g_P": 34, "source_component_net_bytes": -1154}
{
  "resource_guard": {
    "cgroup": {
      "inode": 327214,
      "joined_before_exec": true,
      "memory_max_bytes": 9999998976,
      "memory_max_rounding_bytes": 0,
      "memory_peak_reset": true,
      "path": "/sys/fs/cgroup/user.slice/user-1000.slice/user@1000.service/app.slice/gamma-enwiki9-20260915T021108Z_260ec199d7",
      "previous_memory_max": "9999998976",
      "requested_memory_max_bytes": 9999998976
    },
    "cgroup_events": {
      "baseline": {
        "high": 0,
        "low": 0,
        "max": 0,
        "oom": 0,
        "oom_group_kill": 0,
        "oom_kill": 0,
        "sock_throttled": 0
      },
      "delta": {
        "high": 0,
        "low": 0,
        "max": 0,
        "oom": 0,
        "oom_group_kill": 0,
        "oom_kill": 0,
        "sock_throttled": 0
      },
      "final": {
        "high": 0,
        "low": 0,
        "max": 0,
        "oom": 0,
        "oom_group_kill": 0,
        "oom_kill": 0,
        "sock_throttled": 0
      }
    },
    "command": [
      "/usr/bin/taskset",
      "--cpu-list",
      "2",
      "/bin/sh",
      "-c",
      "printf '%s\\n' '{\"phase\":\"diagnostic\",\"event\":\"worker_start\",\"detail\":\"operational envelope only; no codec phase credit\"}' >> \"$GAMMA_RESOURCE_PHASE_MARKERS\" || exit 125; exec \"$@\"",
      "enwiki9-discovery-envelope",
      "/usr/bin/python3",
      "/home/x/deco/gamma/projects/enwiki9/tools/fx2_expert_release250k_v3.py"
    ],
    "command_sha256": "599ae8a65c65fcdf2e4d718cb7339b083b9873cfddcc238b08e9b091c006841e",
    "elapsed_s": 276.9585,
    "geekbench5_single_core_score": null,
    "guards": {
      "cgroup_memory_guard_exceeded": false,
      "logical_cpu_guard_exceeded": false,
      "measurement_incomplete": false,
      "official_decimal_memory_exceeded": false,
      "phase_marker_invalid": false,
      "rss_guard_exceeded": false,
      "temporary_disk_guard_exceeded": false,
      "wall_time_guard_exceeded": false
    },
    "label": "20260915T021108Z_260ec199d7",
    "latest_sample": {
      "allowed_cpu_union": [],
      "cgroup_current_bytes": 26247168,
      "elapsed_s": 276.9561,
      "max_single_rss_kib": 0,
      "persistent_status_misses": [],
      "processes": [],
      "scratch_allocated_bytes": 25104384,
      "scratch_file_count": 193,
      "scratch_logical_bytes": 24497013,
      "scratch_race_count": 0,
      "tree_live_threads": 0,
      "tree_rss_kib": 0,
      "tree_runnable_threads": 0
    },
    "limit_kib": 9765624,
    "limit_mode": "tree",
    "max_logical_cpus": 1,
    "measurements": {
      "affinity_complete": true,
      "cgroup_v2_complete": true,
      "per_process_vmhwm_sampled": true,
      "phase_markers_complete": true,
      "process_tree_rss_complete": true,
      "scratch_logical_and_allocated_complete": true,
      "smaps_rollup_complete": true
    },
    "objective": {
      "corpusBytes": 1000000000,
      "corpusSha256": "159b85351e5f76e60cbe32e04c677847a9ecba3adc79addab6f4c6c7aa3744bc",
      "objectiveDigest": "sha256:e91ff20e92c3cac8acb0cbe5c79fc8e8a3b427d7e151245c8eecc52b1c32fa00",
      "objectiveId": "gamma-enwiki9-hutter-90m-v3",
      "objectivePath": "contracts/research/v3/objective-contract.json",
      "targetScoreBytes": 90000000
    },
    "official_decimal_limit_kib": 9765624,
    "peak_process_vmhwm": {
      "comm": "cmix-P",
      "observed_elapsed_s": 137.6927,
      "pid": 2143504,
      "start_ticks": 253553486,
      "vmhwm_kib": 5650628
    },
    "peak_sample": {
      "allowed_cpu_union": [
        2
      ],
      "cgroup_current_bytes": 5871439872,
      "elapsed_s": 137.6927,
      "max_single_rss_kib": 5650628,
      "persistent_status_misses": [],
      "processes": [
        {
          "allowed_cpus": [
            2
          ],
          "comm": "python3",
          "live_threads": 1,
          "pid": 2123810,
          "rss_kib": 68292,
          "runnable_threads": 0,
          "start_ticks": 253543469,
          "vmhwm_kib": 72324
        },
        {
          "allowed_cpus": [
            2
          ],
          "comm": "timeout",
          "live_threads": 1,
          "pid": 2143503,
          "rss_kib": 7564,
          "runnable_threads": 0,
          "start_ticks": 253553486,
          "vmhwm_kib": 7564
        },
        {
          "allowed_cpus": [
            2
          ],
          "comm": "cmix-P",
          "live_threads": 1,
          "pid": 2143504,
          "rss_kib": 5650628,
          "runnable_threads": 1,
          "start_ticks": 253553486,
          "vmhwm_kib": 5650628
        }
      ],
      "scratch_allocated_bytes": 21311488,
      "scratch_file_count": 165,
      "scratch_logical_bytes": 14697631813,
      "scratch_race_count": 0,
      "tree_live_threads": 3,
      "tree_rss_kib": 5726484,
      "tree_runnable_threads": 1
    },
    "peak_tree_sample": {
      "allowed_cpu_union": [
        2
      ],
      "cgroup_current_bytes": 5878759424,
      "elapsed_s": 275.9437,
      "max_single_rss_kib": 5650492,
      "persistent_status_misses": [],
      "processes": [
        {
          "allowed_cpus": [
            2
          ],
          "comm": "python3",
          "live_threads": 1,
          "pid": 2123810,
          "rss_kib": 68492,
          "runnable_threads": 0,
          "start_ticks": 253543469,
          "vmhwm_kib": 72808
        },
        {
          "allowed_cpus": [
            2
          ],
          "comm": "timeout",
          "live_threads": 1,
          "pid": 2170639,
          "rss_kib": 7776,
          "runnable_threads": 0,
          "start_ticks": 253567375,
          "vmhwm_kib": 7776
        },
        {
          "allowed_cpus": [
            2
          ],
          "comm": "cmix-D",
          "live_threads": 1,
          "pid": 2170640,
          "rss_kib": 5650492,
          "runnable_threads": 1,
          "start_ticks": 253567376,
          "vmhwm_kib": 5650492
        }
      ],
      "scratch_allocated_bytes": 28344320,
      "scratch_file_count": 189,
      "scratch_logical_bytes": 14704618009,
      "scratch_race_count": 0,
      "tree_live_threads": 3,
      "tree_rss_kib": 5726760,
      "tree_runnable_threads": 1
    },
    "peaks": {
      "cgroup_memory_peak_bytes": 5883756544,
      "max_observed_process_vmhwm_kib": 5650628,
      "max_sampled_allowed_cpu_count": 1,
      "max_sampled_cgroup_current_bytes": 5878759424,
      "max_sampled_scratch_allocated_bytes": 28344320,
      "max_sampled_scratch_logical_bytes": 14704618009,
      "max_sampled_single_rss_kib": 5650628,
      "max_sampled_tree_live_threads": 5,
      "max_sampled_tree_rss_kib": 5726760,
      "max_sampled_tree_runnable_threads": 2
    },
    "phase": "diagnostic",
    "phase_marker_path": "/home/x/deco/gamma/projects/enwiki9/run_logs/adaptive/20260915T021108Z_260ec199d7.resources/phases.jsonl",
    "phase_markers": [
      {
        "detail": "operational envelope only; no codec phase credit",
        "event": "worker_start",
        "observed_elapsed_s": 0.0226,
        "phase": "diagnostic",
        "source_line": 1
      },
      {
        "detail": null,
        "event": "start",
        "observed_elapsed_s": 0.5238,
        "phase": "P-compile",
        "source_line": 2
      },
      {
        "detail": null,
        "event": "end",
        "observed_elapsed_s": 13.5925,
        "phase": "P-compile",
        "source_line": 3
      },
      {
        "detail": null,
        "event": "start",
        "observed_elapsed_s": 13.5925,
        "phase": "P-compile-repeat",
        "source_line": 4
      },
      {
        "detail": null,
        "event": "end",
        "observed_elapsed_s": 26.6605,
        "phase": "P-compile-repeat",
        "source_line": 5
      },
      {
        "detail": null,
        "event": "start",
        "observed_elapsed_s": 26.6605,
        "phase": "preprocess",
        "source_line": 6
      },
      {
        "detail": null,
        "event": "end",
        "observed_elapsed_s": 26.6605,
        "phase": "preprocess",
        "source_line": 7
      },
      {
        "detail": null,
        "event": "start",
        "observed_elapsed_s": 26.6605,
        "phase": "P-encode",
        "source_line": 8
      },
      {
        "detail": null,
        "event": "end",
        "observed_elapsed_s": 64.3285,
        "phase": "P-encode",
        "source_line": 9
      },
      {
        "detail": null,
        "event": "start",
        "observed_elapsed_s": 64.3285,
        "phase": "P-decode",
        "source_line": 10
      },
      {
        "detail": null,
        "event": "end",
        "observed_elapsed_s": 100.5038,
        "phase": "P-decode",
        "source_line": 11
      },
      {
        "detail": null,
        "event": "start",
        "observed_elapsed_s": 100.5038,
        "phase": "P-repeat",
        "source_line": 12
      },
      {
        "detail": null,
        "event": "end",
        "observed_elapsed_s": 138.6971,
        "phase": "P-repeat",
        "source_line": 13
      },
      {
        "detail": null,
        "event": "start",
        "observed_elapsed_s": 138.6971,
        "phase": "D-compile",
        "source_line": 14
      },
      {
        "detail": null,
        "event": "end",
        "observed_elapsed_s": 152.7855,
        "phase": "D-compile",
        "source_line": 15
      },
      {
        "detail": null,
        "event": "start",
        "observed_elapsed_s": 152.7855,
        "phase": "D-compile-repeat",
        "source_line": 16
      },
      {
        "detail": null,
        "event": "end",
        "observed_elapsed_s": 166.3636,
        "phase": "D-compile-repeat",
        "source_line": 17
      },
      {
        "detail": null,
        "event": "start",
        "observed_elapsed_s": 166.3636,
        "phase": "D-encode",
        "source_line": 18
      },
      {
        "detail": null,
        "event": "end",
        "observed_elapsed_s": 202.556,
        "phase": "D-encode",
        "source_line": 19
      },
      {
        "detail": null,
        "event": "start",
        "observed_elapsed_s": 202.556,
        "phase": "D-decode",
        "source_line": 20
      },
      {
        "detail": null,
        "event": "end",
        "observed_elapsed_s": 239.242,
        "phase": "D-decode",
        "source_line": 21
      },
      {
        "detail": null,
        "event": "start",
        "observed_elapsed_s": 239.242,
        "phase": "D-repeat",
        "source_line": 22
      },
      {
        "detail": null,
        "event": "end",
        "observed_elapsed_s": 276.9561,
        "phase": "D-repeat",
        "source_line": 23
      }
    ],
    "returncode": 0,
    "sample_count": 551,
    "sample_interval_seconds": 0.5,
    "schema": "gamma.enwiki9.resource-guard-receipt.v3",
    "scratch_paths": [
      "/home/x/deco/gamma/projects/enwiki9/results/fx2_expert_release250k_v3",
      "/home/x/deco/gamma/projects/enwiki9/run_logs/adaptive/20260915T021108Z_260ec199d7.log",
      "/home/x/deco/gamma/projects/enwiki9/run_logs/adaptive/20260915T021108Z_260ec199d7.resources",
      "/var/tmp/gamma-enwiki9-20260915T021108Z_260ec199d7-moopaxqo/fx2_expert_release250k_v3"
    ],
    "smaps_rollup_checkpoints": [
      {
        "elapsed_s": 0.0226,
        "processes": [
          {
            "pid": 2123810,
            "rollup_kib": {
              "AnonHugePages": 0,
              "Anonymous": 3864,
              "FilePmdMapped": 0,
              "KSM": 0,
              "LazyFree": 0,
              "Locked": 0,
              "Private_Clean": 24,
              "Private_Dirty": 3864,
              "Private_Hugetlb": 0,
              "Pss": 5352,
              "Pss_Anon": 3864,
              "Pss_Dirty": 3864,
              "Pss_File": 1488,
              "Pss_Shmem": 0,
              "Referenced": 10516,
              "Rss": 10516,
              "Shared_Clean": 6628,
              "Shared_Dirty": 0,
              "Shared_Hugetlb": 0,
              "ShmemPmdMapped": 0,
              "Swap": 0,
              "SwapPss": 0
            },
            "start_ticks": 253543469
          }
        ],
        "reason": "initial+phase_marker+rss_growth",
        "tree_rss_kib": 9876
      },
      {
        "elapsed_s": 0.5238,
        "processes": [
          {
            "pid": 2123810,
            "rollup_kib": {
              "AnonHugePages": 0,
              "Anonymous": 55276,
              "FilePmdMapped": 0,
              "KSM": 0,
              "LazyFree": 0,
              "Locked": 0,
              "Private_Clean": 192,
              "Private_Dirty": 55276,
              "Private_Hugetlb": 0,
              "Pss": 57805,
              "Pss_Anon": 55276,
              "Pss_Dirty": 55276,
              "Pss_File": 2529,
              "Pss_Shmem": 0,
              "Referenced": 67720,
              "Rss": 67720,
              "Shared_Clean": 12252,
              "Shared_Dirty": 0,
              "Shared_Hugetlb": 0,
              "ShmemPmdMapped": 0,
              "Swap": 0,
              "SwapPss": 0
            },
            "start_ticks": 253543469
          },
          {
            "pid": 2123901,
            "rollup_kib": {
              "AnonHugePages": 0,
              "Anonymous": 1248,
              "FilePmdMapped": 0,
              "KSM": 0,
              "LazyFree": 0,
              "Locked": 0,
              "Private_Clean": 220,
              "Private_Dirty": 1248,
              "Private_Hugetlb": 0,
              "Pss": 3295,
              "Pss_Anon": 1248,
              "Pss_Dirty": 1248,
              "Pss_File": 2047,
              "Pss_Shmem": 0,
              "Referenced": 7604,
              "Rss": 7604,
              "Shared_Clean": 6136,
              "Shared_Dirty": 0,
              "Shared_Hugetlb": 0,
              "ShmemPmdMapped": 0,
              "Swap": 0,
              "SwapPss": 0
            },
            "start_ticks": 253543518
          },
          {
            "pid": 2123902,
            "rollup_kib": {
              "AnonHugePages": 0,
              "Anonymous": 388,
              "FilePmdMapped": 0,
              "KSM": 0,
              "LazyFree": 0,
              "Locked": 0,
              "Private_Clean": 276,
              "Private_Dirty": 388,
              "Private_Hugetlb": 0,
              "Pss": 736,
              "Pss_Anon": 388,
              "Pss_Dirty": 388,
              "Pss_File": 348,
              "Pss_Shmem": 0,
              "Referenced": 2624,
              "Rss": 2624,
              "Shared_Clean": 1960,
              "Shared_Dirty": 0,
              "Shared_Hugetlb": 0,
              "ShmemPmdMapped": 0,
              "Swap": 0,
              "SwapPss": 0
            },
            "start_ticks": 253543518
          },
          {
            "pid": 2123906,
            "rollup_kib": {
              "AnonHugePages": 0,
              "Anonymous": 280,
              "FilePmdMapped": 0,
              "KSM": 0,
              "LazyFree": 0,
              "Locked": 0,
              "Private_Clean": 1004,
              "Private_Dirty": 280,
              "Private_Hugetlb": 0,
              "Pss": 1352,
              "Pss_Anon": 280,
              "Pss_Dirty": 280,
              "Pss_File": 1072,
              "Pss_Shmem": 0,
              "Referenced": 3124,
              "Rss": 3124,
              "Shared_Clean": 1840,
              "Shared_Dirty": 0,
              "Shared_Hugetlb": 0,
              "ShmemPmdMapped": 0,
              "Swap": 0,
              "SwapPss": 0
            },
            "start_ticks": 253543518
          },
          {
            "pid": 2123907,
            "rollup_kib": {
              "AnonHugePages": 0,
              "Anonymous": 24268,
              "FilePmdMapped": 0,
              "KSM": 0,
              "LazyFree": 0,
              "Locked": 0,
              "Private_Clean": 6396,
              "Private_Dirty": 24268,
              "Private_Hugetlb": 0,
              "Pss": 30780,
              "Pss_Anon": 24268,
              "Pss_Dirty": 24268,
              "Pss_File": 6512,
              "Pss_Shmem": 0,
              "Referenced": 33204,
              "Rss": 33204,
              "Shared_Clean": 2540,
              "Shared_Dirty": 0,
              "Shared_Hugetlb": 0,
              "ShmemPmdMapped": 0,
              "Swap": 0,
              "SwapPss": 0
            },
            "start_ticks": 253543519
          }
        ],
        "reason": "phase_marker",
        "tree_rss_kib": 113120
      },
      {
        "elapsed_s": 4.5482,
        "processes": [
          {
            "pid": 2123810,
            "rollup_kib": {
              "AnonHugePages": 0,
              "Anonymous": 55276,
              "FilePmdMapped": 0,
              "KSM": 0,
              "LazyFree": 0,
              "Locked": 0,
              "Private_Clean": 192,
              "Private_Dirty": 55276,
              "Private_Hugetlb": 0,
              "Pss": 57806,
              "Pss_Anon": 55276,
              "Pss_Dirty": 55276,
              "Pss_File": 2530,
              "Pss_Shmem": 0,
              "Referenced": 67720,
              "Rss": 67720,
              "Shared_Clean": 12252,
              "Shared_Dirty": 0,
              "Shared_Hugetlb": 0,
              "ShmemPmdMapped": 0,
              "Swap": 0,
              "SwapPss": 0
            },
            "start_ticks": 253543469
          },
          {
            "pid": 2123901,
            "rollup_kib": {
              "AnonHugePages": 0,
              "Anonymous": 1248,
              "FilePmdMapped": 0,
              "KSM": 0,
              "LazyFree": 0,
              "Locked": 0,
              "Private_Clean": 220,
              "Private_Dirty": 1248,
              "Private_Hugetlb": 0,
              "Pss": 3295,
              "Pss_Anon": 1248,
              "Pss_Dirty": 1248,
              "Pss_File": 2047,
              "Pss_Shmem": 0,
              "Referenced": 7604,
              "Rss": 7604,
              "Shared_Clean": 6136,
              "Shared_Dirty": 0,
              "Shared_Hugetlb": 0,
              "ShmemPmdMapped": 0,
              "Swap": 0,
              "SwapPss": 0
            },
            "start_ticks": 253543518
          },
          {
            "pid": 2123902,
            "rollup_kib": {
              "AnonHugePages": 0,
              "Anonymous": 388,
              "FilePmdMapped": 0,
              "KSM": 0,
              "LazyFree": 0,
              "Locked": 0,
              "Private_Clean": 276,
              "Private_Dirty": 388,
              "Private_Hugetlb": 0,
              "Pss": 736,
              "Pss_Anon": 388,
              "Pss_Dirty": 388,
              "Pss_File": 348,
              "Pss_Shmem": 0,
              "Referenced": 2624,
              "Rss": 2624,
              "Shared_Clean": 1960,
              "Shared_Dirty": 0,
              "Shared_Hugetlb": 0,
              "ShmemPmdMapped": 0,
              "Swap": 0,
              "SwapPss": 0
            },
            "start_ticks": 253543518
          },
          {
            "pid": 2123906,
            "rollup_kib": {
              "AnonHugePages": 0,
              "Anonymous": 320,
              "FilePmdMapped": 0,
              "KSM": 0,
              "LazyFree": 0,
              "Locked": 0,
              "Private_Clean": 1004,
              "Private_Dirty": 320,
              "Private_Hugetlb": 0,
              "Pss": 1392,
              "Pss_Anon": 320,
              "Pss_Dirty": 320,
              "Pss_File": 1072,
              "Pss_Shmem": 0,
              "Referenced": 3164,
              "Rss": 3164,
              "Shared_Clean": 1840,
              "Shared_Dirty": 0,
              "Shared_Hugetlb": 0,
              "ShmemPmdMapped": 0,
              "Swap": 0,
              "SwapPss": 0
            },
            "start_ticks": 253543518
          },
          {
            "pid": 2124389,
            "rollup_kib": {
              "AnonHugePages": 0,
              "Anonymous": 287884,
              "FilePmdMapped": 0,
              "KSM": 0,
              "LazyFree": 0,
              "Locked": 0,
              "Private_Clean": 29604,
              "Private_Dirty": 287884,
              "Private_Hugetlb": 0,
              "Pss": 317737,
              "Pss_Anon": 287884,
              "Pss_Dirty": 287884,
              "Pss_File": 29853,
              "Pss_Shmem": 0,
              "Referenced": 320400,
              "Rss": 320400,
              "Shared_Clean": 2912,
              "Shared_Dirty": 0,
              "Shared_Hugetlb": 0,
              "ShmemPmdMapped": 0,
              "Swap": 0,
              "SwapPss": 0
            },
            "start_ticks": 253543765
          }
        ],
        "reason": "rss_growth",
        "tree_rss_kib": 401220
      },
      {
        "elapsed_s": 13.5925,
        "processes": [
          {
            "pid": 2123810,
            "rollup_kib": {
              "AnonHugePages": 0,
              "Anonymous": 55276,
              "FilePmdMapped": 0,
              "KSM": 0,
              "LazyFree": 0,
              "Locked": 0,
              "Private_Clean": 192,
              "Private_Dirty": 55276,
              "Private_Hugetlb": 0,
              "Pss": 57847,
              "Pss_Anon": 55276,
              "Pss_Dirty": 55276,
              "Pss_File": 2571,
              "Pss_Shmem": 0,
              "Referenced": 67848,
              "Rss": 67848,
              "Shared_Clean": 12380,
              "Shared_Dirty": 0,
              "Shared_Hugetlb": 0,
              "ShmemPmdMapped": 0,
              "Swap": 0,
              "SwapPss": 0
            },
            "start_ticks": 253543469
          },
          {
            "pid": 2126365,
            "rollup_kib": {
              "AnonHugePages": 0,
              "Anonymous": 1248,
              "FilePmdMapped": 0,
              "KSM": 0,
              "LazyFree": 0,
              "Locked": 0,
              "Private_Clean": 432,
              "Private_Dirty": 1248,
              "Private_Hugetlb": 0,
              "Pss": 3437,
              "Pss_Anon": 1248,
              "Pss_Dirty": 1248,
              "Pss_File": 2189,
              "Pss_Shmem": 0,
              "Referenced": 7692,
              "Rss": 7692,
              "Shared_Clean": 6012,
              "Shared_Dirty": 0,
              "Shared_Hugetlb": 0,
              "ShmemPmdMapped": 0,
              "Swap": 0,
              "SwapPss": 0
            },
            "start_ticks": 253544810
          },
          {
            "pid": 2126367,
            "rollup_kib": {
              "AnonHugePages": 0,
              "Anonymous": 388,
              "FilePmdMapped": 0,
              "KSM": 0,
              "LazyFree": 0,
              "Locked": 0,
              "Private_Clean": 276,
              "Private_Dirty": 388,
              "Private_Hugetlb": 0,
              "Pss": 736,
              "Pss_Anon": 388,
              "Pss_Dirty": 388,
              "Pss_File": 348,
              "Pss_Shmem": 0,
              "Referenced": 2624,
              "Rss": 2624,
              "Shared_Clean": 1960,
              "Shared_Dirty": 0,
              "Shared_Hugetlb": 0,
              "ShmemPmdMapped": 0,
              "Swap": 0,
              "SwapPss": 0
            },
            "start_ticks": 253544810
          },
          {
            "pid": 2126370,
            "rollup_kib": {
              "AnonHugePages": 0,
              "Anonymous": 276,
              "FilePmdMapped": 0,
              "KSM": 0,
              "LazyFree": 0,
              "Locked": 0,
              "Private_Clean": 1004,
              "Private_Dirty": 276,
              "Private_Hugetlb": 0,
              "Pss": 1348,
              "Pss_Anon": 276,
              "Pss_Dirty": 276,
              "Pss_File": 1072,
              "Pss_Shmem": 0,
              "Referenced": 3120,
              "Rss": 3120,
              "Shared_Clean": 1840,
              "Shared_Dirty": 0,
              "Shared_Hugetlb": 0,
              "ShmemPmdMapped": 0,
              "Swap": 0,
              "SwapPss": 0
            },
            "start_ticks": 253544811
          },
          {
            "pid": 2126371,
            "rollup_kib": {
              "AnonHugePages": 0,
              "Anonymous": 100284,
              "FilePmdMapped": 0,
              "KSM": 0,
              "LazyFree": 0,
              "Locked": 0,
              "Private_Clean": 15172,
              "Private_Dirty": 100284,
              "Private_Hugetlb": 0,
              "Pss": 115665,
              "Pss_Anon": 100284,
              "Pss_Dirty": 100284,
              "Pss_File": 15381,
              "Pss_Shmem": 0,
              "Referenced": 118260,
              "Rss": 118260,
              "Shared_Clean": 2804,
              "Shared_Dirty": 0,
              "Shared_Hugetlb": 0,
              "ShmemPmdMapped": 0,
              "Swap": 0,
              "SwapPss": 0
            },
            "start_ticks": 253544811
          }
        ],
        "reason": "phase_marker",
        "tree_rss_kib": 198420
      },
      {
        "elapsed_s": 26.6605,
        "processes": [
          {
            "pid": 2123810,
            "rollup_kib": {
              "AnonHugePages": 0,
              "Anonymous": 55532,
              "FilePmdMapped": 0,
              "KSM": 0,
              "LazyFree": 0,
              "Locked": 0,
              "Private_Clean": 192,
              "Private_Dirty": 55532,
              "Private_Hugetlb": 0,
              "Pss": 58090,
              "Pss_Anon": 55532,
              "Pss_Dirty": 55532,
              "Pss_File": 2558,
              "Pss_Shmem": 0,
              "Referenced": 68100,
              "Rss": 68100,
              "Shared_Clean": 12376,
              "Shared_Dirty": 0,
              "Shared_Hugetlb": 0,
              "ShmemPmdMapped": 0,
              "Swap": 0,
              "SwapPss": 0
            },
            "start_ticks": 253543469
          },
          {
            "pid": 2128839,
            "rollup_kib": {
              "AnonHugePages": 0,
              "Anonymous": 1248,
              "FilePmdMapped": 0,
              "KSM": 0,
              "LazyFree": 0,
              "Locked": 0,
              "Private_Clean": 512,
              "Private_Dirty": 1248,
              "Private_Hugetlb": 0,
              "Pss": 3559,
              "Pss_Anon": 1248,
              "Pss_Dirty": 1248,
              "Pss_File": 2311,
              "Pss_Shmem": 0,
              "Referenced": 7848,
              "Rss": 7848,
              "Shared_Clean": 6088,
              "Shared_Dirty": 0,
              "Shared_Hugetlb": 0,
              "ShmemPmdMapped": 0,
              "Swap": 0,
              "SwapPss": 0
            },
            "start_ticks": 253546115
          },
          {
            "pid": 2128840,
            "rollup_kib": {
              "AnonHugePages": 0,
              "Anonymous": 1154436,
              "FilePmdMapped": 0,
              "KSM": 0,
              "LazyFree": 0,
              "Locked": 0,
              "Private_Clean": 44,
              "Private_Dirty": 1154752,
              "Private_Hugetlb": 0,
              "Pss": 1155205,
              "Pss_Anon": 1154436,
              "Pss_Dirty": 1154752,
              "Pss_File": 769,
              "Pss_Shmem": 0,
              "Referenced": 1158792,
              "Rss": 1158792,
              "Shared_Clean": 3996,
              "Shared_Dirty": 0,
              "Shared_Hugetlb": 0,
              "ShmemPmdMapped": 0,
              "Swap": 0,
              "SwapPss": 0
            },
            "start_ticks": 253546115
          }
        ],
        "reason": "phase_marker+rss_growth",
        "tree_rss_kib": 1234740
      },
      {
        "elapsed_s": 27.1749,
        "processes": [
          {
            "pid": 2123810,
            "rollup_kib": {
              "AnonHugePages": 0,
              "Anonymous": 55532,
              "FilePmdMapped": 0,
              "KSM": 0,
              "LazyFree": 0,
              "Locked": 0,
              "Private_Clean": 192,
              "Private_Dirty": 55532,
              "Private_Hugetlb": 0,
              "Pss": 58089,
              "Pss_Anon": 55532,
              "Pss_Dirty": 55532,
              "Pss_File": 2557,
              "Pss_Shmem": 0,
              "Referenced": 68100,
              "Rss": 68100,
              "Shared_Clean": 12376,
              "Shared_Dirty": 0,
              "Shared_Hugetlb": 0,
              "ShmemPmdMapped": 0,
              "Swap": 0,
              "SwapPss": 0
            },
            "start_ticks": 253543469
          },
          {
            "pid": 2128839,
            "rollup_kib": {
              "AnonHugePages": 0,
              "Anonymous": 1248,
              "FilePmdMapped": 0,
              "KSM": 0,
              "LazyFree": 0,
              "Locked": 0,
              "Private_Clean": 384,
              "Private_Dirty": 1248,
              "Private_Hugetlb": 0,
              "Pss": 3494,
              "Pss_Anon": 1248,
              "Pss_Dirty": 1248,
              "Pss_File": 2246,
              "Pss_Shmem": 0,
              "Referenced": 7848,
              "Rss": 7848,
              "Shared_Clean": 6216,
              "Shared_Dirty": 0,
              "Shared_Hugetlb": 0,
              "ShmemPmdMapped": 0,
              "Swap": 0,
              "SwapPss": 0
            },
            "start_ticks": 253546115
          },
          {
            "pid": 2128840,
            "rollup_kib": {
              "AnonHugePages": 18432,
              "Anonymous": 2221636,
              "FilePmdMapped": 0,
              "KSM": 0,
              "LazyFree": 0,
              "Locked": 0,
              "Private_Clean": 96,
              "Private_Dirty": 2222056,
              "Private_Hugetlb": 0,
              "Pss": 2222566,
              "Pss_Anon": 2221636,
              "Pss_Dirty": 2222056,
              "Pss_File": 930,
              "Pss_Shmem": 0,
              "Referenced": 2226284,
              "Rss": 2226284,
              "Shared_Clean": 4132,
              "Shared_Dirty": 0,
              "Shared_Hugetlb": 0,
              "ShmemPmdMapped": 0,
              "Swap": 0,
              "SwapPss": 0
            },
            "start_ticks": 253546115
          }
        ],
        "reason": "rss_growth",
        "tree_rss_kib": 2284468
      },
      {
        "elapsed_s": 27.7065,
        "processes": [
          {
            "pid": 2123810,
            "rollup_kib": {
              "AnonHugePages": 0,
              "Anonymous": 55532,
              "FilePmdMapped": 0,
              "KSM": 0,
              "LazyFree": 0,
              "Locked": 0,
              "Private_Clean": 192,
              "Private_Dirty": 55532,
              "Private_Hugetlb": 0,
              "Pss": 58089,
              "Pss_Anon": 55532,
              "Pss_Dirty": 55532,
              "Pss_File": 2557,
              "Pss_Shmem": 0,
              "Referenced": 68100,
              "Rss": 68100,
              "Shared_Clean": 12376,
              "Shared_Dirty": 0,
              "Shared_Hugetlb": 0,
              "ShmemPmdMapped": 0,
              "Swap": 0,
              "SwapPss": 0
            },
            "start_ticks": 253543469
          },
          {
            "pid": 2128839,
            "rollup_kib": {
              "AnonHugePages": 0,
              "Anonymous": 1248,
              "FilePmdMapped": 0,
              "KSM": 0,
              "LazyFree": 0,
              "Locked": 0,
              "Private_Clean": 512,
              "Private_Dirty": 1248,
              "Private_Hugetlb": 0,
              "Pss": 3559,
              "Pss_Anon": 1248,
              "Pss_Dirty": 1248,
              "Pss_File": 2311,
              "Pss_Shmem": 0,
              "Referenced": 7848,
              "Rss": 7848,
              "Shared_Clean": 6088,
              "Shared_Dirty": 0,
              "Shared_Hugetlb": 0,
              "ShmemPmdMapped": 0,
              "Swap": 0,
              "SwapPss": 0
            },
            "start_ticks": 253546115
          },
          {
            "pid": 2128840,
            "rollup_kib": {
              "AnonHugePages": 18432,
              "Anonymous": 2987840,
              "FilePmdMapped": 0,
              "KSM": 0,
              "LazyFree": 0,
              "Locked": 0,
              "Private_Clean": 96,
              "Private_Dirty": 2988260,
              "Private_Hugetlb": 0,
              "Pss": 2988771,
              "Pss_Anon": 2987840,
              "Pss_Dirty": 2988260,
              "Pss_File": 931,
              "Pss_Shmem": 0,
              "Referenced": 2992488,
              "Rss": 2992488,
              "Shared_Clean": 4132,
              "Shared_Dirty": 0,
              "Shared_Hugetlb": 0,
              "ShmemPmdMapped": 0,
              "Swap": 0,
              "SwapPss": 0
            },
            "start_ticks": 253546115
          }
        ],
        "reason": "rss_growth",
        "tree_rss_kib": 3050060
      },
      {
        "elapsed_s": 28.2503,
        "processes": [
          {
            "pid": 2123810,
            "rollup_kib": {
              "AnonHugePages": 0,
              "Anonymous": 55532,
              "FilePmdMapped": 0,
              "KSM": 0,
              "LazyFree": 0,
              "Locked": 0,
              "Private_Clean": 192,
              "Private_Dirty": 55532,
              "Private_Hugetlb": 0,
              "Pss": 58089,
              "Pss_Anon": 55532,
              "Pss_Dirty": 55532,
              "Pss_File": 2557,
              "Pss_Shmem": 0,
              "Referenced": 68100,
              "Rss": 68100,
              "Shared_Clean": 12376,
              "Shared_Dirty": 0,
              "Shared_Hugetlb": 0,
              "ShmemPmdMapped": 0,
              "Swap": 0,
              "SwapPss": 0
            },
            "start_ticks": 253543469
          },
          {
            "pid": 2128839,
            "rollup_kib": {
              "AnonHugePages": 0,
              "Anonymous": 1248,
              "FilePmdMapped": 0,
              "KSM": 0,
              "LazyFree": 0,
              "Locked": 0,
              "Private_Clean": 384,
              "Private_Dirty": 1248,
              "Private_Hugetlb": 0,
              "Pss": 3495,
              "Pss_Anon": 1248,
              "Pss_Dirty": 1248,
              "Pss_File": 2247,
              "Pss_Shmem": 0,
              "Referenced": 7848,
              "Rss": 7848,
              "Shared_Clean": 6216,
              "Shared_Dirty": 0,
              "Shared_Hugetlb": 0,
              "ShmemPmdMapped": 0,
              "Swap": 0,
              "SwapPss": 0
            },
            "start_ticks": 253546115
          },
          {
            "pid": 2128840,
            "rollup_kib": {
              "AnonHugePages": 18432,
              "Anonymous": 3504272,
              "FilePmdMapped": 0,
              "KSM": 0,
              "LazyFree": 0,
              "Locked": 0,
              "Private_Clean": 96,
              "Private_Dirty": 3504692,
              "Private_Hugetlb": 0,
              "Pss": 3505202,
              "Pss_Anon": 3504272,
              "Pss_Dirty": 3504692,
              "Pss_File": 930,
              "Pss_Shmem": 0,
              "Referenced": 3508920,
              "Rss": 3508920,
              "Shared_Clean": 4132,
              "Shared_Dirty": 0,
              "Shared_Hugetlb": 0,
              "ShmemPmdMapped": 0,
              "Swap": 0,
              "SwapPss": 0
            },
            "start_ticks": 253546115
          }
        ],
        "reason": "rss_growth",
        "tree_rss_kib": 3569420
      },
      {
        "elapsed_s": 28.8009,
        "processes": [
          {
            "pid": 2123810,
            "rollup_kib": {
              "AnonHugePages": 0,
              "Anonymous": 55532,
              "FilePmdMapped": 0,
              "KSM": 0,
              "LazyFree": 0,
              "Locked": 0,
              "Private_Clean": 192,
              "Private_Dirty": 55532,
              "Private_Hugetlb": 0,
              "Pss": 58089,
              "Pss_Anon": 55532,
              "Pss_Dirty": 55532,
              "Pss_File": 2557,
              "Pss_Shmem": 0,
              "Referenced": 68100,
              "Rss": 68100,
              "Shared_Clean": 12376,
              "Shared_Dirty": 0,
              "Shared_Hugetlb": 0,
              "ShmemPmdMapped": 0,
              "Swap": 0,
              "SwapPss": 0
            },
            "start_ticks": 253543469
          },
          {
            "pid": 2128839,
            "rollup_kib": {
              "AnonHugePages": 0,
              "Anonymous": 1248,
              "FilePmdMapped": 0,
              "KSM": 0,
              "LazyFree": 0,
              "Locked": 0,
              "Private_Clean": 520,
              "Private_Dirty": 1248,
              "Private_Hugetlb": 0,
              "Pss": 3563,
              "Pss_Anon": 1248,
              "Pss_Dirty": 1248,
              "Pss_File": 2315,
              "Pss_Shmem": 0,
              "Referenced": 7848,
              "Rss": 7848,
              "Shared_Clean": 6080,
              "Shared_Dirty": 0,
              "Shared_Hugetlb": 0,
              "ShmemPmdMapped": 0,
              "Swap": 0,
              "SwapPss": 0
            },
            "start_ticks": 253546115
          },
          {
            "pid": 2128840,
            "rollup_kib": {
              "AnonHugePages": 18432,
              "Anonymous": 3859572,
              "FilePmdMapped": 0,
              "KSM": 0,
              "LazyFree": 0,
              "Locked": 0,
              "Private_Clean": 96,
              "Private_Dirty": 3859992,
              "Private_Hugetlb": 0,
              "Pss": 3860504,
              "Pss_Anon": 3859572,
              "Pss_Dirty": 3859992,
              "Pss_File": 932,
              "Pss_Shmem": 0,
              "Referenced": 3864220,
              "Rss": 3864220,
              "Shared_Clean": 4132,
              "Shared_Dirty": 0,
              "Shared_Hugetlb": 0,
              "ShmemPmdMapped": 0,
              "Swap": 0,
              "SwapPss": 0
            },
            "start_ticks": 253546115
          }
        ],
        "reason": "rss_growth",
        "tree_rss_kib": 3928832
      },
      {
        "elapsed_s": 29.8582,
        "processes": [
          {
            "pid": 2123810,
            "rollup_kib": {
              "AnonHugePages": 0,
              "Anonymous": 55532,
              "FilePmdMapped": 0,
              "KSM": 0,
              "LazyFree": 0,
              "Locked": 0,
              "Private_Clean": 192,
              "Private_Dirty": 55532,
              "Private_Hugetlb": 0,
              "Pss": 58089,
              "Pss_Anon": 55532,
              "Pss_Dirty": 55532,
              "Pss_File": 2557,
              "Pss_Shmem": 0,
              "Referenced": 68100,
              "Rss": 68100,
              "Shared_Clean": 12376,
              "Shared_Dirty": 0,
              "Shared_Hugetlb": 0,
              "ShmemPmdMapped": 0,
              "Swap": 0,
              "SwapPss": 0
            },
            "start_ticks": 253543469
          },
          {
            "pid": 2128839,
            "rollup_kib": {
              "AnonHugePages": 0,
              "Anonymous": 1248,
              "FilePmdMapped": 0,
              "KSM": 0,
              "LazyFree": 0,
              "Locked": 0,
              "Private_Clean": 292,
              "Private_Dirty": 1248,
              "Private_Hugetlb": 0,
              "Pss": 3449,
              "Pss_Anon": 1248,
              "Pss_Dirty": 1248,
              "Pss_File": 2201,
              "Pss_Shmem": 0,
              "Referenced": 7848,
              "Rss": 7848,
              "Shared_Clean": 6308,
              "Shared_Dirty": 0,
              "Shared_Hugetlb": 0,
              "ShmemPmdMapped": 0,
              "Swap": 0,
              "SwapPss": 0
            },
            "start_ticks": 253546115
          },
          {
            "pid": 2128840,
            "rollup_kib": {
              "AnonHugePages": 18432,
              "Anonymous": 4264336,
              "FilePmdMapped": 0,
              "KSM": 0,
              "LazyFree": 0,
              "Locked": 0,
              "Private_Clean": 96,
              "Private_Dirty": 4264756,
              "Private_Hugetlb": 0,
              "Pss": 4265266,
              "Pss_Anon": 4264336,
              "Pss_Dirty": 4264756,
              "Pss_File": 930,
              "Pss_Shmem": 0,
              "Referenced": 4268984,
              "Rss": 4268984,
              "Shared_Clean": 4132,
              "Shared_Dirty": 0,
              "Shared_Hugetlb": 0,
              "ShmemPmdMapped": 0,
              "Swap": 0,
              "SwapPss": 0
            },
            "start_ticks": 253546115
          }
        ],
        "reason": "rss_growth",
        "tree_rss_kib": 4338732
      },
      {
        "elapsed_s": 31.4224,
        "processes": [
          {
            "pid": 2123810,
            "rollup_kib": {
              "AnonHugePages": 0,
              "Anonymous": 55532,
              "FilePmdMapped": 0,
              "KSM": 0,
              "LazyFree": 0,
              "Locked": 0,
              "Private_Clean": 192,
              "Private_Dirty": 55532,
              "Private_Hugetlb": 0,
              "Pss": 58092,
              "Pss_Anon": 55532,
              "Pss_Dirty": 55532,
              "Pss_File": 2560,
              "Pss_Shmem": 0,
              "Referenced": 68100,
              "Rss": 68100,
              "Shared_Clean": 12376,
              "Shared_Dirty": 0,
              "Shared_Hugetlb": 0,
              "ShmemPmdMapped": 0,
              "Swap": 0,
              "SwapPss": 0
            },
            "start_ticks": 253543469
          },
          {
            "pid": 2128839,
            "rollup_kib": {
              "AnonHugePages": 0,
              "Anonymous": 1248,
              "FilePmdMapped": 0,
              "KSM": 0,
              "LazyFree": 0,
              "Locked": 0,
              "Private_Clean": 3844,
              "Private_Dirty": 1248,
              "Private_Hugetlb": 0,
              "Pss": 5230,
              "Pss_Anon": 1248,
              "Pss_Dirty": 1248,
              "Pss_File": 3982,
              "Pss_Shmem": 0,
              "Referenced": 7848,
              "Rss": 7848,
              "Shared_Clean": 2756,
              "Shared_Dirty": 0,
              "Shared_Hugetlb": 0,
              "ShmemPmdMapped": 0,
              "Swap": 0,
              "SwapPss": 0
            },
            "start_ticks": 253546115
          },
          {
            "pid": 2128840,
            "rollup_kib": {
              "AnonHugePages": 18432,
              "Anonymous": 4572920,
              "FilePmdMapped": 0,
              "KSM": 0,
              "LazyFree": 0,
              "Locked": 0,
              "Private_Clean": 96,
              "Private_Dirty": 4573340,
              "Private_Hugetlb": 0,
              "Pss": 4573851,
              "Pss_Anon": 4572920,
              "Pss_Dirty": 4573340,
              "Pss_File": 931,
              "Pss_Shmem": 0,
              "Referenced": 4577568,
              "Rss": 4577568,
              "Shared_Clean": 4132,
              "Shared_Dirty": 0,
              "Shared_Hugetlb": 0,
              "ShmemPmdMapped": 0,
              "Swap": 0,
              "SwapPss": 0
            },
            "start_ticks": 253546115
          }
        ],
        "reason": "rss_growth",
        "tree_rss_kib": 4649344
      },
      {
        "elapsed_s": 35.5,
        "processes": [
          {
            "pid": 2123810,
            "rollup_kib": {
              "AnonHugePages": 0,
              "Anonymous": 55532,
              "FilePmdMapped": 0,
              "KSM": 0,
              "LazyFree": 0,
              "Locked": 0,
              "Private_Clean": 192,
              "Private_Dirty": 55532,
              "Private_Hugetlb": 0,
              "Pss": 58028,
              "Pss_Anon": 55532,
              "Pss_Dirty": 55532,
              "Pss_File": 2496,
              "Pss_Shmem": 0,
              "Referenced": 68100,
              "Rss": 68100,
              "Shared_Clean": 12376,
              "Shared_Dirty": 0,
              "Shared_Hugetlb": 0,
              "ShmemPmdMapped": 0,
              "Swap": 0,
              "SwapPss": 0
            },
            "start_ticks": 253543469
          },
          {
            "pid": 2128839,
            "rollup_kib": {
              "AnonHugePages": 0,
              "Anonymous": 1248,
              "FilePmdMapped": 0,
              "KSM": 0,
              "LazyFree": 0,
              "Locked": 0,
              "Private_Clean": 556,
              "Private_Dirty": 1248,
              "Private_Hugetlb": 0,
              "Pss": 3567,
              "Pss_Anon": 1248,
              "Pss_Dirty": 1248,
              "Pss_File": 2319,
              "Pss_Shmem": 0,
              "Referenced": 7848,
              "Rss": 7848,
              "Shared_Clean": 6044,
              "Shared_Dirty": 0,
              "Shared_Hugetlb": 0,
              "ShmemPmdMapped": 0,
              "Swap": 0,
              "SwapPss": 0
            },
            "start_ticks": 253546115
          },
          {
            "pid": 2128840,
            "rollup_kib": {
              "AnonHugePages": 18432,
              "Anonymous": 4847784,
              "FilePmdMapped": 0,
              "KSM": 0,
              "LazyFree": 0,
              "Locked": 0,
              "Private_Clean": 0,
              "Private_Dirty": 4848204,
              "Private_Hugetlb": 0,
              "Pss": 4848571,
              "Pss_Anon": 4847784,
              "Pss_Dirty": 4848204,
              "Pss_File": 787,
              "Pss_Shmem": 0,
              "Referenced": 4852432,
              "Rss": 4852432,
              "Shared_Clean": 4228,
              "Shared_Dirty": 0,
              "Shared_Hugetlb": 0,
              "ShmemPmdMapped": 0,
              "Swap": 0,
              "SwapPss": 0
            },
            "start_ticks": 253546115
          }
        ],
        "reason": "rss_growth",
        "tree_rss_kib": 4927396
      },
      {
        "elapsed_s": 37.5709,
        "processes": [
          {
            "pid": 2123810,
            "rollup_kib": {
              "AnonHugePages": 0,
              "Anonymous": 55532,
              "FilePmdMapped": 0,
              "KSM": 0,
              "LazyFree": 0,
              "Locked": 0,
              "Private_Clean": 192,
              "Private_Dirty": 55532,
              "Private_Hugetlb": 0,
              "Pss": 58028,
              "Pss_Anon": 55532,
              "Pss_Dirty": 55532,
              "Pss_File": 2496,
              "Pss_Shmem": 0,
              "Referenced": 68100,
              "Rss": 68100,
              "Shared_Clean": 12376,
              "Shared_Dirty": 0,
              "Shared_Hugetlb": 0,
              "ShmemPmdMapped": 0,
              "Swap": 0,
              "SwapPss": 0
            },
            "start_ticks": 253543469
          },
          {
            "pid": 2128839,
            "rollup_kib": {
              "AnonHugePages": 0,
              "Anonymous": 1248,
              "FilePmdMapped": 0,
              "KSM": 0,
              "LazyFree": 0,
              "Locked": 0,
              "Private_Clean": 104,
              "Private_Dirty": 1248,
              "Private_Hugetlb": 0,
              "Pss": 3341,
              "Pss_Anon": 1248,
              "Pss_Dirty": 1248,
              "Pss_File": 2093,
              "Pss_Shmem": 0,
              "Referenced": 7848,
              "Rss": 7848,
              "Shared_Clean": 6496,
              "Shared_Dirty": 0,
              "Shared_Hugetlb": 0,
              "ShmemPmdMapped": 0,
              "Swap": 0,
              "SwapPss": 0
            },
            "start_ticks": 253546115
          },
          {
            "pid": 2128840,
            "rollup_kib": {
              "AnonHugePages": 18432,
              "Anonymous": 5114636,
              "FilePmdMapped": 0,
              "KSM": 0,
              "LazyFree": 0,
              "Locked": 0,
              "Private_Clean": 0,
              "Private_Dirty": 5115260,
              "Private_Hugetlb": 0,
              "Pss": 5115623,
              "Pss_Anon": 5114636,
              "Pss_Dirty": 5115260,
              "Pss_File": 987,
              "Pss_Shmem": 0,
              "Referenced": 5119488,
              "Rss": 5119488,
              "Shared_Clean": 4228,
              "Shared_Dirty": 0,
              "Shared_Hugetlb": 0,
              "ShmemPmdMapped": 0,
              "Swap": 0,
              "SwapPss": 0
            },
            "start_ticks": 253546115
          }
        ],
        "reason": "rss_growth",
        "tree_rss_kib": 5194968
      },
      {
        "elapsed_s": 42.6595,
        "processes": [
          {
            "pid": 2123810,
            "rollup_kib": {
              "AnonHugePages": 0,
              "Anonymous": 55532,
              "FilePmdMapped": 0,
              "KSM": 0,
              "LazyFree": 0,
              "Locked": 0,
              "Private_Clean": 192,
              "Private_Dirty": 55532,
              "Private_Hugetlb": 0,
              "Pss": 58005,
              "Pss_Anon": 55532,
              "Pss_Dirty": 55532,
              "Pss_File": 2473,
              "Pss_Shmem": 0,
              "Referenced": 68100,
              "Rss": 68100,
              "Shared_Clean": 12376,
              "Shared_Dirty": 0,
              "Shared_Hugetlb": 0,
              "ShmemPmdMapped": 0,
              "Swap": 0,
              "SwapPss": 0
            },
            "start_ticks": 253543469
          },
          {
            "pid": 2128839,
            "rollup_kib": {
              "AnonHugePages": 0,
              "Anonymous": 1248,
              "FilePmdMapped": 0,
              "KSM": 0,
              "LazyFree": 0,
              "Locked": 0,
              "Private_Clean": 416,
              "Private_Dirty": 1248,
              "Private_Hugetlb": 0,
              "Pss": 3492,
              "Pss_Anon": 1248,
              "Pss_Dirty": 1248,
              "Pss_File": 2244,
              "Pss_Shmem": 0,
              "Referenced": 7848,
              "Rss": 7848,
              "Shared_Clean": 6184,
              "Shared_Dirty": 0,
              "Shared_Hugetlb": 0,
              "ShmemPmdMapped": 0,
              "Swap": 0,
              "SwapPss": 0
            },
            "start_ticks": 253546115
          },
          {
            "pid": 2128840,
            "rollup_kib": {
              "AnonHugePages": 18432,
              "Anonymous": 5385176,
              "FilePmdMapped": 0,
              "KSM": 0,
              "LazyFree": 0,
              "Locked": 0,
              "Private_Clean": 32,
              "Private_Dirty": 5386304,
              "Private_Hugetlb": 0,
              "Pss": 5386663,
              "Pss_Anon": 5385176,
              "Pss_Dirty": 5386304,
              "Pss_File": 1487,
              "Pss_Shmem": 0,
              "Referenced": 5390564,
              "Rss": 5390564,
              "Shared_Clean": 4228,
              "Shared_Dirty": 0,
              "Shared_Hugetlb": 0,
              "ShmemPmdMapped": 0,
              "Swap": 0,
              "SwapPss": 0
            },
            "start_ticks": 253546115
          }
        ],
        "reason": "rss_growth",
        "tree_rss_kib": 5466368
      },
      {
        "elapsed_s": 64.3285,
        "processes": [
          {
            "pid": 2123810,
            "rollup_kib": {
              "AnonHugePages": 0,
              "Anonymous": 55532,
              "FilePmdMapped": 0,
              "KSM": 0,
              "LazyFree": 0,
              "Locked": 0,
              "Private_Clean": 192,
              "Private_Dirty": 55532,
              "Private_Hugetlb": 0,
              "Pss": 58093,
              "Pss_Anon": 55532,
              "Pss_Dirty": 55532,
              "Pss_File": 2561,
              "Pss_Shmem": 0,
              "Referenced": 68100,
              "Rss": 68100,
              "Shared_Clean": 12376,
              "Shared_Dirty": 0,
              "Shared_Hugetlb": 0,
              "ShmemPmdMapped": 0,
              "Swap": 0,
              "SwapPss": 0
            },
            "start_ticks": 253543469
          },
          {
            "pid": 2136058,
            "rollup_kib": {
              "AnonHugePages": 0,
              "Anonymous": 1244,
              "FilePmdMapped": 0,
              "KSM": 0,
              "LazyFree": 0,
              "Locked": 0,
              "Private_Clean": 3684,
              "Private_Dirty": 1244,
              "Private_Hugetlb": 0,
              "Pss": 5067,
              "Pss_Anon": 1244,
              "Pss_Dirty": 1244,
              "Pss_File": 3823,
              "Pss_Shmem": 0,
              "Referenced": 7692,
              "Rss": 7692,
              "Shared_Clean": 2764,
              "Shared_Dirty": 0,
              "Shared_Hugetlb": 0,
              "ShmemPmdMapped": 0,
              "Swap": 0,
              "SwapPss": 0
            },
            "start_ticks": 253549860
          },
          {
            "pid": 2136059,
            "rollup_kib": {
              "AnonHugePages": 18432,
              "Anonymous": 1278468,
              "FilePmdMapped": 0,
              "KSM": 0,
              "LazyFree": 0,
              "Locked": 0,
              "Private_Clean": 420,
              "Private_Dirty": 1278476,
              "Private_Hugetlb": 0,
              "Pss": 1279296,
              "Pss_Anon": 1278468,
              "Pss_Dirty": 1278476,
              "Pss_File": 828,
              "Pss_Shmem": 0,
              "Referenced": 1282744,
              "Rss": 1282744,
              "Shared_Clean": 3848,
              "Shared_Dirty": 0,
              "Shared_Hugetlb": 0,
              "ShmemPmdMapped": 0,
              "Swap": 0,
              "SwapPss": 0
            },
            "start_ticks": 253549860
          }
        ],
        "reason": "phase_marker",
        "tree_rss_kib": 1346440
      },
      {
        "elapsed_s": 100.5038,
        "processes": [
          {
            "pid": 2123810,
            "rollup_kib": {
              "AnonHugePages": 0,
              "Anonymous": 55724,
              "FilePmdMapped": 0,
              "KSM": 0,
              "LazyFree": 0,
              "Locked": 0,
              "Private_Clean": 184,
              "Private_Dirty": 55724,
              "Private_Hugetlb": 0,
              "Pss": 58275,
              "Pss_Anon": 55724,
              "Pss_Dirty": 55724,
              "Pss_File": 2551,
              "Pss_Shmem": 0,
              "Referenced": 68292,
              "Rss": 68292,
              "Shared_Clean": 12384,
              "Shared_Dirty": 0,
              "Shared_Hugetlb": 0,
              "ShmemPmdMapped": 0,
              "Swap": 0,
              "SwapPss": 0
            },
            "start_ticks": 253543469
          },
          {
            "pid": 2143503,
            "rollup_kib": {
              "AnonHugePages": 0,
              "Anonymous": 1248,
              "FilePmdMapped": 0,
              "KSM": 0,
              "LazyFree": 0,
              "Locked": 0,
              "Private_Clean": 260,
              "Private_Dirty": 1248,
              "Private_Hugetlb": 0,
              "Pss": 3288,
              "Pss_Anon": 1248,
              "Pss_Dirty": 1248,
              "Pss_File": 2040,
              "Pss_Shmem": 0,
              "Referenced": 7564,
              "Rss": 7564,
              "Shared_Clean": 6056,
              "Shared_Dirty": 0,
              "Shared_Hugetlb": 0,
              "ShmemPmdMapped": 0,
              "Swap": 0,
              "SwapPss": 0
            },
            "start_ticks": 253553486
          },
          {
            "pid": 2143504,
            "rollup_kib": {
              "AnonHugePages": 0,
              "Anonymous": 1175880,
              "FilePmdMapped": 0,
              "KSM": 0,
              "LazyFree": 0,
              "Locked": 0,
              "Private_Clean": 364,
              "Private_Dirty": 1175880,
              "Private_Hugetlb": 0,
              "Pss": 1176666,
              "Pss_Anon": 1175880,
              "Pss_Dirty": 1175880,
              "Pss_File": 786,
              "Pss_Shmem": 0,
              "Referenced": 1180244,
              "Rss": 1180244,
              "Shared_Clean": 4000,
              "Shared_Dirty": 0,
              "Shared_Hugetlb": 0,
              "ShmemPmdMapped": 0,
              "Swap": 0,
              "SwapPss": 0
            },
            "start_ticks": 253553486
          }
        ],
        "reason": "phase_marker",
        "tree_rss_kib": 1256100
      },
      {
        "elapsed_s": 138.6971,
        "processes": [
          {
            "pid": 2123810,
            "rollup_kib": {
              "AnonHugePages": 0,
              "Anonymous": 55724,
              "FilePmdMapped": 0,
              "KSM": 0,
              "LazyFree": 0,
              "Locked": 0,
              "Private_Clean": 192,
              "Private_Dirty": 55724,
              "Private_Hugetlb": 0,
              "Pss": 58285,
              "Pss_Anon": 55724,
              "Pss_Dirty": 55724,
              "Pss_File": 2561,
              "Pss_Shmem": 0,
              "Referenced": 68292,
              "Rss": 68292,
              "Shared_Clean": 12376,
              "Shared_Dirty": 0,
              "Shared_Hugetlb": 0,
              "ShmemPmdMapped": 0,
              "Swap": 0,
              "SwapPss": 0
            },
            "start_ticks": 253543469
          },
          {
            "pid": 2151198,
            "rollup_kib": {
              "AnonHugePages": 0,
              "Anonymous": 1248,
              "FilePmdMapped": 0,
              "KSM": 0,
              "LazyFree": 0,
              "Locked": 0,
              "Private_Clean": 104,
              "Private_Dirty": 1248,
              "Private_Hugetlb": 0,
              "Pss": 3341,
              "Pss_Anon": 1248,
              "Pss_Dirty": 1248,
              "Pss_File": 2093,
              "Pss_Shmem": 0,
              "Referenced": 7788,
              "Rss": 7788,
              "Shared_Clean": 6436,
              "Shared_Dirty": 0,
              "Shared_Hugetlb": 0,
              "ShmemPmdMapped": 0,
              "Swap": 0,
              "SwapPss": 0
            },
            "start_ticks": 253557310
          },
          {
            "pid": 2151199,
            "rollup_kib": {
              "AnonHugePages": 0,
              "Anonymous": 388,
              "FilePmdMapped": 0,
              "KSM": 0,
              "LazyFree": 0,
              "Locked": 0,
              "Private_Clean": 276,
              "Private_Dirty": 388,
              "Private_Hugetlb": 0,
              "Pss": 734,
              "Pss_Anon": 388,
              "Pss_Dirty": 388,
              "Pss_File": 346,
              "Pss_Shmem": 0,
              "Referenced": 2624,
              "Rss": 2624,
              "Shared_Clean": 1960,
              "Shared_Dirty": 0,
              "Shared_Hugetlb": 0,
              "ShmemPmdMapped": 0,
              "Swap": 0,
              "SwapPss": 0
            },
            "start_ticks": 253557310
          },
          {
            "pid": 2151201,
            "rollup_kib": {
              "AnonHugePages": 0,
              "Anonymous": 280,
              "FilePmdMapped": 0,
              "KSM": 0,
              "LazyFree": 0,
              "Locked": 0,
              "Private_Clean": 1004,
              "Private_Dirty": 280,
              "Private_Hugetlb": 0,
              "Pss": 1350,
              "Pss_Anon": 280,
              "Pss_Dirty": 280,
              "Pss_File": 1070,
              "Pss_Shmem": 0,
              "Referenced": 3124,
              "Rss": 3124,
              "Shared_Clean": 1840,
              "Shared_Dirty": 0,
              "Shared_Hugetlb": 0,
              "ShmemPmdMapped": 0,
              "Swap": 0,
              "SwapPss": 0
            },
            "start_ticks": 253557310
          },
          {
            "pid": 2151202,
            "rollup_kib": {
              "AnonHugePages": 0,
              "Anonymous": 135872,
              "FilePmdMapped": 0,
              "KSM": 0,
              "LazyFree": 0,
              "Locked": 0,
              "Private_Clean": 15808,
              "Private_Dirty": 135872,
              "Private_Hugetlb": 0,
              "Pss": 151913,
              "Pss_Anon": 135872,
              "Pss_Dirty": 135872,
              "Pss_File": 16041,
              "Pss_Shmem": 0,
              "Referenced": 154620,
              "Rss": 154620,
              "Shared_Clean": 2940,
              "Shared_Dirty": 0,
              "Shared_Hugetlb": 0,
              "ShmemPmdMapped": 0,
              "Swap": 0,
              "SwapPss": 0
            },
            "start_ticks": 253557310
          }
        ],
        "reason": "phase_marker",
        "tree_rss_kib": 235920
      },
      {
        "elapsed_s": 152.7855,
        "processes": [
          {
            "pid": 2123810,
            "rollup_kib": {
              "AnonHugePages": 0,
              "Anonymous": 55724,
              "FilePmdMapped": 0,
              "KSM": 0,
              "LazyFree": 0,
              "Locked": 0,
              "Private_Clean": 192,
              "Private_Dirty": 55724,
              "Private_Hugetlb": 0,
              "Pss": 58288,
              "Pss_Anon": 55724,
              "Pss_Dirty": 55724,
              "Pss_File": 2564,
              "Pss_Shmem": 0,
              "Referenced": 68292,
              "Rss": 68292,
              "Shared_Clean": 12376,
              "Shared_Dirty": 0,
              "Shared_Hugetlb": 0,
              "ShmemPmdMapped": 0,
              "Swap": 0,
              "SwapPss": 0
            },
            "start_ticks": 253543469
          },
          {
            "pid": 2153967,
            "rollup_kib": {
              "AnonHugePages": 0,
              "Anonymous": 1248,
              "FilePmdMapped": 0,
              "KSM": 0,
              "LazyFree": 0,
              "Locked": 0,
              "Private_Clean": 3760,
              "Private_Dirty": 1248,
              "Private_Hugetlb": 0,
              "Pss": 5132,
              "Pss_Anon": 1248,
              "Pss_Dirty": 1248,
              "Pss_File": 3884,
              "Pss_Shmem": 0,
              "Referenced": 7708,
              "Rss": 7708,
              "Shared_Clean": 2700,
              "Shared_Dirty": 0,
              "Shared_Hugetlb": 0,
              "ShmemPmdMapped": 0,
              "Swap": 0,
              "SwapPss": 0
            },
            "start_ticks": 253558723
          },
          {
            "pid": 2153968,
            "rollup_kib": {
              "AnonHugePages": 0,
              "Anonymous": 388,
              "FilePmdMapped": 0,
              "KSM": 0,
              "LazyFree": 0,
              "Locked": 0,
              "Private_Clean": 276,
              "Private_Dirty": 388,
              "Private_Hugetlb": 0,
              "Pss": 735,
              "Pss_Anon": 388,
              "Pss_Dirty": 388,
              "Pss_File": 347,
              "Pss_Shmem": 0,
              "Referenced": 2624,
              "Rss": 2624,
              "Shared_Clean": 1960,
              "Shared_Dirty": 0,
              "Shared_Hugetlb": 0,
              "ShmemPmdMapped": 0,
              "Swap": 0,
              "SwapPss": 0
            },
            "start_ticks": 253558723
          },
          {
            "pid": 2153970,
            "rollup_kib": {
              "AnonHugePages": 0,
              "Anonymous": 280,
              "FilePmdMapped": 0,
              "KSM": 0,
              "LazyFree": 0,
              "Locked": 0,
              "Private_Clean": 1004,
              "Private_Dirty": 280,
              "Private_Hugetlb": 0,
              "Pss": 1350,
              "Pss_Anon": 280,
              "Pss_Dirty": 280,
              "Pss_File": 1070,
              "Pss_Shmem": 0,
              "Referenced": 3120,
              "Rss": 3120,
              "Shared_Clean": 1836,
              "Shared_Dirty": 0,
              "Shared_Hugetlb": 0,
              "ShmemPmdMapped": 0,
              "Swap": 0,
              "SwapPss": 0
            },
            "start_ticks": 253558723
          },
          {
            "pid": 2153971,
            "rollup_kib": {
              "AnonHugePages": 0,
              "Anonymous": 126228,
              "FilePmdMapped": 0,
              "KSM": 0,
              "LazyFree": 0,
              "Locked": 0,
              "Private_Clean": 15432,
              "Private_Dirty": 126228,
              "Private_Hugetlb": 0,
              "Pss": 141890,
              "Pss_Anon": 126228,
              "Pss_Dirty": 126228,
              "Pss_File": 15662,
              "Pss_Shmem": 0,
              "Referenced": 144540,
              "Rss": 144540,
              "Shared_Clean": 2880,
              "Shared_Dirty": 0,
              "Shared_Hugetlb": 0,
              "ShmemPmdMapped": 0,
              "Swap": 0,
              "SwapPss": 0
            },
            "start_ticks": 253558723
          }
        ],
        "reason": "phase_marker",
        "tree_rss_kib": 224596
      },
      {
        "elapsed_s": 166.3636,
        "processes": [
          {
            "pid": 2123810,
            "rollup_kib": {
              "AnonHugePages": 0,
              "Anonymous": 55860,
              "FilePmdMapped": 0,
              "KSM": 0,
              "LazyFree": 0,
              "Locked": 0,
              "Private_Clean": 184,
              "Private_Dirty": 55860,
              "Private_Hugetlb": 0,
              "Pss": 58414,
              "Pss_Anon": 55860,
              "Pss_Dirty": 55860,
              "Pss_File": 2554,
              "Pss_Shmem": 0,
              "Referenced": 68428,
              "Rss": 68428,
              "Shared_Clean": 12384,
              "Shared_Dirty": 0,
              "Shared_Hugetlb": 0,
              "ShmemPmdMapped": 0,
              "Swap": 0,
              "SwapPss": 0
            },
            "start_ticks": 253543469
          },
          {
            "pid": 2156759,
            "rollup_kib": {
              "AnonHugePages": 0,
              "Anonymous": 1248,
              "FilePmdMapped": 0,
              "KSM": 0,
              "LazyFree": 0,
              "Locked": 0,
              "Private_Clean": 352,
              "Private_Dirty": 1248,
              "Private_Hugetlb": 0,
              "Pss": 3434,
              "Pss_Anon": 1248,
              "Pss_Dirty": 1248,
              "Pss_File": 2186,
              "Pss_Shmem": 0,
              "Referenced": 7724,
              "Rss": 7724,
              "Shared_Clean": 6124,
              "Shared_Dirty": 0,
              "Shared_Hugetlb": 0,
              "ShmemPmdMapped": 0,
              "Swap": 0,
              "SwapPss": 0
            },
            "start_ticks": 253560065
          },
          {
            "pid": 2156762,
            "rollup_kib": {
              "AnonHugePages": 16384,
              "Anonymous": 1173016,
              "FilePmdMapped": 0,
              "KSM": 0,
              "LazyFree": 0,
              "Locked": 0,
              "Private_Clean": 84,
              "Private_Dirty": 1173376,
              "Private_Hugetlb": 0,
              "Pss": 1173872,
              "Pss_Anon": 1173016,
              "Pss_Dirty": 1173376,
              "Pss_File": 856,
              "Pss_Shmem": 0,
              "Referenced": 1177432,
              "Rss": 1177432,
              "Shared_Clean": 3972,
              "Shared_Dirty": 0,
              "Shared_Hugetlb": 0,
              "ShmemPmdMapped": 0,
              "Swap": 0,
              "SwapPss": 0
            },
            "start_ticks": 253560065
          }
        ],
        "reason": "phase_marker",
        "tree_rss_kib": 1240064
      },
      {
        "elapsed_s": 202.556,
        "processes": [
          {
            "pid": 2123810,
            "rollup_kib": {
              "AnonHugePages": 0,
              "Anonymous": 55860,
              "FilePmdMapped": 0,
              "KSM": 0,
              "LazyFree": 0,
              "Locked": 0,
              "Private_Clean": 192,
              "Private_Dirty": 55860,
              "Private_Hugetlb": 0,
              "Pss": 58423,
              "Pss_Anon": 55860,
              "Pss_Dirty": 55860,
              "Pss_File": 2563,
              "Pss_Shmem": 0,
              "Referenced": 68428,
              "Rss": 68428,
              "Shared_Clean": 12376,
              "Shared_Dirty": 0,
              "Shared_Hugetlb": 0,
              "ShmemPmdMapped": 0,
              "Swap": 0,
              "SwapPss": 0
            },
            "start_ticks": 253543469
          },
          {
            "pid": 2163677,
            "rollup_kib": {
              "AnonHugePages": 0,
              "Anonymous": 1248,
              "FilePmdMapped": 0,
              "KSM": 0,
              "LazyFree": 0,
              "Locked": 0,
              "Private_Clean": 3768,
              "Private_Dirty": 1248,
              "Private_Hugetlb": 0,
              "Pss": 5150,
              "Pss_Anon": 1248,
              "Pss_Dirty": 1248,
              "Pss_File": 3902,
              "Pss_Shmem": 0,
              "Referenced": 7712,
              "Rss": 7712,
              "Shared_Clean": 2696,
              "Shared_Dirty": 0,
              "Shared_Hugetlb": 0,
              "ShmemPmdMapped": 0,
              "Swap": 0,
              "SwapPss": 0
            },
            "start_ticks": 253563720
          },
          {
            "pid": 2163678,
            "rollup_kib": {
              "AnonHugePages": 0,
              "Anonymous": 338824,
              "FilePmdMapped": 0,
              "KSM": 0,
              "LazyFree": 0,
              "Locked": 0,
              "Private_Clean": 256,
              "Private_Dirty": 338824,
              "Private_Hugetlb": 0,
              "Pss": 339486,
              "Pss_Anon": 338824,
              "Pss_Dirty": 338824,
              "Pss_File": 662,
              "Pss_Shmem": 0,
              "Referenced": 342928,
              "Rss": 342928,
              "Shared_Clean": 3848,
              "Shared_Dirty": 0,
              "Shared_Hugetlb": 0,
              "ShmemPmdMapped": 0,
              "Swap": 0,
              "SwapPss": 0
            },
            "start_ticks": 253563720
          }
        ],
        "reason": "phase_marker",
        "tree_rss_kib": 371012
      },
      {
        "elapsed_s": 239.242,
        "processes": [
          {
            "pid": 2123810,
            "rollup_kib": {
              "AnonHugePages": 0,
              "Anonymous": 55924,
              "FilePmdMapped": 0,
              "KSM": 0,
              "LazyFree": 0,
              "Locked": 0,
              "Private_Clean": 192,
              "Private_Dirty": 55924,
              "Private_Hugetlb": 0,
              "Pss": 58482,
              "Pss_Anon": 55924,
              "Pss_Dirty": 55924,
              "Pss_File": 2558,
              "Pss_Shmem": 0,
              "Referenced": 68492,
              "Rss": 68492,
              "Shared_Clean": 12376,
              "Shared_Dirty": 0,
              "Shared_Hugetlb": 0,
              "ShmemPmdMapped": 0,
              "Swap": 0,
              "SwapPss": 0
            },
            "start_ticks": 253543469
          },
          {
            "pid": 2170639,
            "rollup_kib": {
              "AnonHugePages": 0,
              "Anonymous": 1244,
              "FilePmdMapped": 0,
              "KSM": 0,
              "LazyFree": 0,
              "Locked": 0,
              "Private_Clean": 524,
              "Private_Dirty": 1244,
              "Private_Hugetlb": 0,
              "Pss": 3530,
              "Pss_Anon": 1244,
              "Pss_Dirty": 1244,
              "Pss_File": 2286,
              "Pss_Shmem": 0,
              "Referenced": 7776,
              "Rss": 7776,
              "Shared_Clean": 6008,
              "Shared_Dirty": 0,
              "Shared_Hugetlb": 0,
              "ShmemPmdMapped": 0,
              "Swap": 0,
              "SwapPss": 0
            },
            "start_ticks": 253567375
          },
          {
            "pid": 2170640,
            "rollup_kib": {
              "AnonHugePages": 0,
              "Anonymous": 1134064,
              "FilePmdMapped": 0,
              "KSM": 0,
              "LazyFree": 0,
              "Locked": 0,
              "Private_Clean": 360,
              "Private_Dirty": 1134064,
              "Private_Hugetlb": 0,
              "Pss": 1134836,
              "Pss_Anon": 1134064,
              "Pss_Dirty": 1134064,
              "Pss_File": 772,
              "Pss_Shmem": 0,
              "Referenced": 1138420,
              "Rss": 1138420,
              "Shared_Clean": 3996,
              "Shared_Dirty": 0,
              "Shared_Hugetlb": 0,
              "ShmemPmdMapped": 0,
              "Swap": 0,
              "SwapPss": 0
            },
            "start_ticks": 253567376
          }
        ],
        "reason": "phase_marker",
        "tree_rss_kib": 1203412
      },
      {
        "elapsed_s": 276.9561,
        "processes": [],
        "reason": "phase_marker+terminal",
        "tree_rss_kib": 0
      }
    ],
    "status": "complete",
    "temporary_disk_limit_bytes": 24000000000,
    "wall_time_limit_seconds": null
  }
}
