{"command": ["/usr/bin/python3", "/home/x/deco/gamma/projects/enwiki9/tools/run_with_resource_guard_v3.py", "--limit-kib", "9765624", "--official-decimal-limit-kib", "9765624", "--limit-mode", "tree", "--cgroup-path", "/sys/fs/cgroup/user.slice/user-1000.slice/user@1000.service/app.slice/gamma-enwiki9-20260916T001115Z_84b4efcdfd", "--cgroup-memory-max-bytes", "9999998976", "--temporary-disk-limit-bytes", "16000000000", "--phase-marker-path", "/home/x/deco/gamma/projects/enwiki9/run_logs/adaptive/20260916T001115Z_84b4efcdfd.resources/phases.jsonl", "--max-logical-cpus", "1", "--guard-json", "/home/x/deco/gamma/projects/enwiki9/run_logs/adaptive/20260916T001115Z_84b4efcdfd.resources/guard.json", "--label", "20260916T001115Z_84b4efcdfd", "--phase", "diagnostic", "--scratch-path", "/home/x/deco/gamma/projects/enwiki9/results/fx2_trim_scale10m_v1", "--scratch-path", "/home/x/deco/gamma/projects/enwiki9/run_logs/adaptive/20260916T001115Z_84b4efcdfd.log", "--scratch-path", "/home/x/deco/gamma/projects/enwiki9/run_logs/adaptive/20260916T001115Z_84b4efcdfd.resources", "--scratch-path", "/tmp/gamma-enwiki9-20260916T001115Z_84b4efcdfd-utb6phjm/fx2_trim_scale10m_v1", "--", "/usr/bin/taskset", "--cpu-list", "2", "/bin/sh", "-c", "printf '%s\\n' '{\"phase\":\"diagnostic\",\"event\":\"worker_start\",\"detail\":\"operational envelope only; no codec phase credit\"}' >> \"$GAMMA_RESOURCE_PHASE_MARKERS\" || exit 125; exec \"$@\"", "enwiki9-discovery-envelope", "/usr/bin/python3", "/home/x/deco/gamma/projects/enwiki9/tools/fx2_trim_scale10m_v1.py"], "job": {"candidate_id": "fx2_trim_scale10m_v1", "candidate_revision": {"path": "operations/adaptive/candidate-revisions/fx2_trim_scale10m_v1/20260916T001114715483Z_4b6821f1d47c.json", "sha256": "sha256:bcf772c609a80001e6d66f7f540017bf27dbc5ec3a81037235b9263959cbb7c0"}, "candidate_tree_sha256": "sha256:4b6821f1d47ce527982ee4992993a4712cc1a528efa3c21ae306dcd8b3ff3384", "execution_guard": {"path": "tools/run_with_resource_guard_v3.py", "sha256": "sha256:044147f7ffe6922ea8dafd52fc3d4426077b20958adbcd421245ad41adcfc1e4"}, "execution_mode": "discovery", "execution_resources": {"boot_id": "3ce46712-27bc-4199-8e48-e2b3d23926cb", "budget": {"cgroup_parent": "/sys/fs/cgroup/user.slice/user-1000.slice/user@1000.service/app.slice", "cpus": [2], "memory_bytes": 9999998976, "scratch_bytes": 16000000000, "swap_bytes": 0, "wall_seconds": 24000}, "cgroup_inode": 336915, "cgroup_path": "/sys/fs/cgroup/user.slice/user-1000.slice/user@1000.service/app.slice/gamma-enwiki9-20260916T001115Z_84b4efcdfd", "cpu_enforcement": "taskset-and-sampled-affinity-guard", "groups": [{"created": true, "inode": 336915, "kernel_cpuset": false, "memory_bytes": 9999998976, "path": "/sys/fs/cgroup/user.slice/user-1000.slice/user@1000.service/app.slice/gamma-enwiki9-20260916T001115Z_84b4efcdfd"}], "guard_command_sha256": "87b0b440dc65c5738f3cbb84447dbc077a97153c71b281ae8f80c5e1a9fe15ca", "guard_path": "run_logs/adaptive/20260916T001115Z_84b4efcdfd.resources/guard.json", "missing_diagnostics": ["kernel cpuset controller is not delegated; taskset assignment and existing affinity guard remain active"], "timing_authority": "diagnostic"}, "experiment": {"path": "operations/adaptive/experiments/fx2_trim_scale10m_v1.json", "sha256": "sha256:50c36f73237ae77373c2e37aae0f5032a910e906bdc4d0e002bd91a4f9aa26c0"}, "gate_size": 10000000, "held": false, "held_at": "2026-09-16T00:11:15+00:00", "hold_history": [{"at": "2026-09-16T00:11:15+00:00", "held": true, "reason": "Publish the frozen 10MB contract and ownership, then fresh CPU2 resource admission; no source or coefficient tuning."}, {"at": "2026-09-16T00:23:02+00:00", "held": false, "reason": "Published 70d78540c; all24 frozen inputs verified on disk and origin. Fresh CPU2/memory/scratch admission. Unchanged native original/trimmed opening10MB comparison only."}], "job_id": "20260916T001115Z_84b4efcdfd", "priority": 80, "proposal": {"path": "operations/adaptive/proposals/developed/949_fx2_trim_scale10m_v1.json", "sha256": "sha256:fb4092f362b4075ffd26a23f84ef64688ada90019550b0bdcf3f9a194f6791c0"}, "proposal_id": "fx2_trim_scale10m_v1", "purpose": "diagnostic", "released_at": "2026-09-16T00:23:02+00:00", "resource_budget": {"cgroup_parent": "/sys/fs/cgroup/user.slice/user-1000.slice/user@1000.service/app.slice", "cpus": [2], "memory_bytes": 9999998976, "scratch_bytes": 16000000000, "swap_bytes": 0, "wall_seconds": 24000}, "runner": {"path": "tools/fx2_trim_scale10m_v1.py", "sha256": "sha256:68c723e976b77ec6e810e67fbeb6b4b92bac266dabe83aa6846738c2c661bee4"}, "schema": "gamma.enwiki9.adaptive-job.v3", "scratch_directories": ["results/fx2_trim_scale10m_v1"], "started_at": "2026-09-16T00:23:02+00:00", "state": "running", "submitted_at": "2026-09-16T00:11:15+00:00", "tags": [], "timing_authority": "diagnostic", "tool": "tools/fx2_trim_scale10m_v1.py", "tool_args": []}}
{"status": "passed", "verdict": "Frozen trimming transfers to this cold opening 10MB with exact native archives and unchanged component savings; full package and full corpus remain unproved.", "archive_gain_bytes": 0}
{
  "resource_guard": {
    "cgroup": {
      "inode": 336915,
      "joined_before_exec": true,
      "memory_max_bytes": 9999998976,
      "memory_max_rounding_bytes": 0,
      "memory_peak_reset": true,
      "path": "/sys/fs/cgroup/user.slice/user-1000.slice/user@1000.service/app.slice/gamma-enwiki9-20260916T001115Z_84b4efcdfd",
      "previous_memory_max": "9999998976",
      "requested_memory_max_bytes": 9999998976
    },
    "cgroup_events": {
      "baseline": {
        "high": 0,
        "low": 0,
        "max": 0,
        "oom": 0,
        "oom_group_kill": 0,
        "oom_kill": 0,
        "sock_throttled": 0
      },
      "delta": {
        "high": 0,
        "low": 0,
        "max": 0,
        "oom": 0,
        "oom_group_kill": 0,
        "oom_kill": 0,
        "sock_throttled": 0
      },
      "final": {
        "high": 0,
        "low": 0,
        "max": 0,
        "oom": 0,
        "oom_group_kill": 0,
        "oom_kill": 0,
        "sock_throttled": 0
      }
    },
    "command": [
      "/usr/bin/taskset",
      "--cpu-list",
      "2",
      "/bin/sh",
      "-c",
      "printf '%s\\n' '{\"phase\":\"diagnostic\",\"event\":\"worker_start\",\"detail\":\"operational envelope only; no codec phase credit\"}' >> \"$GAMMA_RESOURCE_PHASE_MARKERS\" || exit 125; exec \"$@\"",
      "enwiki9-discovery-envelope",
      "/usr/bin/python3",
      "/home/x/deco/gamma/projects/enwiki9/tools/fx2_trim_scale10m_v1.py"
    ],
    "command_sha256": "f778db7cd1667a9f73f8f37a144d53ff05c7ecabf926bda9d6b511286bbfc354",
    "elapsed_s": 6958.3399,
    "geekbench5_single_core_score": null,
    "guards": {
      "cgroup_memory_guard_exceeded": false,
      "logical_cpu_guard_exceeded": false,
      "measurement_incomplete": false,
      "official_decimal_memory_exceeded": false,
      "phase_marker_invalid": false,
      "rss_guard_exceeded": false,
      "temporary_disk_guard_exceeded": false,
      "wall_time_guard_exceeded": false
    },
    "label": "20260916T001115Z_84b4efcdfd",
    "latest_sample": {
      "allowed_cpu_union": [],
      "cgroup_current_bytes": 87224320,
      "elapsed_s": 6958.337,
      "max_single_rss_kib": 0,
      "persistent_status_misses": [],
      "processes": [],
      "scratch_allocated_bytes": 83886080,
      "scratch_file_count": 337,
      "scratch_logical_bytes": 82845826,
      "scratch_race_count": 0,
      "tree_live_threads": 0,
      "tree_rss_kib": 0,
      "tree_runnable_threads": 0
    },
    "limit_kib": 9765624,
    "limit_mode": "tree",
    "max_logical_cpus": 1,
    "measurements": {
      "affinity_complete": true,
      "cgroup_v2_complete": true,
      "per_process_vmhwm_sampled": true,
      "phase_markers_complete": true,
      "process_tree_rss_complete": true,
      "scratch_logical_and_allocated_complete": true,
      "smaps_rollup_complete": true
    },
    "objective": {
      "corpusBytes": 1000000000,
      "corpusSha256": "159b85351e5f76e60cbe32e04c677847a9ecba3adc79addab6f4c6c7aa3744bc",
      "objectiveDigest": "sha256:e91ff20e92c3cac8acb0cbe5c79fc8e8a3b427d7e151245c8eecc52b1c32fa00",
      "objectiveId": "gamma-enwiki9-hutter-90m-v3",
      "objectivePath": "contracts/research/v3/objective-contract.json",
      "targetScoreBytes": 90000000
    },
    "official_decimal_limit_kib": 9765624,
    "peak_process_vmhwm": {
      "comm": "cmix",
      "observed_elapsed_s": 6944.2524,
      "pid": 280009,
      "start_ticks": 262011314,
      "vmhwm_kib": 5958396
    },
    "peak_sample": {
      "allowed_cpu_union": [
        2
      ],
      "cgroup_current_bytes": 6201204736,
      "elapsed_s": 1157.7056,
      "max_single_rss_kib": 5958172,
      "persistent_status_misses": [],
      "processes": [
        {
          "allowed_cpus": [
            2
          ],
          "comm": "python3",
          "live_threads": 1,
          "pid": 3421488,
          "rss_kib": 57676,
          "runnable_threads": 0,
          "start_ticks": 261432070,
          "vmhwm_kib": 57676
        },
        {
          "allowed_cpus": [
            2
          ],
          "comm": "timeout",
          "live_threads": 1,
          "pid": 3427012,
          "rss_kib": 7724,
          "runnable_threads": 0,
          "start_ticks": 261434960,
          "vmhwm_kib": 7724
        },
        {
          "allowed_cpus": [
            2
          ],
          "comm": "cmix",
          "live_threads": 1,
          "pid": 3427013,
          "rss_kib": 5958172,
          "runnable_threads": 1,
          "start_ticks": 261434960,
          "vmhwm_kib": 5958172
        }
      ],
      "scratch_allocated_bytes": 173801472,
      "scratch_file_count": 161,
      "scratch_logical_bytes": 14713585060,
      "scratch_race_count": 0,
      "tree_live_threads": 3,
      "tree_rss_kib": 6023572,
      "tree_runnable_threads": 1
    },
    "peak_tree_sample": {
      "allowed_cpu_union": [
        2
      ],
      "cgroup_current_bytes": 6201204736,
      "elapsed_s": 1157.7056,
      "max_single_rss_kib": 5958172,
      "persistent_status_misses": [],
      "processes": [
        {
          "allowed_cpus": [
            2
          ],
          "comm": "python3",
          "live_threads": 1,
          "pid": 3421488,
          "rss_kib": 57676,
          "runnable_threads": 0,
          "start_ticks": 261432070,
          "vmhwm_kib": 57676
        },
        {
          "allowed_cpus": [
            2
          ],
          "comm": "timeout",
          "live_threads": 1,
          "pid": 3427012,
          "rss_kib": 7724,
          "runnable_threads": 0,
          "start_ticks": 261434960,
          "vmhwm_kib": 7724
        },
        {
          "allowed_cpus": [
            2
          ],
          "comm": "cmix",
          "live_threads": 1,
          "pid": 3427013,
          "rss_kib": 5958172,
          "runnable_threads": 1,
          "start_ticks": 261434960,
          "vmhwm_kib": 5958172
        }
      ],
      "scratch_allocated_bytes": 173801472,
      "scratch_file_count": 161,
      "scratch_logical_bytes": 14713585060,
      "scratch_race_count": 0,
      "tree_live_threads": 3,
      "tree_rss_kib": 6023572,
      "tree_runnable_threads": 1
    },
    "peaks": {
      "cgroup_memory_peak_bytes": 6261379072,
      "max_observed_process_vmhwm_kib": 5958396,
      "max_sampled_allowed_cpu_count": 1,
      "max_sampled_cgroup_current_bytes": 6259900416,
      "max_sampled_scratch_allocated_bytes": 230215680,
      "max_sampled_scratch_logical_bytes": 14767769773,
      "max_sampled_single_rss_kib": 5958172,
      "max_sampled_tree_live_threads": 6,
      "max_sampled_tree_rss_kib": 6023572,
      "max_sampled_tree_runnable_threads": 2
    },
    "phase": "diagnostic",
    "phase_marker_path": "/home/x/deco/gamma/projects/enwiki9/run_logs/adaptive/20260916T001115Z_84b4efcdfd.resources/phases.jsonl",
    "phase_markers": [
      {
        "detail": "operational envelope only; no codec phase credit",
        "event": "worker_start",
        "observed_elapsed_s": 0.0116,
        "phase": "diagnostic",
        "source_line": 1
      },
      {
        "detail": null,
        "event": "start",
        "observed_elapsed_s": 0.5126,
        "phase": "P-compile",
        "source_line": 2
      },
      {
        "detail": null,
        "event": "end",
        "observed_elapsed_s": 14.5766,
        "phase": "P-compile",
        "source_line": 3
      },
      {
        "detail": null,
        "event": "start",
        "observed_elapsed_s": 14.5766,
        "phase": "P-clean-repeat",
        "source_line": 4
      },
      {
        "detail": null,
        "event": "end",
        "observed_elapsed_s": 14.5766,
        "phase": "P-clean-repeat",
        "source_line": 5
      },
      {
        "detail": null,
        "event": "start",
        "observed_elapsed_s": 14.5766,
        "phase": "P-compile-repeat",
        "source_line": 6
      },
      {
        "detail": null,
        "event": "end",
        "observed_elapsed_s": 29.1466,
        "phase": "P-compile-repeat",
        "source_line": 7
      },
      {
        "detail": null,
        "event": "start",
        "observed_elapsed_s": 29.1466,
        "phase": "P-preprocess",
        "source_line": 8
      },
      {
        "detail": null,
        "event": "end",
        "observed_elapsed_s": 29.1466,
        "phase": "P-preprocess",
        "source_line": 9
      },
      {
        "detail": null,
        "event": "start",
        "observed_elapsed_s": 29.1466,
        "phase": "P-encode",
        "source_line": 10
      },
      {
        "detail": null,
        "event": "end",
        "observed_elapsed_s": 1171.7686,
        "phase": "P-encode",
        "source_line": 11
      },
      {
        "detail": null,
        "event": "start",
        "observed_elapsed_s": 1171.7686,
        "phase": "P-decode",
        "source_line": 12
      },
      {
        "detail": null,
        "event": "end",
        "observed_elapsed_s": 2315.1366,
        "phase": "P-decode",
        "source_line": 13
      },
      {
        "detail": null,
        "event": "start",
        "observed_elapsed_s": 2315.1366,
        "phase": "P-repeat",
        "source_line": 14
      },
      {
        "detail": null,
        "event": "end",
        "observed_elapsed_s": 3468.1315,
        "phase": "P-repeat",
        "source_line": 15
      },
      {
        "detail": null,
        "event": "start",
        "observed_elapsed_s": 3468.6379,
        "phase": "D-compile",
        "source_line": 16
      },
      {
        "detail": null,
        "event": "end",
        "observed_elapsed_s": 3481.7246,
        "phase": "D-compile",
        "source_line": 17
      },
      {
        "detail": null,
        "event": "start",
        "observed_elapsed_s": 3481.7246,
        "phase": "D-clean-repeat",
        "source_line": 18
      },
      {
        "detail": null,
        "event": "end",
        "observed_elapsed_s": 3481.7246,
        "phase": "D-clean-repeat",
        "source_line": 19
      },
      {
        "detail": null,
        "event": "start",
        "observed_elapsed_s": 3481.7246,
        "phase": "D-compile-repeat",
        "source_line": 20
      },
      {
        "detail": null,
        "event": "end",
        "observed_elapsed_s": 3494.8145,
        "phase": "D-compile-repeat",
        "source_line": 21
      },
      {
        "detail": null,
        "event": "start",
        "observed_elapsed_s": 3494.8145,
        "phase": "D-preprocess",
        "source_line": 22
      },
      {
        "detail": null,
        "event": "end",
        "observed_elapsed_s": 3494.8145,
        "phase": "D-preprocess",
        "source_line": 23
      },
      {
        "detail": null,
        "event": "start",
        "observed_elapsed_s": 3495.323,
        "phase": "D-encode",
        "source_line": 24
      },
      {
        "detail": null,
        "event": "end",
        "observed_elapsed_s": 4638.5916,
        "phase": "D-encode",
        "source_line": 25
      },
      {
        "detail": null,
        "event": "start",
        "observed_elapsed_s": 4638.5916,
        "phase": "D-decode",
        "source_line": 26
      },
      {
        "detail": null,
        "event": "end",
        "observed_elapsed_s": 5792.4391,
        "phase": "D-decode",
        "source_line": 27
      },
      {
        "detail": null,
        "event": "start",
        "observed_elapsed_s": 5792.4391,
        "phase": "D-repeat",
        "source_line": 28
      },
      {
        "detail": null,
        "event": "end",
        "observed_elapsed_s": 6958.337,
        "phase": "D-repeat",
        "source_line": 29
      }
    ],
    "returncode": 0,
    "sample_count": 13832,
    "sample_interval_seconds": 0.5,
    "schema": "gamma.enwiki9.resource-guard-receipt.v3",
    "scratch_paths": [
      "/home/x/deco/gamma/projects/enwiki9/results/fx2_trim_scale10m_v1",
      "/home/x/deco/gamma/projects/enwiki9/run_logs/adaptive/20260916T001115Z_84b4efcdfd.log",
      "/home/x/deco/gamma/projects/enwiki9/run_logs/adaptive/20260916T001115Z_84b4efcdfd.resources",
      "/tmp/gamma-enwiki9-20260916T001115Z_84b4efcdfd-utb6phjm/fx2_trim_scale10m_v1"
    ],
    "smaps_rollup_checkpoints": [
      {
        "elapsed_s": 0.0116,
        "processes": [
          {
            "pid": 3421488,
            "rollup_kib": {
              "AnonHugePages": 0,
              "Anonymous": 184,
              "FilePmdMapped": 0,
              "KSM": 0,
              "LazyFree": 0,
              "Locked": 0,
              "Private_Clean": 108,
              "Private_Dirty": 184,
              "Private_Hugetlb": 0,
              "Pss": 818,
              "Pss_Anon": 184,
              "Pss_Dirty": 184,
              "Pss_File": 634,
              "Pss_Shmem": 0,
              "Referenced": 3680,
              "Rss": 3680,
              "Shared_Clean": 3388,
              "Shared_Dirty": 0,
              "Shared_Hugetlb": 0,
              "ShmemPmdMapped": 0,
              "Swap": 0,
              "SwapPss": 0
            },
            "start_ticks": 261432070
          }
        ],
        "reason": "initial+phase_marker+rss_growth",
        "tree_rss_kib": 3680
      },
      {
        "elapsed_s": 0.5126,
        "processes": [
          {
            "pid": 3421488,
            "rollup_kib": {
              "AnonHugePages": 0,
              "Anonymous": 45316,
              "FilePmdMapped": 0,
              "KSM": 0,
              "LazyFree": 0,
              "Locked": 0,
              "Private_Clean": 68,
              "Private_Dirty": 45316,
              "Private_Hugetlb": 0,
              "Pss": 48048,
              "Pss_Anon": 45316,
              "Pss_Dirty": 45316,
              "Pss_File": 2732,
              "Pss_Shmem": 0,
              "Referenced": 57672,
              "Rss": 57672,
              "Shared_Clean": 12288,
              "Shared_Dirty": 0,
              "Shared_Hugetlb": 0,
              "ShmemPmdMapped": 0,
              "Swap": 0,
              "SwapPss": 0
            },
            "start_ticks": 261432070
          },
          {
            "pid": 3421543,
            "rollup_kib": {
              "AnonHugePages": 0,
              "Anonymous": 1248,
              "FilePmdMapped": 0,
              "KSM": 0,
              "LazyFree": 0,
              "Locked": 0,
              "Private_Clean": 64,
              "Private_Dirty": 1248,
              "Private_Hugetlb": 0,
              "Pss": 3275,
              "Pss_Anon": 1248,
              "Pss_Dirty": 1248,
              "Pss_File": 2027,
              "Pss_Shmem": 0,
              "Referenced": 7592,
              "Rss": 7592,
              "Shared_Clean": 6280,
              "Shared_Dirty": 0,
              "Shared_Hugetlb": 0,
              "ShmemPmdMapped": 0,
              "Swap": 0,
              "SwapPss": 0
            },
            "start_ticks": 261432102
          },
          {
            "pid": 3421545,
            "rollup_kib": {
              "AnonHugePages": 0,
              "Anonymous": 384,
              "FilePmdMapped": 0,
              "KSM": 0,
              "LazyFree": 0,
              "Locked": 0,
              "Private_Clean": 276,
              "Private_Dirty": 384,
              "Private_Hugetlb": 0,
              "Pss": 779,
              "Pss_Anon": 384,
              "Pss_Dirty": 384,
              "Pss_File": 395,
              "Pss_Shmem": 0,
              "Referenced": 2620,
              "Rss": 2620,
              "Shared_Clean": 1960,
              "Shared_Dirty": 0,
              "Shared_Hugetlb": 0,
              "ShmemPmdMapped": 0,
              "Swap": 0,
              "SwapPss": 0
            },
            "start_ticks": 261432102
          },
          {
            "pid": 3421548,
            "rollup_kib": {
              "AnonHugePages": 0,
              "Anonymous": 284,
              "FilePmdMapped": 0,
              "KSM": 0,
              "LazyFree": 0,
              "Locked": 0,
              "Private_Clean": 1004,
              "Private_Dirty": 284,
              "Private_Hugetlb": 0,
              "Pss": 1397,
              "Pss_Anon": 284,
              "Pss_Dirty": 284,
              "Pss_File": 1113,
              "Pss_Shmem": 0,
              "Referenced": 3124,
              "Rss": 3124,
              "Shared_Clean": 1836,
              "Shared_Dirty": 0,
              "Shared_Hugetlb": 0,
              "ShmemPmdMapped": 0,
              "Swap": 0,
              "SwapPss": 0
            },
            "start_ticks": 261432102
          },
          {
            "pid": 3421549,
            "rollup_kib": {
              "AnonHugePages": 0,
              "Anonymous": 104844,
              "FilePmdMapped": 0,
              "KSM": 0,
              "LazyFree": 0,
              "Locked": 0,
              "Private_Clean": 15148,
              "Private_Dirty": 104844,
              "Private_Hugetlb": 0,
              "Pss": 120273,
              "Pss_Anon": 104844,
              "Pss_Dirty": 104844,
              "Pss_File": 15429,
              "Pss_Shmem": 0,
              "Referenced": 122908,
              "Rss": 122908,
              "Shared_Clean": 2916,
              "Shared_Dirty": 0,
              "Shared_Hugetlb": 0,
              "ShmemPmdMapped": 0,
              "Swap": 0,
              "SwapPss": 0
            },
            "start_ticks": 261432102
          }
        ],
        "reason": "phase_marker",
        "tree_rss_kib": 193916
      },
      {
        "elapsed_s": 14.5766,
        "processes": [
          {
            "pid": 3421488,
            "rollup_kib": {
              "AnonHugePages": 0,
              "Anonymous": 45316,
              "FilePmdMapped": 0,
              "KSM": 0,
              "LazyFree": 0,
              "Locked": 0,
              "Private_Clean": 68,
              "Private_Dirty": 45316,
              "Private_Hugetlb": 0,
              "Pss": 48047,
              "Pss_Anon": 45316,
              "Pss_Dirty": 45316,
              "Pss_File": 2731,
              "Pss_Shmem": 0,
              "Referenced": 57672,
              "Rss": 57672,
              "Shared_Clean": 12288,
              "Shared_Dirty": 0,
              "Shared_Hugetlb": 0,
              "ShmemPmdMapped": 0,
              "Swap": 0,
              "SwapPss": 0
            },
            "start_ticks": 261432070
          },
          {
            "pid": 3424180,
            "rollup_kib": {
              "AnonHugePages": 0,
              "Anonymous": 1248,
              "FilePmdMapped": 0,
              "KSM": 0,
              "LazyFree": 0,
              "Locked": 0,
              "Private_Clean": 416,
              "Private_Dirty": 1248,
              "Private_Hugetlb": 0,
              "Pss": 3503,
              "Pss_Anon": 1248,
              "Pss_Dirty": 1248,
              "Pss_File": 2255,
              "Pss_Shmem": 0,
              "Referenced": 7716,
              "Rss": 7716,
              "Shared_Clean": 6052,
              "Shared_Dirty": 0,
              "Shared_Hugetlb": 0,
              "ShmemPmdMapped": 0,
              "Swap": 0,
              "SwapPss": 0
            },
            "start_ticks": 261433525
          },
          {
            "pid": 3424181,
            "rollup_kib": {
              "AnonHugePages": 0,
              "Anonymous": 384,
              "FilePmdMapped": 0,
              "KSM": 0,
              "LazyFree": 0,
              "Locked": 0,
              "Private_Clean": 276,
              "Private_Dirty": 384,
              "Private_Hugetlb": 0,
              "Pss": 779,
              "Pss_Anon": 384,
              "Pss_Dirty": 384,
              "Pss_File": 395,
              "Pss_Shmem": 0,
              "Referenced": 2620,
              "Rss": 2620,
              "Shared_Clean": 1960,
              "Shared_Dirty": 0,
              "Shared_Hugetlb": 0,
              "ShmemPmdMapped": 0,
              "Swap": 0,
              "SwapPss": 0
            },
            "start_ticks": 261433525
          },
          {
            "pid": 3424183,
            "rollup_kib": {
              "AnonHugePages": 0,
              "Anonymous": 276,
              "FilePmdMapped": 0,
              "KSM": 0,
              "LazyFree": 0,
              "Locked": 0,
              "Private_Clean": 1004,
              "Private_Dirty": 276,
              "Private_Hugetlb": 0,
              "Pss": 1390,
              "Pss_Anon": 276,
              "Pss_Dirty": 276,
              "Pss_File": 1114,
              "Pss_Shmem": 0,
              "Referenced": 3120,
              "Rss": 3120,
              "Shared_Clean": 1840,
              "Shared_Dirty": 0,
              "Shared_Hugetlb": 0,
              "ShmemPmdMapped": 0,
              "Swap": 0,
              "SwapPss": 0
            },
            "start_ticks": 261433525
          },
          {
            "pid": 3424184,
            "rollup_kib": {
              "AnonHugePages": 0,
              "Anonymous": 21068,
              "FilePmdMapped": 0,
              "KSM": 0,
              "LazyFree": 0,
              "Locked": 0,
              "Private_Clean": 6420,
              "Private_Dirty": 21068,
              "Private_Hugetlb": 0,
              "Pss": 27665,
              "Pss_Anon": 21068,
              "Pss_Dirty": 21068,
              "Pss_File": 6597,
              "Pss_Shmem": 0,
              "Referenced": 30080,
              "Rss": 30080,
              "Shared_Clean": 2592,
              "Shared_Dirty": 0,
              "Shared_Hugetlb": 0,
              "ShmemPmdMapped": 0,
              "Swap": 0,
              "SwapPss": 0
            },
            "start_ticks": 261433525
          }
        ],
        "reason": "phase_marker",
        "tree_rss_kib": 101208
      },
      {
        "elapsed_s": 29.1466,
        "processes": [
          {
            "pid": 3421488,
            "rollup_kib": {
              "AnonHugePages": 0,
              "Anonymous": 45320,
              "FilePmdMapped": 0,
              "KSM": 0,
              "LazyFree": 0,
              "Locked": 0,
              "Private_Clean": 68,
              "Private_Dirty": 45320,
              "Private_Hugetlb": 0,
              "Pss": 48057,
              "Pss_Anon": 45320,
              "Pss_Dirty": 45320,
              "Pss_File": 2737,
              "Pss_Shmem": 0,
              "Referenced": 57676,
              "Rss": 57676,
              "Shared_Clean": 12288,
              "Shared_Dirty": 0,
              "Shared_Hugetlb": 0,
              "ShmemPmdMapped": 0,
              "Swap": 0,
              "SwapPss": 0
            },
            "start_ticks": 261432070
          },
          {
            "pid": 3427012,
            "rollup_kib": {
              "AnonHugePages": 0,
              "Anonymous": 1244,
              "FilePmdMapped": 0,
              "KSM": 0,
              "LazyFree": 0,
              "Locked": 0,
              "Private_Clean": 396,
              "Private_Dirty": 1244,
              "Private_Hugetlb": 0,
              "Pss": 3532,
              "Pss_Anon": 1244,
              "Pss_Dirty": 1244,
              "Pss_File": 2288,
              "Pss_Shmem": 0,
              "Referenced": 7724,
              "Rss": 7724,
              "Shared_Clean": 6084,
              "Shared_Dirty": 0,
              "Shared_Hugetlb": 0,
              "ShmemPmdMapped": 0,
              "Swap": 0,
              "SwapPss": 0
            },
            "start_ticks": 261434960
          },
          {
            "pid": 3427013,
            "rollup_kib": {
              "AnonHugePages": 0,
              "Anonymous": 637988,
              "FilePmdMapped": 0,
              "KSM": 0,
              "LazyFree": 0,
              "Locked": 0,
              "Private_Clean": 44,
              "Private_Dirty": 638328,
              "Private_Hugetlb": 0,
              "Pss": 638847,
              "Pss_Anon": 637988,
              "Pss_Dirty": 638328,
              "Pss_File": 859,
              "Pss_Shmem": 0,
              "Referenced": 642368,
              "Rss": 642368,
              "Shared_Clean": 3996,
              "Shared_Dirty": 0,
              "Shared_Hugetlb": 0,
              "ShmemPmdMapped": 0,
              "Swap": 0,
              "SwapPss": 0
            },
            "start_ticks": 261434960
          }
        ],
        "reason": "phase_marker+rss_growth",
        "tree_rss_kib": 694380
      },
      {
        "elapsed_s": 29.6682,
        "processes": [
          {
            "pid": 3421488,
            "rollup_kib": {
              "AnonHugePages": 0,
              "Anonymous": 45320,
              "FilePmdMapped": 0,
              "KSM": 0,
              "LazyFree": 0,
              "Locked": 0,
              "Private_Clean": 68,
              "Private_Dirty": 45320,
              "Private_Hugetlb": 0,
              "Pss": 48056,
              "Pss_Anon": 45320,
              "Pss_Dirty": 45320,
              "Pss_File": 2736,
              "Pss_Shmem": 0,
              "Referenced": 57676,
              "Rss": 57676,
              "Shared_Clean": 12288,
              "Shared_Dirty": 0,
              "Shared_Hugetlb": 0,
              "ShmemPmdMapped": 0,
              "Swap": 0,
              "SwapPss": 0
            },
            "start_ticks": 261432070
          },
          {
            "pid": 3427012,
            "rollup_kib": {
              "AnonHugePages": 0,
              "Anonymous": 1244,
              "FilePmdMapped": 0,
              "KSM": 0,
              "LazyFree": 0,
              "Locked": 0,
              "Private_Clean": 544,
              "Private_Dirty": 1244,
              "Private_Hugetlb": 0,
              "Pss": 3606,
              "Pss_Anon": 1244,
              "Pss_Dirty": 1244,
              "Pss_File": 2362,
              "Pss_Shmem": 0,
              "Referenced": 7724,
              "Rss": 7724,
              "Shared_Clean": 5936,
              "Shared_Dirty": 0,
              "Shared_Hugetlb": 0,
              "ShmemPmdMapped": 0,
              "Swap": 0,
              "SwapPss": 0
            },
            "start_ticks": 261434960
          },
          {
            "pid": 3427013,
            "rollup_kib": {
              "AnonHugePages": 18432,
              "Anonymous": 2021272,
              "FilePmdMapped": 0,
              "KSM": 0,
              "LazyFree": 0,
              "Locked": 0,
              "Private_Clean": 96,
              "Private_Dirty": 2021744,
              "Private_Hugetlb": 0,
              "Pss": 2022325,
              "Pss_Anon": 2021272,
              "Pss_Dirty": 2021744,
              "Pss_File": 1053,
              "Pss_Shmem": 0,
              "Referenced": 2025972,
              "Rss": 2025972,
              "Shared_Clean": 4132,
              "Shared_Dirty": 0,
              "Shared_Hugetlb": 0,
              "ShmemPmdMapped": 0,
              "Swap": 0,
              "SwapPss": 0
            },
            "start_ticks": 261434960
          }
        ],
        "reason": "rss_growth",
        "tree_rss_kib": 2074700
      },
      {
        "elapsed_s": 30.2308,
        "processes": [
          {
            "pid": 3421488,
            "rollup_kib": {
              "AnonHugePages": 0,
              "Anonymous": 45320,
              "FilePmdMapped": 0,
              "KSM": 0,
              "LazyFree": 0,
              "Locked": 0,
              "Private_Clean": 68,
              "Private_Dirty": 45320,
              "Private_Hugetlb": 0,
              "Pss": 48057,
              "Pss_Anon": 45320,
              "Pss_Dirty": 45320,
              "Pss_File": 2737,
              "Pss_Shmem": 0,
              "Referenced": 57676,
              "Rss": 57676,
              "Shared_Clean": 12288,
              "Shared_Dirty": 0,
              "Shared_Hugetlb": 0,
              "ShmemPmdMapped": 0,
              "Swap": 0,
              "SwapPss": 0
            },
            "start_ticks": 261432070
          },
          {
            "pid": 3427012,
            "rollup_kib": {
              "AnonHugePages": 0,
              "Anonymous": 1244,
              "FilePmdMapped": 0,
              "KSM": 0,
              "LazyFree": 0,
              "Locked": 0,
              "Private_Clean": 396,
              "Private_Dirty": 1244,
              "Private_Hugetlb": 0,
              "Pss": 3532,
              "Pss_Anon": 1244,
              "Pss_Dirty": 1244,
              "Pss_File": 2288,
              "Pss_Shmem": 0,
              "Referenced": 7724,
              "Rss": 7724,
              "Shared_Clean": 6084,
              "Shared_Dirty": 0,
              "Shared_Hugetlb": 0,
              "ShmemPmdMapped": 0,
              "Swap": 0,
              "SwapPss": 0
            },
            "start_ticks": 261434960
          },
          {
            "pid": 3427013,
            "rollup_kib": {
              "AnonHugePages": 18432,
              "Anonymous": 2909960,
              "FilePmdMapped": 0,
              "KSM": 0,
              "LazyFree": 0,
              "Locked": 0,
              "Private_Clean": 96,
              "Private_Dirty": 2910432,
              "Private_Hugetlb": 0,
              "Pss": 2911013,
              "Pss_Anon": 2909960,
              "Pss_Dirty": 2910432,
              "Pss_File": 1053,
              "Pss_Shmem": 0,
              "Referenced": 2914660,
              "Rss": 2914660,
              "Shared_Clean": 4132,
              "Shared_Dirty": 0,
              "Shared_Hugetlb": 0,
              "ShmemPmdMapped": 0,
              "Swap": 0,
              "SwapPss": 0
            },
            "start_ticks": 261434960
          }
        ],
        "reason": "rss_growth",
        "tree_rss_kib": 2961884
      },
      {
        "elapsed_s": 30.8232,
        "processes": [
          {
            "pid": 3421488,
            "rollup_kib": {
              "AnonHugePages": 0,
              "Anonymous": 45320,
              "FilePmdMapped": 0,
              "KSM": 0,
              "LazyFree": 0,
              "Locked": 0,
              "Private_Clean": 68,
              "Private_Dirty": 45320,
              "Private_Hugetlb": 0,
              "Pss": 48057,
              "Pss_Anon": 45320,
              "Pss_Dirty": 45320,
              "Pss_File": 2737,
              "Pss_Shmem": 0,
              "Referenced": 57676,
              "Rss": 57676,
              "Shared_Clean": 12288,
              "Shared_Dirty": 0,
              "Shared_Hugetlb": 0,
              "ShmemPmdMapped": 0,
              "Swap": 0,
              "SwapPss": 0
            },
            "start_ticks": 261432070
          },
          {
            "pid": 3427012,
            "rollup_kib": {
              "AnonHugePages": 0,
              "Anonymous": 1244,
              "FilePmdMapped": 0,
              "KSM": 0,
              "LazyFree": 0,
              "Locked": 0,
              "Private_Clean": 232,
              "Private_Dirty": 1244,
              "Private_Hugetlb": 0,
              "Pss": 3449,
              "Pss_Anon": 1244,
              "Pss_Dirty": 1244,
              "Pss_File": 2205,
              "Pss_Shmem": 0,
              "Referenced": 7724,
              "Rss": 7724,
              "Shared_Clean": 6248,
              "Shared_Dirty": 0,
              "Shared_Hugetlb": 0,
              "ShmemPmdMapped": 0,
              "Swap": 0,
              "SwapPss": 0
            },
            "start_ticks": 261434960
          },
          {
            "pid": 3427013,
            "rollup_kib": {
              "AnonHugePages": 18432,
              "Anonymous": 3467424,
              "FilePmdMapped": 0,
              "KSM": 0,
              "LazyFree": 0,
              "Locked": 0,
              "Private_Clean": 96,
              "Private_Dirty": 3467896,
              "Private_Hugetlb": 0,
              "Pss": 3468478,
              "Pss_Anon": 3467424,
              "Pss_Dirty": 3467896,
              "Pss_File": 1054,
              "Pss_Shmem": 0,
              "Referenced": 3472124,
              "Rss": 3472124,
              "Shared_Clean": 4132,
              "Shared_Dirty": 0,
              "Shared_Hugetlb": 0,
              "ShmemPmdMapped": 0,
              "Swap": 0,
              "SwapPss": 0
            },
            "start_ticks": 261434960
          }
        ],
        "reason": "rss_growth",
        "tree_rss_kib": 3524268
      },
      {
        "elapsed_s": 31.4338,
        "processes": [
          {
            "pid": 3421488,
            "rollup_kib": {
              "AnonHugePages": 0,
              "Anonymous": 45320,
              "FilePmdMapped": 0,
              "KSM": 0,
              "LazyFree": 0,
              "Locked": 0,
              "Private_Clean": 68,
              "Private_Dirty": 45320,
              "Private_Hugetlb": 0,
              "Pss": 48057,
              "Pss_Anon": 45320,
              "Pss_Dirty": 45320,
              "Pss_File": 2737,
              "Pss_Shmem": 0,
              "Referenced": 57676,
              "Rss": 57676,
              "Shared_Clean": 12288,
              "Shared_Dirty": 0,
              "Shared_Hugetlb": 0,
              "ShmemPmdMapped": 0,
              "Swap": 0,
              "SwapPss": 0
            },
            "start_ticks": 261432070
          },
          {
            "pid": 3427012,
            "rollup_kib": {
              "AnonHugePages": 0,
              "Anonymous": 1244,
              "FilePmdMapped": 0,
              "KSM": 0,
              "LazyFree": 0,
              "Locked": 0,
              "Private_Clean": 584,
              "Private_Dirty": 1244,
              "Private_Hugetlb": 0,
              "Pss": 3625,
              "Pss_Anon": 1244,
              "Pss_Dirty": 1244,
              "Pss_File": 2381,
              "Pss_Shmem": 0,
              "Referenced": 7724,
              "Rss": 7724,
              "Shared_Clean": 5896,
              "Shared_Dirty": 0,
              "Shared_Hugetlb": 0,
              "ShmemPmdMapped": 0,
              "Swap": 0,
              "SwapPss": 0
            },
            "start_ticks": 261434960
          },
          {
            "pid": 3427013,
            "rollup_kib": {
              "AnonHugePages": 18432,
              "Anonymous": 3845848,
              "FilePmdMapped": 0,
              "KSM": 0,
              "LazyFree": 0,
              "Locked": 0,
              "Private_Clean": 96,
              "Private_Dirty": 3846320,
              "Private_Hugetlb": 0,
              "Pss": 3846913,
              "Pss_Anon": 3845848,
              "Pss_Dirty": 3846320,
              "Pss_File": 1065,
              "Pss_Shmem": 0,
              "Referenced": 3850548,
              "Rss": 3850548,
              "Shared_Clean": 4132,
              "Shared_Dirty": 0,
              "Shared_Hugetlb": 0,
              "ShmemPmdMapped": 0,
              "Swap": 0,
              "SwapPss": 0
            },
            "start_ticks": 261434960
          }
        ],
        "reason": "rss_growth",
        "tree_rss_kib": 3903988
      },
      {
        "elapsed_s": 32.5516,
        "processes": [
          {
            "pid": 3421488,
            "rollup_kib": {
              "AnonHugePages": 0,
              "Anonymous": 45320,
              "FilePmdMapped": 0,
              "KSM": 0,
              "LazyFree": 0,
              "Locked": 0,
              "Private_Clean": 68,
              "Private_Dirty": 45320,
              "Private_Hugetlb": 0,
              "Pss": 48057,
              "Pss_Anon": 45320,
              "Pss_Dirty": 45320,
              "Pss_File": 2737,
              "Pss_Shmem": 0,
              "Referenced": 57676,
              "Rss": 57676,
              "Shared_Clean": 12288,
              "Shared_Dirty": 0,
              "Shared_Hugetlb": 0,
              "ShmemPmdMapped": 0,
              "Swap": 0,
              "SwapPss": 0
            },
            "start_ticks": 261432070
          },
          {
            "pid": 3427012,
            "rollup_kib": {
              "AnonHugePages": 0,
              "Anonymous": 1244,
              "FilePmdMapped": 0,
              "KSM": 0,
              "LazyFree": 0,
              "Locked": 0,
              "Private_Clean": 260,
              "Private_Dirty": 1244,
              "Private_Hugetlb": 0,
              "Pss": 3463,
              "Pss_Anon": 1244,
              "Pss_Dirty": 1244,
              "Pss_File": 2219,
              "Pss_Shmem": 0,
              "Referenced": 7724,
              "Rss": 7724,
              "Shared_Clean": 6220,
              "Shared_Dirty": 0,
              "Shared_Hugetlb": 0,
              "ShmemPmdMapped": 0,
              "Swap": 0,
              "SwapPss": 0
            },
            "start_ticks": 261434960
          },
          {
            "pid": 3427013,
            "rollup_kib": {
              "AnonHugePages": 18432,
              "Anonymous": 4265196,
              "FilePmdMapped": 0,
              "KSM": 0,
              "LazyFree": 0,
              "Locked": 0,
              "Private_Clean": 96,
              "Private_Dirty": 4265668,
              "Private_Hugetlb": 0,
              "Pss": 4266248,
              "Pss_Anon": 4265196,
              "Pss_Dirty": 4265668,
              "Pss_File": 1052,
              "Pss_Shmem": 0,
              "Referenced": 4269896,
              "Rss": 4269896,
              "Shared_Clean": 4132,
              "Shared_Dirty": 0,
              "Shared_Hugetlb": 0,
              "ShmemPmdMapped": 0,
              "Swap": 0,
              "SwapPss": 0
            },
            "start_ticks": 261434960
          }
        ],
        "reason": "rss_growth",
        "tree_rss_kib": 4328944
      },
      {
        "elapsed_s": 34.1856,
        "processes": [
          {
            "pid": 3421488,
            "rollup_kib": {
              "AnonHugePages": 0,
              "Anonymous": 45320,
              "FilePmdMapped": 0,
              "KSM": 0,
              "LazyFree": 0,
              "Locked": 0,
              "Private_Clean": 68,
              "Private_Dirty": 45320,
              "Private_Hugetlb": 0,
              "Pss": 48068,
              "Pss_Anon": 45320,
              "Pss_Dirty": 45320,
              "Pss_File": 2748,
              "Pss_Shmem": 0,
              "Referenced": 57676,
              "Rss": 57676,
              "Shared_Clean": 12288,
              "Shared_Dirty": 0,
              "Shared_Hugetlb": 0,
              "ShmemPmdMapped": 0,
              "Swap": 0,
              "SwapPss": 0
            },
            "start_ticks": 261432070
          },
          {
            "pid": 3427012,
            "rollup_kib": {
              "AnonHugePages": 0,
              "Anonymous": 1244,
              "FilePmdMapped": 0,
              "KSM": 0,
              "LazyFree": 0,
              "Locked": 0,
              "Private_Clean": 3760,
              "Private_Dirty": 1244,
              "Private_Hugetlb": 0,
              "Pss": 5229,
              "Pss_Anon": 1244,
              "Pss_Dirty": 1244,
              "Pss_File": 3985,
              "Pss_Shmem": 0,
              "Referenced": 7724,
              "Rss": 7724,
              "Shared_Clean": 2720,
              "Shared_Dirty": 0,
              "Shared_Hugetlb": 0,
              "ShmemPmdMapped": 0,
              "Swap": 0,
              "SwapPss": 0
            },
            "start_ticks": 261434960
          },
          {
            "pid": 3427013,
            "rollup_kib": {
              "AnonHugePages": 18432,
              "Anonymous": 4578852,
              "FilePmdMapped": 0,
              "KSM": 0,
              "LazyFree": 0,
              "Locked": 0,
              "Private_Clean": 96,
              "Private_Dirty": 4579324,
              "Private_Hugetlb": 0,
              "Pss": 4579916,
              "Pss_Anon": 4578852,
              "Pss_Dirty": 4579324,
              "Pss_File": 1064,
              "Pss_Shmem": 0,
              "Referenced": 4583552,
              "Rss": 4583552,
              "Shared_Clean": 4132,
              "Shared_Dirty": 0,
              "Shared_Hugetlb": 0,
              "ShmemPmdMapped": 0,
              "Swap": 0,
              "SwapPss": 0
            },
            "start_ticks": 261434960
          }
        ],
        "reason": "rss_growth",
        "tree_rss_kib": 4644536
      },
      {
        "elapsed_s": 37.8346,
        "processes": [
          {
            "pid": 3421488,
            "rollup_kib": {
              "AnonHugePages": 0,
              "Anonymous": 45320,
              "FilePmdMapped": 0,
              "KSM": 0,
              "LazyFree": 0,
              "Locked": 0,
              "Private_Clean": 68,
              "Private_Dirty": 45320,
              "Private_Hugetlb": 0,
              "Pss": 48068,
              "Pss_Anon": 45320,
              "Pss_Dirty": 45320,
              "Pss_File": 2748,
              "Pss_Shmem": 0,
              "Referenced": 57676,
              "Rss": 57676,
              "Shared_Clean": 12288,
              "Shared_Dirty": 0,
              "Shared_Hugetlb": 0,
              "ShmemPmdMapped": 0,
              "Swap": 0,
              "SwapPss": 0
            },
            "start_ticks": 261432070
          },
          {
            "pid": 3427012,
            "rollup_kib": {
              "AnonHugePages": 0,
              "Anonymous": 1244,
              "FilePmdMapped": 0,
              "KSM": 0,
              "LazyFree": 0,
              "Locked": 0,
              "Private_Clean": 3784,
              "Private_Dirty": 1244,
              "Private_Hugetlb": 0,
              "Pss": 5242,
              "Pss_Anon": 1244,
              "Pss_Dirty": 1244,
              "Pss_File": 3998,
              "Pss_Shmem": 0,
              "Referenced": 7724,
              "Rss": 7724,
              "Shared_Clean": 2696,
              "Shared_Dirty": 0,
              "Shared_Hugetlb": 0,
              "ShmemPmdMapped": 0,
              "Swap": 0,
              "SwapPss": 0
            },
            "start_ticks": 261434960
          },
          {
            "pid": 3427013,
            "rollup_kib": {
              "AnonHugePages": 18432,
              "Anonymous": 4852008,
              "FilePmdMapped": 0,
              "KSM": 0,
              "LazyFree": 0,
              "Locked": 0,
              "Private_Clean": 96,
              "Private_Dirty": 4852480,
              "Private_Hugetlb": 0,
              "Pss": 4853061,
              "Pss_Anon": 4852008,
              "Pss_Dirty": 4852480,
              "Pss_File": 1053,
              "Pss_Shmem": 0,
              "Referenced": 4856708,
              "Rss": 4856708,
              "Shared_Clean": 4132,
              "Shared_Dirty": 0,
              "Shared_Hugetlb": 0,
              "ShmemPmdMapped": 0,
              "Swap": 0,
              "SwapPss": 0
            },
            "start_ticks": 261434960
          }
        ],
        "reason": "rss_growth",
        "tree_rss_kib": 4920672
      },
      {
        "elapsed_s": 39.9815,
        "processes": [
          {
            "pid": 3421488,
            "rollup_kib": {
              "AnonHugePages": 0,
              "Anonymous": 45320,
              "FilePmdMapped": 0,
              "KSM": 0,
              "LazyFree": 0,
              "Locked": 0,
              "Private_Clean": 68,
              "Private_Dirty": 45320,
              "Private_Hugetlb": 0,
              "Pss": 48068,
              "Pss_Anon": 45320,
              "Pss_Dirty": 45320,
              "Pss_File": 2748,
              "Pss_Shmem": 0,
              "Referenced": 57676,
              "Rss": 57676,
              "Shared_Clean": 12288,
              "Shared_Dirty": 0,
              "Shared_Hugetlb": 0,
              "ShmemPmdMapped": 0,
              "Swap": 0,
              "SwapPss": 0
            },
            "start_ticks": 261432070
          },
          {
            "pid": 3427012,
            "rollup_kib": {
              "AnonHugePages": 0,
              "Anonymous": 1244,
              "FilePmdMapped": 0,
              "KSM": 0,
              "LazyFree": 0,
              "Locked": 0,
              "Private_Clean": 3784,
              "Private_Dirty": 1244,
              "Private_Hugetlb": 0,
              "Pss": 5241,
              "Pss_Anon": 1244,
              "Pss_Dirty": 1244,
              "Pss_File": 3997,
              "Pss_Shmem": 0,
              "Referenced": 7724,
              "Rss": 7724,
              "Shared_Clean": 2696,
              "Shared_Dirty": 0,
              "Shared_Hugetlb": 0,
              "ShmemPmdMapped": 0,
              "Swap": 0,
              "SwapPss": 0
            },
            "start_ticks": 261434960
          },
          {
            "pid": 3427013,
            "rollup_kib": {
              "AnonHugePages": 18432,
              "Anonymous": 5152624,
              "FilePmdMapped": 0,
              "KSM": 0,
              "LazyFree": 0,
              "Locked": 0,
              "Private_Clean": 96,
              "Private_Dirty": 5153336,
              "Private_Hugetlb": 0,
              "Pss": 5153929,
              "Pss_Anon": 5152624,
              "Pss_Dirty": 5153336,
              "Pss_File": 1305,
              "Pss_Shmem": 0,
              "Referenced": 5157564,
              "Rss": 5157564,
              "Shared_Clean": 4132,
              "Shared_Dirty": 0,
              "Shared_Hugetlb": 0,
              "ShmemPmdMapped": 0,
              "Swap": 0,
              "SwapPss": 0
            },
            "start_ticks": 261434960
          }
        ],
        "reason": "rss_growth",
        "tree_rss_kib": 5222560
      },
      {
        "elapsed_s": 45.0926,
        "processes": [
          {
            "pid": 3421488,
            "rollup_kib": {
              "AnonHugePages": 0,
              "Anonymous": 45320,
              "FilePmdMapped": 0,
              "KSM": 0,
              "LazyFree": 0,
              "Locked": 0,
              "Private_Clean": 68,
              "Private_Dirty": 45320,
              "Private_Hugetlb": 0,
              "Pss": 48056,
              "Pss_Anon": 45320,
              "Pss_Dirty": 45320,
              "Pss_File": 2736,
              "Pss_Shmem": 0,
              "Referenced": 57676,
              "Rss": 57676,
              "Shared_Clean": 12288,
              "Shared_Dirty": 0,
              "Shared_Hugetlb": 0,
              "ShmemPmdMapped": 0,
              "Swap": 0,
              "SwapPss": 0
            },
            "start_ticks": 261432070
          },
          {
            "pid": 3427012,
            "rollup_kib": {
              "AnonHugePages": 0,
              "Anonymous": 1244,
              "FilePmdMapped": 0,
              "KSM": 0,
              "LazyFree": 0,
              "Locked": 0,
              "Private_Clean": 524,
              "Private_Dirty": 1244,
              "Private_Hugetlb": 0,
              "Pss": 3595,
              "Pss_Anon": 1244,
              "Pss_Dirty": 1244,
              "Pss_File": 2351,
              "Pss_Shmem": 0,
              "Referenced": 7724,
              "Rss": 7724,
              "Shared_Clean": 5956,
              "Shared_Dirty": 0,
              "Shared_Hugetlb": 0,
              "ShmemPmdMapped": 0,
              "Swap": 0,
              "SwapPss": 0
            },
            "start_ticks": 261434960
          },
          {
            "pid": 3427013,
            "rollup_kib": {
              "AnonHugePages": 18432,
              "Anonymous": 5416912,
              "FilePmdMapped": 0,
              "KSM": 0,
              "LazyFree": 0,
              "Locked": 0,
              "Private_Clean": 124,
              "Private_Dirty": 5418168,
              "Private_Hugetlb": 0,
              "Pss": 5418777,
              "Pss_Anon": 5416912,
              "Pss_Dirty": 5418168,
              "Pss_File": 1865,
              "Pss_Shmem": 0,
              "Referenced": 5422424,
              "Rss": 5422424,
              "Shared_Clean": 4132,
              "Shared_Dirty": 0,
              "Shared_Hugetlb": 0,
              "ShmemPmdMapped": 0,
              "Swap": 0,
              "SwapPss": 0
            },
            "start_ticks": 261434960
          }
        ],
        "reason": "rss_growth",
        "tree_rss_kib": 5487752
      },
      {
        "elapsed_s": 72.8216,
        "processes": [
          {
            "pid": 3421488,
            "rollup_kib": {
              "AnonHugePages": 0,
              "Anonymous": 45320,
              "FilePmdMapped": 0,
              "KSM": 0,
              "LazyFree": 0,
              "Locked": 0,
              "Private_Clean": 68,
              "Private_Dirty": 45320,
              "Private_Hugetlb": 0,
              "Pss": 48057,
              "Pss_Anon": 45320,
              "Pss_Dirty": 45320,
              "Pss_File": 2737,
              "Pss_Shmem": 0,
              "Referenced": 57676,
              "Rss": 57676,
              "Shared_Clean": 12288,
              "Shared_Dirty": 0,
              "Shared_Hugetlb": 0,
              "ShmemPmdMapped": 0,
              "Swap": 0,
              "SwapPss": 0
            },
            "start_ticks": 261432070
          },
          {
            "pid": 3427012,
            "rollup_kib": {
              "AnonHugePages": 0,
              "Anonymous": 1244,
              "FilePmdMapped": 0,
              "KSM": 0,
              "LazyFree": 0,
              "Locked": 0,
              "Private_Clean": 468,
              "Private_Dirty": 1244,
              "Private_Hugetlb": 0,
              "Pss": 3568,
              "Pss_Anon": 1244,
              "Pss_Dirty": 1244,
              "Pss_File": 2324,
              "Pss_Shmem": 0,
              "Referenced": 7724,
              "Rss": 7724,
              "Shared_Clean": 6012,
              "Shared_Dirty": 0,
              "Shared_Hugetlb": 0,
              "ShmemPmdMapped": 0,
              "Swap": 0,
              "SwapPss": 0
            },
            "start_ticks": 261434960
          },
          {
            "pid": 3427013,
            "rollup_kib": {
              "AnonHugePages": 18432,
              "Anonymous": 5676280,
              "FilePmdMapped": 0,
              "KSM": 0,
              "LazyFree": 0,
              "Locked": 0,
              "Private_Clean": 764,
              "Private_Dirty": 5680196,
              "Private_Hugetlb": 0,
              "Pss": 5681451,
              "Pss_Anon": 5676280,
              "Pss_Dirty": 5680196,
              "Pss_File": 5171,
              "Pss_Shmem": 0,
              "Referenced": 5685092,
              "Rss": 5685092,
              "Shared_Clean": 4132,
              "Shared_Dirty": 0,
              "Shared_Hugetlb": 0,
              "ShmemPmdMapped": 0,
              "Swap": 0,
              "SwapPss": 0
            },
            "start_ticks": 261434960
          }
        ],
        "reason": "rss_growth",
        "tree_rss_kib": 5750460
      },
      {
        "elapsed_s": 1081.1806,
        "processes": [
          {
            "pid": 3421488,
            "rollup_kib": {
              "AnonHugePages": 0,
              "Anonymous": 45320,
              "FilePmdMapped": 0,
              "KSM": 0,
              "LazyFree": 0,
              "Locked": 0,
              "Private_Clean": 68,
              "Private_Dirty": 45320,
              "Private_Hugetlb": 0,
              "Pss": 48059,
              "Pss_Anon": 45320,
              "Pss_Dirty": 45320,
              "Pss_File": 2739,
              "Pss_Shmem": 0,
              "Referenced": 57676,
              "Rss": 57676,
              "Shared_Clean": 12288,
              "Shared_Dirty": 0,
              "Shared_Hugetlb": 0,
              "ShmemPmdMapped": 0,
              "Swap": 0,
              "SwapPss": 0
            },
            "start_ticks": 261432070
          },
          {
            "pid": 3427012,
            "rollup_kib": {
              "AnonHugePages": 0,
              "Anonymous": 1244,
              "FilePmdMapped": 0,
              "KSM": 0,
              "LazyFree": 0,
              "Locked": 0,
              "Private_Clean": 3784,
              "Private_Dirty": 1244,
              "Private_Hugetlb": 0,
              "Pss": 5233,
              "Pss_Anon": 1244,
              "Pss_Dirty": 1244,
              "Pss_File": 3989,
              "Pss_Shmem": 0,
              "Referenced": 7724,
              "Rss": 7724,
              "Shared_Clean": 2696,
              "Shared_Dirty": 0,
              "Shared_Hugetlb": 0,
              "ShmemPmdMapped": 0,
              "Swap": 0,
              "SwapPss": 0
            },
            "start_ticks": 261434960
          },
          {
            "pid": 3427013,
            "rollup_kib": {
              "AnonHugePages": 18432,
              "Anonymous": 5821208,
              "FilePmdMapped": 0,
              "KSM": 0,
              "LazyFree": 0,
              "Locked": 0,
              "Private_Clean": 27472,
              "Private_Dirty": 5916608,
              "Private_Hugetlb": 0,
              "Pss": 5944565,
              "Pss_Anon": 5821208,
              "Pss_Dirty": 5916608,
              "Pss_File": 123357,
              "Pss_Shmem": 0,
              "Referenced": 5948212,
              "Rss": 5948212,
              "Shared_Clean": 4132,
              "Shared_Dirty": 0,
              "Shared_Hugetlb": 0,
              "ShmemPmdMapped": 0,
              "Swap": 0,
              "SwapPss": 0
            },
            "start_ticks": 261434960
          }
        ],
        "reason": "rss_growth",
        "tree_rss_kib": 6013540
      },
      {
        "elapsed_s": 1171.7686,
        "processes": [
          {
            "pid": 3421488,
            "rollup_kib": {
              "AnonHugePages": 0,
              "Anonymous": 45320,
              "FilePmdMapped": 0,
              "KSM": 0,
              "LazyFree": 0,
              "Locked": 0,
              "Private_Clean": 68,
              "Private_Dirty": 45320,
              "Private_Hugetlb": 0,
              "Pss": 48070,
              "Pss_Anon": 45320,
              "Pss_Dirty": 45320,
              "Pss_File": 2750,
              "Pss_Shmem": 0,
              "Referenced": 57676,
              "Rss": 57676,
              "Shared_Clean": 12288,
              "Shared_Dirty": 0,
              "Shared_Hugetlb": 0,
              "ShmemPmdMapped": 0,
              "Swap": 0,
              "SwapPss": 0
            },
            "start_ticks": 261432070
          },
          {
            "pid": 3633542,
            "rollup_kib": {
              "AnonHugePages": 0,
              "Anonymous": 1244,
              "FilePmdMapped": 0,
              "KSM": 0,
              "LazyFree": 0,
              "Locked": 0,
              "Private_Clean": 3764,
              "Private_Dirty": 1244,
              "Private_Hugetlb": 0,
              "Pss": 5224,
              "Pss_Anon": 1244,
              "Pss_Dirty": 1244,
              "Pss_File": 3980,
              "Pss_Shmem": 0,
              "Referenced": 7708,
              "Rss": 7708,
              "Shared_Clean": 2700,
              "Shared_Dirty": 0,
              "Shared_Hugetlb": 0,
              "ShmemPmdMapped": 0,
              "Swap": 0,
              "SwapPss": 0
            },
            "start_ticks": 261549206
          },
          {
            "pid": 3633543,
            "rollup_kib": {
              "AnonHugePages": 16384,
              "Anonymous": 1172840,
              "FilePmdMapped": 0,
              "KSM": 0,
              "LazyFree": 0,
              "Locked": 0,
              "Private_Clean": 396,
              "Private_Dirty": 1172840,
              "Private_Hugetlb": 0,
              "Pss": 1173698,
              "Pss_Anon": 1172840,
              "Pss_Dirty": 1172840,
              "Pss_File": 858,
              "Pss_Shmem": 0,
              "Referenced": 1177080,
              "Rss": 1177080,
              "Shared_Clean": 3844,
              "Shared_Dirty": 0,
              "Shared_Hugetlb": 0,
              "ShmemPmdMapped": 0,
              "Swap": 0,
              "SwapPss": 0
            },
            "start_ticks": 261549206
          }
        ],
        "reason": "phase_marker",
        "tree_rss_kib": 1242464
      },
      {
        "elapsed_s": 2315.1366,
        "processes": [
          {
            "pid": 3421488,
            "rollup_kib": {
              "AnonHugePages": 0,
              "Anonymous": 45320,
              "FilePmdMapped": 0,
              "KSM": 0,
              "LazyFree": 0,
              "Locked": 0,
              "Private_Clean": 68,
              "Private_Dirty": 45320,
              "Private_Hugetlb": 0,
              "Pss": 48057,
              "Pss_Anon": 45320,
              "Pss_Dirty": 45320,
              "Pss_File": 2737,
              "Pss_Shmem": 0,
              "Referenced": 57676,
              "Rss": 57676,
              "Shared_Clean": 12288,
              "Shared_Dirty": 0,
              "Shared_Hugetlb": 0,
              "ShmemPmdMapped": 0,
              "Swap": 0,
              "SwapPss": 0
            },
            "start_ticks": 261432070
          },
          {
            "pid": 3840596,
            "rollup_kib": {
              "AnonHugePages": 0,
              "Anonymous": 1248,
              "FilePmdMapped": 0,
              "KSM": 0,
              "LazyFree": 0,
              "Locked": 0,
              "Private_Clean": 180,
              "Private_Dirty": 1248,
              "Private_Hugetlb": 0,
              "Pss": 3402,
              "Pss_Anon": 1248,
              "Pss_Dirty": 1248,
              "Pss_File": 2154,
              "Pss_Shmem": 0,
              "Referenced": 7692,
              "Rss": 7692,
              "Shared_Clean": 6264,
              "Shared_Dirty": 0,
              "Shared_Hugetlb": 0,
              "ShmemPmdMapped": 0,
              "Swap": 0,
              "SwapPss": 0
            },
            "start_ticks": 261663583
          },
          {
            "pid": 3840597,
            "rollup_kib": {
              "AnonHugePages": 0,
              "Anonymous": 432,
              "FilePmdMapped": 0,
              "KSM": 0,
              "LazyFree": 0,
              "Locked": 0,
              "Private_Clean": 268,
              "Private_Dirty": 432,
              "Private_Hugetlb": 0,
              "Pss": 1171,
              "Pss_Anon": 432,
              "Pss_Dirty": 432,
              "Pss_File": 739,
              "Pss_Shmem": 0,
              "Referenced": 4676,
              "Rss": 4676,
              "Shared_Clean": 3976,
              "Shared_Dirty": 0,
              "Shared_Hugetlb": 0,
              "ShmemPmdMapped": 0,
              "Swap": 0,
              "SwapPss": 0
            },
            "start_ticks": 261663583
          }
        ],
        "reason": "phase_marker",
        "tree_rss_kib": 70044
      },
      {
        "elapsed_s": 3468.1315,
        "processes": [
          {
            "pid": 3421488,
            "rollup_kib": {
              "AnonHugePages": 0,
              "Anonymous": 45320,
              "FilePmdMapped": 0,
              "KSM": 0,
              "LazyFree": 0,
              "Locked": 0,
              "Private_Clean": 68,
              "Private_Dirty": 45320,
              "Private_Hugetlb": 0,
              "Pss": 48095,
              "Pss_Anon": 45320,
              "Pss_Dirty": 45320,
              "Pss_File": 2775,
              "Pss_Shmem": 0,
              "Referenced": 57676,
              "Rss": 57676,
              "Shared_Clean": 12288,
              "Shared_Dirty": 0,
              "Shared_Hugetlb": 0,
              "ShmemPmdMapped": 0,
              "Swap": 0,
              "SwapPss": 0
            },
            "start_ticks": 261432070
          }
        ],
        "reason": "phase_marker",
        "tree_rss_kib": 57676
      },
      {
        "elapsed_s": 3468.6379,
        "processes": [
          {
            "pid": 3421488,
            "rollup_kib": {
              "AnonHugePages": 0,
              "Anonymous": 45324,
              "FilePmdMapped": 0,
              "KSM": 0,
              "LazyFree": 0,
              "Locked": 0,
              "Private_Clean": 68,
              "Private_Dirty": 45324,
              "Private_Hugetlb": 0,
              "Pss": 48056,
              "Pss_Anon": 45324,
              "Pss_Dirty": 45324,
              "Pss_File": 2732,
              "Pss_Shmem": 0,
              "Referenced": 57680,
              "Rss": 57680,
              "Shared_Clean": 12288,
              "Shared_Dirty": 0,
              "Shared_Hugetlb": 0,
              "ShmemPmdMapped": 0,
              "Swap": 0,
              "SwapPss": 0
            },
            "start_ticks": 261432070
          },
          {
            "pid": 4048710,
            "rollup_kib": {
              "AnonHugePages": 0,
              "Anonymous": 1248,
              "FilePmdMapped": 0,
              "KSM": 0,
              "LazyFree": 0,
              "Locked": 0,
              "Private_Clean": 640,
              "Private_Dirty": 1248,
              "Private_Hugetlb": 0,
              "Pss": 3635,
              "Pss_Anon": 1248,
              "Pss_Dirty": 1248,
              "Pss_File": 2387,
              "Pss_Shmem": 0,
              "Referenced": 7700,
              "Rss": 7700,
              "Shared_Clean": 5812,
              "Shared_Dirty": 0,
              "Shared_Hugetlb": 0,
              "ShmemPmdMapped": 0,
              "Swap": 0,
              "SwapPss": 0
            },
            "start_ticks": 261778903
          },
          {
            "pid": 4048711,
            "rollup_kib": {
              "AnonHugePages": 0,
              "Anonymous": 384,
              "FilePmdMapped": 0,
              "KSM": 0,
              "LazyFree": 0,
              "Locked": 0,
              "Private_Clean": 276,
              "Private_Dirty": 384,
              "Private_Hugetlb": 0,
              "Pss": 779,
              "Pss_Anon": 384,
              "Pss_Dirty": 384,
              "Pss_File": 395,
              "Pss_Shmem": 0,
              "Referenced": 2620,
              "Rss": 2620,
              "Shared_Clean": 1960,
              "Shared_Dirty": 0,
              "Shared_Hugetlb": 0,
              "ShmemPmdMapped": 0,
              "Swap": 0,
              "SwapPss": 0
            },
            "start_ticks": 261778903
          },
          {
            "pid": 4048713,
            "rollup_kib": {
              "AnonHugePages": 0,
              "Anonymous": 280,
              "FilePmdMapped": 0,
              "KSM": 0,
              "LazyFree": 0,
              "Locked": 0,
              "Private_Clean": 1004,
              "Private_Dirty": 280,
              "Private_Hugetlb": 0,
              "Pss": 1394,
              "Pss_Anon": 280,
              "Pss_Dirty": 280,
              "Pss_File": 1114,
              "Pss_Shmem": 0,
              "Referenced": 3124,
              "Rss": 3124,
              "Shared_Clean": 1840,
              "Shared_Dirty": 0,
              "Shared_Hugetlb": 0,
              "ShmemPmdMapped": 0,
              "Swap": 0,
              "SwapPss": 0
            },
            "start_ticks": 261778903
          },
          {
            "pid": 4048714,
            "rollup_kib": {
              "AnonHugePages": 0,
              "Anonymous": 139924,
              "FilePmdMapped": 0,
              "KSM": 0,
              "LazyFree": 0,
              "Locked": 0,
              "Private_Clean": 24564,
              "Private_Dirty": 139924,
              "Private_Hugetlb": 0,
              "Pss": 164776,
              "Pss_Anon": 139924,
              "Pss_Dirty": 139924,
              "Pss_File": 24852,
              "Pss_Shmem": 0,
              "Referenced": 167348,
              "Rss": 167348,
              "Shared_Clean": 2860,
              "Shared_Dirty": 0,
              "Shared_Hugetlb": 0,
              "ShmemPmdMapped": 0,
              "Swap": 0,
              "SwapPss": 0
            },
            "start_ticks": 261778903
          }
        ],
        "reason": "phase_marker",
        "tree_rss_kib": 238472
      },
      {
        "elapsed_s": 3481.7246,
        "processes": [
          {
            "pid": 3421488,
            "rollup_kib": {
              "AnonHugePages": 0,
              "Anonymous": 45324,
              "FilePmdMapped": 0,
              "KSM": 0,
              "LazyFree": 0,
              "Locked": 0,
              "Private_Clean": 68,
              "Private_Dirty": 45324,
              "Private_Hugetlb": 0,
              "Pss": 48056,
              "Pss_Anon": 45324,
              "Pss_Dirty": 45324,
              "Pss_File": 2732,
              "Pss_Shmem": 0,
              "Referenced": 57680,
              "Rss": 57680,
              "Shared_Clean": 12288,
              "Shared_Dirty": 0,
              "Shared_Hugetlb": 0,
              "ShmemPmdMapped": 0,
              "Swap": 0,
              "SwapPss": 0
            },
            "start_ticks": 261432070
          },
          {
            "pid": 4051233,
            "rollup_kib": {
              "AnonHugePages": 0,
              "Anonymous": 1244,
              "FilePmdMapped": 0,
              "KSM": 0,
              "LazyFree": 0,
              "Locked": 0,
              "Private_Clean": 164,
              "Private_Dirty": 1244,
              "Private_Hugetlb": 0,
              "Pss": 3427,
              "Pss_Anon": 1244,
              "Pss_Dirty": 1244,
              "Pss_File": 2183,
              "Pss_Shmem": 0,
              "Referenced": 7768,
              "Rss": 7768,
              "Shared_Clean": 6360,
              "Shared_Dirty": 0,
              "Shared_Hugetlb": 0,
              "ShmemPmdMapped": 0,
              "Swap": 0,
              "SwapPss": 0
            },
            "start_ticks": 261780227
          },
          {
            "pid": 4051234,
            "rollup_kib": {
              "AnonHugePages": 0,
              "Anonymous": 384,
              "FilePmdMapped": 0,
              "KSM": 0,
              "LazyFree": 0,
              "Locked": 0,
              "Private_Clean": 276,
              "Private_Dirty": 384,
              "Private_Hugetlb": 0,
              "Pss": 779,
              "Pss_Anon": 384,
              "Pss_Dirty": 384,
              "Pss_File": 395,
              "Pss_Shmem": 0,
              "Referenced": 2620,
              "Rss": 2620,
              "Shared_Clean": 1960,
              "Shared_Dirty": 0,
              "Shared_Hugetlb": 0,
              "ShmemPmdMapped": 0,
              "Swap": 0,
              "SwapPss": 0
            },
            "start_ticks": 261780227
          },
          {
            "pid": 4051236,
            "rollup_kib": {
              "AnonHugePages": 0,
              "Anonymous": 276,
              "FilePmdMapped": 0,
              "KSM": 0,
              "LazyFree": 0,
              "Locked": 0,
              "Private_Clean": 1004,
              "Private_Dirty": 276,
              "Private_Hugetlb": 0,
              "Pss": 1390,
              "Pss_Anon": 276,
              "Pss_Dirty": 276,
              "Pss_File": 1114,
              "Pss_Shmem": 0,
              "Referenced": 3120,
              "Rss": 3120,
              "Shared_Clean": 1840,
              "Shared_Dirty": 0,
              "Shared_Hugetlb": 0,
              "ShmemPmdMapped": 0,
              "Swap": 0,
              "SwapPss": 0
            },
            "start_ticks": 261780227
          },
          {
            "pid": 4051237,
            "rollup_kib": {
              "AnonHugePages": 0,
              "Anonymous": 90068,
              "FilePmdMapped": 0,
              "KSM": 0,
              "LazyFree": 0,
              "Locked": 0,
              "Private_Clean": 15016,
              "Private_Dirty": 90068,
              "Private_Hugetlb": 0,
              "Pss": 105348,
              "Pss_Anon": 90068,
              "Pss_Dirty": 90068,
              "Pss_File": 15280,
              "Pss_Shmem": 0,
              "Referenced": 107948,
              "Rss": 107948,
              "Shared_Clean": 2864,
              "Shared_Dirty": 0,
              "Shared_Hugetlb": 0,
              "ShmemPmdMapped": 0,
              "Swap": 0,
              "SwapPss": 0
            },
            "start_ticks": 261780227
          }
        ],
        "reason": "phase_marker",
        "tree_rss_kib": 178132
      },
      {
        "elapsed_s": 3494.8145,
        "processes": [
          {
            "pid": 3421488,
            "rollup_kib": {
              "AnonHugePages": 0,
              "Anonymous": 45324,
              "FilePmdMapped": 0,
              "KSM": 0,
              "LazyFree": 0,
              "Locked": 0,
              "Private_Clean": 68,
              "Private_Dirty": 45324,
              "Private_Hugetlb": 0,
              "Pss": 48099,
              "Pss_Anon": 45324,
              "Pss_Dirty": 45324,
              "Pss_File": 2775,
              "Pss_Shmem": 0,
              "Referenced": 57680,
              "Rss": 57680,
              "Shared_Clean": 12288,
              "Shared_Dirty": 0,
              "Shared_Hugetlb": 0,
              "ShmemPmdMapped": 0,
              "Swap": 0,
              "SwapPss": 0
            },
            "start_ticks": 261432070
          }
        ],
        "reason": "phase_marker",
        "tree_rss_kib": 57680
      },
      {
        "elapsed_s": 3495.323,
        "processes": [
          {
            "pid": 3421488,
            "rollup_kib": {
              "AnonHugePages": 0,
              "Anonymous": 45324,
              "FilePmdMapped": 0,
              "KSM": 0,
              "LazyFree": 0,
              "Locked": 0,
              "Private_Clean": 68,
              "Private_Dirty": 45324,
              "Private_Hugetlb": 0,
              "Pss": 48063,
              "Pss_Anon": 45324,
              "Pss_Dirty": 45324,
              "Pss_File": 2739,
              "Pss_Shmem": 0,
              "Referenced": 57680,
              "Rss": 57680,
              "Shared_Clean": 12288,
              "Shared_Dirty": 0,
              "Shared_Hugetlb": 0,
              "ShmemPmdMapped": 0,
              "Swap": 0,
              "SwapPss": 0
            },
            "start_ticks": 261432070
          },
          {
            "pid": 4053656,
            "rollup_kib": {
              "AnonHugePages": 0,
              "Anonymous": 1248,
              "FilePmdMapped": 0,
              "KSM": 0,
              "LazyFree": 0,
              "Locked": 0,
              "Private_Clean": 3620,
              "Private_Dirty": 1248,
              "Private_Hugetlb": 0,
              "Pss": 5079,
              "Pss_Anon": 1248,
              "Pss_Dirty": 1248,
              "Pss_File": 3831,
              "Pss_Shmem": 0,
              "Referenced": 7600,
              "Rss": 7600,
              "Shared_Clean": 2732,
              "Shared_Dirty": 0,
              "Shared_Hugetlb": 0,
              "ShmemPmdMapped": 0,
              "Swap": 0,
              "SwapPss": 0
            },
            "start_ticks": 261781552
          },
          {
            "pid": 4053657,
            "rollup_kib": {
              "AnonHugePages": 0,
              "Anonymous": 1189384,
              "FilePmdMapped": 0,
              "KSM": 0,
              "LazyFree": 0,
              "Locked": 0,
              "Private_Clean": 52,
              "Private_Dirty": 1189748,
              "Private_Hugetlb": 0,
              "Pss": 1190285,
              "Pss_Anon": 1189384,
              "Pss_Dirty": 1189748,
              "Pss_File": 901,
              "Pss_Shmem": 0,
              "Referenced": 1193800,
              "Rss": 1193800,
              "Shared_Clean": 4000,
              "Shared_Dirty": 0,
              "Shared_Hugetlb": 0,
              "ShmemPmdMapped": 0,
              "Swap": 0,
              "SwapPss": 0
            },
            "start_ticks": 261781552
          }
        ],
        "reason": "phase_marker",
        "tree_rss_kib": 1259080
      },
      {
        "elapsed_s": 4638.5916,
        "processes": [
          {
            "pid": 69047,
            "rollup_kib": {
              "AnonHugePages": 0,
              "Anonymous": 1248,
              "FilePmdMapped": 0,
              "KSM": 0,
              "LazyFree": 0,
              "Locked": 0,
              "Private_Clean": 364,
              "Private_Dirty": 1248,
              "Private_Hugetlb": 0,
              "Pss": 3585,
              "Pss_Anon": 1248,
              "Pss_Dirty": 1248,
              "Pss_File": 2337,
              "Pss_Shmem": 0,
              "Referenced": 7900,
              "Rss": 7900,
              "Shared_Clean": 6288,
              "Shared_Dirty": 0,
              "Shared_Hugetlb": 0,
              "ShmemPmdMapped": 0,
              "Swap": 0,
              "SwapPss": 0
            },
            "start_ticks": 261895912
          },
          {
            "pid": 69048,
            "rollup_kib": {
              "AnonHugePages": 0,
              "Anonymous": 1019856,
              "FilePmdMapped": 0,
              "KSM": 0,
              "LazyFree": 0,
              "Locked": 0,
              "Private_Clean": 292,
              "Private_Dirty": 1019856,
              "Private_Hugetlb": 0,
              "Pss": 1020627,
              "Pss_Anon": 1019856,
              "Pss_Dirty": 1019856,
              "Pss_File": 771,
              "Pss_Shmem": 0,
              "Referenced": 1024040,
              "Rss": 1024040,
              "Shared_Clean": 3892,
              "Shared_Dirty": 0,
              "Shared_Hugetlb": 0,
              "ShmemPmdMapped": 0,
              "Swap": 0,
              "SwapPss": 0
            },
            "start_ticks": 261895912
          },
          {
            "pid": 3421488,
            "rollup_kib": {
              "AnonHugePages": 0,
              "Anonymous": 45324,
              "FilePmdMapped": 0,
              "KSM": 0,
              "LazyFree": 0,
              "Locked": 0,
              "Private_Clean": 68,
              "Private_Dirty": 45324,
              "Private_Hugetlb": 0,
              "Pss": 48061,
              "Pss_Anon": 45324,
              "Pss_Dirty": 45324,
              "Pss_File": 2737,
              "Pss_Shmem": 0,
              "Referenced": 57680,
              "Rss": 57680,
              "Shared_Clean": 12288,
              "Shared_Dirty": 0,
              "Shared_Hugetlb": 0,
              "ShmemPmdMapped": 0,
              "Swap": 0,
              "SwapPss": 0
            },
            "start_ticks": 261432070
          }
        ],
        "reason": "phase_marker",
        "tree_rss_kib": 1089620
      },
      {
        "elapsed_s": 5792.4391,
        "processes": [
          {
            "pid": 280008,
            "rollup_kib": {
              "AnonHugePages": 0,
              "Anonymous": 1248,
              "FilePmdMapped": 0,
              "KSM": 0,
              "LazyFree": 0,
              "Locked": 0,
              "Private_Clean": 616,
              "Private_Dirty": 1248,
              "Private_Hugetlb": 0,
              "Pss": 3692,
              "Pss_Anon": 1248,
              "Pss_Dirty": 1248,
              "Pss_File": 2444,
              "Pss_Shmem": 0,
              "Referenced": 7880,
              "Rss": 7880,
              "Shared_Clean": 6016,
              "Shared_Dirty": 0,
              "Shared_Hugetlb": 0,
              "ShmemPmdMapped": 0,
              "Swap": 0,
              "SwapPss": 0
            },
            "start_ticks": 262011314
          },
          {
            "pid": 280009,
            "rollup_kib": {
              "AnonHugePages": 0,
              "Anonymous": 436,
              "FilePmdMapped": 0,
              "KSM": 0,
              "LazyFree": 0,
              "Locked": 0,
              "Private_Clean": 308,
              "Private_Dirty": 436,
              "Private_Hugetlb": 0,
              "Pss": 1199,
              "Pss_Anon": 436,
              "Pss_Dirty": 436,
              "Pss_File": 763,
              "Pss_Shmem": 0,
              "Referenced": 4764,
              "Rss": 4764,
              "Shared_Clean": 4020,
              "Shared_Dirty": 0,
              "Shared_Hugetlb": 0,
              "ShmemPmdMapped": 0,
              "Swap": 0,
              "SwapPss": 0
            },
            "start_ticks": 262011314
          },
          {
            "pid": 3421488,
            "rollup_kib": {
              "AnonHugePages": 0,
              "Anonymous": 45324,
              "FilePmdMapped": 0,
              "KSM": 0,
              "LazyFree": 0,
              "Locked": 0,
              "Private_Clean": 36,
              "Private_Dirty": 45324,
              "Private_Hugetlb": 0,
              "Pss": 47202,
              "Pss_Anon": 45324,
              "Pss_Dirty": 45324,
              "Pss_File": 1878,
              "Pss_Shmem": 0,
              "Referenced": 57680,
              "Rss": 57680,
              "Shared_Clean": 12320,
              "Shared_Dirty": 0,
              "Shared_Hugetlb": 0,
              "ShmemPmdMapped": 0,
              "Swap": 0,
              "SwapPss": 0
            },
            "start_ticks": 261432070
          }
        ],
        "reason": "phase_marker",
        "tree_rss_kib": 70324
      },
      {
        "elapsed_s": 6958.337,
        "processes": [],
        "reason": "phase_marker+terminal",
        "tree_rss_kib": 0
      }
    ],
    "status": "complete",
    "temporary_disk_limit_bytes": 16000000000,
    "wall_time_limit_seconds": null
  }
}
