{"command": ["/usr/bin/python3", "/home/x/deco/gamma/projects/enwiki9/tools/run_with_resource_guard_v3.py", "--limit-kib", "2097152", "--official-decimal-limit-kib", "2097152", "--limit-mode", "tree", "--cgroup-path", "/sys/fs/cgroup/user.slice/user-1000.slice/user@1000.service/app.slice/gamma-enwiki9-20260906T145045Z_48b35ff173", "--cgroup-memory-max-bytes", "2147483648", "--temporary-disk-limit-bytes", "268435456", "--phase-marker-path", "/home/x/deco/gamma/projects/enwiki9/run_logs/adaptive/20260906T145045Z_48b35ff173.resources/phases.jsonl", "--max-logical-cpus", "1", "--guard-json", "/home/x/deco/gamma/projects/enwiki9/run_logs/adaptive/20260906T145045Z_48b35ff173.resources/guard.json", "--label", "20260906T145045Z_48b35ff173", "--phase", "diagnostic", "--scratch-path", "/home/x/deco/gamma/projects/enwiki9/results/midas_open_observer_sha_cost4096_q0_v1", "--scratch-path", "/home/x/deco/gamma/projects/enwiki9/run_logs/adaptive/20260906T145045Z_48b35ff173.log", "--scratch-path", "/home/x/deco/gamma/projects/enwiki9/run_logs/adaptive/20260906T145045Z_48b35ff173.resources", "--scratch-path", "/tmp/gamma-enwiki9-20260906T145045Z_48b35ff173-wbl9u49d/midas_open_observer_sha_cost4096_q0_v1", "--", "/usr/bin/taskset", "--cpu-list", "2", "/bin/sh", "-c", "printf '%s\\n' '{\"phase\":\"diagnostic\",\"event\":\"worker_start\",\"detail\":\"operational envelope only; no codec phase credit\"}' >> \"$GAMMA_RESOURCE_PHASE_MARKERS\" || exit 125; exec \"$@\"", "enwiki9-discovery-envelope", "/usr/bin/python3", "/home/x/deco/gamma/projects/enwiki9/tools/midas_open_observed_sha_gate_v1.py", "--candidate", "midas_open_observer_sha_cost4096_q0_v1"], "job": {"candidate_id": "midas_open_observer_sha_cost4096_q0_v1", "candidate_revision": {"path": "operations/adaptive/candidate-revisions/midas_open_observer_sha_cost4096_q0_v1/20260906T145002324294Z_e9e9a61cb011.json", "sha256": "sha256:de3916a8bddc10992b6d8540b96295930cfdc6be6bb6b9a201d589ded86c9bfd"}, "candidate_tree_sha256": "sha256:e9e9a61cb0111c009e8ddeeb5040229e9445be95211eab0b1adf468db86fce3f", "execution_guard": {"path": "tools/run_with_resource_guard_v3.py", "sha256": "sha256:044147f7ffe6922ea8dafd52fc3d4426077b20958adbcd421245ad41adcfc1e4"}, "execution_mode": "discovery", "execution_resources": {"boot_id": "3ce46712-27bc-4199-8e48-e2b3d23926cb", "budget": {"cgroup_parent": "/sys/fs/cgroup/user.slice/user-1000.slice/user@1000.service/app.slice", "cpus": [2], "memory_bytes": 2147483648, "scratch_bytes": 268435456, "swap_bytes": 0, "wall_seconds": 180}, "cgroup_inode": 233256, "cgroup_path": "/sys/fs/cgroup/user.slice/user-1000.slice/user@1000.service/app.slice/gamma-enwiki9-20260906T145045Z_48b35ff173", "cpu_enforcement": "taskset-and-sampled-affinity-guard", "groups": [{"created": true, "inode": 233256, "kernel_cpuset": false, "memory_bytes": 2147483648, "path": "/sys/fs/cgroup/user.slice/user-1000.slice/user@1000.service/app.slice/gamma-enwiki9-20260906T145045Z_48b35ff173"}], "guard_command_sha256": "4bce77c853a2e72f88c0047179e70ecd3e5e84a0b1d4261979c0688aca19c41e", "guard_path": "run_logs/adaptive/20260906T145045Z_48b35ff173.resources/guard.json", "missing_diagnostics": ["kernel cpuset controller is not delegated; taskset assignment and existing affinity guard remain active"], "timing_authority": "diagnostic"}, "experiment": {"path": "operations/adaptive/experiments/midas_open_observer_sha_cost4096_q0_v1.json", "sha256": "sha256:5c78bd482486710b6651d9dd3bb3303261a466dd8679a8ae70e614195b7c1d8b"}, "gate_size": 4096, "held": false, "held_at": "2026-09-06T14:50:44+00:00", "hold_history": [{"at": "2026-09-06T14:50:44+00:00", "held": true, "reason": "Held from initial atomic write until root_explore ownership and all304 frozen inputs are published; distant100KB CPU2 gate must close and fresh admission must pass."}, {"at": "2026-09-06T14:59:18+00:00", "held": false, "reason": "All304 inputs and root_explore ownership published at1f7f2a8f770b48d0bff6470948bf27266bf99207; unchanged adapter preflight passes. Distant100KB job completed with all16 phases, clean guard/cgroup removal and validated reflection; its launcher refresh also closed. Fresh14:57:21Z canonical admission identifies only preserved HORIZON jobs, no exclusive lease or other CPU2 gate."}], "job_id": "20260906T145045Z_48b35ff173", "priority": 40, "proposal": {"path": "operations/adaptive/proposals/developed/949_midas_open_observer_sha_cost4096_q0_v1.json", "sha256": "sha256:4446151ceed8e09f7dd0609449474796657c197d6995f606552dd1cd84820321"}, "proposal_id": "midas_open_observer_sha_cost4096_q0_v1", "purpose": "diagnostic", "released_at": "2026-09-06T14:59:18+00:00", "resource_budget": {"cgroup_parent": "/sys/fs/cgroup/user.slice/user-1000.slice/user@1000.service/app.slice", "cpus": [2], "memory_bytes": 2147483648, "scratch_bytes": 268435456, "swap_bytes": 0, "wall_seconds": 180}, "runner": {"path": "tools/midas_open_observed_sha_gate_v1.py", "sha256": "sha256:fa48461e16e5cb2cee6caaaf551f6a395f2884a69034feb064987ab3a2e92c6c"}, "schema": "gamma.enwiki9.adaptive-job.v3", "scratch_directories": ["results/midas_open_observer_sha_cost4096_q0_v1"], "started_at": "2026-09-06T14:59:18+00:00", "state": "running", "submitted_at": "2026-09-06T14:50:45+00:00", "tags": ["held_initially", "owner_root_explore", "sha_observer_cost", "synthetic4096"], "timing_authority": "diagnostic", "tool": "tools/midas_open_observed_sha_gate_v1.py", "tool_args": ["--candidate", "midas_open_observer_sha_cost4096_q0_v1"]}}
{
  "resource_guard": {
    "cgroup": {
      "inode": 233256,
      "joined_before_exec": true,
      "memory_max_bytes": 2147483648,
      "memory_max_rounding_bytes": 0,
      "memory_peak_reset": true,
      "path": "/sys/fs/cgroup/user.slice/user-1000.slice/user@1000.service/app.slice/gamma-enwiki9-20260906T145045Z_48b35ff173",
      "previous_memory_max": "2147483648",
      "requested_memory_max_bytes": 2147483648
    },
    "cgroup_events": {
      "baseline": {
        "high": 0,
        "low": 0,
        "max": 0,
        "oom": 0,
        "oom_group_kill": 0,
        "oom_kill": 0,
        "sock_throttled": 0
      },
      "delta": {
        "high": 0,
        "low": 0,
        "max": 0,
        "oom": 0,
        "oom_group_kill": 0,
        "oom_kill": 0,
        "sock_throttled": 0
      },
      "final": {
        "high": 0,
        "low": 0,
        "max": 0,
        "oom": 0,
        "oom_group_kill": 0,
        "oom_kill": 0,
        "sock_throttled": 0
      }
    },
    "command": [
      "/usr/bin/taskset",
      "--cpu-list",
      "2",
      "/bin/sh",
      "-c",
      "printf '%s\\n' '{\"phase\":\"diagnostic\",\"event\":\"worker_start\",\"detail\":\"operational envelope only; no codec phase credit\"}' >> \"$GAMMA_RESOURCE_PHASE_MARKERS\" || exit 125; exec \"$@\"",
      "enwiki9-discovery-envelope",
      "/usr/bin/python3",
      "/home/x/deco/gamma/projects/enwiki9/tools/midas_open_observed_sha_gate_v1.py",
      "--candidate",
      "midas_open_observer_sha_cost4096_q0_v1"
    ],
    "command_sha256": "34551f2fd1818a08694e5e55b4c3e73c00fb2a20ba5eaa0993f7369b6db6e61d",
    "elapsed_s": 0.0243,
    "failure": "logical_cpu_limit_exceeded",
    "geekbench5_single_core_score": null,
    "guards": {
      "cgroup_memory_guard_exceeded": false,
      "logical_cpu_guard_exceeded": true,
      "measurement_incomplete": false,
      "official_decimal_memory_exceeded": false,
      "phase_marker_invalid": false,
      "rss_guard_exceeded": false,
      "temporary_disk_guard_exceeded": false,
      "wall_time_guard_exceeded": false
    },
    "label": "20260906T145045Z_48b35ff173",
    "latest_sample": {
      "allowed_cpu_union": [
        0,
        1,
        2,
        3,
        4,
        5,
        6,
        7,
        8,
        9,
        10,
        11,
        12,
        13,
        14,
        15,
        16,
        17,
        18,
        19,
        20,
        21,
        22,
        23,
        24,
        25,
        26,
        27,
        28,
        29,
        30,
        31
      ],
      "cgroup_current_bytes": 524288,
      "elapsed_s": 0.0225,
      "max_single_rss_kib": 2020,
      "persistent_status_misses": [],
      "processes": [
        {
          "allowed_cpus": [
            0,
            1,
            2,
            3,
            4,
            5,
            6,
            7,
            8,
            9,
            10,
            11,
            12,
            13,
            14,
            15,
            16,
            17,
            18,
            19,
            20,
            21,
            22,
            23,
            24,
            25,
            26,
            27,
            28,
            29,
            30,
            31
          ],
          "comm": "sh",
          "live_threads": 1,
          "pid": 2348911,
          "rss_kib": 2020,
          "runnable_threads": 1,
          "start_ticks": 180289643,
          "vmhwm_kib": 2020
        }
      ],
      "scratch_allocated_bytes": 24576,
      "scratch_file_count": 4,
      "scratch_logical_bytes": 6978,
      "scratch_race_count": 0,
      "tree_live_threads": 1,
      "tree_rss_kib": 2020,
      "tree_runnable_threads": 1
    },
    "limit_kib": 2097152,
    "limit_mode": "tree",
    "max_logical_cpus": 1,
    "measurements": {
      "affinity_complete": true,
      "cgroup_v2_complete": true,
      "per_process_vmhwm_sampled": true,
      "phase_markers_complete": false,
      "process_tree_rss_complete": true,
      "scratch_logical_and_allocated_complete": true,
      "smaps_rollup_complete": true
    },
    "objective": {
      "corpusBytes": 1000000000,
      "corpusSha256": "159b85351e5f76e60cbe32e04c677847a9ecba3adc79addab6f4c6c7aa3744bc",
      "objectiveDigest": "sha256:16badfa6c1a53b47bcc12b089fdd9c21f7405ea56a84344d60c28d2252da8288",
      "objectiveId": "gamma-enwiki9-hutter-99m-v2",
      "objectivePath": "contracts/research/v2/objective-contract.json",
      "targetScoreBytes": 99000000
    },
    "official_decimal_limit_kib": 2097152,
    "peak_process_vmhwm": {
      "comm": "sh",
      "observed_elapsed_s": 0.0225,
      "pid": 2348911,
      "start_ticks": 180289643,
      "vmhwm_kib": 2020
    },
    "peak_sample": {
      "allowed_cpu_union": [
        0,
        1,
        2,
        3,
        4,
        5,
        6,
        7,
        8,
        9,
        10,
        11,
        12,
        13,
        14,
        15,
        16,
        17,
        18,
        19,
        20,
        21,
        22,
        23,
        24,
        25,
        26,
        27,
        28,
        29,
        30,
        31
      ],
      "cgroup_current_bytes": 524288,
      "elapsed_s": 0.0225,
      "max_single_rss_kib": 2020,
      "persistent_status_misses": [],
      "processes": [
        {
          "allowed_cpus": [
            0,
            1,
            2,
            3,
            4,
            5,
            6,
            7,
            8,
            9,
            10,
            11,
            12,
            13,
            14,
            15,
            16,
            17,
            18,
            19,
            20,
            21,
            22,
            23,
            24,
            25,
            26,
            27,
            28,
            29,
            30,
            31
          ],
          "comm": "sh",
          "live_threads": 1,
          "pid": 2348911,
          "rss_kib": 2020,
          "runnable_threads": 1,
          "start_ticks": 180289643,
          "vmhwm_kib": 2020
        }
      ],
      "scratch_allocated_bytes": 24576,
      "scratch_file_count": 4,
      "scratch_logical_bytes": 6978,
      "scratch_race_count": 0,
      "tree_live_threads": 1,
      "tree_rss_kib": 2020,
      "tree_runnable_threads": 1
    },
    "peak_tree_sample": {
      "allowed_cpu_union": [
        0,
        1,
        2,
        3,
        4,
        5,
        6,
        7,
        8,
        9,
        10,
        11,
        12,
        13,
        14,
        15,
        16,
        17,
        18,
        19,
        20,
        21,
        22,
        23,
        24,
        25,
        26,
        27,
        28,
        29,
        30,
        31
      ],
      "cgroup_current_bytes": 524288,
      "elapsed_s": 0.0225,
      "max_single_rss_kib": 2020,
      "persistent_status_misses": [],
      "processes": [
        {
          "allowed_cpus": [
            0,
            1,
            2,
            3,
            4,
            5,
            6,
            7,
            8,
            9,
            10,
            11,
            12,
            13,
            14,
            15,
            16,
            17,
            18,
            19,
            20,
            21,
            22,
            23,
            24,
            25,
            26,
            27,
            28,
            29,
            30,
            31
          ],
          "comm": "sh",
          "live_threads": 1,
          "pid": 2348911,
          "rss_kib": 2020,
          "runnable_threads": 1,
          "start_ticks": 180289643,
          "vmhwm_kib": 2020
        }
      ],
      "scratch_allocated_bytes": 24576,
      "scratch_file_count": 4,
      "scratch_logical_bytes": 6978,
      "scratch_race_count": 0,
      "tree_live_threads": 1,
      "tree_rss_kib": 2020,
      "tree_runnable_threads": 1
    },
    "peaks": {
      "cgroup_memory_peak_bytes": 524288,
      "max_observed_process_vmhwm_kib": 2020,
      "max_sampled_allowed_cpu_count": 32,
      "max_sampled_cgroup_current_bytes": 524288,
      "max_sampled_scratch_allocated_bytes": 24576,
      "max_sampled_scratch_logical_bytes": 6978,
      "max_sampled_single_rss_kib": 2020,
      "max_sampled_tree_live_threads": 1,
      "max_sampled_tree_rss_kib": 2020,
      "max_sampled_tree_runnable_threads": 1
    },
    "phase": "diagnostic",
    "phase_marker_path": "/home/x/deco/gamma/projects/enwiki9/run_logs/adaptive/20260906T145045Z_48b35ff173.resources/phases.jsonl",
    "phase_markers": [],
    "returncode": -15,
    "sample_count": 1,
    "sample_interval_seconds": 0.5,
    "schema": "gamma.enwiki9.resource-guard-receipt.v3",
    "scratch_paths": [
      "/home/x/deco/gamma/projects/enwiki9/results/midas_open_observer_sha_cost4096_q0_v1",
      "/home/x/deco/gamma/projects/enwiki9/run_logs/adaptive/20260906T145045Z_48b35ff173.log",
      "/home/x/deco/gamma/projects/enwiki9/run_logs/adaptive/20260906T145045Z_48b35ff173.resources",
      "/tmp/gamma-enwiki9-20260906T145045Z_48b35ff173-wbl9u49d/midas_open_observer_sha_cost4096_q0_v1"
    ],
    "smaps_rollup_checkpoints": [
      {
        "elapsed_s": 0.0225,
        "processes": [
          {
            "pid": 2348911,
            "rollup_kib": {
              "AnonHugePages": 0,
              "Anonymous": 32,
              "FilePmdMapped": 0,
              "KSM": 0,
              "LazyFree": 0,
              "Locked": 0,
              "Private_Clean": 0,
              "Private_Dirty": 32,
              "Private_Hugetlb": 0,
              "Pss": 35,
              "Pss_Anon": 32,
              "Pss_Dirty": 32,
              "Pss_File": 3,
              "Pss_Shmem": 0,
              "Referenced": 236,
              "Rss": 236,
              "Shared_Clean": 204,
              "Shared_Dirty": 0,
              "Shared_Hugetlb": 0,
              "ShmemPmdMapped": 0,
              "Swap": 0,
              "SwapPss": 0
            },
            "start_ticks": 180289643
          }
        ],
        "reason": "initial+rss_growth",
        "tree_rss_kib": 2020
      }
    ],
    "status": "logical_cpu_guard_exceeded",
    "temporary_disk_limit_bytes": 268435456,
    "wall_time_limit_seconds": null
  }
}
