{"command": ["/tmp/gamma-architecture-tests/bin/python", "/home/x/deco/gamma/projects/enwiki9/tools/run_with_resource_guard_v3.py", "--limit-kib", "9765624", "--official-decimal-limit-kib", "9765624", "--limit-mode", "tree", "--cgroup-path", "/sys/fs/cgroup/user.slice/user-1000.slice/user@1000.service/app.slice/gamma-enwiki9-20260919T235340Z_dfd8692458", "--cgroup-memory-max-bytes", "9999998976", "--temporary-disk-limit-bytes", "24000000000", "--phase-marker-path", "/home/x/deco/gamma/projects/enwiki9/run_logs/adaptive/20260919T235340Z_dfd8692458.resources/phases.jsonl", "--max-logical-cpus", "1", "--guard-json", "/home/x/deco/gamma/projects/enwiki9/run_logs/adaptive/20260919T235340Z_dfd8692458.resources/guard.json", "--label", "20260919T235340Z_dfd8692458", "--phase", "diagnostic", "--scratch-path", "/home/x/deco/gamma/projects/enwiki9/results/fx2_entropy_train250k_q0_v2", "--scratch-path", "/home/x/deco/gamma/projects/enwiki9/run_logs/adaptive/20260919T235340Z_dfd8692458.log", "--scratch-path", "/home/x/deco/gamma/projects/enwiki9/run_logs/adaptive/20260919T235340Z_dfd8692458.resources", "--scratch-path", "/tmp/gamma-enwiki9-20260919T235340Z_dfd8692458-chn87f4g/fx2_entropy_train250k_q0_v2", "--", "/usr/bin/taskset", "--cpu-list", "3", "/bin/sh", "-c", "printf '%s\\n' '{\"phase\":\"diagnostic\",\"event\":\"worker_start\",\"detail\":\"operational envelope only; no codec phase credit\"}' >> \"$GAMMA_RESOURCE_PHASE_MARKERS\" || exit 125; exec \"$@\"", "enwiki9-discovery-envelope", "/tmp/gamma-architecture-tests/bin/python", "/home/x/deco/gamma/projects/enwiki9/tools/fx2_entropy_gate_v2.py", "--root", "/home/x/deco/gamma/projects/enwiki9", "--output", "/home/x/deco/gamma/projects/enwiki9/results/fx2_entropy_train250k_q0_v2", "--plan", "/home/x/deco/gamma/projects/enwiki9/operations/provenance/fx2_entropy_train250k_q0_v2_plan.json", "--experiment", "/home/x/deco/gamma/projects/enwiki9/operations/adaptive/experiments/fx2_entropy_train250k_q0_v2.json", "--closure", "/home/x/deco/gamma/projects/enwiki9/operations/provenance/fx2_entropy_train250k_q0_v2_closure.json"], "job": {"candidate_id": "fx2_entropy_train250k_q0_v2", "candidate_revision": {"path": "operations/adaptive/candidate-revisions/fx2_entropy_train250k_q0_v2/20260919T235302911995Z_2fa745963cec.json", "sha256": "sha256:00b88f7afac56d84fcdeb174e9d0c4dc697dd6fa699e2f5edcc9fdfc1fc89295"}, "candidate_tree_sha256": "sha256:2fa745963cec51beb9cd7f77e1aadaa935366a7b495b0183a1e72c43acf0583d", "execution_guard": {"path": "tools/run_with_resource_guard_v3.py", "sha256": "sha256:044147f7ffe6922ea8dafd52fc3d4426077b20958adbcd421245ad41adcfc1e4"}, "execution_mode": "discovery", "execution_resources": {"boot_id": "3ce46712-27bc-4199-8e48-e2b3d23926cb", "budget": {"cgroup_parent": "/sys/fs/cgroup/user.slice/user-1000.slice/user@1000.service/app.slice", "cpus": [3], "memory_bytes": 9999998976, "scratch_bytes": 24000000000, "swap_bytes": 0, "wall_seconds": 1800}, "cgroup_inode": 376651, "cgroup_path": "/sys/fs/cgroup/user.slice/user-1000.slice/user@1000.service/app.slice/gamma-enwiki9-20260919T235340Z_dfd8692458", "cpu_enforcement": "taskset-and-sampled-affinity-guard", "groups": [{"created": true, "inode": 376651, "kernel_cpuset": false, "memory_bytes": 9999998976, "path": "/sys/fs/cgroup/user.slice/user-1000.slice/user@1000.service/app.slice/gamma-enwiki9-20260919T235340Z_dfd8692458"}], "guard_command_sha256": "22c73f290ccbaaf11904391877812b3ade21407a0513f8490704965f0b61b0f9", "guard_path": "run_logs/adaptive/20260919T235340Z_dfd8692458.resources/guard.json", "missing_diagnostics": ["kernel cpuset controller is not delegated; taskset assignment and existing affinity guard remain active"], "timing_authority": "diagnostic"}, "experiment": {"path": "operations/adaptive/experiments/fx2_entropy_train250k_q0_v2.json", "sha256": "sha256:910f81f690a47f663c81f36fe9be33fb82ab768ad0ab7fd08b249c1e09a359c3"}, "gate_size": 250000, "job_id": "20260919T235340Z_dfd8692458", "priority": 90, "proposal": {"path": "operations/adaptive/proposals/developed/949_fx2_entropy_train250k_q0_v2.json", "sha256": "sha256:064a42492b5112d5f5bd6f5a91e24858c964b33bdd86dd41898bef62edc47e9b"}, "proposal_id": "fx2_entropy_train250k_q0_v2", "purpose": "diagnostic", "resource_budget": {"cgroup_parent": "/sys/fs/cgroup/user.slice/user-1000.slice/user@1000.service/app.slice", "cpus": [3], "memory_bytes": 9999998976, "scratch_bytes": 24000000000, "swap_bytes": 0, "wall_seconds": 1800}, "runner": {"path": "tools/fx2_entropy_gate_v2.py", "sha256": "sha256:47e62257792d8758e6d712a5187649844df1638219b5d77003ffc61eb19ce5e7"}, "schema": "gamma.enwiki9.adaptive-job.v3", "scratch_directories": ["results/fx2_entropy_train250k_q0_v2"], "started_at": "2026-09-19T23:53:40+00:00", "state": "running", "submitted_at": "2026-09-19T23:53:40+00:00", "tags": [], "timing_authority": "diagnostic", "tool": "tools/fx2_entropy_gate_v2.py", "tool_args": ["--root", "/home/x/deco/gamma/projects/enwiki9", "--output", "/home/x/deco/gamma/projects/enwiki9/results/fx2_entropy_train250k_q0_v2", "--plan", "/home/x/deco/gamma/projects/enwiki9/operations/provenance/fx2_entropy_train250k_q0_v2_plan.json", "--experiment", "/home/x/deco/gamma/projects/enwiki9/operations/adaptive/experiments/fx2_entropy_train250k_q0_v2.json", "--closure", "/home/x/deco/gamma/projects/enwiki9/operations/provenance/fx2_entropy_train250k_q0_v2_closure.json"]}}
{"archive_bytes": {"P": 33429, "E": 39639}, "packed_model_bytes": {"P": 2930652, "E": 2903502}, "sample_plus_weight_delta": 48090}
{
  "resource_guard": {
    "cgroup": {
      "inode": 376651,
      "joined_before_exec": true,
      "memory_max_bytes": 9999998976,
      "memory_max_rounding_bytes": 0,
      "memory_peak_reset": true,
      "path": "/sys/fs/cgroup/user.slice/user-1000.slice/user@1000.service/app.slice/gamma-enwiki9-20260919T235340Z_dfd8692458",
      "previous_memory_max": "9999998976",
      "requested_memory_max_bytes": 9999998976
    },
    "cgroup_events": {
      "baseline": {
        "high": 0,
        "low": 0,
        "max": 0,
        "oom": 0,
        "oom_group_kill": 0,
        "oom_kill": 0,
        "sock_throttled": 0
      },
      "delta": {
        "high": 0,
        "low": 0,
        "max": 0,
        "oom": 0,
        "oom_group_kill": 0,
        "oom_kill": 0,
        "sock_throttled": 0
      },
      "final": {
        "high": 0,
        "low": 0,
        "max": 0,
        "oom": 0,
        "oom_group_kill": 0,
        "oom_kill": 0,
        "sock_throttled": 0
      }
    },
    "command": [
      "/usr/bin/taskset",
      "--cpu-list",
      "3",
      "/bin/sh",
      "-c",
      "printf '%s\\n' '{\"phase\":\"diagnostic\",\"event\":\"worker_start\",\"detail\":\"operational envelope only; no codec phase credit\"}' >> \"$GAMMA_RESOURCE_PHASE_MARKERS\" || exit 125; exec \"$@\"",
      "enwiki9-discovery-envelope",
      "/tmp/gamma-architecture-tests/bin/python",
      "/home/x/deco/gamma/projects/enwiki9/tools/fx2_entropy_gate_v2.py",
      "--root",
      "/home/x/deco/gamma/projects/enwiki9",
      "--output",
      "/home/x/deco/gamma/projects/enwiki9/results/fx2_entropy_train250k_q0_v2",
      "--plan",
      "/home/x/deco/gamma/projects/enwiki9/operations/provenance/fx2_entropy_train250k_q0_v2_plan.json",
      "--experiment",
      "/home/x/deco/gamma/projects/enwiki9/operations/adaptive/experiments/fx2_entropy_train250k_q0_v2.json",
      "--closure",
      "/home/x/deco/gamma/projects/enwiki9/operations/provenance/fx2_entropy_train250k_q0_v2_closure.json"
    ],
    "command_sha256": "bd5a4f6b79fb1ca80a79249c95455108a464df67ad2b857e66ab823b56d7b17b",
    "elapsed_s": 296.5175,
    "geekbench5_single_core_score": null,
    "guards": {
      "cgroup_memory_guard_exceeded": false,
      "logical_cpu_guard_exceeded": false,
      "measurement_incomplete": false,
      "official_decimal_memory_exceeded": false,
      "phase_marker_invalid": false,
      "rss_guard_exceeded": false,
      "temporary_disk_guard_exceeded": false,
      "wall_time_guard_exceeded": false
    },
    "label": "20260919T235340Z_dfd8692458",
    "latest_sample": {
      "allowed_cpu_union": [],
      "cgroup_current_bytes": 226181120,
      "elapsed_s": 296.5153,
      "max_single_rss_kib": 0,
      "persistent_status_misses": [],
      "processes": [],
      "scratch_allocated_bytes": 132743168,
      "scratch_file_count": 218,
      "scratch_logical_bytes": 132003721,
      "scratch_race_count": 0,
      "tree_live_threads": 0,
      "tree_rss_kib": 0,
      "tree_runnable_threads": 0
    },
    "limit_kib": 9765624,
    "limit_mode": "tree",
    "max_logical_cpus": 1,
    "measurements": {
      "affinity_complete": true,
      "cgroup_v2_complete": true,
      "per_process_vmhwm_sampled": true,
      "phase_markers_complete": true,
      "process_tree_rss_complete": true,
      "scratch_logical_and_allocated_complete": true,
      "smaps_rollup_complete": true
    },
    "objective": {
      "corpusBytes": 1000000000,
      "corpusSha256": "159b85351e5f76e60cbe32e04c677847a9ecba3adc79addab6f4c6c7aa3744bc",
      "objectiveDigest": "sha256:409b70547f901a3ac5fffd7fd7a1e1d77b05fb44d9e9d889be1337bd153706d7",
      "objectiveId": "gamma-enwiki9-hutter-96m-v4",
      "objectivePath": "contracts/research/v4/objective-contract.json",
      "targetScoreBytes": 96000000
    },
    "official_decimal_limit_kib": 9765624,
    "peak_process_vmhwm": {
      "comm": "cmix",
      "observed_elapsed_s": 52.5343,
      "pid": 334312,
      "start_ticks": 295817272,
      "vmhwm_kib": 5658312
    },
    "peak_sample": {
      "allowed_cpu_union": [
        3
      ],
      "cgroup_current_bytes": 5929078784,
      "elapsed_s": 52.5343,
      "max_single_rss_kib": 5658312,
      "persistent_status_misses": [],
      "processes": [
        {
          "allowed_cpus": [
            3
          ],
          "comm": "python",
          "live_threads": 1,
          "pid": 330775,
          "rss_kib": 37960,
          "runnable_threads": 0,
          "start_ticks": 295815895,
          "vmhwm_kib": 37960
        },
        {
          "allowed_cpus": [
            3
          ],
          "comm": "cmix",
          "live_threads": 1,
          "pid": 334312,
          "rss_kib": 5658312,
          "runnable_threads": 1,
          "start_ticks": 295817272,
          "vmhwm_kib": 5658312
        }
      ],
      "scratch_allocated_bytes": 101310464,
      "scratch_file_count": 179,
      "scratch_logical_bytes": 14777549833,
      "scratch_race_count": 0,
      "tree_live_threads": 2,
      "tree_rss_kib": 5696272,
      "tree_runnable_threads": 1
    },
    "peak_tree_sample": {
      "allowed_cpu_union": [
        3
      ],
      "cgroup_current_bytes": 5929078784,
      "elapsed_s": 52.5343,
      "max_single_rss_kib": 5658312,
      "persistent_status_misses": [],
      "processes": [
        {
          "allowed_cpus": [
            3
          ],
          "comm": "python",
          "live_threads": 1,
          "pid": 330775,
          "rss_kib": 37960,
          "runnable_threads": 0,
          "start_ticks": 295815895,
          "vmhwm_kib": 37960
        },
        {
          "allowed_cpus": [
            3
          ],
          "comm": "cmix",
          "live_threads": 1,
          "pid": 334312,
          "rss_kib": 5658312,
          "runnable_threads": 1,
          "start_ticks": 295817272,
          "vmhwm_kib": 5658312
        }
      ],
      "scratch_allocated_bytes": 101310464,
      "scratch_file_count": 179,
      "scratch_logical_bytes": 14777549833,
      "scratch_race_count": 0,
      "tree_live_threads": 2,
      "tree_rss_kib": 5696272,
      "tree_runnable_threads": 1
    },
    "peaks": {
      "cgroup_memory_peak_bytes": 6050131968,
      "max_observed_process_vmhwm_kib": 5658312,
      "max_sampled_allowed_cpu_count": 1,
      "max_sampled_cgroup_current_bytes": 6045732864,
      "max_sampled_scratch_allocated_bytes": 136024064,
      "max_sampled_scratch_logical_bytes": 14812130711,
      "max_sampled_single_rss_kib": 5658312,
      "max_sampled_tree_live_threads": 4,
      "max_sampled_tree_rss_kib": 5696272,
      "max_sampled_tree_runnable_threads": 2
    },
    "phase": "diagnostic",
    "phase_marker_path": "/home/x/deco/gamma/projects/enwiki9/run_logs/adaptive/20260919T235340Z_dfd8692458.resources/phases.jsonl",
    "phase_markers": [
      {
        "detail": "operational envelope only; no codec phase credit",
        "event": "worker_start",
        "observed_elapsed_s": 0.0224,
        "phase": "diagnostic",
        "source_line": 1
      }
    ],
    "returncode": 0,
    "sample_count": 588,
    "sample_interval_seconds": 0.5,
    "schema": "gamma.enwiki9.resource-guard-receipt.v3",
    "scratch_paths": [
      "/home/x/deco/gamma/projects/enwiki9/results/fx2_entropy_train250k_q0_v2",
      "/home/x/deco/gamma/projects/enwiki9/run_logs/adaptive/20260919T235340Z_dfd8692458.log",
      "/home/x/deco/gamma/projects/enwiki9/run_logs/adaptive/20260919T235340Z_dfd8692458.resources",
      "/tmp/gamma-enwiki9-20260919T235340Z_dfd8692458-chn87f4g/fx2_entropy_train250k_q0_v2"
    ],
    "smaps_rollup_checkpoints": [
      {
        "elapsed_s": 0.0224,
        "processes": [
          {
            "pid": 330775,
            "rollup_kib": {
              "AnonHugePages": 0,
              "Anonymous": 3348,
              "FilePmdMapped": 0,
              "KSM": 0,
              "LazyFree": 0,
              "Locked": 0,
              "Private_Clean": 24,
              "Private_Dirty": 3348,
              "Private_Hugetlb": 0,
              "Pss": 4646,
              "Pss_Anon": 3348,
              "Pss_Dirty": 3348,
              "Pss_File": 1298,
              "Pss_Shmem": 0,
              "Referenced": 9632,
              "Rss": 9632,
              "Shared_Clean": 6260,
              "Shared_Dirty": 0,
              "Shared_Hugetlb": 0,
              "ShmemPmdMapped": 0,
              "Swap": 0,
              "SwapPss": 0
            },
            "start_ticks": 295815895
          }
        ],
        "reason": "initial+phase_marker+rss_growth",
        "tree_rss_kib": 9632
      },
      {
        "elapsed_s": 3.5384,
        "processes": [
          {
            "pid": 330775,
            "rollup_kib": {
              "AnonHugePages": 0,
              "Anonymous": 17944,
              "FilePmdMapped": 0,
              "KSM": 0,
              "LazyFree": 0,
              "Locked": 0,
              "Private_Clean": 124,
              "Private_Dirty": 17944,
              "Private_Hugetlb": 0,
              "Pss": 20359,
              "Pss_Anon": 17944,
              "Pss_Dirty": 17944,
              "Pss_File": 2415,
              "Pss_Shmem": 0,
              "Referenced": 30656,
              "Rss": 30656,
              "Shared_Clean": 12588,
              "Shared_Dirty": 0,
              "Shared_Hugetlb": 0,
              "ShmemPmdMapped": 0,
              "Swap": 0,
              "SwapPss": 0
            },
            "start_ticks": 295815895
          },
          {
            "pid": 330814,
            "rollup_kib": {
              "AnonHugePages": 0,
              "Anonymous": 380,
              "FilePmdMapped": 0,
              "KSM": 0,
              "LazyFree": 0,
              "Locked": 0,
              "Private_Clean": 276,
              "Private_Dirty": 380,
              "Private_Hugetlb": 0,
              "Pss": 704,
              "Pss_Anon": 380,
              "Pss_Dirty": 380,
              "Pss_File": 324,
              "Pss_Shmem": 0,
              "Referenced": 2620,
              "Rss": 2620,
              "Shared_Clean": 1964,
              "Shared_Dirty": 0,
              "Shared_Hugetlb": 0,
              "ShmemPmdMapped": 0,
              "Swap": 0,
              "SwapPss": 0
            },
            "start_ticks": 295815910
          },
          {
            "pid": 330816,
            "rollup_kib": {
              "AnonHugePages": 0,
              "Anonymous": 320,
              "FilePmdMapped": 0,
              "KSM": 0,
              "LazyFree": 0,
              "Locked": 0,
              "Private_Clean": 1004,
              "Private_Dirty": 320,
              "Private_Hugetlb": 0,
              "Pss": 1372,
              "Pss_Anon": 320,
              "Pss_Dirty": 320,
              "Pss_File": 1052,
              "Pss_Shmem": 0,
              "Referenced": 3168,
              "Rss": 3168,
              "Shared_Clean": 1844,
              "Shared_Dirty": 0,
              "Shared_Hugetlb": 0,
              "ShmemPmdMapped": 0,
              "Swap": 0,
              "SwapPss": 0
            },
            "start_ticks": 295815910
          },
          {
            "pid": 331480,
            "rollup_kib": {
              "AnonHugePages": 0,
              "Anonymous": 244532,
              "FilePmdMapped": 0,
              "KSM": 0,
              "LazyFree": 0,
              "Locked": 0,
              "Private_Clean": 28656,
              "Private_Dirty": 244532,
              "Private_Hugetlb": 0,
              "Pss": 273449,
              "Pss_Anon": 244532,
              "Pss_Dirty": 244532,
              "Pss_File": 28917,
              "Pss_Shmem": 0,
              "Referenced": 276180,
              "Rss": 276180,
              "Shared_Clean": 2992,
              "Shared_Dirty": 0,
              "Shared_Hugetlb": 0,
              "ShmemPmdMapped": 0,
              "Swap": 0,
              "SwapPss": 0
            },
            "start_ticks": 295816169
          }
        ],
        "reason": "rss_growth",
        "tree_rss_kib": 312624
      },
      {
        "elapsed_s": 14.1079,
        "processes": [
          {
            "pid": 330775,
            "rollup_kib": {
              "AnonHugePages": 0,
              "Anonymous": 25248,
              "FilePmdMapped": 0,
              "KSM": 0,
              "LazyFree": 0,
              "Locked": 0,
              "Private_Clean": 104,
              "Private_Dirty": 25248,
              "Private_Hugetlb": 0,
              "Pss": 27724,
              "Pss_Anon": 25248,
              "Pss_Dirty": 25248,
              "Pss_File": 2476,
              "Pss_Shmem": 0,
              "Referenced": 37960,
              "Rss": 37960,
              "Shared_Clean": 12608,
              "Shared_Dirty": 0,
              "Shared_Hugetlb": 0,
              "ShmemPmdMapped": 0,
              "Swap": 0,
              "SwapPss": 0
            },
            "start_ticks": 295815895
          },
          {
            "pid": 334312,
            "rollup_kib": {
              "AnonHugePages": 0,
              "Anonymous": 1184080,
              "FilePmdMapped": 0,
              "KSM": 0,
              "LazyFree": 0,
              "Locked": 0,
              "Private_Clean": 56,
              "Private_Dirty": 1184456,
              "Private_Hugetlb": 0,
              "Pss": 1184811,
              "Pss_Anon": 1184080,
              "Pss_Dirty": 1184456,
              "Pss_File": 731,
              "Pss_Shmem": 0,
              "Referenced": 1188576,
              "Rss": 1188576,
              "Shared_Clean": 4064,
              "Shared_Dirty": 0,
              "Shared_Hugetlb": 0,
              "ShmemPmdMapped": 0,
              "Swap": 0,
              "SwapPss": 0
            },
            "start_ticks": 295817272
          }
        ],
        "reason": "rss_growth",
        "tree_rss_kib": 1226536
      },
      {
        "elapsed_s": 14.6464,
        "processes": [
          {
            "pid": 330775,
            "rollup_kib": {
              "AnonHugePages": 0,
              "Anonymous": 25248,
              "FilePmdMapped": 0,
              "KSM": 0,
              "LazyFree": 0,
              "Locked": 0,
              "Private_Clean": 104,
              "Private_Dirty": 25248,
              "Private_Hugetlb": 0,
              "Pss": 27692,
              "Pss_Anon": 25248,
              "Pss_Dirty": 25248,
              "Pss_File": 2444,
              "Pss_Shmem": 0,
              "Referenced": 37960,
              "Rss": 37960,
              "Shared_Clean": 12608,
              "Shared_Dirty": 0,
              "Shared_Hugetlb": 0,
              "ShmemPmdMapped": 0,
              "Swap": 0,
              "SwapPss": 0
            },
            "start_ticks": 295815895
          },
          {
            "pid": 334312,
            "rollup_kib": {
              "AnonHugePages": 18432,
              "Anonymous": 2383372,
              "FilePmdMapped": 0,
              "KSM": 0,
              "LazyFree": 0,
              "Locked": 0,
              "Private_Clean": 56,
              "Private_Dirty": 2383800,
              "Private_Hugetlb": 0,
              "Pss": 2384180,
              "Pss_Anon": 2383372,
              "Pss_Dirty": 2383800,
              "Pss_File": 808,
              "Pss_Shmem": 0,
              "Referenced": 2388112,
              "Rss": 2388112,
              "Shared_Clean": 4256,
              "Shared_Dirty": 0,
              "Shared_Hugetlb": 0,
              "ShmemPmdMapped": 0,
              "Swap": 0,
              "SwapPss": 0
            },
            "start_ticks": 295817272
          }
        ],
        "reason": "rss_growth",
        "tree_rss_kib": 2407160
      },
      {
        "elapsed_s": 15.2309,
        "processes": [
          {
            "pid": 330775,
            "rollup_kib": {
              "AnonHugePages": 0,
              "Anonymous": 25248,
              "FilePmdMapped": 0,
              "KSM": 0,
              "LazyFree": 0,
              "Locked": 0,
              "Private_Clean": 104,
              "Private_Dirty": 25248,
              "Private_Hugetlb": 0,
              "Pss": 27691,
              "Pss_Anon": 25248,
              "Pss_Dirty": 25248,
              "Pss_File": 2443,
              "Pss_Shmem": 0,
              "Referenced": 37960,
              "Rss": 37960,
              "Shared_Clean": 12608,
              "Shared_Dirty": 0,
              "Shared_Hugetlb": 0,
              "ShmemPmdMapped": 0,
              "Swap": 0,
              "SwapPss": 0
            },
            "start_ticks": 295815895
          },
          {
            "pid": 334312,
            "rollup_kib": {
              "AnonHugePages": 18432,
              "Anonymous": 3061228,
              "FilePmdMapped": 0,
              "KSM": 0,
              "LazyFree": 0,
              "Locked": 0,
              "Private_Clean": 56,
              "Private_Dirty": 3061656,
              "Private_Hugetlb": 0,
              "Pss": 3061995,
              "Pss_Anon": 3061228,
              "Pss_Dirty": 3061656,
              "Pss_File": 767,
              "Pss_Shmem": 0,
              "Referenced": 3065968,
              "Rss": 3065968,
              "Shared_Clean": 4256,
              "Shared_Dirty": 0,
              "Shared_Hugetlb": 0,
              "ShmemPmdMapped": 0,
              "Swap": 0,
              "SwapPss": 0
            },
            "start_ticks": 295817272
          }
        ],
        "reason": "rss_growth",
        "tree_rss_kib": 3086432
      },
      {
        "elapsed_s": 15.838,
        "processes": [
          {
            "pid": 330775,
            "rollup_kib": {
              "AnonHugePages": 0,
              "Anonymous": 25248,
              "FilePmdMapped": 0,
              "KSM": 0,
              "LazyFree": 0,
              "Locked": 0,
              "Private_Clean": 104,
              "Private_Dirty": 25248,
              "Private_Hugetlb": 0,
              "Pss": 27707,
              "Pss_Anon": 25248,
              "Pss_Dirty": 25248,
              "Pss_File": 2459,
              "Pss_Shmem": 0,
              "Referenced": 37960,
              "Rss": 37960,
              "Shared_Clean": 12608,
              "Shared_Dirty": 0,
              "Shared_Hugetlb": 0,
              "ShmemPmdMapped": 0,
              "Swap": 0,
              "SwapPss": 0
            },
            "start_ticks": 295815895
          },
          {
            "pid": 334312,
            "rollup_kib": {
              "AnonHugePages": 18432,
              "Anonymous": 3530408,
              "FilePmdMapped": 0,
              "KSM": 0,
              "LazyFree": 0,
              "Locked": 0,
              "Private_Clean": 56,
              "Private_Dirty": 3530836,
              "Private_Hugetlb": 0,
              "Pss": 3531215,
              "Pss_Anon": 3530408,
              "Pss_Dirty": 3530836,
              "Pss_File": 807,
              "Pss_Shmem": 0,
              "Referenced": 3535148,
              "Rss": 3535148,
              "Shared_Clean": 4256,
              "Shared_Dirty": 0,
              "Shared_Hugetlb": 0,
              "ShmemPmdMapped": 0,
              "Swap": 0,
              "SwapPss": 0
            },
            "start_ticks": 295817272
          }
        ],
        "reason": "rss_growth",
        "tree_rss_kib": 3559304
      },
      {
        "elapsed_s": 16.4549,
        "processes": [
          {
            "pid": 330775,
            "rollup_kib": {
              "AnonHugePages": 0,
              "Anonymous": 25248,
              "FilePmdMapped": 0,
              "KSM": 0,
              "LazyFree": 0,
              "Locked": 0,
              "Private_Clean": 104,
              "Private_Dirty": 25248,
              "Private_Hugetlb": 0,
              "Pss": 27691,
              "Pss_Anon": 25248,
              "Pss_Dirty": 25248,
              "Pss_File": 2443,
              "Pss_Shmem": 0,
              "Referenced": 37960,
              "Rss": 37960,
              "Shared_Clean": 12608,
              "Shared_Dirty": 0,
              "Shared_Hugetlb": 0,
              "ShmemPmdMapped": 0,
              "Swap": 0,
              "SwapPss": 0
            },
            "start_ticks": 295815895
          },
          {
            "pid": 334312,
            "rollup_kib": {
              "AnonHugePages": 18432,
              "Anonymous": 3864760,
              "FilePmdMapped": 0,
              "KSM": 0,
              "LazyFree": 0,
              "Locked": 0,
              "Private_Clean": 56,
              "Private_Dirty": 3865188,
              "Private_Hugetlb": 0,
              "Pss": 3865570,
              "Pss_Anon": 3864760,
              "Pss_Dirty": 3865188,
              "Pss_File": 810,
              "Pss_Shmem": 0,
              "Referenced": 3869500,
              "Rss": 3869500,
              "Shared_Clean": 4256,
              "Shared_Dirty": 0,
              "Shared_Hugetlb": 0,
              "ShmemPmdMapped": 0,
              "Swap": 0,
              "SwapPss": 0
            },
            "start_ticks": 295817272
          }
        ],
        "reason": "rss_growth",
        "tree_rss_kib": 3896368
      },
      {
        "elapsed_s": 17.5834,
        "processes": [
          {
            "pid": 330775,
            "rollup_kib": {
              "AnonHugePages": 0,
              "Anonymous": 25248,
              "FilePmdMapped": 0,
              "KSM": 0,
              "LazyFree": 0,
              "Locked": 0,
              "Private_Clean": 104,
              "Private_Dirty": 25248,
              "Private_Hugetlb": 0,
              "Pss": 27691,
              "Pss_Anon": 25248,
              "Pss_Dirty": 25248,
              "Pss_File": 2443,
              "Pss_Shmem": 0,
              "Referenced": 37960,
              "Rss": 37960,
              "Shared_Clean": 12608,
              "Shared_Dirty": 0,
              "Shared_Hugetlb": 0,
              "ShmemPmdMapped": 0,
              "Swap": 0,
              "SwapPss": 0
            },
            "start_ticks": 295815895
          },
          {
            "pid": 334312,
            "rollup_kib": {
              "AnonHugePages": 18432,
              "Anonymous": 4244368,
              "FilePmdMapped": 0,
              "KSM": 0,
              "LazyFree": 0,
              "Locked": 0,
              "Private_Clean": 56,
              "Private_Dirty": 4244796,
              "Private_Hugetlb": 0,
              "Pss": 4245189,
              "Pss_Anon": 4244368,
              "Pss_Dirty": 4244796,
              "Pss_File": 821,
              "Pss_Shmem": 0,
              "Referenced": 4249108,
              "Rss": 4249108,
              "Shared_Clean": 4256,
              "Shared_Dirty": 0,
              "Shared_Hugetlb": 0,
              "ShmemPmdMapped": 0,
              "Swap": 0,
              "SwapPss": 0
            },
            "start_ticks": 295817272
          }
        ],
        "reason": "rss_growth",
        "tree_rss_kib": 4281236
      },
      {
        "elapsed_s": 19.2222,
        "processes": [
          {
            "pid": 330775,
            "rollup_kib": {
              "AnonHugePages": 0,
              "Anonymous": 25248,
              "FilePmdMapped": 0,
              "KSM": 0,
              "LazyFree": 0,
              "Locked": 0,
              "Private_Clean": 104,
              "Private_Dirty": 25248,
              "Private_Hugetlb": 0,
              "Pss": 27676,
              "Pss_Anon": 25248,
              "Pss_Dirty": 25248,
              "Pss_File": 2428,
              "Pss_Shmem": 0,
              "Referenced": 37960,
              "Rss": 37960,
              "Shared_Clean": 12608,
              "Shared_Dirty": 0,
              "Shared_Hugetlb": 0,
              "ShmemPmdMapped": 0,
              "Swap": 0,
              "SwapPss": 0
            },
            "start_ticks": 295815895
          },
          {
            "pid": 334312,
            "rollup_kib": {
              "AnonHugePages": 18432,
              "Anonymous": 4545812,
              "FilePmdMapped": 0,
              "KSM": 0,
              "LazyFree": 0,
              "Locked": 0,
              "Private_Clean": 56,
              "Private_Dirty": 4546240,
              "Private_Hugetlb": 0,
              "Pss": 4546563,
              "Pss_Anon": 4545812,
              "Pss_Dirty": 4546240,
              "Pss_File": 751,
              "Pss_Shmem": 0,
              "Referenced": 4550552,
              "Rss": 4550552,
              "Shared_Clean": 4256,
              "Shared_Dirty": 0,
              "Shared_Hugetlb": 0,
              "ShmemPmdMapped": 0,
              "Swap": 0,
              "SwapPss": 0
            },
            "start_ticks": 295817272
          }
        ],
        "reason": "rss_growth",
        "tree_rss_kib": 4584740
      },
      {
        "elapsed_s": 22.8763,
        "processes": [
          {
            "pid": 330775,
            "rollup_kib": {
              "AnonHugePages": 0,
              "Anonymous": 25248,
              "FilePmdMapped": 0,
              "KSM": 0,
              "LazyFree": 0,
              "Locked": 0,
              "Private_Clean": 104,
              "Private_Dirty": 25248,
              "Private_Hugetlb": 0,
              "Pss": 27690,
              "Pss_Anon": 25248,
              "Pss_Dirty": 25248,
              "Pss_File": 2442,
              "Pss_Shmem": 0,
              "Referenced": 37960,
              "Rss": 37960,
              "Shared_Clean": 12608,
              "Shared_Dirty": 0,
              "Shared_Hugetlb": 0,
              "ShmemPmdMapped": 0,
              "Swap": 0,
              "SwapPss": 0
            },
            "start_ticks": 295815895
          },
          {
            "pid": 334312,
            "rollup_kib": {
              "AnonHugePages": 18432,
              "Anonymous": 4826776,
              "FilePmdMapped": 0,
              "KSM": 0,
              "LazyFree": 0,
              "Locked": 0,
              "Private_Clean": 56,
              "Private_Dirty": 4827204,
              "Private_Hugetlb": 0,
              "Pss": 4827583,
              "Pss_Anon": 4826776,
              "Pss_Dirty": 4827204,
              "Pss_File": 807,
              "Pss_Shmem": 0,
              "Referenced": 4831516,
              "Rss": 4831516,
              "Shared_Clean": 4256,
              "Shared_Dirty": 0,
              "Shared_Hugetlb": 0,
              "ShmemPmdMapped": 0,
              "Swap": 0,
              "SwapPss": 0
            },
            "start_ticks": 295817272
          }
        ],
        "reason": "rss_growth",
        "tree_rss_kib": 4868164
      },
      {
        "elapsed_s": 25.5292,
        "processes": [
          {
            "pid": 330775,
            "rollup_kib": {
              "AnonHugePages": 0,
              "Anonymous": 25248,
              "FilePmdMapped": 0,
              "KSM": 0,
              "LazyFree": 0,
              "Locked": 0,
              "Private_Clean": 104,
              "Private_Dirty": 25248,
              "Private_Hugetlb": 0,
              "Pss": 27678,
              "Pss_Anon": 25248,
              "Pss_Dirty": 25248,
              "Pss_File": 2430,
              "Pss_Shmem": 0,
              "Referenced": 37960,
              "Rss": 37960,
              "Shared_Clean": 12608,
              "Shared_Dirty": 0,
              "Shared_Hugetlb": 0,
              "ShmemPmdMapped": 0,
              "Swap": 0,
              "SwapPss": 0
            },
            "start_ticks": 295815895
          },
          {
            "pid": 334312,
            "rollup_kib": {
              "AnonHugePages": 18432,
              "Anonymous": 5109060,
              "FilePmdMapped": 0,
              "KSM": 0,
              "LazyFree": 0,
              "Locked": 0,
              "Private_Clean": 56,
              "Private_Dirty": 5109688,
              "Private_Hugetlb": 0,
              "Pss": 5110011,
              "Pss_Anon": 5109060,
              "Pss_Dirty": 5109688,
              "Pss_File": 951,
              "Pss_Shmem": 0,
              "Referenced": 5114000,
              "Rss": 5114000,
              "Shared_Clean": 4256,
              "Shared_Dirty": 0,
              "Shared_Hugetlb": 0,
              "ShmemPmdMapped": 0,
              "Swap": 0,
              "SwapPss": 0
            },
            "start_ticks": 295817272
          }
        ],
        "reason": "rss_growth",
        "tree_rss_kib": 5151796
      },
      {
        "elapsed_s": 30.1413,
        "processes": [
          {
            "pid": 330775,
            "rollup_kib": {
              "AnonHugePages": 0,
              "Anonymous": 25248,
              "FilePmdMapped": 0,
              "KSM": 0,
              "LazyFree": 0,
              "Locked": 0,
              "Private_Clean": 104,
              "Private_Dirty": 25248,
              "Private_Hugetlb": 0,
              "Pss": 27691,
              "Pss_Anon": 25248,
              "Pss_Dirty": 25248,
              "Pss_File": 2443,
              "Pss_Shmem": 0,
              "Referenced": 37960,
              "Rss": 37960,
              "Shared_Clean": 12608,
              "Shared_Dirty": 0,
              "Shared_Hugetlb": 0,
              "ShmemPmdMapped": 0,
              "Swap": 0,
              "SwapPss": 0
            },
            "start_ticks": 295815895
          },
          {
            "pid": 334312,
            "rollup_kib": {
              "AnonHugePages": 18432,
              "Anonymous": 5377108,
              "FilePmdMapped": 0,
              "KSM": 0,
              "LazyFree": 0,
              "Locked": 0,
              "Private_Clean": 88,
              "Private_Dirty": 5378216,
              "Private_Hugetlb": 0,
              "Pss": 5378627,
              "Pss_Anon": 5377108,
              "Pss_Dirty": 5378216,
              "Pss_File": 1519,
              "Pss_Shmem": 0,
              "Referenced": 5382560,
              "Rss": 5382560,
              "Shared_Clean": 4256,
              "Shared_Dirty": 0,
              "Shared_Hugetlb": 0,
              "ShmemPmdMapped": 0,
              "Swap": 0,
              "SwapPss": 0
            },
            "start_ticks": 295817272
          }
        ],
        "reason": "rss_growth",
        "tree_rss_kib": 5419964
      },
      {
        "elapsed_s": 49.8563,
        "processes": [
          {
            "pid": 330775,
            "rollup_kib": {
              "AnonHugePages": 0,
              "Anonymous": 25248,
              "FilePmdMapped": 0,
              "KSM": 0,
              "LazyFree": 0,
              "Locked": 0,
              "Private_Clean": 104,
              "Private_Dirty": 25248,
              "Private_Hugetlb": 0,
              "Pss": 27680,
              "Pss_Anon": 25248,
              "Pss_Dirty": 25248,
              "Pss_File": 2432,
              "Pss_Shmem": 0,
              "Referenced": 37960,
              "Rss": 37960,
              "Shared_Clean": 12608,
              "Shared_Dirty": 0,
              "Shared_Hugetlb": 0,
              "ShmemPmdMapped": 0,
              "Swap": 0,
              "SwapPss": 0
            },
            "start_ticks": 295815895
          },
          {
            "pid": 334312,
            "rollup_kib": {
              "AnonHugePages": 18432,
              "Anonymous": 5639064,
              "FilePmdMapped": 0,
              "KSM": 0,
              "LazyFree": 0,
              "Locked": 0,
              "Private_Clean": 688,
              "Private_Dirty": 5641736,
              "Private_Hugetlb": 0,
              "Pss": 5642705,
              "Pss_Anon": 5639064,
              "Pss_Dirty": 5641736,
              "Pss_File": 3641,
              "Pss_Shmem": 0,
              "Referenced": 5646680,
              "Rss": 5646680,
              "Shared_Clean": 4256,
              "Shared_Dirty": 0,
              "Shared_Hugetlb": 0,
              "ShmemPmdMapped": 0,
              "Swap": 0,
              "SwapPss": 0
            },
            "start_ticks": 295817272
          }
        ],
        "reason": "rss_growth",
        "tree_rss_kib": 5684452
      },
      {
        "elapsed_s": 296.5153,
        "processes": [],
        "reason": "terminal",
        "tree_rss_kib": 0
      }
    ],
    "status": "complete",
    "temporary_disk_limit_bytes": 24000000000,
    "wall_time_limit_seconds": null
  }
}
