{"command": ["/usr/bin/python3", "/home/x/deco/gamma/projects/enwiki9/tools/run_with_rss_guard.py", "--limit-kib", "9765625", "--limit-mode", "tree", "--official-decimal-limit-kib", "9765625", "--guard-json", "results/nncp_libnc_profile_update_fixture_64_q0_v1/guard.json", "--label", "nncp_libnc_profile_update_fixture_64_q0_v1", "--phase", "diagnostic", "--scratch-path", "results/nncp_libnc_profile_update_fixture_64_q0_v1", "--temporary-disk-limit-bytes", "20000000000", "--", "python3", "tools/nncp_libnc_profile_update_fixture_64_q0.py", "--experiment", "operations/adaptive/experiments/nncp_libnc_profile_update_fixture_64_q0_v1.json", "--output", "results/nncp_libnc_profile_update_fixture_64_q0_v1/decision.json"], "job": {"candidate_id": "nncp_libnc_profile_update_fixture_64_q0_v1", "candidate_revision": {"path": "operations/adaptive/candidate-revisions/nncp_libnc_profile_update_fixture_64_q0_v1/20260815T232704582421Z_a9e9965d5d09.json", "sha256": "sha256:b5eaef0faa93be443b17d8de378885a12685da29f0c8f371f47edd971ced5650"}, "candidate_tree_sha256": "sha256:a9e9965d5d09b51a192b80e160c1055cbdcdb76d19c830db64a17c27f71740c4", "experiment": {"path": "operations/adaptive/experiments/nncp_libnc_profile_update_fixture_64_q0_v1.json", "sha256": "sha256:47327ccb68d008e4f48441ccdd31241f59a082d820656420a5b1ed8a7b473fd2"}, "gate_size": 2048, "job_id": "20260815T232741Z_117111326a", "priority": 1460, "proposal": {"path": "operations/adaptive/proposals/developed/000_nncp_libnc_profile_update_fixture_64_q0_v1.json", "sha256": "sha256:58794d2e29847e7a6ee12125b0f11bf35eda289a90f84adfade5aaf458cde90a"}, "proposal_id": "nncp_libnc_profile_update_fixture_64_q0_v1", "purpose": "oracle", "runner": {"path": "tools/run_with_rss_guard.py", "sha256": "sha256:005d55cdec6f3fabd5caa4acb78e75e0d6a07340e45e0e9577c5c7d8ea13d00e"}, "schema": "gamma.enwiki9.adaptive-job.v3", "scratch_directories": ["results/nncp_libnc_profile_update_fixture_64_q0_v1"], "started_at": "2026-08-15T23:27:49+00:00", "state": "running", "submitted_at": "2026-08-15T23:27:41+00:00", "tags": ["full-update-fixture", "libnc", "zero-credit"], "tool": "tools/run_with_rss_guard.py", "tool_args": ["--limit-kib", "9765625", "--limit-mode", "tree", "--official-decimal-limit-kib", "9765625", "--guard-json", "results/nncp_libnc_profile_update_fixture_64_q0_v1/guard.json", "--label", "nncp_libnc_profile_update_fixture_64_q0_v1", "--phase", "diagnostic", "--scratch-path", "results/nncp_libnc_profile_update_fixture_64_q0_v1", "--temporary-disk-limit-bytes", "20000000000", "--", "python3", "tools/nncp_libnc_profile_update_fixture_64_q0.py", "--experiment", "operations/adaptive/experiments/nncp_libnc_profile_update_fixture_64_q0_v1.json", "--output", "results/nncp_libnc_profile_update_fixture_64_q0_v1/decision.json"]}}
Traceback (most recent call last):
  File "/home/x/deco/gamma/projects/enwiki9/tools/nncp_libnc_profile_update_fixture_64_q0.py", line 455, in <module>
    raise SystemExit(main())
                     ~~~~^^
  File "/home/x/deco/gamma/projects/enwiki9/tools/nncp_libnc_profile_update_fixture_64_q0.py", line 359, in main
    raise ValueError(f"frozen external input identity mismatch: {path}")
ValueError: frozen external input identity mismatch: /home/x/enwiki9-nonproof/external/nncp-2024-06-05/nncp.c
{
  "rss_guard": {
    "schema": "gamma.enwiki9.resource-guard-receipt.v2",
    "objective": {
      "objectiveId": "gamma-enwiki9-hutter-105m-v1",
      "objectiveDigest": "sha256:ce4c435c0f398caf65a09050c8518d9c5ea63239f9156048ea2aaaf9b8ffa7e8",
      "objectivePath": "contracts/research/v1/objective-contract.json",
      "targetScoreBytes": 105000000,
      "corpusBytes": 1000000000,
      "corpusSha256": "159b85351e5f76e60cbe32e04c677847a9ecba3adc79addab6f4c6c7aa3744bc"
    },
    "label": "nncp_libnc_profile_update_fixture_64_q0_v1",
    "phase": "diagnostic",
    "command": [
      "python3",
      "tools/nncp_libnc_profile_update_fixture_64_q0.py",
      "--experiment",
      "operations/adaptive/experiments/nncp_libnc_profile_update_fixture_64_q0_v1.json",
      "--output",
      "results/nncp_libnc_profile_update_fixture_64_q0_v1/decision.json"
    ],
    "sample_interval_seconds": 5.0,
    "geekbench5_single_core_score": null,
    "wall_time_limit_seconds": null,
    "wall_time_measurement_complete": false,
    "wall_time_exceeded": false,
    "limit_kib": 9765625,
    "limit_mode": "tree",
    "official_decimal_limit_kib": 9765625,
    "official_decimal_over_limit_kib": 0,
    "scratch_paths": [
      "results/nncp_libnc_profile_update_fixture_64_q0_v1"
    ],
    "temporary_disk_limit_bytes": 20000000000,
    "temporary_disk_measurement_complete": true,
    "max_sampled_temporary_disk_bytes": 5216,
    "max_logical_cpus": null,
    "affinity_measurement_complete": true,
    "max_sampled_allowed_cpu_count": 32,
    "logical_cpu_guard_exceeded": false,
    "max_sampled_tree_live_threads": 1,
    "max_sampled_tree_runnable_threads": 1,
    "max_sampled_single_rss_kib": 3920,
    "max_sampled_tree_rss_kib": 3920,
    "peak_sample": {
      "processes": [
        {
          "pid": 3671402,
          "rss_kib": 3920,
          "live_threads": 1,
          "runnable_threads": 1,
          "allowed_cpus": [
            0,
            1,
            2,
            3,
            4,
            5,
            6,
            7,
            8,
            9,
            10,
            11,
            12,
            13,
            14,
            15,
            16,
            17,
            18,
            19,
            20,
            21,
            22,
            23,
            24,
            25,
            26,
            27,
            28,
            29,
            30,
            31
          ]
        }
      ],
      "max_single_rss_kib": 3920,
      "tree_rss_kib": 3920,
      "tree_live_threads": 1,
      "tree_runnable_threads": 1,
      "allowed_cpu_union": [
        0,
        1,
        2,
        3,
        4,
        5,
        6,
        7,
        8,
        9,
        10,
        11,
        12,
        13,
        14,
        15,
        16,
        17,
        18,
        19,
        20,
        21,
        22,
        23,
        24,
        25,
        26,
        27,
        28,
        29,
        30,
        31
      ]
    },
    "peak_tree_sample": {
      "processes": [
        {
          "pid": 3671402,
          "rss_kib": 3920,
          "live_threads": 1,
          "runnable_threads": 1,
          "allowed_cpus": [
            0,
            1,
            2,
            3,
            4,
            5,
            6,
            7,
            8,
            9,
            10,
            11,
            12,
            13,
            14,
            15,
            16,
            17,
            18,
            19,
            20,
            21,
            22,
            23,
            24,
            25,
            26,
            27,
            28,
            29,
            30,
            31
          ]
        }
      ],
      "max_single_rss_kib": 3920,
      "tree_rss_kib": 3920,
      "tree_live_threads": 1,
      "tree_runnable_threads": 1,
      "allowed_cpu_union": [
        0,
        1,
        2,
        3,
        4,
        5,
        6,
        7,
        8,
        9,
        10,
        11,
        12,
        13,
        14,
        15,
        16,
        17,
        18,
        19,
        20,
        21,
        22,
        23,
        24,
        25,
        26,
        27,
        28,
        29,
        30,
        31
      ]
    },
    "latest_sample": {
      "processes": [],
      "max_single_rss_kib": 0,
      "tree_rss_kib": 0,
      "tree_live_threads": 0,
      "tree_runnable_threads": 0,
      "allowed_cpu_union": []
    },
    "sample_count": 2,
    "rss_guard_exceeded": false,
    "official_decimal_memory_exceeded": false,
    "temporary_disk_guard_exceeded": false,
    "returncode": 1,
    "status": "complete",
    "elapsed_s": 5.0038
  }
}
