{"command": ["/usr/bin/python3", "/home/x/deco/gamma/projects/enwiki9/tools/run_with_resource_guard_v3.py", "--limit-kib", "4194304", "--official-decimal-limit-kib", "4194304", "--limit-mode", "tree", "--cgroup-path", "/sys/fs/cgroup/user.slice/user-1000.slice/user@1000.service/app.slice/gamma-enwiki9-20260908T171535Z_9962b82f49", "--cgroup-memory-max-bytes", "4294967296", "--temporary-disk-limit-bytes", "1073741824", "--phase-marker-path", "/home/x/deco/gamma/projects/enwiki9/run_logs/adaptive/20260908T171535Z_9962b82f49.resources/phases.jsonl", "--max-logical-cpus", "1", "--guard-json", "/home/x/deco/gamma/projects/enwiki9/run_logs/adaptive/20260908T171535Z_9962b82f49.resources/guard.json", "--label", "20260908T171535Z_9962b82f49", "--phase", "diagnostic", "--scratch-path", "/home/x/deco/gamma/projects/enwiki9/results/opcode_calibration_cost_v1", "--scratch-path", "/home/x/deco/gamma/projects/enwiki9/results/opcode_calibration_runtime_tmp_20260908/gamma-enwiki9-20260908T171535Z_9962b82f49-p79cw_pv/opcode_calibration_cost_v1", "--scratch-path", "/home/x/deco/gamma/projects/enwiki9/run_logs/adaptive/20260908T171535Z_9962b82f49.log", "--scratch-path", "/home/x/deco/gamma/projects/enwiki9/run_logs/adaptive/20260908T171535Z_9962b82f49.resources", "--", "/usr/bin/taskset", "--cpu-list", "2", "/bin/sh", "-c", "printf '%s\\n' '{\"phase\":\"diagnostic\",\"event\":\"worker_start\",\"detail\":\"operational envelope only; no codec phase credit\"}' >> \"$GAMMA_RESOURCE_PHASE_MARKERS\" || exit 125; exec \"$@\"", "enwiki9-discovery-envelope", "/usr/bin/python3", "/home/x/deco/gamma/projects/enwiki9/tools/opcode_calibration_gate_v1.py"], "job": {"candidate_id": "opcode_calibration_cost_v1", "candidate_revision": {"path": "operations/adaptive/candidate-revisions/opcode_calibration_cost_v1/20260908T171534999073Z_2c018f959cf1.json", "sha256": "sha256:71e74a1388fe7e6cff3c3ed6e7881992523ad1366d0ab2595584d44c1314e3fe"}, "candidate_tree_sha256": "sha256:2c018f959cf1b1c68519112c439a0a71a89a02dc1cc4fa6f6d616f58e962f73d", "execution_guard": {"path": "tools/run_with_resource_guard_v3.py", "sha256": "sha256:044147f7ffe6922ea8dafd52fc3d4426077b20958adbcd421245ad41adcfc1e4"}, "execution_mode": "discovery", "execution_resources": {"boot_id": "3ce46712-27bc-4199-8e48-e2b3d23926cb", "budget": {"cgroup_parent": "/sys/fs/cgroup/user.slice/user-1000.slice/user@1000.service/app.slice", "cpus": [2], "memory_bytes": 4294967296, "scratch_bytes": 1073741824, "swap_bytes": 0, "wall_seconds": 900}, "cgroup_inode": 258906, "cgroup_path": "/sys/fs/cgroup/user.slice/user-1000.slice/user@1000.service/app.slice/gamma-enwiki9-20260908T171535Z_9962b82f49", "cpu_enforcement": "taskset-and-sampled-affinity-guard", "groups": [{"created": true, "inode": 258906, "kernel_cpuset": false, "memory_bytes": 4294967296, "path": "/sys/fs/cgroup/user.slice/user-1000.slice/user@1000.service/app.slice/gamma-enwiki9-20260908T171535Z_9962b82f49"}], "guard_command_sha256": "078ed3702d5e9b861af699caae08ec3ac1043ef2379f0654136746f7ef092835", "guard_path": "run_logs/adaptive/20260908T171535Z_9962b82f49.resources/guard.json", "missing_diagnostics": ["kernel cpuset controller is not delegated; taskset assignment and existing affinity guard remain active"], "timing_authority": "diagnostic"}, "experiment": {"path": "operations/adaptive/experiments/opcode_calibration_cost_v1.json", "sha256": "sha256:b6b70f1c961169f3b56b13b0b69fa333855827045ec63f5b99d4b3f71609273f"}, "gate_size": 250000, "held": false, "held_at": "2026-09-08T17:15:36+00:00", "hold_history": [{"at": "2026-09-08T17:15:36+00:00", "held": true, "reason": "Await source and ownership publication verification and fresh resource admission."}, {"at": "2026-09-08T17:17:34+00:00", "held": false, "reason": "Publication verified against origin/main and fresh CPU2 admission retained in results/opcode_calibration_admission_20260908.json."}], "job_id": "20260908T171535Z_9962b82f49", "priority": 90, "proposal": {"path": "operations/adaptive/proposals/developed/929_opcode_calibration_cost_v1.json", "sha256": "sha256:8c6666bbf22d0acfd111110a119f88bbe7c0e785335cec998c347a8ece05a631"}, "proposal_id": "opcode_calibration_cost_v1", "purpose": "diagnostic", "released_at": "2026-09-08T17:17:34+00:00", "resource_budget": {"cgroup_parent": "/sys/fs/cgroup/user.slice/user-1000.slice/user@1000.service/app.slice", "cpus": [2], "memory_bytes": 4294967296, "scratch_bytes": 1073741824, "swap_bytes": 0, "wall_seconds": 900}, "runner": {"path": "tools/opcode_calibration_gate_v1.py", "sha256": "sha256:5486a4af2e68f3380ac0e5e31d672ba4022c28ae38b6e522222bb4ada38ff869"}, "schema": "gamma.enwiki9.adaptive-job.v3", "scratch_directories": ["results/opcode_calibration_cost_v1"], "started_at": "2026-09-08T17:17:34+00:00", "state": "running", "submitted_at": "2026-09-08T17:15:35+00:00", "tags": ["calibration_cost"], "timing_authority": "diagnostic", "tool": "tools/opcode_calibration_gate_v1.py", "tool_args": []}}
{"status": "passed", "correctness_pass": true}
{
  "resource_guard": {
    "cgroup": {
      "inode": 258906,
      "joined_before_exec": true,
      "memory_max_bytes": 4294967296,
      "memory_max_rounding_bytes": 0,
      "memory_peak_reset": true,
      "path": "/sys/fs/cgroup/user.slice/user-1000.slice/user@1000.service/app.slice/gamma-enwiki9-20260908T171535Z_9962b82f49",
      "previous_memory_max": "4294967296",
      "requested_memory_max_bytes": 4294967296
    },
    "cgroup_events": {
      "baseline": {
        "high": 0,
        "low": 0,
        "max": 0,
        "oom": 0,
        "oom_group_kill": 0,
        "oom_kill": 0,
        "sock_throttled": 0
      },
      "delta": {
        "high": 0,
        "low": 0,
        "max": 0,
        "oom": 0,
        "oom_group_kill": 0,
        "oom_kill": 0,
        "sock_throttled": 0
      },
      "final": {
        "high": 0,
        "low": 0,
        "max": 0,
        "oom": 0,
        "oom_group_kill": 0,
        "oom_kill": 0,
        "sock_throttled": 0
      }
    },
    "command": [
      "/usr/bin/taskset",
      "--cpu-list",
      "2",
      "/bin/sh",
      "-c",
      "printf '%s\\n' '{\"phase\":\"diagnostic\",\"event\":\"worker_start\",\"detail\":\"operational envelope only; no codec phase credit\"}' >> \"$GAMMA_RESOURCE_PHASE_MARKERS\" || exit 125; exec \"$@\"",
      "enwiki9-discovery-envelope",
      "/usr/bin/python3",
      "/home/x/deco/gamma/projects/enwiki9/tools/opcode_calibration_gate_v1.py"
    ],
    "command_sha256": "5a9e62aca31dcac06354c84ed95e444ba324038d7811c5f68e88e823d6070e02",
    "elapsed_s": 155.1227,
    "geekbench5_single_core_score": null,
    "guards": {
      "cgroup_memory_guard_exceeded": false,
      "logical_cpu_guard_exceeded": false,
      "measurement_incomplete": false,
      "official_decimal_memory_exceeded": false,
      "phase_marker_invalid": false,
      "rss_guard_exceeded": false,
      "temporary_disk_guard_exceeded": false,
      "wall_time_guard_exceeded": false
    },
    "label": "20260908T171535Z_9962b82f49",
    "latest_sample": {
      "allowed_cpu_union": [],
      "cgroup_current_bytes": 843776,
      "elapsed_s": 155.1215,
      "max_single_rss_kib": 0,
      "persistent_status_misses": [],
      "processes": [],
      "scratch_allocated_bytes": 622592,
      "scratch_file_count": 24,
      "scratch_logical_bytes": 553671,
      "scratch_race_count": 0,
      "tree_live_threads": 0,
      "tree_rss_kib": 0,
      "tree_runnable_threads": 0
    },
    "limit_kib": 4194304,
    "limit_mode": "tree",
    "max_logical_cpus": 1,
    "measurements": {
      "affinity_complete": true,
      "cgroup_v2_complete": true,
      "per_process_vmhwm_sampled": true,
      "phase_markers_complete": true,
      "process_tree_rss_complete": true,
      "scratch_logical_and_allocated_complete": true,
      "smaps_rollup_complete": true
    },
    "objective": {
      "corpusBytes": 1000000000,
      "corpusSha256": "159b85351e5f76e60cbe32e04c677847a9ecba3adc79addab6f4c6c7aa3744bc",
      "objectiveDigest": "sha256:e91ff20e92c3cac8acb0cbe5c79fc8e8a3b427d7e151245c8eecc52b1c32fa00",
      "objectiveId": "gamma-enwiki9-hutter-90m-v3",
      "objectivePath": "contracts/research/v3/objective-contract.json",
      "targetScoreBytes": 90000000
    },
    "official_decimal_limit_kib": 4194304,
    "peak_process_vmhwm": {
      "comm": "python3",
      "observed_elapsed_s": 58.7376,
      "pid": 2117188,
      "start_ticks": 198399309,
      "vmhwm_kib": 504592
    },
    "peak_sample": {
      "allowed_cpu_union": [
        2
      ],
      "cgroup_current_bytes": 496607232,
      "elapsed_s": 152.6136,
      "max_single_rss_kib": 483796,
      "persistent_status_misses": [],
      "processes": [
        {
          "allowed_cpus": [
            2
          ],
          "comm": "python3",
          "live_threads": 1,
          "pid": 2117181,
          "rss_kib": 24248,
          "runnable_threads": 0,
          "start_ticks": 198399304,
          "vmhwm_kib": 25776
        },
        {
          "allowed_cpus": [
            2
          ],
          "comm": "python3",
          "live_threads": 1,
          "pid": 2135052,
          "rss_kib": 483796,
          "runnable_threads": 1,
          "start_ticks": 198408769,
          "vmhwm_kib": 483796
        }
      ],
      "scratch_allocated_bytes": 471040,
      "scratch_file_count": 19,
      "scratch_logical_bytes": 415116,
      "scratch_race_count": 0,
      "tree_live_threads": 2,
      "tree_rss_kib": 508044,
      "tree_runnable_threads": 1
    },
    "peak_tree_sample": {
      "allowed_cpu_union": [
        2
      ],
      "cgroup_current_bytes": 496607232,
      "elapsed_s": 152.6136,
      "max_single_rss_kib": 483796,
      "persistent_status_misses": [],
      "processes": [
        {
          "allowed_cpus": [
            2
          ],
          "comm": "python3",
          "live_threads": 1,
          "pid": 2117181,
          "rss_kib": 24248,
          "runnable_threads": 0,
          "start_ticks": 198399304,
          "vmhwm_kib": 25776
        },
        {
          "allowed_cpus": [
            2
          ],
          "comm": "python3",
          "live_threads": 1,
          "pid": 2135052,
          "rss_kib": 483796,
          "runnable_threads": 1,
          "start_ticks": 198408769,
          "vmhwm_kib": 483796
        }
      ],
      "scratch_allocated_bytes": 471040,
      "scratch_file_count": 19,
      "scratch_logical_bytes": 415116,
      "scratch_race_count": 0,
      "tree_live_threads": 2,
      "tree_rss_kib": 508044,
      "tree_runnable_threads": 1
    },
    "peaks": {
      "cgroup_memory_peak_bytes": 518012928,
      "max_observed_process_vmhwm_kib": 504592,
      "max_sampled_allowed_cpu_count": 1,
      "max_sampled_cgroup_current_bytes": 496607232,
      "max_sampled_scratch_allocated_bytes": 622592,
      "max_sampled_scratch_logical_bytes": 553671,
      "max_sampled_single_rss_kib": 483796,
      "max_sampled_tree_live_threads": 2,
      "max_sampled_tree_rss_kib": 508044,
      "max_sampled_tree_runnable_threads": 1
    },
    "phase": "diagnostic",
    "phase_marker_path": "/home/x/deco/gamma/projects/enwiki9/run_logs/adaptive/20260908T171535Z_9962b82f49.resources/phases.jsonl",
    "phase_markers": [
      {
        "detail": "operational envelope only; no codec phase credit",
        "event": "worker_start",
        "observed_elapsed_s": 0.0132,
        "phase": "diagnostic",
        "source_line": 1
      },
      {
        "detail": null,
        "event": "start",
        "observed_elapsed_s": 0.5144,
        "phase": "encode",
        "source_line": 2
      },
      {
        "detail": null,
        "event": "end",
        "observed_elapsed_s": 60.2417,
        "phase": "encode",
        "source_line": 3
      },
      {
        "detail": null,
        "event": "start",
        "observed_elapsed_s": 60.2417,
        "phase": "decode",
        "source_line": 4
      },
      {
        "detail": null,
        "event": "end",
        "observed_elapsed_s": 94.8725,
        "phase": "decode",
        "source_line": 5
      },
      {
        "detail": null,
        "event": "start",
        "observed_elapsed_s": 94.8725,
        "phase": "repeat",
        "source_line": 6
      },
      {
        "detail": null,
        "event": "end",
        "observed_elapsed_s": 155.1215,
        "phase": "repeat",
        "source_line": 7
      }
    ],
    "returncode": 0,
    "sample_count": 310,
    "sample_interval_seconds": 0.5,
    "schema": "gamma.enwiki9.resource-guard-receipt.v3",
    "scratch_paths": [
      "/home/x/deco/gamma/projects/enwiki9/results/opcode_calibration_cost_v1",
      "/home/x/deco/gamma/projects/enwiki9/results/opcode_calibration_runtime_tmp_20260908/gamma-enwiki9-20260908T171535Z_9962b82f49-p79cw_pv/opcode_calibration_cost_v1",
      "/home/x/deco/gamma/projects/enwiki9/run_logs/adaptive/20260908T171535Z_9962b82f49.log",
      "/home/x/deco/gamma/projects/enwiki9/run_logs/adaptive/20260908T171535Z_9962b82f49.resources"
    ],
    "smaps_rollup_checkpoints": [
      {
        "elapsed_s": 0.0132,
        "processes": [
          {
            "pid": 2117181,
            "rollup_kib": {
              "AnonHugePages": 0,
              "Anonymous": 8,
              "FilePmdMapped": 0,
              "KSM": 0,
              "LazyFree": 0,
              "Locked": 0,
              "Private_Clean": 0,
              "Private_Dirty": 8,
              "Private_Hugetlb": 0,
              "Pss": 8,
              "Pss_Anon": 8,
              "Pss_Dirty": 8,
              "Pss_File": 0,
              "Pss_Shmem": 0,
              "Referenced": 8,
              "Rss": 8,
              "Shared_Clean": 0,
              "Shared_Dirty": 0,
              "Shared_Hugetlb": 0,
              "ShmemPmdMapped": 0,
              "Swap": 0,
              "SwapPss": 0
            },
            "start_ticks": 198399304
          }
        ],
        "reason": "initial+phase_marker+rss_growth",
        "tree_rss_kib": 8
      },
      {
        "elapsed_s": 0.5144,
        "processes": [
          {
            "pid": 2117181,
            "rollup_kib": {
              "AnonHugePages": 0,
              "Anonymous": 12048,
              "FilePmdMapped": 0,
              "KSM": 0,
              "LazyFree": 0,
              "Locked": 0,
              "Private_Clean": 44,
              "Private_Dirty": 12048,
              "Private_Hugetlb": 0,
              "Pss": 13650,
              "Pss_Anon": 12048,
              "Pss_Dirty": 12048,
              "Pss_File": 1602,
              "Pss_Shmem": 0,
              "Referenced": 24184,
              "Rss": 24184,
              "Shared_Clean": 12092,
              "Shared_Dirty": 0,
              "Shared_Hugetlb": 0,
              "ShmemPmdMapped": 0,
              "Swap": 0,
              "SwapPss": 0
            },
            "start_ticks": 198399304
          },
          {
            "pid": 2117188,
            "rollup_kib": {
              "AnonHugePages": 0,
              "Anonymous": 29064,
              "FilePmdMapped": 0,
              "KSM": 0,
              "LazyFree": 0,
              "Locked": 0,
              "Private_Clean": 108,
              "Private_Dirty": 29064,
              "Private_Hugetlb": 0,
              "Pss": 30742,
              "Pss_Anon": 29064,
              "Pss_Dirty": 29064,
              "Pss_File": 1678,
              "Pss_Shmem": 0,
              "Referenced": 41408,
              "Rss": 41408,
              "Shared_Clean": 12236,
              "Shared_Dirty": 0,
              "Shared_Hugetlb": 0,
              "ShmemPmdMapped": 0,
              "Swap": 0,
              "SwapPss": 0
            },
            "start_ticks": 198399309
          }
        ],
        "reason": "phase_marker",
        "tree_rss_kib": 65504
      },
      {
        "elapsed_s": 12.0648,
        "processes": [
          {
            "pid": 2117181,
            "rollup_kib": {
              "AnonHugePages": 0,
              "Anonymous": 12048,
              "FilePmdMapped": 0,
              "KSM": 0,
              "LazyFree": 0,
              "Locked": 0,
              "Private_Clean": 44,
              "Private_Dirty": 12048,
              "Private_Hugetlb": 0,
              "Pss": 13650,
              "Pss_Anon": 12048,
              "Pss_Dirty": 12048,
              "Pss_File": 1602,
              "Pss_Shmem": 0,
              "Referenced": 24184,
              "Rss": 24184,
              "Shared_Clean": 12092,
              "Shared_Dirty": 0,
              "Shared_Hugetlb": 0,
              "ShmemPmdMapped": 0,
              "Swap": 0,
              "SwapPss": 0
            },
            "start_ticks": 198399304
          },
          {
            "pid": 2117188,
            "rollup_kib": {
              "AnonHugePages": 0,
              "Anonymous": 297064,
              "FilePmdMapped": 0,
              "KSM": 0,
              "LazyFree": 0,
              "Locked": 0,
              "Private_Clean": 108,
              "Private_Dirty": 297064,
              "Private_Hugetlb": 0,
              "Pss": 298745,
              "Pss_Anon": 297064,
              "Pss_Dirty": 297064,
              "Pss_File": 1681,
              "Pss_Shmem": 0,
              "Referenced": 309408,
              "Rss": 309408,
              "Shared_Clean": 12236,
              "Shared_Dirty": 0,
              "Shared_Hugetlb": 0,
              "ShmemPmdMapped": 0,
              "Swap": 0,
              "SwapPss": 0
            },
            "start_ticks": 198399309
          }
        ],
        "reason": "rss_growth",
        "tree_rss_kib": 333576
      },
      {
        "elapsed_s": 60.2417,
        "processes": [
          {
            "pid": 2117181,
            "rollup_kib": {
              "AnonHugePages": 0,
              "Anonymous": 12048,
              "FilePmdMapped": 0,
              "KSM": 0,
              "LazyFree": 0,
              "Locked": 0,
              "Private_Clean": 8,
              "Private_Dirty": 12048,
              "Private_Hugetlb": 0,
              "Pss": 13224,
              "Pss_Anon": 12048,
              "Pss_Dirty": 12048,
              "Pss_File": 1176,
              "Pss_Shmem": 0,
              "Referenced": 24248,
              "Rss": 24248,
              "Shared_Clean": 12192,
              "Shared_Dirty": 0,
              "Shared_Hugetlb": 0,
              "ShmemPmdMapped": 0,
              "Swap": 0,
              "SwapPss": 0
            },
            "start_ticks": 198399304
          },
          {
            "pid": 2128842,
            "rollup_kib": {
              "AnonHugePages": 0,
              "Anonymous": 15252,
              "FilePmdMapped": 0,
              "KSM": 0,
              "LazyFree": 0,
              "Locked": 0,
              "Private_Clean": 76,
              "Private_Dirty": 15252,
              "Private_Hugetlb": 0,
              "Pss": 16486,
              "Pss_Anon": 15252,
              "Pss_Dirty": 15252,
              "Pss_File": 1234,
              "Pss_Shmem": 0,
              "Referenced": 27532,
              "Rss": 27532,
              "Shared_Clean": 12204,
              "Shared_Dirty": 0,
              "Shared_Hugetlb": 0,
              "ShmemPmdMapped": 0,
              "Swap": 0,
              "SwapPss": 0
            },
            "start_ticks": 198405315
          }
        ],
        "reason": "phase_marker",
        "tree_rss_kib": 51752
      },
      {
        "elapsed_s": 94.8725,
        "processes": [
          {
            "pid": 2117181,
            "rollup_kib": {
              "AnonHugePages": 0,
              "Anonymous": 12048,
              "FilePmdMapped": 0,
              "KSM": 0,
              "LazyFree": 0,
              "Locked": 0,
              "Private_Clean": 8,
              "Private_Dirty": 12048,
              "Private_Hugetlb": 0,
              "Pss": 13224,
              "Pss_Anon": 12048,
              "Pss_Dirty": 12048,
              "Pss_File": 1176,
              "Pss_Shmem": 0,
              "Referenced": 24248,
              "Rss": 24248,
              "Shared_Clean": 12192,
              "Shared_Dirty": 0,
              "Shared_Hugetlb": 0,
              "ShmemPmdMapped": 0,
              "Swap": 0,
              "SwapPss": 0
            },
            "start_ticks": 198399304
          },
          {
            "pid": 2135052,
            "rollup_kib": {
              "AnonHugePages": 0,
              "Anonymous": 13668,
              "FilePmdMapped": 0,
              "KSM": 0,
              "LazyFree": 0,
              "Locked": 0,
              "Private_Clean": 92,
              "Private_Dirty": 13668,
              "Private_Hugetlb": 0,
              "Pss": 14939,
              "Pss_Anon": 13668,
              "Pss_Dirty": 13668,
              "Pss_File": 1271,
              "Pss_Shmem": 0,
              "Referenced": 26028,
              "Rss": 26028,
              "Shared_Clean": 12268,
              "Shared_Dirty": 0,
              "Shared_Hugetlb": 0,
              "ShmemPmdMapped": 0,
              "Swap": 0,
              "SwapPss": 0
            },
            "start_ticks": 198408769
          }
        ],
        "reason": "phase_marker",
        "tree_rss_kib": 50192
      },
      {
        "elapsed_s": 155.1215,
        "processes": [],
        "reason": "phase_marker+terminal",
        "tree_rss_kib": 0
      }
    ],
    "status": "complete",
    "temporary_disk_limit_bytes": 1073741824,
    "wall_time_limit_seconds": null
  }
}
