{"command": ["/usr/bin/python3", "/home/x/deco/gamma/projects/enwiki9/tools/run_with_resource_guard_v3.py", "--limit-kib", "9765624", "--official-decimal-limit-kib", "9765624", "--limit-mode", "tree", "--cgroup-path", "/sys/fs/cgroup/user.slice/user-1000.slice/user@1000.service/app.slice/gamma-enwiki9-20260909T050452Z_3807259314", "--cgroup-memory-max-bytes", "9999998976", "--temporary-disk-limit-bytes", "16000000000", "--phase-marker-path", "/home/x/deco/gamma/projects/enwiki9/run_logs/adaptive/20260909T050452Z_3807259314.resources/phases.jsonl", "--max-logical-cpus", "1", "--guard-json", "/home/x/deco/gamma/projects/enwiki9/run_logs/adaptive/20260909T050452Z_3807259314.resources/guard.json", "--label", "20260909T050452Z_3807259314", "--phase", "diagnostic", "--scratch-path", "/home/x/deco/gamma/projects/enwiki9/results/fx2_adaptive_package_fixture50051_q0_v1", "--scratch-path", "/home/x/deco/gamma/projects/enwiki9/run_logs/adaptive/20260909T050452Z_3807259314.log", "--scratch-path", "/home/x/deco/gamma/projects/enwiki9/run_logs/adaptive/20260909T050452Z_3807259314.resources", "--scratch-path", "/tmp/gamma-enwiki9-20260909T050452Z_3807259314-senyv6qm/fx2_adaptive_package_fixture50051_q0_v1", "--", "/usr/bin/taskset", "--cpu-list", "2", "/bin/sh", "-c", "printf '%s\\n' '{\"phase\":\"diagnostic\",\"event\":\"worker_start\",\"detail\":\"operational envelope only; no codec phase credit\"}' >> \"$GAMMA_RESOURCE_PHASE_MARKERS\" || exit 125; exec \"$@\"", "enwiki9-discovery-envelope", "/usr/bin/python3", "/home/x/deco/gamma/projects/enwiki9/tools/fx2_adaptive_package_fixture50051_q0_v1.py"], "job": {"candidate_id": "fx2_adaptive_package_fixture50051_q0_v1", "candidate_revision": {"path": "operations/adaptive/candidate-revisions/fx2_adaptive_package_fixture50051_q0_v1/20260909T050451761050Z_47d011d6b646.json", "sha256": "sha256:8d10b808519647acc36524e06163d628d210eeb8d79103c13e818c7445d35bdb"}, "candidate_tree_sha256": "sha256:47d011d6b6465a282949f9eb331c50fff171cd46e94c6b3cd3c695c7a46db0fa", "execution_guard": {"path": "tools/run_with_resource_guard_v3.py", "sha256": "sha256:044147f7ffe6922ea8dafd52fc3d4426077b20958adbcd421245ad41adcfc1e4"}, "execution_mode": "discovery", "execution_resources": {"boot_id": "3ce46712-27bc-4199-8e48-e2b3d23926cb", "budget": {"cgroup_parent": "/sys/fs/cgroup/user.slice/user-1000.slice/user@1000.service/app.slice", "cpus": [2], "memory_bytes": 9999998976, "scratch_bytes": 16000000000, "swap_bytes": 0, "wall_seconds": 900}, "cgroup_inode": 267190, "cgroup_path": "/sys/fs/cgroup/user.slice/user-1000.slice/user@1000.service/app.slice/gamma-enwiki9-20260909T050452Z_3807259314", "cpu_enforcement": "taskset-and-sampled-affinity-guard", "groups": [{"created": true, "inode": 267190, "kernel_cpuset": false, "memory_bytes": 9999998976, "path": "/sys/fs/cgroup/user.slice/user-1000.slice/user@1000.service/app.slice/gamma-enwiki9-20260909T050452Z_3807259314"}], "guard_command_sha256": "3c0def03a0912e3fdb58315f4d83a709262fa1580d78be9cb0ab08773c3349c4", "guard_path": "run_logs/adaptive/20260909T050452Z_3807259314.resources/guard.json", "missing_diagnostics": ["kernel cpuset controller is not delegated; taskset assignment and existing affinity guard remain active"], "timing_authority": "diagnostic"}, "experiment": {"path": "operations/adaptive/experiments/fx2_adaptive_package_fixture50051_q0_v1.json", "sha256": "sha256:20f96eff3817bdfab51ad96cde4235369c183844c2641dd27181aed3b6657e1c"}, "gate_size": 50051, "held": false, "held_at": "2026-09-09T05:04:58+00:00", "hold_history": [{"at": "2026-09-09T05:04:58+00:00", "held": true, "reason": "Await source, package manifest and ownership publication, then fresh CPU2 admission with32GiB headroom; no native launch before both verify."}, {"at": "2026-09-09T05:07:37+00:00", "held": false, "reason": "Published293fbf8b5 verified;321 frozen inputs pass. Fresh admission 2026-09-09T05:07:10+00:00 observes no live/unknown competing jobs, available RAM 76193689600 bytes and scratch 57706921984 bytes; reserve34359738368 host bytes plus9999998976 gate memory, CPU2 only. Shared timing diagnostic."}], "job_id": "20260909T050452Z_3807259314", "priority": 40, "proposal": {"path": "operations/adaptive/proposals/developed/949_fx2_adaptive_package_fixture50051_q0_v1.json", "sha256": "sha256:e4838aae717da043e1bffec2ec89969b9e880e5d09faa4a27369ec6f6fcfa04f"}, "proposal_id": "fx2_adaptive_package_fixture50051_q0_v1", "purpose": "diagnostic", "released_at": "2026-09-09T05:07:37+00:00", "resource_budget": {"cgroup_parent": "/sys/fs/cgroup/user.slice/user-1000.slice/user@1000.service/app.slice", "cpus": [2], "memory_bytes": 9999998976, "scratch_bytes": 16000000000, "swap_bytes": 0, "wall_seconds": 900}, "runner": {"path": "tools/fx2_adaptive_package_fixture50051_q0_v1.py", "sha256": "sha256:bf22e1f48441a211af4470ba2b75a93a22ed55c7fdb062040e6df36bd59777b5"}, "schema": "gamma.enwiki9.adaptive-job.v3", "scratch_directories": ["results/fx2_adaptive_package_fixture50051_q0_v1"], "started_at": "2026-09-09T05:07:37+00:00", "state": "running", "submitted_at": "2026-09-09T05:04:52+00:00", "tags": ["native-package-replay"], "timing_authority": "diagnostic", "tool": "tools/fx2_adaptive_package_fixture50051_q0_v1.py", "tool_args": []}}
{
  "resource_guard": {
    "cgroup": {
      "inode": 267190,
      "joined_before_exec": true,
      "memory_max_bytes": 9999998976,
      "memory_max_rounding_bytes": 0,
      "memory_peak_reset": true,
      "path": "/sys/fs/cgroup/user.slice/user-1000.slice/user@1000.service/app.slice/gamma-enwiki9-20260909T050452Z_3807259314",
      "previous_memory_max": "9999998976",
      "requested_memory_max_bytes": 9999998976
    },
    "cgroup_events": {
      "baseline": {
        "high": 0,
        "low": 0,
        "max": 0,
        "oom": 0,
        "oom_group_kill": 0,
        "oom_kill": 0,
        "sock_throttled": 0
      },
      "delta": {
        "high": 0,
        "low": 0,
        "max": 0,
        "oom": 0,
        "oom_group_kill": 0,
        "oom_kill": 0,
        "sock_throttled": 0
      },
      "final": {
        "high": 0,
        "low": 0,
        "max": 0,
        "oom": 0,
        "oom_group_kill": 0,
        "oom_kill": 0,
        "sock_throttled": 0
      }
    },
    "command": [
      "/usr/bin/taskset",
      "--cpu-list",
      "2",
      "/bin/sh",
      "-c",
      "printf '%s\\n' '{\"phase\":\"diagnostic\",\"event\":\"worker_start\",\"detail\":\"operational envelope only; no codec phase credit\"}' >> \"$GAMMA_RESOURCE_PHASE_MARKERS\" || exit 125; exec \"$@\"",
      "enwiki9-discovery-envelope",
      "/usr/bin/python3",
      "/home/x/deco/gamma/projects/enwiki9/tools/fx2_adaptive_package_fixture50051_q0_v1.py"
    ],
    "command_sha256": "c5d1061a64066f92d0ed2ce9808c379918891bad191a54f19d01e7f298eab5e5",
    "elapsed_s": 0.0139,
    "failure": "logical_cpu_limit_exceeded",
    "geekbench5_single_core_score": null,
    "guards": {
      "cgroup_memory_guard_exceeded": false,
      "logical_cpu_guard_exceeded": true,
      "measurement_incomplete": false,
      "official_decimal_memory_exceeded": false,
      "phase_marker_invalid": false,
      "rss_guard_exceeded": false,
      "temporary_disk_guard_exceeded": false,
      "wall_time_guard_exceeded": false
    },
    "label": "20260909T050452Z_3807259314",
    "latest_sample": {
      "allowed_cpu_union": [
        0,
        1,
        2,
        3,
        4,
        5,
        6,
        7,
        8,
        9,
        10,
        11,
        12,
        13,
        14,
        15,
        16,
        17,
        18,
        19,
        20,
        21,
        22,
        23,
        24,
        25,
        26,
        27,
        28,
        29,
        30,
        31
      ],
      "cgroup_current_bytes": 528384,
      "elapsed_s": 0.012,
      "max_single_rss_kib": 16,
      "persistent_status_misses": [],
      "processes": [
        {
          "allowed_cpus": [
            0,
            1,
            2,
            3,
            4,
            5,
            6,
            7,
            8,
            9,
            10,
            11,
            12,
            13,
            14,
            15,
            16,
            17,
            18,
            19,
            20,
            21,
            22,
            23,
            24,
            25,
            26,
            27,
            28,
            29,
            30,
            31
          ],
          "comm": "taskset",
          "live_threads": 1,
          "pid": 2085333,
          "rss_kib": 16,
          "runnable_threads": 1,
          "start_ticks": 202659578,
          "vmhwm_kib": 16
        }
      ],
      "scratch_allocated_bytes": 24576,
      "scratch_file_count": 4,
      "scratch_logical_bytes": 6539,
      "scratch_race_count": 0,
      "tree_live_threads": 1,
      "tree_rss_kib": 16,
      "tree_runnable_threads": 1
    },
    "limit_kib": 9765624,
    "limit_mode": "tree",
    "max_logical_cpus": 1,
    "measurements": {
      "affinity_complete": true,
      "cgroup_v2_complete": true,
      "per_process_vmhwm_sampled": true,
      "phase_markers_complete": false,
      "process_tree_rss_complete": true,
      "scratch_logical_and_allocated_complete": true,
      "smaps_rollup_complete": true
    },
    "objective": {
      "corpusBytes": 1000000000,
      "corpusSha256": "159b85351e5f76e60cbe32e04c677847a9ecba3adc79addab6f4c6c7aa3744bc",
      "objectiveDigest": "sha256:e91ff20e92c3cac8acb0cbe5c79fc8e8a3b427d7e151245c8eecc52b1c32fa00",
      "objectiveId": "gamma-enwiki9-hutter-90m-v3",
      "objectivePath": "contracts/research/v3/objective-contract.json",
      "targetScoreBytes": 90000000
    },
    "official_decimal_limit_kib": 9765624,
    "peak_process_vmhwm": {
      "comm": "taskset",
      "observed_elapsed_s": 0.012,
      "pid": 2085333,
      "start_ticks": 202659578,
      "vmhwm_kib": 16
    },
    "peak_sample": {
      "allowed_cpu_union": [
        0,
        1,
        2,
        3,
        4,
        5,
        6,
        7,
        8,
        9,
        10,
        11,
        12,
        13,
        14,
        15,
        16,
        17,
        18,
        19,
        20,
        21,
        22,
        23,
        24,
        25,
        26,
        27,
        28,
        29,
        30,
        31
      ],
      "cgroup_current_bytes": 528384,
      "elapsed_s": 0.012,
      "max_single_rss_kib": 16,
      "persistent_status_misses": [],
      "processes": [
        {
          "allowed_cpus": [
            0,
            1,
            2,
            3,
            4,
            5,
            6,
            7,
            8,
            9,
            10,
            11,
            12,
            13,
            14,
            15,
            16,
            17,
            18,
            19,
            20,
            21,
            22,
            23,
            24,
            25,
            26,
            27,
            28,
            29,
            30,
            31
          ],
          "comm": "taskset",
          "live_threads": 1,
          "pid": 2085333,
          "rss_kib": 16,
          "runnable_threads": 1,
          "start_ticks": 202659578,
          "vmhwm_kib": 16
        }
      ],
      "scratch_allocated_bytes": 24576,
      "scratch_file_count": 4,
      "scratch_logical_bytes": 6539,
      "scratch_race_count": 0,
      "tree_live_threads": 1,
      "tree_rss_kib": 16,
      "tree_runnable_threads": 1
    },
    "peak_tree_sample": {
      "allowed_cpu_union": [
        0,
        1,
        2,
        3,
        4,
        5,
        6,
        7,
        8,
        9,
        10,
        11,
        12,
        13,
        14,
        15,
        16,
        17,
        18,
        19,
        20,
        21,
        22,
        23,
        24,
        25,
        26,
        27,
        28,
        29,
        30,
        31
      ],
      "cgroup_current_bytes": 528384,
      "elapsed_s": 0.012,
      "max_single_rss_kib": 16,
      "persistent_status_misses": [],
      "processes": [
        {
          "allowed_cpus": [
            0,
            1,
            2,
            3,
            4,
            5,
            6,
            7,
            8,
            9,
            10,
            11,
            12,
            13,
            14,
            15,
            16,
            17,
            18,
            19,
            20,
            21,
            22,
            23,
            24,
            25,
            26,
            27,
            28,
            29,
            30,
            31
          ],
          "comm": "taskset",
          "live_threads": 1,
          "pid": 2085333,
          "rss_kib": 16,
          "runnable_threads": 1,
          "start_ticks": 202659578,
          "vmhwm_kib": 16
        }
      ],
      "scratch_allocated_bytes": 24576,
      "scratch_file_count": 4,
      "scratch_logical_bytes": 6539,
      "scratch_race_count": 0,
      "tree_live_threads": 1,
      "tree_rss_kib": 16,
      "tree_runnable_threads": 1
    },
    "peaks": {
      "cgroup_memory_peak_bytes": 790528,
      "max_observed_process_vmhwm_kib": 16,
      "max_sampled_allowed_cpu_count": 32,
      "max_sampled_cgroup_current_bytes": 528384,
      "max_sampled_scratch_allocated_bytes": 24576,
      "max_sampled_scratch_logical_bytes": 6539,
      "max_sampled_single_rss_kib": 16,
      "max_sampled_tree_live_threads": 1,
      "max_sampled_tree_rss_kib": 16,
      "max_sampled_tree_runnable_threads": 1
    },
    "phase": "diagnostic",
    "phase_marker_path": "/home/x/deco/gamma/projects/enwiki9/run_logs/adaptive/20260909T050452Z_3807259314.resources/phases.jsonl",
    "phase_markers": [],
    "returncode": -15,
    "sample_count": 1,
    "sample_interval_seconds": 0.5,
    "schema": "gamma.enwiki9.resource-guard-receipt.v3",
    "scratch_paths": [
      "/home/x/deco/gamma/projects/enwiki9/results/fx2_adaptive_package_fixture50051_q0_v1",
      "/home/x/deco/gamma/projects/enwiki9/run_logs/adaptive/20260909T050452Z_3807259314.log",
      "/home/x/deco/gamma/projects/enwiki9/run_logs/adaptive/20260909T050452Z_3807259314.resources",
      "/tmp/gamma-enwiki9-20260909T050452Z_3807259314-senyv6qm/fx2_adaptive_package_fixture50051_q0_v1"
    ],
    "smaps_rollup_checkpoints": [
      {
        "elapsed_s": 0.012,
        "processes": [
          {
            "pid": 2085333,
            "rollup_kib": {
              "AnonHugePages": 0,
              "Anonymous": 92,
              "FilePmdMapped": 0,
              "KSM": 0,
              "LazyFree": 0,
              "Locked": 0,
              "Private_Clean": 100,
              "Private_Dirty": 92,
              "Private_Hugetlb": 0,
              "Pss": 219,
              "Pss_Anon": 92,
              "Pss_Dirty": 92,
              "Pss_File": 127,
              "Pss_Shmem": 0,
              "Referenced": 1096,
              "Rss": 1096,
              "Shared_Clean": 904,
              "Shared_Dirty": 0,
              "Shared_Hugetlb": 0,
              "ShmemPmdMapped": 0,
              "Swap": 0,
              "SwapPss": 0
            },
            "start_ticks": 202659578
          }
        ],
        "reason": "initial+rss_growth",
        "tree_rss_kib": 16
      }
    ],
    "status": "logical_cpu_guard_exceeded",
    "temporary_disk_limit_bytes": 16000000000,
    "wall_time_limit_seconds": null
  }
}
