{"command": ["/usr/bin/python3", "/home/x/deco/gamma/projects/enwiki9/tools/run_with_resource_guard_v3.py", "--limit-kib", "9765624", "--official-decimal-limit-kib", "9765624", "--limit-mode", "tree", "--cgroup-path", "/sys/fs/cgroup/user.slice/user-1000.slice/user@1000.service/app.slice/gamma-enwiki9-20260909T034814Z_e3dcc24981", "--cgroup-memory-max-bytes", "9999998976", "--temporary-disk-limit-bytes", "16000000000", "--phase-marker-path", "/home/x/deco/gamma/projects/enwiki9/run_logs/adaptive/20260909T034814Z_e3dcc24981.resources/phases.jsonl", "--max-logical-cpus", "1", "--guard-json", "/home/x/deco/gamma/projects/enwiki9/run_logs/adaptive/20260909T034814Z_e3dcc24981.resources/guard.json", "--label", "20260909T034814Z_e3dcc24981", "--phase", "diagnostic", "--scratch-path", "/home/x/deco/gamma/projects/enwiki9/results/fx2_weight_adaptive_fixture50051_q0_v1", "--scratch-path", "/home/x/deco/gamma/projects/enwiki9/run_logs/adaptive/20260909T034814Z_e3dcc24981.log", "--scratch-path", "/home/x/deco/gamma/projects/enwiki9/run_logs/adaptive/20260909T034814Z_e3dcc24981.resources", "--scratch-path", "/tmp/gamma-enwiki9-20260909T034814Z_e3dcc24981-g2hgm4wt/fx2_weight_adaptive_fixture50051_q0_v1", "--", "/usr/bin/taskset", "--cpu-list", "2", "/bin/sh", "-c", "printf '%s\\n' '{\"phase\":\"diagnostic\",\"event\":\"worker_start\",\"detail\":\"operational envelope only; no codec phase credit\"}' >> \"$GAMMA_RESOURCE_PHASE_MARKERS\" || exit 125; exec \"$@\"", "enwiki9-discovery-envelope", "/usr/bin/python3", "/home/x/deco/gamma/projects/enwiki9/tools/fx2_weight_adaptive_fixture50051_q0_v1.py"], "job": {"candidate_id": "fx2_weight_adaptive_fixture50051_q0_v1", "candidate_revision": {"path": "operations/adaptive/candidate-revisions/fx2_weight_adaptive_fixture50051_q0_v1/20260909T034226544326Z_a23bdce2ab27.json", "sha256": "sha256:1b5eab39e8c87d2cd50e96e921c8c8672d3615a9ea042aab8f46af97df15d83c"}, "candidate_tree_sha256": "sha256:a23bdce2ab2792666842bb5d10626bcd1771b678a02ab5d150cea79a8e35c20a", "execution_guard": {"path": "tools/run_with_resource_guard_v3.py", "sha256": "sha256:044147f7ffe6922ea8dafd52fc3d4426077b20958adbcd421245ad41adcfc1e4"}, "execution_mode": "discovery", "execution_resources": {"boot_id": "3ce46712-27bc-4199-8e48-e2b3d23926cb", "budget": {"cgroup_parent": "/sys/fs/cgroup/user.slice/user-1000.slice/user@1000.service/app.slice", "cpus": [2], "memory_bytes": 9999998976, "scratch_bytes": 16000000000, "swap_bytes": 0, "wall_seconds": 900}, "cgroup_inode": 266398, "cgroup_path": "/sys/fs/cgroup/user.slice/user-1000.slice/user@1000.service/app.slice/gamma-enwiki9-20260909T034814Z_e3dcc24981", "cpu_enforcement": "taskset-and-sampled-affinity-guard", "groups": [{"created": true, "inode": 266398, "kernel_cpuset": false, "memory_bytes": 9999998976, "path": "/sys/fs/cgroup/user.slice/user-1000.slice/user@1000.service/app.slice/gamma-enwiki9-20260909T034814Z_e3dcc24981"}], "guard_command_sha256": "a0fa3265a02555a682409c25e153829904bf49e6b982090d999c828fca65fad8", "guard_path": "run_logs/adaptive/20260909T034814Z_e3dcc24981.resources/guard.json", "missing_diagnostics": ["kernel cpuset controller is not delegated; taskset assignment and existing affinity guard remain active"], "timing_authority": "diagnostic"}, "experiment": {"path": "operations/adaptive/experiments/fx2_weight_adaptive_fixture50051_q0_v1.json", "sha256": "sha256:1536cde98e2d2f5a30f4fb7ab774a7888d8b61da79c9592322d912ff0d931232"}, "gate_size": 50051, "held": false, "held_at": "2026-09-09T03:48:22+00:00", "hold_history": [{"at": "2026-09-09T03:48:22+00:00", "held": true, "reason": "Publish unique job and resource ownership before fresh CPU 2 admission"}, {"at": "2026-09-09T03:49:02+00:00", "held": false, "reason": "Source ownership and held job published at 1166ec554; 316-input preflight passes; fresh 2026-09-09T03:48:41Z sample shows 76206522368 available memory and 59129757696 scratch bytes, no live or unknown corpus owners, preserving 32GiB headroom; canonical resource admission required"}], "job_id": "20260909T034814Z_e3dcc24981", "priority": 40, "proposal": {"path": "operations/adaptive/proposals/developed/931_fx2_weight_adaptive_fixture50051_q0_v1.json", "sha256": "sha256:8dce8d5cd9490f630fa6b9f811b1988307409f736ecc74ad356f3fc2f207139a"}, "proposal_id": "fx2_weight_adaptive_fixture50051_q0_v1", "purpose": "diagnostic", "released_at": "2026-09-09T03:49:02+00:00", "resource_budget": {"cgroup_parent": "/sys/fs/cgroup/user.slice/user-1000.slice/user@1000.service/app.slice", "cpus": [2], "memory_bytes": 9999998976, "scratch_bytes": 16000000000, "swap_bytes": 0, "wall_seconds": 900}, "runner": {"path": "tools/fx2_weight_adaptive_fixture50051_q0_v1.py", "sha256": "sha256:e26ff784fedff4bf466dd03ef0a404d368c71503d8a31943fbdb49d3dbf97699"}, "schema": "gamma.enwiki9.adaptive-job.v3", "scratch_directories": ["results/fx2_weight_adaptive_fixture50051_q0_v1"], "started_at": "2026-09-09T03:49:02+00:00", "state": "running", "submitted_at": "2026-09-09T03:48:14+00:00", "tags": [], "timing_authority": "diagnostic", "tool": "tools/fx2_weight_adaptive_fixture50051_q0_v1.py", "tool_args": []}}
{
  "resource_guard": {
    "cgroup": {
      "inode": 266398,
      "joined_before_exec": true,
      "memory_max_bytes": 9999998976,
      "memory_max_rounding_bytes": 0,
      "memory_peak_reset": true,
      "path": "/sys/fs/cgroup/user.slice/user-1000.slice/user@1000.service/app.slice/gamma-enwiki9-20260909T034814Z_e3dcc24981",
      "previous_memory_max": "9999998976",
      "requested_memory_max_bytes": 9999998976
    },
    "cgroup_events": {
      "baseline": {
        "high": 0,
        "low": 0,
        "max": 0,
        "oom": 0,
        "oom_group_kill": 0,
        "oom_kill": 0,
        "sock_throttled": 0
      },
      "delta": {
        "high": 0,
        "low": 0,
        "max": 0,
        "oom": 0,
        "oom_group_kill": 0,
        "oom_kill": 0,
        "sock_throttled": 0
      },
      "final": {
        "high": 0,
        "low": 0,
        "max": 0,
        "oom": 0,
        "oom_group_kill": 0,
        "oom_kill": 0,
        "sock_throttled": 0
      }
    },
    "command": [
      "/usr/bin/taskset",
      "--cpu-list",
      "2",
      "/bin/sh",
      "-c",
      "printf '%s\\n' '{\"phase\":\"diagnostic\",\"event\":\"worker_start\",\"detail\":\"operational envelope only; no codec phase credit\"}' >> \"$GAMMA_RESOURCE_PHASE_MARKERS\" || exit 125; exec \"$@\"",
      "enwiki9-discovery-envelope",
      "/usr/bin/python3",
      "/home/x/deco/gamma/projects/enwiki9/tools/fx2_weight_adaptive_fixture50051_q0_v1.py"
    ],
    "command_sha256": "19aaaca2a53b93d41681ebda9460adbe073f7d67d649bea47ee3b8576b43e5b0",
    "elapsed_s": 90.3318,
    "geekbench5_single_core_score": null,
    "guards": {
      "cgroup_memory_guard_exceeded": false,
      "logical_cpu_guard_exceeded": false,
      "measurement_incomplete": false,
      "official_decimal_memory_exceeded": false,
      "phase_marker_invalid": false,
      "rss_guard_exceeded": false,
      "temporary_disk_guard_exceeded": false,
      "wall_time_guard_exceeded": false
    },
    "label": "20260909T034814Z_e3dcc24981",
    "latest_sample": {
      "allowed_cpu_union": [],
      "cgroup_current_bytes": 67162112,
      "elapsed_s": 90.3281,
      "max_single_rss_kib": 0,
      "persistent_status_misses": [],
      "processes": [],
      "scratch_allocated_bytes": 62066688,
      "scratch_file_count": 444,
      "scratch_logical_bytes": 60663390,
      "scratch_race_count": 0,
      "tree_live_threads": 0,
      "tree_rss_kib": 0,
      "tree_runnable_threads": 0
    },
    "limit_kib": 9765624,
    "limit_mode": "tree",
    "max_logical_cpus": 1,
    "measurements": {
      "affinity_complete": true,
      "cgroup_v2_complete": true,
      "per_process_vmhwm_sampled": true,
      "phase_markers_complete": true,
      "process_tree_rss_complete": true,
      "scratch_logical_and_allocated_complete": true,
      "smaps_rollup_complete": true
    },
    "objective": {
      "corpusBytes": 1000000000,
      "corpusSha256": "159b85351e5f76e60cbe32e04c677847a9ecba3adc79addab6f4c6c7aa3744bc",
      "objectiveDigest": "sha256:e91ff20e92c3cac8acb0cbe5c79fc8e8a3b427d7e151245c8eecc52b1c32fa00",
      "objectiveId": "gamma-enwiki9-hutter-90m-v3",
      "objectivePath": "contracts/research/v3/objective-contract.json",
      "targetScoreBytes": 90000000
    },
    "official_decimal_limit_kib": 9765624,
    "peak_process_vmhwm": {
      "comm": "cmix",
      "observed_elapsed_s": 74.1213,
      "pid": 1255597,
      "start_ticks": 202194111,
      "vmhwm_kib": 5260300
    },
    "peak_sample": {
      "allowed_cpu_union": [
        2
      ],
      "cgroup_current_bytes": 5495529472,
      "elapsed_s": 74.1213,
      "max_single_rss_kib": 5260300,
      "persistent_status_misses": [],
      "processes": [
        {
          "allowed_cpus": [
            2
          ],
          "comm": "python3",
          "live_threads": 1,
          "pid": 1244275,
          "rss_kib": 54596,
          "runnable_threads": 0,
          "start_ticks": 202188116,
          "vmhwm_kib": 55424
        },
        {
          "allowed_cpus": [
            2
          ],
          "comm": "timeout",
          "live_threads": 1,
          "pid": 1255596,
          "rss_kib": 7888,
          "runnable_threads": 0,
          "start_ticks": 202194111,
          "vmhwm_kib": 7888
        },
        {
          "allowed_cpus": [
            2
          ],
          "comm": "cmix",
          "live_threads": 1,
          "pid": 1255597,
          "rss_kib": 5260300,
          "runnable_threads": 1,
          "start_ticks": 202194111,
          "vmhwm_kib": 5260300
        }
      ],
      "scratch_allocated_bytes": 54439936,
      "scratch_file_count": 424,
      "scratch_logical_bytes": 14732375314,
      "scratch_race_count": 0,
      "tree_live_threads": 3,
      "tree_rss_kib": 5322784,
      "tree_runnable_threads": 1
    },
    "peak_tree_sample": {
      "allowed_cpu_union": [
        2
      ],
      "cgroup_current_bytes": 5495529472,
      "elapsed_s": 74.1213,
      "max_single_rss_kib": 5260300,
      "persistent_status_misses": [],
      "processes": [
        {
          "allowed_cpus": [
            2
          ],
          "comm": "python3",
          "live_threads": 1,
          "pid": 1244275,
          "rss_kib": 54596,
          "runnable_threads": 0,
          "start_ticks": 202188116,
          "vmhwm_kib": 55424
        },
        {
          "allowed_cpus": [
            2
          ],
          "comm": "timeout",
          "live_threads": 1,
          "pid": 1255596,
          "rss_kib": 7888,
          "runnable_threads": 0,
          "start_ticks": 202194111,
          "vmhwm_kib": 7888
        },
        {
          "allowed_cpus": [
            2
          ],
          "comm": "cmix",
          "live_threads": 1,
          "pid": 1255597,
          "rss_kib": 5260300,
          "runnable_threads": 1,
          "start_ticks": 202194111,
          "vmhwm_kib": 5260300
        }
      ],
      "scratch_allocated_bytes": 54439936,
      "scratch_file_count": 424,
      "scratch_logical_bytes": 14732375314,
      "scratch_race_count": 0,
      "tree_live_threads": 3,
      "tree_rss_kib": 5322784,
      "tree_runnable_threads": 1
    },
    "peaks": {
      "cgroup_memory_peak_bytes": 5499056128,
      "max_observed_process_vmhwm_kib": 5260300,
      "max_sampled_allowed_cpu_count": 1,
      "max_sampled_cgroup_current_bytes": 5495529472,
      "max_sampled_scratch_allocated_bytes": 62332928,
      "max_sampled_scratch_logical_bytes": 14740261317,
      "max_sampled_single_rss_kib": 5260300,
      "max_sampled_tree_live_threads": 3,
      "max_sampled_tree_rss_kib": 5322784,
      "max_sampled_tree_runnable_threads": 1
    },
    "phase": "diagnostic",
    "phase_marker_path": "/home/x/deco/gamma/projects/enwiki9/run_logs/adaptive/20260909T034814Z_e3dcc24981.resources/phases.jsonl",
    "phase_markers": [
      {
        "detail": "operational envelope only; no codec phase credit",
        "event": "worker_start",
        "observed_elapsed_s": 0.0223,
        "phase": "diagnostic",
        "source_line": 1
      },
      {
        "detail": null,
        "event": "start",
        "observed_elapsed_s": 0.5229,
        "phase": "fixture-preprocess",
        "source_line": 2
      },
      {
        "detail": null,
        "event": "end",
        "observed_elapsed_s": 0.5229,
        "phase": "fixture-preprocess",
        "source_line": 3
      },
      {
        "detail": null,
        "event": "start",
        "observed_elapsed_s": 1.0261,
        "phase": "fixture-P-encode",
        "source_line": 4
      },
      {
        "detail": null,
        "event": "end",
        "observed_elapsed_s": 16.0052,
        "phase": "fixture-P-encode",
        "source_line": 5
      },
      {
        "detail": null,
        "event": "start",
        "observed_elapsed_s": 16.0052,
        "phase": "fixture-P-decode",
        "source_line": 6
      },
      {
        "detail": null,
        "event": "end",
        "observed_elapsed_s": 30.6362,
        "phase": "fixture-P-decode",
        "source_line": 7
      },
      {
        "detail": null,
        "event": "start",
        "observed_elapsed_s": 30.6362,
        "phase": "fixture-P-reencode",
        "source_line": 8
      },
      {
        "detail": null,
        "event": "end",
        "observed_elapsed_s": 45.2612,
        "phase": "fixture-P-reencode",
        "source_line": 9
      },
      {
        "detail": null,
        "event": "start",
        "observed_elapsed_s": 45.2612,
        "phase": "fixture-K-encode",
        "source_line": 10
      },
      {
        "detail": null,
        "event": "end",
        "observed_elapsed_s": 59.9374,
        "phase": "fixture-K-encode",
        "source_line": 11
      },
      {
        "detail": null,
        "event": "start",
        "observed_elapsed_s": 60.4469,
        "phase": "fixture-K-decode",
        "source_line": 12
      },
      {
        "detail": null,
        "event": "end",
        "observed_elapsed_s": 75.1313,
        "phase": "fixture-K-decode",
        "source_line": 13
      },
      {
        "detail": null,
        "event": "start",
        "observed_elapsed_s": 75.1313,
        "phase": "fixture-K-reencode",
        "source_line": 14
      },
      {
        "detail": null,
        "event": "end",
        "observed_elapsed_s": 89.8203,
        "phase": "fixture-K-reencode",
        "source_line": 15
      },
      {
        "detail": null,
        "event": "start",
        "observed_elapsed_s": 89.8203,
        "phase": "fixture-D-encode",
        "source_line": 16
      },
      {
        "detail": null,
        "event": "end",
        "observed_elapsed_s": 90.3281,
        "phase": "fixture-D-encode",
        "source_line": 17
      }
    ],
    "returncode": 1,
    "sample_count": 178,
    "sample_interval_seconds": 0.5,
    "schema": "gamma.enwiki9.resource-guard-receipt.v3",
    "scratch_paths": [
      "/home/x/deco/gamma/projects/enwiki9/results/fx2_weight_adaptive_fixture50051_q0_v1",
      "/home/x/deco/gamma/projects/enwiki9/run_logs/adaptive/20260909T034814Z_e3dcc24981.log",
      "/home/x/deco/gamma/projects/enwiki9/run_logs/adaptive/20260909T034814Z_e3dcc24981.resources",
      "/tmp/gamma-enwiki9-20260909T034814Z_e3dcc24981-g2hgm4wt/fx2_weight_adaptive_fixture50051_q0_v1"
    ],
    "smaps_rollup_checkpoints": [
      {
        "elapsed_s": 0.0223,
        "processes": [
          {
            "pid": 1244275,
            "rollup_kib": {
              "AnonHugePages": 0,
              "Anonymous": 2188,
              "FilePmdMapped": 0,
              "KSM": 0,
              "LazyFree": 0,
              "Locked": 0,
              "Private_Clean": 40,
              "Private_Dirty": 2188,
              "Private_Hugetlb": 0,
              "Pss": 3302,
              "Pss_Anon": 2188,
              "Pss_Dirty": 2188,
              "Pss_File": 1114,
              "Pss_Shmem": 0,
              "Referenced": 8020,
              "Rss": 8020,
              "Shared_Clean": 5792,
              "Shared_Dirty": 0,
              "Shared_Hugetlb": 0,
              "ShmemPmdMapped": 0,
              "Swap": 0,
              "SwapPss": 0
            },
            "start_ticks": 202188116
          }
        ],
        "reason": "initial+phase_marker+rss_growth",
        "tree_rss_kib": 8020
      },
      {
        "elapsed_s": 0.5229,
        "processes": [
          {
            "pid": 1244275,
            "rollup_kib": {
              "AnonHugePages": 0,
              "Anonymous": 40692,
              "FilePmdMapped": 0,
              "KSM": 0,
              "LazyFree": 0,
              "Locked": 0,
              "Private_Clean": 48,
              "Private_Dirty": 40692,
              "Private_Hugetlb": 0,
              "Pss": 43973,
              "Pss_Anon": 40692,
              "Pss_Dirty": 40692,
              "Pss_File": 3281,
              "Pss_Shmem": 0,
              "Referenced": 54248,
              "Rss": 54248,
              "Shared_Clean": 13508,
              "Shared_Dirty": 0,
              "Shared_Hugetlb": 0,
              "ShmemPmdMapped": 0,
              "Swap": 0,
              "SwapPss": 0
            },
            "start_ticks": 202188116
          }
        ],
        "reason": "phase_marker",
        "tree_rss_kib": 54248
      },
      {
        "elapsed_s": 1.0261,
        "processes": [
          {
            "pid": 1244275,
            "rollup_kib": {
              "AnonHugePages": 0,
              "Anonymous": 40692,
              "FilePmdMapped": 0,
              "KSM": 0,
              "LazyFree": 0,
              "Locked": 0,
              "Private_Clean": 44,
              "Private_Dirty": 40692,
              "Private_Hugetlb": 0,
              "Pss": 43954,
              "Pss_Anon": 40692,
              "Pss_Dirty": 40692,
              "Pss_File": 3262,
              "Pss_Shmem": 0,
              "Referenced": 54248,
              "Rss": 54248,
              "Shared_Clean": 13512,
              "Shared_Dirty": 0,
              "Shared_Hugetlb": 0,
              "ShmemPmdMapped": 0,
              "Swap": 0,
              "SwapPss": 0
            },
            "start_ticks": 202188116
          },
          {
            "pid": 1244406,
            "rollup_kib": {
              "AnonHugePages": 0,
              "Anonymous": 1252,
              "FilePmdMapped": 0,
              "KSM": 0,
              "LazyFree": 0,
              "Locked": 0,
              "Private_Clean": 3848,
              "Private_Dirty": 1252,
              "Private_Hugetlb": 0,
              "Pss": 5224,
              "Pss_Anon": 1252,
              "Pss_Dirty": 1252,
              "Pss_File": 3972,
              "Pss_Shmem": 0,
              "Referenced": 7764,
              "Rss": 7764,
              "Shared_Clean": 2664,
              "Shared_Dirty": 0,
              "Shared_Hugetlb": 0,
              "ShmemPmdMapped": 0,
              "Swap": 0,
              "SwapPss": 0
            },
            "start_ticks": 202188171
          },
          {
            "pid": 1244407,
            "rollup_kib": {
              "AnonHugePages": 18432,
              "Anonymous": 1443504,
              "FilePmdMapped": 0,
              "KSM": 0,
              "LazyFree": 0,
              "Locked": 0,
              "Private_Clean": 936,
              "Private_Dirty": 1443988,
              "Private_Hugetlb": 0,
              "Pss": 1445184,
              "Pss_Anon": 1443504,
              "Pss_Dirty": 1443988,
              "Pss_File": 1680,
              "Pss_Shmem": 0,
              "Referenced": 1448096,
              "Rss": 1448096,
              "Shared_Clean": 3172,
              "Shared_Dirty": 0,
              "Shared_Hugetlb": 0,
              "ShmemPmdMapped": 0,
              "Swap": 0,
              "SwapPss": 0
            },
            "start_ticks": 202188171
          }
        ],
        "reason": "phase_marker+rss_growth",
        "tree_rss_kib": 1482876
      },
      {
        "elapsed_s": 1.5628,
        "processes": [
          {
            "pid": 1244275,
            "rollup_kib": {
              "AnonHugePages": 0,
              "Anonymous": 40692,
              "FilePmdMapped": 0,
              "KSM": 0,
              "LazyFree": 0,
              "Locked": 0,
              "Private_Clean": 44,
              "Private_Dirty": 40692,
              "Private_Hugetlb": 0,
              "Pss": 43954,
              "Pss_Anon": 40692,
              "Pss_Dirty": 40692,
              "Pss_File": 3262,
              "Pss_Shmem": 0,
              "Referenced": 54248,
              "Rss": 54248,
              "Shared_Clean": 13512,
              "Shared_Dirty": 0,
              "Shared_Hugetlb": 0,
              "ShmemPmdMapped": 0,
              "Swap": 0,
              "SwapPss": 0
            },
            "start_ticks": 202188116
          },
          {
            "pid": 1244406,
            "rollup_kib": {
              "AnonHugePages": 0,
              "Anonymous": 1252,
              "FilePmdMapped": 0,
              "KSM": 0,
              "LazyFree": 0,
              "Locked": 0,
              "Private_Clean": 600,
              "Private_Dirty": 1252,
              "Private_Hugetlb": 0,
              "Pss": 3590,
              "Pss_Anon": 1252,
              "Pss_Dirty": 1252,
              "Pss_File": 2338,
              "Pss_Shmem": 0,
              "Referenced": 7764,
              "Rss": 7764,
              "Shared_Clean": 5912,
              "Shared_Dirty": 0,
              "Shared_Hugetlb": 0,
              "ShmemPmdMapped": 0,
              "Swap": 0,
              "SwapPss": 0
            },
            "start_ticks": 202188171
          },
          {
            "pid": 1244407,
            "rollup_kib": {
              "AnonHugePages": 18432,
              "Anonymous": 2672292,
              "FilePmdMapped": 0,
              "KSM": 0,
              "LazyFree": 0,
              "Locked": 0,
              "Private_Clean": 936,
              "Private_Dirty": 2672776,
              "Private_Hugetlb": 0,
              "Pss": 2673991,
              "Pss_Anon": 2672292,
              "Pss_Dirty": 2672776,
              "Pss_File": 1699,
              "Pss_Shmem": 0,
              "Referenced": 2677012,
              "Rss": 2677012,
              "Shared_Clean": 3300,
              "Shared_Dirty": 0,
              "Shared_Hugetlb": 0,
              "ShmemPmdMapped": 0,
              "Swap": 0,
              "SwapPss": 0
            },
            "start_ticks": 202188171
          }
        ],
        "reason": "rss_growth",
        "tree_rss_kib": 2720112
      },
      {
        "elapsed_s": 2.1473,
        "processes": [
          {
            "pid": 1244275,
            "rollup_kib": {
              "AnonHugePages": 0,
              "Anonymous": 40692,
              "FilePmdMapped": 0,
              "KSM": 0,
              "LazyFree": 0,
              "Locked": 0,
              "Private_Clean": 44,
              "Private_Dirty": 40692,
              "Private_Hugetlb": 0,
              "Pss": 43953,
              "Pss_Anon": 40692,
              "Pss_Dirty": 40692,
              "Pss_File": 3261,
              "Pss_Shmem": 0,
              "Referenced": 54248,
              "Rss": 54248,
              "Shared_Clean": 13512,
              "Shared_Dirty": 0,
              "Shared_Hugetlb": 0,
              "ShmemPmdMapped": 0,
              "Swap": 0,
              "SwapPss": 0
            },
            "start_ticks": 202188116
          },
          {
            "pid": 1244406,
            "rollup_kib": {
              "AnonHugePages": 0,
              "Anonymous": 1252,
              "FilePmdMapped": 0,
              "KSM": 0,
              "LazyFree": 0,
              "Locked": 0,
              "Private_Clean": 108,
              "Private_Dirty": 1252,
              "Private_Hugetlb": 0,
              "Pss": 3342,
              "Pss_Anon": 1252,
              "Pss_Dirty": 1252,
              "Pss_File": 2090,
              "Pss_Shmem": 0,
              "Referenced": 7764,
              "Rss": 7764,
              "Shared_Clean": 6404,
              "Shared_Dirty": 0,
              "Shared_Hugetlb": 0,
              "ShmemPmdMapped": 0,
              "Swap": 0,
              "SwapPss": 0
            },
            "start_ticks": 202188171
          },
          {
            "pid": 1244407,
            "rollup_kib": {
              "AnonHugePages": 18432,
              "Anonymous": 3326040,
              "FilePmdMapped": 0,
              "KSM": 0,
              "LazyFree": 0,
              "Locked": 0,
              "Private_Clean": 936,
              "Private_Dirty": 3326524,
              "Private_Hugetlb": 0,
              "Pss": 3327743,
              "Pss_Anon": 3326040,
              "Pss_Dirty": 3326524,
              "Pss_File": 1703,
              "Pss_Shmem": 0,
              "Referenced": 3330760,
              "Rss": 3330760,
              "Shared_Clean": 3300,
              "Shared_Dirty": 0,
              "Shared_Hugetlb": 0,
              "ShmemPmdMapped": 0,
              "Swap": 0,
              "SwapPss": 0
            },
            "start_ticks": 202188171
          }
        ],
        "reason": "rss_growth",
        "tree_rss_kib": 3375048
      },
      {
        "elapsed_s": 2.7563,
        "processes": [
          {
            "pid": 1244275,
            "rollup_kib": {
              "AnonHugePages": 0,
              "Anonymous": 40692,
              "FilePmdMapped": 0,
              "KSM": 0,
              "LazyFree": 0,
              "Locked": 0,
              "Private_Clean": 44,
              "Private_Dirty": 40692,
              "Private_Hugetlb": 0,
              "Pss": 43954,
              "Pss_Anon": 40692,
              "Pss_Dirty": 40692,
              "Pss_File": 3262,
              "Pss_Shmem": 0,
              "Referenced": 54248,
              "Rss": 54248,
              "Shared_Clean": 13512,
              "Shared_Dirty": 0,
              "Shared_Hugetlb": 0,
              "ShmemPmdMapped": 0,
              "Swap": 0,
              "SwapPss": 0
            },
            "start_ticks": 202188116
          },
          {
            "pid": 1244406,
            "rollup_kib": {
              "AnonHugePages": 0,
              "Anonymous": 1252,
              "FilePmdMapped": 0,
              "KSM": 0,
              "LazyFree": 0,
              "Locked": 0,
              "Private_Clean": 3848,
              "Private_Dirty": 1252,
              "Private_Hugetlb": 0,
              "Pss": 5225,
              "Pss_Anon": 1252,
              "Pss_Dirty": 1252,
              "Pss_File": 3973,
              "Pss_Shmem": 0,
              "Referenced": 7764,
              "Rss": 7764,
              "Shared_Clean": 2664,
              "Shared_Dirty": 0,
              "Shared_Hugetlb": 0,
              "ShmemPmdMapped": 0,
              "Swap": 0,
              "SwapPss": 0
            },
            "start_ticks": 202188171
          },
          {
            "pid": 1244407,
            "rollup_kib": {
              "AnonHugePages": 18432,
              "Anonymous": 3758832,
              "FilePmdMapped": 0,
              "KSM": 0,
              "LazyFree": 0,
              "Locked": 0,
              "Private_Clean": 936,
              "Private_Dirty": 3759316,
              "Private_Hugetlb": 0,
              "Pss": 3760530,
              "Pss_Anon": 3758832,
              "Pss_Dirty": 3759316,
              "Pss_File": 1698,
              "Pss_Shmem": 0,
              "Referenced": 3763552,
              "Rss": 3763552,
              "Shared_Clean": 3300,
              "Shared_Dirty": 0,
              "Shared_Hugetlb": 0,
              "ShmemPmdMapped": 0,
              "Swap": 0,
              "SwapPss": 0
            },
            "start_ticks": 202188171
          }
        ],
        "reason": "rss_growth",
        "tree_rss_kib": 3811856
      },
      {
        "elapsed_s": 3.3732,
        "processes": [
          {
            "pid": 1244275,
            "rollup_kib": {
              "AnonHugePages": 0,
              "Anonymous": 40692,
              "FilePmdMapped": 0,
              "KSM": 0,
              "LazyFree": 0,
              "Locked": 0,
              "Private_Clean": 44,
              "Private_Dirty": 40692,
              "Private_Hugetlb": 0,
              "Pss": 43953,
              "Pss_Anon": 40692,
              "Pss_Dirty": 40692,
              "Pss_File": 3261,
              "Pss_Shmem": 0,
              "Referenced": 54248,
              "Rss": 54248,
              "Shared_Clean": 13512,
              "Shared_Dirty": 0,
              "Shared_Hugetlb": 0,
              "ShmemPmdMapped": 0,
              "Swap": 0,
              "SwapPss": 0
            },
            "start_ticks": 202188116
          },
          {
            "pid": 1244406,
            "rollup_kib": {
              "AnonHugePages": 0,
              "Anonymous": 1252,
              "FilePmdMapped": 0,
              "KSM": 0,
              "LazyFree": 0,
              "Locked": 0,
              "Private_Clean": 564,
              "Private_Dirty": 1252,
              "Private_Hugetlb": 0,
              "Pss": 3572,
              "Pss_Anon": 1252,
              "Pss_Dirty": 1252,
              "Pss_File": 2320,
              "Pss_Shmem": 0,
              "Referenced": 7764,
              "Rss": 7764,
              "Shared_Clean": 5948,
              "Shared_Dirty": 0,
              "Shared_Hugetlb": 0,
              "ShmemPmdMapped": 0,
              "Swap": 0,
              "SwapPss": 0
            },
            "start_ticks": 202188171
          },
          {
            "pid": 1244407,
            "rollup_kib": {
              "AnonHugePages": 18432,
              "Anonymous": 4048108,
              "FilePmdMapped": 0,
              "KSM": 0,
              "LazyFree": 0,
              "Locked": 0,
              "Private_Clean": 936,
              "Private_Dirty": 4048592,
              "Private_Hugetlb": 0,
              "Pss": 4049804,
              "Pss_Anon": 4048108,
              "Pss_Dirty": 4048592,
              "Pss_File": 1696,
              "Pss_Shmem": 0,
              "Referenced": 4052828,
              "Rss": 4052828,
              "Shared_Clean": 3300,
              "Shared_Dirty": 0,
              "Shared_Hugetlb": 0,
              "ShmemPmdMapped": 0,
              "Swap": 0,
              "SwapPss": 0
            },
            "start_ticks": 202188171
          }
        ],
        "reason": "rss_growth",
        "tree_rss_kib": 4103896
      },
      {
        "elapsed_s": 4.5003,
        "processes": [
          {
            "pid": 1244275,
            "rollup_kib": {
              "AnonHugePages": 0,
              "Anonymous": 40692,
              "FilePmdMapped": 0,
              "KSM": 0,
              "LazyFree": 0,
              "Locked": 0,
              "Private_Clean": 44,
              "Private_Dirty": 40692,
              "Private_Hugetlb": 0,
              "Pss": 43953,
              "Pss_Anon": 40692,
              "Pss_Dirty": 40692,
              "Pss_File": 3261,
              "Pss_Shmem": 0,
              "Referenced": 54248,
              "Rss": 54248,
              "Shared_Clean": 13512,
              "Shared_Dirty": 0,
              "Shared_Hugetlb": 0,
              "ShmemPmdMapped": 0,
              "Swap": 0,
              "SwapPss": 0
            },
            "start_ticks": 202188116
          },
          {
            "pid": 1244406,
            "rollup_kib": {
              "AnonHugePages": 0,
              "Anonymous": 1252,
              "FilePmdMapped": 0,
              "KSM": 0,
              "LazyFree": 0,
              "Locked": 0,
              "Private_Clean": 420,
              "Private_Dirty": 1252,
              "Private_Hugetlb": 0,
              "Pss": 3500,
              "Pss_Anon": 1252,
              "Pss_Dirty": 1252,
              "Pss_File": 2248,
              "Pss_Shmem": 0,
              "Referenced": 7764,
              "Rss": 7764,
              "Shared_Clean": 6092,
              "Shared_Dirty": 0,
              "Shared_Hugetlb": 0,
              "ShmemPmdMapped": 0,
              "Swap": 0,
              "SwapPss": 0
            },
            "start_ticks": 202188171
          },
          {
            "pid": 1244407,
            "rollup_kib": {
              "AnonHugePages": 18432,
              "Anonymous": 4369872,
              "FilePmdMapped": 0,
              "KSM": 0,
              "LazyFree": 0,
              "Locked": 0,
              "Private_Clean": 936,
              "Private_Dirty": 4370356,
              "Private_Hugetlb": 0,
              "Pss": 4371571,
              "Pss_Anon": 4369872,
              "Pss_Dirty": 4370356,
              "Pss_File": 1699,
              "Pss_Shmem": 0,
              "Referenced": 4374592,
              "Rss": 4374592,
              "Shared_Clean": 3300,
              "Shared_Dirty": 0,
              "Shared_Hugetlb": 0,
              "ShmemPmdMapped": 0,
              "Swap": 0,
              "SwapPss": 0
            },
            "start_ticks": 202188171
          }
        ],
        "reason": "rss_growth",
        "tree_rss_kib": 4429136
      },
      {
        "elapsed_s": 6.1391,
        "processes": [
          {
            "pid": 1244275,
            "rollup_kib": {
              "AnonHugePages": 0,
              "Anonymous": 40692,
              "FilePmdMapped": 0,
              "KSM": 0,
              "LazyFree": 0,
              "Locked": 0,
              "Private_Clean": 44,
              "Private_Dirty": 40692,
              "Private_Hugetlb": 0,
              "Pss": 43954,
              "Pss_Anon": 40692,
              "Pss_Dirty": 40692,
              "Pss_File": 3262,
              "Pss_Shmem": 0,
              "Referenced": 54248,
              "Rss": 54248,
              "Shared_Clean": 13512,
              "Shared_Dirty": 0,
              "Shared_Hugetlb": 0,
              "ShmemPmdMapped": 0,
              "Swap": 0,
              "SwapPss": 0
            },
            "start_ticks": 202188116
          },
          {
            "pid": 1244406,
            "rollup_kib": {
              "AnonHugePages": 0,
              "Anonymous": 1252,
              "FilePmdMapped": 0,
              "KSM": 0,
              "LazyFree": 0,
              "Locked": 0,
              "Private_Clean": 368,
              "Private_Dirty": 1252,
              "Private_Hugetlb": 0,
              "Pss": 3474,
              "Pss_Anon": 1252,
              "Pss_Dirty": 1252,
              "Pss_File": 2222,
              "Pss_Shmem": 0,
              "Referenced": 7764,
              "Rss": 7764,
              "Shared_Clean": 6144,
              "Shared_Dirty": 0,
              "Shared_Hugetlb": 0,
              "ShmemPmdMapped": 0,
              "Swap": 0,
              "SwapPss": 0
            },
            "start_ticks": 202188171
          },
          {
            "pid": 1244407,
            "rollup_kib": {
              "AnonHugePages": 18432,
              "Anonymous": 4630884,
              "FilePmdMapped": 0,
              "KSM": 0,
              "LazyFree": 0,
              "Locked": 0,
              "Private_Clean": 936,
              "Private_Dirty": 4631368,
              "Private_Hugetlb": 0,
              "Pss": 4632582,
              "Pss_Anon": 4630884,
              "Pss_Dirty": 4631368,
              "Pss_File": 1698,
              "Pss_Shmem": 0,
              "Referenced": 4635604,
              "Rss": 4635604,
              "Shared_Clean": 3300,
              "Shared_Dirty": 0,
              "Shared_Hugetlb": 0,
              "ShmemPmdMapped": 0,
              "Swap": 0,
              "SwapPss": 0
            },
            "start_ticks": 202188171
          }
        ],
        "reason": "rss_growth",
        "tree_rss_kib": 4694432
      },
      {
        "elapsed_s": 9.7953,
        "processes": [
          {
            "pid": 1244275,
            "rollup_kib": {
              "AnonHugePages": 0,
              "Anonymous": 40692,
              "FilePmdMapped": 0,
              "KSM": 0,
              "LazyFree": 0,
              "Locked": 0,
              "Private_Clean": 44,
              "Private_Dirty": 40692,
              "Private_Hugetlb": 0,
              "Pss": 43953,
              "Pss_Anon": 40692,
              "Pss_Dirty": 40692,
              "Pss_File": 3261,
              "Pss_Shmem": 0,
              "Referenced": 54248,
              "Rss": 54248,
              "Shared_Clean": 13512,
              "Shared_Dirty": 0,
              "Shared_Hugetlb": 0,
              "ShmemPmdMapped": 0,
              "Swap": 0,
              "SwapPss": 0
            },
            "start_ticks": 202188116
          },
          {
            "pid": 1244406,
            "rollup_kib": {
              "AnonHugePages": 0,
              "Anonymous": 1252,
              "FilePmdMapped": 0,
              "KSM": 0,
              "LazyFree": 0,
              "Locked": 0,
              "Private_Clean": 528,
              "Private_Dirty": 1252,
              "Private_Hugetlb": 0,
              "Pss": 3554,
              "Pss_Anon": 1252,
              "Pss_Dirty": 1252,
              "Pss_File": 2302,
              "Pss_Shmem": 0,
              "Referenced": 7764,
              "Rss": 7764,
              "Shared_Clean": 5984,
              "Shared_Dirty": 0,
              "Shared_Hugetlb": 0,
              "ShmemPmdMapped": 0,
              "Swap": 0,
              "SwapPss": 0
            },
            "start_ticks": 202188171
          },
          {
            "pid": 1244407,
            "rollup_kib": {
              "AnonHugePages": 18432,
              "Anonymous": 4893796,
              "FilePmdMapped": 0,
              "KSM": 0,
              "LazyFree": 0,
              "Locked": 0,
              "Private_Clean": 936,
              "Private_Dirty": 4894316,
              "Private_Hugetlb": 0,
              "Pss": 4895529,
              "Pss_Anon": 4893796,
              "Pss_Dirty": 4894316,
              "Pss_File": 1733,
              "Pss_Shmem": 0,
              "Referenced": 4898552,
              "Rss": 4898552,
              "Shared_Clean": 3300,
              "Shared_Dirty": 0,
              "Shared_Hugetlb": 0,
              "ShmemPmdMapped": 0,
              "Swap": 0,
              "SwapPss": 0
            },
            "start_ticks": 202188171
          }
        ],
        "reason": "rss_growth",
        "tree_rss_kib": 4959204
      },
      {
        "elapsed_s": 13.3943,
        "processes": [
          {
            "pid": 1244275,
            "rollup_kib": {
              "AnonHugePages": 0,
              "Anonymous": 40692,
              "FilePmdMapped": 0,
              "KSM": 0,
              "LazyFree": 0,
              "Locked": 0,
              "Private_Clean": 44,
              "Private_Dirty": 40692,
              "Private_Hugetlb": 0,
              "Pss": 43955,
              "Pss_Anon": 40692,
              "Pss_Dirty": 40692,
              "Pss_File": 3263,
              "Pss_Shmem": 0,
              "Referenced": 54248,
              "Rss": 54248,
              "Shared_Clean": 13512,
              "Shared_Dirty": 0,
              "Shared_Hugetlb": 0,
              "ShmemPmdMapped": 0,
              "Swap": 0,
              "SwapPss": 0
            },
            "start_ticks": 202188116
          },
          {
            "pid": 1244406,
            "rollup_kib": {
              "AnonHugePages": 0,
              "Anonymous": 1252,
              "FilePmdMapped": 0,
              "KSM": 0,
              "LazyFree": 0,
              "Locked": 0,
              "Private_Clean": 3848,
              "Private_Dirty": 1252,
              "Private_Hugetlb": 0,
              "Pss": 5225,
              "Pss_Anon": 1252,
              "Pss_Dirty": 1252,
              "Pss_File": 3973,
              "Pss_Shmem": 0,
              "Referenced": 7764,
              "Rss": 7764,
              "Shared_Clean": 2664,
              "Shared_Dirty": 0,
              "Shared_Hugetlb": 0,
              "ShmemPmdMapped": 0,
              "Swap": 0,
              "SwapPss": 0
            },
            "start_ticks": 202188171
          },
          {
            "pid": 1244407,
            "rollup_kib": {
              "AnonHugePages": 18432,
              "Anonymous": 5161508,
              "FilePmdMapped": 0,
              "KSM": 0,
              "LazyFree": 0,
              "Locked": 0,
              "Private_Clean": 1004,
              "Private_Dirty": 5162448,
              "Private_Hugetlb": 0,
              "Pss": 5163733,
              "Pss_Anon": 5161508,
              "Pss_Dirty": 5162448,
              "Pss_File": 2225,
              "Pss_Shmem": 0,
              "Referenced": 5166752,
              "Rss": 5166752,
              "Shared_Clean": 3300,
              "Shared_Dirty": 0,
              "Shared_Hugetlb": 0,
              "ShmemPmdMapped": 0,
              "Swap": 0,
              "SwapPss": 0
            },
            "start_ticks": 202188171
          }
        ],
        "reason": "rss_growth",
        "tree_rss_kib": 5228580
      },
      {
        "elapsed_s": 16.0052,
        "processes": [
          {
            "pid": 1244275,
            "rollup_kib": {
              "AnonHugePages": 0,
              "Anonymous": 41884,
              "FilePmdMapped": 0,
              "KSM": 0,
              "LazyFree": 0,
              "Locked": 0,
              "Private_Clean": 44,
              "Private_Dirty": 41884,
              "Private_Hugetlb": 0,
              "Pss": 45143,
              "Pss_Anon": 41884,
              "Pss_Dirty": 41884,
              "Pss_File": 3259,
              "Pss_Shmem": 0,
              "Referenced": 55440,
              "Rss": 55440,
              "Shared_Clean": 13512,
              "Shared_Dirty": 0,
              "Shared_Hugetlb": 0,
              "ShmemPmdMapped": 0,
              "Swap": 0,
              "SwapPss": 0
            },
            "start_ticks": 202188116
          },
          {
            "pid": 1247230,
            "rollup_kib": {
              "AnonHugePages": 0,
              "Anonymous": 1248,
              "FilePmdMapped": 0,
              "KSM": 0,
              "LazyFree": 0,
              "Locked": 0,
              "Private_Clean": 292,
              "Private_Dirty": 1248,
              "Private_Hugetlb": 0,
              "Pss": 3374,
              "Pss_Anon": 1248,
              "Pss_Dirty": 1248,
              "Pss_File": 2126,
              "Pss_Shmem": 0,
              "Referenced": 7732,
              "Rss": 7732,
              "Shared_Clean": 6192,
              "Shared_Dirty": 0,
              "Shared_Hugetlb": 0,
              "ShmemPmdMapped": 0,
              "Swap": 0,
              "SwapPss": 0
            },
            "start_ticks": 202189684
          },
          {
            "pid": 1247231,
            "rollup_kib": {
              "AnonHugePages": 0,
              "Anonymous": 1175956,
              "FilePmdMapped": 0,
              "KSM": 0,
              "LazyFree": 0,
              "Locked": 0,
              "Private_Clean": 968,
              "Private_Dirty": 1176368,
              "Private_Hugetlb": 0,
              "Pss": 1177591,
              "Pss_Anon": 1175956,
              "Pss_Dirty": 1176368,
              "Pss_File": 1635,
              "Pss_Shmem": 0,
              "Referenced": 1180308,
              "Rss": 1180308,
              "Shared_Clean": 2972,
              "Shared_Dirty": 0,
              "Shared_Hugetlb": 0,
              "ShmemPmdMapped": 0,
              "Swap": 0,
              "SwapPss": 0
            },
            "start_ticks": 202189684
          }
        ],
        "reason": "phase_marker",
        "tree_rss_kib": 1243480
      },
      {
        "elapsed_s": 30.6362,
        "processes": [
          {
            "pid": 1244275,
            "rollup_kib": {
              "AnonHugePages": 0,
              "Anonymous": 41884,
              "FilePmdMapped": 0,
              "KSM": 0,
              "LazyFree": 0,
              "Locked": 0,
              "Private_Clean": 44,
              "Private_Dirty": 41884,
              "Private_Hugetlb": 0,
              "Pss": 45146,
              "Pss_Anon": 41884,
              "Pss_Dirty": 41884,
              "Pss_File": 3262,
              "Pss_Shmem": 0,
              "Referenced": 55440,
              "Rss": 55440,
              "Shared_Clean": 13512,
              "Shared_Dirty": 0,
              "Shared_Hugetlb": 0,
              "ShmemPmdMapped": 0,
              "Swap": 0,
              "SwapPss": 0
            },
            "start_ticks": 202188116
          },
          {
            "pid": 1249944,
            "rollup_kib": {
              "AnonHugePages": 0,
              "Anonymous": 1248,
              "FilePmdMapped": 0,
              "KSM": 0,
              "LazyFree": 0,
              "Locked": 0,
              "Private_Clean": 64,
              "Private_Dirty": 1248,
              "Private_Hugetlb": 0,
              "Pss": 3163,
              "Pss_Anon": 1248,
              "Pss_Dirty": 1248,
              "Pss_File": 1915,
              "Pss_Shmem": 0,
              "Referenced": 7500,
              "Rss": 7500,
              "Shared_Clean": 6188,
              "Shared_Dirty": 0,
              "Shared_Hugetlb": 0,
              "ShmemPmdMapped": 0,
              "Swap": 0,
              "SwapPss": 0
            },
            "start_ticks": 202191157
          },
          {
            "pid": 1249945,
            "rollup_kib": {
              "AnonHugePages": 0,
              "Anonymous": 1155372,
              "FilePmdMapped": 0,
              "KSM": 0,
              "LazyFree": 0,
              "Locked": 0,
              "Private_Clean": 952,
              "Private_Dirty": 1155784,
              "Private_Hugetlb": 0,
              "Pss": 1156990,
              "Pss_Anon": 1155372,
              "Pss_Dirty": 1155784,
              "Pss_File": 1618,
              "Pss_Shmem": 0,
              "Referenced": 1159828,
              "Rss": 1159828,
              "Shared_Clean": 3092,
              "Shared_Dirty": 0,
              "Shared_Hugetlb": 0,
              "ShmemPmdMapped": 0,
              "Swap": 0,
              "SwapPss": 0
            },
            "start_ticks": 202191157
          }
        ],
        "reason": "phase_marker",
        "tree_rss_kib": 1222472
      },
      {
        "elapsed_s": 45.2612,
        "processes": [
          {
            "pid": 1244275,
            "rollup_kib": {
              "AnonHugePages": 0,
              "Anonymous": 41896,
              "FilePmdMapped": 0,
              "KSM": 0,
              "LazyFree": 0,
              "Locked": 0,
              "Private_Clean": 44,
              "Private_Dirty": 41896,
              "Private_Hugetlb": 0,
              "Pss": 45191,
              "Pss_Anon": 41896,
              "Pss_Dirty": 41896,
              "Pss_File": 3295,
              "Pss_Shmem": 0,
              "Referenced": 55516,
              "Rss": 55516,
              "Shared_Clean": 13576,
              "Shared_Dirty": 0,
              "Shared_Hugetlb": 0,
              "ShmemPmdMapped": 0,
              "Swap": 0,
              "SwapPss": 0
            },
            "start_ticks": 202188116
          },
          {
            "pid": 1252806,
            "rollup_kib": {
              "AnonHugePages": 0,
              "Anonymous": 1248,
              "FilePmdMapped": 0,
              "KSM": 0,
              "LazyFree": 0,
              "Locked": 0,
              "Private_Clean": 3760,
              "Private_Dirty": 1248,
              "Private_Hugetlb": 0,
              "Pss": 5138,
              "Pss_Anon": 1248,
              "Pss_Dirty": 1248,
              "Pss_File": 3890,
              "Pss_Shmem": 0,
              "Referenced": 7772,
              "Rss": 7772,
              "Shared_Clean": 2764,
              "Shared_Dirty": 0,
              "Shared_Hugetlb": 0,
              "ShmemPmdMapped": 0,
              "Swap": 0,
              "SwapPss": 0
            },
            "start_ticks": 202192638
          },
          {
            "pid": 1252809,
            "rollup_kib": {
              "AnonHugePages": 0,
              "Anonymous": 267368,
              "FilePmdMapped": 0,
              "KSM": 0,
              "LazyFree": 0,
              "Locked": 0,
              "Private_Clean": 1320,
              "Private_Dirty": 267368,
              "Private_Hugetlb": 0,
              "Pss": 268948,
              "Pss_Anon": 267368,
              "Pss_Dirty": 267368,
              "Pss_File": 1580,
              "Pss_Shmem": 0,
              "Referenced": 271784,
              "Rss": 271784,
              "Shared_Clean": 3096,
              "Shared_Dirty": 0,
              "Shared_Hugetlb": 0,
              "ShmemPmdMapped": 0,
              "Swap": 0,
              "SwapPss": 0
            },
            "start_ticks": 202192638
          }
        ],
        "reason": "phase_marker",
        "tree_rss_kib": 309064
      },
      {
        "elapsed_s": 59.9374,
        "processes": [
          {
            "pid": 1244275,
            "rollup_kib": {
              "AnonHugePages": 0,
              "Anonymous": 40976,
              "FilePmdMapped": 0,
              "KSM": 0,
              "LazyFree": 0,
              "Locked": 0,
              "Private_Clean": 48,
              "Private_Dirty": 40976,
              "Private_Hugetlb": 0,
              "Pss": 44294,
              "Pss_Anon": 40976,
              "Pss_Dirty": 40976,
              "Pss_File": 3318,
              "Pss_Shmem": 0,
              "Referenced": 54596,
              "Rss": 54596,
              "Shared_Clean": 13572,
              "Shared_Dirty": 0,
              "Shared_Hugetlb": 0,
              "ShmemPmdMapped": 0,
              "Swap": 0,
              "SwapPss": 0
            },
            "start_ticks": 202188116
          }
        ],
        "reason": "phase_marker",
        "tree_rss_kib": 54596
      },
      {
        "elapsed_s": 60.4469,
        "processes": [
          {
            "pid": 1244275,
            "rollup_kib": {
              "AnonHugePages": 0,
              "Anonymous": 40976,
              "FilePmdMapped": 0,
              "KSM": 0,
              "LazyFree": 0,
              "Locked": 0,
              "Private_Clean": 40,
              "Private_Dirty": 40976,
              "Private_Hugetlb": 0,
              "Pss": 44262,
              "Pss_Anon": 40976,
              "Pss_Dirty": 40976,
              "Pss_File": 3286,
              "Pss_Shmem": 0,
              "Referenced": 54596,
              "Rss": 54596,
              "Shared_Clean": 13580,
              "Shared_Dirty": 0,
              "Shared_Hugetlb": 0,
              "ShmemPmdMapped": 0,
              "Swap": 0,
              "SwapPss": 0
            },
            "start_ticks": 202188116
          },
          {
            "pid": 1255596,
            "rollup_kib": {
              "AnonHugePages": 0,
              "Anonymous": 1248,
              "FilePmdMapped": 0,
              "KSM": 0,
              "LazyFree": 0,
              "Locked": 0,
              "Private_Clean": 180,
              "Private_Dirty": 1248,
              "Private_Hugetlb": 0,
              "Pss": 3386,
              "Pss_Anon": 1248,
              "Pss_Dirty": 1248,
              "Pss_File": 2138,
              "Pss_Shmem": 0,
              "Referenced": 7888,
              "Rss": 7888,
              "Shared_Clean": 6460,
              "Shared_Dirty": 0,
              "Shared_Hugetlb": 0,
              "ShmemPmdMapped": 0,
              "Swap": 0,
              "SwapPss": 0
            },
            "start_ticks": 202194111
          },
          {
            "pid": 1255597,
            "rollup_kib": {
              "AnonHugePages": 18432,
              "Anonymous": 1615844,
              "FilePmdMapped": 0,
              "KSM": 0,
              "LazyFree": 0,
              "Locked": 0,
              "Private_Clean": 1452,
              "Private_Dirty": 1615852,
              "Private_Hugetlb": 0,
              "Pss": 1617549,
              "Pss_Anon": 1615844,
              "Pss_Dirty": 1615852,
              "Pss_File": 1705,
              "Pss_Shmem": 0,
              "Referenced": 1620384,
              "Rss": 1620384,
              "Shared_Clean": 3080,
              "Shared_Dirty": 0,
              "Shared_Hugetlb": 0,
              "ShmemPmdMapped": 0,
              "Swap": 0,
              "SwapPss": 0
            },
            "start_ticks": 202194111
          }
        ],
        "reason": "phase_marker",
        "tree_rss_kib": 1661320
      },
      {
        "elapsed_s": 75.1313,
        "processes": [
          {
            "pid": 1244275,
            "rollup_kib": {
              "AnonHugePages": 0,
              "Anonymous": 40976,
              "FilePmdMapped": 0,
              "KSM": 0,
              "LazyFree": 0,
              "Locked": 0,
              "Private_Clean": 44,
              "Private_Dirty": 40976,
              "Private_Hugetlb": 0,
              "Pss": 44270,
              "Pss_Anon": 40976,
              "Pss_Dirty": 40976,
              "Pss_File": 3294,
              "Pss_Shmem": 0,
              "Referenced": 54596,
              "Rss": 54596,
              "Shared_Clean": 13576,
              "Shared_Dirty": 0,
              "Shared_Hugetlb": 0,
              "ShmemPmdMapped": 0,
              "Swap": 0,
              "SwapPss": 0
            },
            "start_ticks": 202188116
          },
          {
            "pid": 1258440,
            "rollup_kib": {
              "AnonHugePages": 0,
              "Anonymous": 1248,
              "FilePmdMapped": 0,
              "KSM": 0,
              "LazyFree": 0,
              "Locked": 0,
              "Private_Clean": 344,
              "Private_Dirty": 1248,
              "Private_Hugetlb": 0,
              "Pss": 3422,
              "Pss_Anon": 1248,
              "Pss_Dirty": 1248,
              "Pss_File": 2174,
              "Pss_Shmem": 0,
              "Referenced": 7772,
              "Rss": 7772,
              "Shared_Clean": 6180,
              "Shared_Dirty": 0,
              "Shared_Hugetlb": 0,
              "ShmemPmdMapped": 0,
              "Swap": 0,
              "SwapPss": 0
            },
            "start_ticks": 202195593
          },
          {
            "pid": 1258441,
            "rollup_kib": {
              "AnonHugePages": 0,
              "Anonymous": 1175864,
              "FilePmdMapped": 0,
              "KSM": 0,
              "LazyFree": 0,
              "Locked": 0,
              "Private_Clean": 1364,
              "Private_Dirty": 1175864,
              "Private_Hugetlb": 0,
              "Pss": 1177481,
              "Pss_Anon": 1175864,
              "Pss_Dirty": 1175864,
              "Pss_File": 1617,
              "Pss_Shmem": 0,
              "Referenced": 1180320,
              "Rss": 1180320,
              "Shared_Clean": 3092,
              "Shared_Dirty": 0,
              "Shared_Hugetlb": 0,
              "ShmemPmdMapped": 0,
              "Swap": 0,
              "SwapPss": 0
            },
            "start_ticks": 202195593
          }
        ],
        "reason": "phase_marker",
        "tree_rss_kib": 1242688
      },
      {
        "elapsed_s": 89.8203,
        "processes": [
          {
            "pid": 1244275,
            "rollup_kib": {
              "AnonHugePages": 0,
              "Anonymous": 40976,
              "FilePmdMapped": 0,
              "KSM": 0,
              "LazyFree": 0,
              "Locked": 0,
              "Private_Clean": 40,
              "Private_Dirty": 40976,
              "Private_Hugetlb": 0,
              "Pss": 44266,
              "Pss_Anon": 40976,
              "Pss_Dirty": 40976,
              "Pss_File": 3290,
              "Pss_Shmem": 0,
              "Referenced": 54596,
              "Rss": 54596,
              "Shared_Clean": 13580,
              "Shared_Dirty": 0,
              "Shared_Hugetlb": 0,
              "ShmemPmdMapped": 0,
              "Swap": 0,
              "SwapPss": 0
            },
            "start_ticks": 202188116
          },
          {
            "pid": 1261171,
            "rollup_kib": {
              "AnonHugePages": 0,
              "Anonymous": 1248,
              "FilePmdMapped": 0,
              "KSM": 0,
              "LazyFree": 0,
              "Locked": 0,
              "Private_Clean": 428,
              "Private_Dirty": 1248,
              "Private_Hugetlb": 0,
              "Pss": 3413,
              "Pss_Anon": 1248,
              "Pss_Dirty": 1248,
              "Pss_File": 2165,
              "Pss_Shmem": 0,
              "Referenced": 7624,
              "Rss": 7624,
              "Shared_Clean": 5948,
              "Shared_Dirty": 0,
              "Shared_Hugetlb": 0,
              "ShmemPmdMapped": 0,
              "Swap": 0,
              "SwapPss": 0
            },
            "start_ticks": 202197074
          }
        ],
        "reason": "phase_marker",
        "tree_rss_kib": 62220
      },
      {
        "elapsed_s": 90.3281,
        "processes": [],
        "reason": "phase_marker+terminal",
        "tree_rss_kib": 0
      }
    ],
    "status": "complete",
    "temporary_disk_limit_bytes": 16000000000,
    "wall_time_limit_seconds": null
  }
}
