{"command": ["/usr/bin/python3", "/home/x/deco/gamma/projects/enwiki9/tools/run_with_rss_guard.py", "--limit-kib", "9765625", "--limit-mode", "max_single", "--official-decimal-limit-kib", "9765625", "--guard-json", "results/kairos108_final_head_dyadic_qm4_guard_v1.json", "--label", "kairos108_final_head_dyadic_qm4_v1", "--", "python3", "tools/kairos108_final_head_dyadic_qm4.py"], "job": {"candidate_id": "kairos108_final_head_dyadic_qm4_v1", "gate_size": 1000000, "job_id": "20260809T214215Z_2ab1668c70", "priority": 1299, "purpose": "oracle", "schema": "enwiki9_adaptive_job_v1", "started_at": "2026-08-09T21:42:19+00:00", "state": "running", "submitted_at": "2026-08-09T21:42:15+00:00", "tags": ["cmix-obias", "dyadic", "final-head", "kairos108", "pinned-lld"], "tool": "tools/run_with_rss_guard.py", "tool_args": ["--limit-kib", "9765625", "--limit-mode", "max_single", "--official-decimal-limit-kib", "9765625", "--guard-json", "results/kairos108_final_head_dyadic_qm4_guard_v1.json", "--label", "kairos108_final_head_dyadic_qm4_v1", "--", "python3", "tools/kairos108_final_head_dyadic_qm4.py"]}}
{"K0_gross_gain_bytes": 417, "K0_paid_gain_before_source_bytes": -8339, "O0_gross_gain_bytes": -517, "candidate_id": "kairos108_final_head_dyadic_qm4_v1", "verdict": "opening_plumbing_pass_full_stream_signal_unproved"}
{
  "rss_guard": {
    "label": "kairos108_final_head_dyadic_qm4_v1",
    "command": [
      "python3",
      "tools/kairos108_final_head_dyadic_qm4.py"
    ],
    "limit_kib": 9765625,
    "limit_mode": "max_single",
    "official_decimal_limit_kib": 9765625,
    "official_decimal_over_limit_kib": 0,
    "max_sampled_single_rss_kib": 8388564,
    "max_sampled_tree_rss_kib": 8426804,
    "peak_sample": {
      "processes": [
        {
          "pid": 280187,
          "rss_kib": 38240
        },
        {
          "pid": 341615,
          "rss_kib": 8388564
        }
      ],
      "max_single_rss_kib": 8388564,
      "tree_rss_kib": 8426804
    },
    "latest_sample": {
      "processes": [],
      "max_single_rss_kib": 0,
      "tree_rss_kib": 0
    },
    "sample_count": 110,
    "rss_guard_exceeded": false,
    "returncode": 0,
    "status": "complete",
    "elapsed_s": 545.1544
  }
}
