{"command": ["/usr/bin/python3", "/home/x/deco/gamma/projects/enwiki9/tools/run_with_resource_guard_v3.py", "--limit-kib", "4194304", "--official-decimal-limit-kib", "4194304", "--limit-mode", "tree", "--cgroup-path", "/sys/fs/cgroup/user.slice/user-1000.slice/user@1000.service/app.slice/gamma-enwiki9-20260908T224949Z_59e57de621", "--cgroup-memory-max-bytes", "4294967296", "--temporary-disk-limit-bytes", "1073741824", "--phase-marker-path", "/home/x/deco/gamma/projects/enwiki9/run_logs/adaptive/20260908T224949Z_59e57de621.resources/phases.jsonl", "--max-logical-cpus", "1", "--guard-json", "/home/x/deco/gamma/projects/enwiki9/run_logs/adaptive/20260908T224949Z_59e57de621.resources/guard.json", "--label", "20260908T224949Z_59e57de621", "--phase", "diagnostic", "--scratch-path", "/home/x/deco/gamma/projects/enwiki9/results/opcode_field_history250k_q0_v1", "--scratch-path", "/home/x/deco/gamma/projects/enwiki9/run_logs/adaptive/20260908T224949Z_59e57de621.log", "--scratch-path", "/home/x/deco/gamma/projects/enwiki9/run_logs/adaptive/20260908T224949Z_59e57de621.resources", "--scratch-path", "/tmp/gamma-enwiki9-20260908T224949Z_59e57de621-c0suyqqz/opcode_field_history250k_q0_v1", "--", "/usr/bin/taskset", "--cpu-list", "2", "/bin/sh", "-c", "printf '%s\\n' '{\"phase\":\"diagnostic\",\"event\":\"worker_start\",\"detail\":\"operational envelope only; no codec phase credit\"}' >> \"$GAMMA_RESOURCE_PHASE_MARKERS\" || exit 125; exec \"$@\"", "enwiki9-discovery-envelope", "/usr/bin/python3", "/home/x/deco/gamma/projects/enwiki9/tools/opcode_field_history_gate_v1.py"], "job": {"candidate_id": "opcode_field_history250k_q0_v1", "candidate_revision": {"path": "operations/adaptive/candidate-revisions/opcode_field_history250k_q0_v1/20260908T224938026037Z_e6733753f0f3.json", "sha256": "sha256:fd01ca5f2a7db3844b68fcbee6e7e0108ddccc8f7863a83fde23ed72ea2c1608"}, "candidate_tree_sha256": "sha256:e6733753f0f31da957309cdbe7b94441a59104a64e1c5c67f1251d380a026206", "execution_guard": {"path": "tools/run_with_resource_guard_v3.py", "sha256": "sha256:044147f7ffe6922ea8dafd52fc3d4426077b20958adbcd421245ad41adcfc1e4"}, "execution_mode": "discovery", "execution_resources": {"boot_id": "3ce46712-27bc-4199-8e48-e2b3d23926cb", "budget": {"cgroup_parent": "/sys/fs/cgroup/user.slice/user-1000.slice/user@1000.service/app.slice", "cpus": [2], "memory_bytes": 4294967296, "scratch_bytes": 1073741824, "swap_bytes": 0, "wall_seconds": 2400}, "cgroup_inode": 263964, "cgroup_path": "/sys/fs/cgroup/user.slice/user-1000.slice/user@1000.service/app.slice/gamma-enwiki9-20260908T224949Z_59e57de621", "cpu_enforcement": "taskset-and-sampled-affinity-guard", "groups": [{"created": true, "inode": 263964, "kernel_cpuset": false, "memory_bytes": 4294967296, "path": "/sys/fs/cgroup/user.slice/user-1000.slice/user@1000.service/app.slice/gamma-enwiki9-20260908T224949Z_59e57de621"}], "guard_command_sha256": "006feca469cad15c40be320bd82f0ae23f16202cfbb2e503b693e153d49461cf", "guard_path": "run_logs/adaptive/20260908T224949Z_59e57de621.resources/guard.json", "missing_diagnostics": ["kernel cpuset controller is not delegated; taskset assignment and existing affinity guard remain active"], "timing_authority": "diagnostic"}, "experiment": {"path": "operations/adaptive/experiments/opcode_field_history250k_q0_v1.json", "sha256": "sha256:e3fc12b9917d8993ed8d91c10879e41681aee479374c32e43aac15a0774efc4d"}, "gate_size": 250000, "held": false, "held_at": "2026-09-08T22:50:06+00:00", "hold_history": [{"at": "2026-09-08T22:50:06+00:00", "held": true, "reason": "Source, unit evidence, owner and sealed job publication must be verified before fresh CPU2 resource admission"}, {"at": "2026-09-08T22:52:06+00:00", "held": false, "reason": "Published d62f4dd7713bbaffe0ee48c7c8d2c55a6f0a5970 exact bindings verified; fresh admission run_logs/adaptive/20260908T224949Z_59e57de621.admission.json retains 32GiB reserve plus full 4GiB allocation"}], "job_id": "20260908T224949Z_59e57de621", "priority": 90, "proposal": {"path": "operations/adaptive/proposals/developed/939_opcode_field_history250k_q0_v1.json", "sha256": "sha256:11b929c37b8a97db8dd2218ab896a589bbcf23556e3e8ccc8e6fae5865f87340"}, "proposal_id": "opcode_field_history250k_q0_v1", "purpose": "diagnostic", "released_at": "2026-09-08T22:52:06+00:00", "resource_budget": {"cgroup_parent": "/sys/fs/cgroup/user.slice/user-1000.slice/user@1000.service/app.slice", "cpus": [2], "memory_bytes": 4294967296, "scratch_bytes": 1073741824, "swap_bytes": 0, "wall_seconds": 2400}, "runner": {"path": "tools/opcode_field_history_gate_v1.py", "sha256": "sha256:053a97368ad3880dcc4c38680e2d97d1b802b1145124ab6c2b2d3d47a502a2ca"}, "schema": "gamma.enwiki9.adaptive-job.v3", "scratch_directories": ["results/opcode_field_history250k_q0_v1"], "started_at": "2026-09-08T22:52:07+00:00", "state": "running", "submitted_at": "2026-09-08T22:49:49+00:00", "tags": ["field-history"], "timing_authority": "diagnostic", "tool": "tools/opcode_field_history_gate_v1.py", "tool_args": []}}
{"status": "passed", "correctness_pass": true}
{
  "resource_guard": {
    "cgroup": {
      "inode": 263964,
      "joined_before_exec": true,
      "memory_max_bytes": 4294967296,
      "memory_max_rounding_bytes": 0,
      "memory_peak_reset": true,
      "path": "/sys/fs/cgroup/user.slice/user-1000.slice/user@1000.service/app.slice/gamma-enwiki9-20260908T224949Z_59e57de621",
      "previous_memory_max": "4294967296",
      "requested_memory_max_bytes": 4294967296
    },
    "cgroup_events": {
      "baseline": {
        "high": 0,
        "low": 0,
        "max": 0,
        "oom": 0,
        "oom_group_kill": 0,
        "oom_kill": 0,
        "sock_throttled": 0
      },
      "delta": {
        "high": 0,
        "low": 0,
        "max": 0,
        "oom": 0,
        "oom_group_kill": 0,
        "oom_kill": 0,
        "sock_throttled": 0
      },
      "final": {
        "high": 0,
        "low": 0,
        "max": 0,
        "oom": 0,
        "oom_group_kill": 0,
        "oom_kill": 0,
        "sock_throttled": 0
      }
    },
    "command": [
      "/usr/bin/taskset",
      "--cpu-list",
      "2",
      "/bin/sh",
      "-c",
      "printf '%s\\n' '{\"phase\":\"diagnostic\",\"event\":\"worker_start\",\"detail\":\"operational envelope only; no codec phase credit\"}' >> \"$GAMMA_RESOURCE_PHASE_MARKERS\" || exit 125; exec \"$@\"",
      "enwiki9-discovery-envelope",
      "/usr/bin/python3",
      "/home/x/deco/gamma/projects/enwiki9/tools/opcode_field_history_gate_v1.py"
    ],
    "command_sha256": "e3ce327e7a2a354ee068abf2ff8e83b0fe7b83ae2f9c3b2f29f27d9f196df35b",
    "elapsed_s": 781.3653,
    "geekbench5_single_core_score": null,
    "guards": {
      "cgroup_memory_guard_exceeded": false,
      "logical_cpu_guard_exceeded": false,
      "measurement_incomplete": false,
      "official_decimal_memory_exceeded": false,
      "phase_marker_invalid": false,
      "rss_guard_exceeded": false,
      "temporary_disk_guard_exceeded": false,
      "wall_time_guard_exceeded": false
    },
    "label": "20260908T224949Z_59e57de621",
    "latest_sample": {
      "allowed_cpu_union": [],
      "cgroup_current_bytes": 4722688,
      "elapsed_s": 781.3636,
      "max_single_rss_kib": 0,
      "persistent_status_misses": [],
      "processes": [],
      "scratch_allocated_bytes": 2990080,
      "scratch_file_count": 88,
      "scratch_logical_bytes": 2779840,
      "scratch_race_count": 0,
      "tree_live_threads": 0,
      "tree_rss_kib": 0,
      "tree_runnable_threads": 0
    },
    "limit_kib": 4194304,
    "limit_mode": "tree",
    "max_logical_cpus": 1,
    "measurements": {
      "affinity_complete": true,
      "cgroup_v2_complete": true,
      "per_process_vmhwm_sampled": true,
      "phase_markers_complete": true,
      "process_tree_rss_complete": true,
      "scratch_logical_and_allocated_complete": true,
      "smaps_rollup_complete": true
    },
    "objective": {
      "corpusBytes": 1000000000,
      "corpusSha256": "159b85351e5f76e60cbe32e04c677847a9ecba3adc79addab6f4c6c7aa3744bc",
      "objectiveDigest": "sha256:e91ff20e92c3cac8acb0cbe5c79fc8e8a3b427d7e151245c8eecc52b1c32fa00",
      "objectiveId": "gamma-enwiki9-hutter-90m-v3",
      "objectivePath": "contracts/research/v3/objective-contract.json",
      "targetScoreBytes": 90000000
    },
    "official_decimal_limit_kib": 4194304,
    "peak_process_vmhwm": {
      "comm": "python3",
      "observed_elapsed_s": 642.1603,
      "pid": 2147722,
      "start_ticks": 200465143,
      "vmhwm_kib": 571580
    },
    "peak_sample": {
      "allowed_cpu_union": [
        2
      ],
      "cgroup_current_bytes": 589471744,
      "elapsed_s": 642.1603,
      "max_single_rss_kib": 571580,
      "persistent_status_misses": [],
      "processes": [
        {
          "allowed_cpus": [
            2
          ],
          "comm": "python3",
          "live_threads": 1,
          "pid": 2033785,
          "rss_kib": 24552,
          "runnable_threads": 0,
          "start_ticks": 200406509,
          "vmhwm_kib": 25780
        },
        {
          "allowed_cpus": [
            2
          ],
          "comm": "python3",
          "live_threads": 1,
          "pid": 2147722,
          "rss_kib": 571580,
          "runnable_threads": 1,
          "start_ticks": 200465143,
          "vmhwm_kib": 571580
        }
      ],
      "scratch_allocated_bytes": 2150400,
      "scratch_file_count": 69,
      "scratch_logical_bytes": 1985546,
      "scratch_race_count": 0,
      "tree_live_threads": 2,
      "tree_rss_kib": 596132,
      "tree_runnable_threads": 1
    },
    "peak_tree_sample": {
      "allowed_cpu_union": [
        2
      ],
      "cgroup_current_bytes": 589471744,
      "elapsed_s": 642.1603,
      "max_single_rss_kib": 571580,
      "persistent_status_misses": [],
      "processes": [
        {
          "allowed_cpus": [
            2
          ],
          "comm": "python3",
          "live_threads": 1,
          "pid": 2033785,
          "rss_kib": 24552,
          "runnable_threads": 0,
          "start_ticks": 200406509,
          "vmhwm_kib": 25780
        },
        {
          "allowed_cpus": [
            2
          ],
          "comm": "python3",
          "live_threads": 1,
          "pid": 2147722,
          "rss_kib": 571580,
          "runnable_threads": 1,
          "start_ticks": 200465143,
          "vmhwm_kib": 571580
        }
      ],
      "scratch_allocated_bytes": 2150400,
      "scratch_file_count": 69,
      "scratch_logical_bytes": 1985546,
      "scratch_race_count": 0,
      "tree_live_threads": 2,
      "tree_rss_kib": 596132,
      "tree_runnable_threads": 1
    },
    "peaks": {
      "cgroup_memory_peak_bytes": 590028800,
      "max_observed_process_vmhwm_kib": 571580,
      "max_sampled_allowed_cpu_count": 1,
      "max_sampled_cgroup_current_bytes": 590028800,
      "max_sampled_scratch_allocated_bytes": 2990080,
      "max_sampled_scratch_logical_bytes": 2779840,
      "max_sampled_single_rss_kib": 571580,
      "max_sampled_tree_live_threads": 2,
      "max_sampled_tree_rss_kib": 596132,
      "max_sampled_tree_runnable_threads": 2
    },
    "phase": "diagnostic",
    "phase_marker_path": "/home/x/deco/gamma/projects/enwiki9/run_logs/adaptive/20260908T224949Z_59e57de621.resources/phases.jsonl",
    "phase_markers": [
      {
        "detail": "operational envelope only; no codec phase credit",
        "event": "worker_start",
        "observed_elapsed_s": 0.0222,
        "phase": "diagnostic",
        "source_line": 1
      },
      {
        "detail": null,
        "event": "start",
        "observed_elapsed_s": 0.5241,
        "phase": "P-encode",
        "source_line": 2
      },
      {
        "detail": null,
        "event": "end",
        "observed_elapsed_s": 56.7571,
        "phase": "P-encode",
        "source_line": 3
      },
      {
        "detail": null,
        "event": "start",
        "observed_elapsed_s": 56.7571,
        "phase": "P-decode",
        "source_line": 4
      },
      {
        "detail": null,
        "event": "end",
        "observed_elapsed_s": 86.8691,
        "phase": "P-decode",
        "source_line": 5
      },
      {
        "detail": null,
        "event": "start",
        "observed_elapsed_s": 86.8691,
        "phase": "P-repeat",
        "source_line": 6
      },
      {
        "detail": null,
        "event": "end",
        "observed_elapsed_s": 143.1171,
        "phase": "P-repeat",
        "source_line": 7
      },
      {
        "detail": null,
        "event": "start",
        "observed_elapsed_s": 143.1171,
        "phase": "K-encode",
        "source_line": 8
      },
      {
        "detail": null,
        "event": "end",
        "observed_elapsed_s": 199.8781,
        "phase": "K-encode",
        "source_line": 9
      },
      {
        "detail": null,
        "event": "start",
        "observed_elapsed_s": 199.8781,
        "phase": "K-decode",
        "source_line": 10
      },
      {
        "detail": null,
        "event": "end",
        "observed_elapsed_s": 230.0261,
        "phase": "K-decode",
        "source_line": 11
      },
      {
        "detail": null,
        "event": "start",
        "observed_elapsed_s": 230.0261,
        "phase": "K-repeat",
        "source_line": 12
      },
      {
        "detail": null,
        "event": "end",
        "observed_elapsed_s": 287.8441,
        "phase": "K-repeat",
        "source_line": 13
      },
      {
        "detail": null,
        "event": "start",
        "observed_elapsed_s": 287.8441,
        "phase": "D-encode",
        "source_line": 14
      },
      {
        "detail": null,
        "event": "end",
        "observed_elapsed_s": 348.1411,
        "phase": "D-encode",
        "source_line": 15
      },
      {
        "detail": null,
        "event": "start",
        "observed_elapsed_s": 348.1411,
        "phase": "D-decode",
        "source_line": 16
      },
      {
        "detail": null,
        "event": "end",
        "observed_elapsed_s": 379.7941,
        "phase": "D-decode",
        "source_line": 17
      },
      {
        "detail": null,
        "event": "start",
        "observed_elapsed_s": 379.7941,
        "phase": "D-repeat",
        "source_line": 18
      },
      {
        "detail": null,
        "event": "end",
        "observed_elapsed_s": 440.0731,
        "phase": "D-repeat",
        "source_line": 19
      },
      {
        "detail": null,
        "event": "start",
        "observed_elapsed_s": 440.0731,
        "phase": "G-encode",
        "source_line": 20
      },
      {
        "detail": null,
        "event": "end",
        "observed_elapsed_s": 497.8741,
        "phase": "G-encode",
        "source_line": 21
      },
      {
        "detail": null,
        "event": "start",
        "observed_elapsed_s": 497.8741,
        "phase": "G-decode",
        "source_line": 22
      },
      {
        "detail": null,
        "event": "end",
        "observed_elapsed_s": 528.0351,
        "phase": "G-decode",
        "source_line": 23
      },
      {
        "detail": null,
        "event": "start",
        "observed_elapsed_s": 528.0351,
        "phase": "G-repeat",
        "source_line": 24
      },
      {
        "detail": null,
        "event": "end",
        "observed_elapsed_s": 586.3654,
        "phase": "G-repeat",
        "source_line": 25
      },
      {
        "detail": null,
        "event": "start",
        "observed_elapsed_s": 586.3654,
        "phase": "S-encode",
        "source_line": 26
      },
      {
        "detail": null,
        "event": "end",
        "observed_elapsed_s": 644.6701,
        "phase": "S-encode",
        "source_line": 27
      },
      {
        "detail": null,
        "event": "start",
        "observed_elapsed_s": 644.6701,
        "phase": "S-decode",
        "source_line": 28
      },
      {
        "detail": null,
        "event": "end",
        "observed_elapsed_s": 675.3333,
        "phase": "S-decode",
        "source_line": 29
      },
      {
        "detail": null,
        "event": "start",
        "observed_elapsed_s": 675.3333,
        "phase": "S-repeat",
        "source_line": 30
      },
      {
        "detail": null,
        "event": "end",
        "observed_elapsed_s": 734.6291,
        "phase": "S-repeat",
        "source_line": 31
      },
      {
        "detail": null,
        "event": "start",
        "observed_elapsed_s": 734.6291,
        "phase": "D-plain",
        "source_line": 32
      },
      {
        "detail": null,
        "event": "end",
        "observed_elapsed_s": 781.3636,
        "phase": "D-plain",
        "source_line": 33
      }
    ],
    "returncode": 0,
    "sample_count": 1556,
    "sample_interval_seconds": 0.5,
    "schema": "gamma.enwiki9.resource-guard-receipt.v3",
    "scratch_paths": [
      "/home/x/deco/gamma/projects/enwiki9/results/opcode_field_history250k_q0_v1",
      "/home/x/deco/gamma/projects/enwiki9/run_logs/adaptive/20260908T224949Z_59e57de621.log",
      "/home/x/deco/gamma/projects/enwiki9/run_logs/adaptive/20260908T224949Z_59e57de621.resources",
      "/tmp/gamma-enwiki9-20260908T224949Z_59e57de621-c0suyqqz/opcode_field_history250k_q0_v1"
    ],
    "smaps_rollup_checkpoints": [
      {
        "elapsed_s": 0.0222,
        "processes": [
          {
            "pid": 2033785,
            "rollup_kib": {
              "AnonHugePages": 0,
              "Anonymous": 4180,
              "FilePmdMapped": 0,
              "KSM": 0,
              "LazyFree": 0,
              "Locked": 0,
              "Private_Clean": 24,
              "Private_Dirty": 4180,
              "Private_Hugetlb": 0,
              "Pss": 5145,
              "Pss_Anon": 4180,
              "Pss_Dirty": 4180,
              "Pss_File": 965,
              "Pss_Shmem": 0,
              "Referenced": 10892,
              "Rss": 10892,
              "Shared_Clean": 6688,
              "Shared_Dirty": 0,
              "Shared_Hugetlb": 0,
              "ShmemPmdMapped": 0,
              "Swap": 0,
              "SwapPss": 0
            },
            "start_ticks": 200406509
          }
        ],
        "reason": "initial+phase_marker+rss_growth",
        "tree_rss_kib": 10892
      },
      {
        "elapsed_s": 0.5241,
        "processes": [
          {
            "pid": 2033785,
            "rollup_kib": {
              "AnonHugePages": 0,
              "Anonymous": 12240,
              "FilePmdMapped": 0,
              "KSM": 0,
              "LazyFree": 0,
              "Locked": 0,
              "Private_Clean": 12,
              "Private_Dirty": 12240,
              "Private_Hugetlb": 0,
              "Pss": 13649,
              "Pss_Anon": 12240,
              "Pss_Dirty": 12240,
              "Pss_File": 1409,
              "Pss_Shmem": 0,
              "Referenced": 24356,
              "Rss": 24356,
              "Shared_Clean": 12104,
              "Shared_Dirty": 0,
              "Shared_Hugetlb": 0,
              "ShmemPmdMapped": 0,
              "Swap": 0,
              "SwapPss": 0
            },
            "start_ticks": 200406509
          },
          {
            "pid": 2033797,
            "rollup_kib": {
              "AnonHugePages": 0,
              "Anonymous": 29020,
              "FilePmdMapped": 0,
              "KSM": 0,
              "LazyFree": 0,
              "Locked": 0,
              "Private_Clean": 128,
              "Private_Dirty": 29020,
              "Private_Hugetlb": 0,
              "Pss": 30566,
              "Pss_Anon": 29020,
              "Pss_Dirty": 29020,
              "Pss_File": 1546,
              "Pss_Shmem": 0,
              "Referenced": 41312,
              "Rss": 41312,
              "Shared_Clean": 12164,
              "Shared_Dirty": 0,
              "Shared_Hugetlb": 0,
              "ShmemPmdMapped": 0,
              "Swap": 0,
              "SwapPss": 0
            },
            "start_ticks": 200406514
          }
        ],
        "reason": "phase_marker",
        "tree_rss_kib": 65668
      },
      {
        "elapsed_s": 12.5711,
        "processes": [
          {
            "pid": 2033785,
            "rollup_kib": {
              "AnonHugePages": 0,
              "Anonymous": 12240,
              "FilePmdMapped": 0,
              "KSM": 0,
              "LazyFree": 0,
              "Locked": 0,
              "Private_Clean": 12,
              "Private_Dirty": 12240,
              "Private_Hugetlb": 0,
              "Pss": 13649,
              "Pss_Anon": 12240,
              "Pss_Dirty": 12240,
              "Pss_File": 1409,
              "Pss_Shmem": 0,
              "Referenced": 24356,
              "Rss": 24356,
              "Shared_Clean": 12104,
              "Shared_Dirty": 0,
              "Shared_Hugetlb": 0,
              "ShmemPmdMapped": 0,
              "Swap": 0,
              "SwapPss": 0
            },
            "start_ticks": 200406509
          },
          {
            "pid": 2033797,
            "rollup_kib": {
              "AnonHugePages": 0,
              "Anonymous": 293136,
              "FilePmdMapped": 0,
              "KSM": 0,
              "LazyFree": 0,
              "Locked": 0,
              "Private_Clean": 128,
              "Private_Dirty": 293136,
              "Private_Hugetlb": 0,
              "Pss": 294682,
              "Pss_Anon": 293136,
              "Pss_Dirty": 293136,
              "Pss_File": 1546,
              "Pss_Shmem": 0,
              "Referenced": 305428,
              "Rss": 305428,
              "Shared_Clean": 12164,
              "Shared_Dirty": 0,
              "Shared_Hugetlb": 0,
              "ShmemPmdMapped": 0,
              "Swap": 0,
              "SwapPss": 0
            },
            "start_ticks": 200406514
          }
        ],
        "reason": "rss_growth",
        "tree_rss_kib": 329784
      },
      {
        "elapsed_s": 56.7571,
        "processes": [
          {
            "pid": 2033785,
            "rollup_kib": {
              "AnonHugePages": 0,
              "Anonymous": 12240,
              "FilePmdMapped": 0,
              "KSM": 0,
              "LazyFree": 0,
              "Locked": 0,
              "Private_Clean": 16,
              "Private_Dirty": 12240,
              "Private_Hugetlb": 0,
              "Pss": 13963,
              "Pss_Anon": 12240,
              "Pss_Dirty": 12240,
              "Pss_File": 1723,
              "Pss_Shmem": 0,
              "Referenced": 24376,
              "Rss": 24420,
              "Shared_Clean": 12164,
              "Shared_Dirty": 0,
              "Shared_Hugetlb": 0,
              "ShmemPmdMapped": 0,
              "Swap": 0,
              "SwapPss": 0
            },
            "start_ticks": 200406509
          },
          {
            "pid": 2044400,
            "rollup_kib": {
              "AnonHugePages": 0,
              "Anonymous": 25484,
              "FilePmdMapped": 0,
              "KSM": 0,
              "LazyFree": 0,
              "Locked": 0,
              "Private_Clean": 108,
              "Private_Dirty": 25484,
              "Private_Hugetlb": 0,
              "Pss": 27266,
              "Pss_Anon": 25484,
              "Pss_Dirty": 25484,
              "Pss_File": 1782,
              "Pss_Shmem": 0,
              "Referenced": 37724,
              "Rss": 37724,
              "Shared_Clean": 12132,
              "Shared_Dirty": 0,
              "Shared_Hugetlb": 0,
              "ShmemPmdMapped": 0,
              "Swap": 0,
              "SwapPss": 0
            },
            "start_ticks": 200412150
          }
        ],
        "reason": "phase_marker",
        "tree_rss_kib": 62144
      },
      {
        "elapsed_s": 86.8691,
        "processes": [
          {
            "pid": 2033785,
            "rollup_kib": {
              "AnonHugePages": 0,
              "Anonymous": 12268,
              "FilePmdMapped": 0,
              "KSM": 0,
              "LazyFree": 0,
              "Locked": 0,
              "Private_Clean": 0,
              "Private_Dirty": 12268,
              "Private_Hugetlb": 0,
              "Pss": 13980,
              "Pss_Anon": 12268,
              "Pss_Dirty": 12268,
              "Pss_File": 1712,
              "Pss_Shmem": 0,
              "Referenced": 24416,
              "Rss": 24448,
              "Shared_Clean": 12180,
              "Shared_Dirty": 0,
              "Shared_Hugetlb": 0,
              "ShmemPmdMapped": 0,
              "Swap": 0,
              "SwapPss": 0
            },
            "start_ticks": 200406509
          },
          {
            "pid": 2050187,
            "rollup_kib": {
              "AnonHugePages": 0,
              "Anonymous": 14564,
              "FilePmdMapped": 0,
              "KSM": 0,
              "LazyFree": 0,
              "Locked": 0,
              "Private_Clean": 128,
              "Private_Dirty": 14564,
              "Private_Hugetlb": 0,
              "Pss": 16408,
              "Pss_Anon": 14564,
              "Pss_Dirty": 14564,
              "Pss_File": 1844,
              "Pss_Shmem": 0,
              "Referenced": 26912,
              "Rss": 26912,
              "Shared_Clean": 12220,
              "Shared_Dirty": 0,
              "Shared_Hugetlb": 0,
              "ShmemPmdMapped": 0,
              "Swap": 0,
              "SwapPss": 0
            },
            "start_ticks": 200415172
          }
        ],
        "reason": "phase_marker",
        "tree_rss_kib": 51360
      },
      {
        "elapsed_s": 143.1171,
        "processes": [
          {
            "pid": 2033785,
            "rollup_kib": {
              "AnonHugePages": 0,
              "Anonymous": 12280,
              "FilePmdMapped": 0,
              "KSM": 0,
              "LazyFree": 0,
              "Locked": 0,
              "Private_Clean": 16,
              "Private_Dirty": 12280,
              "Private_Hugetlb": 0,
              "Pss": 14002,
              "Pss_Anon": 12280,
              "Pss_Dirty": 12280,
              "Pss_File": 1722,
              "Pss_Shmem": 0,
              "Referenced": 24460,
              "Rss": 24460,
              "Shared_Clean": 12164,
              "Shared_Dirty": 0,
              "Shared_Hugetlb": 0,
              "ShmemPmdMapped": 0,
              "Swap": 0,
              "SwapPss": 0
            },
            "start_ticks": 200406509
          },
          {
            "pid": 2060509,
            "rollup_kib": {
              "AnonHugePages": 0,
              "Anonymous": 29000,
              "FilePmdMapped": 0,
              "KSM": 0,
              "LazyFree": 0,
              "Locked": 0,
              "Private_Clean": 124,
              "Private_Dirty": 29000,
              "Private_Hugetlb": 0,
              "Pss": 30819,
              "Pss_Anon": 29000,
              "Pss_Dirty": 29000,
              "Pss_File": 1819,
              "Pss_Shmem": 0,
              "Referenced": 41288,
              "Rss": 41288,
              "Shared_Clean": 12164,
              "Shared_Dirty": 0,
              "Shared_Hugetlb": 0,
              "ShmemPmdMapped": 0,
              "Swap": 0,
              "SwapPss": 0
            },
            "start_ticks": 200420772
          }
        ],
        "reason": "phase_marker",
        "tree_rss_kib": 65748
      },
      {
        "elapsed_s": 199.8781,
        "processes": [
          {
            "pid": 2033785,
            "rollup_kib": {
              "AnonHugePages": 0,
              "Anonymous": 12280,
              "FilePmdMapped": 0,
              "KSM": 0,
              "LazyFree": 0,
              "Locked": 0,
              "Private_Clean": 16,
              "Private_Dirty": 12280,
              "Private_Hugetlb": 0,
              "Pss": 14001,
              "Pss_Anon": 12280,
              "Pss_Dirty": 12280,
              "Pss_File": 1721,
              "Pss_Shmem": 0,
              "Referenced": 24460,
              "Rss": 24460,
              "Shared_Clean": 12164,
              "Shared_Dirty": 0,
              "Shared_Hugetlb": 0,
              "ShmemPmdMapped": 0,
              "Swap": 0,
              "SwapPss": 0
            },
            "start_ticks": 200406509
          },
          {
            "pid": 2071118,
            "rollup_kib": {
              "AnonHugePages": 0,
              "Anonymous": 17576,
              "FilePmdMapped": 0,
              "KSM": 0,
              "LazyFree": 0,
              "Locked": 0,
              "Private_Clean": 124,
              "Private_Dirty": 17576,
              "Private_Hugetlb": 0,
              "Pss": 19385,
              "Pss_Anon": 17576,
              "Pss_Dirty": 17576,
              "Pss_File": 1809,
              "Pss_Shmem": 0,
              "Referenced": 29804,
              "Rss": 29804,
              "Shared_Clean": 12104,
              "Shared_Dirty": 0,
              "Shared_Hugetlb": 0,
              "ShmemPmdMapped": 0,
              "Swap": 0,
              "SwapPss": 0
            },
            "start_ticks": 200426478
          }
        ],
        "reason": "phase_marker",
        "tree_rss_kib": 54264
      },
      {
        "elapsed_s": 230.0261,
        "processes": [
          {
            "pid": 2033785,
            "rollup_kib": {
              "AnonHugePages": 0,
              "Anonymous": 12280,
              "FilePmdMapped": 0,
              "KSM": 0,
              "LazyFree": 0,
              "Locked": 0,
              "Private_Clean": 16,
              "Private_Dirty": 12280,
              "Private_Hugetlb": 0,
              "Pss": 14003,
              "Pss_Anon": 12280,
              "Pss_Dirty": 12280,
              "Pss_File": 1723,
              "Pss_Shmem": 0,
              "Referenced": 24460,
              "Rss": 24460,
              "Shared_Clean": 12164,
              "Shared_Dirty": 0,
              "Shared_Hugetlb": 0,
              "ShmemPmdMapped": 0,
              "Swap": 0,
              "SwapPss": 0
            },
            "start_ticks": 200406509
          },
          {
            "pid": 2076577,
            "rollup_kib": {
              "AnonHugePages": 0,
              "Anonymous": 12916,
              "FilePmdMapped": 0,
              "KSM": 0,
              "LazyFree": 0,
              "Locked": 0,
              "Private_Clean": 108,
              "Private_Dirty": 12916,
              "Private_Hugetlb": 0,
              "Pss": 14695,
              "Pss_Anon": 12916,
              "Pss_Dirty": 12916,
              "Pss_File": 1779,
              "Pss_Shmem": 0,
              "Referenced": 25088,
              "Rss": 25088,
              "Shared_Clean": 12064,
              "Shared_Dirty": 0,
              "Shared_Hugetlb": 0,
              "ShmemPmdMapped": 0,
              "Swap": 0,
              "SwapPss": 0
            },
            "start_ticks": 200429505
          }
        ],
        "reason": "phase_marker",
        "tree_rss_kib": 49548
      },
      {
        "elapsed_s": 287.8441,
        "processes": [
          {
            "pid": 2033785,
            "rollup_kib": {
              "AnonHugePages": 0,
              "Anonymous": 12280,
              "FilePmdMapped": 0,
              "KSM": 0,
              "LazyFree": 0,
              "Locked": 0,
              "Private_Clean": 16,
              "Private_Dirty": 12280,
              "Private_Hugetlb": 0,
              "Pss": 13995,
              "Pss_Anon": 12280,
              "Pss_Dirty": 12280,
              "Pss_File": 1715,
              "Pss_Shmem": 0,
              "Referenced": 24460,
              "Rss": 24460,
              "Shared_Clean": 12164,
              "Shared_Dirty": 0,
              "Shared_Hugetlb": 0,
              "ShmemPmdMapped": 0,
              "Swap": 0,
              "SwapPss": 0
            },
            "start_ticks": 200406509
          },
          {
            "pid": 2087579,
            "rollup_kib": {
              "AnonHugePages": 0,
              "Anonymous": 15420,
              "FilePmdMapped": 0,
              "KSM": 0,
              "LazyFree": 0,
              "Locked": 0,
              "Private_Clean": 124,
              "Private_Dirty": 15420,
              "Private_Hugetlb": 0,
              "Pss": 17252,
              "Pss_Anon": 15420,
              "Pss_Dirty": 15420,
              "Pss_File": 1832,
              "Pss_Shmem": 0,
              "Referenced": 27716,
              "Rss": 27716,
              "Shared_Clean": 12172,
              "Shared_Dirty": 0,
              "Shared_Hugetlb": 0,
              "ShmemPmdMapped": 0,
              "Swap": 0,
              "SwapPss": 0
            },
            "start_ticks": 200435266
          }
        ],
        "reason": "phase_marker",
        "tree_rss_kib": 52176
      },
      {
        "elapsed_s": 348.1411,
        "processes": [
          {
            "pid": 2033785,
            "rollup_kib": {
              "AnonHugePages": 0,
              "Anonymous": 12280,
              "FilePmdMapped": 0,
              "KSM": 0,
              "LazyFree": 0,
              "Locked": 0,
              "Private_Clean": 0,
              "Private_Dirty": 12280,
              "Private_Hugetlb": 0,
              "Pss": 13992,
              "Pss_Anon": 12280,
              "Pss_Dirty": 12280,
              "Pss_File": 1712,
              "Pss_Shmem": 0,
              "Referenced": 24460,
              "Rss": 24460,
              "Shared_Clean": 12180,
              "Shared_Dirty": 0,
              "Shared_Hugetlb": 0,
              "ShmemPmdMapped": 0,
              "Swap": 0,
              "SwapPss": 0
            },
            "start_ticks": 200406509
          },
          {
            "pid": 2099469,
            "rollup_kib": {
              "AnonHugePages": 0,
              "Anonymous": 16020,
              "FilePmdMapped": 0,
              "KSM": 0,
              "LazyFree": 0,
              "Locked": 0,
              "Private_Clean": 112,
              "Private_Dirty": 16020,
              "Private_Hugetlb": 0,
              "Pss": 17824,
              "Pss_Anon": 16020,
              "Pss_Dirty": 16020,
              "Pss_File": 1804,
              "Pss_Shmem": 0,
              "Referenced": 28304,
              "Rss": 28304,
              "Shared_Clean": 12172,
              "Shared_Dirty": 0,
              "Shared_Hugetlb": 0,
              "ShmemPmdMapped": 0,
              "Swap": 0,
              "SwapPss": 0
            },
            "start_ticks": 200441307
          }
        ],
        "reason": "phase_marker",
        "tree_rss_kib": 52764
      },
      {
        "elapsed_s": 379.7941,
        "processes": [
          {
            "pid": 2033785,
            "rollup_kib": {
              "AnonHugePages": 0,
              "Anonymous": 12280,
              "FilePmdMapped": 0,
              "KSM": 0,
              "LazyFree": 0,
              "Locked": 0,
              "Private_Clean": 16,
              "Private_Dirty": 12280,
              "Private_Hugetlb": 0,
              "Pss": 13993,
              "Pss_Anon": 12280,
              "Pss_Dirty": 12280,
              "Pss_File": 1713,
              "Pss_Shmem": 0,
              "Referenced": 24460,
              "Rss": 24460,
              "Shared_Clean": 12164,
              "Shared_Dirty": 0,
              "Shared_Hugetlb": 0,
              "ShmemPmdMapped": 0,
              "Swap": 0,
              "SwapPss": 0
            },
            "start_ticks": 200406509
          },
          {
            "pid": 2105567,
            "rollup_kib": {
              "AnonHugePages": 0,
              "Anonymous": 12912,
              "FilePmdMapped": 0,
              "KSM": 0,
              "LazyFree": 0,
              "Locked": 0,
              "Private_Clean": 108,
              "Private_Dirty": 12912,
              "Private_Hugetlb": 0,
              "Pss": 14704,
              "Pss_Anon": 12912,
              "Pss_Dirty": 12912,
              "Pss_File": 1792,
              "Pss_Shmem": 0,
              "Referenced": 25136,
              "Rss": 25136,
              "Shared_Clean": 12116,
              "Shared_Dirty": 0,
              "Shared_Hugetlb": 0,
              "ShmemPmdMapped": 0,
              "Swap": 0,
              "SwapPss": 0
            },
            "start_ticks": 200444485
          }
        ],
        "reason": "phase_marker",
        "tree_rss_kib": 49596
      },
      {
        "elapsed_s": 440.0731,
        "processes": [
          {
            "pid": 2033785,
            "rollup_kib": {
              "AnonHugePages": 0,
              "Anonymous": 12324,
              "FilePmdMapped": 0,
              "KSM": 0,
              "LazyFree": 0,
              "Locked": 0,
              "Private_Clean": 36,
              "Private_Dirty": 12324,
              "Private_Hugetlb": 0,
              "Pss": 14205,
              "Pss_Anon": 12324,
              "Pss_Dirty": 12324,
              "Pss_File": 1881,
              "Pss_Shmem": 0,
              "Referenced": 24504,
              "Rss": 24504,
              "Shared_Clean": 12144,
              "Shared_Dirty": 0,
              "Shared_Hugetlb": 0,
              "ShmemPmdMapped": 0,
              "Swap": 0,
              "SwapPss": 0
            },
            "start_ticks": 200406509
          },
          {
            "pid": 2117384,
            "rollup_kib": {
              "AnonHugePages": 0,
              "Anonymous": 20212,
              "FilePmdMapped": 0,
              "KSM": 0,
              "LazyFree": 0,
              "Locked": 0,
              "Private_Clean": 144,
              "Private_Dirty": 20212,
              "Private_Hugetlb": 0,
              "Pss": 22187,
              "Pss_Anon": 20212,
              "Pss_Dirty": 20212,
              "Pss_File": 1975,
              "Pss_Shmem": 0,
              "Referenced": 32504,
              "Rss": 32504,
              "Shared_Clean": 12148,
              "Shared_Dirty": 0,
              "Shared_Hugetlb": 0,
              "ShmemPmdMapped": 0,
              "Swap": 0,
              "SwapPss": 0
            },
            "start_ticks": 200450481
          }
        ],
        "reason": "phase_marker",
        "tree_rss_kib": 57008
      },
      {
        "elapsed_s": 497.8741,
        "processes": [
          {
            "pid": 2033785,
            "rollup_kib": {
              "AnonHugePages": 0,
              "Anonymous": 12324,
              "FilePmdMapped": 0,
              "KSM": 0,
              "LazyFree": 0,
              "Locked": 0,
              "Private_Clean": 20,
              "Private_Dirty": 12324,
              "Private_Hugetlb": 0,
              "Pss": 14190,
              "Pss_Anon": 12324,
              "Pss_Dirty": 12324,
              "Pss_File": 1866,
              "Pss_Shmem": 0,
              "Referenced": 24504,
              "Rss": 24504,
              "Shared_Clean": 12160,
              "Shared_Dirty": 0,
              "Shared_Hugetlb": 0,
              "ShmemPmdMapped": 0,
              "Swap": 0,
              "SwapPss": 0
            },
            "start_ticks": 200406509
          },
          {
            "pid": 2128409,
            "rollup_kib": {
              "AnonHugePages": 0,
              "Anonymous": 32716,
              "FilePmdMapped": 0,
              "KSM": 0,
              "LazyFree": 0,
              "Locked": 0,
              "Private_Clean": 128,
              "Private_Dirty": 32716,
              "Private_Hugetlb": 0,
              "Pss": 34655,
              "Pss_Anon": 32716,
              "Pss_Dirty": 32716,
              "Pss_File": 1939,
              "Pss_Shmem": 0,
              "Referenced": 44884,
              "Rss": 44884,
              "Shared_Clean": 12040,
              "Shared_Dirty": 0,
              "Shared_Hugetlb": 0,
              "ShmemPmdMapped": 0,
              "Swap": 0,
              "SwapPss": 0
            },
            "start_ticks": 200456255
          }
        ],
        "reason": "phase_marker",
        "tree_rss_kib": 69388
      },
      {
        "elapsed_s": 528.0351,
        "processes": [
          {
            "pid": 2033785,
            "rollup_kib": {
              "AnonHugePages": 0,
              "Anonymous": 12324,
              "FilePmdMapped": 0,
              "KSM": 0,
              "LazyFree": 0,
              "Locked": 0,
              "Private_Clean": 36,
              "Private_Dirty": 12324,
              "Private_Hugetlb": 0,
              "Pss": 14198,
              "Pss_Anon": 12324,
              "Pss_Dirty": 12324,
              "Pss_File": 1874,
              "Pss_Shmem": 0,
              "Referenced": 24504,
              "Rss": 24504,
              "Shared_Clean": 12144,
              "Shared_Dirty": 0,
              "Shared_Hugetlb": 0,
              "ShmemPmdMapped": 0,
              "Swap": 0,
              "SwapPss": 0
            },
            "start_ticks": 200406509
          },
          {
            "pid": 2134130,
            "rollup_kib": {
              "AnonHugePages": 0,
              "Anonymous": 12912,
              "FilePmdMapped": 0,
              "KSM": 0,
              "LazyFree": 0,
              "Locked": 0,
              "Private_Clean": 112,
              "Private_Dirty": 12912,
              "Private_Hugetlb": 0,
              "Pss": 14819,
              "Pss_Anon": 12912,
              "Pss_Dirty": 12912,
              "Pss_File": 1907,
              "Pss_Shmem": 0,
              "Referenced": 25128,
              "Rss": 25128,
              "Shared_Clean": 12104,
              "Shared_Dirty": 0,
              "Shared_Hugetlb": 0,
              "ShmemPmdMapped": 0,
              "Swap": 0,
              "SwapPss": 0
            },
            "start_ticks": 200459302
          }
        ],
        "reason": "phase_marker",
        "tree_rss_kib": 49632
      },
      {
        "elapsed_s": 584.3305,
        "processes": [
          {
            "pid": 2033785,
            "rollup_kib": {
              "AnonHugePages": 0,
              "Anonymous": 12324,
              "FilePmdMapped": 0,
              "KSM": 0,
              "LazyFree": 0,
              "Locked": 0,
              "Private_Clean": 36,
              "Private_Dirty": 12324,
              "Private_Hugetlb": 0,
              "Pss": 14200,
              "Pss_Anon": 12324,
              "Pss_Dirty": 12324,
              "Pss_File": 1876,
              "Pss_Shmem": 0,
              "Referenced": 24504,
              "Rss": 24504,
              "Shared_Clean": 12144,
              "Shared_Dirty": 0,
              "Shared_Hugetlb": 0,
              "ShmemPmdMapped": 0,
              "Swap": 0,
              "SwapPss": 0
            },
            "start_ticks": 200406509
          },
          {
            "pid": 2134130,
            "rollup_kib": {
              "AnonHugePages": 0,
              "Anonymous": 558148,
              "FilePmdMapped": 0,
              "KSM": 0,
              "LazyFree": 0,
              "Locked": 0,
              "Private_Clean": 128,
              "Private_Dirty": 558148,
              "Private_Hugetlb": 0,
              "Pss": 560116,
              "Pss_Anon": 558148,
              "Pss_Dirty": 558148,
              "Pss_File": 1968,
              "Pss_Shmem": 0,
              "Referenced": 570492,
              "Rss": 570492,
              "Shared_Clean": 12216,
              "Shared_Dirty": 0,
              "Shared_Hugetlb": 0,
              "ShmemPmdMapped": 0,
              "Swap": 0,
              "SwapPss": 0
            },
            "start_ticks": 200459302
          }
        ],
        "reason": "rss_growth",
        "tree_rss_kib": 594996
      },
      {
        "elapsed_s": 586.3654,
        "processes": [
          {
            "pid": 2033785,
            "rollup_kib": {
              "AnonHugePages": 0,
              "Anonymous": 12372,
              "FilePmdMapped": 0,
              "KSM": 0,
              "LazyFree": 0,
              "Locked": 0,
              "Private_Clean": 36,
              "Private_Dirty": 12372,
              "Private_Hugetlb": 0,
              "Pss": 14262,
              "Pss_Anon": 12372,
              "Pss_Dirty": 12372,
              "Pss_File": 1890,
              "Pss_Shmem": 0,
              "Referenced": 24552,
              "Rss": 24552,
              "Shared_Clean": 12144,
              "Shared_Dirty": 0,
              "Shared_Hugetlb": 0,
              "ShmemPmdMapped": 0,
              "Swap": 0,
              "SwapPss": 0
            },
            "start_ticks": 200406509
          },
          {
            "pid": 2147722,
            "rollup_kib": {
              "AnonHugePages": 0,
              "Anonymous": 11480,
              "FilePmdMapped": 0,
              "KSM": 0,
              "LazyFree": 0,
              "Locked": 0,
              "Private_Clean": 108,
              "Private_Dirty": 11480,
              "Private_Hugetlb": 0,
              "Pss": 13318,
              "Pss_Anon": 11480,
              "Pss_Dirty": 11480,
              "Pss_File": 1838,
              "Pss_Shmem": 0,
              "Referenced": 23504,
              "Rss": 23504,
              "Shared_Clean": 11916,
              "Shared_Dirty": 0,
              "Shared_Hugetlb": 0,
              "ShmemPmdMapped": 0,
              "Swap": 0,
              "SwapPss": 0
            },
            "start_ticks": 200465143
          }
        ],
        "reason": "phase_marker",
        "tree_rss_kib": 48056
      },
      {
        "elapsed_s": 644.6701,
        "processes": [
          {
            "pid": 2033785,
            "rollup_kib": {
              "AnonHugePages": 0,
              "Anonymous": 12372,
              "FilePmdMapped": 0,
              "KSM": 0,
              "LazyFree": 0,
              "Locked": 0,
              "Private_Clean": 32,
              "Private_Dirty": 12372,
              "Private_Hugetlb": 0,
              "Pss": 14241,
              "Pss_Anon": 12372,
              "Pss_Dirty": 12372,
              "Pss_File": 1869,
              "Pss_Shmem": 0,
              "Referenced": 24552,
              "Rss": 24552,
              "Shared_Clean": 12148,
              "Shared_Dirty": 0,
              "Shared_Hugetlb": 0,
              "ShmemPmdMapped": 0,
              "Swap": 0,
              "SwapPss": 0
            },
            "start_ticks": 200406509
          },
          {
            "pid": 2159026,
            "rollup_kib": {
              "AnonHugePages": 0,
              "Anonymous": 36704,
              "FilePmdMapped": 0,
              "KSM": 0,
              "LazyFree": 0,
              "Locked": 0,
              "Private_Clean": 124,
              "Private_Dirty": 36704,
              "Private_Hugetlb": 0,
              "Pss": 38638,
              "Pss_Anon": 36704,
              "Pss_Dirty": 36704,
              "Pss_File": 1934,
              "Pss_Shmem": 0,
              "Referenced": 48992,
              "Rss": 48992,
              "Shared_Clean": 12164,
              "Shared_Dirty": 0,
              "Shared_Hugetlb": 0,
              "ShmemPmdMapped": 0,
              "Swap": 0,
              "SwapPss": 0
            },
            "start_ticks": 200470927
          }
        ],
        "reason": "phase_marker",
        "tree_rss_kib": 73544
      },
      {
        "elapsed_s": 675.3333,
        "processes": [
          {
            "pid": 2033785,
            "rollup_kib": {
              "AnonHugePages": 0,
              "Anonymous": 12372,
              "FilePmdMapped": 0,
              "KSM": 0,
              "LazyFree": 0,
              "Locked": 0,
              "Private_Clean": 36,
              "Private_Dirty": 12372,
              "Private_Hugetlb": 0,
              "Pss": 14253,
              "Pss_Anon": 12372,
              "Pss_Dirty": 12372,
              "Pss_File": 1881,
              "Pss_Shmem": 0,
              "Referenced": 24552,
              "Rss": 24552,
              "Shared_Clean": 12144,
              "Shared_Dirty": 0,
              "Shared_Hugetlb": 0,
              "ShmemPmdMapped": 0,
              "Swap": 0,
              "SwapPss": 0
            },
            "start_ticks": 200406509
          },
          {
            "pid": 2165296,
            "rollup_kib": {
              "AnonHugePages": 0,
              "Anonymous": 12912,
              "FilePmdMapped": 0,
              "KSM": 0,
              "LazyFree": 0,
              "Locked": 0,
              "Private_Clean": 128,
              "Private_Dirty": 12912,
              "Private_Hugetlb": 0,
              "Pss": 14847,
              "Pss_Anon": 12912,
              "Pss_Dirty": 12912,
              "Pss_File": 1935,
              "Pss_Shmem": 0,
              "Referenced": 25140,
              "Rss": 25140,
              "Shared_Clean": 12100,
              "Shared_Dirty": 0,
              "Shared_Hugetlb": 0,
              "ShmemPmdMapped": 0,
              "Swap": 0,
              "SwapPss": 0
            },
            "start_ticks": 200474033
          }
        ],
        "reason": "phase_marker",
        "tree_rss_kib": 49692
      },
      {
        "elapsed_s": 734.6291,
        "processes": [
          {
            "pid": 2033785,
            "rollup_kib": {
              "AnonHugePages": 0,
              "Anonymous": 12436,
              "FilePmdMapped": 0,
              "KSM": 0,
              "LazyFree": 0,
              "Locked": 0,
              "Private_Clean": 36,
              "Private_Dirty": 12436,
              "Private_Hugetlb": 0,
              "Pss": 14220,
              "Pss_Anon": 12436,
              "Pss_Dirty": 12436,
              "Pss_File": 1784,
              "Pss_Shmem": 0,
              "Referenced": 24616,
              "Rss": 24616,
              "Shared_Clean": 12144,
              "Shared_Dirty": 0,
              "Shared_Hugetlb": 0,
              "ShmemPmdMapped": 0,
              "Swap": 0,
              "SwapPss": 0
            },
            "start_ticks": 200406509
          },
          {
            "pid": 2177774,
            "rollup_kib": {
              "AnonHugePages": 0,
              "Anonymous": 33148,
              "FilePmdMapped": 0,
              "KSM": 0,
              "LazyFree": 0,
              "Locked": 0,
              "Private_Clean": 140,
              "Private_Dirty": 33148,
              "Private_Hugetlb": 0,
              "Pss": 35035,
              "Pss_Anon": 33148,
              "Pss_Dirty": 33148,
              "Pss_File": 1887,
              "Pss_Shmem": 0,
              "Referenced": 45440,
              "Rss": 45440,
              "Shared_Clean": 12152,
              "Shared_Dirty": 0,
              "Shared_Hugetlb": 0,
              "ShmemPmdMapped": 0,
              "Swap": 0,
              "SwapPss": 0
            },
            "start_ticks": 200479924
          }
        ],
        "reason": "phase_marker",
        "tree_rss_kib": 70056
      },
      {
        "elapsed_s": 781.3636,
        "processes": [],
        "reason": "phase_marker+terminal",
        "tree_rss_kib": 0
      }
    ],
    "status": "complete",
    "temporary_disk_limit_bytes": 1073741824,
    "wall_time_limit_seconds": null
  }
}
