{"command": ["/usr/bin/python3.14", "/home/x/deco/gamma/projects/enwiki9/tools/run_with_resource_guard_v3.py", "--limit-kib", "1048576", "--official-decimal-limit-kib", "1048576", "--limit-mode", "tree", "--cgroup-path", "/sys/fs/cgroup/user.slice/user-1000.slice/user@1000.service/app.slice/gamma-enwiki9-20260907T130508Z_c3d4b66329", "--cgroup-memory-max-bytes", "1073741824", "--temporary-disk-limit-bytes", "268435456", "--phase-marker-path", "/home/x/deco/gamma/projects/enwiki9/run_logs/adaptive/20260907T130508Z_c3d4b66329.resources/phases.jsonl", "--max-logical-cpus", "1", "--guard-json", "/home/x/deco/gamma/projects/enwiki9/run_logs/adaptive/20260907T130508Z_c3d4b66329.resources/guard.json", "--label", "20260907T130508Z_c3d4b66329", "--phase", "diagnostic", "--scratch-path", "/home/x/deco/gamma/projects/enwiki9/results/fx2_causal_field_wrt_replay250k_q0_v1", "--scratch-path", "/home/x/deco/gamma/projects/enwiki9/run_logs/adaptive/20260907T130508Z_c3d4b66329.log", "--scratch-path", "/home/x/deco/gamma/projects/enwiki9/run_logs/adaptive/20260907T130508Z_c3d4b66329.resources", "--scratch-path", "/tmp/gamma-enwiki9-20260907T130508Z_c3d4b66329-g6ewcc50/fx2_causal_field_wrt_replay250k_q0_v1", "--", "/usr/bin/taskset", "--cpu-list", "2", "/bin/sh", "-c", "printf '%s\\n' '{\"phase\":\"diagnostic\",\"event\":\"worker_start\",\"detail\":\"operational envelope only; no codec phase credit\"}' >> \"$GAMMA_RESOURCE_PHASE_MARKERS\" || exit 125; exec \"$@\"", "enwiki9-discovery-envelope", "/usr/bin/python3.14", "/home/x/deco/gamma/projects/enwiki9/tools/fx2_causal_field_wrt_gate_v2.py"], "job": {"candidate_id": "fx2_causal_field_wrt_replay250k_q0_v1", "candidate_revision": {"path": "operations/adaptive/candidate-revisions/fx2_causal_field_wrt_replay250k_q0_v1/20260907T130507383423Z_baf873c3ef40.json", "sha256": "sha256:d20f79a52d32e463495335bb53aee1f6650a6251bd441454a075b2a38ca9c053"}, "candidate_tree_sha256": "sha256:baf873c3ef4036f60d2d08f573f1c5e2e0cf8d3a6a0a44c5576e4a7340e338c4", "execution_guard": {"path": "tools/run_with_resource_guard_v3.py", "sha256": "sha256:044147f7ffe6922ea8dafd52fc3d4426077b20958adbcd421245ad41adcfc1e4"}, "execution_mode": "discovery", "execution_resources": {"boot_id": "3ce46712-27bc-4199-8e48-e2b3d23926cb", "budget": {"cgroup_parent": "/sys/fs/cgroup/user.slice/user-1000.slice/user@1000.service/app.slice", "cpus": [2], "memory_bytes": 1073741824, "scratch_bytes": 268435456, "swap_bytes": 0, "wall_seconds": 900}, "cgroup_inode": 244319, "cgroup_path": "/sys/fs/cgroup/user.slice/user-1000.slice/user@1000.service/app.slice/gamma-enwiki9-20260907T130508Z_c3d4b66329", "cpu_enforcement": "taskset-and-sampled-affinity-guard", "groups": [{"created": true, "inode": 244319, "kernel_cpuset": false, "memory_bytes": 1073741824, "path": "/sys/fs/cgroup/user.slice/user-1000.slice/user@1000.service/app.slice/gamma-enwiki9-20260907T130508Z_c3d4b66329"}], "guard_command_sha256": "100759928149be199d4836cf82f83bb3d1df02fec314082fdb52b1e0d886014a", "guard_path": "run_logs/adaptive/20260907T130508Z_c3d4b66329.resources/guard.json", "missing_diagnostics": ["kernel cpuset controller is not delegated; taskset assignment and existing affinity guard remain active"], "timing_authority": "diagnostic"}, "experiment": {"path": "operations/adaptive/experiments/fx2_causal_field_wrt_replay250k_q0_v1.json", "sha256": "sha256:7c257c6d76bc2d92a01854ee413c49be1f26dee2827ea9415f2922c3b404e248"}, "gate_size": 250000, "held": false, "held_at": "2026-09-07T13:05:16+00:00", "hold_history": [{"at": "2026-09-07T13:05:16+00:00", "held": true, "reason": "Frozen field replay awaits publication and authoritative HORIZON occupancy reconciliation; no payload execution authorized before both pass."}, {"at": "2026-09-07T13:20:29+00:00", "held": false, "reason": "Published fcca7e43d:208 frozen source/ownership references verified; administrative observer-backed exact terminal reflection resolves original HORIZON occupancy; fresh resources and no lease verified; original source hash c02ed4d unchanged. CPU2 discovery only."}], "job_id": "20260907T130508Z_c3d4b66329", "priority": 90, "proposal": {"path": "operations/adaptive/proposals/developed/959_fx2_causal_field_wrt_replay250k_q0_v1.json", "sha256": "sha256:70a81e018be0b8906705e5c8786a4a885170e2dfd30a46f41c41c4bdbe4ca7e7"}, "proposal_id": "fx2_causal_field_wrt_replay250k_q0_v1", "purpose": "diagnostic", "released_at": "2026-09-07T13:20:29+00:00", "resource_budget": {"cgroup_parent": "/sys/fs/cgroup/user.slice/user-1000.slice/user@1000.service/app.slice", "cpus": [2], "memory_bytes": 1073741824, "scratch_bytes": 268435456, "swap_bytes": 0, "wall_seconds": 900}, "runner": {"path": "tools/fx2_causal_field_wrt_gate_v2.py", "sha256": "sha256:826f3499b1bf34f1c5387fce9bb76e70d68678690d67d25cc81fbea299f435ec"}, "schema": "gamma.enwiki9.adaptive-job.v3", "scratch_directories": ["results/fx2_causal_field_wrt_replay250k_q0_v1"], "started_at": "2026-09-07T13:20:30+00:00", "state": "running", "submitted_at": "2026-09-07T13:05:08+00:00", "tags": ["field-wrt-conditional-replay"], "timing_authority": "diagnostic", "tool": "tools/fx2_causal_field_wrt_gate_v2.py", "tool_args": []}}
{"artifact_index_diagnostics": {"bytes": 209, "path": "results/fx2_causal_field_wrt_replay250k_q0_v1/artifact-index-diagnostics.json", "sha256": "d1234f7fdb5f889f0d3a8834dfa7af693d749fe1b34c9fc8da66dd93c53d4e17"}, "artifacts": {"bytes": 24839, "path": "results/fx2_causal_field_wrt_replay250k_q0_v1/artifacts.json", "sha256": "26dc603217e9510ff826d2bb4aea552c5811ce0c7191e2340d91deac7cb68e4f"}, "candidate_id": "fx2_causal_field_wrt_replay250k_q0_v1", "child_closure_ok": true, "commands": [{"accepted_returncodes": [0], "command": ["/usr/bin/timeout", "--signal=TERM", "--kill-after=2", "180", "/usr/bin/python3.14", "-B", "/home/x/deco/gamma/projects/enwiki9/tools/fx2_causal_field_replay_v1.py", "encode", "/home/x/deco/gamma/projects/enwiki9/results/fx2_causal_field_wrt_replay250k_q0_v1/work/modeled.bin", "/home/x/deco/gamma/projects/enwiki9/results/fx2_causal_field_wrt_replay250k_q0_v1/work/P-encode.bin", "--sync", "/home/x/deco/gamma/projects/enwiki9/results/fx2_causal_field_wrt_replay250k_q0_v1/work/P-encode.sync", "--q16", "/home/x/deco/gamma/projects/enwiki9/results/fx2_causal_field_wrt_replay250k_q0_v1/work/q16.bin", "--dictionary", "/home/x/deco/gamma/projects/enwiki9/results/fx2_causal_field_wrt_replay250k_q0_v1/work/dictionary.bin", "--arm", "P", "--prefix", "47465631070003d0908000024eaae8160400ffffff0301fc0ff9feffff07ffffffffffffffffffffffffffffffff", "--raw-bytes", "250000", "--raw-sha256", "665fc689441b68462d88f82dc33212abe9c4824be095d03a556c9b55a2829fd3"], "elapsed_cap_seconds": 180, "elapsed_seconds": 3.8046995650511235, "environment": {"MKL_NUM_THREADS": "1", "OMP_NUM_THREADS": "1", "OPENBLAS_NUM_THREADS": "1", "PYTHONHASHSEED": "0"}, "launch_error": null, "missing_diagnostics": [], "phase": "P-encode", "returncode": 0, "system_cpu_seconds": 0.021282, "timing_authority": "shared-host diagnostic", "user_cpu_seconds": 3.668187}, {"accepted_returncodes": [0], "command": ["/usr/bin/timeout", "--signal=TERM", "--kill-after=2", "180", "/usr/bin/python3.14", "-B", "/home/x/deco/gamma/projects/enwiki9/tools/fx2_causal_field_replay_v1.py", "decode", "/home/x/deco/gamma/projects/enwiki9/results/fx2_causal_field_wrt_replay250k_q0_v1/work/P-encode.bin", "/home/x/deco/gamma/projects/enwiki9/results/fx2_causal_field_wrt_replay250k_q0_v1/work/P-decode.bin", "--sync", "/home/x/deco/gamma/projects/enwiki9/results/fx2_causal_field_wrt_replay250k_q0_v1/work/P-decode.sync", "--q16", "/home/x/deco/gamma/projects/enwiki9/results/fx2_causal_field_wrt_replay250k_q0_v1/work/q16.bin", "--dictionary", "/home/x/deco/gamma/projects/enwiki9/results/fx2_causal_field_wrt_replay250k_q0_v1/work/dictionary.bin", "--arm", "P", "--prefix", "47465631070003d0908000024eaae8160400ffffff0301fc0ff9feffff07ffffffffffffffffffffffffffffffff", "--raw-bytes", "250000", "--raw-sha256", "665fc689441b68462d88f82dc33212abe9c4824be095d03a556c9b55a2829fd3"], "elapsed_cap_seconds": 180, "elapsed_seconds": 4.204769945004955, "environment": {"MKL_NUM_THREADS": "1", "OMP_NUM_THREADS": "1", "OPENBLAS_NUM_THREADS": "1", "PYTHONHASHSEED": "0"}, "launch_error": null, "missing_diagnostics": [], "phase": "P-decode", "returncode": 0, "system_cpu_seconds": 0.010064, "timing_authority": "shared-host diagnostic", "user_cpu_seconds": 4.151025000000001}, {"accepted_returncodes": [0], "command": ["/usr/bin/timeout", "--signal=TERM", "--kill-after=2", "180", "/usr/bin/python3.14", "-B", "/home/x/deco/gamma/projects/enwiki9/tools/fx2_causal_field_replay_v1.py", "repeat", "/home/x/deco/gamma/projects/enwiki9/results/fx2_causal_field_wrt_replay250k_q0_v1/work/modeled.bin", "/home/x/deco/gamma/projects/enwiki9/results/fx2_causal_field_wrt_replay250k_q0_v1/work/P-repeat.bin", "--sync", "/home/x/deco/gamma/projects/enwiki9/results/fx2_causal_field_wrt_replay250k_q0_v1/work/P-repeat.sync", "--q16", "/home/x/deco/gamma/projects/enwiki9/results/fx2_causal_field_wrt_replay250k_q0_v1/work/q16.bin", "--dictionary", "/home/x/deco/gamma/projects/enwiki9/results/fx2_causal_field_wrt_replay250k_q0_v1/work/dictionary.bin", "--arm", "P", "--prefix", "47465631070003d0908000024eaae8160400ffffff0301fc0ff9feffff07ffffffffffffffffffffffffffffffff", "--raw-bytes", "250000", "--raw-sha256", "665fc689441b68462d88f82dc33212abe9c4824be095d03a556c9b55a2829fd3"], "elapsed_cap_seconds": 180, "elapsed_seconds": 3.7050082760397345, "environment": {"MKL_NUM_THREADS": "1", "OMP_NUM_THREADS": "1", "OPENBLAS_NUM_THREADS": "1", "PYTHONHASHSEED": "0"}, "launch_error": null, "missing_diagnostics": [], "phase": "P-repeat", "returncode": 0, "system_cpu_seconds": 0.013842, "timing_authority": "shared-host diagnostic", "user_cpu_seconds": 3.6699540000000006}, {"accepted_returncodes": [0], "command": ["/usr/bin/timeout", "--signal=TERM", "--kill-after=2", "180", "/usr/bin/python3.14", "-B", "/home/x/deco/gamma/projects/enwiki9/tools/fx2_causal_field_replay_v1.py", "encode", "/home/x/deco/gamma/projects/enwiki9/results/fx2_causal_field_wrt_replay250k_q0_v1/work/modeled.bin", "/home/x/deco/gamma/projects/enwiki9/results/fx2_causal_field_wrt_replay250k_q0_v1/work/K-encode.bin", "--sync", "/home/x/deco/gamma/projects/enwiki9/results/fx2_causal_field_wrt_replay250k_q0_v1/work/K-encode.sync", "--q16", "/home/x/deco/gamma/projects/enwiki9/results/fx2_causal_field_wrt_replay250k_q0_v1/work/q16.bin", "--dictionary", "/home/x/deco/gamma/projects/enwiki9/results/fx2_causal_field_wrt_replay250k_q0_v1/work/dictionary.bin", "--arm", "K", "--prefix", "47465631070003d0908000024eaae8160400ffffff0301fc0ff9feffff07ffffffffffffffffffffffffffffffff", "--raw-bytes", "250000", "--raw-sha256", "665fc689441b68462d88f82dc33212abe9c4824be095d03a556c9b55a2829fd3"], "elapsed_cap_seconds": 180, "elapsed_seconds": 4.006220787996426, "environment": {"MKL_NUM_THREADS": "1", "OMP_NUM_THREADS": "1", "OPENBLAS_NUM_THREADS": "1", "PYTHONHASHSEED": "0"}, "launch_error": null, "missing_diagnostics": [], "phase": "K-encode", "returncode": 0, "system_cpu_seconds": 0.016681, "timing_authority": "shared-host diagnostic", "user_cpu_seconds": 3.8772839999999995}, {"accepted_returncodes": [0], "command": ["/usr/bin/timeout", "--signal=TERM", "--kill-after=2", "180", "/usr/bin/python3.14", "-B", "/home/x/deco/gamma/projects/enwiki9/tools/fx2_causal_field_replay_v1.py", "decode", "/home/x/deco/gamma/projects/enwiki9/results/fx2_causal_field_wrt_replay250k_q0_v1/work/K-encode.bin", "/home/x/deco/gamma/projects/enwiki9/results/fx2_causal_field_wrt_replay250k_q0_v1/work/K-decode.bin", "--sync", "/home/x/deco/gamma/projects/enwiki9/results/fx2_causal_field_wrt_replay250k_q0_v1/work/K-decode.sync", "--q16", "/home/x/deco/gamma/projects/enwiki9/results/fx2_causal_field_wrt_replay250k_q0_v1/work/q16.bin", "--dictionary", "/home/x/deco/gamma/projects/enwiki9/results/fx2_causal_field_wrt_replay250k_q0_v1/work/dictionary.bin", "--arm", "K", "--prefix", "47465631070003d0908000024eaae8160400ffffff0301fc0ff9feffff07ffffffffffffffffffffffffffffffff", "--raw-bytes", "250000", "--raw-sha256", "665fc689441b68462d88f82dc33212abe9c4824be095d03a556c9b55a2829fd3"], "elapsed_cap_seconds": 180, "elapsed_seconds": 4.406770071014762, "environment": {"MKL_NUM_THREADS": "1", "OMP_NUM_THREADS": "1", "OPENBLAS_NUM_THREADS": "1", "PYTHONHASHSEED": "0"}, "launch_error": null, "missing_diagnostics": [], "phase": "K-decode", "returncode": 0, "system_cpu_seconds": 0.011512000000000001, "timing_authority": "shared-host diagnostic", "user_cpu_seconds": 4.2915659999999995}, {"accepted_returncodes": [0], "command": ["/usr/bin/timeout", "--signal=TERM", "--kill-after=2", "180", "/usr/bin/python3.14", "-B", "/home/x/deco/gamma/projects/enwiki9/tools/fx2_causal_field_replay_v1.py", "repeat", "/home/x/deco/gamma/projects/enwiki9/results/fx2_causal_field_wrt_replay250k_q0_v1/work/modeled.bin", "/home/x/deco/gamma/projects/enwiki9/results/fx2_causal_field_wrt_replay250k_q0_v1/work/K-repeat.bin", "--sync", "/home/x/deco/gamma/projects/enwiki9/results/fx2_causal_field_wrt_replay250k_q0_v1/work/K-repeat.sync", "--q16", "/home/x/deco/gamma/projects/enwiki9/results/fx2_causal_field_wrt_replay250k_q0_v1/work/q16.bin", "--dictionary", "/home/x/deco/gamma/projects/enwiki9/results/fx2_causal_field_wrt_replay250k_q0_v1/work/dictionary.bin", "--arm", "K", "--prefix", "47465631070003d0908000024eaae8160400ffffff0301fc0ff9feffff07ffffffffffffffffffffffffffffffff", "--raw-bytes", "250000", "--raw-sha256", "665fc689441b68462d88f82dc33212abe9c4824be095d03a556c9b55a2829fd3"], "elapsed_cap_seconds": 180, "elapsed_seconds": 4.005579618969932, "environment": {"MKL_NUM_THREADS": "1", "OMP_NUM_THREADS": "1", "OPENBLAS_NUM_THREADS": "1", "PYTHONHASHSEED": "0"}, "launch_error": null, "missing_diagnostics": [], "phase": "K-repeat", "returncode": 0, "system_cpu_seconds": 0.014349, "timing_authority": "shared-host diagnostic", "user_cpu_seconds": 3.8744280000000018}, {"accepted_returncodes": [0], "command": ["/usr/bin/timeout", "--signal=TERM", "--kill-after=2", "180", "/usr/bin/python3.14", "-B", "/home/x/deco/gamma/projects/enwiki9/tools/fx2_causal_field_replay_v1.py", "encode", "/home/x/deco/gamma/projects/enwiki9/results/fx2_causal_field_wrt_replay250k_q0_v1/work/modeled.bin", "/home/x/deco/gamma/projects/enwiki9/results/fx2_causal_field_wrt_replay250k_q0_v1/work/T-encode.bin", "--sync", "/home/x/deco/gamma/projects/enwiki9/results/fx2_causal_field_wrt_replay250k_q0_v1/work/T-encode.sync", "--q16", "/home/x/deco/gamma/projects/enwiki9/results/fx2_causal_field_wrt_replay250k_q0_v1/work/q16.bin", "--dictionary", "/home/x/deco/gamma/projects/enwiki9/results/fx2_causal_field_wrt_replay250k_q0_v1/work/dictionary.bin", "--arm", "T", "--prefix", "47465631070003d0908000024eaae8160400ffffff0301fc0ff9feffff07ffffffffffffffffffffffffffffffff", "--raw-bytes", "250000", "--raw-sha256", "665fc689441b68462d88f82dc33212abe9c4824be095d03a556c9b55a2829fd3"], "elapsed_cap_seconds": 180, "elapsed_seconds": 3.905662827193737, "environment": {"MKL_NUM_THREADS": "1", "OMP_NUM_THREADS": "1", "OPENBLAS_NUM_THREADS": "1", "PYTHONHASHSEED": "0"}, "launch_error": null, "missing_diagnostics": [], "phase": "T-encode", "returncode": 0, "system_cpu_seconds": 0.011999999999999997, "timing_authority": "shared-host diagnostic", "user_cpu_seconds": 3.8539049999999975}, {"accepted_returncodes": [0], "command": ["/usr/bin/timeout", "--signal=TERM", "--kill-after=2", "180", "/usr/bin/python3.14", "-B", "/home/x/deco/gamma/projects/enwiki9/tools/fx2_causal_field_replay_v1.py", "decode", "/home/x/deco/gamma/projects/enwiki9/results/fx2_causal_field_wrt_replay250k_q0_v1/work/T-encode.bin", "/home/x/deco/gamma/projects/enwiki9/results/fx2_causal_field_wrt_replay250k_q0_v1/work/T-decode.bin", "--sync", "/home/x/deco/gamma/projects/enwiki9/results/fx2_causal_field_wrt_replay250k_q0_v1/work/T-decode.sync", "--q16", "/home/x/deco/gamma/projects/enwiki9/results/fx2_causal_field_wrt_replay250k_q0_v1/work/q16.bin", "--dictionary", "/home/x/deco/gamma/projects/enwiki9/results/fx2_causal_field_wrt_replay250k_q0_v1/work/dictionary.bin", "--arm", "T", "--prefix", "47465631070003d0908000024eaae8160400ffffff0301fc0ff9feffff07ffffffffffffffffffffffffffffffff", "--raw-bytes", "250000", "--raw-sha256", "665fc689441b68462d88f82dc33212abe9c4824be095d03a556c9b55a2829fd3"], "elapsed_cap_seconds": 180, "elapsed_seconds": 4.406226086895913, "environment": {"MKL_NUM_THREADS": "1", "OMP_NUM_THREADS": "1", "OPENBLAS_NUM_THREADS": "1", "PYTHONHASHSEED": "0"}, "launch_error": null, "missing_diagnostics": [], "phase": "T-decode", "returncode": 0, "system_cpu_seconds": 0.013941999999999996, "timing_authority": "shared-host diagnostic", "user_cpu_seconds": 4.318856}, {"accepted_returncodes": [0], "command": ["/usr/bin/timeout", "--signal=TERM", "--kill-after=2", "180", "/usr/bin/python3.14", "-B", "/home/x/deco/gamma/projects/enwiki9/tools/fx2_causal_field_replay_v1.py", "repeat", "/home/x/deco/gamma/projects/enwiki9/results/fx2_causal_field_wrt_replay250k_q0_v1/work/modeled.bin", "/home/x/deco/gamma/projects/enwiki9/results/fx2_causal_field_wrt_replay250k_q0_v1/work/T-repeat.bin", "--sync", "/home/x/deco/gamma/projects/enwiki9/results/fx2_causal_field_wrt_replay250k_q0_v1/work/T-repeat.sync", "--q16", "/home/x/deco/gamma/projects/enwiki9/results/fx2_causal_field_wrt_replay250k_q0_v1/work/q16.bin", "--dictionary", "/home/x/deco/gamma/projects/enwiki9/results/fx2_causal_field_wrt_replay250k_q0_v1/work/dictionary.bin", "--arm", "T", "--prefix", "47465631070003d0908000024eaae8160400ffffff0301fc0ff9feffff07ffffffffffffffffffffffffffffffff", "--raw-bytes", "250000", "--raw-sha256", "665fc689441b68462d88f82dc33212abe9c4824be095d03a556c9b55a2829fd3"], "elapsed_cap_seconds": 180, "elapsed_seconds": 4.0060452779289335, "environment": {"MKL_NUM_THREADS": "1", "OMP_NUM_THREADS": "1", "OPENBLAS_NUM_THREADS": "1", "PYTHONHASHSEED": "0"}, "launch_error": null, "missing_diagnostics": [], "phase": "T-repeat", "returncode": 0, "system_cpu_seconds": 0.012208999999999998, "timing_authority": "shared-host diagnostic", "user_cpu_seconds": 3.9094750000000005}, {"accepted_returncodes": [0], "command": ["/usr/bin/timeout", "--signal=TERM", "--kill-after=2", "180", "/usr/bin/python3.14", "-B", "/home/x/deco/gamma/projects/enwiki9/tools/fx2_causal_field_replay_v1.py", "encode", "/home/x/deco/gamma/projects/enwiki9/results/fx2_causal_field_wrt_replay250k_q0_v1/work/modeled.bin", "/home/x/deco/gamma/projects/enwiki9/results/fx2_causal_field_wrt_replay250k_q0_v1/work/R-encode.bin", "--sync", "/home/x/deco/gamma/projects/enwiki9/results/fx2_causal_field_wrt_replay250k_q0_v1/work/R-encode.sync", "--q16", "/home/x/deco/gamma/projects/enwiki9/results/fx2_causal_field_wrt_replay250k_q0_v1/work/q16.bin", "--dictionary", "/home/x/deco/gamma/projects/enwiki9/results/fx2_causal_field_wrt_replay250k_q0_v1/work/dictionary.bin", "--arm", "R", "--prefix", "47465631070003d0908000024eaae8160400ffffff0301fc0ff9feffff07ffffffffffffffffffffffffffffffff", "--raw-bytes", "250000", "--raw-sha256", "665fc689441b68462d88f82dc33212abe9c4824be095d03a556c9b55a2829fd3"], "elapsed_cap_seconds": 180, "elapsed_seconds": 4.0073503740131855, "environment": {"MKL_NUM_THREADS": "1", "OMP_NUM_THREADS": "1", "OPENBLAS_NUM_THREADS": "1", "PYTHONHASHSEED": "0"}, "launch_error": null, "missing_diagnostics": [], "phase": "R-encode", "returncode": 0, "system_cpu_seconds": 0.014869999999999994, "timing_authority": "shared-host diagnostic", "user_cpu_seconds": 3.875937999999998}, {"accepted_returncodes": [0], "command": ["/usr/bin/timeout", "--signal=TERM", "--kill-after=2", "180", "/usr/bin/python3.14", "-B", "/home/x/deco/gamma/projects/enwiki9/tools/fx2_causal_field_replay_v1.py", "decode", "/home/x/deco/gamma/projects/enwiki9/results/fx2_causal_field_wrt_replay250k_q0_v1/work/R-encode.bin", "/home/x/deco/gamma/projects/enwiki9/results/fx2_causal_field_wrt_replay250k_q0_v1/work/R-decode.bin", "--sync", "/home/x/deco/gamma/projects/enwiki9/results/fx2_causal_field_wrt_replay250k_q0_v1/work/R-decode.sync", "--q16", "/home/x/deco/gamma/projects/enwiki9/results/fx2_causal_field_wrt_replay250k_q0_v1/work/q16.bin", "--dictionary", "/home/x/deco/gamma/projects/enwiki9/results/fx2_causal_field_wrt_replay250k_q0_v1/work/dictionary.bin", "--arm", "R", "--prefix", "47465631070003d0908000024eaae8160400ffffff0301fc0ff9feffff07ffffffffffffffffffffffffffffffff", "--raw-bytes", "250000", "--raw-sha256", "665fc689441b68462d88f82dc33212abe9c4824be095d03a556c9b55a2829fd3"], "elapsed_cap_seconds": 180, "elapsed_seconds": 4.606666947947815, "environment": {"MKL_NUM_THREADS": "1", "OMP_NUM_THREADS": "1", "OPENBLAS_NUM_THREADS": "1", "PYTHONHASHSEED": "0"}, "launch_error": null, "missing_diagnostics": [], "phase": "R-decode", "returncode": 0, "system_cpu_seconds": 0.01600500000000002, "timing_authority": "shared-host diagnostic", "user_cpu_seconds": 4.4816160000000025}, {"accepted_returncodes": [0], "command": ["/usr/bin/timeout", "--signal=TERM", "--kill-after=2", "180", "/usr/bin/python3.14", "-B", "/home/x/deco/gamma/projects/enwiki9/tools/fx2_causal_field_replay_v1.py", "repeat", "/home/x/deco/gamma/projects/enwiki9/results/fx2_causal_field_wrt_replay250k_q0_v1/work/modeled.bin", "/home/x/deco/gamma/projects/enwiki9/results/fx2_causal_field_wrt_replay250k_q0_v1/work/R-repeat.bin", "--sync", "/home/x/deco/gamma/projects/enwiki9/results/fx2_causal_field_wrt_replay250k_q0_v1/work/R-repeat.sync", "--q16", "/home/x/deco/gamma/projects/enwiki9/results/fx2_causal_field_wrt_replay250k_q0_v1/work/q16.bin", "--dictionary", "/home/x/deco/gamma/projects/enwiki9/results/fx2_causal_field_wrt_replay250k_q0_v1/work/dictionary.bin", "--arm", "R", "--prefix", "47465631070003d0908000024eaae8160400ffffff0301fc0ff9feffff07ffffffffffffffffffffffffffffffff", "--raw-bytes", "250000", "--raw-sha256", "665fc689441b68462d88f82dc33212abe9c4824be095d03a556c9b55a2829fd3"], "elapsed_cap_seconds": 180, "elapsed_seconds": 4.006375611992553, "environment": {"MKL_NUM_THREADS": "1", "OMP_NUM_THREADS": "1", "OPENBLAS_NUM_THREADS": "1", "PYTHONHASHSEED": "0"}, "launch_error": null, "missing_diagnostics": [], "phase": "R-repeat", "returncode": 0, "system_cpu_seconds": 0.014613999999999988, "timing_authority": "shared-host diagnostic", "user_cpu_seconds": 3.9628239999999977}, {"accepted_returncodes": [0], "command": ["/usr/bin/timeout", "--signal=TERM", "--kill-after=2", "180", "/usr/bin/python3.14", "-B", "/home/x/deco/gamma/projects/enwiki9/tools/fx2_causal_field_replay_v1.py", "encode", "/home/x/deco/gamma/projects/enwiki9/results/fx2_causal_field_wrt_replay250k_q0_v1/work/modeled.bin", "/home/x/deco/gamma/projects/enwiki9/results/fx2_causal_field_wrt_replay250k_q0_v1/work/S-encode.bin", "--sync", "/home/x/deco/gamma/projects/enwiki9/results/fx2_causal_field_wrt_replay250k_q0_v1/work/S-encode.sync", "--q16", "/home/x/deco/gamma/projects/enwiki9/results/fx2_causal_field_wrt_replay250k_q0_v1/work/q16.bin", "--dictionary", "/home/x/deco/gamma/projects/enwiki9/results/fx2_causal_field_wrt_replay250k_q0_v1/work/dictionary.bin", "--arm", "S", "--prefix", "47465631070003d0908000024eaae8160400ffffff0301fc0ff9feffff07ffffffffffffffffffffffffffffffff", "--raw-bytes", "250000", "--raw-sha256", "665fc689441b68462d88f82dc33212abe9c4824be095d03a556c9b55a2829fd3"], "elapsed_cap_seconds": 180, "elapsed_seconds": 3.9063197360374033, "environment": {"MKL_NUM_THREADS": "1", "OMP_NUM_THREADS": "1", "OPENBLAS_NUM_THREADS": "1", "PYTHONHASHSEED": "0"}, "launch_error": null, "missing_diagnostics": [], "phase": "S-encode", "returncode": 0, "system_cpu_seconds": 0.013683, "timing_authority": "shared-host diagnostic", "user_cpu_seconds": 3.8522200000000026}, {"accepted_returncodes": [0], "command": ["/usr/bin/timeout", "--signal=TERM", "--kill-after=2", "180", "/usr/bin/python3.14", "-B", "/home/x/deco/gamma/projects/enwiki9/tools/fx2_causal_field_replay_v1.py", "decode", "/home/x/deco/gamma/projects/enwiki9/results/fx2_causal_field_wrt_replay250k_q0_v1/work/S-encode.bin", "/home/x/deco/gamma/projects/enwiki9/results/fx2_causal_field_wrt_replay250k_q0_v1/work/S-decode.bin", "--sync", "/home/x/deco/gamma/projects/enwiki9/results/fx2_causal_field_wrt_replay250k_q0_v1/work/S-decode.sync", "--q16", "/home/x/deco/gamma/projects/enwiki9/results/fx2_causal_field_wrt_replay250k_q0_v1/work/q16.bin", "--dictionary", "/home/x/deco/gamma/projects/enwiki9/results/fx2_causal_field_wrt_replay250k_q0_v1/work/dictionary.bin", "--arm", "S", "--prefix", "47465631070003d0908000024eaae8160400ffffff0301fc0ff9feffff07ffffffffffffffffffffffffffffffff", "--raw-bytes", "250000", "--raw-sha256", "665fc689441b68462d88f82dc33212abe9c4824be095d03a556c9b55a2829fd3"], "elapsed_cap_seconds": 180, "elapsed_seconds": 4.406410906929523, "environment": {"MKL_NUM_THREADS": "1", "OMP_NUM_THREADS": "1", "OPENBLAS_NUM_THREADS": "1", "PYTHONHASHSEED": "0"}, "launch_error": null, "missing_diagnostics": [], "phase": "S-decode", "returncode": 0, "system_cpu_seconds": 0.012934000000000001, "timing_authority": "shared-host diagnostic", "user_cpu_seconds": 4.323085999999996}, {"accepted_returncodes": [0], "command": ["/usr/bin/timeout", "--signal=TERM", "--kill-after=2", "180", "/usr/bin/python3.14", "-B", "/home/x/deco/gamma/projects/enwiki9/tools/fx2_causal_field_replay_v1.py", "repeat", "/home/x/deco/gamma/projects/enwiki9/results/fx2_causal_field_wrt_replay250k_q0_v1/work/modeled.bin", "/home/x/deco/gamma/projects/enwiki9/results/fx2_causal_field_wrt_replay250k_q0_v1/work/S-repeat.bin", "--sync", "/home/x/deco/gamma/projects/enwiki9/results/fx2_causal_field_wrt_replay250k_q0_v1/work/S-repeat.sync", "--q16", "/home/x/deco/gamma/projects/enwiki9/results/fx2_causal_field_wrt_replay250k_q0_v1/work/q16.bin", "--dictionary", "/home/x/deco/gamma/projects/enwiki9/results/fx2_causal_field_wrt_replay250k_q0_v1/work/dictionary.bin", "--arm", "S", "--prefix", "47465631070003d0908000024eaae8160400ffffff0301fc0ff9feffff07ffffffffffffffffffffffffffffffff", "--raw-bytes", "250000", "--raw-sha256", "665fc689441b68462d88f82dc33212abe9c4824be095d03a556c9b55a2829fd3"], "elapsed_cap_seconds": 180, "elapsed_seconds": 3.9058705531060696, "environment": {"MKL_NUM_THREADS": "1", "OMP_NUM_THREADS": "1", "OPENBLAS_NUM_THREADS": "1", "PYTHONHASHSEED": "0"}, "launch_error": null, "missing_diagnostics": [], "phase": "S-repeat", "returncode": 0, "system_cpu_seconds": 0.020850000000000007, "timing_authority": "shared-host diagnostic", "user_cpu_seconds": 3.8291790000000034}], "comparison": {"bytes": 22247, "path": "results/fx2_causal_field_wrt_replay250k_q0_v1/comparison.json", "sha256": "45b2531ce564a56e9155144561e208eb1e06c7e64a8c0ef6530434dca96d3deb"}, "complete_package_bytes": null, "continuous_guard_decision": "pending canonical outer guard closure", "elapsed_stop_authority": {"child_phase_seconds": 180, "diagnostic_guard_wall_may_be_null": true, "native_gate_aggregate_seconds": 900, "outer_lab_seconds": 900}, "experiment": {"path": "operations/adaptive/experiments/fx2_causal_field_wrt_replay250k_q0_v1.json", "sha256": "sha256:7c257c6d76bc2d92a01854ee413c49be1f26dee2827ea9415f2922c3b404e248"}, "failure_class": "inconclusive_inactive_opportunities_or_controls", "full_corpus_score_bytes": null, "larger_gate_authorized": false, "objective_credit_bytes": 0, "outer_controller_admission": {"binding_kind": "observed prospective direct parent of frozen guard", "boot_id": "3ce46712-27bc-4199-8e48-e2b3d23926cb", "command": ["/usr/bin/python3.14", "/home/x/deco/gamma/projects/enwiki9/tools/enwiki9_lab.py", "run", "--candidate", "fx2_causal_field_wrt_replay250k_q0_v1", "--max-workers", "1", "--min-free-mib", "16384", "--max-load", "24"], "command_sha256": "e3a7067c796d82e33effab33e0e251260d722f6a411d720503bd76864981fd79", "controller_source": {"id": "frozen-input-197", "path": "tools/enwiki9_lab.py", "sha256": "sha256:dfe3ec344ddb35863af7f8055e63e89c45fccff0811220f72183ff7862c57b09"}, "cwd": "/home/x/deco/gamma/projects/enwiki9", "guard_pid": 485038, "guard_proc_start_ticks": 188336843, "guard_wall_limit_may_be_null": true, "job_id": "20260907T130508Z_c3d4b66329", "job_wall_budget_seconds": 900, "parent_pid": 2643307, "pid": 484826, "proc_start_ticks": 188336765, "python_executable": {"bytes": 7481192, "path": "/usr/bin/python3.14", "sha256": "b8d8288faefdd300201f43fcf00f6f539a27218eeed3a3dff5ab10b9c4c99700"}, "qualification_authority": false, "timer_owner": "enwiki9_lab.wait_for_budgeted_worker"}, "schema": "gamma.enwiki9.fx2-causal-field-wrt-stage.v1", "status": "passed"}
{
  "resource_guard": {
    "cgroup": {
      "inode": 244319,
      "joined_before_exec": true,
      "memory_max_bytes": 1073741824,
      "memory_max_rounding_bytes": 0,
      "memory_peak_reset": true,
      "path": "/sys/fs/cgroup/user.slice/user-1000.slice/user@1000.service/app.slice/gamma-enwiki9-20260907T130508Z_c3d4b66329",
      "previous_memory_max": "1073741824",
      "requested_memory_max_bytes": 1073741824
    },
    "cgroup_events": {
      "baseline": {
        "high": 0,
        "low": 0,
        "max": 0,
        "oom": 0,
        "oom_group_kill": 0,
        "oom_kill": 0,
        "sock_throttled": 0
      },
      "delta": {
        "high": 0,
        "low": 0,
        "max": 0,
        "oom": 0,
        "oom_group_kill": 0,
        "oom_kill": 0,
        "sock_throttled": 0
      },
      "final": {
        "high": 0,
        "low": 0,
        "max": 0,
        "oom": 0,
        "oom_group_kill": 0,
        "oom_kill": 0,
        "sock_throttled": 0
      }
    },
    "command": [
      "/usr/bin/taskset",
      "--cpu-list",
      "2",
      "/bin/sh",
      "-c",
      "printf '%s\\n' '{\"phase\":\"diagnostic\",\"event\":\"worker_start\",\"detail\":\"operational envelope only; no codec phase credit\"}' >> \"$GAMMA_RESOURCE_PHASE_MARKERS\" || exit 125; exec \"$@\"",
      "enwiki9-discovery-envelope",
      "/usr/bin/python3.14",
      "/home/x/deco/gamma/projects/enwiki9/tools/fx2_causal_field_wrt_gate_v2.py"
    ],
    "command_sha256": "4b1ca0627b21c69c29ba5af231de0b23f241da35d5a9903b53bc7e4d9c743d5c",
    "elapsed_s": 65.8108,
    "geekbench5_single_core_score": null,
    "guards": {
      "cgroup_memory_guard_exceeded": false,
      "logical_cpu_guard_exceeded": false,
      "measurement_incomplete": false,
      "official_decimal_memory_exceeded": false,
      "phase_marker_invalid": false,
      "rss_guard_exceeded": false,
      "temporary_disk_guard_exceeded": false,
      "wall_time_guard_exceeded": false
    },
    "label": "20260907T130508Z_c3d4b66329",
    "latest_sample": {
      "allowed_cpu_union": [],
      "cgroup_current_bytes": 84840448,
      "elapsed_s": 65.8086,
      "max_single_rss_kib": 0,
      "persistent_status_misses": [],
      "processes": [],
      "scratch_allocated_bytes": 80216064,
      "scratch_file_count": 138,
      "scratch_logical_bytes": 79839755,
      "scratch_race_count": 0,
      "tree_live_threads": 0,
      "tree_rss_kib": 0,
      "tree_runnable_threads": 0
    },
    "limit_kib": 1048576,
    "limit_mode": "tree",
    "max_logical_cpus": 1,
    "measurements": {
      "affinity_complete": true,
      "cgroup_v2_complete": true,
      "per_process_vmhwm_sampled": true,
      "phase_markers_complete": true,
      "process_tree_rss_complete": true,
      "scratch_logical_and_allocated_complete": true,
      "smaps_rollup_complete": true
    },
    "objective": {
      "corpusBytes": 1000000000,
      "corpusSha256": "159b85351e5f76e60cbe32e04c677847a9ecba3adc79addab6f4c6c7aa3744bc",
      "objectiveDigest": "sha256:16badfa6c1a53b47bcc12b089fdd9c21f7405ea56a84344d60c28d2252da8288",
      "objectiveId": "gamma-enwiki9-hutter-99m-v2",
      "objectivePath": "contracts/research/v2/objective-contract.json",
      "targetScoreBytes": 99000000
    },
    "official_decimal_limit_kib": 1048576,
    "peak_process_vmhwm": {
      "comm": "python3.14",
      "observed_elapsed_s": 14.0759,
      "pid": 485059,
      "start_ticks": 188336852,
      "vmhwm_kib": 94724
    },
    "peak_sample": {
      "allowed_cpu_union": [
        2
      ],
      "cgroup_current_bytes": 113090560,
      "elapsed_s": 10.0629,
      "max_single_rss_kib": 90204,
      "persistent_status_misses": [],
      "processes": [
        {
          "allowed_cpus": [
            2
          ],
          "comm": "python3.14",
          "live_threads": 1,
          "pid": 485059,
          "rss_kib": 90204,
          "runnable_threads": 0,
          "start_ticks": 188336852,
          "vmhwm_kib": 90204
        },
        {
          "allowed_cpus": [
            2
          ],
          "comm": "timeout",
          "live_threads": 1,
          "pid": 486946,
          "rss_kib": 7724,
          "runnable_threads": 0,
          "start_ticks": 188337852,
          "vmhwm_kib": 7724
        },
        {
          "allowed_cpus": [
            2
          ],
          "comm": "python3.14",
          "live_threads": 1,
          "pid": 486947,
          "rss_kib": 28596,
          "runnable_threads": 1,
          "start_ticks": 188337852,
          "vmhwm_kib": 28596
        }
      ],
      "scratch_allocated_bytes": 13930496,
      "scratch_file_count": 46,
      "scratch_logical_bytes": 13803881,
      "scratch_race_count": 0,
      "tree_live_threads": 3,
      "tree_rss_kib": 126524,
      "tree_runnable_threads": 1
    },
    "peak_tree_sample": {
      "allowed_cpu_union": [
        2
      ],
      "cgroup_current_bytes": 118333440,
      "elapsed_s": 13.5746,
      "max_single_rss_kib": 90204,
      "persistent_status_misses": [],
      "processes": [
        {
          "allowed_cpus": [
            2
          ],
          "comm": "python3.14",
          "live_threads": 1,
          "pid": 485059,
          "rss_kib": 90204,
          "runnable_threads": 0,
          "start_ticks": 188336852,
          "vmhwm_kib": 90204
        },
        {
          "allowed_cpus": [
            2
          ],
          "comm": "timeout",
          "live_threads": 1,
          "pid": 486946,
          "rss_kib": 7724,
          "runnable_threads": 0,
          "start_ticks": 188337852,
          "vmhwm_kib": 7724
        },
        {
          "allowed_cpus": [
            2
          ],
          "comm": "python3.14",
          "live_threads": 1,
          "pid": 486947,
          "rss_kib": 33824,
          "runnable_threads": 1,
          "start_ticks": 188337852,
          "vmhwm_kib": 33824
        }
      ],
      "scratch_allocated_bytes": 13934592,
      "scratch_file_count": 46,
      "scratch_logical_bytes": 13806649,
      "scratch_race_count": 0,
      "tree_live_threads": 3,
      "tree_rss_kib": 131752,
      "tree_runnable_threads": 1
    },
    "peaks": {
      "cgroup_memory_peak_bytes": 185974784,
      "max_observed_process_vmhwm_kib": 94724,
      "max_sampled_allowed_cpu_count": 1,
      "max_sampled_cgroup_current_bytes": 180592640,
      "max_sampled_scratch_allocated_bytes": 80216064,
      "max_sampled_scratch_logical_bytes": 79839755,
      "max_sampled_single_rss_kib": 90204,
      "max_sampled_tree_live_threads": 3,
      "max_sampled_tree_rss_kib": 131752,
      "max_sampled_tree_runnable_threads": 1
    },
    "phase": "diagnostic",
    "phase_marker_path": "/home/x/deco/gamma/projects/enwiki9/run_logs/adaptive/20260907T130508Z_c3d4b66329.resources/phases.jsonl",
    "phase_markers": [
      {
        "detail": "operational envelope only; no codec phase credit",
        "event": "worker_start",
        "observed_elapsed_s": 0.0323,
        "phase": "diagnostic",
        "source_line": 1
      },
      {
        "detail": null,
        "event": "start",
        "observed_elapsed_s": 2.0373,
        "phase": "P-encode",
        "source_line": 2
      },
      {
        "detail": null,
        "event": "end",
        "observed_elapsed_s": 5.5476,
        "phase": "P-encode",
        "source_line": 3
      },
      {
        "detail": null,
        "event": "start",
        "observed_elapsed_s": 6.05,
        "phase": "P-decode",
        "source_line": 4
      },
      {
        "detail": null,
        "event": "end",
        "observed_elapsed_s": 10.0629,
        "phase": "P-decode",
        "source_line": 5
      },
      {
        "detail": null,
        "event": "start",
        "observed_elapsed_s": 10.0629,
        "phase": "P-repeat",
        "source_line": 6
      },
      {
        "detail": null,
        "event": "end",
        "observed_elapsed_s": 14.0759,
        "phase": "P-repeat",
        "source_line": 7
      },
      {
        "detail": null,
        "event": "start",
        "observed_elapsed_s": 14.0759,
        "phase": "K-encode",
        "source_line": 8
      },
      {
        "detail": null,
        "event": "end",
        "observed_elapsed_s": 18.0906,
        "phase": "K-encode",
        "source_line": 9
      },
      {
        "detail": null,
        "event": "start",
        "observed_elapsed_s": 18.0906,
        "phase": "K-decode",
        "source_line": 10
      },
      {
        "detail": null,
        "event": "end",
        "observed_elapsed_s": 22.6086,
        "phase": "K-decode",
        "source_line": 11
      },
      {
        "detail": null,
        "event": "start",
        "observed_elapsed_s": 22.6086,
        "phase": "K-repeat",
        "source_line": 12
      },
      {
        "detail": null,
        "event": "end",
        "observed_elapsed_s": 26.6259,
        "phase": "K-repeat",
        "source_line": 13
      },
      {
        "detail": null,
        "event": "start",
        "observed_elapsed_s": 27.1292,
        "phase": "T-encode",
        "source_line": 14
      },
      {
        "detail": null,
        "event": "end",
        "observed_elapsed_s": 31.1472,
        "phase": "T-encode",
        "source_line": 15
      },
      {
        "detail": null,
        "event": "start",
        "observed_elapsed_s": 31.1472,
        "phase": "T-decode",
        "source_line": 16
      },
      {
        "detail": null,
        "event": "end",
        "observed_elapsed_s": 35.6665,
        "phase": "T-decode",
        "source_line": 17
      },
      {
        "detail": null,
        "event": "start",
        "observed_elapsed_s": 35.6665,
        "phase": "T-repeat",
        "source_line": 18
      },
      {
        "detail": null,
        "event": "end",
        "observed_elapsed_s": 39.6856,
        "phase": "T-repeat",
        "source_line": 19
      },
      {
        "detail": null,
        "event": "start",
        "observed_elapsed_s": 39.6856,
        "phase": "R-encode",
        "source_line": 20
      },
      {
        "detail": null,
        "event": "end",
        "observed_elapsed_s": 43.7021,
        "phase": "R-encode",
        "source_line": 21
      },
      {
        "detail": null,
        "event": "start",
        "observed_elapsed_s": 44.2053,
        "phase": "R-decode",
        "source_line": 22
      },
      {
        "detail": null,
        "event": "end",
        "observed_elapsed_s": 48.7252,
        "phase": "R-decode",
        "source_line": 23
      },
      {
        "detail": null,
        "event": "start",
        "observed_elapsed_s": 48.7252,
        "phase": "R-repeat",
        "source_line": 24
      },
      {
        "detail": null,
        "event": "end",
        "observed_elapsed_s": 52.7437,
        "phase": "R-repeat",
        "source_line": 25
      },
      {
        "detail": null,
        "event": "start",
        "observed_elapsed_s": 53.2469,
        "phase": "S-encode",
        "source_line": 26
      },
      {
        "detail": null,
        "event": "end",
        "observed_elapsed_s": 56.7636,
        "phase": "S-encode",
        "source_line": 27
      },
      {
        "detail": null,
        "event": "start",
        "observed_elapsed_s": 57.2672,
        "phase": "S-decode",
        "source_line": 28
      },
      {
        "detail": null,
        "event": "end",
        "observed_elapsed_s": 61.2859,
        "phase": "S-decode",
        "source_line": 29
      },
      {
        "detail": null,
        "event": "start",
        "observed_elapsed_s": 61.7893,
        "phase": "S-repeat",
        "source_line": 30
      },
      {
        "detail": null,
        "event": "end",
        "observed_elapsed_s": 65.3049,
        "phase": "S-repeat",
        "source_line": 31
      }
    ],
    "returncode": 0,
    "sample_count": 132,
    "sample_interval_seconds": 0.5,
    "schema": "gamma.enwiki9.resource-guard-receipt.v3",
    "scratch_paths": [
      "/home/x/deco/gamma/projects/enwiki9/results/fx2_causal_field_wrt_replay250k_q0_v1",
      "/home/x/deco/gamma/projects/enwiki9/run_logs/adaptive/20260907T130508Z_c3d4b66329.log",
      "/home/x/deco/gamma/projects/enwiki9/run_logs/adaptive/20260907T130508Z_c3d4b66329.resources",
      "/tmp/gamma-enwiki9-20260907T130508Z_c3d4b66329-g6ewcc50/fx2_causal_field_wrt_replay250k_q0_v1"
    ],
    "smaps_rollup_checkpoints": [
      {
        "elapsed_s": 0.0323,
        "processes": [
          {
            "pid": 485059,
            "rollup_kib": {
              "AnonHugePages": 0,
              "Anonymous": 6356,
              "FilePmdMapped": 0,
              "KSM": 0,
              "LazyFree": 0,
              "Locked": 0,
              "Private_Clean": 52,
              "Private_Dirty": 6356,
              "Private_Hugetlb": 0,
              "Pss": 7572,
              "Pss_Anon": 6356,
              "Pss_Dirty": 6356,
              "Pss_File": 1216,
              "Pss_Shmem": 0,
              "Referenced": 13144,
              "Rss": 13144,
              "Shared_Clean": 6736,
              "Shared_Dirty": 0,
              "Shared_Hugetlb": 0,
              "ShmemPmdMapped": 0,
              "Swap": 0,
              "SwapPss": 0
            },
            "start_ticks": 188336852
          }
        ],
        "reason": "initial+phase_marker+rss_growth",
        "tree_rss_kib": 13140
      },
      {
        "elapsed_s": 2.0373,
        "processes": [
          {
            "pid": 485059,
            "rollup_kib": {
              "AnonHugePages": 0,
              "Anonymous": 66708,
              "FilePmdMapped": 0,
              "KSM": 0,
              "LazyFree": 0,
              "Locked": 0,
              "Private_Clean": 92,
              "Private_Dirty": 66708,
              "Private_Hugetlb": 0,
              "Pss": 68673,
              "Pss_Anon": 66708,
              "Pss_Dirty": 66708,
              "Pss_File": 1965,
              "Pss_Shmem": 0,
              "Referenced": 80748,
              "Rss": 80748,
              "Shared_Clean": 13948,
              "Shared_Dirty": 0,
              "Shared_Hugetlb": 0,
              "ShmemPmdMapped": 0,
              "Swap": 0,
              "SwapPss": 0
            },
            "start_ticks": 188336852
          },
          {
            "pid": 485389,
            "rollup_kib": {
              "AnonHugePages": 0,
              "Anonymous": 1256,
              "FilePmdMapped": 0,
              "KSM": 0,
              "LazyFree": 0,
              "Locked": 0,
              "Private_Clean": 632,
              "Private_Dirty": 1256,
              "Private_Hugetlb": 0,
              "Pss": 3505,
              "Pss_Anon": 1256,
              "Pss_Dirty": 1256,
              "Pss_File": 2249,
              "Pss_Shmem": 0,
              "Referenced": 7736,
              "Rss": 7736,
              "Shared_Clean": 5848,
              "Shared_Dirty": 0,
              "Shared_Hugetlb": 0,
              "ShmemPmdMapped": 0,
              "Swap": 0,
              "SwapPss": 0
            },
            "start_ticks": 188337023
          },
          {
            "pid": 485390,
            "rollup_kib": {
              "AnonHugePages": 0,
              "Anonymous": 16512,
              "FilePmdMapped": 0,
              "KSM": 0,
              "LazyFree": 0,
              "Locked": 0,
              "Private_Clean": 12,
              "Private_Dirty": 16512,
              "Private_Hugetlb": 0,
              "Pss": 17939,
              "Pss_Anon": 16512,
              "Pss_Dirty": 16512,
              "Pss_File": 1427,
              "Pss_Shmem": 0,
              "Referenced": 28920,
              "Rss": 28920,
              "Shared_Clean": 12396,
              "Shared_Dirty": 0,
              "Shared_Hugetlb": 0,
              "ShmemPmdMapped": 0,
              "Swap": 0,
              "SwapPss": 0
            },
            "start_ticks": 188337023
          }
        ],
        "reason": "phase_marker",
        "tree_rss_kib": 117404
      },
      {
        "elapsed_s": 5.5476,
        "processes": [
          {
            "pid": 485059,
            "rollup_kib": {
              "AnonHugePages": 0,
              "Anonymous": 66708,
              "FilePmdMapped": 0,
              "KSM": 0,
              "LazyFree": 0,
              "Locked": 0,
              "Private_Clean": 128,
              "Private_Dirty": 66708,
              "Private_Hugetlb": 0,
              "Pss": 69028,
              "Pss_Anon": 66708,
              "Pss_Dirty": 66708,
              "Pss_File": 2320,
              "Pss_Shmem": 0,
              "Referenced": 80748,
              "Rss": 80748,
              "Shared_Clean": 13912,
              "Shared_Dirty": 0,
              "Shared_Hugetlb": 0,
              "ShmemPmdMapped": 0,
              "Swap": 0,
              "SwapPss": 0
            },
            "start_ticks": 188336852
          }
        ],
        "reason": "phase_marker",
        "tree_rss_kib": 80748
      },
      {
        "elapsed_s": 6.05,
        "processes": [
          {
            "pid": 485059,
            "rollup_kib": {
              "AnonHugePages": 0,
              "Anonymous": 71436,
              "FilePmdMapped": 0,
              "KSM": 0,
              "LazyFree": 0,
              "Locked": 0,
              "Private_Clean": 92,
              "Private_Dirty": 71436,
              "Private_Hugetlb": 0,
              "Pss": 73400,
              "Pss_Anon": 71436,
              "Pss_Dirty": 71436,
              "Pss_File": 1964,
              "Pss_Shmem": 0,
              "Referenced": 85476,
              "Rss": 85476,
              "Shared_Clean": 13948,
              "Shared_Dirty": 0,
              "Shared_Hugetlb": 0,
              "ShmemPmdMapped": 0,
              "Swap": 0,
              "SwapPss": 0
            },
            "start_ticks": 188336852
          },
          {
            "pid": 486111,
            "rollup_kib": {
              "AnonHugePages": 0,
              "Anonymous": 1260,
              "FilePmdMapped": 0,
              "KSM": 0,
              "LazyFree": 0,
              "Locked": 0,
              "Private_Clean": 308,
              "Private_Dirty": 1260,
              "Private_Hugetlb": 0,
              "Pss": 3297,
              "Pss_Anon": 1260,
              "Pss_Dirty": 1260,
              "Pss_File": 2037,
              "Pss_Shmem": 0,
              "Referenced": 7592,
              "Rss": 7592,
              "Shared_Clean": 6024,
              "Shared_Dirty": 0,
              "Shared_Hugetlb": 0,
              "ShmemPmdMapped": 0,
              "Swap": 0,
              "SwapPss": 0
            },
            "start_ticks": 188337417
          },
          {
            "pid": 486114,
            "rollup_kib": {
              "AnonHugePages": 0,
              "Anonymous": 16444,
              "FilePmdMapped": 0,
              "KSM": 0,
              "LazyFree": 0,
              "Locked": 0,
              "Private_Clean": 12,
              "Private_Dirty": 16444,
              "Private_Hugetlb": 0,
              "Pss": 17882,
              "Pss_Anon": 16444,
              "Pss_Dirty": 16444,
              "Pss_File": 1438,
              "Pss_Shmem": 0,
              "Referenced": 28920,
              "Rss": 28920,
              "Shared_Clean": 12464,
              "Shared_Dirty": 0,
              "Shared_Hugetlb": 0,
              "ShmemPmdMapped": 0,
              "Swap": 0,
              "SwapPss": 0
            },
            "start_ticks": 188337418
          }
        ],
        "reason": "phase_marker",
        "tree_rss_kib": 121984
      },
      {
        "elapsed_s": 10.0629,
        "processes": [
          {
            "pid": 485059,
            "rollup_kib": {
              "AnonHugePages": 0,
              "Anonymous": 76164,
              "FilePmdMapped": 0,
              "KSM": 0,
              "LazyFree": 0,
              "Locked": 0,
              "Private_Clean": 92,
              "Private_Dirty": 76164,
              "Private_Hugetlb": 0,
              "Pss": 78122,
              "Pss_Anon": 76164,
              "Pss_Dirty": 76164,
              "Pss_File": 1958,
              "Pss_Shmem": 0,
              "Referenced": 90204,
              "Rss": 90204,
              "Shared_Clean": 13948,
              "Shared_Dirty": 0,
              "Shared_Hugetlb": 0,
              "ShmemPmdMapped": 0,
              "Swap": 0,
              "SwapPss": 0
            },
            "start_ticks": 188336852
          },
          {
            "pid": 486946,
            "rollup_kib": {
              "AnonHugePages": 0,
              "Anonymous": 1264,
              "FilePmdMapped": 0,
              "KSM": 0,
              "LazyFree": 0,
              "Locked": 0,
              "Private_Clean": 512,
              "Private_Dirty": 1264,
              "Private_Hugetlb": 0,
              "Pss": 3443,
              "Pss_Anon": 1264,
              "Pss_Dirty": 1264,
              "Pss_File": 2179,
              "Pss_Shmem": 0,
              "Referenced": 7724,
              "Rss": 7724,
              "Shared_Clean": 5948,
              "Shared_Dirty": 0,
              "Shared_Hugetlb": 0,
              "ShmemPmdMapped": 0,
              "Swap": 0,
              "SwapPss": 0
            },
            "start_ticks": 188337852
          },
          {
            "pid": 486947,
            "rollup_kib": {
              "AnonHugePages": 0,
              "Anonymous": 16152,
              "FilePmdMapped": 0,
              "KSM": 0,
              "LazyFree": 0,
              "Locked": 0,
              "Private_Clean": 12,
              "Private_Dirty": 16152,
              "Private_Hugetlb": 0,
              "Pss": 17596,
              "Pss_Anon": 16152,
              "Pss_Dirty": 16152,
              "Pss_File": 1444,
              "Pss_Shmem": 0,
              "Referenced": 28600,
              "Rss": 28600,
              "Shared_Clean": 12436,
              "Shared_Dirty": 0,
              "Shared_Hugetlb": 0,
              "ShmemPmdMapped": 0,
              "Swap": 0,
              "SwapPss": 0
            },
            "start_ticks": 188337852
          }
        ],
        "reason": "phase_marker",
        "tree_rss_kib": 126524
      },
      {
        "elapsed_s": 14.0759,
        "processes": [
          {
            "pid": 485059,
            "rollup_kib": {
              "AnonHugePages": 0,
              "Anonymous": 66720,
              "FilePmdMapped": 0,
              "KSM": 0,
              "LazyFree": 0,
              "Locked": 0,
              "Private_Clean": 64,
              "Private_Dirty": 66720,
              "Private_Hugetlb": 0,
              "Pss": 68605,
              "Pss_Anon": 66720,
              "Pss_Dirty": 66720,
              "Pss_File": 1885,
              "Pss_Shmem": 0,
              "Referenced": 80760,
              "Rss": 80760,
              "Shared_Clean": 13976,
              "Shared_Dirty": 0,
              "Shared_Hugetlb": 0,
              "ShmemPmdMapped": 0,
              "Swap": 0,
              "SwapPss": 0
            },
            "start_ticks": 188336852
          },
          {
            "pid": 487820,
            "rollup_kib": {
              "AnonHugePages": 0,
              "Anonymous": 1260,
              "FilePmdMapped": 0,
              "KSM": 0,
              "LazyFree": 0,
              "Locked": 0,
              "Private_Clean": 3524,
              "Private_Dirty": 1260,
              "Private_Hugetlb": 0,
              "Pss": 4839,
              "Pss_Anon": 1260,
              "Pss_Dirty": 1260,
              "Pss_File": 3579,
              "Pss_Shmem": 0,
              "Referenced": 7472,
              "Rss": 7472,
              "Shared_Clean": 2688,
              "Shared_Dirty": 0,
              "Shared_Hugetlb": 0,
              "ShmemPmdMapped": 0,
              "Swap": 0,
              "SwapPss": 0
            },
            "start_ticks": 188338243
          },
          {
            "pid": 487821,
            "rollup_kib": {
              "AnonHugePages": 0,
              "Anonymous": 16304,
              "FilePmdMapped": 0,
              "KSM": 0,
              "LazyFree": 0,
              "Locked": 0,
              "Private_Clean": 12,
              "Private_Dirty": 16304,
              "Private_Hugetlb": 0,
              "Pss": 17703,
              "Pss_Anon": 16304,
              "Pss_Dirty": 16304,
              "Pss_File": 1399,
              "Pss_Shmem": 0,
              "Referenced": 28756,
              "Rss": 28756,
              "Shared_Clean": 12440,
              "Shared_Dirty": 0,
              "Shared_Hugetlb": 0,
              "ShmemPmdMapped": 0,
              "Swap": 0,
              "SwapPss": 0
            },
            "start_ticks": 188338243
          }
        ],
        "reason": "phase_marker",
        "tree_rss_kib": 116984
      },
      {
        "elapsed_s": 18.0906,
        "processes": [
          {
            "pid": 485059,
            "rollup_kib": {
              "AnonHugePages": 0,
              "Anonymous": 71004,
              "FilePmdMapped": 0,
              "KSM": 0,
              "LazyFree": 0,
              "Locked": 0,
              "Private_Clean": 80,
              "Private_Dirty": 71004,
              "Private_Hugetlb": 0,
              "Pss": 72915,
              "Pss_Anon": 71004,
              "Pss_Dirty": 71004,
              "Pss_File": 1911,
              "Pss_Shmem": 0,
              "Referenced": 85044,
              "Rss": 85044,
              "Shared_Clean": 13960,
              "Shared_Dirty": 0,
              "Shared_Hugetlb": 0,
              "ShmemPmdMapped": 0,
              "Swap": 0,
              "SwapPss": 0
            },
            "start_ticks": 188336852
          },
          {
            "pid": 488593,
            "rollup_kib": {
              "AnonHugePages": 0,
              "Anonymous": 1260,
              "FilePmdMapped": 0,
              "KSM": 0,
              "LazyFree": 0,
              "Locked": 0,
              "Private_Clean": 440,
              "Private_Dirty": 1260,
              "Private_Hugetlb": 0,
              "Pss": 3455,
              "Pss_Anon": 1260,
              "Pss_Dirty": 1260,
              "Pss_File": 2195,
              "Pss_Shmem": 0,
              "Referenced": 7860,
              "Rss": 7860,
              "Shared_Clean": 6160,
              "Shared_Dirty": 0,
              "Shared_Hugetlb": 0,
              "ShmemPmdMapped": 0,
              "Swap": 0,
              "SwapPss": 0
            },
            "start_ticks": 188338658
          },
          {
            "pid": 488594,
            "rollup_kib": {
              "AnonHugePages": 0,
              "Anonymous": 10684,
              "FilePmdMapped": 0,
              "KSM": 0,
              "LazyFree": 0,
              "Locked": 0,
              "Private_Clean": 12,
              "Private_Dirty": 10684,
              "Private_Hugetlb": 0,
              "Pss": 12039,
              "Pss_Anon": 10684,
              "Pss_Dirty": 10684,
              "Pss_File": 1355,
              "Pss_Shmem": 0,
              "Referenced": 22952,
              "Rss": 22952,
              "Shared_Clean": 12256,
              "Shared_Dirty": 0,
              "Shared_Hugetlb": 0,
              "ShmemPmdMapped": 0,
              "Swap": 0,
              "SwapPss": 0
            },
            "start_ticks": 188338658
          }
        ],
        "reason": "phase_marker",
        "tree_rss_kib": 115852
      },
      {
        "elapsed_s": 22.6086,
        "processes": [
          {
            "pid": 485059,
            "rollup_kib": {
              "AnonHugePages": 0,
              "Anonymous": 75976,
              "FilePmdMapped": 0,
              "KSM": 0,
              "LazyFree": 0,
              "Locked": 0,
              "Private_Clean": 100,
              "Private_Dirty": 75976,
              "Private_Hugetlb": 0,
              "Pss": 78209,
              "Pss_Anon": 75976,
              "Pss_Dirty": 75976,
              "Pss_File": 2233,
              "Pss_Shmem": 0,
              "Referenced": 90016,
              "Rss": 90016,
              "Shared_Clean": 13940,
              "Shared_Dirty": 0,
              "Shared_Hugetlb": 0,
              "ShmemPmdMapped": 0,
              "Swap": 0,
              "SwapPss": 0
            },
            "start_ticks": 188336852
          }
        ],
        "reason": "phase_marker",
        "tree_rss_kib": 90016
      },
      {
        "elapsed_s": 26.6259,
        "processes": [
          {
            "pid": 485059,
            "rollup_kib": {
              "AnonHugePages": 0,
              "Anonymous": 75976,
              "FilePmdMapped": 0,
              "KSM": 0,
              "LazyFree": 0,
              "Locked": 0,
              "Private_Clean": 100,
              "Private_Dirty": 75976,
              "Private_Hugetlb": 0,
              "Pss": 78210,
              "Pss_Anon": 75976,
              "Pss_Dirty": 75976,
              "Pss_File": 2234,
              "Pss_Shmem": 0,
              "Referenced": 90016,
              "Rss": 90016,
              "Shared_Clean": 13940,
              "Shared_Dirty": 0,
              "Shared_Hugetlb": 0,
              "ShmemPmdMapped": 0,
              "Swap": 0,
              "SwapPss": 0
            },
            "start_ticks": 188336852
          }
        ],
        "reason": "phase_marker",
        "tree_rss_kib": 90016
      },
      {
        "elapsed_s": 27.1292,
        "processes": [
          {
            "pid": 485059,
            "rollup_kib": {
              "AnonHugePages": 0,
              "Anonymous": 66280,
              "FilePmdMapped": 0,
              "KSM": 0,
              "LazyFree": 0,
              "Locked": 0,
              "Private_Clean": 64,
              "Private_Dirty": 66280,
              "Private_Hugetlb": 0,
              "Pss": 68163,
              "Pss_Anon": 66280,
              "Pss_Dirty": 66280,
              "Pss_File": 1883,
              "Pss_Shmem": 0,
              "Referenced": 80320,
              "Rss": 80320,
              "Shared_Clean": 13976,
              "Shared_Dirty": 0,
              "Shared_Hugetlb": 0,
              "ShmemPmdMapped": 0,
              "Swap": 0,
              "SwapPss": 0
            },
            "start_ticks": 188336852
          },
          {
            "pid": 490405,
            "rollup_kib": {
              "AnonHugePages": 0,
              "Anonymous": 1260,
              "FilePmdMapped": 0,
              "KSM": 0,
              "LazyFree": 0,
              "Locked": 0,
              "Private_Clean": 632,
              "Private_Dirty": 1260,
              "Private_Hugetlb": 0,
              "Pss": 3497,
              "Pss_Anon": 1260,
              "Pss_Dirty": 1260,
              "Pss_File": 2237,
              "Pss_Shmem": 0,
              "Referenced": 7752,
              "Rss": 7752,
              "Shared_Clean": 5860,
              "Shared_Dirty": 0,
              "Shared_Hugetlb": 0,
              "ShmemPmdMapped": 0,
              "Swap": 0,
              "SwapPss": 0
            },
            "start_ticks": 188339534
          },
          {
            "pid": 490406,
            "rollup_kib": {
              "AnonHugePages": 0,
              "Anonymous": 16476,
              "FilePmdMapped": 0,
              "KSM": 0,
              "LazyFree": 0,
              "Locked": 0,
              "Private_Clean": 24,
              "Private_Dirty": 16476,
              "Private_Hugetlb": 0,
              "Pss": 17893,
              "Pss_Anon": 16476,
              "Pss_Dirty": 16476,
              "Pss_File": 1417,
              "Pss_Shmem": 0,
              "Referenced": 28940,
              "Rss": 28940,
              "Shared_Clean": 12440,
              "Shared_Dirty": 0,
              "Shared_Hugetlb": 0,
              "ShmemPmdMapped": 0,
              "Swap": 0,
              "SwapPss": 0
            },
            "start_ticks": 188339534
          }
        ],
        "reason": "phase_marker",
        "tree_rss_kib": 117008
      },
      {
        "elapsed_s": 31.1472,
        "processes": [
          {
            "pid": 485059,
            "rollup_kib": {
              "AnonHugePages": 0,
              "Anonymous": 71004,
              "FilePmdMapped": 0,
              "KSM": 0,
              "LazyFree": 0,
              "Locked": 0,
              "Private_Clean": 64,
              "Private_Dirty": 71004,
              "Private_Hugetlb": 0,
              "Pss": 72886,
              "Pss_Anon": 71004,
              "Pss_Dirty": 71004,
              "Pss_File": 1882,
              "Pss_Shmem": 0,
              "Referenced": 85044,
              "Rss": 85044,
              "Shared_Clean": 13976,
              "Shared_Dirty": 0,
              "Shared_Hugetlb": 0,
              "ShmemPmdMapped": 0,
              "Swap": 0,
              "SwapPss": 0
            },
            "start_ticks": 188336852
          },
          {
            "pid": 491218,
            "rollup_kib": {
              "AnonHugePages": 0,
              "Anonymous": 1264,
              "FilePmdMapped": 0,
              "KSM": 0,
              "LazyFree": 0,
              "Locked": 0,
              "Private_Clean": 540,
              "Private_Dirty": 1264,
              "Private_Hugetlb": 0,
              "Pss": 3408,
              "Pss_Anon": 1264,
              "Pss_Dirty": 1264,
              "Pss_File": 2144,
              "Pss_Shmem": 0,
              "Referenced": 7644,
              "Rss": 7644,
              "Shared_Clean": 5840,
              "Shared_Dirty": 0,
              "Shared_Hugetlb": 0,
              "ShmemPmdMapped": 0,
              "Swap": 0,
              "SwapPss": 0
            },
            "start_ticks": 188339939
          },
          {
            "pid": 491219,
            "rollup_kib": {
              "AnonHugePages": 0,
              "Anonymous": 16296,
              "FilePmdMapped": 0,
              "KSM": 0,
              "LazyFree": 0,
              "Locked": 0,
              "Private_Clean": 12,
              "Private_Dirty": 16296,
              "Private_Hugetlb": 0,
              "Pss": 17697,
              "Pss_Anon": 16296,
              "Pss_Dirty": 16296,
              "Pss_File": 1401,
              "Pss_Shmem": 0,
              "Referenced": 28744,
              "Rss": 28744,
              "Shared_Clean": 12436,
              "Shared_Dirty": 0,
              "Shared_Hugetlb": 0,
              "ShmemPmdMapped": 0,
              "Swap": 0,
              "SwapPss": 0
            },
            "start_ticks": 188339939
          }
        ],
        "reason": "phase_marker",
        "tree_rss_kib": 121428
      },
      {
        "elapsed_s": 35.6665,
        "processes": [
          {
            "pid": 485059,
            "rollup_kib": {
              "AnonHugePages": 0,
              "Anonymous": 75976,
              "FilePmdMapped": 0,
              "KSM": 0,
              "LazyFree": 0,
              "Locked": 0,
              "Private_Clean": 64,
              "Private_Dirty": 75976,
              "Private_Hugetlb": 0,
              "Pss": 77859,
              "Pss_Anon": 75976,
              "Pss_Dirty": 75976,
              "Pss_File": 1883,
              "Pss_Shmem": 0,
              "Referenced": 90016,
              "Rss": 90016,
              "Shared_Clean": 13976,
              "Shared_Dirty": 0,
              "Shared_Hugetlb": 0,
              "ShmemPmdMapped": 0,
              "Swap": 0,
              "SwapPss": 0
            },
            "start_ticks": 188336852
          },
          {
            "pid": 492128,
            "rollup_kib": {
              "AnonHugePages": 0,
              "Anonymous": 1264,
              "FilePmdMapped": 0,
              "KSM": 0,
              "LazyFree": 0,
              "Locked": 0,
              "Private_Clean": 376,
              "Private_Dirty": 1264,
              "Private_Hugetlb": 0,
              "Pss": 3282,
              "Pss_Anon": 1264,
              "Pss_Dirty": 1264,
              "Pss_File": 2018,
              "Pss_Shmem": 0,
              "Referenced": 7544,
              "Rss": 7544,
              "Shared_Clean": 5904,
              "Shared_Dirty": 0,
              "Shared_Hugetlb": 0,
              "ShmemPmdMapped": 0,
              "Swap": 0,
              "SwapPss": 0
            },
            "start_ticks": 188340395
          },
          {
            "pid": 492129,
            "rollup_kib": {
              "AnonHugePages": 0,
              "Anonymous": 16384,
              "FilePmdMapped": 0,
              "KSM": 0,
              "LazyFree": 0,
              "Locked": 0,
              "Private_Clean": 12,
              "Private_Dirty": 16384,
              "Private_Hugetlb": 0,
              "Pss": 17786,
              "Pss_Anon": 16384,
              "Pss_Dirty": 16384,
              "Pss_File": 1402,
              "Pss_Shmem": 0,
              "Referenced": 28852,
              "Rss": 28852,
              "Shared_Clean": 12456,
              "Shared_Dirty": 0,
              "Shared_Hugetlb": 0,
              "ShmemPmdMapped": 0,
              "Swap": 0,
              "SwapPss": 0
            },
            "start_ticks": 188340395
          }
        ],
        "reason": "phase_marker",
        "tree_rss_kib": 126412
      },
      {
        "elapsed_s": 39.6856,
        "processes": [
          {
            "pid": 485059,
            "rollup_kib": {
              "AnonHugePages": 0,
              "Anonymous": 66280,
              "FilePmdMapped": 0,
              "KSM": 0,
              "LazyFree": 0,
              "Locked": 0,
              "Private_Clean": 80,
              "Private_Dirty": 66280,
              "Private_Hugetlb": 0,
              "Pss": 68179,
              "Pss_Anon": 66280,
              "Pss_Dirty": 66280,
              "Pss_File": 1899,
              "Pss_Shmem": 0,
              "Referenced": 80320,
              "Rss": 80320,
              "Shared_Clean": 13960,
              "Shared_Dirty": 0,
              "Shared_Hugetlb": 0,
              "ShmemPmdMapped": 0,
              "Swap": 0,
              "SwapPss": 0
            },
            "start_ticks": 188336852
          },
          {
            "pid": 492916,
            "rollup_kib": {
              "AnonHugePages": 0,
              "Anonymous": 1256,
              "FilePmdMapped": 0,
              "KSM": 0,
              "LazyFree": 0,
              "Locked": 0,
              "Private_Clean": 596,
              "Private_Dirty": 1256,
              "Private_Hugetlb": 0,
              "Pss": 3491,
              "Pss_Anon": 1256,
              "Pss_Dirty": 1256,
              "Pss_File": 2235,
              "Pss_Shmem": 0,
              "Referenced": 7708,
              "Rss": 7708,
              "Shared_Clean": 5856,
              "Shared_Dirty": 0,
              "Shared_Hugetlb": 0,
              "ShmemPmdMapped": 0,
              "Swap": 0,
              "SwapPss": 0
            },
            "start_ticks": 188340816
          },
          {
            "pid": 492917,
            "rollup_kib": {
              "AnonHugePages": 0,
              "Anonymous": 15612,
              "FilePmdMapped": 0,
              "KSM": 0,
              "LazyFree": 0,
              "Locked": 0,
              "Private_Clean": 12,
              "Private_Dirty": 15612,
              "Private_Hugetlb": 0,
              "Pss": 16992,
              "Pss_Anon": 15612,
              "Pss_Dirty": 15612,
              "Pss_File": 1380,
              "Pss_Shmem": 0,
              "Referenced": 28024,
              "Rss": 28024,
              "Shared_Clean": 12400,
              "Shared_Dirty": 0,
              "Shared_Hugetlb": 0,
              "ShmemPmdMapped": 0,
              "Swap": 0,
              "SwapPss": 0
            },
            "start_ticks": 188340816
          }
        ],
        "reason": "phase_marker",
        "tree_rss_kib": 115668
      },
      {
        "elapsed_s": 43.7021,
        "processes": [
          {
            "pid": 485059,
            "rollup_kib": {
              "AnonHugePages": 0,
              "Anonymous": 66280,
              "FilePmdMapped": 0,
              "KSM": 0,
              "LazyFree": 0,
              "Locked": 0,
              "Private_Clean": 100,
              "Private_Dirty": 66280,
              "Private_Hugetlb": 0,
              "Pss": 68514,
              "Pss_Anon": 66280,
              "Pss_Dirty": 66280,
              "Pss_File": 2234,
              "Pss_Shmem": 0,
              "Referenced": 80320,
              "Rss": 80320,
              "Shared_Clean": 13940,
              "Shared_Dirty": 0,
              "Shared_Hugetlb": 0,
              "ShmemPmdMapped": 0,
              "Swap": 0,
              "SwapPss": 0
            },
            "start_ticks": 188336852
          }
        ],
        "reason": "phase_marker",
        "tree_rss_kib": 80320
      },
      {
        "elapsed_s": 44.2053,
        "processes": [
          {
            "pid": 485059,
            "rollup_kib": {
              "AnonHugePages": 0,
              "Anonymous": 71004,
              "FilePmdMapped": 0,
              "KSM": 0,
              "LazyFree": 0,
              "Locked": 0,
              "Private_Clean": 64,
              "Private_Dirty": 71004,
              "Private_Hugetlb": 0,
              "Pss": 72884,
              "Pss_Anon": 71004,
              "Pss_Dirty": 71004,
              "Pss_File": 1880,
              "Pss_Shmem": 0,
              "Referenced": 85044,
              "Rss": 85044,
              "Shared_Clean": 13976,
              "Shared_Dirty": 0,
              "Shared_Hugetlb": 0,
              "ShmemPmdMapped": 0,
              "Swap": 0,
              "SwapPss": 0
            },
            "start_ticks": 188336852
          },
          {
            "pid": 493687,
            "rollup_kib": {
              "AnonHugePages": 0,
              "Anonymous": 1260,
              "FilePmdMapped": 0,
              "KSM": 0,
              "LazyFree": 0,
              "Locked": 0,
              "Private_Clean": 296,
              "Private_Dirty": 1260,
              "Private_Hugetlb": 0,
              "Pss": 3244,
              "Pss_Anon": 1260,
              "Pss_Dirty": 1260,
              "Pss_File": 1984,
              "Pss_Shmem": 0,
              "Referenced": 7620,
              "Rss": 7620,
              "Shared_Clean": 6064,
              "Shared_Dirty": 0,
              "Shared_Hugetlb": 0,
              "ShmemPmdMapped": 0,
              "Swap": 0,
              "SwapPss": 0
            },
            "start_ticks": 188341231
          },
          {
            "pid": 493688,
            "rollup_kib": {
              "AnonHugePages": 0,
              "Anonymous": 16436,
              "FilePmdMapped": 0,
              "KSM": 0,
              "LazyFree": 0,
              "Locked": 0,
              "Private_Clean": 12,
              "Private_Dirty": 16436,
              "Private_Hugetlb": 0,
              "Pss": 17842,
              "Pss_Anon": 16436,
              "Pss_Dirty": 16436,
              "Pss_File": 1406,
              "Pss_Shmem": 0,
              "Referenced": 28860,
              "Rss": 28860,
              "Shared_Clean": 12412,
              "Shared_Dirty": 0,
              "Shared_Hugetlb": 0,
              "ShmemPmdMapped": 0,
              "Swap": 0,
              "SwapPss": 0
            },
            "start_ticks": 188341232
          }
        ],
        "reason": "phase_marker",
        "tree_rss_kib": 121520
      },
      {
        "elapsed_s": 48.7252,
        "processes": [
          {
            "pid": 485059,
            "rollup_kib": {
              "AnonHugePages": 0,
              "Anonymous": 75976,
              "FilePmdMapped": 0,
              "KSM": 0,
              "LazyFree": 0,
              "Locked": 0,
              "Private_Clean": 64,
              "Private_Dirty": 75976,
              "Private_Hugetlb": 0,
              "Pss": 77859,
              "Pss_Anon": 75976,
              "Pss_Dirty": 75976,
              "Pss_File": 1883,
              "Pss_Shmem": 0,
              "Referenced": 90016,
              "Rss": 90016,
              "Shared_Clean": 13976,
              "Shared_Dirty": 0,
              "Shared_Hugetlb": 0,
              "ShmemPmdMapped": 0,
              "Swap": 0,
              "SwapPss": 0
            },
            "start_ticks": 188336852
          },
          {
            "pid": 494683,
            "rollup_kib": {
              "AnonHugePages": 0,
              "Anonymous": 1264,
              "FilePmdMapped": 0,
              "KSM": 0,
              "LazyFree": 0,
              "Locked": 0,
              "Private_Clean": 352,
              "Private_Dirty": 1264,
              "Private_Hugetlb": 0,
              "Pss": 3382,
              "Pss_Anon": 1264,
              "Pss_Dirty": 1264,
              "Pss_File": 2118,
              "Pss_Shmem": 0,
              "Referenced": 7792,
              "Rss": 7792,
              "Shared_Clean": 6176,
              "Shared_Dirty": 0,
              "Shared_Hugetlb": 0,
              "ShmemPmdMapped": 0,
              "Swap": 0,
              "SwapPss": 0
            },
            "start_ticks": 188341707
          },
          {
            "pid": 494686,
            "rollup_kib": {
              "AnonHugePages": 0,
              "Anonymous": 16300,
              "FilePmdMapped": 0,
              "KSM": 0,
              "LazyFree": 0,
              "Locked": 0,
              "Private_Clean": 12,
              "Private_Dirty": 16300,
              "Private_Hugetlb": 0,
              "Pss": 17706,
              "Pss_Anon": 16300,
              "Pss_Dirty": 16300,
              "Pss_File": 1406,
              "Pss_Shmem": 0,
              "Referenced": 28760,
              "Rss": 28760,
              "Shared_Clean": 12448,
              "Shared_Dirty": 0,
              "Shared_Hugetlb": 0,
              "ShmemPmdMapped": 0,
              "Swap": 0,
              "SwapPss": 0
            },
            "start_ticks": 188341708
          }
        ],
        "reason": "phase_marker",
        "tree_rss_kib": 126568
      },
      {
        "elapsed_s": 52.7437,
        "processes": [
          {
            "pid": 485059,
            "rollup_kib": {
              "AnonHugePages": 0,
              "Anonymous": 66280,
              "FilePmdMapped": 0,
              "KSM": 0,
              "LazyFree": 0,
              "Locked": 0,
              "Private_Clean": 100,
              "Private_Dirty": 66280,
              "Private_Hugetlb": 0,
              "Pss": 68497,
              "Pss_Anon": 66280,
              "Pss_Dirty": 66280,
              "Pss_File": 2217,
              "Pss_Shmem": 0,
              "Referenced": 80320,
              "Rss": 80320,
              "Shared_Clean": 13940,
              "Shared_Dirty": 0,
              "Shared_Hugetlb": 0,
              "ShmemPmdMapped": 0,
              "Swap": 0,
              "SwapPss": 0
            },
            "start_ticks": 188336852
          }
        ],
        "reason": "phase_marker",
        "tree_rss_kib": 80320
      },
      {
        "elapsed_s": 53.2469,
        "processes": [
          {
            "pid": 485059,
            "rollup_kib": {
              "AnonHugePages": 0,
              "Anonymous": 66280,
              "FilePmdMapped": 0,
              "KSM": 0,
              "LazyFree": 0,
              "Locked": 0,
              "Private_Clean": 64,
              "Private_Dirty": 66280,
              "Private_Hugetlb": 0,
              "Pss": 68145,
              "Pss_Anon": 66280,
              "Pss_Dirty": 66280,
              "Pss_File": 1865,
              "Pss_Shmem": 0,
              "Referenced": 80320,
              "Rss": 80320,
              "Shared_Clean": 13976,
              "Shared_Dirty": 0,
              "Shared_Hugetlb": 0,
              "ShmemPmdMapped": 0,
              "Swap": 0,
              "SwapPss": 0
            },
            "start_ticks": 188336852
          },
          {
            "pid": 495585,
            "rollup_kib": {
              "AnonHugePages": 0,
              "Anonymous": 1260,
              "FilePmdMapped": 0,
              "KSM": 0,
              "LazyFree": 0,
              "Locked": 0,
              "Private_Clean": 468,
              "Private_Dirty": 1260,
              "Private_Hugetlb": 0,
              "Pss": 3413,
              "Pss_Anon": 1260,
              "Pss_Dirty": 1260,
              "Pss_File": 2153,
              "Pss_Shmem": 0,
              "Referenced": 7788,
              "Rss": 7788,
              "Shared_Clean": 6060,
              "Shared_Dirty": 0,
              "Shared_Hugetlb": 0,
              "ShmemPmdMapped": 0,
              "Swap": 0,
              "SwapPss": 0
            },
            "start_ticks": 188342130
          },
          {
            "pid": 495586,
            "rollup_kib": {
              "AnonHugePages": 0,
              "Anonymous": 16676,
              "FilePmdMapped": 0,
              "KSM": 0,
              "LazyFree": 0,
              "Locked": 0,
              "Private_Clean": 12,
              "Private_Dirty": 16676,
              "Private_Hugetlb": 0,
              "Pss": 18070,
              "Pss_Anon": 16676,
              "Pss_Dirty": 16676,
              "Pss_File": 1394,
              "Pss_Shmem": 0,
              "Referenced": 29132,
              "Rss": 29132,
              "Shared_Clean": 12444,
              "Shared_Dirty": 0,
              "Shared_Hugetlb": 0,
              "ShmemPmdMapped": 0,
              "Swap": 0,
              "SwapPss": 0
            },
            "start_ticks": 188342130
          }
        ],
        "reason": "phase_marker",
        "tree_rss_kib": 117236
      },
      {
        "elapsed_s": 56.7636,
        "processes": [
          {
            "pid": 485059,
            "rollup_kib": {
              "AnonHugePages": 0,
              "Anonymous": 71004,
              "FilePmdMapped": 0,
              "KSM": 0,
              "LazyFree": 0,
              "Locked": 0,
              "Private_Clean": 100,
              "Private_Dirty": 71004,
              "Private_Hugetlb": 0,
              "Pss": 73238,
              "Pss_Anon": 71004,
              "Pss_Dirty": 71004,
              "Pss_File": 2234,
              "Pss_Shmem": 0,
              "Referenced": 85044,
              "Rss": 85044,
              "Shared_Clean": 13940,
              "Shared_Dirty": 0,
              "Shared_Hugetlb": 0,
              "ShmemPmdMapped": 0,
              "Swap": 0,
              "SwapPss": 0
            },
            "start_ticks": 188336852
          }
        ],
        "reason": "phase_marker",
        "tree_rss_kib": 84788
      },
      {
        "elapsed_s": 57.2672,
        "processes": [
          {
            "pid": 485059,
            "rollup_kib": {
              "AnonHugePages": 0,
              "Anonymous": 71004,
              "FilePmdMapped": 0,
              "KSM": 0,
              "LazyFree": 0,
              "Locked": 0,
              "Private_Clean": 64,
              "Private_Dirty": 71004,
              "Private_Hugetlb": 0,
              "Pss": 72882,
              "Pss_Anon": 71004,
              "Pss_Dirty": 71004,
              "Pss_File": 1878,
              "Pss_Shmem": 0,
              "Referenced": 85044,
              "Rss": 85044,
              "Shared_Clean": 13976,
              "Shared_Dirty": 0,
              "Shared_Hugetlb": 0,
              "ShmemPmdMapped": 0,
              "Swap": 0,
              "SwapPss": 0
            },
            "start_ticks": 188336852
          },
          {
            "pid": 496345,
            "rollup_kib": {
              "AnonHugePages": 0,
              "Anonymous": 1260,
              "FilePmdMapped": 0,
              "KSM": 0,
              "LazyFree": 0,
              "Locked": 0,
              "Private_Clean": 628,
              "Private_Dirty": 1260,
              "Private_Hugetlb": 0,
              "Pss": 3549,
              "Pss_Anon": 1260,
              "Pss_Dirty": 1260,
              "Pss_File": 2289,
              "Pss_Shmem": 0,
              "Referenced": 7872,
              "Rss": 7872,
              "Shared_Clean": 5984,
              "Shared_Dirty": 0,
              "Shared_Hugetlb": 0,
              "ShmemPmdMapped": 0,
              "Swap": 0,
              "SwapPss": 0
            },
            "start_ticks": 188342535
          },
          {
            "pid": 496348,
            "rollup_kib": {
              "AnonHugePages": 0,
              "Anonymous": 16472,
              "FilePmdMapped": 0,
              "KSM": 0,
              "LazyFree": 0,
              "Locked": 0,
              "Private_Clean": 12,
              "Private_Dirty": 16472,
              "Private_Hugetlb": 0,
              "Pss": 17889,
              "Pss_Anon": 16472,
              "Pss_Dirty": 16472,
              "Pss_File": 1417,
              "Pss_Shmem": 0,
              "Referenced": 28968,
              "Rss": 28968,
              "Shared_Clean": 12484,
              "Shared_Dirty": 0,
              "Shared_Hugetlb": 0,
              "ShmemPmdMapped": 0,
              "Swap": 0,
              "SwapPss": 0
            },
            "start_ticks": 188342535
          }
        ],
        "reason": "phase_marker",
        "tree_rss_kib": 121880
      },
      {
        "elapsed_s": 61.2859,
        "processes": [
          {
            "pid": 485059,
            "rollup_kib": {
              "AnonHugePages": 0,
              "Anonymous": 71004,
              "FilePmdMapped": 0,
              "KSM": 0,
              "LazyFree": 0,
              "Locked": 0,
              "Private_Clean": 100,
              "Private_Dirty": 71004,
              "Private_Hugetlb": 0,
              "Pss": 73238,
              "Pss_Anon": 71004,
              "Pss_Dirty": 71004,
              "Pss_File": 2234,
              "Pss_Shmem": 0,
              "Referenced": 85044,
              "Rss": 85044,
              "Shared_Clean": 13940,
              "Shared_Dirty": 0,
              "Shared_Hugetlb": 0,
              "ShmemPmdMapped": 0,
              "Swap": 0,
              "SwapPss": 0
            },
            "start_ticks": 188336852
          }
        ],
        "reason": "phase_marker",
        "tree_rss_kib": 85044
      },
      {
        "elapsed_s": 61.7893,
        "processes": [
          {
            "pid": 485059,
            "rollup_kib": {
              "AnonHugePages": 0,
              "Anonymous": 75976,
              "FilePmdMapped": 0,
              "KSM": 0,
              "LazyFree": 0,
              "Locked": 0,
              "Private_Clean": 64,
              "Private_Dirty": 75976,
              "Private_Hugetlb": 0,
              "Pss": 77858,
              "Pss_Anon": 75976,
              "Pss_Dirty": 75976,
              "Pss_File": 1882,
              "Pss_Shmem": 0,
              "Referenced": 90016,
              "Rss": 90016,
              "Shared_Clean": 13976,
              "Shared_Dirty": 0,
              "Shared_Hugetlb": 0,
              "ShmemPmdMapped": 0,
              "Swap": 0,
              "SwapPss": 0
            },
            "start_ticks": 188336852
          },
          {
            "pid": 497245,
            "rollup_kib": {
              "AnonHugePages": 0,
              "Anonymous": 1260,
              "FilePmdMapped": 0,
              "KSM": 0,
              "LazyFree": 0,
              "Locked": 0,
              "Private_Clean": 512,
              "Private_Dirty": 1260,
              "Private_Hugetlb": 0,
              "Pss": 3494,
              "Pss_Anon": 1260,
              "Pss_Dirty": 1260,
              "Pss_File": 2234,
              "Pss_Shmem": 0,
              "Referenced": 7836,
              "Rss": 7836,
              "Shared_Clean": 6064,
              "Shared_Dirty": 0,
              "Shared_Hugetlb": 0,
              "ShmemPmdMapped": 0,
              "Swap": 0,
              "SwapPss": 0
            },
            "start_ticks": 188342990
          },
          {
            "pid": 497246,
            "rollup_kib": {
              "AnonHugePages": 0,
              "Anonymous": 16612,
              "FilePmdMapped": 0,
              "KSM": 0,
              "LazyFree": 0,
              "Locked": 0,
              "Private_Clean": 12,
              "Private_Dirty": 16612,
              "Private_Hugetlb": 0,
              "Pss": 18016,
              "Pss_Anon": 16612,
              "Pss_Dirty": 16612,
              "Pss_File": 1404,
              "Pss_Shmem": 0,
              "Referenced": 29068,
              "Rss": 29068,
              "Shared_Clean": 12444,
              "Shared_Dirty": 0,
              "Shared_Hugetlb": 0,
              "ShmemPmdMapped": 0,
              "Swap": 0,
              "SwapPss": 0
            },
            "start_ticks": 188342990
          }
        ],
        "reason": "phase_marker",
        "tree_rss_kib": 126916
      },
      {
        "elapsed_s": 65.3049,
        "processes": [
          {
            "pid": 485059,
            "rollup_kib": {
              "AnonHugePages": 0,
              "Anonymous": 75976,
              "FilePmdMapped": 0,
              "KSM": 0,
              "LazyFree": 0,
              "Locked": 0,
              "Private_Clean": 100,
              "Private_Dirty": 75976,
              "Private_Hugetlb": 0,
              "Pss": 78210,
              "Pss_Anon": 75976,
              "Pss_Dirty": 75976,
              "Pss_File": 2234,
              "Pss_Shmem": 0,
              "Referenced": 90016,
              "Rss": 90016,
              "Shared_Clean": 13940,
              "Shared_Dirty": 0,
              "Shared_Hugetlb": 0,
              "ShmemPmdMapped": 0,
              "Swap": 0,
              "SwapPss": 0
            },
            "start_ticks": 188336852
          }
        ],
        "reason": "phase_marker",
        "tree_rss_kib": 90016
      },
      {
        "elapsed_s": 65.8086,
        "processes": [],
        "reason": "terminal",
        "tree_rss_kib": 0
      }
    ],
    "status": "complete",
    "temporary_disk_limit_bytes": 268435456,
    "wall_time_limit_seconds": null
  }
}
