{"command": ["/usr/bin/python3", "/home/x/deco/gamma/projects/enwiki9/tools/run_with_resource_guard_v3.py", "--limit-kib", "1048576", "--official-decimal-limit-kib", "1048576", "--limit-mode", "tree", "--cgroup-path", "/sys/fs/cgroup/user.slice/user-1000.slice/user@1000.service/app.slice/gamma-enwiki9-20260915T225951Z_cbde7644f0", "--cgroup-memory-max-bytes", "1073741824", "--temporary-disk-limit-bytes", "268435456", "--phase-marker-path", "/home/x/deco/gamma/projects/enwiki9/run_logs/adaptive/20260915T225951Z_cbde7644f0.resources/phases.jsonl", "--max-logical-cpus", "1", "--guard-json", "/home/x/deco/gamma/projects/enwiki9/run_logs/adaptive/20260915T225951Z_cbde7644f0.resources/guard.json", "--label", "20260915T225951Z_cbde7644f0", "--phase", "diagnostic", "--scratch-path", "/home/x/deco/gamma/projects/enwiki9/results/fx2_wrt_mass250k_v1", "--scratch-path", "/home/x/deco/gamma/projects/enwiki9/run_logs/adaptive/20260915T225951Z_cbde7644f0.log", "--scratch-path", "/home/x/deco/gamma/projects/enwiki9/run_logs/adaptive/20260915T225951Z_cbde7644f0.resources", "--scratch-path", "/tmp/gamma-enwiki9-20260915T225951Z_cbde7644f0-5egf8v3h/fx2_wrt_mass250k_v1", "--", "/usr/bin/taskset", "--cpu-list", "3", "/bin/sh", "-c", "printf '%s\\n' '{\"phase\":\"diagnostic\",\"event\":\"worker_start\",\"detail\":\"operational envelope only; no codec phase credit\"}' >> \"$GAMMA_RESOURCE_PHASE_MARKERS\" || exit 125; exec \"$@\"", "enwiki9-discovery-envelope", "/usr/bin/python3", "/home/x/deco/gamma/projects/enwiki9/tools/fx2_wrt_mass_gate_v1.py"], "job": {"candidate_id": "fx2_wrt_mass250k_v1", "candidate_revision": {"path": "operations/adaptive/candidate-revisions/fx2_wrt_mass250k_v1/20260915T225950538685Z_ed3b6d4d7fe7.json", "sha256": "sha256:e05b7e8da7f67216bf716c147d13567c44810952c4cb29ec61fd1899d9f0d102"}, "candidate_tree_sha256": "sha256:ed3b6d4d7fe730a932067ef1feccd7d60279a02135c0bf2af4e04ee5eadf7133", "execution_guard": {"path": "tools/run_with_resource_guard_v3.py", "sha256": "sha256:044147f7ffe6922ea8dafd52fc3d4426077b20958adbcd421245ad41adcfc1e4"}, "execution_mode": "discovery", "execution_resources": {"boot_id": "3ce46712-27bc-4199-8e48-e2b3d23926cb", "budget": {"cgroup_parent": "/sys/fs/cgroup/user.slice/user-1000.slice/user@1000.service/app.slice", "cpus": [3], "memory_bytes": 1073741824, "scratch_bytes": 268435456, "swap_bytes": 0, "wall_seconds": 900}, "cgroup_inode": 336387, "cgroup_path": "/sys/fs/cgroup/user.slice/user-1000.slice/user@1000.service/app.slice/gamma-enwiki9-20260915T225951Z_cbde7644f0", "cpu_enforcement": "taskset-and-sampled-affinity-guard", "groups": [{"created": true, "inode": 336387, "kernel_cpuset": false, "memory_bytes": 1073741824, "path": "/sys/fs/cgroup/user.slice/user-1000.slice/user@1000.service/app.slice/gamma-enwiki9-20260915T225951Z_cbde7644f0"}], "guard_command_sha256": "b806ce71b28487555945c359bfb43aec903cffe334382825c81f8a702cf2d385", "guard_path": "run_logs/adaptive/20260915T225951Z_cbde7644f0.resources/guard.json", "missing_diagnostics": ["kernel cpuset controller is not delegated; taskset assignment and existing affinity guard remain active"], "timing_authority": "diagnostic"}, "experiment": {"path": "operations/adaptive/experiments/fx2_wrt_mass250k_v1.json", "sha256": "sha256:016d7327cc3421bee1f0afa066ffd6fb52b72872c8edf7e3fa6fc16865f221a0"}, "gate_size": 250000, "held": false, "held_at": "2026-09-15T22:59:51+00:00", "hold_history": [{"at": "2026-09-15T22:59:51+00:00", "held": true, "reason": "Publish fixed likelihood kernel, exact tests, causal alignment and ownership; fresh CPU3 admission with inherited controller affinity before launch."}, {"at": "2026-09-15T23:04:22+00:00", "held": false, "reason": "Published 8b09e57b5, frozen inputs verified from Git and disk; fresh CPU3 admission with inherited controller affinity; fixed K/M/S conditional comparison only."}], "job_id": "20260915T225951Z_cbde7644f0", "priority": 80, "proposal": {"path": "operations/adaptive/proposals/developed/949_fx2_wrt_mass250k_v1.json", "sha256": "sha256:d49d91a43198110c7bedf6c68bf14dd9989987713d750c6b8d7101253f6d93ed"}, "proposal_id": "fx2_wrt_mass250k_v1", "purpose": "diagnostic", "released_at": "2026-09-15T23:04:22+00:00", "resource_budget": {"cgroup_parent": "/sys/fs/cgroup/user.slice/user-1000.slice/user@1000.service/app.slice", "cpus": [3], "memory_bytes": 1073741824, "scratch_bytes": 268435456, "swap_bytes": 0, "wall_seconds": 900}, "runner": {"path": "tools/fx2_wrt_mass_gate_v1.py", "sha256": "sha256:ab4d008221066ef7ee3e7bb6d60adb5a6eb564afceb0b39ab628991c9a92e32e"}, "schema": "gamma.enwiki9.adaptive-job.v3", "scratch_directories": ["results/fx2_wrt_mass250k_v1"], "started_at": "2026-09-15T23:04:22+00:00", "state": "running", "submitted_at": "2026-09-15T22:59:51+00:00", "tags": [], "timing_authority": "diagnostic", "tool": "tools/fx2_wrt_mass_gate_v1.py", "tool_args": []}}
{"status": "passed", "gain_parent_bytes": 6, "gain_elision_bytes": 0, "gain_rotated_control_bytes": 13, "error": null, "verdict": "This fixed expert legal-mass correction fails conditional headroom or a matched control; no native or larger run."}
{
  "resource_guard": {
    "cgroup": {
      "inode": 336387,
      "joined_before_exec": true,
      "memory_max_bytes": 1073741824,
      "memory_max_rounding_bytes": 0,
      "memory_peak_reset": true,
      "path": "/sys/fs/cgroup/user.slice/user-1000.slice/user@1000.service/app.slice/gamma-enwiki9-20260915T225951Z_cbde7644f0",
      "previous_memory_max": "1073741824",
      "requested_memory_max_bytes": 1073741824
    },
    "cgroup_events": {
      "baseline": {
        "high": 0,
        "low": 0,
        "max": 0,
        "oom": 0,
        "oom_group_kill": 0,
        "oom_kill": 0,
        "sock_throttled": 0
      },
      "delta": {
        "high": 0,
        "low": 0,
        "max": 0,
        "oom": 0,
        "oom_group_kill": 0,
        "oom_kill": 0,
        "sock_throttled": 0
      },
      "final": {
        "high": 0,
        "low": 0,
        "max": 0,
        "oom": 0,
        "oom_group_kill": 0,
        "oom_kill": 0,
        "sock_throttled": 0
      }
    },
    "command": [
      "/usr/bin/taskset",
      "--cpu-list",
      "3",
      "/bin/sh",
      "-c",
      "printf '%s\\n' '{\"phase\":\"diagnostic\",\"event\":\"worker_start\",\"detail\":\"operational envelope only; no codec phase credit\"}' >> \"$GAMMA_RESOURCE_PHASE_MARKERS\" || exit 125; exec \"$@\"",
      "enwiki9-discovery-envelope",
      "/usr/bin/python3",
      "/home/x/deco/gamma/projects/enwiki9/tools/fx2_wrt_mass_gate_v1.py"
    ],
    "command_sha256": "0b241f9003493ea3f94187f389bc942ebe4e9cffdfebd755632f083475e0b415",
    "elapsed_s": 91.3662,
    "geekbench5_single_core_score": null,
    "guards": {
      "cgroup_memory_guard_exceeded": false,
      "logical_cpu_guard_exceeded": false,
      "measurement_incomplete": false,
      "official_decimal_memory_exceeded": false,
      "phase_marker_invalid": false,
      "rss_guard_exceeded": false,
      "temporary_disk_guard_exceeded": false,
      "wall_time_guard_exceeded": false
    },
    "label": "20260915T225951Z_cbde7644f0",
    "latest_sample": {
      "allowed_cpu_union": [],
      "cgroup_current_bytes": 5877760,
      "elapsed_s": 91.3647,
      "max_single_rss_kib": 0,
      "persistent_status_misses": [],
      "processes": [],
      "scratch_allocated_bytes": 5496832,
      "scratch_file_count": 62,
      "scratch_logical_bytes": 5332337,
      "scratch_race_count": 0,
      "tree_live_threads": 0,
      "tree_rss_kib": 0,
      "tree_runnable_threads": 0
    },
    "limit_kib": 1048576,
    "limit_mode": "tree",
    "max_logical_cpus": 1,
    "measurements": {
      "affinity_complete": true,
      "cgroup_v2_complete": true,
      "per_process_vmhwm_sampled": true,
      "phase_markers_complete": true,
      "process_tree_rss_complete": true,
      "scratch_logical_and_allocated_complete": true,
      "smaps_rollup_complete": true
    },
    "objective": {
      "corpusBytes": 1000000000,
      "corpusSha256": "159b85351e5f76e60cbe32e04c677847a9ecba3adc79addab6f4c6c7aa3744bc",
      "objectiveDigest": "sha256:e91ff20e92c3cac8acb0cbe5c79fc8e8a3b427d7e151245c8eecc52b1c32fa00",
      "objectiveId": "gamma-enwiki9-hutter-90m-v3",
      "objectivePath": "contracts/research/v3/objective-contract.json",
      "targetScoreBytes": 90000000
    },
    "official_decimal_limit_kib": 1048576,
    "peak_process_vmhwm": {
      "comm": "python3",
      "observed_elapsed_s": 13.0644,
      "pid": 2578006,
      "start_ticks": 260960474,
      "vmhwm_kib": 95300
    },
    "peak_sample": {
      "allowed_cpu_union": [
        3
      ],
      "cgroup_current_bytes": 35201024,
      "elapsed_s": 13.0644,
      "max_single_rss_kib": 95300,
      "persistent_status_misses": [],
      "processes": [
        {
          "allowed_cpus": [
            3
          ],
          "comm": "python3",
          "live_threads": 1,
          "pid": 2577276,
          "rss_kib": 20332,
          "runnable_threads": 0,
          "start_ticks": 260960077,
          "vmhwm_kib": 20332
        },
        {
          "allowed_cpus": [
            3
          ],
          "comm": "python3",
          "live_threads": 1,
          "pid": 2578006,
          "rss_kib": 95300,
          "runnable_threads": 1,
          "start_ticks": 260960474,
          "vmhwm_kib": 95300
        }
      ],
      "scratch_allocated_bytes": 2637824,
      "scratch_file_count": 14,
      "scratch_logical_bytes": 2600315,
      "scratch_race_count": 0,
      "tree_live_threads": 2,
      "tree_rss_kib": 115632,
      "tree_runnable_threads": 1
    },
    "peak_tree_sample": {
      "allowed_cpu_union": [
        3
      ],
      "cgroup_current_bytes": 39436288,
      "elapsed_s": 89.3514,
      "max_single_rss_kib": 95224,
      "persistent_status_misses": [],
      "processes": [
        {
          "allowed_cpus": [
            3
          ],
          "comm": "python3",
          "live_threads": 1,
          "pid": 2577276,
          "rss_kib": 22084,
          "runnable_threads": 0,
          "start_ticks": 260960077,
          "vmhwm_kib": 22084
        },
        {
          "allowed_cpus": [
            3
          ],
          "comm": "python3",
          "live_threads": 1,
          "pid": 2591818,
          "rss_kib": 95224,
          "runnable_threads": 1,
          "start_ticks": 260968195,
          "vmhwm_kib": 95224
        }
      ],
      "scratch_allocated_bytes": 4972544,
      "scratch_file_count": 57,
      "scratch_logical_bytes": 4825858,
      "scratch_race_count": 0,
      "tree_live_threads": 2,
      "tree_rss_kib": 117308,
      "tree_runnable_threads": 1
    },
    "peaks": {
      "cgroup_memory_peak_bytes": 88440832,
      "max_observed_process_vmhwm_kib": 95300,
      "max_sampled_allowed_cpu_count": 1,
      "max_sampled_cgroup_current_bytes": 42020864,
      "max_sampled_scratch_allocated_bytes": 5496832,
      "max_sampled_scratch_logical_bytes": 5332337,
      "max_sampled_single_rss_kib": 95300,
      "max_sampled_tree_live_threads": 2,
      "max_sampled_tree_rss_kib": 117308,
      "max_sampled_tree_runnable_threads": 1
    },
    "phase": "diagnostic",
    "phase_marker_path": "/home/x/deco/gamma/projects/enwiki9/run_logs/adaptive/20260915T225951Z_cbde7644f0.resources/phases.jsonl",
    "phase_markers": [
      {
        "detail": "operational envelope only; no codec phase credit",
        "event": "worker_start",
        "observed_elapsed_s": 0.0226,
        "phase": "diagnostic",
        "source_line": 1
      },
      {
        "detail": null,
        "event": "start",
        "observed_elapsed_s": 0.5234,
        "phase": "project",
        "source_line": 2
      },
      {
        "detail": null,
        "event": "end",
        "observed_elapsed_s": 4.0314,
        "phase": "project",
        "source_line": 3
      },
      {
        "detail": null,
        "event": "start",
        "observed_elapsed_s": 4.0314,
        "phase": "K-encode",
        "source_line": 4
      },
      {
        "detail": null,
        "event": "end",
        "observed_elapsed_s": 13.5654,
        "phase": "K-encode",
        "source_line": 5
      },
      {
        "detail": null,
        "event": "start",
        "observed_elapsed_s": 13.5654,
        "phase": "K-decode",
        "source_line": 6
      },
      {
        "detail": null,
        "event": "end",
        "observed_elapsed_s": 23.6019,
        "phase": "K-decode",
        "source_line": 7
      },
      {
        "detail": null,
        "event": "start",
        "observed_elapsed_s": 23.6019,
        "phase": "K-repeat",
        "source_line": 8
      },
      {
        "detail": null,
        "event": "end",
        "observed_elapsed_s": 33.1384,
        "phase": "K-repeat",
        "source_line": 9
      },
      {
        "detail": null,
        "event": "start",
        "observed_elapsed_s": 33.1384,
        "phase": "M-encode",
        "source_line": 10
      },
      {
        "detail": null,
        "event": "end",
        "observed_elapsed_s": 42.1751,
        "phase": "M-encode",
        "source_line": 11
      },
      {
        "detail": null,
        "event": "start",
        "observed_elapsed_s": 42.1751,
        "phase": "M-decode",
        "source_line": 12
      },
      {
        "detail": null,
        "event": "end",
        "observed_elapsed_s": 52.2117,
        "phase": "M-decode",
        "source_line": 13
      },
      {
        "detail": null,
        "event": "start",
        "observed_elapsed_s": 52.2117,
        "phase": "M-repeat",
        "source_line": 14
      },
      {
        "detail": null,
        "event": "end",
        "observed_elapsed_s": 61.7504,
        "phase": "M-repeat",
        "source_line": 15
      },
      {
        "detail": null,
        "event": "start",
        "observed_elapsed_s": 61.7504,
        "phase": "S-encode",
        "source_line": 16
      },
      {
        "detail": null,
        "event": "end",
        "observed_elapsed_s": 71.2875,
        "phase": "S-encode",
        "source_line": 17
      },
      {
        "detail": null,
        "event": "start",
        "observed_elapsed_s": 71.2875,
        "phase": "S-decode",
        "source_line": 18
      },
      {
        "detail": null,
        "event": "end",
        "observed_elapsed_s": 81.3255,
        "phase": "S-decode",
        "source_line": 19
      },
      {
        "detail": null,
        "event": "start",
        "observed_elapsed_s": 81.3255,
        "phase": "S-repeat",
        "source_line": 20
      },
      {
        "detail": null,
        "event": "end",
        "observed_elapsed_s": 90.8544,
        "phase": "S-repeat",
        "source_line": 21
      }
    ],
    "returncode": 0,
    "sample_count": 183,
    "sample_interval_seconds": 0.5,
    "schema": "gamma.enwiki9.resource-guard-receipt.v3",
    "scratch_paths": [
      "/home/x/deco/gamma/projects/enwiki9/results/fx2_wrt_mass250k_v1",
      "/home/x/deco/gamma/projects/enwiki9/run_logs/adaptive/20260915T225951Z_cbde7644f0.log",
      "/home/x/deco/gamma/projects/enwiki9/run_logs/adaptive/20260915T225951Z_cbde7644f0.resources",
      "/tmp/gamma-enwiki9-20260915T225951Z_cbde7644f0-5egf8v3h/fx2_wrt_mass250k_v1"
    ],
    "smaps_rollup_checkpoints": [
      {
        "elapsed_s": 0.0226,
        "processes": [
          {
            "pid": 2577276,
            "rollup_kib": {
              "AnonHugePages": 0,
              "Anonymous": 2092,
              "FilePmdMapped": 0,
              "KSM": 0,
              "LazyFree": 0,
              "Locked": 0,
              "Private_Clean": 44,
              "Private_Dirty": 2092,
              "Private_Hugetlb": 0,
              "Pss": 3408,
              "Pss_Anon": 2092,
              "Pss_Dirty": 2092,
              "Pss_File": 1316,
              "Pss_Shmem": 0,
              "Referenced": 7840,
              "Rss": 7840,
              "Shared_Clean": 5704,
              "Shared_Dirty": 0,
              "Shared_Hugetlb": 0,
              "ShmemPmdMapped": 0,
              "Swap": 0,
              "SwapPss": 0
            },
            "start_ticks": 260960077
          }
        ],
        "reason": "initial+phase_marker+rss_growth",
        "tree_rss_kib": 7840
      },
      {
        "elapsed_s": 0.5234,
        "processes": [
          {
            "pid": 2577276,
            "rollup_kib": {
              "AnonHugePages": 0,
              "Anonymous": 8256,
              "FilePmdMapped": 0,
              "KSM": 0,
              "LazyFree": 0,
              "Locked": 0,
              "Private_Clean": 40,
              "Private_Dirty": 8256,
              "Private_Hugetlb": 0,
              "Pss": 10405,
              "Pss_Anon": 8256,
              "Pss_Dirty": 8256,
              "Pss_File": 2149,
              "Pss_Shmem": 0,
              "Referenced": 20268,
              "Rss": 20268,
              "Shared_Clean": 11972,
              "Shared_Dirty": 0,
              "Shared_Hugetlb": 0,
              "ShmemPmdMapped": 0,
              "Swap": 0,
              "SwapPss": 0
            },
            "start_ticks": 260960077
          },
          {
            "pid": 2577313,
            "rollup_kib": {
              "AnonHugePages": 0,
              "Anonymous": 16928,
              "FilePmdMapped": 0,
              "KSM": 0,
              "LazyFree": 0,
              "Locked": 0,
              "Private_Clean": 36,
              "Private_Dirty": 16928,
              "Private_Hugetlb": 0,
              "Pss": 19010,
              "Pss_Anon": 16928,
              "Pss_Dirty": 16928,
              "Pss_File": 2082,
              "Pss_Shmem": 0,
              "Referenced": 28620,
              "Rss": 28620,
              "Shared_Clean": 11656,
              "Shared_Dirty": 0,
              "Shared_Hugetlb": 0,
              "ShmemPmdMapped": 0,
              "Swap": 0,
              "SwapPss": 0
            },
            "start_ticks": 260960092
          }
        ],
        "reason": "phase_marker",
        "tree_rss_kib": 48888
      },
      {
        "elapsed_s": 4.0314,
        "processes": [
          {
            "pid": 2577276,
            "rollup_kib": {
              "AnonHugePages": 0,
              "Anonymous": 8256,
              "FilePmdMapped": 0,
              "KSM": 0,
              "LazyFree": 0,
              "Locked": 0,
              "Private_Clean": 40,
              "Private_Dirty": 8256,
              "Private_Hugetlb": 0,
              "Pss": 10433,
              "Pss_Anon": 8256,
              "Pss_Dirty": 8256,
              "Pss_File": 2177,
              "Pss_Shmem": 0,
              "Referenced": 20332,
              "Rss": 20332,
              "Shared_Clean": 12036,
              "Shared_Dirty": 0,
              "Shared_Hugetlb": 0,
              "ShmemPmdMapped": 0,
              "Swap": 0,
              "SwapPss": 0
            },
            "start_ticks": 260960077
          },
          {
            "pid": 2578006,
            "rollup_kib": {
              "AnonHugePages": 0,
              "Anonymous": 22824,
              "FilePmdMapped": 0,
              "KSM": 0,
              "LazyFree": 0,
              "Locked": 0,
              "Private_Clean": 36,
              "Private_Dirty": 22824,
              "Private_Hugetlb": 0,
              "Pss": 24843,
              "Pss_Anon": 22824,
              "Pss_Dirty": 22824,
              "Pss_File": 2019,
              "Pss_Shmem": 0,
              "Referenced": 34328,
              "Rss": 34328,
              "Shared_Clean": 11468,
              "Shared_Dirty": 0,
              "Shared_Hugetlb": 0,
              "ShmemPmdMapped": 0,
              "Swap": 0,
              "SwapPss": 0
            },
            "start_ticks": 260960474
          }
        ],
        "reason": "phase_marker",
        "tree_rss_kib": 54660
      },
      {
        "elapsed_s": 13.5654,
        "processes": [
          {
            "pid": 2577276,
            "rollup_kib": {
              "AnonHugePages": 0,
              "Anonymous": 8468,
              "FilePmdMapped": 0,
              "KSM": 0,
              "LazyFree": 0,
              "Locked": 0,
              "Private_Clean": 40,
              "Private_Dirty": 8468,
              "Private_Hugetlb": 0,
              "Pss": 10638,
              "Pss_Anon": 8468,
              "Pss_Dirty": 8468,
              "Pss_File": 2170,
              "Pss_Shmem": 0,
              "Referenced": 20544,
              "Rss": 20544,
              "Shared_Clean": 12036,
              "Shared_Dirty": 0,
              "Shared_Hugetlb": 0,
              "ShmemPmdMapped": 0,
              "Swap": 0,
              "SwapPss": 0
            },
            "start_ticks": 260960077
          },
          {
            "pid": 2579799,
            "rollup_kib": {
              "AnonHugePages": 0,
              "Anonymous": 22848,
              "FilePmdMapped": 45056,
              "KSM": 0,
              "LazyFree": 0,
              "Locked": 0,
              "Private_Clean": 60580,
              "Private_Dirty": 22848,
              "Private_Hugetlb": 0,
              "Pss": 85486,
              "Pss_Anon": 22848,
              "Pss_Dirty": 22848,
              "Pss_File": 62638,
              "Pss_Shmem": 0,
              "Referenced": 95092,
              "Rss": 95092,
              "Shared_Clean": 11664,
              "Shared_Dirty": 0,
              "Shared_Hugetlb": 0,
              "ShmemPmdMapped": 0,
              "Swap": 0,
              "SwapPss": 0
            },
            "start_ticks": 260961422
          }
        ],
        "reason": "phase_marker",
        "tree_rss_kib": 115636
      },
      {
        "elapsed_s": 23.6019,
        "processes": [
          {
            "pid": 2577276,
            "rollup_kib": {
              "AnonHugePages": 0,
              "Anonymous": 8676,
              "FilePmdMapped": 0,
              "KSM": 0,
              "LazyFree": 0,
              "Locked": 0,
              "Private_Clean": 40,
              "Private_Dirty": 8676,
              "Private_Hugetlb": 0,
              "Pss": 10860,
              "Pss_Anon": 8676,
              "Pss_Dirty": 8676,
              "Pss_File": 2184,
              "Pss_Shmem": 0,
              "Referenced": 20752,
              "Rss": 20752,
              "Shared_Clean": 12036,
              "Shared_Dirty": 0,
              "Shared_Hugetlb": 0,
              "ShmemPmdMapped": 0,
              "Swap": 0,
              "SwapPss": 0
            },
            "start_ticks": 260960077
          },
          {
            "pid": 2581546,
            "rollup_kib": {
              "AnonHugePages": 0,
              "Anonymous": 22852,
              "FilePmdMapped": 45056,
              "KSM": 0,
              "LazyFree": 0,
              "Locked": 0,
              "Private_Clean": 60608,
              "Private_Dirty": 22852,
              "Private_Hugetlb": 0,
              "Pss": 85518,
              "Pss_Anon": 22852,
              "Pss_Dirty": 22852,
              "Pss_File": 62666,
              "Pss_Shmem": 0,
              "Referenced": 95120,
              "Rss": 95120,
              "Shared_Clean": 11660,
              "Shared_Dirty": 0,
              "Shared_Hugetlb": 0,
              "ShmemPmdMapped": 0,
              "Swap": 0,
              "SwapPss": 0
            },
            "start_ticks": 260962414
          }
        ],
        "reason": "phase_marker",
        "tree_rss_kib": 115872
      },
      {
        "elapsed_s": 33.1384,
        "processes": [
          {
            "pid": 2577276,
            "rollup_kib": {
              "AnonHugePages": 0,
              "Anonymous": 8948,
              "FilePmdMapped": 0,
              "KSM": 0,
              "LazyFree": 0,
              "Locked": 0,
              "Private_Clean": 40,
              "Private_Dirty": 8948,
              "Private_Hugetlb": 0,
              "Pss": 11120,
              "Pss_Anon": 8948,
              "Pss_Dirty": 8948,
              "Pss_File": 2172,
              "Pss_Shmem": 0,
              "Referenced": 21024,
              "Rss": 21024,
              "Shared_Clean": 12036,
              "Shared_Dirty": 0,
              "Shared_Hugetlb": 0,
              "ShmemPmdMapped": 0,
              "Swap": 0,
              "SwapPss": 0
            },
            "start_ticks": 260960077
          },
          {
            "pid": 2583213,
            "rollup_kib": {
              "AnonHugePages": 0,
              "Anonymous": 22860,
              "FilePmdMapped": 45056,
              "KSM": 0,
              "LazyFree": 0,
              "Locked": 0,
              "Private_Clean": 60580,
              "Private_Dirty": 22860,
              "Private_Hugetlb": 0,
              "Pss": 85490,
              "Pss_Anon": 22860,
              "Pss_Dirty": 22860,
              "Pss_File": 62630,
              "Pss_Shmem": 0,
              "Referenced": 95112,
              "Rss": 95112,
              "Shared_Clean": 11672,
              "Shared_Dirty": 0,
              "Shared_Hugetlb": 0,
              "ShmemPmdMapped": 0,
              "Swap": 0,
              "SwapPss": 0
            },
            "start_ticks": 260963352
          }
        ],
        "reason": "phase_marker",
        "tree_rss_kib": 116136
      },
      {
        "elapsed_s": 42.1751,
        "processes": [
          {
            "pid": 2577276,
            "rollup_kib": {
              "AnonHugePages": 0,
              "Anonymous": 9156,
              "FilePmdMapped": 0,
              "KSM": 0,
              "LazyFree": 0,
              "Locked": 0,
              "Private_Clean": 64,
              "Private_Dirty": 9156,
              "Private_Hugetlb": 0,
              "Pss": 11814,
              "Pss_Anon": 9156,
              "Pss_Dirty": 9156,
              "Pss_File": 2658,
              "Pss_Shmem": 0,
              "Referenced": 21232,
              "Rss": 21232,
              "Shared_Clean": 12012,
              "Shared_Dirty": 0,
              "Shared_Hugetlb": 0,
              "ShmemPmdMapped": 0,
              "Swap": 0,
              "SwapPss": 0
            },
            "start_ticks": 260960077
          },
          {
            "pid": 2584876,
            "rollup_kib": {
              "AnonHugePages": 0,
              "Anonymous": 32,
              "FilePmdMapped": 0,
              "KSM": 0,
              "LazyFree": 0,
              "Locked": 0,
              "Private_Clean": 60,
              "Private_Dirty": 32,
              "Private_Hugetlb": 0,
              "Pss": 130,
              "Pss_Anon": 32,
              "Pss_Dirty": 32,
              "Pss_File": 98,
              "Pss_Shmem": 0,
              "Referenced": 420,
              "Rss": 420,
              "Shared_Clean": 328,
              "Shared_Dirty": 0,
              "Shared_Hugetlb": 0,
              "ShmemPmdMapped": 0,
              "Swap": 0,
              "SwapPss": 0
            },
            "start_ticks": 260964295
          }
        ],
        "reason": "phase_marker",
        "tree_rss_kib": 21652
      },
      {
        "elapsed_s": 52.2117,
        "processes": [
          {
            "pid": 2577276,
            "rollup_kib": {
              "AnonHugePages": 0,
              "Anonymous": 9360,
              "FilePmdMapped": 0,
              "KSM": 0,
              "LazyFree": 0,
              "Locked": 0,
              "Private_Clean": 40,
              "Private_Dirty": 9360,
              "Private_Hugetlb": 0,
              "Pss": 11532,
              "Pss_Anon": 9360,
              "Pss_Dirty": 9360,
              "Pss_File": 2172,
              "Pss_Shmem": 0,
              "Referenced": 21436,
              "Rss": 21436,
              "Shared_Clean": 12036,
              "Shared_Dirty": 0,
              "Shared_Hugetlb": 0,
              "ShmemPmdMapped": 0,
              "Swap": 0,
              "SwapPss": 0
            },
            "start_ticks": 260960077
          },
          {
            "pid": 2586605,
            "rollup_kib": {
              "AnonHugePages": 0,
              "Anonymous": 22852,
              "FilePmdMapped": 45056,
              "KSM": 0,
              "LazyFree": 0,
              "Locked": 0,
              "Private_Clean": 60580,
              "Private_Dirty": 22852,
              "Private_Hugetlb": 0,
              "Pss": 85485,
              "Pss_Anon": 22852,
              "Pss_Dirty": 22852,
              "Pss_File": 62633,
              "Pss_Shmem": 0,
              "Referenced": 95108,
              "Rss": 95108,
              "Shared_Clean": 11676,
              "Shared_Dirty": 0,
              "Shared_Hugetlb": 0,
              "ShmemPmdMapped": 0,
              "Swap": 0,
              "SwapPss": 0
            },
            "start_ticks": 260965282
          }
        ],
        "reason": "phase_marker",
        "tree_rss_kib": 116544
      },
      {
        "elapsed_s": 61.7504,
        "processes": [
          {
            "pid": 2577276,
            "rollup_kib": {
              "AnonHugePages": 0,
              "Anonymous": 9584,
              "FilePmdMapped": 0,
              "KSM": 0,
              "LazyFree": 0,
              "Locked": 0,
              "Private_Clean": 40,
              "Private_Dirty": 9584,
              "Private_Hugetlb": 0,
              "Pss": 11756,
              "Pss_Anon": 9584,
              "Pss_Dirty": 9584,
              "Pss_File": 2172,
              "Pss_Shmem": 0,
              "Referenced": 21660,
              "Rss": 21660,
              "Shared_Clean": 12036,
              "Shared_Dirty": 0,
              "Shared_Hugetlb": 0,
              "ShmemPmdMapped": 0,
              "Swap": 0,
              "SwapPss": 0
            },
            "start_ticks": 260960077
          },
          {
            "pid": 2588274,
            "rollup_kib": {
              "AnonHugePages": 0,
              "Anonymous": 22860,
              "FilePmdMapped": 45056,
              "KSM": 0,
              "LazyFree": 0,
              "Locked": 0,
              "Private_Clean": 60608,
              "Private_Dirty": 22860,
              "Private_Hugetlb": 0,
              "Pss": 85521,
              "Pss_Anon": 22860,
              "Pss_Dirty": 22860,
              "Pss_File": 62661,
              "Pss_Shmem": 0,
              "Referenced": 95104,
              "Rss": 95104,
              "Shared_Clean": 11636,
              "Shared_Dirty": 0,
              "Shared_Hugetlb": 0,
              "ShmemPmdMapped": 0,
              "Swap": 0,
              "SwapPss": 0
            },
            "start_ticks": 260966220
          }
        ],
        "reason": "phase_marker",
        "tree_rss_kib": 116764
      },
      {
        "elapsed_s": 71.2875,
        "processes": [
          {
            "pid": 2577276,
            "rollup_kib": {
              "AnonHugePages": 0,
              "Anonymous": 9800,
              "FilePmdMapped": 0,
              "KSM": 0,
              "LazyFree": 0,
              "Locked": 0,
              "Private_Clean": 40,
              "Private_Dirty": 9800,
              "Private_Hugetlb": 0,
              "Pss": 11970,
              "Pss_Anon": 9800,
              "Pss_Dirty": 9800,
              "Pss_File": 2170,
              "Pss_Shmem": 0,
              "Referenced": 21876,
              "Rss": 21876,
              "Shared_Clean": 12036,
              "Shared_Dirty": 0,
              "Shared_Hugetlb": 0,
              "ShmemPmdMapped": 0,
              "Swap": 0,
              "SwapPss": 0
            },
            "start_ticks": 260960077
          },
          {
            "pid": 2590001,
            "rollup_kib": {
              "AnonHugePages": 0,
              "Anonymous": 22852,
              "FilePmdMapped": 45056,
              "KSM": 0,
              "LazyFree": 0,
              "Locked": 0,
              "Private_Clean": 60580,
              "Private_Dirty": 22852,
              "Private_Hugetlb": 0,
              "Pss": 85488,
              "Pss_Anon": 22852,
              "Pss_Dirty": 22852,
              "Pss_File": 62636,
              "Pss_Shmem": 0,
              "Referenced": 95108,
              "Rss": 95108,
              "Shared_Clean": 11676,
              "Shared_Dirty": 0,
              "Shared_Hugetlb": 0,
              "ShmemPmdMapped": 0,
              "Swap": 0,
              "SwapPss": 0
            },
            "start_ticks": 260967178
          }
        ],
        "reason": "phase_marker",
        "tree_rss_kib": 116984
      },
      {
        "elapsed_s": 81.3255,
        "processes": [
          {
            "pid": 2577276,
            "rollup_kib": {
              "AnonHugePages": 0,
              "Anonymous": 10008,
              "FilePmdMapped": 0,
              "KSM": 0,
              "LazyFree": 0,
              "Locked": 0,
              "Private_Clean": 40,
              "Private_Dirty": 10008,
              "Private_Hugetlb": 0,
              "Pss": 12181,
              "Pss_Anon": 10008,
              "Pss_Dirty": 10008,
              "Pss_File": 2173,
              "Pss_Shmem": 0,
              "Referenced": 22084,
              "Rss": 22084,
              "Shared_Clean": 12036,
              "Shared_Dirty": 0,
              "Shared_Hugetlb": 0,
              "ShmemPmdMapped": 0,
              "Swap": 0,
              "SwapPss": 0
            },
            "start_ticks": 260960077
          },
          {
            "pid": 2591818,
            "rollup_kib": {
              "AnonHugePages": 0,
              "Anonymous": 22856,
              "FilePmdMapped": 45056,
              "KSM": 0,
              "LazyFree": 0,
              "Locked": 0,
              "Private_Clean": 60580,
              "Private_Dirty": 22856,
              "Private_Hugetlb": 0,
              "Pss": 85487,
              "Pss_Anon": 22856,
              "Pss_Dirty": 22856,
              "Pss_File": 62631,
              "Pss_Shmem": 0,
              "Referenced": 95084,
              "Rss": 95084,
              "Shared_Clean": 11648,
              "Shared_Dirty": 0,
              "Shared_Hugetlb": 0,
              "ShmemPmdMapped": 0,
              "Swap": 0,
              "SwapPss": 0
            },
            "start_ticks": 260968195
          }
        ],
        "reason": "phase_marker",
        "tree_rss_kib": 117168
      },
      {
        "elapsed_s": 90.8544,
        "processes": [
          {
            "pid": 2577276,
            "rollup_kib": {
              "AnonHugePages": 0,
              "Anonymous": 10212,
              "FilePmdMapped": 0,
              "KSM": 0,
              "LazyFree": 0,
              "Locked": 0,
              "Private_Clean": 64,
              "Private_Dirty": 10212,
              "Private_Hugetlb": 0,
              "Pss": 12878,
              "Pss_Anon": 10212,
              "Pss_Dirty": 10212,
              "Pss_File": 2666,
              "Pss_Shmem": 0,
              "Referenced": 22288,
              "Rss": 22288,
              "Shared_Clean": 12012,
              "Shared_Dirty": 0,
              "Shared_Hugetlb": 0,
              "ShmemPmdMapped": 0,
              "Swap": 0,
              "SwapPss": 0
            },
            "start_ticks": 260960077
          }
        ],
        "reason": "phase_marker",
        "tree_rss_kib": 22288
      },
      {
        "elapsed_s": 91.3647,
        "processes": [],
        "reason": "terminal",
        "tree_rss_kib": 0
      }
    ],
    "status": "complete",
    "temporary_disk_limit_bytes": 268435456,
    "wall_time_limit_seconds": null
  }
}
