{"command": ["/usr/bin/python3", "/home/x/deco/gamma/projects/enwiki9/tools/run_with_resource_guard_v3.py", "--limit-kib", "9765624", "--official-decimal-limit-kib", "9765624", "--limit-mode", "tree", "--cgroup-path", "/sys/fs/cgroup/user.slice/user-1000.slice/user@1000.service/app.slice/gamma-enwiki9-20260916T032712Z_00457376c7", "--cgroup-memory-max-bytes", "9999998976", "--temporary-disk-limit-bytes", "16000000000", "--phase-marker-path", "/home/x/deco/gamma/projects/enwiki9/run_logs/adaptive/20260916T032712Z_00457376c7.resources/phases.jsonl", "--max-logical-cpus", "1", "--guard-json", "/home/x/deco/gamma/projects/enwiki9/run_logs/adaptive/20260916T032712Z_00457376c7.resources/guard.json", "--label", "20260916T032712Z_00457376c7", "--phase", "diagnostic", "--scratch-path", "/home/x/deco/gamma/projects/enwiki9/results/fx2_ambient_dictionary_probe_v1", "--scratch-path", "/home/x/deco/gamma/projects/enwiki9/run_logs/adaptive/20260916T032712Z_00457376c7.log", "--scratch-path", "/home/x/deco/gamma/projects/enwiki9/run_logs/adaptive/20260916T032712Z_00457376c7.resources", "--scratch-path", "/tmp/gamma-enwiki9-20260916T032712Z_00457376c7-wfdr947l/fx2_ambient_dictionary_probe_v1", "--", "/usr/bin/taskset", "--cpu-list", "2", "/bin/sh", "-c", "printf '%s\\n' '{\"phase\":\"diagnostic\",\"event\":\"worker_start\",\"detail\":\"operational envelope only; no codec phase credit\"}' >> \"$GAMMA_RESOURCE_PHASE_MARKERS\" || exit 125; exec \"$@\"", "enwiki9-discovery-envelope", "/usr/bin/python3", "/home/x/deco/gamma/projects/enwiki9/tools/fx2_ambient_dictionary_probe_v1.py"], "job": {"candidate_id": "fx2_ambient_dictionary_probe_v1", "candidate_revision": {"path": "operations/adaptive/candidate-revisions/fx2_ambient_dictionary_probe_v1/20260916T032711647500Z_3095bde5ebcc.json", "sha256": "sha256:e4c2748b35713cf1abbd1084dda95bfe493a8e0bfb5acbcfed8be31ecaae8ba8"}, "candidate_tree_sha256": "sha256:3095bde5ebcce0f428ea903d361e7ee14f657abe3b292b53c1a6f10f8663f326", "execution_guard": {"path": "tools/run_with_resource_guard_v3.py", "sha256": "sha256:044147f7ffe6922ea8dafd52fc3d4426077b20958adbcd421245ad41adcfc1e4"}, "execution_mode": "discovery", "execution_resources": {"boot_id": "3ce46712-27bc-4199-8e48-e2b3d23926cb", "budget": {"cgroup_parent": "/sys/fs/cgroup/user.slice/user-1000.slice/user@1000.service/app.slice", "cpus": [2], "memory_bytes": 9999998976, "scratch_bytes": 16000000000, "swap_bytes": 0, "wall_seconds": 1200}, "cgroup_inode": 338279, "cgroup_path": "/sys/fs/cgroup/user.slice/user-1000.slice/user@1000.service/app.slice/gamma-enwiki9-20260916T032712Z_00457376c7", "cpu_enforcement": "taskset-and-sampled-affinity-guard", "groups": [{"created": true, "inode": 338279, "kernel_cpuset": false, "memory_bytes": 9999998976, "path": "/sys/fs/cgroup/user.slice/user-1000.slice/user@1000.service/app.slice/gamma-enwiki9-20260916T032712Z_00457376c7"}], "guard_command_sha256": "25be7b8ccd28de6e274c60d8d4e5a368ad438e82237fc77ff657fdce21516e62", "guard_path": "run_logs/adaptive/20260916T032712Z_00457376c7.resources/guard.json", "missing_diagnostics": ["kernel cpuset controller is not delegated; taskset assignment and existing affinity guard remain active"], "timing_authority": "diagnostic"}, "experiment": {"path": "operations/adaptive/experiments/fx2_ambient_dictionary_probe_v1.json", "sha256": "sha256:ea9f7777ac9bd7ca926fa902cd47458476d2b0ce6dd43cc35dbdc9f29465d0dc"}, "gate_size": 250000, "held": false, "held_at": "2026-09-16T03:27:12+00:00", "hold_history": [{"at": "2026-09-16T03:27:12+00:00", "held": true, "reason": "Publish source, claim and failed-parent reflection, then fresh CPU2 resource admission."}, {"at": "2026-09-16T03:31:29+00:00", "held": false, "reason": "Published 0456a9200 and fresh admission fx2_ambient_probe_admission_20260916.json; isolate ambient dictionary after failed parent closure."}], "job_id": "20260916T032712Z_00457376c7", "priority": 75, "proposal": {"path": "operations/adaptive/proposals/developed/949_fx2_ambient_dictionary_probe_v1.json", "sha256": "sha256:c726d722367864fc2d59ee91a3c4fdb98f9dd3bac279ee3a6803bc32483b352c"}, "proposal_id": "fx2_ambient_dictionary_probe_v1", "purpose": "diagnostic", "released_at": "2026-09-16T03:31:29+00:00", "resource_budget": {"cgroup_parent": "/sys/fs/cgroup/user.slice/user-1000.slice/user@1000.service/app.slice", "cpus": [2], "memory_bytes": 9999998976, "scratch_bytes": 16000000000, "swap_bytes": 0, "wall_seconds": 1200}, "runner": {"path": "tools/fx2_ambient_dictionary_probe_v1.py", "sha256": "sha256:84adab954f8f7123726f2d1b52a7dd2388b91376e1904f01bb6b6c1652541a29"}, "schema": "gamma.enwiki9.adaptive-job.v3", "scratch_directories": ["results/fx2_ambient_dictionary_probe_v1"], "started_at": "2026-09-16T03:31:34+00:00", "state": "running", "submitted_at": "2026-09-16T03:27:12+00:00", "tags": [], "timing_authority": "diagnostic", "tool": "tools/fx2_ambient_dictionary_probe_v1.py", "tool_args": []}}
{"status": "passed", "verdict": "Same decoder and declared assets reconstruct exactly without ambient .dict; adding only that file changes the result."}
{
  "resource_guard": {
    "cgroup": {
      "inode": 338279,
      "joined_before_exec": true,
      "memory_max_bytes": 9999998976,
      "memory_max_rounding_bytes": 0,
      "memory_peak_reset": true,
      "path": "/sys/fs/cgroup/user.slice/user-1000.slice/user@1000.service/app.slice/gamma-enwiki9-20260916T032712Z_00457376c7",
      "previous_memory_max": "9999998976",
      "requested_memory_max_bytes": 9999998976
    },
    "cgroup_events": {
      "baseline": {
        "high": 0,
        "low": 0,
        "max": 0,
        "oom": 0,
        "oom_group_kill": 0,
        "oom_kill": 0,
        "sock_throttled": 0
      },
      "delta": {
        "high": 0,
        "low": 0,
        "max": 0,
        "oom": 0,
        "oom_group_kill": 0,
        "oom_kill": 0,
        "sock_throttled": 0
      },
      "final": {
        "high": 0,
        "low": 0,
        "max": 0,
        "oom": 0,
        "oom_group_kill": 0,
        "oom_kill": 0,
        "sock_throttled": 0
      }
    },
    "command": [
      "/usr/bin/taskset",
      "--cpu-list",
      "2",
      "/bin/sh",
      "-c",
      "printf '%s\\n' '{\"phase\":\"diagnostic\",\"event\":\"worker_start\",\"detail\":\"operational envelope only; no codec phase credit\"}' >> \"$GAMMA_RESOURCE_PHASE_MARKERS\" || exit 125; exec \"$@\"",
      "enwiki9-discovery-envelope",
      "/usr/bin/python3",
      "/home/x/deco/gamma/projects/enwiki9/tools/fx2_ambient_dictionary_probe_v1.py"
    ],
    "command_sha256": "8a348f47c2f15de3a36d38d49e31c8aa70b2097c2288f2b83206a59a9b869d53",
    "elapsed_s": 81.8416,
    "geekbench5_single_core_score": null,
    "guards": {
      "cgroup_memory_guard_exceeded": false,
      "logical_cpu_guard_exceeded": false,
      "measurement_incomplete": false,
      "official_decimal_memory_exceeded": false,
      "phase_marker_invalid": false,
      "rss_guard_exceeded": false,
      "temporary_disk_guard_exceeded": false,
      "wall_time_guard_exceeded": false
    },
    "label": "20260916T032712Z_00457376c7",
    "latest_sample": {
      "allowed_cpu_union": [],
      "cgroup_current_bytes": 24739840,
      "elapsed_s": 81.8399,
      "max_single_rss_kib": 0,
      "persistent_status_misses": [],
      "processes": [],
      "scratch_allocated_bytes": 23605248,
      "scratch_file_count": 37,
      "scratch_logical_bytes": 23474608,
      "scratch_race_count": 0,
      "tree_live_threads": 0,
      "tree_rss_kib": 0,
      "tree_runnable_threads": 0
    },
    "limit_kib": 9765624,
    "limit_mode": "tree",
    "max_logical_cpus": 1,
    "measurements": {
      "affinity_complete": true,
      "cgroup_v2_complete": true,
      "per_process_vmhwm_sampled": true,
      "phase_markers_complete": true,
      "process_tree_rss_complete": true,
      "scratch_logical_and_allocated_complete": true,
      "smaps_rollup_complete": true
    },
    "objective": {
      "corpusBytes": 1000000000,
      "corpusSha256": "159b85351e5f76e60cbe32e04c677847a9ecba3adc79addab6f4c6c7aa3744bc",
      "objectiveDigest": "sha256:e91ff20e92c3cac8acb0cbe5c79fc8e8a3b427d7e151245c8eecc52b1c32fa00",
      "objectiveId": "gamma-enwiki9-hutter-90m-v3",
      "objectivePath": "contracts/research/v3/objective-contract.json",
      "targetScoreBytes": 90000000
    },
    "official_decimal_limit_kib": 9765624,
    "peak_process_vmhwm": {
      "comm": "archive9",
      "observed_elapsed_s": 80.8356,
      "pid": 1287913,
      "start_ticks": 262567841,
      "vmhwm_kib": 5650032
    },
    "peak_sample": {
      "allowed_cpu_union": [
        2
      ],
      "cgroup_current_bytes": 5836853248,
      "elapsed_s": 80.8356,
      "max_single_rss_kib": 5650032,
      "persistent_status_misses": [],
      "processes": [
        {
          "allowed_cpus": [
            2
          ],
          "comm": "python3",
          "live_threads": 1,
          "pid": 1279513,
          "rss_kib": 29000,
          "runnable_threads": 0,
          "start_ticks": 262563280,
          "vmhwm_kib": 29016
        },
        {
          "allowed_cpus": [
            2
          ],
          "comm": "timeout",
          "live_threads": 1,
          "pid": 1287910,
          "rss_kib": 7720,
          "runnable_threads": 0,
          "start_ticks": 262567841,
          "vmhwm_kib": 7720
        },
        {
          "allowed_cpus": [
            2
          ],
          "comm": "bwrap",
          "live_threads": 1,
          "pid": 1287911,
          "rss_kib": 2368,
          "runnable_threads": 0,
          "start_ticks": 262567841,
          "vmhwm_kib": 2368
        },
        {
          "allowed_cpus": [
            2
          ],
          "comm": "bwrap",
          "live_threads": 1,
          "pid": 1287912,
          "rss_kib": 1528,
          "runnable_threads": 0,
          "start_ticks": 262567841,
          "vmhwm_kib": 1528
        },
        {
          "allowed_cpus": [
            2
          ],
          "comm": "archive9",
          "live_threads": 1,
          "pid": 1287913,
          "rss_kib": 5650032,
          "runnable_threads": 1,
          "start_ticks": 262567841,
          "vmhwm_kib": 5650032
        }
      ],
      "scratch_allocated_bytes": 26689536,
      "scratch_file_count": 34,
      "scratch_logical_bytes": 14703416922,
      "scratch_race_count": 0,
      "tree_live_threads": 5,
      "tree_rss_kib": 5690648,
      "tree_runnable_threads": 1
    },
    "peak_tree_sample": {
      "allowed_cpu_union": [
        2
      ],
      "cgroup_current_bytes": 5836853248,
      "elapsed_s": 80.8356,
      "max_single_rss_kib": 5650032,
      "persistent_status_misses": [],
      "processes": [
        {
          "allowed_cpus": [
            2
          ],
          "comm": "python3",
          "live_threads": 1,
          "pid": 1279513,
          "rss_kib": 29000,
          "runnable_threads": 0,
          "start_ticks": 262563280,
          "vmhwm_kib": 29016
        },
        {
          "allowed_cpus": [
            2
          ],
          "comm": "timeout",
          "live_threads": 1,
          "pid": 1287910,
          "rss_kib": 7720,
          "runnable_threads": 0,
          "start_ticks": 262567841,
          "vmhwm_kib": 7720
        },
        {
          "allowed_cpus": [
            2
          ],
          "comm": "bwrap",
          "live_threads": 1,
          "pid": 1287911,
          "rss_kib": 2368,
          "runnable_threads": 0,
          "start_ticks": 262567841,
          "vmhwm_kib": 2368
        },
        {
          "allowed_cpus": [
            2
          ],
          "comm": "bwrap",
          "live_threads": 1,
          "pid": 1287912,
          "rss_kib": 1528,
          "runnable_threads": 0,
          "start_ticks": 262567841,
          "vmhwm_kib": 1528
        },
        {
          "allowed_cpus": [
            2
          ],
          "comm": "archive9",
          "live_threads": 1,
          "pid": 1287913,
          "rss_kib": 5650032,
          "runnable_threads": 1,
          "start_ticks": 262567841,
          "vmhwm_kib": 5650032
        }
      ],
      "scratch_allocated_bytes": 26689536,
      "scratch_file_count": 34,
      "scratch_logical_bytes": 14703416922,
      "scratch_race_count": 0,
      "tree_live_threads": 5,
      "tree_rss_kib": 5690648,
      "tree_runnable_threads": 1
    },
    "peaks": {
      "cgroup_memory_peak_bytes": 5842882560,
      "max_observed_process_vmhwm_kib": 5650032,
      "max_sampled_allowed_cpu_count": 1,
      "max_sampled_cgroup_current_bytes": 5836853248,
      "max_sampled_scratch_allocated_bytes": 26689536,
      "max_sampled_scratch_logical_bytes": 14703416922,
      "max_sampled_single_rss_kib": 5650032,
      "max_sampled_tree_live_threads": 5,
      "max_sampled_tree_rss_kib": 5690648,
      "max_sampled_tree_runnable_threads": 1
    },
    "phase": "diagnostic",
    "phase_marker_path": "/home/x/deco/gamma/projects/enwiki9/run_logs/adaptive/20260916T032712Z_00457376c7.resources/phases.jsonl",
    "phase_markers": [
      {
        "detail": "operational envelope only; no codec phase credit",
        "event": "worker_start",
        "observed_elapsed_s": 0.0227,
        "phase": "diagnostic",
        "source_line": 1
      },
      {
        "detail": null,
        "event": "start",
        "observed_elapsed_s": 0.5236,
        "phase": "absent-A",
        "source_line": 2
      },
      {
        "detail": null,
        "event": "end",
        "observed_elapsed_s": 36.6039,
        "phase": "absent-A",
        "source_line": 3
      },
      {
        "detail": null,
        "event": "start",
        "observed_elapsed_s": 36.6039,
        "phase": "present",
        "source_line": 4
      },
      {
        "detail": null,
        "event": "end",
        "observed_elapsed_s": 45.674,
        "phase": "present",
        "source_line": 5
      },
      {
        "detail": null,
        "event": "start",
        "observed_elapsed_s": 45.674,
        "phase": "absent-B",
        "source_line": 6
      },
      {
        "detail": null,
        "event": "end",
        "observed_elapsed_s": 81.8399,
        "phase": "absent-B",
        "source_line": 7
      }
    ],
    "returncode": 0,
    "sample_count": 162,
    "sample_interval_seconds": 0.5,
    "schema": "gamma.enwiki9.resource-guard-receipt.v3",
    "scratch_paths": [
      "/home/x/deco/gamma/projects/enwiki9/results/fx2_ambient_dictionary_probe_v1",
      "/home/x/deco/gamma/projects/enwiki9/run_logs/adaptive/20260916T032712Z_00457376c7.log",
      "/home/x/deco/gamma/projects/enwiki9/run_logs/adaptive/20260916T032712Z_00457376c7.resources",
      "/tmp/gamma-enwiki9-20260916T032712Z_00457376c7-wfdr947l/fx2_ambient_dictionary_probe_v1"
    ],
    "smaps_rollup_checkpoints": [
      {
        "elapsed_s": 0.0227,
        "processes": [
          {
            "pid": 1279513,
            "rollup_kib": {
              "AnonHugePages": 0,
              "Anonymous": 3920,
              "FilePmdMapped": 0,
              "KSM": 0,
              "LazyFree": 0,
              "Locked": 0,
              "Private_Clean": 28,
              "Private_Dirty": 3920,
              "Private_Hugetlb": 0,
              "Pss": 5524,
              "Pss_Anon": 3920,
              "Pss_Dirty": 3920,
              "Pss_File": 1604,
              "Pss_Shmem": 0,
              "Referenced": 10604,
              "Rss": 10604,
              "Shared_Clean": 6656,
              "Shared_Dirty": 0,
              "Shared_Hugetlb": 0,
              "ShmemPmdMapped": 0,
              "Swap": 0,
              "SwapPss": 0
            },
            "start_ticks": 262563280
          }
        ],
        "reason": "initial+phase_marker+rss_growth",
        "tree_rss_kib": 10604
      },
      {
        "elapsed_s": 0.5236,
        "processes": [
          {
            "pid": 1279513,
            "rollup_kib": {
              "AnonHugePages": 0,
              "Anonymous": 16628,
              "FilePmdMapped": 0,
              "KSM": 0,
              "LazyFree": 0,
              "Locked": 0,
              "Private_Clean": 52,
              "Private_Dirty": 16628,
              "Private_Hugetlb": 0,
              "Pss": 19226,
              "Pss_Anon": 16628,
              "Pss_Dirty": 16628,
              "Pss_File": 2598,
              "Pss_Shmem": 0,
              "Referenced": 28744,
              "Rss": 28744,
              "Shared_Clean": 12064,
              "Shared_Dirty": 0,
              "Shared_Hugetlb": 0,
              "ShmemPmdMapped": 0,
              "Swap": 0,
              "SwapPss": 0
            },
            "start_ticks": 262563280
          },
          {
            "pid": 1279526,
            "rollup_kib": {
              "AnonHugePages": 0,
              "Anonymous": 1280,
              "FilePmdMapped": 0,
              "KSM": 0,
              "LazyFree": 0,
              "Locked": 0,
              "Private_Clean": 344,
              "Private_Dirty": 1280,
              "Private_Hugetlb": 0,
              "Pss": 3552,
              "Pss_Anon": 1280,
              "Pss_Dirty": 1280,
              "Pss_File": 2272,
              "Pss_Shmem": 0,
              "Referenced": 7860,
              "Rss": 7860,
              "Shared_Clean": 6236,
              "Shared_Dirty": 0,
              "Shared_Hugetlb": 0,
              "ShmemPmdMapped": 0,
              "Swap": 0,
              "SwapPss": 0
            },
            "start_ticks": 262563289
          },
          {
            "pid": 1279527,
            "rollup_kib": {
              "AnonHugePages": 0,
              "Anonymous": 144,
              "FilePmdMapped": 0,
              "KSM": 0,
              "LazyFree": 0,
              "Locked": 0,
              "Private_Clean": 56,
              "Private_Dirty": 48,
              "Private_Hugetlb": 0,
              "Pss": 318,
              "Pss_Anon": 96,
              "Pss_Dirty": 96,
              "Pss_File": 222,
              "Pss_Shmem": 0,
              "Referenced": 2396,
              "Rss": 2396,
              "Shared_Clean": 2196,
              "Shared_Dirty": 96,
              "Shared_Hugetlb": 0,
              "ShmemPmdMapped": 0,
              "Swap": 0,
              "SwapPss": 0
            },
            "start_ticks": 262563289
          },
          {
            "pid": 1279528,
            "rollup_kib": {
              "AnonHugePages": 0,
              "Anonymous": 252,
              "FilePmdMapped": 0,
              "KSM": 0,
              "LazyFree": 0,
              "Locked": 0,
              "Private_Clean": 0,
              "Private_Dirty": 156,
              "Private_Hugetlb": 0,
              "Pss": 306,
              "Pss_Anon": 204,
              "Pss_Dirty": 204,
              "Pss_File": 102,
              "Pss_Shmem": 0,
              "Referenced": 1464,
              "Rss": 1524,
              "Shared_Clean": 1272,
              "Shared_Dirty": 96,
              "Shared_Hugetlb": 0,
              "ShmemPmdMapped": 0,
              "Swap": 0,
              "SwapPss": 0
            },
            "start_ticks": 262563289
          },
          {
            "pid": 1279529,
            "rollup_kib": {
              "AnonHugePages": 18432,
              "Anonymous": 1252676,
              "FilePmdMapped": 0,
              "KSM": 0,
              "LazyFree": 0,
              "Locked": 0,
              "Private_Clean": 28,
              "Private_Dirty": 1253076,
              "Private_Hugetlb": 0,
              "Pss": 1253565,
              "Pss_Anon": 1252676,
              "Pss_Dirty": 1253076,
              "Pss_File": 889,
              "Pss_Shmem": 0,
              "Referenced": 1256992,
              "Rss": 1256992,
              "Shared_Clean": 3888,
              "Shared_Dirty": 0,
              "Shared_Hugetlb": 0,
              "ShmemPmdMapped": 0,
              "Swap": 0,
              "SwapPss": 0
            },
            "start_ticks": 262563290
          }
        ],
        "reason": "phase_marker+rss_growth",
        "tree_rss_kib": 1297516
      },
      {
        "elapsed_s": 1.0463,
        "processes": [
          {
            "pid": 1279513,
            "rollup_kib": {
              "AnonHugePages": 0,
              "Anonymous": 16628,
              "FilePmdMapped": 0,
              "KSM": 0,
              "LazyFree": 0,
              "Locked": 0,
              "Private_Clean": 52,
              "Private_Dirty": 16628,
              "Private_Hugetlb": 0,
              "Pss": 19225,
              "Pss_Anon": 16628,
              "Pss_Dirty": 16628,
              "Pss_File": 2597,
              "Pss_Shmem": 0,
              "Referenced": 28744,
              "Rss": 28744,
              "Shared_Clean": 12064,
              "Shared_Dirty": 0,
              "Shared_Hugetlb": 0,
              "ShmemPmdMapped": 0,
              "Swap": 0,
              "SwapPss": 0
            },
            "start_ticks": 262563280
          },
          {
            "pid": 1279526,
            "rollup_kib": {
              "AnonHugePages": 0,
              "Anonymous": 1280,
              "FilePmdMapped": 0,
              "KSM": 0,
              "LazyFree": 0,
              "Locked": 0,
              "Private_Clean": 96,
              "Private_Dirty": 1280,
              "Private_Hugetlb": 0,
              "Pss": 3427,
              "Pss_Anon": 1280,
              "Pss_Dirty": 1280,
              "Pss_File": 2147,
              "Pss_Shmem": 0,
              "Referenced": 7860,
              "Rss": 7860,
              "Shared_Clean": 6484,
              "Shared_Dirty": 0,
              "Shared_Hugetlb": 0,
              "ShmemPmdMapped": 0,
              "Swap": 0,
              "SwapPss": 0
            },
            "start_ticks": 262563289
          },
          {
            "pid": 1279527,
            "rollup_kib": {
              "AnonHugePages": 0,
              "Anonymous": 144,
              "FilePmdMapped": 0,
              "KSM": 0,
              "LazyFree": 0,
              "Locked": 0,
              "Private_Clean": 56,
              "Private_Dirty": 48,
              "Private_Hugetlb": 0,
              "Pss": 317,
              "Pss_Anon": 96,
              "Pss_Dirty": 96,
              "Pss_File": 221,
              "Pss_Shmem": 0,
              "Referenced": 2396,
              "Rss": 2396,
              "Shared_Clean": 2196,
              "Shared_Dirty": 96,
              "Shared_Hugetlb": 0,
              "ShmemPmdMapped": 0,
              "Swap": 0,
              "SwapPss": 0
            },
            "start_ticks": 262563289
          },
          {
            "pid": 1279528,
            "rollup_kib": {
              "AnonHugePages": 0,
              "Anonymous": 252,
              "FilePmdMapped": 0,
              "KSM": 0,
              "LazyFree": 0,
              "Locked": 0,
              "Private_Clean": 0,
              "Private_Dirty": 156,
              "Private_Hugetlb": 0,
              "Pss": 305,
              "Pss_Anon": 204,
              "Pss_Dirty": 204,
              "Pss_File": 101,
              "Pss_Shmem": 0,
              "Referenced": 1464,
              "Rss": 1524,
              "Shared_Clean": 1272,
              "Shared_Dirty": 96,
              "Shared_Hugetlb": 0,
              "ShmemPmdMapped": 0,
              "Swap": 0,
              "SwapPss": 0
            },
            "start_ticks": 262563289
          },
          {
            "pid": 1279529,
            "rollup_kib": {
              "AnonHugePages": 18432,
              "Anonymous": 2604160,
              "FilePmdMapped": 0,
              "KSM": 0,
              "LazyFree": 0,
              "Locked": 0,
              "Private_Clean": 128,
              "Private_Dirty": 2604632,
              "Private_Hugetlb": 0,
              "Pss": 2605241,
              "Pss_Anon": 2604160,
              "Pss_Dirty": 2604632,
              "Pss_File": 1081,
              "Pss_Shmem": 0,
              "Referenced": 2608932,
              "Rss": 2608932,
              "Shared_Clean": 4172,
              "Shared_Dirty": 0,
              "Shared_Hugetlb": 0,
              "ShmemPmdMapped": 0,
              "Swap": 0,
              "SwapPss": 0
            },
            "start_ticks": 262563290
          }
        ],
        "reason": "rss_growth",
        "tree_rss_kib": 2634336
      },
      {
        "elapsed_s": 1.6246,
        "processes": [
          {
            "pid": 1279513,
            "rollup_kib": {
              "AnonHugePages": 0,
              "Anonymous": 16628,
              "FilePmdMapped": 0,
              "KSM": 0,
              "LazyFree": 0,
              "Locked": 0,
              "Private_Clean": 52,
              "Private_Dirty": 16628,
              "Private_Hugetlb": 0,
              "Pss": 19224,
              "Pss_Anon": 16628,
              "Pss_Dirty": 16628,
              "Pss_File": 2596,
              "Pss_Shmem": 0,
              "Referenced": 28744,
              "Rss": 28744,
              "Shared_Clean": 12064,
              "Shared_Dirty": 0,
              "Shared_Hugetlb": 0,
              "ShmemPmdMapped": 0,
              "Swap": 0,
              "SwapPss": 0
            },
            "start_ticks": 262563280
          },
          {
            "pid": 1279526,
            "rollup_kib": {
              "AnonHugePages": 0,
              "Anonymous": 1280,
              "FilePmdMapped": 0,
              "KSM": 0,
              "LazyFree": 0,
              "Locked": 0,
              "Private_Clean": 240,
              "Private_Dirty": 1280,
              "Private_Hugetlb": 0,
              "Pss": 3499,
              "Pss_Anon": 1280,
              "Pss_Dirty": 1280,
              "Pss_File": 2219,
              "Pss_Shmem": 0,
              "Referenced": 7860,
              "Rss": 7860,
              "Shared_Clean": 6340,
              "Shared_Dirty": 0,
              "Shared_Hugetlb": 0,
              "ShmemPmdMapped": 0,
              "Swap": 0,
              "SwapPss": 0
            },
            "start_ticks": 262563289
          },
          {
            "pid": 1279527,
            "rollup_kib": {
              "AnonHugePages": 0,
              "Anonymous": 144,
              "FilePmdMapped": 0,
              "KSM": 0,
              "LazyFree": 0,
              "Locked": 0,
              "Private_Clean": 56,
              "Private_Dirty": 48,
              "Private_Hugetlb": 0,
              "Pss": 317,
              "Pss_Anon": 96,
              "Pss_Dirty": 96,
              "Pss_File": 221,
              "Pss_Shmem": 0,
              "Referenced": 2396,
              "Rss": 2396,
              "Shared_Clean": 2196,
              "Shared_Dirty": 96,
              "Shared_Hugetlb": 0,
              "ShmemPmdMapped": 0,
              "Swap": 0,
              "SwapPss": 0
            },
            "start_ticks": 262563289
          },
          {
            "pid": 1279528,
            "rollup_kib": {
              "AnonHugePages": 0,
              "Anonymous": 252,
              "FilePmdMapped": 0,
              "KSM": 0,
              "LazyFree": 0,
              "Locked": 0,
              "Private_Clean": 0,
              "Private_Dirty": 156,
              "Private_Hugetlb": 0,
              "Pss": 305,
              "Pss_Anon": 204,
              "Pss_Dirty": 204,
              "Pss_File": 101,
              "Pss_Shmem": 0,
              "Referenced": 1464,
              "Rss": 1524,
              "Shared_Clean": 1272,
              "Shared_Dirty": 96,
              "Shared_Hugetlb": 0,
              "ShmemPmdMapped": 0,
              "Swap": 0,
              "SwapPss": 0
            },
            "start_ticks": 262563289
          },
          {
            "pid": 1279529,
            "rollup_kib": {
              "AnonHugePages": 18432,
              "Anonymous": 3271692,
              "FilePmdMapped": 0,
              "KSM": 0,
              "LazyFree": 0,
              "Locked": 0,
              "Private_Clean": 132,
              "Private_Dirty": 3272164,
              "Private_Hugetlb": 0,
              "Pss": 3272780,
              "Pss_Anon": 3271692,
              "Pss_Dirty": 3272164,
              "Pss_File": 1088,
              "Pss_Shmem": 0,
              "Referenced": 3276464,
              "Rss": 3276464,
              "Shared_Clean": 4168,
              "Shared_Dirty": 0,
              "Shared_Hugetlb": 0,
              "ShmemPmdMapped": 0,
              "Swap": 0,
              "SwapPss": 0
            },
            "start_ticks": 262563290
          }
        ],
        "reason": "rss_growth",
        "tree_rss_kib": 3301016
      },
      {
        "elapsed_s": 2.2245,
        "processes": [
          {
            "pid": 1279513,
            "rollup_kib": {
              "AnonHugePages": 0,
              "Anonymous": 16628,
              "FilePmdMapped": 0,
              "KSM": 0,
              "LazyFree": 0,
              "Locked": 0,
              "Private_Clean": 52,
              "Private_Dirty": 16628,
              "Private_Hugetlb": 0,
              "Pss": 19226,
              "Pss_Anon": 16628,
              "Pss_Dirty": 16628,
              "Pss_File": 2598,
              "Pss_Shmem": 0,
              "Referenced": 28744,
              "Rss": 28744,
              "Shared_Clean": 12064,
              "Shared_Dirty": 0,
              "Shared_Hugetlb": 0,
              "ShmemPmdMapped": 0,
              "Swap": 0,
              "SwapPss": 0
            },
            "start_ticks": 262563280
          },
          {
            "pid": 1279526,
            "rollup_kib": {
              "AnonHugePages": 0,
              "Anonymous": 1280,
              "FilePmdMapped": 0,
              "KSM": 0,
              "LazyFree": 0,
              "Locked": 0,
              "Private_Clean": 168,
              "Private_Dirty": 1280,
              "Private_Hugetlb": 0,
              "Pss": 3459,
              "Pss_Anon": 1280,
              "Pss_Dirty": 1280,
              "Pss_File": 2179,
              "Pss_Shmem": 0,
              "Referenced": 7860,
              "Rss": 7860,
              "Shared_Clean": 6412,
              "Shared_Dirty": 0,
              "Shared_Hugetlb": 0,
              "ShmemPmdMapped": 0,
              "Swap": 0,
              "SwapPss": 0
            },
            "start_ticks": 262563289
          },
          {
            "pid": 1279527,
            "rollup_kib": {
              "AnonHugePages": 0,
              "Anonymous": 144,
              "FilePmdMapped": 0,
              "KSM": 0,
              "LazyFree": 0,
              "Locked": 0,
              "Private_Clean": 56,
              "Private_Dirty": 48,
              "Private_Hugetlb": 0,
              "Pss": 317,
              "Pss_Anon": 96,
              "Pss_Dirty": 96,
              "Pss_File": 221,
              "Pss_Shmem": 0,
              "Referenced": 2396,
              "Rss": 2396,
              "Shared_Clean": 2196,
              "Shared_Dirty": 96,
              "Shared_Hugetlb": 0,
              "ShmemPmdMapped": 0,
              "Swap": 0,
              "SwapPss": 0
            },
            "start_ticks": 262563289
          },
          {
            "pid": 1279528,
            "rollup_kib": {
              "AnonHugePages": 0,
              "Anonymous": 252,
              "FilePmdMapped": 0,
              "KSM": 0,
              "LazyFree": 0,
              "Locked": 0,
              "Private_Clean": 0,
              "Private_Dirty": 156,
              "Private_Hugetlb": 0,
              "Pss": 305,
              "Pss_Anon": 204,
              "Pss_Dirty": 204,
              "Pss_File": 101,
              "Pss_Shmem": 0,
              "Referenced": 1464,
              "Rss": 1524,
              "Shared_Clean": 1272,
              "Shared_Dirty": 96,
              "Shared_Hugetlb": 0,
              "ShmemPmdMapped": 0,
              "Swap": 0,
              "SwapPss": 0
            },
            "start_ticks": 262563289
          },
          {
            "pid": 1279529,
            "rollup_kib": {
              "AnonHugePages": 18432,
              "Anonymous": 3714264,
              "FilePmdMapped": 0,
              "KSM": 0,
              "LazyFree": 0,
              "Locked": 0,
              "Private_Clean": 132,
              "Private_Dirty": 3714736,
              "Private_Hugetlb": 0,
              "Pss": 3715359,
              "Pss_Anon": 3714264,
              "Pss_Dirty": 3714736,
              "Pss_File": 1095,
              "Pss_Shmem": 0,
              "Referenced": 3719036,
              "Rss": 3719036,
              "Shared_Clean": 4168,
              "Shared_Dirty": 0,
              "Shared_Hugetlb": 0,
              "ShmemPmdMapped": 0,
              "Swap": 0,
              "SwapPss": 0
            },
            "start_ticks": 262563290
          }
        ],
        "reason": "rss_growth",
        "tree_rss_kib": 3745772
      },
      {
        "elapsed_s": 2.8373,
        "processes": [
          {
            "pid": 1279513,
            "rollup_kib": {
              "AnonHugePages": 0,
              "Anonymous": 16628,
              "FilePmdMapped": 0,
              "KSM": 0,
              "LazyFree": 0,
              "Locked": 0,
              "Private_Clean": 52,
              "Private_Dirty": 16628,
              "Private_Hugetlb": 0,
              "Pss": 19235,
              "Pss_Anon": 16628,
              "Pss_Dirty": 16628,
              "Pss_File": 2607,
              "Pss_Shmem": 0,
              "Referenced": 28744,
              "Rss": 28744,
              "Shared_Clean": 12064,
              "Shared_Dirty": 0,
              "Shared_Hugetlb": 0,
              "ShmemPmdMapped": 0,
              "Swap": 0,
              "SwapPss": 0
            },
            "start_ticks": 262563280
          },
          {
            "pid": 1279526,
            "rollup_kib": {
              "AnonHugePages": 0,
              "Anonymous": 1280,
              "FilePmdMapped": 0,
              "KSM": 0,
              "LazyFree": 0,
              "Locked": 0,
              "Private_Clean": 3792,
              "Private_Dirty": 1280,
              "Private_Hugetlb": 0,
              "Pss": 5290,
              "Pss_Anon": 1280,
              "Pss_Dirty": 1280,
              "Pss_File": 4010,
              "Pss_Shmem": 0,
              "Referenced": 7860,
              "Rss": 7860,
              "Shared_Clean": 2788,
              "Shared_Dirty": 0,
              "Shared_Hugetlb": 0,
              "ShmemPmdMapped": 0,
              "Swap": 0,
              "SwapPss": 0
            },
            "start_ticks": 262563289
          },
          {
            "pid": 1279527,
            "rollup_kib": {
              "AnonHugePages": 0,
              "Anonymous": 144,
              "FilePmdMapped": 0,
              "KSM": 0,
              "LazyFree": 0,
              "Locked": 0,
              "Private_Clean": 56,
              "Private_Dirty": 48,
              "Private_Hugetlb": 0,
              "Pss": 326,
              "Pss_Anon": 96,
              "Pss_Dirty": 96,
              "Pss_File": 230,
              "Pss_Shmem": 0,
              "Referenced": 2396,
              "Rss": 2396,
              "Shared_Clean": 2196,
              "Shared_Dirty": 96,
              "Shared_Hugetlb": 0,
              "ShmemPmdMapped": 0,
              "Swap": 0,
              "SwapPss": 0
            },
            "start_ticks": 262563289
          },
          {
            "pid": 1279528,
            "rollup_kib": {
              "AnonHugePages": 0,
              "Anonymous": 252,
              "FilePmdMapped": 0,
              "KSM": 0,
              "LazyFree": 0,
              "Locked": 0,
              "Private_Clean": 0,
              "Private_Dirty": 156,
              "Private_Hugetlb": 0,
              "Pss": 309,
              "Pss_Anon": 204,
              "Pss_Dirty": 204,
              "Pss_File": 105,
              "Pss_Shmem": 0,
              "Referenced": 1464,
              "Rss": 1524,
              "Shared_Clean": 1272,
              "Shared_Dirty": 96,
              "Shared_Hugetlb": 0,
              "ShmemPmdMapped": 0,
              "Swap": 0,
              "SwapPss": 0
            },
            "start_ticks": 262563289
          },
          {
            "pid": 1279529,
            "rollup_kib": {
              "AnonHugePages": 18432,
              "Anonymous": 4015052,
              "FilePmdMapped": 0,
              "KSM": 0,
              "LazyFree": 0,
              "Locked": 0,
              "Private_Clean": 132,
              "Private_Dirty": 4015524,
              "Private_Hugetlb": 0,
              "Pss": 4016137,
              "Pss_Anon": 4015052,
              "Pss_Dirty": 4015524,
              "Pss_File": 1085,
              "Pss_Shmem": 0,
              "Referenced": 4019824,
              "Rss": 4019824,
              "Shared_Clean": 4168,
              "Shared_Dirty": 0,
              "Shared_Hugetlb": 0,
              "ShmemPmdMapped": 0,
              "Swap": 0,
              "SwapPss": 0
            },
            "start_ticks": 262563290
          }
        ],
        "reason": "rss_growth",
        "tree_rss_kib": 4051352
      },
      {
        "elapsed_s": 3.9586,
        "processes": [
          {
            "pid": 1279513,
            "rollup_kib": {
              "AnonHugePages": 0,
              "Anonymous": 16628,
              "FilePmdMapped": 0,
              "KSM": 0,
              "LazyFree": 0,
              "Locked": 0,
              "Private_Clean": 52,
              "Private_Dirty": 16628,
              "Private_Hugetlb": 0,
              "Pss": 19226,
              "Pss_Anon": 16628,
              "Pss_Dirty": 16628,
              "Pss_File": 2598,
              "Pss_Shmem": 0,
              "Referenced": 28744,
              "Rss": 28744,
              "Shared_Clean": 12064,
              "Shared_Dirty": 0,
              "Shared_Hugetlb": 0,
              "ShmemPmdMapped": 0,
              "Swap": 0,
              "SwapPss": 0
            },
            "start_ticks": 262563280
          },
          {
            "pid": 1279526,
            "rollup_kib": {
              "AnonHugePages": 0,
              "Anonymous": 1280,
              "FilePmdMapped": 0,
              "KSM": 0,
              "LazyFree": 0,
              "Locked": 0,
              "Private_Clean": 248,
              "Private_Dirty": 1280,
              "Private_Hugetlb": 0,
              "Pss": 3499,
              "Pss_Anon": 1280,
              "Pss_Dirty": 1280,
              "Pss_File": 2219,
              "Pss_Shmem": 0,
              "Referenced": 7860,
              "Rss": 7860,
              "Shared_Clean": 6332,
              "Shared_Dirty": 0,
              "Shared_Hugetlb": 0,
              "ShmemPmdMapped": 0,
              "Swap": 0,
              "SwapPss": 0
            },
            "start_ticks": 262563289
          },
          {
            "pid": 1279527,
            "rollup_kib": {
              "AnonHugePages": 0,
              "Anonymous": 144,
              "FilePmdMapped": 0,
              "KSM": 0,
              "LazyFree": 0,
              "Locked": 0,
              "Private_Clean": 56,
              "Private_Dirty": 48,
              "Private_Hugetlb": 0,
              "Pss": 317,
              "Pss_Anon": 96,
              "Pss_Dirty": 96,
              "Pss_File": 221,
              "Pss_Shmem": 0,
              "Referenced": 2396,
              "Rss": 2396,
              "Shared_Clean": 2196,
              "Shared_Dirty": 96,
              "Shared_Hugetlb": 0,
              "ShmemPmdMapped": 0,
              "Swap": 0,
              "SwapPss": 0
            },
            "start_ticks": 262563289
          },
          {
            "pid": 1279528,
            "rollup_kib": {
              "AnonHugePages": 0,
              "Anonymous": 252,
              "FilePmdMapped": 0,
              "KSM": 0,
              "LazyFree": 0,
              "Locked": 0,
              "Private_Clean": 0,
              "Private_Dirty": 156,
              "Private_Hugetlb": 0,
              "Pss": 305,
              "Pss_Anon": 204,
              "Pss_Dirty": 204,
              "Pss_File": 101,
              "Pss_Shmem": 0,
              "Referenced": 1464,
              "Rss": 1524,
              "Shared_Clean": 1272,
              "Shared_Dirty": 96,
              "Shared_Hugetlb": 0,
              "ShmemPmdMapped": 0,
              "Swap": 0,
              "SwapPss": 0
            },
            "start_ticks": 262563289
          },
          {
            "pid": 1279529,
            "rollup_kib": {
              "AnonHugePages": 18432,
              "Anonymous": 4348872,
              "FilePmdMapped": 0,
              "KSM": 0,
              "LazyFree": 0,
              "Locked": 0,
              "Private_Clean": 128,
              "Private_Dirty": 4349344,
              "Private_Hugetlb": 0,
              "Pss": 4349953,
              "Pss_Anon": 4348872,
              "Pss_Dirty": 4349344,
              "Pss_File": 1081,
              "Pss_Shmem": 0,
              "Referenced": 4353644,
              "Rss": 4353644,
              "Shared_Clean": 4172,
              "Shared_Dirty": 0,
              "Shared_Hugetlb": 0,
              "ShmemPmdMapped": 0,
              "Swap": 0,
              "SwapPss": 0
            },
            "start_ticks": 262563290
          }
        ],
        "reason": "rss_growth",
        "tree_rss_kib": 4388280
      },
      {
        "elapsed_s": 5.5886,
        "processes": [
          {
            "pid": 1279513,
            "rollup_kib": {
              "AnonHugePages": 0,
              "Anonymous": 16628,
              "FilePmdMapped": 0,
              "KSM": 0,
              "LazyFree": 0,
              "Locked": 0,
              "Private_Clean": 52,
              "Private_Dirty": 16628,
              "Private_Hugetlb": 0,
              "Pss": 19226,
              "Pss_Anon": 16628,
              "Pss_Dirty": 16628,
              "Pss_File": 2598,
              "Pss_Shmem": 0,
              "Referenced": 28744,
              "Rss": 28744,
              "Shared_Clean": 12064,
              "Shared_Dirty": 0,
              "Shared_Hugetlb": 0,
              "ShmemPmdMapped": 0,
              "Swap": 0,
              "SwapPss": 0
            },
            "start_ticks": 262563280
          },
          {
            "pid": 1279526,
            "rollup_kib": {
              "AnonHugePages": 0,
              "Anonymous": 1280,
              "FilePmdMapped": 0,
              "KSM": 0,
              "LazyFree": 0,
              "Locked": 0,
              "Private_Clean": 284,
              "Private_Dirty": 1280,
              "Private_Hugetlb": 0,
              "Pss": 3520,
              "Pss_Anon": 1280,
              "Pss_Dirty": 1280,
              "Pss_File": 2240,
              "Pss_Shmem": 0,
              "Referenced": 7860,
              "Rss": 7860,
              "Shared_Clean": 6296,
              "Shared_Dirty": 0,
              "Shared_Hugetlb": 0,
              "ShmemPmdMapped": 0,
              "Swap": 0,
              "SwapPss": 0
            },
            "start_ticks": 262563289
          },
          {
            "pid": 1279527,
            "rollup_kib": {
              "AnonHugePages": 0,
              "Anonymous": 144,
              "FilePmdMapped": 0,
              "KSM": 0,
              "LazyFree": 0,
              "Locked": 0,
              "Private_Clean": 56,
              "Private_Dirty": 48,
              "Private_Hugetlb": 0,
              "Pss": 318,
              "Pss_Anon": 96,
              "Pss_Dirty": 96,
              "Pss_File": 222,
              "Pss_Shmem": 0,
              "Referenced": 2396,
              "Rss": 2396,
              "Shared_Clean": 2196,
              "Shared_Dirty": 96,
              "Shared_Hugetlb": 0,
              "ShmemPmdMapped": 0,
              "Swap": 0,
              "SwapPss": 0
            },
            "start_ticks": 262563289
          },
          {
            "pid": 1279528,
            "rollup_kib": {
              "AnonHugePages": 0,
              "Anonymous": 252,
              "FilePmdMapped": 0,
              "KSM": 0,
              "LazyFree": 0,
              "Locked": 0,
              "Private_Clean": 0,
              "Private_Dirty": 156,
              "Private_Hugetlb": 0,
              "Pss": 305,
              "Pss_Anon": 204,
              "Pss_Dirty": 204,
              "Pss_File": 101,
              "Pss_Shmem": 0,
              "Referenced": 1464,
              "Rss": 1524,
              "Shared_Clean": 1272,
              "Shared_Dirty": 96,
              "Shared_Hugetlb": 0,
              "ShmemPmdMapped": 0,
              "Swap": 0,
              "SwapPss": 0
            },
            "start_ticks": 262563289
          },
          {
            "pid": 1279529,
            "rollup_kib": {
              "AnonHugePages": 18432,
              "Anonymous": 4621900,
              "FilePmdMapped": 0,
              "KSM": 0,
              "LazyFree": 0,
              "Locked": 0,
              "Private_Clean": 132,
              "Private_Dirty": 4622372,
              "Private_Hugetlb": 0,
              "Pss": 4622985,
              "Pss_Anon": 4621900,
              "Pss_Dirty": 4622372,
              "Pss_File": 1085,
              "Pss_Shmem": 0,
              "Referenced": 4626672,
              "Rss": 4626672,
              "Shared_Clean": 4168,
              "Shared_Dirty": 0,
              "Shared_Hugetlb": 0,
              "ShmemPmdMapped": 0,
              "Swap": 0,
              "SwapPss": 0
            },
            "start_ticks": 262563290
          }
        ],
        "reason": "rss_growth",
        "tree_rss_kib": 4664988
      },
      {
        "elapsed_s": 9.7326,
        "processes": [
          {
            "pid": 1279513,
            "rollup_kib": {
              "AnonHugePages": 0,
              "Anonymous": 16628,
              "FilePmdMapped": 0,
              "KSM": 0,
              "LazyFree": 0,
              "Locked": 0,
              "Private_Clean": 52,
              "Private_Dirty": 16628,
              "Private_Hugetlb": 0,
              "Pss": 19226,
              "Pss_Anon": 16628,
              "Pss_Dirty": 16628,
              "Pss_File": 2598,
              "Pss_Shmem": 0,
              "Referenced": 28744,
              "Rss": 28744,
              "Shared_Clean": 12064,
              "Shared_Dirty": 0,
              "Shared_Hugetlb": 0,
              "ShmemPmdMapped": 0,
              "Swap": 0,
              "SwapPss": 0
            },
            "start_ticks": 262563280
          },
          {
            "pid": 1279526,
            "rollup_kib": {
              "AnonHugePages": 0,
              "Anonymous": 1280,
              "FilePmdMapped": 0,
              "KSM": 0,
              "LazyFree": 0,
              "Locked": 0,
              "Private_Clean": 384,
              "Private_Dirty": 1280,
              "Private_Hugetlb": 0,
              "Pss": 3568,
              "Pss_Anon": 1280,
              "Pss_Dirty": 1280,
              "Pss_File": 2288,
              "Pss_Shmem": 0,
              "Referenced": 7860,
              "Rss": 7860,
              "Shared_Clean": 6196,
              "Shared_Dirty": 0,
              "Shared_Hugetlb": 0,
              "ShmemPmdMapped": 0,
              "Swap": 0,
              "SwapPss": 0
            },
            "start_ticks": 262563289
          },
          {
            "pid": 1279527,
            "rollup_kib": {
              "AnonHugePages": 0,
              "Anonymous": 144,
              "FilePmdMapped": 0,
              "KSM": 0,
              "LazyFree": 0,
              "Locked": 0,
              "Private_Clean": 56,
              "Private_Dirty": 48,
              "Private_Hugetlb": 0,
              "Pss": 317,
              "Pss_Anon": 96,
              "Pss_Dirty": 96,
              "Pss_File": 221,
              "Pss_Shmem": 0,
              "Referenced": 2396,
              "Rss": 2396,
              "Shared_Clean": 2196,
              "Shared_Dirty": 96,
              "Shared_Hugetlb": 0,
              "ShmemPmdMapped": 0,
              "Swap": 0,
              "SwapPss": 0
            },
            "start_ticks": 262563289
          },
          {
            "pid": 1279528,
            "rollup_kib": {
              "AnonHugePages": 0,
              "Anonymous": 252,
              "FilePmdMapped": 0,
              "KSM": 0,
              "LazyFree": 0,
              "Locked": 0,
              "Private_Clean": 0,
              "Private_Dirty": 156,
              "Private_Hugetlb": 0,
              "Pss": 305,
              "Pss_Anon": 204,
              "Pss_Dirty": 204,
              "Pss_File": 101,
              "Pss_Shmem": 0,
              "Referenced": 1464,
              "Rss": 1524,
              "Shared_Clean": 1272,
              "Shared_Dirty": 96,
              "Shared_Hugetlb": 0,
              "ShmemPmdMapped": 0,
              "Swap": 0,
              "SwapPss": 0
            },
            "start_ticks": 262563289
          },
          {
            "pid": 1279529,
            "rollup_kib": {
              "AnonHugePages": 18432,
              "Anonymous": 4978800,
              "FilePmdMapped": 0,
              "KSM": 0,
              "LazyFree": 0,
              "Locked": 0,
              "Private_Clean": 132,
              "Private_Dirty": 4979376,
              "Private_Hugetlb": 0,
              "Pss": 4979992,
              "Pss_Anon": 4978800,
              "Pss_Dirty": 4979376,
              "Pss_File": 1192,
              "Pss_Shmem": 0,
              "Referenced": 4983676,
              "Rss": 4983676,
              "Shared_Clean": 4168,
              "Shared_Dirty": 0,
              "Shared_Hugetlb": 0,
              "ShmemPmdMapped": 0,
              "Swap": 0,
              "SwapPss": 0
            },
            "start_ticks": 262563290
          }
        ],
        "reason": "rss_growth",
        "tree_rss_kib": 5024172
      },
      {
        "elapsed_s": 12.3176,
        "processes": [
          {
            "pid": 1279513,
            "rollup_kib": {
              "AnonHugePages": 0,
              "Anonymous": 16628,
              "FilePmdMapped": 0,
              "KSM": 0,
              "LazyFree": 0,
              "Locked": 0,
              "Private_Clean": 52,
              "Private_Dirty": 16628,
              "Private_Hugetlb": 0,
              "Pss": 19225,
              "Pss_Anon": 16628,
              "Pss_Dirty": 16628,
              "Pss_File": 2597,
              "Pss_Shmem": 0,
              "Referenced": 28744,
              "Rss": 28744,
              "Shared_Clean": 12064,
              "Shared_Dirty": 0,
              "Shared_Hugetlb": 0,
              "ShmemPmdMapped": 0,
              "Swap": 0,
              "SwapPss": 0
            },
            "start_ticks": 262563280
          },
          {
            "pid": 1279526,
            "rollup_kib": {
              "AnonHugePages": 0,
              "Anonymous": 1280,
              "FilePmdMapped": 0,
              "KSM": 0,
              "LazyFree": 0,
              "Locked": 0,
              "Private_Clean": 344,
              "Private_Dirty": 1280,
              "Private_Hugetlb": 0,
              "Pss": 3552,
              "Pss_Anon": 1280,
              "Pss_Dirty": 1280,
              "Pss_File": 2272,
              "Pss_Shmem": 0,
              "Referenced": 7860,
              "Rss": 7860,
              "Shared_Clean": 6236,
              "Shared_Dirty": 0,
              "Shared_Hugetlb": 0,
              "ShmemPmdMapped": 0,
              "Swap": 0,
              "SwapPss": 0
            },
            "start_ticks": 262563289
          },
          {
            "pid": 1279527,
            "rollup_kib": {
              "AnonHugePages": 0,
              "Anonymous": 144,
              "FilePmdMapped": 0,
              "KSM": 0,
              "LazyFree": 0,
              "Locked": 0,
              "Private_Clean": 56,
              "Private_Dirty": 48,
              "Private_Hugetlb": 0,
              "Pss": 317,
              "Pss_Anon": 96,
              "Pss_Dirty": 96,
              "Pss_File": 221,
              "Pss_Shmem": 0,
              "Referenced": 2396,
              "Rss": 2396,
              "Shared_Clean": 2196,
              "Shared_Dirty": 96,
              "Shared_Hugetlb": 0,
              "ShmemPmdMapped": 0,
              "Swap": 0,
              "SwapPss": 0
            },
            "start_ticks": 262563289
          },
          {
            "pid": 1279528,
            "rollup_kib": {
              "AnonHugePages": 0,
              "Anonymous": 252,
              "FilePmdMapped": 0,
              "KSM": 0,
              "LazyFree": 0,
              "Locked": 0,
              "Private_Clean": 0,
              "Private_Dirty": 156,
              "Private_Hugetlb": 0,
              "Pss": 305,
              "Pss_Anon": 204,
              "Pss_Dirty": 204,
              "Pss_File": 101,
              "Pss_Shmem": 0,
              "Referenced": 1464,
              "Rss": 1524,
              "Shared_Clean": 1272,
              "Shared_Dirty": 96,
              "Shared_Hugetlb": 0,
              "ShmemPmdMapped": 0,
              "Swap": 0,
              "SwapPss": 0
            },
            "start_ticks": 262563289
          },
          {
            "pid": 1279529,
            "rollup_kib": {
              "AnonHugePages": 18432,
              "Anonymous": 5258360,
              "FilePmdMapped": 0,
              "KSM": 0,
              "LazyFree": 0,
              "Locked": 0,
              "Private_Clean": 128,
              "Private_Dirty": 5259224,
              "Private_Hugetlb": 0,
              "Pss": 5259833,
              "Pss_Anon": 5258360,
              "Pss_Dirty": 5259224,
              "Pss_File": 1473,
              "Pss_Shmem": 0,
              "Referenced": 5263524,
              "Rss": 5263524,
              "Shared_Clean": 4172,
              "Shared_Dirty": 0,
              "Shared_Hugetlb": 0,
              "ShmemPmdMapped": 0,
              "Swap": 0,
              "SwapPss": 0
            },
            "start_ticks": 262563290
          }
        ],
        "reason": "rss_growth",
        "tree_rss_kib": 5303700
      },
      {
        "elapsed_s": 21.4506,
        "processes": [
          {
            "pid": 1279513,
            "rollup_kib": {
              "AnonHugePages": 0,
              "Anonymous": 16628,
              "FilePmdMapped": 0,
              "KSM": 0,
              "LazyFree": 0,
              "Locked": 0,
              "Private_Clean": 52,
              "Private_Dirty": 16628,
              "Private_Hugetlb": 0,
              "Pss": 19224,
              "Pss_Anon": 16628,
              "Pss_Dirty": 16628,
              "Pss_File": 2596,
              "Pss_Shmem": 0,
              "Referenced": 28744,
              "Rss": 28744,
              "Shared_Clean": 12064,
              "Shared_Dirty": 0,
              "Shared_Hugetlb": 0,
              "ShmemPmdMapped": 0,
              "Swap": 0,
              "SwapPss": 0
            },
            "start_ticks": 262563280
          },
          {
            "pid": 1279526,
            "rollup_kib": {
              "AnonHugePages": 0,
              "Anonymous": 1280,
              "FilePmdMapped": 0,
              "KSM": 0,
              "LazyFree": 0,
              "Locked": 0,
              "Private_Clean": 568,
              "Private_Dirty": 1280,
              "Private_Hugetlb": 0,
              "Pss": 3664,
              "Pss_Anon": 1280,
              "Pss_Dirty": 1280,
              "Pss_File": 2384,
              "Pss_Shmem": 0,
              "Referenced": 7860,
              "Rss": 7860,
              "Shared_Clean": 6012,
              "Shared_Dirty": 0,
              "Shared_Hugetlb": 0,
              "ShmemPmdMapped": 0,
              "Swap": 0,
              "SwapPss": 0
            },
            "start_ticks": 262563289
          },
          {
            "pid": 1279527,
            "rollup_kib": {
              "AnonHugePages": 0,
              "Anonymous": 144,
              "FilePmdMapped": 0,
              "KSM": 0,
              "LazyFree": 0,
              "Locked": 0,
              "Private_Clean": 56,
              "Private_Dirty": 48,
              "Private_Hugetlb": 0,
              "Pss": 317,
              "Pss_Anon": 96,
              "Pss_Dirty": 96,
              "Pss_File": 221,
              "Pss_Shmem": 0,
              "Referenced": 2396,
              "Rss": 2396,
              "Shared_Clean": 2196,
              "Shared_Dirty": 96,
              "Shared_Hugetlb": 0,
              "ShmemPmdMapped": 0,
              "Swap": 0,
              "SwapPss": 0
            },
            "start_ticks": 262563289
          },
          {
            "pid": 1279528,
            "rollup_kib": {
              "AnonHugePages": 0,
              "Anonymous": 252,
              "FilePmdMapped": 0,
              "KSM": 0,
              "LazyFree": 0,
              "Locked": 0,
              "Private_Clean": 0,
              "Private_Dirty": 156,
              "Private_Hugetlb": 0,
              "Pss": 305,
              "Pss_Anon": 204,
              "Pss_Dirty": 204,
              "Pss_File": 101,
              "Pss_Shmem": 0,
              "Referenced": 1464,
              "Rss": 1524,
              "Shared_Clean": 1272,
              "Shared_Dirty": 96,
              "Shared_Hugetlb": 0,
              "ShmemPmdMapped": 0,
              "Swap": 0,
              "SwapPss": 0
            },
            "start_ticks": 262563289
          },
          {
            "pid": 1279529,
            "rollup_kib": {
              "AnonHugePages": 18432,
              "Anonymous": 5520984,
              "FilePmdMapped": 0,
              "KSM": 0,
              "LazyFree": 0,
              "Locked": 0,
              "Private_Clean": 128,
              "Private_Dirty": 5522956,
              "Private_Hugetlb": 0,
              "Pss": 5523564,
              "Pss_Anon": 5520984,
              "Pss_Dirty": 5522956,
              "Pss_File": 2580,
              "Pss_Shmem": 0,
              "Referenced": 5527256,
              "Rss": 5527256,
              "Shared_Clean": 4172,
              "Shared_Dirty": 0,
              "Shared_Hugetlb": 0,
              "ShmemPmdMapped": 0,
              "Swap": 0,
              "SwapPss": 0
            },
            "start_ticks": 262563290
          }
        ],
        "reason": "rss_growth",
        "tree_rss_kib": 5567756
      },
      {
        "elapsed_s": 36.6039,
        "processes": [
          {
            "pid": 1279513,
            "rollup_kib": {
              "AnonHugePages": 0,
              "Anonymous": 16752,
              "FilePmdMapped": 0,
              "KSM": 0,
              "LazyFree": 0,
              "Locked": 0,
              "Private_Clean": 52,
              "Private_Dirty": 16752,
              "Private_Hugetlb": 0,
              "Pss": 19393,
              "Pss_Anon": 16752,
              "Pss_Dirty": 16752,
              "Pss_File": 2641,
              "Pss_Shmem": 0,
              "Referenced": 28996,
              "Rss": 28996,
              "Shared_Clean": 12192,
              "Shared_Dirty": 0,
              "Shared_Hugetlb": 0,
              "ShmemPmdMapped": 0,
              "Swap": 0,
              "SwapPss": 0
            },
            "start_ticks": 262563280
          },
          {
            "pid": 1286188,
            "rollup_kib": {
              "AnonHugePages": 0,
              "Anonymous": 1280,
              "FilePmdMapped": 0,
              "KSM": 0,
              "LazyFree": 0,
              "Locked": 0,
              "Private_Clean": 284,
              "Private_Dirty": 1280,
              "Private_Hugetlb": 0,
              "Pss": 3498,
              "Pss_Anon": 1280,
              "Pss_Dirty": 1280,
              "Pss_File": 2218,
              "Pss_Shmem": 0,
              "Referenced": 7812,
              "Rss": 7812,
              "Shared_Clean": 6248,
              "Shared_Dirty": 0,
              "Shared_Hugetlb": 0,
              "ShmemPmdMapped": 0,
              "Swap": 0,
              "SwapPss": 0
            },
            "start_ticks": 262566906
          },
          {
            "pid": 1286189,
            "rollup_kib": {
              "AnonHugePages": 0,
              "Anonymous": 140,
              "FilePmdMapped": 0,
              "KSM": 0,
              "LazyFree": 0,
              "Locked": 0,
              "Private_Clean": 56,
              "Private_Dirty": 48,
              "Private_Hugetlb": 0,
              "Pss": 321,
              "Pss_Anon": 94,
              "Pss_Dirty": 94,
              "Pss_File": 227,
              "Pss_Shmem": 0,
              "Referenced": 2416,
              "Rss": 2416,
              "Shared_Clean": 2220,
              "Shared_Dirty": 92,
              "Shared_Hugetlb": 0,
              "ShmemPmdMapped": 0,
              "Swap": 0,
              "SwapPss": 0
            },
            "start_ticks": 262566906
          },
          {
            "pid": 1286190,
            "rollup_kib": {
              "AnonHugePages": 0,
              "Anonymous": 252,
              "FilePmdMapped": 0,
              "KSM": 0,
              "LazyFree": 0,
              "Locked": 0,
              "Private_Clean": 0,
              "Private_Dirty": 160,
              "Private_Hugetlb": 0,
              "Pss": 308,
              "Pss_Anon": 206,
              "Pss_Dirty": 206,
              "Pss_File": 102,
              "Pss_Shmem": 0,
              "Referenced": 1472,
              "Rss": 1528,
              "Shared_Clean": 1276,
              "Shared_Dirty": 92,
              "Shared_Hugetlb": 0,
              "ShmemPmdMapped": 0,
              "Swap": 0,
              "SwapPss": 0
            },
            "start_ticks": 262566906
          },
          {
            "pid": 1286192,
            "rollup_kib": {
              "AnonHugePages": 0,
              "Anonymous": 1175968,
              "FilePmdMapped": 0,
              "KSM": 0,
              "LazyFree": 0,
              "Locked": 0,
              "Private_Clean": 32,
              "Private_Dirty": 1176368,
              "Private_Hugetlb": 0,
              "Pss": 1176861,
              "Pss_Anon": 1175968,
              "Pss_Dirty": 1176368,
              "Pss_File": 893,
              "Pss_Shmem": 0,
              "Referenced": 1180284,
              "Rss": 1180284,
              "Shared_Clean": 3884,
              "Shared_Dirty": 0,
              "Shared_Hugetlb": 0,
              "ShmemPmdMapped": 0,
              "Swap": 0,
              "SwapPss": 0
            },
            "start_ticks": 262566907
          }
        ],
        "reason": "phase_marker",
        "tree_rss_kib": 1221036
      },
      {
        "elapsed_s": 45.674,
        "processes": [
          {
            "pid": 1279513,
            "rollup_kib": {
              "AnonHugePages": 0,
              "Anonymous": 16756,
              "FilePmdMapped": 0,
              "KSM": 0,
              "LazyFree": 0,
              "Locked": 0,
              "Private_Clean": 52,
              "Private_Dirty": 16756,
              "Private_Hugetlb": 0,
              "Pss": 19394,
              "Pss_Anon": 16756,
              "Pss_Dirty": 16756,
              "Pss_File": 2638,
              "Pss_Shmem": 0,
              "Referenced": 29000,
              "Rss": 29000,
              "Shared_Clean": 12192,
              "Shared_Dirty": 0,
              "Shared_Hugetlb": 0,
              "ShmemPmdMapped": 0,
              "Swap": 0,
              "SwapPss": 0
            },
            "start_ticks": 262563280
          },
          {
            "pid": 1287910,
            "rollup_kib": {
              "AnonHugePages": 0,
              "Anonymous": 1280,
              "FilePmdMapped": 0,
              "KSM": 0,
              "LazyFree": 0,
              "Locked": 0,
              "Private_Clean": 216,
              "Private_Dirty": 1280,
              "Private_Hugetlb": 0,
              "Pss": 3424,
              "Pss_Anon": 1280,
              "Pss_Dirty": 1280,
              "Pss_File": 2144,
              "Pss_Shmem": 0,
              "Referenced": 7720,
              "Rss": 7720,
              "Shared_Clean": 6224,
              "Shared_Dirty": 0,
              "Shared_Hugetlb": 0,
              "ShmemPmdMapped": 0,
              "Swap": 0,
              "SwapPss": 0
            },
            "start_ticks": 262567841
          },
          {
            "pid": 1287911,
            "rollup_kib": {
              "AnonHugePages": 0,
              "Anonymous": 140,
              "FilePmdMapped": 0,
              "KSM": 0,
              "LazyFree": 0,
              "Locked": 0,
              "Private_Clean": 56,
              "Private_Dirty": 48,
              "Private_Hugetlb": 0,
              "Pss": 314,
              "Pss_Anon": 94,
              "Pss_Dirty": 94,
              "Pss_File": 220,
              "Pss_Shmem": 0,
              "Referenced": 2368,
              "Rss": 2368,
              "Shared_Clean": 2172,
              "Shared_Dirty": 92,
              "Shared_Hugetlb": 0,
              "ShmemPmdMapped": 0,
              "Swap": 0,
              "SwapPss": 0
            },
            "start_ticks": 262567841
          },
          {
            "pid": 1287912,
            "rollup_kib": {
              "AnonHugePages": 0,
              "Anonymous": 252,
              "FilePmdMapped": 0,
              "KSM": 0,
              "LazyFree": 0,
              "Locked": 0,
              "Private_Clean": 0,
              "Private_Dirty": 160,
              "Private_Hugetlb": 0,
              "Pss": 308,
              "Pss_Anon": 206,
              "Pss_Dirty": 206,
              "Pss_File": 102,
              "Pss_Shmem": 0,
              "Referenced": 1472,
              "Rss": 1528,
              "Shared_Clean": 1276,
              "Shared_Dirty": 92,
              "Shared_Hugetlb": 0,
              "ShmemPmdMapped": 0,
              "Swap": 0,
              "SwapPss": 0
            },
            "start_ticks": 262567841
          },
          {
            "pid": 1287913,
            "rollup_kib": {
              "AnonHugePages": 0,
              "Anonymous": 408156,
              "FilePmdMapped": 0,
              "KSM": 0,
              "LazyFree": 0,
              "Locked": 0,
              "Private_Clean": 4,
              "Private_Dirty": 408360,
              "Private_Hugetlb": 0,
              "Pss": 408822,
              "Pss_Anon": 408156,
              "Pss_Dirty": 408360,
              "Pss_File": 666,
              "Pss_Shmem": 0,
              "Referenced": 412212,
              "Rss": 412212,
              "Shared_Clean": 3848,
              "Shared_Dirty": 0,
              "Shared_Hugetlb": 0,
              "ShmemPmdMapped": 0,
              "Swap": 0,
              "SwapPss": 0
            },
            "start_ticks": 262567841
          }
        ],
        "reason": "phase_marker",
        "tree_rss_kib": 434516
      },
      {
        "elapsed_s": 81.8399,
        "processes": [],
        "reason": "phase_marker+terminal",
        "tree_rss_kib": 0
      }
    ],
    "status": "complete",
    "temporary_disk_limit_bytes": 16000000000,
    "wall_time_limit_seconds": null
  }
}
