{"command": ["/usr/bin/python3", "/home/x/deco/gamma/projects/enwiki9/tools/run_with_resource_guard_v3.py", "--limit-kib", "9765624", "--official-decimal-limit-kib", "9765624", "--limit-mode", "tree", "--cgroup-path", "/sys/fs/cgroup/user.slice/user-1000.slice/user@1000.service/app.slice/gamma-enwiki9-20260909T092825Z_5e9dade1e8", "--cgroup-memory-max-bytes", "9999998976", "--temporary-disk-limit-bytes", "16000000000", "--phase-marker-path", "/home/x/deco/gamma/projects/enwiki9/run_logs/adaptive/20260909T092825Z_5e9dade1e8.resources/phases.jsonl", "--max-logical-cpus", "1", "--guard-json", "/home/x/deco/gamma/projects/enwiki9/run_logs/adaptive/20260909T092825Z_5e9dade1e8.resources/guard.json", "--label", "20260909T092825Z_5e9dade1e8", "--phase", "diagnostic", "--scratch-path", "/home/x/deco/gamma/projects/enwiki9/results/fx2_prefix_dictionary_component_v1", "--scratch-path", "/home/x/deco/gamma/projects/enwiki9/run_logs/adaptive/20260909T092825Z_5e9dade1e8.log", "--scratch-path", "/home/x/deco/gamma/projects/enwiki9/run_logs/adaptive/20260909T092825Z_5e9dade1e8.resources", "--scratch-path", "/tmp/gamma-enwiki9-20260909T092825Z_5e9dade1e8-nwwab5z5/fx2_prefix_dictionary_component_v1", "--", "/usr/bin/taskset", "--cpu-list", "2", "/bin/sh", "-c", "printf '%s\\n' '{\"phase\":\"diagnostic\",\"event\":\"worker_start\",\"detail\":\"operational envelope only; no codec phase credit\"}' >> \"$GAMMA_RESOURCE_PHASE_MARKERS\" || exit 125; exec \"$@\"", "enwiki9-discovery-envelope", "/usr/bin/python3", "/home/x/deco/gamma/projects/enwiki9/tools/fx2_prefix_dictionary_component_v1.py"], "job": {"candidate_id": "fx2_prefix_dictionary_component_v1", "candidate_revision": {"path": "operations/adaptive/candidate-revisions/fx2_prefix_dictionary_component_v1/20260909T092824890693Z_e34c3b6f211e.json", "sha256": "sha256:b6fad945ec1e739b649b3c06054a686d8a1ed7b226523a42bd12397133285449"}, "candidate_tree_sha256": "sha256:e34c3b6f211e1949e536bae868dcfdbd6bf8e8bd82517a848e8dbb2f0108f724", "execution_guard": {"path": "tools/run_with_resource_guard_v3.py", "sha256": "sha256:044147f7ffe6922ea8dafd52fc3d4426077b20958adbcd421245ad41adcfc1e4"}, "execution_mode": "discovery", "execution_resources": {"boot_id": "3ce46712-27bc-4199-8e48-e2b3d23926cb", "budget": {"cgroup_parent": "/sys/fs/cgroup/user.slice/user-1000.slice/user@1000.service/app.slice", "cpus": [2], "memory_bytes": 9999998976, "scratch_bytes": 16000000000, "swap_bytes": 0, "wall_seconds": 3600}, "cgroup_inode": 269038, "cgroup_path": "/sys/fs/cgroup/user.slice/user-1000.slice/user@1000.service/app.slice/gamma-enwiki9-20260909T092825Z_5e9dade1e8", "cpu_enforcement": "taskset-and-sampled-affinity-guard", "groups": [{"created": true, "inode": 269038, "kernel_cpuset": false, "memory_bytes": 9999998976, "path": "/sys/fs/cgroup/user.slice/user-1000.slice/user@1000.service/app.slice/gamma-enwiki9-20260909T092825Z_5e9dade1e8"}], "guard_command_sha256": "358c562a924ee22c34a8dbef8daf4f6f7d4bc2749d7a238b620d4592cc0fbb26", "guard_path": "run_logs/adaptive/20260909T092825Z_5e9dade1e8.resources/guard.json", "missing_diagnostics": ["kernel cpuset controller is not delegated; taskset assignment and existing affinity guard remain active"], "timing_authority": "diagnostic"}, "experiment": {"path": "operations/adaptive/experiments/fx2_prefix_dictionary_component_v1.json", "sha256": "sha256:ea04a840e39786e9dfb6f289af1587097109232846a4485b65b5e18fa64254d2"}, "gate_size": 411996, "held": false, "held_at": "2026-09-09T09:28:56+00:00", "hold_history": [{"at": "2026-09-09T09:28:56+00:00", "held": true, "reason": "root_explore owns fixed dictionary component; held for exact source publication and fresh CPU2 resource admission."}, {"at": "2026-09-09T09:32:34+00:00", "held": false, "reason": "Published db4242af1; exact references and fresh CPU2, memory, scratch and ownership admission verified."}], "job_id": "20260909T092825Z_5e9dade1e8", "priority": 90, "proposal": {"path": "operations/adaptive/proposals/developed/891_fx2_prefix_dictionary_component_v1.json", "sha256": "sha256:a89e1648a961f0aa0a4b3f2fd376568148b341d105b3f9cd7bda3ef03118148d"}, "proposal_id": "fx2_prefix_dictionary_component_v1", "purpose": "diagnostic", "released_at": "2026-09-09T09:32:34+00:00", "resource_budget": {"cgroup_parent": "/sys/fs/cgroup/user.slice/user-1000.slice/user@1000.service/app.slice", "cpus": [2], "memory_bytes": 9999998976, "scratch_bytes": 16000000000, "swap_bytes": 0, "wall_seconds": 3600}, "runner": {"path": "tools/fx2_prefix_dictionary_component_v1.py", "sha256": "sha256:f4997175950b8d53ef7fd48967de77cd81b38ccb1d5d828bfb156b561613dd33"}, "schema": "gamma.enwiki9.adaptive-job.v3", "scratch_directories": ["results/fx2_prefix_dictionary_component_v1"], "started_at": "2026-09-09T09:32:35+00:00", "state": "running", "submitted_at": "2026-09-09T09:28:25+00:00", "tags": ["fixed-dictionary-component"], "timing_authority": "diagnostic", "tool": "tools/fx2_prefix_dictionary_component_v1.py", "tool_args": []}}
{
  "resource_guard": {
    "cgroup": {
      "inode": 269038,
      "joined_before_exec": true,
      "memory_max_bytes": 9999998976,
      "memory_max_rounding_bytes": 0,
      "memory_peak_reset": true,
      "path": "/sys/fs/cgroup/user.slice/user-1000.slice/user@1000.service/app.slice/gamma-enwiki9-20260909T092825Z_5e9dade1e8",
      "previous_memory_max": "9999998976",
      "requested_memory_max_bytes": 9999998976
    },
    "cgroup_events": {
      "baseline": {
        "high": 0,
        "low": 0,
        "max": 0,
        "oom": 0,
        "oom_group_kill": 0,
        "oom_kill": 0,
        "sock_throttled": 0
      },
      "delta": {
        "high": 0,
        "low": 0,
        "max": 0,
        "oom": 0,
        "oom_group_kill": 0,
        "oom_kill": 0,
        "sock_throttled": 0
      },
      "final": {
        "high": 0,
        "low": 0,
        "max": 0,
        "oom": 0,
        "oom_group_kill": 0,
        "oom_kill": 0,
        "sock_throttled": 0
      }
    },
    "command": [
      "/usr/bin/taskset",
      "--cpu-list",
      "2",
      "/bin/sh",
      "-c",
      "printf '%s\\n' '{\"phase\":\"diagnostic\",\"event\":\"worker_start\",\"detail\":\"operational envelope only; no codec phase credit\"}' >> \"$GAMMA_RESOURCE_PHASE_MARKERS\" || exit 125; exec \"$@\"",
      "enwiki9-discovery-envelope",
      "/usr/bin/python3",
      "/home/x/deco/gamma/projects/enwiki9/tools/fx2_prefix_dictionary_component_v1.py"
    ],
    "command_sha256": "09d3ce527286c38ceba0f806a85b9ff25b267273bd037286f5de381462fb6599",
    "elapsed_s": 679.1036,
    "geekbench5_single_core_score": null,
    "guards": {
      "cgroup_memory_guard_exceeded": false,
      "logical_cpu_guard_exceeded": false,
      "measurement_incomplete": false,
      "official_decimal_memory_exceeded": false,
      "phase_marker_invalid": false,
      "rss_guard_exceeded": false,
      "temporary_disk_guard_exceeded": false,
      "wall_time_guard_exceeded": false
    },
    "label": "20260909T092825Z_5e9dade1e8",
    "latest_sample": {
      "allowed_cpu_union": [],
      "cgroup_current_bytes": 17666048,
      "elapsed_s": 679.1009,
      "max_single_rss_kib": 0,
      "persistent_status_misses": [],
      "processes": [],
      "scratch_allocated_bytes": 16449536,
      "scratch_file_count": 283,
      "scratch_logical_bytes": 15643300,
      "scratch_race_count": 0,
      "tree_live_threads": 0,
      "tree_rss_kib": 0,
      "tree_runnable_threads": 0
    },
    "limit_kib": 9765624,
    "limit_mode": "tree",
    "max_logical_cpus": 1,
    "measurements": {
      "affinity_complete": true,
      "cgroup_v2_complete": true,
      "per_process_vmhwm_sampled": true,
      "phase_markers_complete": true,
      "process_tree_rss_complete": true,
      "scratch_logical_and_allocated_complete": true,
      "smaps_rollup_complete": true
    },
    "objective": {
      "corpusBytes": 1000000000,
      "corpusSha256": "159b85351e5f76e60cbe32e04c677847a9ecba3adc79addab6f4c6c7aa3744bc",
      "objectiveDigest": "sha256:e91ff20e92c3cac8acb0cbe5c79fc8e8a3b427d7e151245c8eecc52b1c32fa00",
      "objectiveId": "gamma-enwiki9-hutter-90m-v3",
      "objectivePath": "contracts/research/v3/objective-contract.json",
      "targetScoreBytes": 90000000
    },
    "official_decimal_limit_kib": 9765624,
    "peak_process_vmhwm": {
      "comm": "cmix",
      "observed_elapsed_s": 530.595,
      "pid": 792778,
      "start_ticks": 204295058,
      "vmhwm_kib": 5103292
    },
    "peak_sample": {
      "allowed_cpu_union": [
        2
      ],
      "cgroup_current_bytes": 5278957568,
      "elapsed_s": 603.58,
      "max_single_rss_kib": 5101296,
      "persistent_status_misses": [],
      "processes": [
        {
          "allowed_cpus": [
            2
          ],
          "comm": "python3",
          "live_threads": 1,
          "pid": 711232,
          "rss_kib": 44544,
          "runnable_threads": 0,
          "start_ticks": 204249338,
          "vmhwm_kib": 44544
        },
        {
          "allowed_cpus": [
            2
          ],
          "comm": "timeout",
          "live_threads": 1,
          "pid": 806098,
          "rss_kib": 7720,
          "runnable_threads": 0,
          "start_ticks": 204302436,
          "vmhwm_kib": 7720
        },
        {
          "allowed_cpus": [
            2
          ],
          "comm": "cmix",
          "live_threads": 1,
          "pid": 806099,
          "rss_kib": 5101296,
          "runnable_threads": 1,
          "start_ticks": 204302436,
          "vmhwm_kib": 5101296
        }
      ],
      "scratch_allocated_bytes": 20910080,
      "scratch_file_count": 262,
      "scratch_logical_bytes": 14693494251,
      "scratch_race_count": 0,
      "tree_live_threads": 3,
      "tree_rss_kib": 5153560,
      "tree_runnable_threads": 1
    },
    "peak_tree_sample": {
      "allowed_cpu_union": [
        2
      ],
      "cgroup_current_bytes": 5278957568,
      "elapsed_s": 603.58,
      "max_single_rss_kib": 5101296,
      "persistent_status_misses": [],
      "processes": [
        {
          "allowed_cpus": [
            2
          ],
          "comm": "python3",
          "live_threads": 1,
          "pid": 711232,
          "rss_kib": 44544,
          "runnable_threads": 0,
          "start_ticks": 204249338,
          "vmhwm_kib": 44544
        },
        {
          "allowed_cpus": [
            2
          ],
          "comm": "timeout",
          "live_threads": 1,
          "pid": 806098,
          "rss_kib": 7720,
          "runnable_threads": 0,
          "start_ticks": 204302436,
          "vmhwm_kib": 7720
        },
        {
          "allowed_cpus": [
            2
          ],
          "comm": "cmix",
          "live_threads": 1,
          "pid": 806099,
          "rss_kib": 5101296,
          "runnable_threads": 1,
          "start_ticks": 204302436,
          "vmhwm_kib": 5101296
        }
      ],
      "scratch_allocated_bytes": 20910080,
      "scratch_file_count": 262,
      "scratch_logical_bytes": 14693494251,
      "scratch_race_count": 0,
      "tree_live_threads": 3,
      "tree_rss_kib": 5153560,
      "tree_runnable_threads": 1
    },
    "peaks": {
      "cgroup_memory_peak_bytes": 5283262464,
      "max_observed_process_vmhwm_kib": 5103292,
      "max_sampled_allowed_cpu_count": 1,
      "max_sampled_cgroup_current_bytes": 5279862784,
      "max_sampled_scratch_allocated_bytes": 22638592,
      "max_sampled_scratch_logical_bytes": 14695204691,
      "max_sampled_single_rss_kib": 5101296,
      "max_sampled_tree_live_threads": 3,
      "max_sampled_tree_rss_kib": 5153560,
      "max_sampled_tree_runnable_threads": 2
    },
    "phase": "diagnostic",
    "phase_marker_path": "/home/x/deco/gamma/projects/enwiki9/run_logs/adaptive/20260909T092825Z_5e9dade1e8.resources/phases.jsonl",
    "phase_markers": [
      {
        "detail": "operational envelope only; no codec phase credit",
        "event": "worker_start",
        "observed_elapsed_s": 0.0117,
        "phase": "diagnostic",
        "source_line": 1
      },
      {
        "detail": null,
        "event": "start",
        "observed_elapsed_s": 0.5131,
        "phase": "build-restore",
        "source_line": 2
      },
      {
        "detail": null,
        "event": "end",
        "observed_elapsed_s": 0.5131,
        "phase": "build-restore",
        "source_line": 3
      },
      {
        "detail": null,
        "event": "start",
        "observed_elapsed_s": 0.5131,
        "phase": "P-encode",
        "source_line": 4
      },
      {
        "detail": null,
        "event": "end",
        "observed_elapsed_s": 76.4891,
        "phase": "P-encode",
        "source_line": 5
      },
      {
        "detail": null,
        "event": "start",
        "observed_elapsed_s": 76.4891,
        "phase": "P-decode",
        "source_line": 6
      },
      {
        "detail": null,
        "event": "end",
        "observed_elapsed_s": 153.4281,
        "phase": "P-decode",
        "source_line": 7
      },
      {
        "detail": null,
        "event": "start",
        "observed_elapsed_s": 153.4281,
        "phase": "P-repeat",
        "source_line": 8
      },
      {
        "detail": null,
        "event": "end",
        "observed_elapsed_s": 229.4282,
        "phase": "P-repeat",
        "source_line": 9
      },
      {
        "detail": null,
        "event": "start",
        "observed_elapsed_s": 229.932,
        "phase": "K-encode-restore",
        "source_line": 10
      },
      {
        "detail": null,
        "event": "end",
        "observed_elapsed_s": 229.932,
        "phase": "K-encode-restore",
        "source_line": 11
      },
      {
        "detail": null,
        "event": "start",
        "observed_elapsed_s": 229.932,
        "phase": "K-encode-restore-collision",
        "source_line": 12
      },
      {
        "detail": null,
        "event": "end",
        "observed_elapsed_s": 229.932,
        "phase": "K-encode-restore-collision",
        "source_line": 13
      },
      {
        "detail": null,
        "event": "start",
        "observed_elapsed_s": 229.932,
        "phase": "K-encode-restore-truncated",
        "source_line": 14
      },
      {
        "detail": null,
        "event": "end",
        "observed_elapsed_s": 229.932,
        "phase": "K-encode-restore-truncated",
        "source_line": 15
      },
      {
        "detail": null,
        "event": "start",
        "observed_elapsed_s": 229.932,
        "phase": "K-encode",
        "source_line": 16
      },
      {
        "detail": null,
        "event": "end",
        "observed_elapsed_s": 305.916,
        "phase": "K-encode",
        "source_line": 17
      },
      {
        "detail": null,
        "event": "start",
        "observed_elapsed_s": 305.916,
        "phase": "K-decode",
        "source_line": 18
      },
      {
        "detail": null,
        "event": "end",
        "observed_elapsed_s": 381.4203,
        "phase": "K-decode",
        "source_line": 19
      },
      {
        "detail": null,
        "event": "start",
        "observed_elapsed_s": 381.4203,
        "phase": "K-repeat-restore",
        "source_line": 20
      },
      {
        "detail": null,
        "event": "end",
        "observed_elapsed_s": 381.924,
        "phase": "K-repeat-restore",
        "source_line": 21
      },
      {
        "detail": null,
        "event": "start",
        "observed_elapsed_s": 381.924,
        "phase": "K-repeat",
        "source_line": 22
      },
      {
        "detail": null,
        "event": "end",
        "observed_elapsed_s": 457.4431,
        "phase": "K-repeat",
        "source_line": 23
      },
      {
        "detail": null,
        "event": "start",
        "observed_elapsed_s": 457.4431,
        "phase": "D-encode",
        "source_line": 24
      },
      {
        "detail": null,
        "event": "end",
        "observed_elapsed_s": 531.098,
        "phase": "D-encode",
        "source_line": 25
      },
      {
        "detail": null,
        "event": "start",
        "observed_elapsed_s": 531.098,
        "phase": "D-decode",
        "source_line": 26
      },
      {
        "detail": null,
        "event": "end",
        "observed_elapsed_s": 604.5871,
        "phase": "D-decode",
        "source_line": 27
      },
      {
        "detail": null,
        "event": "start",
        "observed_elapsed_s": 604.5871,
        "phase": "D-decode-restore",
        "source_line": 28
      },
      {
        "detail": null,
        "event": "end",
        "observed_elapsed_s": 604.5871,
        "phase": "D-decode-restore",
        "source_line": 29
      },
      {
        "detail": null,
        "event": "start",
        "observed_elapsed_s": 604.5871,
        "phase": "D-repeat",
        "source_line": 30
      },
      {
        "detail": null,
        "event": "end",
        "observed_elapsed_s": 678.5975,
        "phase": "D-repeat",
        "source_line": 31
      }
    ],
    "returncode": 0,
    "sample_count": 1348,
    "sample_interval_seconds": 0.5,
    "schema": "gamma.enwiki9.resource-guard-receipt.v3",
    "scratch_paths": [
      "/home/x/deco/gamma/projects/enwiki9/results/fx2_prefix_dictionary_component_v1",
      "/home/x/deco/gamma/projects/enwiki9/run_logs/adaptive/20260909T092825Z_5e9dade1e8.log",
      "/home/x/deco/gamma/projects/enwiki9/run_logs/adaptive/20260909T092825Z_5e9dade1e8.resources",
      "/tmp/gamma-enwiki9-20260909T092825Z_5e9dade1e8-nwwab5z5/fx2_prefix_dictionary_component_v1"
    ],
    "smaps_rollup_checkpoints": [
      {
        "elapsed_s": 0.0117,
        "processes": [
          {
            "pid": 711232,
            "rollup_kib": {
              "AnonHugePages": 0,
              "Anonymous": 1348,
              "FilePmdMapped": 0,
              "KSM": 0,
              "LazyFree": 0,
              "Locked": 0,
              "Private_Clean": 72,
              "Private_Dirty": 1348,
              "Private_Hugetlb": 0,
              "Pss": 2134,
              "Pss_Anon": 1348,
              "Pss_Dirty": 1348,
              "Pss_File": 786,
              "Pss_Shmem": 0,
              "Referenced": 6100,
              "Rss": 6100,
              "Shared_Clean": 4680,
              "Shared_Dirty": 0,
              "Shared_Hugetlb": 0,
              "ShmemPmdMapped": 0,
              "Swap": 0,
              "SwapPss": 0
            },
            "start_ticks": 204249338
          }
        ],
        "reason": "initial+phase_marker+rss_growth",
        "tree_rss_kib": 6100
      },
      {
        "elapsed_s": 0.5131,
        "processes": [
          {
            "pid": 711232,
            "rollup_kib": {
              "AnonHugePages": 0,
              "Anonymous": 29336,
              "FilePmdMapped": 0,
              "KSM": 0,
              "LazyFree": 0,
              "Locked": 0,
              "Private_Clean": 132,
              "Private_Dirty": 29336,
              "Private_Hugetlb": 0,
              "Pss": 32519,
              "Pss_Anon": 29336,
              "Pss_Dirty": 29336,
              "Pss_File": 3183,
              "Pss_Shmem": 0,
              "Referenced": 42984,
              "Rss": 42984,
              "Shared_Clean": 13516,
              "Shared_Dirty": 0,
              "Shared_Hugetlb": 0,
              "ShmemPmdMapped": 0,
              "Swap": 0,
              "SwapPss": 0
            },
            "start_ticks": 204249338
          },
          {
            "pid": 711337,
            "rollup_kib": {
              "AnonHugePages": 0,
              "Anonymous": 1252,
              "FilePmdMapped": 0,
              "KSM": 0,
              "LazyFree": 0,
              "Locked": 0,
              "Private_Clean": 172,
              "Private_Dirty": 1252,
              "Private_Hugetlb": 0,
              "Pss": 3306,
              "Pss_Anon": 1252,
              "Pss_Dirty": 1252,
              "Pss_File": 2054,
              "Pss_Shmem": 0,
              "Referenced": 7740,
              "Rss": 7740,
              "Shared_Clean": 6316,
              "Shared_Dirty": 0,
              "Shared_Hugetlb": 0,
              "ShmemPmdMapped": 0,
              "Swap": 0,
              "SwapPss": 0
            },
            "start_ticks": 204249376
          },
          {
            "pid": 711338,
            "rollup_kib": {
              "AnonHugePages": 0,
              "Anonymous": 692976,
              "FilePmdMapped": 0,
              "KSM": 0,
              "LazyFree": 0,
              "Locked": 0,
              "Private_Clean": 8,
              "Private_Dirty": 693348,
              "Private_Hugetlb": 0,
              "Pss": 694058,
              "Pss_Anon": 692976,
              "Pss_Dirty": 693348,
              "Pss_File": 1082,
              "Pss_Shmem": 0,
              "Referenced": 697420,
              "Rss": 697420,
              "Shared_Clean": 4064,
              "Shared_Dirty": 0,
              "Shared_Hugetlb": 0,
              "ShmemPmdMapped": 0,
              "Swap": 0,
              "SwapPss": 0
            },
            "start_ticks": 204249376
          }
        ],
        "reason": "phase_marker+rss_growth",
        "tree_rss_kib": 748144
      },
      {
        "elapsed_s": 1.0325,
        "processes": [
          {
            "pid": 711232,
            "rollup_kib": {
              "AnonHugePages": 0,
              "Anonymous": 29336,
              "FilePmdMapped": 0,
              "KSM": 0,
              "LazyFree": 0,
              "Locked": 0,
              "Private_Clean": 132,
              "Private_Dirty": 29336,
              "Private_Hugetlb": 0,
              "Pss": 32518,
              "Pss_Anon": 29336,
              "Pss_Dirty": 29336,
              "Pss_File": 3182,
              "Pss_Shmem": 0,
              "Referenced": 42984,
              "Rss": 42984,
              "Shared_Clean": 13516,
              "Shared_Dirty": 0,
              "Shared_Hugetlb": 0,
              "ShmemPmdMapped": 0,
              "Swap": 0,
              "SwapPss": 0
            },
            "start_ticks": 204249338
          },
          {
            "pid": 711337,
            "rollup_kib": {
              "AnonHugePages": 0,
              "Anonymous": 1252,
              "FilePmdMapped": 0,
              "KSM": 0,
              "LazyFree": 0,
              "Locked": 0,
              "Private_Clean": 360,
              "Private_Dirty": 1252,
              "Private_Hugetlb": 0,
              "Pss": 3400,
              "Pss_Anon": 1252,
              "Pss_Dirty": 1252,
              "Pss_File": 2148,
              "Pss_Shmem": 0,
              "Referenced": 7740,
              "Rss": 7740,
              "Shared_Clean": 6128,
              "Shared_Dirty": 0,
              "Shared_Hugetlb": 0,
              "ShmemPmdMapped": 0,
              "Swap": 0,
              "SwapPss": 0
            },
            "start_ticks": 204249376
          },
          {
            "pid": 711338,
            "rollup_kib": {
              "AnonHugePages": 0,
              "Anonymous": 1849552,
              "FilePmdMapped": 0,
              "KSM": 0,
              "LazyFree": 0,
              "Locked": 0,
              "Private_Clean": 44,
              "Private_Dirty": 1850028,
              "Private_Hugetlb": 0,
              "Pss": 1850805,
              "Pss_Anon": 1849552,
              "Pss_Dirty": 1850028,
              "Pss_File": 1253,
              "Pss_Shmem": 0,
              "Referenced": 1854356,
              "Rss": 1854356,
              "Shared_Clean": 4284,
              "Shared_Dirty": 0,
              "Shared_Hugetlb": 0,
              "ShmemPmdMapped": 0,
              "Swap": 0,
              "SwapPss": 0
            },
            "start_ticks": 204249376
          }
        ],
        "reason": "rss_growth",
        "tree_rss_kib": 1903600
      },
      {
        "elapsed_s": 2.0961,
        "processes": [
          {
            "pid": 711232,
            "rollup_kib": {
              "AnonHugePages": 0,
              "Anonymous": 29336,
              "FilePmdMapped": 0,
              "KSM": 0,
              "LazyFree": 0,
              "Locked": 0,
              "Private_Clean": 132,
              "Private_Dirty": 29336,
              "Private_Hugetlb": 0,
              "Pss": 32518,
              "Pss_Anon": 29336,
              "Pss_Dirty": 29336,
              "Pss_File": 3182,
              "Pss_Shmem": 0,
              "Referenced": 42984,
              "Rss": 42984,
              "Shared_Clean": 13516,
              "Shared_Dirty": 0,
              "Shared_Hugetlb": 0,
              "ShmemPmdMapped": 0,
              "Swap": 0,
              "SwapPss": 0
            },
            "start_ticks": 204249338
          },
          {
            "pid": 711337,
            "rollup_kib": {
              "AnonHugePages": 0,
              "Anonymous": 1252,
              "FilePmdMapped": 0,
              "KSM": 0,
              "LazyFree": 0,
              "Locked": 0,
              "Private_Clean": 360,
              "Private_Dirty": 1252,
              "Private_Hugetlb": 0,
              "Pss": 3400,
              "Pss_Anon": 1252,
              "Pss_Dirty": 1252,
              "Pss_File": 2148,
              "Pss_Shmem": 0,
              "Referenced": 7740,
              "Rss": 7740,
              "Shared_Clean": 6128,
              "Shared_Dirty": 0,
              "Shared_Hugetlb": 0,
              "ShmemPmdMapped": 0,
              "Swap": 0,
              "SwapPss": 0
            },
            "start_ticks": 204249376
          },
          {
            "pid": 711338,
            "rollup_kib": {
              "AnonHugePages": 0,
              "Anonymous": 2189760,
              "FilePmdMapped": 0,
              "KSM": 0,
              "LazyFree": 0,
              "Locked": 0,
              "Private_Clean": 44,
              "Private_Dirty": 2190344,
              "Private_Hugetlb": 0,
              "Pss": 2191122,
              "Pss_Anon": 2189760,
              "Pss_Dirty": 2190344,
              "Pss_File": 1362,
              "Pss_Shmem": 0,
              "Referenced": 2194672,
              "Rss": 2194672,
              "Shared_Clean": 4284,
              "Shared_Dirty": 0,
              "Shared_Hugetlb": 0,
              "ShmemPmdMapped": 0,
              "Swap": 0,
              "SwapPss": 0
            },
            "start_ticks": 204249376
          }
        ],
        "reason": "rss_growth",
        "tree_rss_kib": 2242932
      },
      {
        "elapsed_s": 3.1721,
        "processes": [
          {
            "pid": 711232,
            "rollup_kib": {
              "AnonHugePages": 0,
              "Anonymous": 29336,
              "FilePmdMapped": 0,
              "KSM": 0,
              "LazyFree": 0,
              "Locked": 0,
              "Private_Clean": 132,
              "Private_Dirty": 29336,
              "Private_Hugetlb": 0,
              "Pss": 32517,
              "Pss_Anon": 29336,
              "Pss_Dirty": 29336,
              "Pss_File": 3181,
              "Pss_Shmem": 0,
              "Referenced": 42984,
              "Rss": 42984,
              "Shared_Clean": 13516,
              "Shared_Dirty": 0,
              "Shared_Hugetlb": 0,
              "ShmemPmdMapped": 0,
              "Swap": 0,
              "SwapPss": 0
            },
            "start_ticks": 204249338
          },
          {
            "pid": 711337,
            "rollup_kib": {
              "AnonHugePages": 0,
              "Anonymous": 1252,
              "FilePmdMapped": 0,
              "KSM": 0,
              "LazyFree": 0,
              "Locked": 0,
              "Private_Clean": 336,
              "Private_Dirty": 1252,
              "Private_Hugetlb": 0,
              "Pss": 3385,
              "Pss_Anon": 1252,
              "Pss_Dirty": 1252,
              "Pss_File": 2133,
              "Pss_Shmem": 0,
              "Referenced": 7740,
              "Rss": 7740,
              "Shared_Clean": 6152,
              "Shared_Dirty": 0,
              "Shared_Hugetlb": 0,
              "ShmemPmdMapped": 0,
              "Swap": 0,
              "SwapPss": 0
            },
            "start_ticks": 204249376
          },
          {
            "pid": 711338,
            "rollup_kib": {
              "AnonHugePages": 0,
              "Anonymous": 2459040,
              "FilePmdMapped": 0,
              "KSM": 0,
              "LazyFree": 0,
              "Locked": 0,
              "Private_Clean": 44,
              "Private_Dirty": 2459720,
              "Private_Hugetlb": 0,
              "Pss": 2460497,
              "Pss_Anon": 2459040,
              "Pss_Dirty": 2459720,
              "Pss_File": 1457,
              "Pss_Shmem": 0,
              "Referenced": 2464048,
              "Rss": 2464048,
              "Shared_Clean": 4284,
              "Shared_Dirty": 0,
              "Shared_Hugetlb": 0,
              "ShmemPmdMapped": 0,
              "Swap": 0,
              "SwapPss": 0
            },
            "start_ticks": 204249376
          }
        ],
        "reason": "rss_growth",
        "tree_rss_kib": 2511872
      },
      {
        "elapsed_s": 4.758,
        "processes": [
          {
            "pid": 711232,
            "rollup_kib": {
              "AnonHugePages": 0,
              "Anonymous": 29336,
              "FilePmdMapped": 0,
              "KSM": 0,
              "LazyFree": 0,
              "Locked": 0,
              "Private_Clean": 132,
              "Private_Dirty": 29336,
              "Private_Hugetlb": 0,
              "Pss": 32518,
              "Pss_Anon": 29336,
              "Pss_Dirty": 29336,
              "Pss_File": 3182,
              "Pss_Shmem": 0,
              "Referenced": 42984,
              "Rss": 42984,
              "Shared_Clean": 13516,
              "Shared_Dirty": 0,
              "Shared_Hugetlb": 0,
              "ShmemPmdMapped": 0,
              "Swap": 0,
              "SwapPss": 0
            },
            "start_ticks": 204249338
          },
          {
            "pid": 711337,
            "rollup_kib": {
              "AnonHugePages": 0,
              "Anonymous": 1252,
              "FilePmdMapped": 0,
              "KSM": 0,
              "LazyFree": 0,
              "Locked": 0,
              "Private_Clean": 64,
              "Private_Dirty": 1252,
              "Private_Hugetlb": 0,
              "Pss": 3251,
              "Pss_Anon": 1252,
              "Pss_Dirty": 1252,
              "Pss_File": 1999,
              "Pss_Shmem": 0,
              "Referenced": 7740,
              "Rss": 7740,
              "Shared_Clean": 6424,
              "Shared_Dirty": 0,
              "Shared_Hugetlb": 0,
              "ShmemPmdMapped": 0,
              "Swap": 0,
              "SwapPss": 0
            },
            "start_ticks": 204249376
          },
          {
            "pid": 711338,
            "rollup_kib": {
              "AnonHugePages": 0,
              "Anonymous": 2759988,
              "FilePmdMapped": 0,
              "KSM": 0,
              "LazyFree": 0,
              "Locked": 0,
              "Private_Clean": 108,
              "Private_Dirty": 2760872,
              "Private_Hugetlb": 0,
              "Pss": 2761713,
              "Pss_Anon": 2759988,
              "Pss_Dirty": 2760872,
              "Pss_File": 1725,
              "Pss_Shmem": 0,
              "Referenced": 2765264,
              "Rss": 2765264,
              "Shared_Clean": 4284,
              "Shared_Dirty": 0,
              "Shared_Hugetlb": 0,
              "ShmemPmdMapped": 0,
              "Swap": 0,
              "SwapPss": 0
            },
            "start_ticks": 204249376
          }
        ],
        "reason": "rss_growth",
        "tree_rss_kib": 2813520
      },
      {
        "elapsed_s": 6.8571,
        "processes": [
          {
            "pid": 711232,
            "rollup_kib": {
              "AnonHugePages": 0,
              "Anonymous": 29336,
              "FilePmdMapped": 0,
              "KSM": 0,
              "LazyFree": 0,
              "Locked": 0,
              "Private_Clean": 132,
              "Private_Dirty": 29336,
              "Private_Hugetlb": 0,
              "Pss": 32518,
              "Pss_Anon": 29336,
              "Pss_Dirty": 29336,
              "Pss_File": 3182,
              "Pss_Shmem": 0,
              "Referenced": 42984,
              "Rss": 42984,
              "Shared_Clean": 13516,
              "Shared_Dirty": 0,
              "Shared_Hugetlb": 0,
              "ShmemPmdMapped": 0,
              "Swap": 0,
              "SwapPss": 0
            },
            "start_ticks": 204249338
          },
          {
            "pid": 711337,
            "rollup_kib": {
              "AnonHugePages": 0,
              "Anonymous": 1252,
              "FilePmdMapped": 0,
              "KSM": 0,
              "LazyFree": 0,
              "Locked": 0,
              "Private_Clean": 64,
              "Private_Dirty": 1252,
              "Private_Hugetlb": 0,
              "Pss": 3251,
              "Pss_Anon": 1252,
              "Pss_Dirty": 1252,
              "Pss_File": 1999,
              "Pss_Shmem": 0,
              "Referenced": 7740,
              "Rss": 7740,
              "Shared_Clean": 6424,
              "Shared_Dirty": 0,
              "Shared_Hugetlb": 0,
              "ShmemPmdMapped": 0,
              "Swap": 0,
              "SwapPss": 0
            },
            "start_ticks": 204249376
          },
          {
            "pid": 711338,
            "rollup_kib": {
              "AnonHugePages": 0,
              "Anonymous": 3076772,
              "FilePmdMapped": 0,
              "KSM": 0,
              "LazyFree": 0,
              "Locked": 0,
              "Private_Clean": 76,
              "Private_Dirty": 3077824,
              "Private_Hugetlb": 0,
              "Pss": 3078632,
              "Pss_Anon": 3076772,
              "Pss_Dirty": 3077824,
              "Pss_File": 1860,
              "Pss_Shmem": 0,
              "Referenced": 3082184,
              "Rss": 3082184,
              "Shared_Clean": 4284,
              "Shared_Dirty": 0,
              "Shared_Hugetlb": 0,
              "ShmemPmdMapped": 0,
              "Swap": 0,
              "SwapPss": 0
            },
            "start_ticks": 204249376
          }
        ],
        "reason": "rss_growth",
        "tree_rss_kib": 3131844
      },
      {
        "elapsed_s": 9.432,
        "processes": [
          {
            "pid": 711232,
            "rollup_kib": {
              "AnonHugePages": 0,
              "Anonymous": 29336,
              "FilePmdMapped": 0,
              "KSM": 0,
              "LazyFree": 0,
              "Locked": 0,
              "Private_Clean": 132,
              "Private_Dirty": 29336,
              "Private_Hugetlb": 0,
              "Pss": 32520,
              "Pss_Anon": 29336,
              "Pss_Dirty": 29336,
              "Pss_File": 3184,
              "Pss_Shmem": 0,
              "Referenced": 42984,
              "Rss": 42984,
              "Shared_Clean": 13516,
              "Shared_Dirty": 0,
              "Shared_Hugetlb": 0,
              "ShmemPmdMapped": 0,
              "Swap": 0,
              "SwapPss": 0
            },
            "start_ticks": 204249338
          },
          {
            "pid": 711337,
            "rollup_kib": {
              "AnonHugePages": 0,
              "Anonymous": 1252,
              "FilePmdMapped": 0,
              "KSM": 0,
              "LazyFree": 0,
              "Locked": 0,
              "Private_Clean": 3684,
              "Private_Dirty": 1252,
              "Private_Hugetlb": 0,
              "Pss": 5071,
              "Pss_Anon": 1252,
              "Pss_Dirty": 1252,
              "Pss_File": 3819,
              "Pss_Shmem": 0,
              "Referenced": 7740,
              "Rss": 7740,
              "Shared_Clean": 2804,
              "Shared_Dirty": 0,
              "Shared_Hugetlb": 0,
              "ShmemPmdMapped": 0,
              "Swap": 0,
              "SwapPss": 0
            },
            "start_ticks": 204249376
          },
          {
            "pid": 711338,
            "rollup_kib": {
              "AnonHugePages": 0,
              "Anonymous": 3370424,
              "FilePmdMapped": 0,
              "KSM": 0,
              "LazyFree": 0,
              "Locked": 0,
              "Private_Clean": 60,
              "Private_Dirty": 3371756,
              "Private_Hugetlb": 0,
              "Pss": 3372549,
              "Pss_Anon": 3370424,
              "Pss_Dirty": 3371756,
              "Pss_File": 2125,
              "Pss_Shmem": 0,
              "Referenced": 3376100,
              "Rss": 3376100,
              "Shared_Clean": 4284,
              "Shared_Dirty": 0,
              "Shared_Hugetlb": 0,
              "ShmemPmdMapped": 0,
              "Swap": 0,
              "SwapPss": 0
            },
            "start_ticks": 204249376
          }
        ],
        "reason": "rss_growth",
        "tree_rss_kib": 3425104
      },
      {
        "elapsed_s": 12.5571,
        "processes": [
          {
            "pid": 711232,
            "rollup_kib": {
              "AnonHugePages": 0,
              "Anonymous": 29336,
              "FilePmdMapped": 0,
              "KSM": 0,
              "LazyFree": 0,
              "Locked": 0,
              "Private_Clean": 132,
              "Private_Dirty": 29336,
              "Private_Hugetlb": 0,
              "Pss": 32518,
              "Pss_Anon": 29336,
              "Pss_Dirty": 29336,
              "Pss_File": 3182,
              "Pss_Shmem": 0,
              "Referenced": 42984,
              "Rss": 42984,
              "Shared_Clean": 13516,
              "Shared_Dirty": 0,
              "Shared_Hugetlb": 0,
              "ShmemPmdMapped": 0,
              "Swap": 0,
              "SwapPss": 0
            },
            "start_ticks": 204249338
          },
          {
            "pid": 711337,
            "rollup_kib": {
              "AnonHugePages": 0,
              "Anonymous": 1252,
              "FilePmdMapped": 0,
              "KSM": 0,
              "LazyFree": 0,
              "Locked": 0,
              "Private_Clean": 520,
              "Private_Dirty": 1252,
              "Private_Hugetlb": 0,
              "Pss": 3478,
              "Pss_Anon": 1252,
              "Pss_Dirty": 1252,
              "Pss_File": 2226,
              "Pss_Shmem": 0,
              "Referenced": 7740,
              "Rss": 7740,
              "Shared_Clean": 5968,
              "Shared_Dirty": 0,
              "Shared_Hugetlb": 0,
              "ShmemPmdMapped": 0,
              "Swap": 0,
              "SwapPss": 0
            },
            "start_ticks": 204249376
          },
          {
            "pid": 711338,
            "rollup_kib": {
              "AnonHugePages": 0,
              "Anonymous": 3642468,
              "FilePmdMapped": 0,
              "KSM": 0,
              "LazyFree": 0,
              "Locked": 0,
              "Private_Clean": 44,
              "Private_Dirty": 3644136,
              "Private_Hugetlb": 0,
              "Pss": 3644913,
              "Pss_Anon": 3642468,
              "Pss_Dirty": 3644136,
              "Pss_File": 2445,
              "Pss_Shmem": 0,
              "Referenced": 3648464,
              "Rss": 3648464,
              "Shared_Clean": 4284,
              "Shared_Dirty": 0,
              "Shared_Hugetlb": 0,
              "ShmemPmdMapped": 0,
              "Swap": 0,
              "SwapPss": 0
            },
            "start_ticks": 204249376
          }
        ],
        "reason": "rss_growth",
        "tree_rss_kib": 3697776
      },
      {
        "elapsed_s": 17.19,
        "processes": [
          {
            "pid": 711232,
            "rollup_kib": {
              "AnonHugePages": 0,
              "Anonymous": 29336,
              "FilePmdMapped": 0,
              "KSM": 0,
              "LazyFree": 0,
              "Locked": 0,
              "Private_Clean": 132,
              "Private_Dirty": 29336,
              "Private_Hugetlb": 0,
              "Pss": 32518,
              "Pss_Anon": 29336,
              "Pss_Dirty": 29336,
              "Pss_File": 3182,
              "Pss_Shmem": 0,
              "Referenced": 42984,
              "Rss": 42984,
              "Shared_Clean": 13516,
              "Shared_Dirty": 0,
              "Shared_Hugetlb": 0,
              "ShmemPmdMapped": 0,
              "Swap": 0,
              "SwapPss": 0
            },
            "start_ticks": 204249338
          },
          {
            "pid": 711337,
            "rollup_kib": {
              "AnonHugePages": 0,
              "Anonymous": 1252,
              "FilePmdMapped": 0,
              "KSM": 0,
              "LazyFree": 0,
              "Locked": 0,
              "Private_Clean": 432,
              "Private_Dirty": 1252,
              "Private_Hugetlb": 0,
              "Pss": 3435,
              "Pss_Anon": 1252,
              "Pss_Dirty": 1252,
              "Pss_File": 2183,
              "Pss_Shmem": 0,
              "Referenced": 7740,
              "Rss": 7740,
              "Shared_Clean": 6056,
              "Shared_Dirty": 0,
              "Shared_Hugetlb": 0,
              "ShmemPmdMapped": 0,
              "Swap": 0,
              "SwapPss": 0
            },
            "start_ticks": 204249376
          },
          {
            "pid": 711338,
            "rollup_kib": {
              "AnonHugePages": 0,
              "Anonymous": 3926696,
              "FilePmdMapped": 0,
              "KSM": 0,
              "LazyFree": 0,
              "Locked": 0,
              "Private_Clean": 80,
              "Private_Dirty": 3928940,
              "Private_Hugetlb": 0,
              "Pss": 3929757,
              "Pss_Anon": 3926696,
              "Pss_Dirty": 3928940,
              "Pss_File": 3061,
              "Pss_Shmem": 0,
              "Referenced": 3933304,
              "Rss": 3933304,
              "Shared_Clean": 4284,
              "Shared_Dirty": 0,
              "Shared_Hugetlb": 0,
              "ShmemPmdMapped": 0,
              "Swap": 0,
              "SwapPss": 0
            },
            "start_ticks": 204249376
          }
        ],
        "reason": "rss_growth",
        "tree_rss_kib": 3983128
      },
      {
        "elapsed_s": 24.3409,
        "processes": [
          {
            "pid": 711232,
            "rollup_kib": {
              "AnonHugePages": 0,
              "Anonymous": 29336,
              "FilePmdMapped": 0,
              "KSM": 0,
              "LazyFree": 0,
              "Locked": 0,
              "Private_Clean": 132,
              "Private_Dirty": 29336,
              "Private_Hugetlb": 0,
              "Pss": 32522,
              "Pss_Anon": 29336,
              "Pss_Dirty": 29336,
              "Pss_File": 3186,
              "Pss_Shmem": 0,
              "Referenced": 42984,
              "Rss": 42984,
              "Shared_Clean": 13516,
              "Shared_Dirty": 0,
              "Shared_Hugetlb": 0,
              "ShmemPmdMapped": 0,
              "Swap": 0,
              "SwapPss": 0
            },
            "start_ticks": 204249338
          },
          {
            "pid": 711337,
            "rollup_kib": {
              "AnonHugePages": 0,
              "Anonymous": 1252,
              "FilePmdMapped": 0,
              "KSM": 0,
              "LazyFree": 0,
              "Locked": 0,
              "Private_Clean": 3684,
              "Private_Dirty": 1252,
              "Private_Hugetlb": 0,
              "Pss": 5073,
              "Pss_Anon": 1252,
              "Pss_Dirty": 1252,
              "Pss_File": 3821,
              "Pss_Shmem": 0,
              "Referenced": 7740,
              "Rss": 7740,
              "Shared_Clean": 2804,
              "Shared_Dirty": 0,
              "Shared_Hugetlb": 0,
              "ShmemPmdMapped": 0,
              "Swap": 0,
              "SwapPss": 0
            },
            "start_ticks": 204249376
          },
          {
            "pid": 711338,
            "rollup_kib": {
              "AnonHugePages": 0,
              "Anonymous": 4191240,
              "FilePmdMapped": 0,
              "KSM": 0,
              "LazyFree": 0,
              "Locked": 0,
              "Private_Clean": 44,
              "Private_Dirty": 4194280,
              "Private_Hugetlb": 0,
              "Pss": 4195057,
              "Pss_Anon": 4191240,
              "Pss_Dirty": 4194280,
              "Pss_File": 3817,
              "Pss_Shmem": 0,
              "Referenced": 4198608,
              "Rss": 4198608,
              "Shared_Clean": 4284,
              "Shared_Dirty": 0,
              "Shared_Hugetlb": 0,
              "ShmemPmdMapped": 0,
              "Swap": 0,
              "SwapPss": 0
            },
            "start_ticks": 204249376
          }
        ],
        "reason": "rss_growth",
        "tree_rss_kib": 4248608
      },
      {
        "elapsed_s": 34.511,
        "processes": [
          {
            "pid": 711232,
            "rollup_kib": {
              "AnonHugePages": 0,
              "Anonymous": 29336,
              "FilePmdMapped": 0,
              "KSM": 0,
              "LazyFree": 0,
              "Locked": 0,
              "Private_Clean": 132,
              "Private_Dirty": 29336,
              "Private_Hugetlb": 0,
              "Pss": 32522,
              "Pss_Anon": 29336,
              "Pss_Dirty": 29336,
              "Pss_File": 3186,
              "Pss_Shmem": 0,
              "Referenced": 42984,
              "Rss": 42984,
              "Shared_Clean": 13516,
              "Shared_Dirty": 0,
              "Shared_Hugetlb": 0,
              "ShmemPmdMapped": 0,
              "Swap": 0,
              "SwapPss": 0
            },
            "start_ticks": 204249338
          },
          {
            "pid": 711337,
            "rollup_kib": {
              "AnonHugePages": 0,
              "Anonymous": 1252,
              "FilePmdMapped": 0,
              "KSM": 0,
              "LazyFree": 0,
              "Locked": 0,
              "Private_Clean": 3684,
              "Private_Dirty": 1252,
              "Private_Hugetlb": 0,
              "Pss": 5073,
              "Pss_Anon": 1252,
              "Pss_Dirty": 1252,
              "Pss_File": 3821,
              "Pss_Shmem": 0,
              "Referenced": 7740,
              "Rss": 7740,
              "Shared_Clean": 2804,
              "Shared_Dirty": 0,
              "Shared_Hugetlb": 0,
              "ShmemPmdMapped": 0,
              "Swap": 0,
              "SwapPss": 0
            },
            "start_ticks": 204249376
          },
          {
            "pid": 711338,
            "rollup_kib": {
              "AnonHugePages": 0,
              "Anonymous": 4462232,
              "FilePmdMapped": 0,
              "KSM": 0,
              "LazyFree": 0,
              "Locked": 0,
              "Private_Clean": 624,
              "Private_Dirty": 4465820,
              "Private_Hugetlb": 0,
              "Pss": 4467177,
              "Pss_Anon": 4462232,
              "Pss_Dirty": 4465820,
              "Pss_File": 4945,
              "Pss_Shmem": 0,
              "Referenced": 4470728,
              "Rss": 4470728,
              "Shared_Clean": 4284,
              "Shared_Dirty": 0,
              "Shared_Hugetlb": 0,
              "ShmemPmdMapped": 0,
              "Swap": 0,
              "SwapPss": 0
            },
            "start_ticks": 204249376
          }
        ],
        "reason": "rss_growth",
        "tree_rss_kib": 4520932
      },
      {
        "elapsed_s": 52.7287,
        "processes": [
          {
            "pid": 711232,
            "rollup_kib": {
              "AnonHugePages": 0,
              "Anonymous": 29336,
              "FilePmdMapped": 0,
              "KSM": 0,
              "LazyFree": 0,
              "Locked": 0,
              "Private_Clean": 132,
              "Private_Dirty": 29336,
              "Private_Hugetlb": 0,
              "Pss": 32518,
              "Pss_Anon": 29336,
              "Pss_Dirty": 29336,
              "Pss_File": 3182,
              "Pss_Shmem": 0,
              "Referenced": 42984,
              "Rss": 42984,
              "Shared_Clean": 13516,
              "Shared_Dirty": 0,
              "Shared_Hugetlb": 0,
              "ShmemPmdMapped": 0,
              "Swap": 0,
              "SwapPss": 0
            },
            "start_ticks": 204249338
          },
          {
            "pid": 711337,
            "rollup_kib": {
              "AnonHugePages": 0,
              "Anonymous": 1252,
              "FilePmdMapped": 0,
              "KSM": 0,
              "LazyFree": 0,
              "Locked": 0,
              "Private_Clean": 508,
              "Private_Dirty": 1252,
              "Private_Hugetlb": 0,
              "Pss": 3472,
              "Pss_Anon": 1252,
              "Pss_Dirty": 1252,
              "Pss_File": 2220,
              "Pss_Shmem": 0,
              "Referenced": 7740,
              "Rss": 7740,
              "Shared_Clean": 5980,
              "Shared_Dirty": 0,
              "Shared_Hugetlb": 0,
              "ShmemPmdMapped": 0,
              "Swap": 0,
              "SwapPss": 0
            },
            "start_ticks": 204249376
          },
          {
            "pid": 711338,
            "rollup_kib": {
              "AnonHugePages": 0,
              "Anonymous": 4725512,
              "FilePmdMapped": 0,
              "KSM": 0,
              "LazyFree": 0,
              "Locked": 0,
              "Private_Clean": 660,
              "Private_Dirty": 4731124,
              "Private_Hugetlb": 0,
              "Pss": 4732517,
              "Pss_Anon": 4725512,
              "Pss_Dirty": 4731124,
              "Pss_File": 7005,
              "Pss_Shmem": 0,
              "Referenced": 4736068,
              "Rss": 4736068,
              "Shared_Clean": 4284,
              "Shared_Dirty": 0,
              "Shared_Hugetlb": 0,
              "ShmemPmdMapped": 0,
              "Swap": 0,
              "SwapPss": 0
            },
            "start_ticks": 204249376
          }
        ],
        "reason": "rss_growth",
        "tree_rss_kib": 4786408
      },
      {
        "elapsed_s": 76.4891,
        "processes": [
          {
            "pid": 711232,
            "rollup_kib": {
              "AnonHugePages": 0,
              "Anonymous": 29336,
              "FilePmdMapped": 0,
              "KSM": 0,
              "LazyFree": 0,
              "Locked": 0,
              "Private_Clean": 132,
              "Private_Dirty": 29336,
              "Private_Hugetlb": 0,
              "Pss": 32528,
              "Pss_Anon": 29336,
              "Pss_Dirty": 29336,
              "Pss_File": 3192,
              "Pss_Shmem": 0,
              "Referenced": 42984,
              "Rss": 42984,
              "Shared_Clean": 13516,
              "Shared_Dirty": 0,
              "Shared_Hugetlb": 0,
              "ShmemPmdMapped": 0,
              "Swap": 0,
              "SwapPss": 0
            },
            "start_ticks": 204249338
          },
          {
            "pid": 725001,
            "rollup_kib": {
              "AnonHugePages": 0,
              "Anonymous": 1248,
              "FilePmdMapped": 0,
              "KSM": 0,
              "LazyFree": 0,
              "Locked": 0,
              "Private_Clean": 372,
              "Private_Dirty": 1248,
              "Private_Hugetlb": 0,
              "Pss": 3434,
              "Pss_Anon": 1248,
              "Pss_Dirty": 1248,
              "Pss_File": 2186,
              "Pss_Shmem": 0,
              "Referenced": 7772,
              "Rss": 7772,
              "Shared_Clean": 6152,
              "Shared_Dirty": 0,
              "Shared_Hugetlb": 0,
              "ShmemPmdMapped": 0,
              "Swap": 0,
              "SwapPss": 0
            },
            "start_ticks": 204256984
          },
          {
            "pid": 725002,
            "rollup_kib": {
              "AnonHugePages": 0,
              "Anonymous": 113152,
              "FilePmdMapped": 0,
              "KSM": 0,
              "LazyFree": 0,
              "Locked": 0,
              "Private_Clean": 300,
              "Private_Dirty": 113152,
              "Private_Hugetlb": 0,
              "Pss": 114137,
              "Pss_Anon": 113152,
              "Pss_Dirty": 113152,
              "Pss_File": 985,
              "Pss_Shmem": 0,
              "Referenced": 117296,
              "Rss": 117296,
              "Shared_Clean": 3844,
              "Shared_Dirty": 0,
              "Shared_Hugetlb": 0,
              "ShmemPmdMapped": 0,
              "Swap": 0,
              "SwapPss": 0
            },
            "start_ticks": 204256984
          }
        ],
        "reason": "phase_marker",
        "tree_rss_kib": 168052
      },
      {
        "elapsed_s": 153.4281,
        "processes": [
          {
            "pid": 711232,
            "rollup_kib": {
              "AnonHugePages": 0,
              "Anonymous": 29336,
              "FilePmdMapped": 0,
              "KSM": 0,
              "LazyFree": 0,
              "Locked": 0,
              "Private_Clean": 128,
              "Private_Dirty": 29336,
              "Private_Hugetlb": 0,
              "Pss": 32522,
              "Pss_Anon": 29336,
              "Pss_Dirty": 29336,
              "Pss_File": 3186,
              "Pss_Shmem": 0,
              "Referenced": 42984,
              "Rss": 42984,
              "Shared_Clean": 13520,
              "Shared_Dirty": 0,
              "Shared_Hugetlb": 0,
              "ShmemPmdMapped": 0,
              "Swap": 0,
              "SwapPss": 0
            },
            "start_ticks": 204249338
          },
          {
            "pid": 738529,
            "rollup_kib": {
              "AnonHugePages": 0,
              "Anonymous": 1244,
              "FilePmdMapped": 0,
              "KSM": 0,
              "LazyFree": 0,
              "Locked": 0,
              "Private_Clean": 524,
              "Private_Dirty": 1244,
              "Private_Hugetlb": 0,
              "Pss": 3424,
              "Pss_Anon": 1244,
              "Pss_Dirty": 1244,
              "Pss_File": 2180,
              "Pss_Shmem": 0,
              "Referenced": 7560,
              "Rss": 7560,
              "Shared_Clean": 5792,
              "Shared_Dirty": 0,
              "Shared_Hugetlb": 0,
              "ShmemPmdMapped": 0,
              "Swap": 0,
              "SwapPss": 0
            },
            "start_ticks": 204264642
          },
          {
            "pid": 738531,
            "rollup_kib": {
              "AnonHugePages": 0,
              "Anonymous": 1724732,
              "FilePmdMapped": 0,
              "KSM": 0,
              "LazyFree": 0,
              "Locked": 0,
              "Private_Clean": 500,
              "Private_Dirty": 1724748,
              "Private_Hugetlb": 0,
              "Pss": 1725967,
              "Pss_Anon": 1724732,
              "Pss_Dirty": 1724748,
              "Pss_File": 1235,
              "Pss_Shmem": 0,
              "Referenced": 1729436,
              "Rss": 1729436,
              "Shared_Clean": 4188,
              "Shared_Dirty": 0,
              "Shared_Hugetlb": 0,
              "ShmemPmdMapped": 0,
              "Swap": 0,
              "SwapPss": 0
            },
            "start_ticks": 204264642
          }
        ],
        "reason": "phase_marker",
        "tree_rss_kib": 1778168
      },
      {
        "elapsed_s": 229.4282,
        "processes": [
          {
            "pid": 711232,
            "rollup_kib": {
              "AnonHugePages": 0,
              "Anonymous": 29336,
              "FilePmdMapped": 0,
              "KSM": 0,
              "LazyFree": 0,
              "Locked": 0,
              "Private_Clean": 128,
              "Private_Dirty": 29336,
              "Private_Hugetlb": 0,
              "Pss": 32571,
              "Pss_Anon": 29336,
              "Pss_Dirty": 29336,
              "Pss_File": 3235,
              "Pss_Shmem": 0,
              "Referenced": 43048,
              "Rss": 43048,
              "Shared_Clean": 13584,
              "Shared_Dirty": 0,
              "Shared_Hugetlb": 0,
              "ShmemPmdMapped": 0,
              "Swap": 0,
              "SwapPss": 0
            },
            "start_ticks": 204249338
          }
        ],
        "reason": "phase_marker",
        "tree_rss_kib": 43048
      },
      {
        "elapsed_s": 229.932,
        "processes": [
          {
            "pid": 711232,
            "rollup_kib": {
              "AnonHugePages": 0,
              "Anonymous": 30420,
              "FilePmdMapped": 0,
              "KSM": 0,
              "LazyFree": 0,
              "Locked": 0,
              "Private_Clean": 132,
              "Private_Dirty": 30420,
              "Private_Hugetlb": 0,
              "Pss": 33641,
              "Pss_Anon": 30420,
              "Pss_Dirty": 30420,
              "Pss_File": 3221,
              "Pss_Shmem": 0,
              "Referenced": 44132,
              "Rss": 44132,
              "Shared_Clean": 13580,
              "Shared_Dirty": 0,
              "Shared_Hugetlb": 0,
              "ShmemPmdMapped": 0,
              "Swap": 0,
              "SwapPss": 0
            },
            "start_ticks": 204249338
          },
          {
            "pid": 752126,
            "rollup_kib": {
              "AnonHugePages": 0,
              "Anonymous": 1252,
              "FilePmdMapped": 0,
              "KSM": 0,
              "LazyFree": 0,
              "Locked": 0,
              "Private_Clean": 572,
              "Private_Dirty": 1252,
              "Private_Hugetlb": 0,
              "Pss": 3544,
              "Pss_Anon": 1252,
              "Pss_Dirty": 1252,
              "Pss_File": 2292,
              "Pss_Shmem": 0,
              "Referenced": 7824,
              "Rss": 7824,
              "Shared_Clean": 6000,
              "Shared_Dirty": 0,
              "Shared_Hugetlb": 0,
              "ShmemPmdMapped": 0,
              "Swap": 0,
              "SwapPss": 0
            },
            "start_ticks": 204272324
          },
          {
            "pid": 752128,
            "rollup_kib": {
              "AnonHugePages": 0,
              "Anonymous": 417116,
              "FilePmdMapped": 0,
              "KSM": 0,
              "LazyFree": 0,
              "Locked": 0,
              "Private_Clean": 312,
              "Private_Dirty": 417116,
              "Private_Hugetlb": 0,
              "Pss": 418130,
              "Pss_Anon": 417116,
              "Pss_Dirty": 417116,
              "Pss_File": 1014,
              "Pss_Shmem": 0,
              "Referenced": 421464,
              "Rss": 421464,
              "Shared_Clean": 4036,
              "Shared_Dirty": 0,
              "Shared_Hugetlb": 0,
              "ShmemPmdMapped": 0,
              "Swap": 0,
              "SwapPss": 0
            },
            "start_ticks": 204272324
          }
        ],
        "reason": "phase_marker",
        "tree_rss_kib": 449088
      },
      {
        "elapsed_s": 305.916,
        "processes": [
          {
            "pid": 711232,
            "rollup_kib": {
              "AnonHugePages": 0,
              "Anonymous": 30420,
              "FilePmdMapped": 0,
              "KSM": 0,
              "LazyFree": 0,
              "Locked": 0,
              "Private_Clean": 132,
              "Private_Dirty": 30420,
              "Private_Hugetlb": 0,
              "Pss": 33643,
              "Pss_Anon": 30420,
              "Pss_Dirty": 30420,
              "Pss_File": 3223,
              "Pss_Shmem": 0,
              "Referenced": 44132,
              "Rss": 44132,
              "Shared_Clean": 13580,
              "Shared_Dirty": 0,
              "Shared_Hugetlb": 0,
              "ShmemPmdMapped": 0,
              "Swap": 0,
              "SwapPss": 0
            },
            "start_ticks": 204249338
          },
          {
            "pid": 765494,
            "rollup_kib": {
              "AnonHugePages": 0,
              "Anonymous": 1244,
              "FilePmdMapped": 0,
              "KSM": 0,
              "LazyFree": 0,
              "Locked": 0,
              "Private_Clean": 3848,
              "Private_Dirty": 1244,
              "Private_Hugetlb": 0,
              "Pss": 5214,
              "Pss_Anon": 1244,
              "Pss_Dirty": 1244,
              "Pss_File": 3970,
              "Pss_Shmem": 0,
              "Referenced": 7832,
              "Rss": 7832,
              "Shared_Clean": 2740,
              "Shared_Dirty": 0,
              "Shared_Hugetlb": 0,
              "ShmemPmdMapped": 0,
              "Swap": 0,
              "SwapPss": 0
            },
            "start_ticks": 204279891
          },
          {
            "pid": 765495,
            "rollup_kib": {
              "AnonHugePages": 0,
              "Anonymous": 1725088,
              "FilePmdMapped": 0,
              "KSM": 0,
              "LazyFree": 0,
              "Locked": 0,
              "Private_Clean": 472,
              "Private_Dirty": 1725104,
              "Private_Hugetlb": 0,
              "Pss": 1726315,
              "Pss_Anon": 1725088,
              "Pss_Dirty": 1725104,
              "Pss_File": 1227,
              "Pss_Shmem": 0,
              "Referenced": 1729848,
              "Rss": 1729848,
              "Shared_Clean": 4272,
              "Shared_Dirty": 0,
              "Shared_Hugetlb": 0,
              "ShmemPmdMapped": 0,
              "Swap": 0,
              "SwapPss": 0
            },
            "start_ticks": 204279891
          }
        ],
        "reason": "phase_marker",
        "tree_rss_kib": 1779792
      },
      {
        "elapsed_s": 381.4203,
        "processes": [
          {
            "pid": 711232,
            "rollup_kib": {
              "AnonHugePages": 0,
              "Anonymous": 30812,
              "FilePmdMapped": 0,
              "KSM": 0,
              "LazyFree": 0,
              "Locked": 0,
              "Private_Clean": 132,
              "Private_Dirty": 30812,
              "Private_Hugetlb": 0,
              "Pss": 34053,
              "Pss_Anon": 30812,
              "Pss_Dirty": 30812,
              "Pss_File": 3241,
              "Pss_Shmem": 0,
              "Referenced": 44524,
              "Rss": 44524,
              "Shared_Clean": 13580,
              "Shared_Dirty": 0,
              "Shared_Hugetlb": 0,
              "ShmemPmdMapped": 0,
              "Swap": 0,
              "SwapPss": 0
            },
            "start_ticks": 204249338
          },
          {
            "pid": 779010,
            "rollup_kib": {
              "AnonHugePages": 0,
              "Anonymous": 1248,
              "FilePmdMapped": 0,
              "KSM": 0,
              "LazyFree": 0,
              "Locked": 0,
              "Private_Clean": 3616,
              "Private_Dirty": 1248,
              "Private_Hugetlb": 0,
              "Pss": 4993,
              "Pss_Anon": 1248,
              "Pss_Dirty": 1248,
              "Pss_File": 3745,
              "Pss_Shmem": 0,
              "Referenced": 7620,
              "Rss": 7620,
              "Shared_Clean": 2756,
              "Shared_Dirty": 0,
              "Shared_Hugetlb": 0,
              "ShmemPmdMapped": 0,
              "Swap": 0,
              "SwapPss": 0
            },
            "start_ticks": 204287471
          }
        ],
        "reason": "phase_marker",
        "tree_rss_kib": 52144
      },
      {
        "elapsed_s": 381.924,
        "processes": [
          {
            "pid": 711232,
            "rollup_kib": {
              "AnonHugePages": 0,
              "Anonymous": 30816,
              "FilePmdMapped": 0,
              "KSM": 0,
              "LazyFree": 0,
              "Locked": 0,
              "Private_Clean": 132,
              "Private_Dirty": 30816,
              "Private_Hugetlb": 0,
              "Pss": 34039,
              "Pss_Anon": 30816,
              "Pss_Dirty": 30816,
              "Pss_File": 3223,
              "Pss_Shmem": 0,
              "Referenced": 44528,
              "Rss": 44528,
              "Shared_Clean": 13580,
              "Shared_Dirty": 0,
              "Shared_Hugetlb": 0,
              "ShmemPmdMapped": 0,
              "Swap": 0,
              "SwapPss": 0
            },
            "start_ticks": 204249338
          },
          {
            "pid": 779030,
            "rollup_kib": {
              "AnonHugePages": 0,
              "Anonymous": 1248,
              "FilePmdMapped": 0,
              "KSM": 0,
              "LazyFree": 0,
              "Locked": 0,
              "Private_Clean": 444,
              "Private_Dirty": 1248,
              "Private_Hugetlb": 0,
              "Pss": 3354,
              "Pss_Anon": 1248,
              "Pss_Dirty": 1248,
              "Pss_File": 2106,
              "Pss_Shmem": 0,
              "Referenced": 7492,
              "Rss": 7492,
              "Shared_Clean": 5800,
              "Shared_Dirty": 0,
              "Shared_Hugetlb": 0,
              "ShmemPmdMapped": 0,
              "Swap": 0,
              "SwapPss": 0
            },
            "start_ticks": 204287483
          },
          {
            "pid": 779031,
            "rollup_kib": {
              "AnonHugePages": 0,
              "Anonymous": 1771724,
              "FilePmdMapped": 0,
              "KSM": 0,
              "LazyFree": 0,
              "Locked": 0,
              "Private_Clean": 412,
              "Private_Dirty": 1771748,
              "Private_Hugetlb": 0,
              "Pss": 1772879,
              "Pss_Anon": 1771724,
              "Pss_Dirty": 1771748,
              "Pss_File": 1155,
              "Pss_Shmem": 0,
              "Referenced": 1776388,
              "Rss": 1776388,
              "Shared_Clean": 4228,
              "Shared_Dirty": 0,
              "Shared_Hugetlb": 0,
              "ShmemPmdMapped": 0,
              "Swap": 0,
              "SwapPss": 0
            },
            "start_ticks": 204287483
          }
        ],
        "reason": "phase_marker",
        "tree_rss_kib": 1825332
      },
      {
        "elapsed_s": 457.4431,
        "processes": [
          {
            "pid": 711232,
            "rollup_kib": {
              "AnonHugePages": 0,
              "Anonymous": 30832,
              "FilePmdMapped": 0,
              "KSM": 0,
              "LazyFree": 0,
              "Locked": 0,
              "Private_Clean": 132,
              "Private_Dirty": 30832,
              "Private_Hugetlb": 0,
              "Pss": 34056,
              "Pss_Anon": 30832,
              "Pss_Dirty": 30832,
              "Pss_File": 3224,
              "Pss_Shmem": 0,
              "Referenced": 44544,
              "Rss": 44544,
              "Shared_Clean": 13580,
              "Shared_Dirty": 0,
              "Shared_Hugetlb": 0,
              "ShmemPmdMapped": 0,
              "Swap": 0,
              "SwapPss": 0
            },
            "start_ticks": 204249338
          },
          {
            "pid": 792777,
            "rollup_kib": {
              "AnonHugePages": 0,
              "Anonymous": 1248,
              "FilePmdMapped": 0,
              "KSM": 0,
              "LazyFree": 0,
              "Locked": 0,
              "Private_Clean": 284,
              "Private_Dirty": 1248,
              "Private_Hugetlb": 0,
              "Pss": 3380,
              "Pss_Anon": 1248,
              "Pss_Dirty": 1248,
              "Pss_File": 2132,
              "Pss_Shmem": 0,
              "Referenced": 7740,
              "Rss": 7740,
              "Shared_Clean": 6208,
              "Shared_Dirty": 0,
              "Shared_Hugetlb": 0,
              "ShmemPmdMapped": 0,
              "Swap": 0,
              "SwapPss": 0
            },
            "start_ticks": 204295058
          },
          {
            "pid": 792778,
            "rollup_kib": {
              "AnonHugePages": 0,
              "Anonymous": 1434972,
              "FilePmdMapped": 0,
              "KSM": 0,
              "LazyFree": 0,
              "Locked": 0,
              "Private_Clean": 452,
              "Private_Dirty": 1434980,
              "Private_Hugetlb": 0,
              "Pss": 1436136,
              "Pss_Anon": 1434972,
              "Pss_Dirty": 1434980,
              "Pss_File": 1164,
              "Pss_Shmem": 0,
              "Referenced": 1439468,
              "Rss": 1439468,
              "Shared_Clean": 4036,
              "Shared_Dirty": 0,
              "Shared_Hugetlb": 0,
              "ShmemPmdMapped": 0,
              "Swap": 0,
              "SwapPss": 0
            },
            "start_ticks": 204295058
          }
        ],
        "reason": "phase_marker",
        "tree_rss_kib": 1463820
      },
      {
        "elapsed_s": 517.366,
        "processes": [
          {
            "pid": 711232,
            "rollup_kib": {
              "AnonHugePages": 0,
              "Anonymous": 30832,
              "FilePmdMapped": 0,
              "KSM": 0,
              "LazyFree": 0,
              "Locked": 0,
              "Private_Clean": 132,
              "Private_Dirty": 30832,
              "Private_Hugetlb": 0,
              "Pss": 34056,
              "Pss_Anon": 30832,
              "Pss_Dirty": 30832,
              "Pss_File": 3224,
              "Pss_Shmem": 0,
              "Referenced": 44544,
              "Rss": 44544,
              "Shared_Clean": 13580,
              "Shared_Dirty": 0,
              "Shared_Hugetlb": 0,
              "ShmemPmdMapped": 0,
              "Swap": 0,
              "SwapPss": 0
            },
            "start_ticks": 204249338
          },
          {
            "pid": 792777,
            "rollup_kib": {
              "AnonHugePages": 0,
              "Anonymous": 1248,
              "FilePmdMapped": 0,
              "KSM": 0,
              "LazyFree": 0,
              "Locked": 0,
              "Private_Clean": 248,
              "Private_Dirty": 1248,
              "Private_Hugetlb": 0,
              "Pss": 3362,
              "Pss_Anon": 1248,
              "Pss_Dirty": 1248,
              "Pss_File": 2114,
              "Pss_Shmem": 0,
              "Referenced": 7740,
              "Rss": 7740,
              "Shared_Clean": 6244,
              "Shared_Dirty": 0,
              "Shared_Hugetlb": 0,
              "ShmemPmdMapped": 0,
              "Swap": 0,
              "SwapPss": 0
            },
            "start_ticks": 204295058
          },
          {
            "pid": 792778,
            "rollup_kib": {
              "AnonHugePages": 0,
              "Anonymous": 4989028,
              "FilePmdMapped": 0,
              "KSM": 0,
              "LazyFree": 0,
              "Locked": 0,
              "Private_Clean": 640,
              "Private_Dirty": 4994368,
              "Private_Hugetlb": 0,
              "Pss": 4995729,
              "Pss_Anon": 4989028,
              "Pss_Dirty": 4994368,
              "Pss_File": 6701,
              "Pss_Shmem": 0,
              "Referenced": 4999236,
              "Rss": 4999236,
              "Shared_Clean": 4228,
              "Shared_Dirty": 0,
              "Shared_Hugetlb": 0,
              "ShmemPmdMapped": 0,
              "Swap": 0,
              "SwapPss": 0
            },
            "start_ticks": 204295058
          }
        ],
        "reason": "rss_growth",
        "tree_rss_kib": 5051212
      },
      {
        "elapsed_s": 531.098,
        "processes": [
          {
            "pid": 711232,
            "rollup_kib": {
              "AnonHugePages": 0,
              "Anonymous": 30832,
              "FilePmdMapped": 0,
              "KSM": 0,
              "LazyFree": 0,
              "Locked": 0,
              "Private_Clean": 132,
              "Private_Dirty": 30832,
              "Private_Hugetlb": 0,
              "Pss": 34056,
              "Pss_Anon": 30832,
              "Pss_Dirty": 30832,
              "Pss_File": 3224,
              "Pss_Shmem": 0,
              "Referenced": 44544,
              "Rss": 44544,
              "Shared_Clean": 13580,
              "Shared_Dirty": 0,
              "Shared_Hugetlb": 0,
              "ShmemPmdMapped": 0,
              "Swap": 0,
              "SwapPss": 0
            },
            "start_ticks": 204249338
          },
          {
            "pid": 806098,
            "rollup_kib": {
              "AnonHugePages": 0,
              "Anonymous": 1248,
              "FilePmdMapped": 0,
              "KSM": 0,
              "LazyFree": 0,
              "Locked": 0,
              "Private_Clean": 688,
              "Private_Dirty": 1248,
              "Private_Hugetlb": 0,
              "Pss": 3586,
              "Pss_Anon": 1248,
              "Pss_Dirty": 1248,
              "Pss_File": 2338,
              "Pss_Shmem": 0,
              "Referenced": 7720,
              "Rss": 7720,
              "Shared_Clean": 5784,
              "Shared_Dirty": 0,
              "Shared_Hugetlb": 0,
              "ShmemPmdMapped": 0,
              "Swap": 0,
              "SwapPss": 0
            },
            "start_ticks": 204302436
          },
          {
            "pid": 806099,
            "rollup_kib": {
              "AnonHugePages": 0,
              "Anonymous": 628540,
              "FilePmdMapped": 0,
              "KSM": 0,
              "LazyFree": 0,
              "Locked": 0,
              "Private_Clean": 244,
              "Private_Dirty": 628540,
              "Private_Hugetlb": 0,
              "Pss": 629469,
              "Pss_Anon": 628540,
              "Pss_Dirty": 628540,
              "Pss_File": 929,
              "Pss_Shmem": 0,
              "Referenced": 632632,
              "Rss": 632632,
              "Shared_Clean": 3848,
              "Shared_Dirty": 0,
              "Shared_Hugetlb": 0,
              "ShmemPmdMapped": 0,
              "Swap": 0,
              "SwapPss": 0
            },
            "start_ticks": 204302436
          }
        ],
        "reason": "phase_marker",
        "tree_rss_kib": 684896
      },
      {
        "elapsed_s": 604.5871,
        "processes": [
          {
            "pid": 711232,
            "rollup_kib": {
              "AnonHugePages": 0,
              "Anonymous": 30832,
              "FilePmdMapped": 0,
              "KSM": 0,
              "LazyFree": 0,
              "Locked": 0,
              "Private_Clean": 132,
              "Private_Dirty": 30832,
              "Private_Hugetlb": 0,
              "Pss": 34060,
              "Pss_Anon": 30832,
              "Pss_Dirty": 30832,
              "Pss_File": 3228,
              "Pss_Shmem": 0,
              "Referenced": 44544,
              "Rss": 44544,
              "Shared_Clean": 13580,
              "Shared_Dirty": 0,
              "Shared_Hugetlb": 0,
              "ShmemPmdMapped": 0,
              "Swap": 0,
              "SwapPss": 0
            },
            "start_ticks": 204249338
          },
          {
            "pid": 819034,
            "rollup_kib": {
              "AnonHugePages": 0,
              "Anonymous": 1248,
              "FilePmdMapped": 0,
              "KSM": 0,
              "LazyFree": 0,
              "Locked": 0,
              "Private_Clean": 3760,
              "Private_Dirty": 1248,
              "Private_Hugetlb": 0,
              "Pss": 5138,
              "Pss_Anon": 1248,
              "Pss_Dirty": 1248,
              "Pss_File": 3890,
              "Pss_Shmem": 0,
              "Referenced": 7764,
              "Rss": 7764,
              "Shared_Clean": 2756,
              "Shared_Dirty": 0,
              "Shared_Hugetlb": 0,
              "ShmemPmdMapped": 0,
              "Swap": 0,
              "SwapPss": 0
            },
            "start_ticks": 204309788
          },
          {
            "pid": 819038,
            "rollup_kib": {
              "AnonHugePages": 0,
              "Anonymous": 434272,
              "FilePmdMapped": 0,
              "KSM": 0,
              "LazyFree": 0,
              "Locked": 0,
              "Private_Clean": 344,
              "Private_Dirty": 434272,
              "Private_Hugetlb": 0,
              "Pss": 435317,
              "Pss_Anon": 434272,
              "Pss_Dirty": 434272,
              "Pss_File": 1045,
              "Pss_Shmem": 0,
              "Referenced": 438652,
              "Rss": 438652,
              "Shared_Clean": 4036,
              "Shared_Dirty": 0,
              "Shared_Hugetlb": 0,
              "ShmemPmdMapped": 0,
              "Swap": 0,
              "SwapPss": 0
            },
            "start_ticks": 204309788
          }
        ],
        "reason": "phase_marker",
        "tree_rss_kib": 490960
      },
      {
        "elapsed_s": 678.5975,
        "processes": [
          {
            "pid": 711232,
            "rollup_kib": {
              "AnonHugePages": 0,
              "Anonymous": 30832,
              "FilePmdMapped": 0,
              "KSM": 0,
              "LazyFree": 0,
              "Locked": 0,
              "Private_Clean": 132,
              "Private_Dirty": 30832,
              "Private_Hugetlb": 0,
              "Pss": 34075,
              "Pss_Anon": 30832,
              "Pss_Dirty": 30832,
              "Pss_File": 3243,
              "Pss_Shmem": 0,
              "Referenced": 44544,
              "Rss": 44544,
              "Shared_Clean": 13580,
              "Shared_Dirty": 0,
              "Shared_Hugetlb": 0,
              "ShmemPmdMapped": 0,
              "Swap": 0,
              "SwapPss": 0
            },
            "start_ticks": 204249338
          }
        ],
        "reason": "phase_marker",
        "tree_rss_kib": 44544
      },
      {
        "elapsed_s": 679.1009,
        "processes": [],
        "reason": "terminal",
        "tree_rss_kib": 0
      }
    ],
    "status": "complete",
    "temporary_disk_limit_bytes": 16000000000,
    "wall_time_limit_seconds": null
  }
}
