{"command": ["/usr/bin/python3", "/home/x/deco/gamma/projects/enwiki9/tools/run_with_resource_guard_v3.py", "--limit-kib", "9765624", "--official-decimal-limit-kib", "9765624", "--limit-mode", "tree", "--cgroup-path", "/sys/fs/cgroup/user.slice/user-1000.slice/user@1000.service/app.slice/gamma-enwiki9-20260915T015930Z_2e504bf5f1", "--cgroup-memory-max-bytes", "9999998976", "--temporary-disk-limit-bytes", "24000000000", "--phase-marker-path", "/home/x/deco/gamma/projects/enwiki9/run_logs/adaptive/20260915T015930Z_2e504bf5f1.resources/phases.jsonl", "--max-logical-cpus", "1", "--guard-json", "/home/x/deco/gamma/projects/enwiki9/run_logs/adaptive/20260915T015930Z_2e504bf5f1.resources/guard.json", "--label", "20260915T015930Z_2e504bf5f1", "--phase", "diagnostic", "--scratch-path", "/home/x/deco/gamma/projects/enwiki9/results/fx2_expert_release250k_v2", "--scratch-path", "/home/x/deco/gamma/projects/enwiki9/run_logs/adaptive/20260915T015930Z_2e504bf5f1.log", "--scratch-path", "/home/x/deco/gamma/projects/enwiki9/run_logs/adaptive/20260915T015930Z_2e504bf5f1.resources", "--scratch-path", "/var/tmp/gamma-enwiki9-20260915T015930Z_2e504bf5f1-s5n5m5pg/fx2_expert_release250k_v2", "--", "/usr/bin/taskset", "--cpu-list", "2", "/bin/sh", "-c", "printf '%s\\n' '{\"phase\":\"diagnostic\",\"event\":\"worker_start\",\"detail\":\"operational envelope only; no codec phase credit\"}' >> \"$GAMMA_RESOURCE_PHASE_MARKERS\" || exit 125; exec \"$@\"", "enwiki9-discovery-envelope", "/usr/bin/python3", "/home/x/deco/gamma/projects/enwiki9/tools/fx2_expert_release250k_v2.py"], "job": {"candidate_id": "fx2_expert_release250k_v2", "candidate_revision": {"path": "operations/adaptive/candidate-revisions/fx2_expert_release250k_v2/20260915T015929795254Z_416ad8f7955c.json", "sha256": "sha256:985f3d4bb528e7e6cd2c366d6c67fbeab1aa7c6145751ce166a776cc4adc39fa"}, "candidate_tree_sha256": "sha256:416ad8f7955c50f24dad45409a67994e41c729748370913b43cc35ef6cfb5e59", "execution_guard": {"path": "tools/run_with_resource_guard_v3.py", "sha256": "sha256:044147f7ffe6922ea8dafd52fc3d4426077b20958adbcd421245ad41adcfc1e4"}, "execution_mode": "discovery", "execution_resources": {"boot_id": "3ce46712-27bc-4199-8e48-e2b3d23926cb", "budget": {"cgroup_parent": "/sys/fs/cgroup/user.slice/user-1000.slice/user@1000.service/app.slice", "cpus": [2], "memory_bytes": 9999998976, "scratch_bytes": 24000000000, "swap_bytes": 0, "wall_seconds": 1800}, "cgroup_inode": 326994, "cgroup_path": "/sys/fs/cgroup/user.slice/user-1000.slice/user@1000.service/app.slice/gamma-enwiki9-20260915T015930Z_2e504bf5f1", "cpu_enforcement": "taskset-and-sampled-affinity-guard", "groups": [{"created": true, "inode": 326994, "kernel_cpuset": false, "memory_bytes": 9999998976, "path": "/sys/fs/cgroup/user.slice/user-1000.slice/user@1000.service/app.slice/gamma-enwiki9-20260915T015930Z_2e504bf5f1"}], "guard_command_sha256": "cf300f23d7a77a0cabadce94432877fd482b4a78680995f5f2daaa4265d03184", "guard_path": "run_logs/adaptive/20260915T015930Z_2e504bf5f1.resources/guard.json", "missing_diagnostics": ["kernel cpuset controller is not delegated; taskset assignment and existing affinity guard remain active"], "timing_authority": "diagnostic"}, "experiment": {"path": "operations/adaptive/experiments/fx2_expert_release250k_v2.json", "sha256": "sha256:8841e1ef849eb549306a4a62a70a5cd30faf8862102e8fc274f95a86f7c8f157"}, "gate_size": 250000, "held": false, "held_at": "2026-09-15T01:59:30+00:00", "hold_history": [{"at": "2026-09-15T01:59:30+00:00", "held": true, "reason": "Source and ownership publication, fresh resource admission required."}, {"at": "2026-09-15T02:05:09+00:00", "held": false, "reason": "Published9e37d8549 and162 input Git blobs verified; fresh retry admission"}], "job_id": "20260915T015930Z_2e504bf5f1", "priority": 80, "proposal": {"path": "operations/adaptive/proposals/developed/929_fx2_expert_release250k_v2.json", "sha256": "sha256:e66288345affe1b05c16f3c8553751f3d9561fe3df2ada84d00fb80619fec2af"}, "proposal_id": "fx2_expert_release250k_v2", "purpose": "diagnostic", "released_at": "2026-09-15T02:05:09+00:00", "resource_budget": {"cgroup_parent": "/sys/fs/cgroup/user.slice/user-1000.slice/user@1000.service/app.slice", "cpus": [2], "memory_bytes": 9999998976, "scratch_bytes": 24000000000, "swap_bytes": 0, "wall_seconds": 1800}, "runner": {"path": "tools/fx2_expert_release250k_v2.py", "sha256": "sha256:dc27b91a3395e386c47923918a3894f542556705d73543c53c06af8c9193f0fc"}, "schema": "gamma.enwiki9.adaptive-job.v3", "scratch_directories": ["results/fx2_expert_release250k_v2"], "started_at": "2026-09-15T02:05:18+00:00", "state": "running", "submitted_at": "2026-09-15T01:59:30+00:00", "tags": [], "timing_authority": "diagnostic", "tool": "tools/fx2_expert_release250k_v2.py", "tool_args": []}}
{"status": "execution_failed", "scientific_verdict": "Incomplete release proof; preserve completed measurements.", "error": "P-compile exited 2"}
{
  "resource_guard": {
    "cgroup": {
      "inode": 326994,
      "joined_before_exec": true,
      "memory_max_bytes": 9999998976,
      "memory_max_rounding_bytes": 0,
      "memory_peak_reset": true,
      "path": "/sys/fs/cgroup/user.slice/user-1000.slice/user@1000.service/app.slice/gamma-enwiki9-20260915T015930Z_2e504bf5f1",
      "previous_memory_max": "9999998976",
      "requested_memory_max_bytes": 9999998976
    },
    "cgroup_events": {
      "baseline": {
        "high": 0,
        "low": 0,
        "max": 0,
        "oom": 0,
        "oom_group_kill": 0,
        "oom_kill": 0,
        "sock_throttled": 0
      },
      "delta": {
        "high": 0,
        "low": 0,
        "max": 0,
        "oom": 0,
        "oom_group_kill": 0,
        "oom_kill": 0,
        "sock_throttled": 0
      },
      "final": {
        "high": 0,
        "low": 0,
        "max": 0,
        "oom": 0,
        "oom_group_kill": 0,
        "oom_kill": 0,
        "sock_throttled": 0
      }
    },
    "command": [
      "/usr/bin/taskset",
      "--cpu-list",
      "2",
      "/bin/sh",
      "-c",
      "printf '%s\\n' '{\"phase\":\"diagnostic\",\"event\":\"worker_start\",\"detail\":\"operational envelope only; no codec phase credit\"}' >> \"$GAMMA_RESOURCE_PHASE_MARKERS\" || exit 125; exec \"$@\"",
      "enwiki9-discovery-envelope",
      "/usr/bin/python3",
      "/home/x/deco/gamma/projects/enwiki9/tools/fx2_expert_release250k_v2.py"
    ],
    "command_sha256": "beb04a9a8a8ef184249e894c73f4d5ed25d2cd7db1bbea08473fc5a178d01592",
    "elapsed_s": 8.0641,
    "geekbench5_single_core_score": null,
    "guards": {
      "cgroup_memory_guard_exceeded": false,
      "logical_cpu_guard_exceeded": false,
      "measurement_incomplete": false,
      "official_decimal_memory_exceeded": false,
      "phase_marker_invalid": false,
      "rss_guard_exceeded": false,
      "temporary_disk_guard_exceeded": false,
      "wall_time_guard_exceeded": false
    },
    "label": "20260915T015930Z_2e504bf5f1",
    "latest_sample": {
      "allowed_cpu_union": [],
      "cgroup_current_bytes": 15794176,
      "elapsed_s": 8.0624,
      "max_single_rss_kib": 0,
      "persistent_status_misses": [],
      "processes": [],
      "scratch_allocated_bytes": 14819328,
      "scratch_file_count": 169,
      "scratch_logical_bytes": 14299824,
      "scratch_race_count": 0,
      "tree_live_threads": 0,
      "tree_rss_kib": 0,
      "tree_runnable_threads": 0
    },
    "limit_kib": 9765624,
    "limit_mode": "tree",
    "max_logical_cpus": 1,
    "measurements": {
      "affinity_complete": true,
      "cgroup_v2_complete": true,
      "per_process_vmhwm_sampled": true,
      "phase_markers_complete": true,
      "process_tree_rss_complete": true,
      "scratch_logical_and_allocated_complete": true,
      "smaps_rollup_complete": true
    },
    "objective": {
      "corpusBytes": 1000000000,
      "corpusSha256": "159b85351e5f76e60cbe32e04c677847a9ecba3adc79addab6f4c6c7aa3744bc",
      "objectiveDigest": "sha256:e91ff20e92c3cac8acb0cbe5c79fc8e8a3b427d7e151245c8eecc52b1c32fa00",
      "objectiveId": "gamma-enwiki9-hutter-90m-v3",
      "objectivePath": "contracts/research/v3/objective-contract.json",
      "targetScoreBytes": 90000000
    },
    "official_decimal_limit_kib": 9765624,
    "peak_process_vmhwm": {
      "comm": "cc1plus",
      "observed_elapsed_s": 7.0583,
      "pid": 1858932,
      "start_ticks": 253406291,
      "vmhwm_kib": 333368
    },
    "peak_sample": {
      "allowed_cpu_union": [
        2
      ],
      "cgroup_current_bytes": 384880640,
      "elapsed_s": 7.0583,
      "max_single_rss_kib": 333368,
      "persistent_status_misses": [],
      "processes": [
        {
          "allowed_cpus": [
            2
          ],
          "comm": "python3",
          "live_threads": 1,
          "pid": 1857753,
          "rss_kib": 67588,
          "runnable_threads": 0,
          "start_ticks": 253405678,
          "vmhwm_kib": 72256
        },
        {
          "allowed_cpus": [
            2
          ],
          "comm": "timeout",
          "live_threads": 1,
          "pid": 1857846,
          "rss_kib": 7576,
          "runnable_threads": 0,
          "start_ticks": 253405728,
          "vmhwm_kib": 7576
        },
        {
          "allowed_cpus": [
            2
          ],
          "comm": "make",
          "live_threads": 1,
          "pid": 1857848,
          "rss_kib": 2620,
          "runnable_threads": 0,
          "start_ticks": 253405728,
          "vmhwm_kib": 2620
        },
        {
          "allowed_cpus": [
            2
          ],
          "comm": "g++",
          "live_threads": 1,
          "pid": 1857851,
          "rss_kib": 3184,
          "runnable_threads": 0,
          "start_ticks": 253405728,
          "vmhwm_kib": 3184
        },
        {
          "allowed_cpus": [
            2
          ],
          "comm": "cc1plus",
          "live_threads": 1,
          "pid": 1858932,
          "rss_kib": 333368,
          "runnable_threads": 1,
          "start_ticks": 253406291,
          "vmhwm_kib": 333368
        }
      ],
      "scratch_allocated_bytes": 14753792,
      "scratch_file_count": 165,
      "scratch_logical_bytes": 14247513,
      "scratch_race_count": 0,
      "tree_live_threads": 5,
      "tree_rss_kib": 414336,
      "tree_runnable_threads": 1
    },
    "peak_tree_sample": {
      "allowed_cpu_union": [
        2
      ],
      "cgroup_current_bytes": 384880640,
      "elapsed_s": 7.0583,
      "max_single_rss_kib": 333368,
      "persistent_status_misses": [],
      "processes": [
        {
          "allowed_cpus": [
            2
          ],
          "comm": "python3",
          "live_threads": 1,
          "pid": 1857753,
          "rss_kib": 67588,
          "runnable_threads": 0,
          "start_ticks": 253405678,
          "vmhwm_kib": 72256
        },
        {
          "allowed_cpus": [
            2
          ],
          "comm": "timeout",
          "live_threads": 1,
          "pid": 1857846,
          "rss_kib": 7576,
          "runnable_threads": 0,
          "start_ticks": 253405728,
          "vmhwm_kib": 7576
        },
        {
          "allowed_cpus": [
            2
          ],
          "comm": "make",
          "live_threads": 1,
          "pid": 1857848,
          "rss_kib": 2620,
          "runnable_threads": 0,
          "start_ticks": 253405728,
          "vmhwm_kib": 2620
        },
        {
          "allowed_cpus": [
            2
          ],
          "comm": "g++",
          "live_threads": 1,
          "pid": 1857851,
          "rss_kib": 3184,
          "runnable_threads": 0,
          "start_ticks": 253405728,
          "vmhwm_kib": 3184
        },
        {
          "allowed_cpus": [
            2
          ],
          "comm": "cc1plus",
          "live_threads": 1,
          "pid": 1858932,
          "rss_kib": 333368,
          "runnable_threads": 1,
          "start_ticks": 253406291,
          "vmhwm_kib": 333368
        }
      ],
      "scratch_allocated_bytes": 14753792,
      "scratch_file_count": 165,
      "scratch_logical_bytes": 14247513,
      "scratch_race_count": 0,
      "tree_live_threads": 5,
      "tree_rss_kib": 414336,
      "tree_runnable_threads": 1
    },
    "peaks": {
      "cgroup_memory_peak_bytes": 397725696,
      "max_observed_process_vmhwm_kib": 333368,
      "max_sampled_allowed_cpu_count": 1,
      "max_sampled_cgroup_current_bytes": 384880640,
      "max_sampled_scratch_allocated_bytes": 14819328,
      "max_sampled_scratch_logical_bytes": 14299824,
      "max_sampled_single_rss_kib": 333368,
      "max_sampled_tree_live_threads": 5,
      "max_sampled_tree_rss_kib": 414336,
      "max_sampled_tree_runnable_threads": 1
    },
    "phase": "diagnostic",
    "phase_marker_path": "/home/x/deco/gamma/projects/enwiki9/run_logs/adaptive/20260915T015930Z_2e504bf5f1.resources/phases.jsonl",
    "phase_markers": [
      {
        "detail": "operational envelope only; no codec phase credit",
        "event": "worker_start",
        "observed_elapsed_s": 0.0229,
        "phase": "diagnostic",
        "source_line": 1
      },
      {
        "detail": null,
        "event": "start",
        "observed_elapsed_s": 0.524,
        "phase": "P-compile",
        "source_line": 2
      },
      {
        "detail": null,
        "event": "end",
        "observed_elapsed_s": 8.0624,
        "phase": "P-compile",
        "source_line": 3
      }
    ],
    "returncode": 1,
    "sample_count": 17,
    "sample_interval_seconds": 0.5,
    "schema": "gamma.enwiki9.resource-guard-receipt.v3",
    "scratch_paths": [
      "/home/x/deco/gamma/projects/enwiki9/results/fx2_expert_release250k_v2",
      "/home/x/deco/gamma/projects/enwiki9/run_logs/adaptive/20260915T015930Z_2e504bf5f1.log",
      "/home/x/deco/gamma/projects/enwiki9/run_logs/adaptive/20260915T015930Z_2e504bf5f1.resources",
      "/var/tmp/gamma-enwiki9-20260915T015930Z_2e504bf5f1-s5n5m5pg/fx2_expert_release250k_v2"
    ],
    "smaps_rollup_checkpoints": [
      {
        "elapsed_s": 0.0229,
        "processes": [
          {
            "pid": 1857753,
            "rollup_kib": {
              "AnonHugePages": 0,
              "Anonymous": 3660,
              "FilePmdMapped": 0,
              "KSM": 0,
              "LazyFree": 0,
              "Locked": 0,
              "Private_Clean": 24,
              "Private_Dirty": 3660,
              "Private_Hugetlb": 0,
              "Pss": 5156,
              "Pss_Anon": 3660,
              "Pss_Dirty": 3660,
              "Pss_File": 1496,
              "Pss_Shmem": 0,
              "Referenced": 10272,
              "Rss": 10272,
              "Shared_Clean": 6588,
              "Shared_Dirty": 0,
              "Shared_Hugetlb": 0,
              "ShmemPmdMapped": 0,
              "Swap": 0,
              "SwapPss": 0
            },
            "start_ticks": 253405678
          }
        ],
        "reason": "initial+phase_marker+rss_growth",
        "tree_rss_kib": 9728
      },
      {
        "elapsed_s": 0.524,
        "processes": [
          {
            "pid": 1857753,
            "rollup_kib": {
              "AnonHugePages": 0,
              "Anonymous": 55276,
              "FilePmdMapped": 0,
              "KSM": 0,
              "LazyFree": 0,
              "Locked": 0,
              "Private_Clean": 180,
              "Private_Dirty": 55276,
              "Private_Hugetlb": 0,
              "Pss": 57747,
              "Pss_Anon": 55276,
              "Pss_Dirty": 55276,
              "Pss_File": 2471,
              "Pss_Shmem": 0,
              "Referenced": 67588,
              "Rss": 67588,
              "Shared_Clean": 12132,
              "Shared_Dirty": 0,
              "Shared_Hugetlb": 0,
              "ShmemPmdMapped": 0,
              "Swap": 0,
              "SwapPss": 0
            },
            "start_ticks": 253405678
          },
          {
            "pid": 1857846,
            "rollup_kib": {
              "AnonHugePages": 0,
              "Anonymous": 1244,
              "FilePmdMapped": 0,
              "KSM": 0,
              "LazyFree": 0,
              "Locked": 0,
              "Private_Clean": 300,
              "Private_Dirty": 1244,
              "Private_Hugetlb": 0,
              "Pss": 3356,
              "Pss_Anon": 1244,
              "Pss_Dirty": 1244,
              "Pss_File": 2112,
              "Pss_Shmem": 0,
              "Referenced": 7576,
              "Rss": 7576,
              "Shared_Clean": 6032,
              "Shared_Dirty": 0,
              "Shared_Hugetlb": 0,
              "ShmemPmdMapped": 0,
              "Swap": 0,
              "SwapPss": 0
            },
            "start_ticks": 253405728
          },
          {
            "pid": 1857848,
            "rollup_kib": {
              "AnonHugePages": 0,
              "Anonymous": 384,
              "FilePmdMapped": 0,
              "KSM": 0,
              "LazyFree": 0,
              "Locked": 0,
              "Private_Clean": 276,
              "Private_Dirty": 384,
              "Private_Hugetlb": 0,
              "Pss": 732,
              "Pss_Anon": 384,
              "Pss_Dirty": 384,
              "Pss_File": 348,
              "Pss_Shmem": 0,
              "Referenced": 2620,
              "Rss": 2620,
              "Shared_Clean": 1960,
              "Shared_Dirty": 0,
              "Shared_Hugetlb": 0,
              "ShmemPmdMapped": 0,
              "Swap": 0,
              "SwapPss": 0
            },
            "start_ticks": 253405728
          },
          {
            "pid": 1857851,
            "rollup_kib": {
              "AnonHugePages": 0,
              "Anonymous": 280,
              "FilePmdMapped": 0,
              "KSM": 0,
              "LazyFree": 0,
              "Locked": 0,
              "Private_Clean": 1004,
              "Private_Dirty": 280,
              "Private_Hugetlb": 0,
              "Pss": 1352,
              "Pss_Anon": 280,
              "Pss_Dirty": 280,
              "Pss_File": 1072,
              "Pss_Shmem": 0,
              "Referenced": 3124,
              "Rss": 3124,
              "Shared_Clean": 1840,
              "Shared_Dirty": 0,
              "Shared_Hugetlb": 0,
              "ShmemPmdMapped": 0,
              "Swap": 0,
              "SwapPss": 0
            },
            "start_ticks": 253405728
          },
          {
            "pid": 1857852,
            "rollup_kib": {
              "AnonHugePages": 0,
              "Anonymous": 12808,
              "FilePmdMapped": 0,
              "KSM": 0,
              "LazyFree": 0,
              "Locked": 0,
              "Private_Clean": 6404,
              "Private_Dirty": 12808,
              "Private_Hugetlb": 0,
              "Pss": 19327,
              "Pss_Anon": 12808,
              "Pss_Dirty": 12808,
              "Pss_File": 6519,
              "Pss_Shmem": 0,
              "Referenced": 21728,
              "Rss": 21728,
              "Shared_Clean": 2516,
              "Shared_Dirty": 0,
              "Shared_Hugetlb": 0,
              "ShmemPmdMapped": 0,
              "Swap": 0,
              "SwapPss": 0
            },
            "start_ticks": 253405728
          }
        ],
        "reason": "phase_marker",
        "tree_rss_kib": 102092
      },
      {
        "elapsed_s": 4.0401,
        "processes": [
          {
            "pid": 1857753,
            "rollup_kib": {
              "AnonHugePages": 0,
              "Anonymous": 55276,
              "FilePmdMapped": 0,
              "KSM": 0,
              "LazyFree": 0,
              "Locked": 0,
              "Private_Clean": 180,
              "Private_Dirty": 55276,
              "Private_Hugetlb": 0,
              "Pss": 57751,
              "Pss_Anon": 55276,
              "Pss_Dirty": 55276,
              "Pss_File": 2475,
              "Pss_Shmem": 0,
              "Referenced": 67588,
              "Rss": 67588,
              "Shared_Clean": 12132,
              "Shared_Dirty": 0,
              "Shared_Hugetlb": 0,
              "ShmemPmdMapped": 0,
              "Swap": 0,
              "SwapPss": 0
            },
            "start_ticks": 253405678
          },
          {
            "pid": 1857846,
            "rollup_kib": {
              "AnonHugePages": 0,
              "Anonymous": 1244,
              "FilePmdMapped": 0,
              "KSM": 0,
              "LazyFree": 0,
              "Locked": 0,
              "Private_Clean": 3684,
              "Private_Dirty": 1244,
              "Private_Hugetlb": 0,
              "Pss": 5055,
              "Pss_Anon": 1244,
              "Pss_Dirty": 1244,
              "Pss_File": 3811,
              "Pss_Shmem": 0,
              "Referenced": 7576,
              "Rss": 7576,
              "Shared_Clean": 2648,
              "Shared_Dirty": 0,
              "Shared_Hugetlb": 0,
              "ShmemPmdMapped": 0,
              "Swap": 0,
              "SwapPss": 0
            },
            "start_ticks": 253405728
          },
          {
            "pid": 1857848,
            "rollup_kib": {
              "AnonHugePages": 0,
              "Anonymous": 384,
              "FilePmdMapped": 0,
              "KSM": 0,
              "LazyFree": 0,
              "Locked": 0,
              "Private_Clean": 276,
              "Private_Dirty": 384,
              "Private_Hugetlb": 0,
              "Pss": 735,
              "Pss_Anon": 384,
              "Pss_Dirty": 384,
              "Pss_File": 351,
              "Pss_Shmem": 0,
              "Referenced": 2620,
              "Rss": 2620,
              "Shared_Clean": 1960,
              "Shared_Dirty": 0,
              "Shared_Hugetlb": 0,
              "ShmemPmdMapped": 0,
              "Swap": 0,
              "SwapPss": 0
            },
            "start_ticks": 253405728
          },
          {
            "pid": 1857851,
            "rollup_kib": {
              "AnonHugePages": 0,
              "Anonymous": 320,
              "FilePmdMapped": 0,
              "KSM": 0,
              "LazyFree": 0,
              "Locked": 0,
              "Private_Clean": 1004,
              "Private_Dirty": 320,
              "Private_Hugetlb": 0,
              "Pss": 1394,
              "Pss_Anon": 320,
              "Pss_Dirty": 320,
              "Pss_File": 1074,
              "Pss_Shmem": 0,
              "Referenced": 3164,
              "Rss": 3164,
              "Shared_Clean": 1840,
              "Shared_Dirty": 0,
              "Shared_Hugetlb": 0,
              "ShmemPmdMapped": 0,
              "Swap": 0,
              "SwapPss": 0
            },
            "start_ticks": 253405728
          },
          {
            "pid": 1858336,
            "rollup_kib": {
              "AnonHugePages": 0,
              "Anonymous": 259480,
              "FilePmdMapped": 0,
              "KSM": 0,
              "LazyFree": 0,
              "Locked": 0,
              "Private_Clean": 29168,
              "Private_Dirty": 259480,
              "Private_Hugetlb": 0,
              "Pss": 288877,
              "Pss_Anon": 259480,
              "Pss_Dirty": 259480,
              "Pss_File": 29397,
              "Pss_Shmem": 0,
              "Referenced": 291508,
              "Rss": 291508,
              "Shared_Clean": 2860,
              "Shared_Dirty": 0,
              "Shared_Hugetlb": 0,
              "ShmemPmdMapped": 0,
              "Swap": 0,
              "SwapPss": 0
            },
            "start_ticks": 253405975
          }
        ],
        "reason": "rss_growth",
        "tree_rss_kib": 372340
      },
      {
        "elapsed_s": 8.0624,
        "processes": [],
        "reason": "phase_marker+terminal",
        "tree_rss_kib": 0
      }
    ],
    "status": "complete",
    "temporary_disk_limit_bytes": 24000000000,
    "wall_time_limit_seconds": null
  }
}
