{"command": ["/usr/bin/python3", "/home/x/deco/gamma/projects/enwiki9/tools/run_with_resource_guard_v3.py", "--limit-kib", "1048576", "--official-decimal-limit-kib", "1048576", "--limit-mode", "tree", "--cgroup-path", "/sys/fs/cgroup/user.slice/user-1000.slice/user@1000.service/app.slice/gamma-enwiki9-20260915T200555Z_a739562cd4", "--cgroup-memory-max-bytes", "1073741824", "--temporary-disk-limit-bytes", "134217728", "--phase-marker-path", "/home/x/deco/gamma/projects/enwiki9/run_logs/adaptive/20260915T200555Z_a739562cd4.resources/phases.jsonl", "--max-logical-cpus", "1", "--guard-json", "/home/x/deco/gamma/projects/enwiki9/run_logs/adaptive/20260915T200555Z_a739562cd4.resources/guard.json", "--label", "20260915T200555Z_a739562cd4", "--phase", "diagnostic", "--scratch-path", "/home/x/deco/gamma/projects/enwiki9/results/fx2_causal_residual_finite250k_v1", "--scratch-path", "/home/x/deco/gamma/projects/enwiki9/run_logs/adaptive/20260915T200555Z_a739562cd4.log", "--scratch-path", "/home/x/deco/gamma/projects/enwiki9/run_logs/adaptive/20260915T200555Z_a739562cd4.resources", "--scratch-path", "/tmp/gamma-enwiki9-20260915T200555Z_a739562cd4-q6onj1wu/fx2_causal_residual_finite250k_v1", "--", "/usr/bin/taskset", "--cpu-list", "3", "/bin/sh", "-c", "printf '%s\\n' '{\"phase\":\"diagnostic\",\"event\":\"worker_start\",\"detail\":\"operational envelope only; no codec phase credit\"}' >> \"$GAMMA_RESOURCE_PHASE_MARKERS\" || exit 125; exec \"$@\"", "enwiki9-discovery-envelope", "/usr/bin/python3", "/home/x/deco/gamma/projects/enwiki9/tools/fx2_causal_residual_finite_gate_v1.py"], "job": {"candidate_id": "fx2_causal_residual_finite250k_v1", "candidate_revision": {"path": "operations/adaptive/candidate-revisions/fx2_causal_residual_finite250k_v1/20260915T200554753035Z_0e8ddb6d346e.json", "sha256": "sha256:a792c2f4265788f1141334bd6d73eb3c243f8500f065930c8e86f885b51d43f7"}, "candidate_tree_sha256": "sha256:0e8ddb6d346e096d9607cc4d31454386e59ea529c51239f3f687af09cdee0507", "execution_guard": {"path": "tools/run_with_resource_guard_v3.py", "sha256": "sha256:044147f7ffe6922ea8dafd52fc3d4426077b20958adbcd421245ad41adcfc1e4"}, "execution_mode": "discovery", "execution_resources": {"boot_id": "3ce46712-27bc-4199-8e48-e2b3d23926cb", "budget": {"cgroup_parent": "/sys/fs/cgroup/user.slice/user-1000.slice/user@1000.service/app.slice", "cpus": [3], "memory_bytes": 1073741824, "scratch_bytes": 134217728, "swap_bytes": 0, "wall_seconds": 900}, "cgroup_inode": 334935, "cgroup_path": "/sys/fs/cgroup/user.slice/user-1000.slice/user@1000.service/app.slice/gamma-enwiki9-20260915T200555Z_a739562cd4", "cpu_enforcement": "taskset-and-sampled-affinity-guard", "groups": [{"created": true, "inode": 334935, "kernel_cpuset": false, "memory_bytes": 1073741824, "path": "/sys/fs/cgroup/user.slice/user-1000.slice/user@1000.service/app.slice/gamma-enwiki9-20260915T200555Z_a739562cd4"}], "guard_command_sha256": "9986830f60271d40db44d3ef6495af3a64de9d7ca1e40383a7698be527c61d65", "guard_path": "run_logs/adaptive/20260915T200555Z_a739562cd4.resources/guard.json", "missing_diagnostics": ["kernel cpuset controller is not delegated; taskset assignment and existing affinity guard remain active"], "timing_authority": "diagnostic"}, "experiment": {"path": "operations/adaptive/experiments/fx2_causal_residual_finite250k_v1.json", "sha256": "sha256:f26b708395e5172a3d1acedecfe6f67c942e7d16d214c0cda24485ff3da7f4ed"}, "gate_size": 250000, "held": false, "held_at": "2026-09-15T20:05:55+00:00", "hold_history": [{"at": "2026-09-15T20:05:55+00:00", "held": true, "reason": "Publish frozen source andownership; admit fresh CPU3resources before causal corpus analysis."}, {"at": "2026-09-15T20:07:47+00:00", "held": false, "reason": "Published frozen finite-grid verification; all35inputs rehashed and fresh CPU3 admission passes. No parameter or parent change."}], "job_id": "20260915T200555Z_a739562cd4", "priority": 80, "proposal": {"path": "operations/adaptive/proposals/developed/949_fx2_causal_residual_finite250k_v1.json", "sha256": "sha256:d95d75c4983d82a0a78ec7a18d6a83afc0209fb673fd2e3e713c1f39fe63cd00"}, "proposal_id": "fx2_causal_residual_finite250k_v1", "purpose": "diagnostic", "released_at": "2026-09-15T20:07:47+00:00", "resource_budget": {"cgroup_parent": "/sys/fs/cgroup/user.slice/user-1000.slice/user@1000.service/app.slice", "cpus": [3], "memory_bytes": 1073741824, "scratch_bytes": 134217728, "swap_bytes": 0, "wall_seconds": 900}, "runner": {"path": "tools/fx2_causal_residual_finite_gate_v1.py", "sha256": "sha256:a5fcf1e1e4085ee55fd8a1a75e8503d4b26878f2125d40b1e9e52d6626867730"}, "schema": "gamma.enwiki9.adaptive-job.v3", "scratch_directories": ["results/fx2_causal_residual_finite250k_v1"], "started_at": "2026-09-15T20:08:07+00:00", "state": "running", "submitted_at": "2026-09-15T20:05:55+00:00", "tags": [], "timing_authority": "diagnostic", "tool": "tools/fx2_causal_residual_finite_gate_v1.py", "tool_args": []}}
{"status": "passed", "verdict": "Frozen local correction grid fails conditional archive/control economics.", "finite_replay": true}
{
  "resource_guard": {
    "cgroup": {
      "inode": 334935,
      "joined_before_exec": true,
      "memory_max_bytes": 1073741824,
      "memory_max_rounding_bytes": 0,
      "memory_peak_reset": true,
      "path": "/sys/fs/cgroup/user.slice/user-1000.slice/user@1000.service/app.slice/gamma-enwiki9-20260915T200555Z_a739562cd4",
      "previous_memory_max": "1073741824",
      "requested_memory_max_bytes": 1073741824
    },
    "cgroup_events": {
      "baseline": {
        "high": 0,
        "low": 0,
        "max": 0,
        "oom": 0,
        "oom_group_kill": 0,
        "oom_kill": 0,
        "sock_throttled": 0
      },
      "delta": {
        "high": 0,
        "low": 0,
        "max": 0,
        "oom": 0,
        "oom_group_kill": 0,
        "oom_kill": 0,
        "sock_throttled": 0
      },
      "final": {
        "high": 0,
        "low": 0,
        "max": 0,
        "oom": 0,
        "oom_group_kill": 0,
        "oom_kill": 0,
        "sock_throttled": 0
      }
    },
    "command": [
      "/usr/bin/taskset",
      "--cpu-list",
      "3",
      "/bin/sh",
      "-c",
      "printf '%s\\n' '{\"phase\":\"diagnostic\",\"event\":\"worker_start\",\"detail\":\"operational envelope only; no codec phase credit\"}' >> \"$GAMMA_RESOURCE_PHASE_MARKERS\" || exit 125; exec \"$@\"",
      "enwiki9-discovery-envelope",
      "/usr/bin/python3",
      "/home/x/deco/gamma/projects/enwiki9/tools/fx2_causal_residual_finite_gate_v1.py"
    ],
    "command_sha256": "5cef9c4483d1dac9592aa1a7b4dbd6547839363c62cd2248db8299516004fc3a",
    "elapsed_s": 75.7988,
    "geekbench5_single_core_score": null,
    "guards": {
      "cgroup_memory_guard_exceeded": false,
      "logical_cpu_guard_exceeded": false,
      "measurement_incomplete": false,
      "official_decimal_memory_exceeded": false,
      "phase_marker_invalid": false,
      "rss_guard_exceeded": false,
      "temporary_disk_guard_exceeded": false,
      "wall_time_guard_exceeded": false
    },
    "label": "20260915T200555Z_a739562cd4",
    "latest_sample": {
      "allowed_cpu_union": [],
      "cgroup_current_bytes": 2412544,
      "elapsed_s": 75.7974,
      "max_single_rss_kib": 0,
      "persistent_status_misses": [],
      "processes": [],
      "scratch_allocated_bytes": 2007040,
      "scratch_file_count": 44,
      "scratch_logical_bytes": 1859401,
      "scratch_race_count": 0,
      "tree_live_threads": 0,
      "tree_rss_kib": 0,
      "tree_runnable_threads": 0
    },
    "limit_kib": 1048576,
    "limit_mode": "tree",
    "max_logical_cpus": 1,
    "measurements": {
      "affinity_complete": true,
      "cgroup_v2_complete": true,
      "per_process_vmhwm_sampled": true,
      "phase_markers_complete": true,
      "process_tree_rss_complete": true,
      "scratch_logical_and_allocated_complete": true,
      "smaps_rollup_complete": true
    },
    "objective": {
      "corpusBytes": 1000000000,
      "corpusSha256": "159b85351e5f76e60cbe32e04c677847a9ecba3adc79addab6f4c6c7aa3744bc",
      "objectiveDigest": "sha256:e91ff20e92c3cac8acb0cbe5c79fc8e8a3b427d7e151245c8eecc52b1c32fa00",
      "objectiveId": "gamma-enwiki9-hutter-90m-v3",
      "objectivePath": "contracts/research/v3/objective-contract.json",
      "targetScoreBytes": 90000000
    },
    "official_decimal_limit_kib": 1048576,
    "peak_process_vmhwm": {
      "comm": "python3",
      "observed_elapsed_s": 31.1458,
      "pid": 691570,
      "start_ticks": 259902603,
      "vmhwm_kib": 273664
    },
    "peak_sample": {
      "allowed_cpu_union": [
        3
      ],
      "cgroup_current_bytes": 260018176,
      "elapsed_s": 30.636,
      "max_single_rss_kib": 257024,
      "persistent_status_misses": [],
      "processes": [
        {
          "allowed_cpus": [
            3
          ],
          "comm": "python3",
          "live_threads": 1,
          "pid": 691519,
          "rss_kib": 18752,
          "runnable_threads": 0,
          "start_ticks": 259902583,
          "vmhwm_kib": 18752
        },
        {
          "allowed_cpus": [
            3
          ],
          "comm": "python3",
          "live_threads": 1,
          "pid": 691570,
          "rss_kib": 257024,
          "runnable_threads": 1,
          "start_ticks": 259902603,
          "vmhwm_kib": 257024
        }
      ],
      "scratch_allocated_bytes": 495616,
      "scratch_file_count": 20,
      "scratch_logical_bytes": 426891,
      "scratch_race_count": 0,
      "tree_live_threads": 2,
      "tree_rss_kib": 275776,
      "tree_runnable_threads": 1
    },
    "peak_tree_sample": {
      "allowed_cpu_union": [
        3
      ],
      "cgroup_current_bytes": 260018176,
      "elapsed_s": 30.636,
      "max_single_rss_kib": 257024,
      "persistent_status_misses": [],
      "processes": [
        {
          "allowed_cpus": [
            3
          ],
          "comm": "python3",
          "live_threads": 1,
          "pid": 691519,
          "rss_kib": 18752,
          "runnable_threads": 0,
          "start_ticks": 259902583,
          "vmhwm_kib": 18752
        },
        {
          "allowed_cpus": [
            3
          ],
          "comm": "python3",
          "live_threads": 1,
          "pid": 691570,
          "rss_kib": 257024,
          "runnable_threads": 1,
          "start_ticks": 259902603,
          "vmhwm_kib": 257024
        }
      ],
      "scratch_allocated_bytes": 495616,
      "scratch_file_count": 20,
      "scratch_logical_bytes": 426891,
      "scratch_race_count": 0,
      "tree_live_threads": 2,
      "tree_rss_kib": 275776,
      "tree_runnable_threads": 1
    },
    "peaks": {
      "cgroup_memory_peak_bytes": 278949888,
      "max_observed_process_vmhwm_kib": 273664,
      "max_sampled_allowed_cpu_count": 1,
      "max_sampled_cgroup_current_bytes": 260018176,
      "max_sampled_scratch_allocated_bytes": 2007040,
      "max_sampled_scratch_logical_bytes": 1859401,
      "max_sampled_single_rss_kib": 257024,
      "max_sampled_tree_live_threads": 2,
      "max_sampled_tree_rss_kib": 275776,
      "max_sampled_tree_runnable_threads": 1
    },
    "phase": "diagnostic",
    "phase_marker_path": "/home/x/deco/gamma/projects/enwiki9/run_logs/adaptive/20260915T200555Z_a739562cd4.resources/phases.jsonl",
    "phase_markers": [
      {
        "detail": "operational envelope only; no codec phase credit",
        "event": "worker_start",
        "observed_elapsed_s": 0.0337,
        "phase": "diagnostic",
        "source_line": 1
      },
      {
        "detail": null,
        "event": "start",
        "observed_elapsed_s": 0.5349,
        "phase": "first",
        "source_line": 2
      },
      {
        "detail": null,
        "event": "end",
        "observed_elapsed_s": 38.1694,
        "phase": "first",
        "source_line": 3
      },
      {
        "detail": null,
        "event": "start",
        "observed_elapsed_s": 38.1694,
        "phase": "repeat",
        "source_line": 4
      },
      {
        "detail": null,
        "event": "end",
        "observed_elapsed_s": 75.7974,
        "phase": "repeat",
        "source_line": 5
      }
    ],
    "returncode": 0,
    "sample_count": 152,
    "sample_interval_seconds": 0.5,
    "schema": "gamma.enwiki9.resource-guard-receipt.v3",
    "scratch_paths": [
      "/home/x/deco/gamma/projects/enwiki9/results/fx2_causal_residual_finite250k_v1",
      "/home/x/deco/gamma/projects/enwiki9/run_logs/adaptive/20260915T200555Z_a739562cd4.log",
      "/home/x/deco/gamma/projects/enwiki9/run_logs/adaptive/20260915T200555Z_a739562cd4.resources",
      "/tmp/gamma-enwiki9-20260915T200555Z_a739562cd4-q6onj1wu/fx2_causal_residual_finite250k_v1"
    ],
    "smaps_rollup_checkpoints": [
      {
        "elapsed_s": 0.0337,
        "processes": [
          {
            "pid": 691519,
            "rollup_kib": {
              "AnonHugePages": 0,
              "Anonymous": 2880,
              "FilePmdMapped": 0,
              "KSM": 0,
              "LazyFree": 0,
              "Locked": 0,
              "Private_Clean": 40,
              "Private_Dirty": 2880,
              "Private_Hugetlb": 0,
              "Pss": 4394,
              "Pss_Anon": 2880,
              "Pss_Dirty": 2880,
              "Pss_File": 1514,
              "Pss_Shmem": 0,
              "Referenced": 9448,
              "Rss": 9448,
              "Shared_Clean": 6528,
              "Shared_Dirty": 0,
              "Shared_Hugetlb": 0,
              "ShmemPmdMapped": 0,
              "Swap": 0,
              "SwapPss": 0
            },
            "start_ticks": 259902583
          }
        ],
        "reason": "initial+phase_marker+rss_growth",
        "tree_rss_kib": 8836
      },
      {
        "elapsed_s": 0.5349,
        "processes": [
          {
            "pid": 691519,
            "rollup_kib": {
              "AnonHugePages": 0,
              "Anonymous": 7292,
              "FilePmdMapped": 0,
              "KSM": 0,
              "LazyFree": 0,
              "Locked": 0,
              "Private_Clean": 20,
              "Private_Dirty": 7292,
              "Private_Hugetlb": 0,
              "Pss": 9141,
              "Pss_Anon": 7292,
              "Pss_Dirty": 7292,
              "Pss_File": 1849,
              "Pss_Shmem": 0,
              "Referenced": 18752,
              "Rss": 18752,
              "Shared_Clean": 11440,
              "Shared_Dirty": 0,
              "Shared_Hugetlb": 0,
              "ShmemPmdMapped": 0,
              "Swap": 0,
              "SwapPss": 0
            },
            "start_ticks": 259902583
          },
          {
            "pid": 691570,
            "rollup_kib": {
              "AnonHugePages": 0,
              "Anonymous": 85416,
              "FilePmdMapped": 0,
              "KSM": 0,
              "LazyFree": 0,
              "Locked": 0,
              "Private_Clean": 12,
              "Private_Dirty": 85416,
              "Private_Hugetlb": 0,
              "Pss": 87337,
              "Pss_Anon": 85416,
              "Pss_Dirty": 85416,
              "Pss_File": 1921,
              "Pss_Shmem": 0,
              "Referenced": 97036,
              "Rss": 97036,
              "Shared_Clean": 11608,
              "Shared_Dirty": 0,
              "Shared_Hugetlb": 0,
              "ShmemPmdMapped": 0,
              "Swap": 0,
              "SwapPss": 0
            },
            "start_ticks": 259902603
          }
        ],
        "reason": "phase_marker",
        "tree_rss_kib": 115788
      },
      {
        "elapsed_s": 38.1694,
        "processes": [
          {
            "pid": 691519,
            "rollup_kib": {
              "AnonHugePages": 0,
              "Anonymous": 7292,
              "FilePmdMapped": 0,
              "KSM": 0,
              "LazyFree": 0,
              "Locked": 0,
              "Private_Clean": 36,
              "Private_Dirty": 7292,
              "Private_Hugetlb": 0,
              "Pss": 9170,
              "Pss_Anon": 7292,
              "Pss_Dirty": 7292,
              "Pss_File": 1878,
              "Pss_Shmem": 0,
              "Referenced": 18816,
              "Rss": 18816,
              "Shared_Clean": 11488,
              "Shared_Dirty": 0,
              "Shared_Hugetlb": 0,
              "ShmemPmdMapped": 0,
              "Swap": 0,
              "SwapPss": 0
            },
            "start_ticks": 259902583
          },
          {
            "pid": 698165,
            "rollup_kib": {
              "AnonHugePages": 0,
              "Anonymous": 85376,
              "FilePmdMapped": 0,
              "KSM": 0,
              "LazyFree": 0,
              "Locked": 0,
              "Private_Clean": 32,
              "Private_Dirty": 85376,
              "Private_Hugetlb": 0,
              "Pss": 87308,
              "Pss_Anon": 85376,
              "Pss_Dirty": 85376,
              "Pss_File": 1932,
              "Pss_Shmem": 0,
              "Referenced": 96968,
              "Rss": 96968,
              "Shared_Clean": 11560,
              "Shared_Dirty": 0,
              "Shared_Hugetlb": 0,
              "ShmemPmdMapped": 0,
              "Swap": 0,
              "SwapPss": 0
            },
            "start_ticks": 259906369
          }
        ],
        "reason": "phase_marker",
        "tree_rss_kib": 115784
      },
      {
        "elapsed_s": 75.7974,
        "processes": [],
        "reason": "phase_marker+terminal",
        "tree_rss_kib": 0
      }
    ],
    "status": "complete",
    "temporary_disk_limit_bytes": 134217728,
    "wall_time_limit_seconds": null
  }
}
