{"command": ["/tmp/gamma-architecture-tests/bin/python", "/home/x/deco/gamma/projects/enwiki9/tools/run_with_resource_guard_v3.py", "--limit-kib", "9765624", "--official-decimal-limit-kib", "9765624", "--limit-mode", "tree", "--cgroup-path", "/sys/fs/cgroup/user.slice/user-1000.slice/user@1000.service/app.slice/gamma-enwiki9-20260920T134229Z_f0a6290a0b", "--cgroup-memory-max-bytes", "9999998976", "--temporary-disk-limit-bytes", "16000000000", "--phase-marker-path", "/home/x/deco/gamma/projects/enwiki9/run_logs/adaptive/20260920T134229Z_f0a6290a0b.resources/phases.jsonl", "--max-logical-cpus", "1", "--guard-json", "/home/x/deco/gamma/projects/enwiki9/run_logs/adaptive/20260920T134229Z_f0a6290a0b.resources/guard.json", "--label", "20260920T134229Z_f0a6290a0b", "--phase", "diagnostic", "--scratch-path", "/home/x/deco/gamma/projects/enwiki9/results/fx2_relational_binding250k_q0_v1", "--scratch-path", "/home/x/deco/gamma/projects/enwiki9/run_logs/adaptive/20260920T134229Z_f0a6290a0b.log", "--scratch-path", "/home/x/deco/gamma/projects/enwiki9/run_logs/adaptive/20260920T134229Z_f0a6290a0b.resources", "--scratch-path", "/tmp/gamma-enwiki9-20260920T134229Z_f0a6290a0b-9p2v6sf1/fx2_relational_binding250k_q0_v1", "--", "/usr/bin/taskset", "--cpu-list", "2", "/bin/sh", "-c", "printf '%s\\n' '{\"phase\":\"diagnostic\",\"event\":\"worker_start\",\"detail\":\"operational envelope only; no codec phase credit\"}' >> \"$GAMMA_RESOURCE_PHASE_MARKERS\" || exit 125; exec \"$@\"", "enwiki9-discovery-envelope", "/tmp/gamma-architecture-tests/bin/python", "/home/x/deco/gamma/projects/enwiki9/tools/fx2_relational_binding_v1.py", "--root", "/home/x/deco/gamma/projects/enwiki9", "--output", "/home/x/deco/gamma/projects/enwiki9/results/fx2_relational_binding250k_q0_v1", "--experiment", "/home/x/deco/gamma/projects/enwiki9/operations/adaptive/experiments/fx2_relational_binding250k_q0_v1.json", "--closure", "/home/x/deco/gamma/projects/enwiki9/operations/provenance/fx2_relational_binding250k_q0_v1_closure.json", "--plan", "/home/x/deco/gamma/projects/enwiki9/operations/provenance/fx2_relational_binding250k_q0_v1_plan.json"], "job": {"candidate_id": "fx2_relational_binding250k_q0_v1", "candidate_revision": {"path": "operations/adaptive/candidate-revisions/fx2_relational_binding250k_q0_v1/20260920T134229180326Z_d749152178e5.json", "sha256": "sha256:03d833523abecc7b3aaed988e425a9be9a6dbdd0d821a90ec519473ef255a04d"}, "candidate_tree_sha256": "sha256:d749152178e5921584da44349b1d655fbeaaf527d7dda0e41d28ae524158ad22", "execution_guard": {"path": "tools/run_with_resource_guard_v3.py", "sha256": "sha256:044147f7ffe6922ea8dafd52fc3d4426077b20958adbcd421245ad41adcfc1e4"}, "execution_mode": "discovery", "execution_resources": {"boot_id": "3ce46712-27bc-4199-8e48-e2b3d23926cb", "budget": {"cgroup_parent": "/sys/fs/cgroup/user.slice/user-1000.slice/user@1000.service/app.slice", "cpus": [2], "memory_bytes": 9999998976, "scratch_bytes": 16000000000, "swap_bytes": 0, "wall_seconds": 7200}, "cgroup_inode": 383008, "cgroup_path": "/sys/fs/cgroup/user.slice/user-1000.slice/user@1000.service/app.slice/gamma-enwiki9-20260920T134229Z_f0a6290a0b", "cpu_enforcement": "taskset-and-sampled-affinity-guard", "groups": [{"created": true, "inode": 383008, "kernel_cpuset": false, "memory_bytes": 9999998976, "path": "/sys/fs/cgroup/user.slice/user-1000.slice/user@1000.service/app.slice/gamma-enwiki9-20260920T134229Z_f0a6290a0b"}], "guard_command_sha256": "f1df40f8b429c6f06123c1d3c983e1482bf061d8586117a6a88c25d8f719cf3c", "guard_path": "run_logs/adaptive/20260920T134229Z_f0a6290a0b.resources/guard.json", "missing_diagnostics": ["kernel cpuset controller is not delegated; taskset assignment and existing affinity guard remain active"], "timing_authority": "diagnostic"}, "experiment": {"path": "operations/adaptive/experiments/fx2_relational_binding250k_q0_v1.json", "sha256": "sha256:ae2a307785a45fdf1e7375c6edb6dadaefa252d91b012b6c87969367395091e0"}, "gate_size": 1500000, "job_id": "20260920T134229Z_f0a6290a0b", "priority": 40, "proposal": {"path": "operations/adaptive/proposals/developed/939_fx2_relational_binding250k_q0_v1.json", "sha256": "sha256:b8049215a94b92ca59b2d53dd8d15e74ec05ef7ce74767a03352fe541f031120"}, "proposal_id": "fx2_relational_binding250k_q0_v1", "purpose": "diagnostic", "resource_budget": {"cgroup_parent": "/sys/fs/cgroup/user.slice/user-1000.slice/user@1000.service/app.slice", "cpus": [2], "memory_bytes": 9999998976, "scratch_bytes": 16000000000, "swap_bytes": 0, "wall_seconds": 7200}, "runner": {"path": "tools/fx2_relational_binding_v1.py", "sha256": "sha256:e007b438136b9a23d06d0b1ac9f76d6dd7b853cb6ef257fa04e4515944c63c25"}, "schema": "gamma.enwiki9.adaptive-job.v3", "scratch_directories": ["results/fx2_relational_binding250k_q0_v1"], "started_at": "2026-09-20T13:44:24+00:00", "state": "running", "submitted_at": "2026-09-20T13:42:29+00:00", "tags": [], "timing_authority": "diagnostic", "tool": "tools/fx2_relational_binding_v1.py", "tool_args": ["--root", "/home/x/deco/gamma/projects/enwiki9", "--output", "/home/x/deco/gamma/projects/enwiki9/results/fx2_relational_binding250k_q0_v1", "--experiment", "/home/x/deco/gamma/projects/enwiki9/operations/adaptive/experiments/fx2_relational_binding250k_q0_v1.json", "--closure", "/home/x/deco/gamma/projects/enwiki9/operations/provenance/fx2_relational_binding250k_q0_v1_closure.json", "--plan", "/home/x/deco/gamma/projects/enwiki9/operations/provenance/fx2_relational_binding250k_q0_v1_plan.json"]}}
{"phase": "build", "elapsed_seconds": 15.616536738350987}
{"phase": "clean", "elapsed_seconds": 0.01582352537661791}
{"phase": "build-repeat", "elapsed_seconds": 15.301638036966324}
{"phase": "confirmation-original", "elapsed_seconds": 144.7440137877129}
Traceback (most recent call last):
  File "/home/x/deco/gamma/projects/enwiki9/tools/fx2_relational_binding_v1.py", line 5, in <module>
    if __name__=='__main__':main()
                            ~~~~^^
  File "/home/x/deco/gamma/projects/enwiki9/src/gamma_enwiki9/adapters/fx2_relational_gate.py", line 114, in main
    a=parser.parse_args();result=run(a.root.resolve(),a.output.resolve(),a.experiment.resolve(),a.closure.resolve(),a.plan.resolve());print(json.dumps({'mechanism_supported':result['mechanism_supported']}))
                                 ~~~^^^^^^^^^^^^^^^^^^^^^^^^^^^^^^^^^^^^^^^^^^^^^^^^^^^^^^^^^^^^^^^^^^^^^^^^^^^^^^^^^^^^^^^^^^^^^^^^^
  File "/home/x/deco/gamma/projects/enwiki9/src/gamma_enwiki9/adapters/fx2_relational_gate.py", line 87, in run
    phase(stem+'-'+action,[str(binary),mode,str(dictionary),str(source),str(dest),'--transformer',str(weights)],extra={'GAMMA_RELATIONAL_ARM':arm,'GAMMA_RELATIONAL_CAPTURE':str(capture)})
    ~~~~~^^^^^^^^^^^^^^^^^^^^^^^^^^^^^^^^^^^^^^^^^^^^^^^^^^^^^^^^^^^^^^^^^^^^^^^^^^^^^^^^^^^^^^^^^^^^^^^^^^^^^^^^^^^^^^^^^^^^^^^^^^^^^^^^^^^^^^^^^^^^^^^^^^^^^^^^^^^^^^^^^^^^^^^^^^^^^^^^^^
  File "/home/x/deco/gamma/projects/enwiki9/src/gamma_enwiki9/adapters/fx2_relational_gate.py", line 53, in phase
    outcome,record=executor.run(name,measured,PhaseLimits(seconds,seconds+20,plan['address_space_bytes'],caps['scratch_bytes']));records.append(record)
                   ~~~~~~~~~~~~^^^^^^^^^^^^^^^^^^^^^^^^^^^^^^^^^^^^^^^^^^^^^^^^^^^^^^^^^^^^^^^^^^^^^^^^^^^^^^^^^^^^^^^^^^^^^^^^^
  File "/home/x/deco/gamma/projects/enwiki9/src/gamma_enwiki9/execution/commands.py", line 84, in run
    time.sleep(0.01)
    ~~~~~~~~~~^^^^^^
KeyboardInterrupt
{
  "resource_guard": {
    "cgroup": {
      "inode": 383008,
      "joined_before_exec": true,
      "memory_max_bytes": 9999998976,
      "memory_max_rounding_bytes": 0,
      "memory_peak_reset": true,
      "path": "/sys/fs/cgroup/user.slice/user-1000.slice/user@1000.service/app.slice/gamma-enwiki9-20260920T134229Z_f0a6290a0b",
      "previous_memory_max": "9999998976",
      "requested_memory_max_bytes": 9999998976
    },
    "cgroup_events": {
      "baseline": {
        "high": 0,
        "low": 0,
        "max": 0,
        "oom": 0,
        "oom_group_kill": 0,
        "oom_kill": 0,
        "sock_throttled": 0
      },
      "delta": {
        "high": 0,
        "low": 0,
        "max": 0,
        "oom": 0,
        "oom_group_kill": 0,
        "oom_kill": 0,
        "sock_throttled": 0
      },
      "final": {
        "high": 0,
        "low": 0,
        "max": 0,
        "oom": 0,
        "oom_group_kill": 0,
        "oom_kill": 0,
        "sock_throttled": 0
      }
    },
    "command": [
      "/usr/bin/taskset",
      "--cpu-list",
      "2",
      "/bin/sh",
      "-c",
      "printf '%s\\n' '{\"phase\":\"diagnostic\",\"event\":\"worker_start\",\"detail\":\"operational envelope only; no codec phase credit\"}' >> \"$GAMMA_RESOURCE_PHASE_MARKERS\" || exit 125; exec \"$@\"",
      "enwiki9-discovery-envelope",
      "/tmp/gamma-architecture-tests/bin/python",
      "/home/x/deco/gamma/projects/enwiki9/tools/fx2_relational_binding_v1.py",
      "--root",
      "/home/x/deco/gamma/projects/enwiki9",
      "--output",
      "/home/x/deco/gamma/projects/enwiki9/results/fx2_relational_binding250k_q0_v1",
      "--experiment",
      "/home/x/deco/gamma/projects/enwiki9/operations/adaptive/experiments/fx2_relational_binding250k_q0_v1.json",
      "--closure",
      "/home/x/deco/gamma/projects/enwiki9/operations/provenance/fx2_relational_binding250k_q0_v1_closure.json",
      "--plan",
      "/home/x/deco/gamma/projects/enwiki9/operations/provenance/fx2_relational_binding250k_q0_v1_plan.json"
    ],
    "command_sha256": "b0df2a66a8c30253280fe12d34b4e6a046e38e3f45bbcb4153a0dc3f6eae52b6",
    "elapsed_s": 249.0439,
    "geekbench5_single_core_score": null,
    "guards": {
      "cgroup_memory_guard_exceeded": false,
      "logical_cpu_guard_exceeded": false,
      "measurement_incomplete": false,
      "official_decimal_memory_exceeded": false,
      "phase_marker_invalid": false,
      "rss_guard_exceeded": false,
      "temporary_disk_guard_exceeded": false,
      "wall_time_guard_exceeded": false
    },
    "label": "20260920T134229Z_f0a6290a0b",
    "latest_sample": {
      "allowed_cpu_union": [],
      "cgroup_current_bytes": 3945717760,
      "elapsed_s": 249.0419,
      "max_single_rss_kib": 0,
      "persistent_status_misses": [],
      "processes": [],
      "scratch_allocated_bytes": 40718336,
      "scratch_file_count": 209,
      "scratch_logical_bytes": 14713138613,
      "scratch_race_count": 0,
      "tree_live_threads": 0,
      "tree_rss_kib": 0,
      "tree_runnable_threads": 0
    },
    "limit_kib": 9765624,
    "limit_mode": "tree",
    "max_logical_cpus": 1,
    "measurements": {
      "affinity_complete": true,
      "cgroup_v2_complete": true,
      "per_process_vmhwm_sampled": true,
      "phase_markers_complete": true,
      "process_tree_rss_complete": true,
      "scratch_logical_and_allocated_complete": true,
      "smaps_rollup_complete": true
    },
    "objective": {
      "corpusBytes": 1000000000,
      "corpusSha256": "159b85351e5f76e60cbe32e04c677847a9ecba3adc79addab6f4c6c7aa3744bc",
      "objectiveDigest": "sha256:409b70547f901a3ac5fffd7fd7a1e1d77b05fb44d9e9d889be1337bd153706d7",
      "objectiveId": "gamma-enwiki9-hutter-96m-v4",
      "objectivePath": "contracts/research/v4/objective-contract.json",
      "targetScoreBytes": 96000000
    },
    "official_decimal_limit_kib": 9765624,
    "peak_process_vmhwm": {
      "comm": "cmix",
      "observed_elapsed_s": 175.5568,
      "pid": 1165824,
      "start_ticks": 300803427,
      "vmhwm_kib": 5809264
    },
    "peak_sample": {
      "allowed_cpu_union": [
        2
      ],
      "cgroup_current_bytes": 6016364544,
      "elapsed_s": 175.5568,
      "max_single_rss_kib": 5809264,
      "persistent_status_misses": [],
      "processes": [
        {
          "allowed_cpus": [
            2
          ],
          "comm": "python",
          "live_threads": 1,
          "pid": 1157801,
          "rss_kib": 44660,
          "runnable_threads": 0,
          "start_ticks": 300800266,
          "vmhwm_kib": 44660
        },
        {
          "allowed_cpus": [
            2
          ],
          "comm": "time",
          "live_threads": 1,
          "pid": 1165823,
          "rss_kib": 1832,
          "runnable_threads": 0,
          "start_ticks": 300803426,
          "vmhwm_kib": 1832
        },
        {
          "allowed_cpus": [
            2
          ],
          "comm": "cmix",
          "live_threads": 1,
          "pid": 1165824,
          "rss_kib": 5809264,
          "runnable_threads": 1,
          "start_ticks": 300803427,
          "vmhwm_kib": 5809264
        }
      ],
      "scratch_allocated_bytes": 40685568,
      "scratch_file_count": 199,
      "scratch_logical_bytes": 14704666247,
      "scratch_race_count": 0,
      "tree_live_threads": 3,
      "tree_rss_kib": 5855756,
      "tree_runnable_threads": 1
    },
    "peak_tree_sample": {
      "allowed_cpu_union": [
        2
      ],
      "cgroup_current_bytes": 6016364544,
      "elapsed_s": 175.5568,
      "max_single_rss_kib": 5809264,
      "persistent_status_misses": [],
      "processes": [
        {
          "allowed_cpus": [
            2
          ],
          "comm": "python",
          "live_threads": 1,
          "pid": 1157801,
          "rss_kib": 44660,
          "runnable_threads": 0,
          "start_ticks": 300800266,
          "vmhwm_kib": 44660
        },
        {
          "allowed_cpus": [
            2
          ],
          "comm": "time",
          "live_threads": 1,
          "pid": 1165823,
          "rss_kib": 1832,
          "runnable_threads": 0,
          "start_ticks": 300803426,
          "vmhwm_kib": 1832
        },
        {
          "allowed_cpus": [
            2
          ],
          "comm": "cmix",
          "live_threads": 1,
          "pid": 1165824,
          "rss_kib": 5809264,
          "runnable_threads": 1,
          "start_ticks": 300803427,
          "vmhwm_kib": 5809264
        }
      ],
      "scratch_allocated_bytes": 40685568,
      "scratch_file_count": 199,
      "scratch_logical_bytes": 14704666247,
      "scratch_race_count": 0,
      "tree_live_threads": 3,
      "tree_rss_kib": 5855756,
      "tree_runnable_threads": 1
    },
    "peaks": {
      "cgroup_memory_peak_bytes": 6016884736,
      "max_observed_process_vmhwm_kib": 5809264,
      "max_sampled_allowed_cpu_count": 1,
      "max_sampled_cgroup_current_bytes": 6016364544,
      "max_sampled_scratch_allocated_bytes": 40718336,
      "max_sampled_scratch_logical_bytes": 14713138613,
      "max_sampled_single_rss_kib": 5809264,
      "max_sampled_tree_live_threads": 5,
      "max_sampled_tree_rss_kib": 5855756,
      "max_sampled_tree_runnable_threads": 2
    },
    "phase": "diagnostic",
    "phase_marker_path": "/home/x/deco/gamma/projects/enwiki9/run_logs/adaptive/20260920T134229Z_f0a6290a0b.resources/phases.jsonl",
    "phase_markers": [
      {
        "detail": "operational envelope only; no codec phase credit",
        "event": "worker_start",
        "observed_elapsed_s": 0.0251,
        "phase": "diagnostic",
        "source_line": 1
      }
    ],
    "returncode": -2,
    "sample_count": 493,
    "sample_interval_seconds": 0.5,
    "schema": "gamma.enwiki9.resource-guard-receipt.v3",
    "scratch_paths": [
      "/home/x/deco/gamma/projects/enwiki9/results/fx2_relational_binding250k_q0_v1",
      "/home/x/deco/gamma/projects/enwiki9/run_logs/adaptive/20260920T134229Z_f0a6290a0b.log",
      "/home/x/deco/gamma/projects/enwiki9/run_logs/adaptive/20260920T134229Z_f0a6290a0b.resources",
      "/tmp/gamma-enwiki9-20260920T134229Z_f0a6290a0b-9p2v6sf1/fx2_relational_binding250k_q0_v1"
    ],
    "smaps_rollup_checkpoints": [
      {
        "elapsed_s": 0.0251,
        "processes": [
          {
            "pid": 1157801,
            "rollup_kib": {
              "AnonHugePages": 0,
              "Anonymous": 1996,
              "FilePmdMapped": 0,
              "KSM": 0,
              "LazyFree": 0,
              "Locked": 0,
              "Private_Clean": 36,
              "Private_Dirty": 1996,
              "Private_Hugetlb": 0,
              "Pss": 3101,
              "Pss_Anon": 1996,
              "Pss_Dirty": 1996,
              "Pss_File": 1105,
              "Pss_Shmem": 0,
              "Referenced": 7836,
              "Rss": 7836,
              "Shared_Clean": 5804,
              "Shared_Dirty": 0,
              "Shared_Hugetlb": 0,
              "ShmemPmdMapped": 0,
              "Swap": 0,
              "SwapPss": 0
            },
            "start_ticks": 300800266
          }
        ],
        "reason": "initial+phase_marker+rss_growth",
        "tree_rss_kib": 7836
      },
      {
        "elapsed_s": 5.0569,
        "processes": [
          {
            "pid": 1157801,
            "rollup_kib": {
              "AnonHugePages": 0,
              "Anonymous": 31860,
              "FilePmdMapped": 0,
              "KSM": 0,
              "LazyFree": 0,
              "Locked": 0,
              "Private_Clean": 88,
              "Private_Dirty": 31860,
              "Private_Hugetlb": 0,
              "Pss": 34183,
              "Pss_Anon": 31860,
              "Pss_Dirty": 31860,
              "Pss_File": 2323,
              "Pss_Shmem": 0,
              "Referenced": 44596,
              "Rss": 44596,
              "Shared_Clean": 12648,
              "Shared_Dirty": 0,
              "Shared_Hugetlb": 0,
              "ShmemPmdMapped": 0,
              "Swap": 0,
              "SwapPss": 0
            },
            "start_ticks": 300800266
          },
          {
            "pid": 1157942,
            "rollup_kib": {
              "AnonHugePages": 0,
              "Anonymous": 96,
              "FilePmdMapped": 0,
              "KSM": 0,
              "LazyFree": 0,
              "Locked": 0,
              "Private_Clean": 24,
              "Private_Dirty": 96,
              "Private_Hugetlb": 0,
              "Pss": 154,
              "Pss_Anon": 96,
              "Pss_Dirty": 96,
              "Pss_File": 58,
              "Pss_Shmem": 0,
              "Referenced": 1828,
              "Rss": 1828,
              "Shared_Clean": 1708,
              "Shared_Dirty": 0,
              "Shared_Hugetlb": 0,
              "ShmemPmdMapped": 0,
              "Swap": 0,
              "SwapPss": 0
            },
            "start_ticks": 300800324
          },
          {
            "pid": 1157943,
            "rollup_kib": {
              "AnonHugePages": 0,
              "Anonymous": 388,
              "FilePmdMapped": 0,
              "KSM": 0,
              "LazyFree": 0,
              "Locked": 0,
              "Private_Clean": 276,
              "Private_Dirty": 388,
              "Private_Hugetlb": 0,
              "Pss": 704,
              "Pss_Anon": 388,
              "Pss_Dirty": 388,
              "Pss_File": 316,
              "Pss_Shmem": 0,
              "Referenced": 2628,
              "Rss": 2628,
              "Shared_Clean": 1964,
              "Shared_Dirty": 0,
              "Shared_Hugetlb": 0,
              "ShmemPmdMapped": 0,
              "Swap": 0,
              "SwapPss": 0
            },
            "start_ticks": 300800325
          },
          {
            "pid": 1157947,
            "rollup_kib": {
              "AnonHugePages": 0,
              "Anonymous": 320,
              "FilePmdMapped": 0,
              "KSM": 0,
              "LazyFree": 0,
              "Locked": 0,
              "Private_Clean": 1004,
              "Private_Dirty": 320,
              "Private_Hugetlb": 0,
              "Pss": 1364,
              "Pss_Anon": 320,
              "Pss_Dirty": 320,
              "Pss_File": 1044,
              "Pss_Shmem": 0,
              "Referenced": 3168,
              "Rss": 3168,
              "Shared_Clean": 1844,
              "Shared_Dirty": 0,
              "Shared_Hugetlb": 0,
              "ShmemPmdMapped": 0,
              "Swap": 0,
              "SwapPss": 0
            },
            "start_ticks": 300800325
          },
          {
            "pid": 1158991,
            "rollup_kib": {
              "AnonHugePages": 0,
              "Anonymous": 225396,
              "FilePmdMapped": 0,
              "KSM": 0,
              "LazyFree": 0,
              "Locked": 0,
              "Private_Clean": 18348,
              "Private_Dirty": 225396,
              "Private_Hugetlb": 0,
              "Pss": 243949,
              "Pss_Anon": 225396,
              "Pss_Dirty": 225396,
              "Pss_File": 18553,
              "Pss_Shmem": 0,
              "Referenced": 246684,
              "Rss": 246684,
              "Shared_Clean": 2940,
              "Shared_Dirty": 0,
              "Shared_Hugetlb": 0,
              "ShmemPmdMapped": 0,
              "Swap": 0,
              "SwapPss": 0
            },
            "start_ticks": 300800725
          }
        ],
        "reason": "rss_growth",
        "tree_rss_kib": 298724
      },
      {
        "elapsed_s": 31.7408,
        "processes": [
          {
            "pid": 1157801,
            "rollup_kib": {
              "AnonHugePages": 0,
              "Anonymous": 31860,
              "FilePmdMapped": 0,
              "KSM": 0,
              "LazyFree": 0,
              "Locked": 0,
              "Private_Clean": 88,
              "Private_Dirty": 31860,
              "Private_Hugetlb": 0,
              "Pss": 34229,
              "Pss_Anon": 31860,
              "Pss_Dirty": 31860,
              "Pss_File": 2369,
              "Pss_Shmem": 0,
              "Referenced": 44660,
              "Rss": 44660,
              "Shared_Clean": 12712,
              "Shared_Dirty": 0,
              "Shared_Hugetlb": 0,
              "ShmemPmdMapped": 0,
              "Swap": 0,
              "SwapPss": 0
            },
            "start_ticks": 300800266
          },
          {
            "pid": 1165823,
            "rollup_kib": {
              "AnonHugePages": 0,
              "Anonymous": 100,
              "FilePmdMapped": 0,
              "KSM": 0,
              "LazyFree": 0,
              "Locked": 0,
              "Private_Clean": 24,
              "Private_Dirty": 100,
              "Private_Hugetlb": 0,
              "Pss": 160,
              "Pss_Anon": 100,
              "Pss_Dirty": 100,
              "Pss_File": 60,
              "Pss_Shmem": 0,
              "Referenced": 1832,
              "Rss": 1832,
              "Shared_Clean": 1708,
              "Shared_Dirty": 0,
              "Shared_Hugetlb": 0,
              "ShmemPmdMapped": 0,
              "Swap": 0,
              "SwapPss": 0
            },
            "start_ticks": 300803426
          },
          {
            "pid": 1165824,
            "rollup_kib": {
              "AnonHugePages": 0,
              "Anonymous": 633616,
              "FilePmdMapped": 0,
              "KSM": 0,
              "LazyFree": 0,
              "Locked": 0,
              "Private_Clean": 308,
              "Private_Dirty": 633616,
              "Private_Hugetlb": 0,
              "Pss": 634146,
              "Pss_Anon": 633616,
              "Pss_Dirty": 633616,
              "Pss_File": 530,
              "Pss_Shmem": 0,
              "Referenced": 638032,
              "Rss": 638032,
              "Shared_Clean": 4108,
              "Shared_Dirty": 0,
              "Shared_Hugetlb": 0,
              "ShmemPmdMapped": 0,
              "Swap": 0,
              "SwapPss": 0
            },
            "start_ticks": 300803427
          }
        ],
        "reason": "rss_growth",
        "tree_rss_kib": 684524
      },
      {
        "elapsed_s": 32.2618,
        "processes": [
          {
            "pid": 1157801,
            "rollup_kib": {
              "AnonHugePages": 0,
              "Anonymous": 31860,
              "FilePmdMapped": 0,
              "KSM": 0,
              "LazyFree": 0,
              "Locked": 0,
              "Private_Clean": 88,
              "Private_Dirty": 31860,
              "Private_Hugetlb": 0,
              "Pss": 34235,
              "Pss_Anon": 31860,
              "Pss_Dirty": 31860,
              "Pss_File": 2375,
              "Pss_Shmem": 0,
              "Referenced": 44660,
              "Rss": 44660,
              "Shared_Clean": 12712,
              "Shared_Dirty": 0,
              "Shared_Hugetlb": 0,
              "ShmemPmdMapped": 0,
              "Swap": 0,
              "SwapPss": 0
            },
            "start_ticks": 300800266
          },
          {
            "pid": 1165823,
            "rollup_kib": {
              "AnonHugePages": 0,
              "Anonymous": 100,
              "FilePmdMapped": 0,
              "KSM": 0,
              "LazyFree": 0,
              "Locked": 0,
              "Private_Clean": 24,
              "Private_Dirty": 100,
              "Private_Hugetlb": 0,
              "Pss": 161,
              "Pss_Anon": 100,
              "Pss_Dirty": 100,
              "Pss_File": 61,
              "Pss_Shmem": 0,
              "Referenced": 1832,
              "Rss": 1832,
              "Shared_Clean": 1708,
              "Shared_Dirty": 0,
              "Shared_Hugetlb": 0,
              "ShmemPmdMapped": 0,
              "Swap": 0,
              "SwapPss": 0
            },
            "start_ticks": 300803426
          },
          {
            "pid": 1165824,
            "rollup_kib": {
              "AnonHugePages": 18432,
              "Anonymous": 1978244,
              "FilePmdMapped": 0,
              "KSM": 0,
              "LazyFree": 0,
              "Locked": 0,
              "Private_Clean": 420,
              "Private_Dirty": 1978252,
              "Private_Hugetlb": 0,
              "Pss": 1978912,
              "Pss_Anon": 1978244,
              "Pss_Dirty": 1978252,
              "Pss_File": 668,
              "Pss_Shmem": 0,
              "Referenced": 1982972,
              "Rss": 1982972,
              "Shared_Clean": 4300,
              "Shared_Dirty": 0,
              "Shared_Hugetlb": 0,
              "ShmemPmdMapped": 0,
              "Swap": 0,
              "SwapPss": 0
            },
            "start_ticks": 300803427
          }
        ],
        "reason": "rss_growth",
        "tree_rss_kib": 2013568
      },
      {
        "elapsed_s": 32.8231,
        "processes": [
          {
            "pid": 1157801,
            "rollup_kib": {
              "AnonHugePages": 0,
              "Anonymous": 31860,
              "FilePmdMapped": 0,
              "KSM": 0,
              "LazyFree": 0,
              "Locked": 0,
              "Private_Clean": 88,
              "Private_Dirty": 31860,
              "Private_Hugetlb": 0,
              "Pss": 34244,
              "Pss_Anon": 31860,
              "Pss_Dirty": 31860,
              "Pss_File": 2384,
              "Pss_Shmem": 0,
              "Referenced": 44660,
              "Rss": 44660,
              "Shared_Clean": 12712,
              "Shared_Dirty": 0,
              "Shared_Hugetlb": 0,
              "ShmemPmdMapped": 0,
              "Swap": 0,
              "SwapPss": 0
            },
            "start_ticks": 300800266
          },
          {
            "pid": 1165823,
            "rollup_kib": {
              "AnonHugePages": 0,
              "Anonymous": 100,
              "FilePmdMapped": 0,
              "KSM": 0,
              "LazyFree": 0,
              "Locked": 0,
              "Private_Clean": 24,
              "Private_Dirty": 100,
              "Private_Hugetlb": 0,
              "Pss": 161,
              "Pss_Anon": 100,
              "Pss_Dirty": 100,
              "Pss_File": 61,
              "Pss_Shmem": 0,
              "Referenced": 1832,
              "Rss": 1832,
              "Shared_Clean": 1708,
              "Shared_Dirty": 0,
              "Shared_Hugetlb": 0,
              "ShmemPmdMapped": 0,
              "Swap": 0,
              "SwapPss": 0
            },
            "start_ticks": 300803426
          },
          {
            "pid": 1165824,
            "rollup_kib": {
              "AnonHugePages": 18432,
              "Anonymous": 2795772,
              "FilePmdMapped": 0,
              "KSM": 0,
              "LazyFree": 0,
              "Locked": 0,
              "Private_Clean": 420,
              "Private_Dirty": 2795780,
              "Private_Hugetlb": 0,
              "Pss": 2796434,
              "Pss_Anon": 2795772,
              "Pss_Dirty": 2795780,
              "Pss_File": 662,
              "Pss_Shmem": 0,
              "Referenced": 2800500,
              "Rss": 2800500,
              "Shared_Clean": 4300,
              "Shared_Dirty": 0,
              "Shared_Hugetlb": 0,
              "ShmemPmdMapped": 0,
              "Swap": 0,
              "SwapPss": 0
            },
            "start_ticks": 300803427
          }
        ],
        "reason": "rss_growth",
        "tree_rss_kib": 2829492
      },
      {
        "elapsed_s": 33.4217,
        "processes": [
          {
            "pid": 1157801,
            "rollup_kib": {
              "AnonHugePages": 0,
              "Anonymous": 31860,
              "FilePmdMapped": 0,
              "KSM": 0,
              "LazyFree": 0,
              "Locked": 0,
              "Private_Clean": 88,
              "Private_Dirty": 31860,
              "Private_Hugetlb": 0,
              "Pss": 34204,
              "Pss_Anon": 31860,
              "Pss_Dirty": 31860,
              "Pss_File": 2344,
              "Pss_Shmem": 0,
              "Referenced": 44660,
              "Rss": 44660,
              "Shared_Clean": 12712,
              "Shared_Dirty": 0,
              "Shared_Hugetlb": 0,
              "ShmemPmdMapped": 0,
              "Swap": 0,
              "SwapPss": 0
            },
            "start_ticks": 300800266
          },
          {
            "pid": 1165823,
            "rollup_kib": {
              "AnonHugePages": 0,
              "Anonymous": 100,
              "FilePmdMapped": 0,
              "KSM": 0,
              "LazyFree": 0,
              "Locked": 0,
              "Private_Clean": 24,
              "Private_Dirty": 100,
              "Private_Hugetlb": 0,
              "Pss": 159,
              "Pss_Anon": 100,
              "Pss_Dirty": 100,
              "Pss_File": 59,
              "Pss_Shmem": 0,
              "Referenced": 1832,
              "Rss": 1832,
              "Shared_Clean": 1708,
              "Shared_Dirty": 0,
              "Shared_Hugetlb": 0,
              "ShmemPmdMapped": 0,
              "Swap": 0,
              "SwapPss": 0
            },
            "start_ticks": 300803426
          },
          {
            "pid": 1165824,
            "rollup_kib": {
              "AnonHugePages": 18432,
              "Anonymous": 3326068,
              "FilePmdMapped": 0,
              "KSM": 0,
              "LazyFree": 0,
              "Locked": 0,
              "Private_Clean": 420,
              "Private_Dirty": 3326076,
              "Private_Hugetlb": 0,
              "Pss": 3326746,
              "Pss_Anon": 3326068,
              "Pss_Dirty": 3326076,
              "Pss_File": 678,
              "Pss_Shmem": 0,
              "Referenced": 3330796,
              "Rss": 3330796,
              "Shared_Clean": 4300,
              "Shared_Dirty": 0,
              "Shared_Hugetlb": 0,
              "ShmemPmdMapped": 0,
              "Swap": 0,
              "SwapPss": 0
            },
            "start_ticks": 300803427
          }
        ],
        "reason": "rss_growth",
        "tree_rss_kib": 3361808
      },
      {
        "elapsed_s": 34.0407,
        "processes": [
          {
            "pid": 1157801,
            "rollup_kib": {
              "AnonHugePages": 0,
              "Anonymous": 31860,
              "FilePmdMapped": 0,
              "KSM": 0,
              "LazyFree": 0,
              "Locked": 0,
              "Private_Clean": 88,
              "Private_Dirty": 31860,
              "Private_Hugetlb": 0,
              "Pss": 34244,
              "Pss_Anon": 31860,
              "Pss_Dirty": 31860,
              "Pss_File": 2384,
              "Pss_Shmem": 0,
              "Referenced": 44660,
              "Rss": 44660,
              "Shared_Clean": 12712,
              "Shared_Dirty": 0,
              "Shared_Hugetlb": 0,
              "ShmemPmdMapped": 0,
              "Swap": 0,
              "SwapPss": 0
            },
            "start_ticks": 300800266
          },
          {
            "pid": 1165823,
            "rollup_kib": {
              "AnonHugePages": 0,
              "Anonymous": 100,
              "FilePmdMapped": 0,
              "KSM": 0,
              "LazyFree": 0,
              "Locked": 0,
              "Private_Clean": 24,
              "Private_Dirty": 100,
              "Private_Hugetlb": 0,
              "Pss": 161,
              "Pss_Anon": 100,
              "Pss_Dirty": 100,
              "Pss_File": 61,
              "Pss_Shmem": 0,
              "Referenced": 1832,
              "Rss": 1832,
              "Shared_Clean": 1708,
              "Shared_Dirty": 0,
              "Shared_Hugetlb": 0,
              "ShmemPmdMapped": 0,
              "Swap": 0,
              "SwapPss": 0
            },
            "start_ticks": 300803426
          },
          {
            "pid": 1165824,
            "rollup_kib": {
              "AnonHugePages": 18432,
              "Anonymous": 3695540,
              "FilePmdMapped": 0,
              "KSM": 0,
              "LazyFree": 0,
              "Locked": 0,
              "Private_Clean": 420,
              "Private_Dirty": 3695548,
              "Private_Hugetlb": 0,
              "Pss": 3696200,
              "Pss_Anon": 3695540,
              "Pss_Dirty": 3695548,
              "Pss_File": 660,
              "Pss_Shmem": 0,
              "Referenced": 3700268,
              "Rss": 3700268,
              "Shared_Clean": 4300,
              "Shared_Dirty": 0,
              "Shared_Hugetlb": 0,
              "ShmemPmdMapped": 0,
              "Swap": 0,
              "SwapPss": 0
            },
            "start_ticks": 300803427
          }
        ],
        "reason": "rss_growth",
        "tree_rss_kib": 3734624
      },
      {
        "elapsed_s": 34.6588,
        "processes": [
          {
            "pid": 1157801,
            "rollup_kib": {
              "AnonHugePages": 0,
              "Anonymous": 31860,
              "FilePmdMapped": 0,
              "KSM": 0,
              "LazyFree": 0,
              "Locked": 0,
              "Private_Clean": 88,
              "Private_Dirty": 31860,
              "Private_Hugetlb": 0,
              "Pss": 34233,
              "Pss_Anon": 31860,
              "Pss_Dirty": 31860,
              "Pss_File": 2373,
              "Pss_Shmem": 0,
              "Referenced": 44660,
              "Rss": 44660,
              "Shared_Clean": 12712,
              "Shared_Dirty": 0,
              "Shared_Hugetlb": 0,
              "ShmemPmdMapped": 0,
              "Swap": 0,
              "SwapPss": 0
            },
            "start_ticks": 300800266
          },
          {
            "pid": 1165823,
            "rollup_kib": {
              "AnonHugePages": 0,
              "Anonymous": 100,
              "FilePmdMapped": 0,
              "KSM": 0,
              "LazyFree": 0,
              "Locked": 0,
              "Private_Clean": 24,
              "Private_Dirty": 100,
              "Private_Hugetlb": 0,
              "Pss": 161,
              "Pss_Anon": 100,
              "Pss_Dirty": 100,
              "Pss_File": 61,
              "Pss_Shmem": 0,
              "Referenced": 1832,
              "Rss": 1832,
              "Shared_Clean": 1708,
              "Shared_Dirty": 0,
              "Shared_Hugetlb": 0,
              "ShmemPmdMapped": 0,
              "Swap": 0,
              "SwapPss": 0
            },
            "start_ticks": 300803426
          },
          {
            "pid": 1165824,
            "rollup_kib": {
              "AnonHugePages": 18432,
              "Anonymous": 3971484,
              "FilePmdMapped": 0,
              "KSM": 0,
              "LazyFree": 0,
              "Locked": 0,
              "Private_Clean": 420,
              "Private_Dirty": 3971492,
              "Private_Hugetlb": 0,
              "Pss": 3972130,
              "Pss_Anon": 3971484,
              "Pss_Dirty": 3971492,
              "Pss_File": 646,
              "Pss_Shmem": 0,
              "Referenced": 3976212,
              "Rss": 3976212,
              "Shared_Clean": 4300,
              "Shared_Dirty": 0,
              "Shared_Hugetlb": 0,
              "ShmemPmdMapped": 0,
              "Swap": 0,
              "SwapPss": 0
            },
            "start_ticks": 300803427
          }
        ],
        "reason": "rss_growth",
        "tree_rss_kib": 4013104
      },
      {
        "elapsed_s": 35.7888,
        "processes": [
          {
            "pid": 1157801,
            "rollup_kib": {
              "AnonHugePages": 0,
              "Anonymous": 31860,
              "FilePmdMapped": 0,
              "KSM": 0,
              "LazyFree": 0,
              "Locked": 0,
              "Private_Clean": 88,
              "Private_Dirty": 31860,
              "Private_Hugetlb": 0,
              "Pss": 34188,
              "Pss_Anon": 31860,
              "Pss_Dirty": 31860,
              "Pss_File": 2328,
              "Pss_Shmem": 0,
              "Referenced": 44660,
              "Rss": 44660,
              "Shared_Clean": 12712,
              "Shared_Dirty": 0,
              "Shared_Hugetlb": 0,
              "ShmemPmdMapped": 0,
              "Swap": 0,
              "SwapPss": 0
            },
            "start_ticks": 300800266
          },
          {
            "pid": 1165823,
            "rollup_kib": {
              "AnonHugePages": 0,
              "Anonymous": 100,
              "FilePmdMapped": 0,
              "KSM": 0,
              "LazyFree": 0,
              "Locked": 0,
              "Private_Clean": 24,
              "Private_Dirty": 100,
              "Private_Hugetlb": 0,
              "Pss": 158,
              "Pss_Anon": 100,
              "Pss_Dirty": 100,
              "Pss_File": 58,
              "Pss_Shmem": 0,
              "Referenced": 1832,
              "Rss": 1832,
              "Shared_Clean": 1708,
              "Shared_Dirty": 0,
              "Shared_Hugetlb": 0,
              "ShmemPmdMapped": 0,
              "Swap": 0,
              "SwapPss": 0
            },
            "start_ticks": 300803426
          },
          {
            "pid": 1165824,
            "rollup_kib": {
              "AnonHugePages": 18432,
              "Anonymous": 4273380,
              "FilePmdMapped": 0,
              "KSM": 0,
              "LazyFree": 0,
              "Locked": 0,
              "Private_Clean": 420,
              "Private_Dirty": 4273388,
              "Private_Hugetlb": 0,
              "Pss": 4274056,
              "Pss_Anon": 4273380,
              "Pss_Dirty": 4273388,
              "Pss_File": 676,
              "Pss_Shmem": 0,
              "Referenced": 4278108,
              "Rss": 4278108,
              "Shared_Clean": 4300,
              "Shared_Dirty": 0,
              "Shared_Hugetlb": 0,
              "ShmemPmdMapped": 0,
              "Swap": 0,
              "SwapPss": 0
            },
            "start_ticks": 300803427
          }
        ],
        "reason": "rss_growth",
        "tree_rss_kib": 4318928
      },
      {
        "elapsed_s": 37.9709,
        "processes": [
          {
            "pid": 1157801,
            "rollup_kib": {
              "AnonHugePages": 0,
              "Anonymous": 31860,
              "FilePmdMapped": 0,
              "KSM": 0,
              "LazyFree": 0,
              "Locked": 0,
              "Private_Clean": 88,
              "Private_Dirty": 31860,
              "Private_Hugetlb": 0,
              "Pss": 34244,
              "Pss_Anon": 31860,
              "Pss_Dirty": 31860,
              "Pss_File": 2384,
              "Pss_Shmem": 0,
              "Referenced": 44660,
              "Rss": 44660,
              "Shared_Clean": 12712,
              "Shared_Dirty": 0,
              "Shared_Hugetlb": 0,
              "ShmemPmdMapped": 0,
              "Swap": 0,
              "SwapPss": 0
            },
            "start_ticks": 300800266
          },
          {
            "pid": 1165823,
            "rollup_kib": {
              "AnonHugePages": 0,
              "Anonymous": 100,
              "FilePmdMapped": 0,
              "KSM": 0,
              "LazyFree": 0,
              "Locked": 0,
              "Private_Clean": 24,
              "Private_Dirty": 100,
              "Private_Hugetlb": 0,
              "Pss": 161,
              "Pss_Anon": 100,
              "Pss_Dirty": 100,
              "Pss_File": 61,
              "Pss_Shmem": 0,
              "Referenced": 1832,
              "Rss": 1832,
              "Shared_Clean": 1708,
              "Shared_Dirty": 0,
              "Shared_Hugetlb": 0,
              "ShmemPmdMapped": 0,
              "Swap": 0,
              "SwapPss": 0
            },
            "start_ticks": 300803426
          },
          {
            "pid": 1165824,
            "rollup_kib": {
              "AnonHugePages": 18432,
              "Anonymous": 4575472,
              "FilePmdMapped": 0,
              "KSM": 0,
              "LazyFree": 0,
              "Locked": 0,
              "Private_Clean": 420,
              "Private_Dirty": 4575480,
              "Private_Hugetlb": 0,
              "Pss": 4576120,
              "Pss_Anon": 4575472,
              "Pss_Dirty": 4575480,
              "Pss_File": 648,
              "Pss_Shmem": 0,
              "Referenced": 4580200,
              "Rss": 4580200,
              "Shared_Clean": 4300,
              "Shared_Dirty": 0,
              "Shared_Hugetlb": 0,
              "ShmemPmdMapped": 0,
              "Swap": 0,
              "SwapPss": 0
            },
            "start_ticks": 300803427
          }
        ],
        "reason": "rss_growth",
        "tree_rss_kib": 4622080
      },
      {
        "elapsed_s": 43.1738,
        "processes": [
          {
            "pid": 1157801,
            "rollup_kib": {
              "AnonHugePages": 0,
              "Anonymous": 31860,
              "FilePmdMapped": 0,
              "KSM": 0,
              "LazyFree": 0,
              "Locked": 0,
              "Private_Clean": 88,
              "Private_Dirty": 31860,
              "Private_Hugetlb": 0,
              "Pss": 34192,
              "Pss_Anon": 31860,
              "Pss_Dirty": 31860,
              "Pss_File": 2332,
              "Pss_Shmem": 0,
              "Referenced": 44660,
              "Rss": 44660,
              "Shared_Clean": 12712,
              "Shared_Dirty": 0,
              "Shared_Hugetlb": 0,
              "ShmemPmdMapped": 0,
              "Swap": 0,
              "SwapPss": 0
            },
            "start_ticks": 300800266
          },
          {
            "pid": 1165823,
            "rollup_kib": {
              "AnonHugePages": 0,
              "Anonymous": 100,
              "FilePmdMapped": 0,
              "KSM": 0,
              "LazyFree": 0,
              "Locked": 0,
              "Private_Clean": 24,
              "Private_Dirty": 100,
              "Private_Hugetlb": 0,
              "Pss": 158,
              "Pss_Anon": 100,
              "Pss_Dirty": 100,
              "Pss_File": 58,
              "Pss_Shmem": 0,
              "Referenced": 1832,
              "Rss": 1832,
              "Shared_Clean": 1708,
              "Shared_Dirty": 0,
              "Shared_Hugetlb": 0,
              "ShmemPmdMapped": 0,
              "Swap": 0,
              "SwapPss": 0
            },
            "start_ticks": 300803426
          },
          {
            "pid": 1165824,
            "rollup_kib": {
              "AnonHugePages": 18432,
              "Anonymous": 4853408,
              "FilePmdMapped": 0,
              "KSM": 0,
              "LazyFree": 0,
              "Locked": 0,
              "Private_Clean": 420,
              "Private_Dirty": 4853416,
              "Private_Hugetlb": 0,
              "Pss": 4854043,
              "Pss_Anon": 4853408,
              "Pss_Dirty": 4853416,
              "Pss_File": 635,
              "Pss_Shmem": 0,
              "Referenced": 4858136,
              "Rss": 4858136,
              "Shared_Clean": 4300,
              "Shared_Dirty": 0,
              "Shared_Hugetlb": 0,
              "ShmemPmdMapped": 0,
              "Swap": 0,
              "SwapPss": 0
            },
            "start_ticks": 300803427
          }
        ],
        "reason": "rss_growth",
        "tree_rss_kib": 4903728
      },
      {
        "elapsed_s": 45.3278,
        "processes": [
          {
            "pid": 1157801,
            "rollup_kib": {
              "AnonHugePages": 0,
              "Anonymous": 31860,
              "FilePmdMapped": 0,
              "KSM": 0,
              "LazyFree": 0,
              "Locked": 0,
              "Private_Clean": 88,
              "Private_Dirty": 31860,
              "Private_Hugetlb": 0,
              "Pss": 34204,
              "Pss_Anon": 31860,
              "Pss_Dirty": 31860,
              "Pss_File": 2344,
              "Pss_Shmem": 0,
              "Referenced": 44660,
              "Rss": 44660,
              "Shared_Clean": 12712,
              "Shared_Dirty": 0,
              "Shared_Hugetlb": 0,
              "ShmemPmdMapped": 0,
              "Swap": 0,
              "SwapPss": 0
            },
            "start_ticks": 300800266
          },
          {
            "pid": 1165823,
            "rollup_kib": {
              "AnonHugePages": 0,
              "Anonymous": 100,
              "FilePmdMapped": 0,
              "KSM": 0,
              "LazyFree": 0,
              "Locked": 0,
              "Private_Clean": 24,
              "Private_Dirty": 100,
              "Private_Hugetlb": 0,
              "Pss": 159,
              "Pss_Anon": 100,
              "Pss_Dirty": 100,
              "Pss_File": 59,
              "Pss_Shmem": 0,
              "Referenced": 1832,
              "Rss": 1832,
              "Shared_Clean": 1708,
              "Shared_Dirty": 0,
              "Shared_Hugetlb": 0,
              "ShmemPmdMapped": 0,
              "Swap": 0,
              "SwapPss": 0
            },
            "start_ticks": 300803426
          },
          {
            "pid": 1165824,
            "rollup_kib": {
              "AnonHugePages": 18432,
              "Anonymous": 5132444,
              "FilePmdMapped": 0,
              "KSM": 0,
              "LazyFree": 0,
              "Locked": 0,
              "Private_Clean": 420,
              "Private_Dirty": 5132608,
              "Private_Hugetlb": 0,
              "Pss": 5133276,
              "Pss_Anon": 5132444,
              "Pss_Dirty": 5132608,
              "Pss_File": 832,
              "Pss_Shmem": 0,
              "Referenced": 5137328,
              "Rss": 5137328,
              "Shared_Clean": 4300,
              "Shared_Dirty": 0,
              "Shared_Hugetlb": 0,
              "ShmemPmdMapped": 0,
              "Swap": 0,
              "SwapPss": 0
            },
            "start_ticks": 300803427
          }
        ],
        "reason": "rss_growth",
        "tree_rss_kib": 5183520
      },
      {
        "elapsed_s": 50.4459,
        "processes": [
          {
            "pid": 1157801,
            "rollup_kib": {
              "AnonHugePages": 0,
              "Anonymous": 31860,
              "FilePmdMapped": 0,
              "KSM": 0,
              "LazyFree": 0,
              "Locked": 0,
              "Private_Clean": 88,
              "Private_Dirty": 31860,
              "Private_Hugetlb": 0,
              "Pss": 34233,
              "Pss_Anon": 31860,
              "Pss_Dirty": 31860,
              "Pss_File": 2373,
              "Pss_Shmem": 0,
              "Referenced": 44660,
              "Rss": 44660,
              "Shared_Clean": 12712,
              "Shared_Dirty": 0,
              "Shared_Hugetlb": 0,
              "ShmemPmdMapped": 0,
              "Swap": 0,
              "SwapPss": 0
            },
            "start_ticks": 300800266
          },
          {
            "pid": 1165823,
            "rollup_kib": {
              "AnonHugePages": 0,
              "Anonymous": 100,
              "FilePmdMapped": 0,
              "KSM": 0,
              "LazyFree": 0,
              "Locked": 0,
              "Private_Clean": 24,
              "Private_Dirty": 100,
              "Private_Hugetlb": 0,
              "Pss": 161,
              "Pss_Anon": 100,
              "Pss_Dirty": 100,
              "Pss_File": 61,
              "Pss_Shmem": 0,
              "Referenced": 1832,
              "Rss": 1832,
              "Shared_Clean": 1708,
              "Shared_Dirty": 0,
              "Shared_Hugetlb": 0,
              "ShmemPmdMapped": 0,
              "Swap": 0,
              "SwapPss": 0
            },
            "start_ticks": 300803426
          },
          {
            "pid": 1165824,
            "rollup_kib": {
              "AnonHugePages": 18432,
              "Anonymous": 5400372,
              "FilePmdMapped": 0,
              "KSM": 0,
              "LazyFree": 0,
              "Locked": 0,
              "Private_Clean": 448,
              "Private_Dirty": 5401124,
              "Private_Hugetlb": 0,
              "Pss": 5401790,
              "Pss_Anon": 5400372,
              "Pss_Dirty": 5401124,
              "Pss_File": 1418,
              "Pss_Shmem": 0,
              "Referenced": 5405872,
              "Rss": 5405872,
              "Shared_Clean": 4300,
              "Shared_Dirty": 0,
              "Shared_Hugetlb": 0,
              "ShmemPmdMapped": 0,
              "Swap": 0,
              "SwapPss": 0
            },
            "start_ticks": 300803427
          }
        ],
        "reason": "rss_growth",
        "tree_rss_kib": 5451956
      },
      {
        "elapsed_s": 74.7518,
        "processes": [
          {
            "pid": 1157801,
            "rollup_kib": {
              "AnonHugePages": 0,
              "Anonymous": 31860,
              "FilePmdMapped": 0,
              "KSM": 0,
              "LazyFree": 0,
              "Locked": 0,
              "Private_Clean": 88,
              "Private_Dirty": 31860,
              "Private_Hugetlb": 0,
              "Pss": 34218,
              "Pss_Anon": 31860,
              "Pss_Dirty": 31860,
              "Pss_File": 2358,
              "Pss_Shmem": 0,
              "Referenced": 44660,
              "Rss": 44660,
              "Shared_Clean": 12712,
              "Shared_Dirty": 0,
              "Shared_Hugetlb": 0,
              "ShmemPmdMapped": 0,
              "Swap": 0,
              "SwapPss": 0
            },
            "start_ticks": 300800266
          },
          {
            "pid": 1165823,
            "rollup_kib": {
              "AnonHugePages": 0,
              "Anonymous": 100,
              "FilePmdMapped": 0,
              "KSM": 0,
              "LazyFree": 0,
              "Locked": 0,
              "Private_Clean": 24,
              "Private_Dirty": 100,
              "Private_Hugetlb": 0,
              "Pss": 160,
              "Pss_Anon": 100,
              "Pss_Dirty": 100,
              "Pss_File": 60,
              "Pss_Shmem": 0,
              "Referenced": 1832,
              "Rss": 1832,
              "Shared_Clean": 1708,
              "Shared_Dirty": 0,
              "Shared_Hugetlb": 0,
              "ShmemPmdMapped": 0,
              "Swap": 0,
              "SwapPss": 0
            },
            "start_ticks": 300803426
          },
          {
            "pid": 1165824,
            "rollup_kib": {
              "AnonHugePages": 18432,
              "Anonymous": 5659964,
              "FilePmdMapped": 0,
              "KSM": 0,
              "LazyFree": 0,
              "Locked": 0,
              "Private_Clean": 580,
              "Private_Dirty": 5663300,
              "Private_Hugetlb": 0,
              "Pss": 5664098,
              "Pss_Anon": 5659964,
              "Pss_Dirty": 5663300,
              "Pss_File": 4134,
              "Pss_Shmem": 0,
              "Referenced": 5668180,
              "Rss": 5668180,
              "Shared_Clean": 4300,
              "Shared_Dirty": 0,
              "Shared_Hugetlb": 0,
              "ShmemPmdMapped": 0,
              "Swap": 0,
              "SwapPss": 0
            },
            "start_ticks": 300803427
          }
        ],
        "reason": "rss_growth",
        "tree_rss_kib": 5714604
      },
      {
        "elapsed_s": 249.0419,
        "processes": [],
        "reason": "terminal",
        "tree_rss_kib": 0
      }
    ],
    "status": "complete",
    "temporary_disk_limit_bytes": 16000000000,
    "wall_time_limit_seconds": null
  }
}
