{"command": ["/usr/bin/python3", "/home/x/deco/gamma/projects/enwiki9/tools/run_with_resource_guard_v3.py", "--limit-kib", "12582912", "--official-decimal-limit-kib", "12582912", "--limit-mode", "tree", "--cgroup-path", "/sys/fs/cgroup/user.slice/user-1000.slice/user@1000.service/app.slice/gamma-enwiki9-20261005T025330Z_75faf9fce7", "--cgroup-memory-max-bytes", "12884901888", "--temporary-disk-limit-bytes", "32000000000", "--phase-marker-path", "/home/x/deco/gamma/projects/enwiki9/run_logs/adaptive/20261005T025330Z_75faf9fce7.resources/phases.jsonl", "--max-logical-cpus", "1", "--guard-json", "/home/x/deco/gamma/projects/enwiki9/run_logs/adaptive/20261005T025330Z_75faf9fce7.resources/guard.json", "--label", "20261005T025330Z_75faf9fce7", "--phase", "diagnostic", "--scratch-path", "/home/x/deco/gamma/projects/enwiki9/results/lexth11c_recompress_full1g_q0_v1", "--scratch-path", "/home/x/deco/gamma/projects/enwiki9/run_logs/adaptive/20261005T025330Z_75faf9fce7.log", "--scratch-path", "/home/x/deco/gamma/projects/enwiki9/run_logs/adaptive/20261005T025330Z_75faf9fce7.resources", "--scratch-path", "/tmp/gamma-enwiki9-20261005T025330Z_75faf9fce7-9efzx_of/lexth11c_recompress_full1g_q0_v1", "--", "/usr/bin/taskset", "--cpu-list", "12", "/bin/sh", "-c", "printf '%s\\n' '{\"phase\":\"diagnostic\",\"event\":\"worker_start\",\"detail\":\"operational envelope only; no codec phase credit\"}' >> \"$GAMMA_RESOURCE_PHASE_MARKERS\" || exit 125; exec \"$@\"", "enwiki9-discovery-envelope", "/usr/bin/python3", "/home/x/deco/gamma/projects/enwiki9/tools/lexth11c_full_control_v1.py", "--root", ".", "--output", "results/lexth11c_recompress_full1g_q0_v1", "--experiment", "operations/adaptive/experiments/lexth11c_recompress_full1g_q0_v1.json", "--plan", "operations/planning/lexth11c_full_recompression_20261005.json"], "job": {"candidate_id": "lexth11c_recompress_full1g_q0_v1", "candidate_revision": {"path": "operations/adaptive/candidate-revisions/lexth11c_recompress_full1g_q0_v1/20261005T025327468206Z_725688e620fa.json", "sha256": "sha256:b6fbc7912764c40756dd2cc2f82b1485dda1825f47a75f0d8c955e6f69b2bd97"}, "candidate_tree_sha256": "sha256:725688e620faaa2b1a8468bb1b7d85a37acd920fdcdd92e629b4da2f3cefe812", "execution_guard": {"path": "tools/run_with_resource_guard_v3.py", "sha256": "sha256:044147f7ffe6922ea8dafd52fc3d4426077b20958adbcd421245ad41adcfc1e4"}, "execution_mode": "discovery", "execution_resources": {"boot_id": "3ce46712-27bc-4199-8e48-e2b3d23926cb", "budget": {"cgroup_parent": "/sys/fs/cgroup/user.slice/user-1000.slice/user@1000.service/app.slice", "cpus": [12], "memory_bytes": 12884901888, "scratch_bytes": 32000000000, "swap_bytes": 0, "wall_seconds": 360600}, "cgroup_inode": 535209, "cgroup_path": "/sys/fs/cgroup/user.slice/user-1000.slice/user@1000.service/app.slice/gamma-enwiki9-20261005T025330Z_75faf9fce7", "cpu_enforcement": "taskset-and-sampled-affinity-guard", "groups": [{"created": true, "inode": 535209, "kernel_cpuset": false, "memory_bytes": 12884901888, "path": "/sys/fs/cgroup/user.slice/user-1000.slice/user@1000.service/app.slice/gamma-enwiki9-20261005T025330Z_75faf9fce7"}], "guard_command_sha256": "b16fd4b922e3970b68bc74fee5f6c912fc8192f003af101a555ee893f29cc85c", "guard_path": "run_logs/adaptive/20261005T025330Z_75faf9fce7.resources/guard.json", "missing_diagnostics": ["kernel cpuset controller is not delegated; taskset assignment and existing affinity guard remain active"], "timing_authority": "diagnostic"}, "experiment": {"path": "operations/adaptive/experiments/lexth11c_recompress_full1g_q0_v1.json", "sha256": "sha256:ea2a3c091b083917eb90bfe448dfe089c54e61d18a15a1d13c6991049df02d06"}, "gate_size": 1000000000, "job_id": "20261005T025330Z_75faf9fce7", "priority": 50, "proposal": {"path": "operations/adaptive/proposals/developed/949_lexth11c_recompress_full1g_q0_v1.json", "sha256": "sha256:4c7e088c4575f0bf08d5f5927ffc28143b8f0925d58897ed58af9cfcaf52a26a"}, "proposal_id": "lexth11c_recompress_full1g_q0_v1", "purpose": "infrastructure", "resource_budget": {"cgroup_parent": "/sys/fs/cgroup/user.slice/user-1000.slice/user@1000.service/app.slice", "cpus": [12], "memory_bytes": 12884901888, "scratch_bytes": 32000000000, "swap_bytes": 0, "wall_seconds": 360600}, "runner": {"path": "tools/lexth11c_full_control_v1.py", "sha256": "sha256:672deec885fe71359cd55d0a5325f1110cc420306e58422de68ad3117ad75214"}, "schema": "gamma.enwiki9.adaptive-job.v3", "scratch_directories": ["results/lexth11c_recompress_full1g_q0_v1"], "started_at": "2026-10-05T02:54:14+00:00", "state": "running", "submitted_at": "2026-10-05T02:53:30+00:00", "tags": [], "timing_authority": "diagnostic", "tool": "tools/lexth11c_full_control_v1.py", "tool_args": ["--root", ".", "--output", "results/lexth11c_recompress_full1g_q0_v1", "--experiment", "operations/adaptive/experiments/lexth11c_recompress_full1g_q0_v1.json", "--plan", "operations/planning/lexth11c_full_recompression_20261005.json"]}}
Traceback (most recent call last):
  File "/home/x/deco/gamma/projects/enwiki9/tools/lexth11c_full_control_v1.py", line 8, in <module>
    raise SystemExit(main())
                     ~~~~^^
  File "/home/x/deco/gamma/projects/enwiki9/src/gamma_enwiki9/adapters/lexth11c_full_control_v1.py", line 136, in main
    return run(*(getattr(args, name).resolve() for name in ['root', 'output', 'experiment', 'plan']))
  File "/home/x/deco/gamma/projects/enwiki9/src/gamma_enwiki9/adapters/lexth11c_full_control_v1.py", line 37, in run
    if fingerprint(root / row['path'], root)['sha256'] != row['sha256'].removeprefix('sha256:'):
       ~~~~~~~~~~~^^^^^^^^^^^^^^^^^^^^^^^^^^
  File "/home/x/deco/gamma/projects/enwiki9/src/gamma_enwiki9/evidence/artifacts.py", line 32, in fingerprint
    raise ValueError("artifact path contains a symlink")
ValueError: artifact path contains a symlink
{
  "resource_guard": {
    "cgroup": {
      "inode": 535209,
      "joined_before_exec": true,
      "memory_max_bytes": 12884901888,
      "memory_max_rounding_bytes": 0,
      "memory_peak_reset": true,
      "path": "/sys/fs/cgroup/user.slice/user-1000.slice/user@1000.service/app.slice/gamma-enwiki9-20261005T025330Z_75faf9fce7",
      "previous_memory_max": "12884901888",
      "requested_memory_max_bytes": 12884901888
    },
    "cgroup_events": {
      "baseline": {
        "high": 0,
        "low": 0,
        "max": 0,
        "oom": 0,
        "oom_group_kill": 0,
        "oom_kill": 0,
        "sock_throttled": 0
      },
      "delta": {
        "high": 0,
        "low": 0,
        "max": 0,
        "oom": 0,
        "oom_group_kill": 0,
        "oom_kill": 0,
        "sock_throttled": 0
      },
      "final": {
        "high": 0,
        "low": 0,
        "max": 0,
        "oom": 0,
        "oom_group_kill": 0,
        "oom_kill": 0,
        "sock_throttled": 0
      }
    },
    "command": [
      "/usr/bin/taskset",
      "--cpu-list",
      "12",
      "/bin/sh",
      "-c",
      "printf '%s\\n' '{\"phase\":\"diagnostic\",\"event\":\"worker_start\",\"detail\":\"operational envelope only; no codec phase credit\"}' >> \"$GAMMA_RESOURCE_PHASE_MARKERS\" || exit 125; exec \"$@\"",
      "enwiki9-discovery-envelope",
      "/usr/bin/python3",
      "/home/x/deco/gamma/projects/enwiki9/tools/lexth11c_full_control_v1.py",
      "--root",
      ".",
      "--output",
      "results/lexth11c_recompress_full1g_q0_v1",
      "--experiment",
      "operations/adaptive/experiments/lexth11c_recompress_full1g_q0_v1.json",
      "--plan",
      "operations/planning/lexth11c_full_recompression_20261005.json"
    ],
    "command_sha256": "65f9ca216fc1126f205de9288b4f0ccbbaf603837d205a68c6eee16604ad74d5",
    "elapsed_s": 0.5256,
    "geekbench5_single_core_score": null,
    "guards": {
      "cgroup_memory_guard_exceeded": false,
      "logical_cpu_guard_exceeded": false,
      "measurement_incomplete": false,
      "official_decimal_memory_exceeded": false,
      "phase_marker_invalid": false,
      "rss_guard_exceeded": false,
      "temporary_disk_guard_exceeded": false,
      "wall_time_guard_exceeded": false
    },
    "label": "20261005T025330Z_75faf9fce7",
    "latest_sample": {
      "allowed_cpu_union": [],
      "cgroup_current_bytes": 663552,
      "elapsed_s": 0.5246,
      "max_single_rss_kib": 0,
      "persistent_status_misses": [],
      "processes": [],
      "scratch_allocated_bytes": 40960,
      "scratch_file_count": 6,
      "scratch_logical_bytes": 15038,
      "scratch_race_count": 0,
      "tree_live_threads": 0,
      "tree_rss_kib": 0,
      "tree_runnable_threads": 0
    },
    "limit_kib": 12582912,
    "limit_mode": "tree",
    "max_logical_cpus": 1,
    "measurements": {
      "affinity_complete": true,
      "cgroup_v2_complete": true,
      "per_process_vmhwm_sampled": true,
      "phase_markers_complete": true,
      "process_tree_rss_complete": true,
      "scratch_logical_and_allocated_complete": true,
      "smaps_rollup_complete": true
    },
    "objective": {
      "corpusBytes": 1000000000,
      "corpusSha256": "159b85351e5f76e60cbe32e04c677847a9ecba3adc79addab6f4c6c7aa3744bc",
      "objectiveDigest": "sha256:409b70547f901a3ac5fffd7fd7a1e1d77b05fb44d9e9d889be1337bd153706d7",
      "objectiveId": "gamma-enwiki9-hutter-96m-v4",
      "objectivePath": "contracts/research/v4/objective-contract.json",
      "targetScoreBytes": 96000000
    },
    "official_decimal_limit_kib": 12582912,
    "peak_process_vmhwm": {
      "comm": "python3",
      "observed_elapsed_s": 0.0236,
      "pid": 3133919,
      "start_ticks": 426499371,
      "vmhwm_kib": 6836
    },
    "peak_sample": {
      "allowed_cpu_union": [
        12
      ],
      "cgroup_current_bytes": 2252800,
      "elapsed_s": 0.0236,
      "max_single_rss_kib": 6836,
      "persistent_status_misses": [],
      "processes": [
        {
          "allowed_cpus": [
            12
          ],
          "comm": "python3",
          "live_threads": 1,
          "pid": 3133919,
          "rss_kib": 6836,
          "runnable_threads": 1,
          "start_ticks": 426499371,
          "vmhwm_kib": 6836
        }
      ],
      "scratch_allocated_bytes": 32768,
      "scratch_file_count": 5,
      "scratch_logical_bytes": 6539,
      "scratch_race_count": 0,
      "tree_live_threads": 1,
      "tree_rss_kib": 6836,
      "tree_runnable_threads": 1
    },
    "peak_tree_sample": {
      "allowed_cpu_union": [
        12
      ],
      "cgroup_current_bytes": 2252800,
      "elapsed_s": 0.0236,
      "max_single_rss_kib": 6836,
      "persistent_status_misses": [],
      "processes": [
        {
          "allowed_cpus": [
            12
          ],
          "comm": "python3",
          "live_threads": 1,
          "pid": 3133919,
          "rss_kib": 6836,
          "runnable_threads": 1,
          "start_ticks": 426499371,
          "vmhwm_kib": 6836
        }
      ],
      "scratch_allocated_bytes": 32768,
      "scratch_file_count": 5,
      "scratch_logical_bytes": 6539,
      "scratch_race_count": 0,
      "tree_live_threads": 1,
      "tree_rss_kib": 6836,
      "tree_runnable_threads": 1
    },
    "peaks": {
      "cgroup_memory_peak_bytes": 19206144,
      "max_observed_process_vmhwm_kib": 6836,
      "max_sampled_allowed_cpu_count": 1,
      "max_sampled_cgroup_current_bytes": 2252800,
      "max_sampled_scratch_allocated_bytes": 40960,
      "max_sampled_scratch_logical_bytes": 15038,
      "max_sampled_single_rss_kib": 6836,
      "max_sampled_tree_live_threads": 1,
      "max_sampled_tree_rss_kib": 6836,
      "max_sampled_tree_runnable_threads": 1
    },
    "phase": "diagnostic",
    "phase_marker_path": "/home/x/deco/gamma/projects/enwiki9/run_logs/adaptive/20261005T025330Z_75faf9fce7.resources/phases.jsonl",
    "phase_markers": [
      {
        "detail": "operational envelope only; no codec phase credit",
        "event": "worker_start",
        "observed_elapsed_s": 0.0236,
        "phase": "diagnostic",
        "source_line": 1
      }
    ],
    "returncode": 1,
    "sample_count": 2,
    "sample_interval_seconds": 0.5,
    "schema": "gamma.enwiki9.resource-guard-receipt.v3",
    "scratch_paths": [
      "/home/x/deco/gamma/projects/enwiki9/results/lexth11c_recompress_full1g_q0_v1",
      "/home/x/deco/gamma/projects/enwiki9/run_logs/adaptive/20261005T025330Z_75faf9fce7.log",
      "/home/x/deco/gamma/projects/enwiki9/run_logs/adaptive/20261005T025330Z_75faf9fce7.resources",
      "/tmp/gamma-enwiki9-20261005T025330Z_75faf9fce7-9efzx_of/lexth11c_recompress_full1g_q0_v1"
    ],
    "smaps_rollup_checkpoints": [
      {
        "elapsed_s": 0.0236,
        "processes": [
          {
            "pid": 3133919,
            "rollup_kib": {
              "AnonHugePages": 0,
              "Anonymous": 1620,
              "FilePmdMapped": 0,
              "KSM": 0,
              "LazyFree": 0,
              "Locked": 0,
              "Private_Clean": 48,
              "Private_Dirty": 1620,
              "Private_Hugetlb": 0,
              "Pss": 2014,
              "Pss_Anon": 1620,
              "Pss_Dirty": 1620,
              "Pss_File": 394,
              "Pss_Shmem": 0,
              "Referenced": 7336,
              "Rss": 7336,
              "Shared_Clean": 5668,
              "Shared_Dirty": 0,
              "Shared_Hugetlb": 0,
              "ShmemPmdMapped": 0,
              "Swap": 0,
              "SwapPss": 0
            },
            "start_ticks": 426499371
          }
        ],
        "reason": "initial+phase_marker+rss_growth",
        "tree_rss_kib": 6836
      },
      {
        "elapsed_s": 0.5246,
        "processes": [],
        "reason": "terminal",
        "tree_rss_kib": 0
      }
    ],
    "status": "complete",
    "temporary_disk_limit_bytes": 32000000000,
    "wall_time_limit_seconds": null
  }
}
