{"command": ["/tmp/gamma-architecture-tests/bin/python", "/home/x/deco/gamma/projects/enwiki9/tools/run_with_resource_guard_v3.py", "--limit-kib", "9765624", "--official-decimal-limit-kib", "9765624", "--limit-mode", "tree", "--cgroup-path", "/sys/fs/cgroup/user.slice/user-1000.slice/user@1000.service/app.slice/gamma-enwiki9-20260920T033951Z_3560358dea", "--cgroup-memory-max-bytes", "9999998976", "--temporary-disk-limit-bytes", "24000000000", "--phase-marker-path", "/home/x/deco/gamma/projects/enwiki9/run_logs/adaptive/20260920T033951Z_3560358dea.resources/phases.jsonl", "--max-logical-cpus", "1", "--guard-json", "/home/x/deco/gamma/projects/enwiki9/run_logs/adaptive/20260920T033951Z_3560358dea.resources/guard.json", "--label", "20260920T033951Z_3560358dea", "--phase", "diagnostic", "--scratch-path", "/home/x/deco/gamma/projects/enwiki9/results/fx2_joint_delivery250k_q0_v1", "--scratch-path", "/home/x/deco/gamma/projects/enwiki9/run_logs/adaptive/20260920T033951Z_3560358dea.log", "--scratch-path", "/home/x/deco/gamma/projects/enwiki9/run_logs/adaptive/20260920T033951Z_3560358dea.resources", "--scratch-path", "/tmp/gamma-enwiki9-20260920T033951Z_3560358dea-wszkotk_/fx2_joint_delivery250k_q0_v1", "--", "/usr/bin/taskset", "--cpu-list", "5", "/bin/sh", "-c", "printf '%s\\n' '{\"phase\":\"diagnostic\",\"event\":\"worker_start\",\"detail\":\"operational envelope only; no codec phase credit\"}' >> \"$GAMMA_RESOURCE_PHASE_MARKERS\" || exit 125; exec \"$@\"", "enwiki9-discovery-envelope", "/tmp/gamma-architecture-tests/bin/python", "/home/x/deco/gamma/projects/enwiki9/tools/fx2_core_delivery_v1.py", "--root", "/home/x/deco/gamma/projects/enwiki9", "--output", "/home/x/deco/gamma/projects/enwiki9/results/fx2_joint_delivery250k_q0_v1", "--experiment", "/home/x/deco/gamma/projects/enwiki9/operations/adaptive/experiments/fx2_joint_delivery250k_q0_v1.json", "--closure", "/home/x/deco/gamma/projects/enwiki9/operations/provenance/fx2_joint_delivery250k_q0_v1_closure.json", "--plan", "/home/x/deco/gamma/projects/enwiki9/operations/provenance/fx2_joint_delivery250k_q0_v1_plan.json"], "job": {"candidate_id": "fx2_joint_delivery250k_q0_v1", "candidate_revision": {"path": "operations/adaptive/candidate-revisions/fx2_joint_delivery250k_q0_v1/20260920T033950752863Z_87992910d84d.json", "sha256": "sha256:34000c03ec27b4837c06a10c5461cd95882dbc14b5e1b7ccfef77e35f1fe55c0"}, "candidate_tree_sha256": "sha256:87992910d84d97121cdc00c752c022cc8115b3a30b912f88921f514874b33e5d", "execution_guard": {"path": "tools/run_with_resource_guard_v3.py", "sha256": "sha256:044147f7ffe6922ea8dafd52fc3d4426077b20958adbcd421245ad41adcfc1e4"}, "execution_mode": "discovery", "execution_resources": {"boot_id": "3ce46712-27bc-4199-8e48-e2b3d23926cb", "budget": {"cgroup_parent": "/sys/fs/cgroup/user.slice/user-1000.slice/user@1000.service/app.slice", "cpus": [5], "memory_bytes": 9999998976, "scratch_bytes": 24000000000, "swap_bytes": 0, "wall_seconds": 1800}, "cgroup_inode": 378499, "cgroup_path": "/sys/fs/cgroup/user.slice/user-1000.slice/user@1000.service/app.slice/gamma-enwiki9-20260920T033951Z_3560358dea", "cpu_enforcement": "taskset-and-sampled-affinity-guard", "groups": [{"created": true, "inode": 378499, "kernel_cpuset": false, "memory_bytes": 9999998976, "path": "/sys/fs/cgroup/user.slice/user-1000.slice/user@1000.service/app.slice/gamma-enwiki9-20260920T033951Z_3560358dea"}], "guard_command_sha256": "763b08a7f1dbac7affbbbae52b68f42dedb41700bffe8de6b11ae038c8d8ef4b", "guard_path": "run_logs/adaptive/20260920T033951Z_3560358dea.resources/guard.json", "missing_diagnostics": ["kernel cpuset controller is not delegated; taskset assignment and existing affinity guard remain active"], "timing_authority": "diagnostic"}, "experiment": {"path": "operations/adaptive/experiments/fx2_joint_delivery250k_q0_v1.json", "sha256": "sha256:eac5b948c6bd8ad42a33fd224b9dcfe10676d932a78f9f05ec51ef632259d6cf"}, "gate_size": 250000, "job_id": "20260920T033951Z_3560358dea", "priority": 90, "proposal": {"path": "operations/adaptive/proposals/developed/949_fx2_joint_delivery250k_q0_v1.json", "sha256": "sha256:0e1c53eb648751e662697e37b86b5bf35dcf6fef7c59663f047165c50dc32e2f"}, "proposal_id": "fx2_joint_delivery250k_q0_v1", "purpose": "diagnostic", "resource_budget": {"cgroup_parent": "/sys/fs/cgroup/user.slice/user-1000.slice/user@1000.service/app.slice", "cpus": [5], "memory_bytes": 9999998976, "scratch_bytes": 24000000000, "swap_bytes": 0, "wall_seconds": 1800}, "runner": {"path": "tools/fx2_core_delivery_v1.py", "sha256": "sha256:4e802ad969b534f70743bca016a0c6bd51c0c40fd5f617c5b6c11eb7e703bc51"}, "schema": "gamma.enwiki9.adaptive-job.v3", "scratch_directories": ["results/fx2_joint_delivery250k_q0_v1"], "started_at": "2026-09-20T03:41:14+00:00", "state": "running", "submitted_at": "2026-09-20T03:39:51+00:00", "tags": [], "timing_authority": "diagnostic", "tool": "tools/fx2_core_delivery_v1.py", "tool_args": ["--root", "/home/x/deco/gamma/projects/enwiki9", "--output", "/home/x/deco/gamma/projects/enwiki9/results/fx2_joint_delivery250k_q0_v1", "--experiment", "/home/x/deco/gamma/projects/enwiki9/operations/adaptive/experiments/fx2_joint_delivery250k_q0_v1.json", "--closure", "/home/x/deco/gamma/projects/enwiki9/operations/provenance/fx2_joint_delivery250k_q0_v1_closure.json", "--plan", "/home/x/deco/gamma/projects/enwiki9/operations/provenance/fx2_joint_delivery250k_q0_v1_plan.json"]}}
{"executable_form_bytes": 7598975, "source_zip_form_bytes": 7737699, "no_argument_inverse_exact": true}
{
  "resource_guard": {
    "cgroup": {
      "inode": 378499,
      "joined_before_exec": true,
      "memory_max_bytes": 9999998976,
      "memory_max_rounding_bytes": 0,
      "memory_peak_reset": true,
      "path": "/sys/fs/cgroup/user.slice/user-1000.slice/user@1000.service/app.slice/gamma-enwiki9-20260920T033951Z_3560358dea",
      "previous_memory_max": "9999998976",
      "requested_memory_max_bytes": 9999998976
    },
    "cgroup_events": {
      "baseline": {
        "high": 0,
        "low": 0,
        "max": 0,
        "oom": 0,
        "oom_group_kill": 0,
        "oom_kill": 0,
        "sock_throttled": 0
      },
      "delta": {
        "high": 0,
        "low": 0,
        "max": 0,
        "oom": 0,
        "oom_group_kill": 0,
        "oom_kill": 0,
        "sock_throttled": 0
      },
      "final": {
        "high": 0,
        "low": 0,
        "max": 0,
        "oom": 0,
        "oom_group_kill": 0,
        "oom_kill": 0,
        "sock_throttled": 0
      }
    },
    "command": [
      "/usr/bin/taskset",
      "--cpu-list",
      "5",
      "/bin/sh",
      "-c",
      "printf '%s\\n' '{\"phase\":\"diagnostic\",\"event\":\"worker_start\",\"detail\":\"operational envelope only; no codec phase credit\"}' >> \"$GAMMA_RESOURCE_PHASE_MARKERS\" || exit 125; exec \"$@\"",
      "enwiki9-discovery-envelope",
      "/tmp/gamma-architecture-tests/bin/python",
      "/home/x/deco/gamma/projects/enwiki9/tools/fx2_core_delivery_v1.py",
      "--root",
      "/home/x/deco/gamma/projects/enwiki9",
      "--output",
      "/home/x/deco/gamma/projects/enwiki9/results/fx2_joint_delivery250k_q0_v1",
      "--experiment",
      "/home/x/deco/gamma/projects/enwiki9/operations/adaptive/experiments/fx2_joint_delivery250k_q0_v1.json",
      "--closure",
      "/home/x/deco/gamma/projects/enwiki9/operations/provenance/fx2_joint_delivery250k_q0_v1_closure.json",
      "--plan",
      "/home/x/deco/gamma/projects/enwiki9/operations/provenance/fx2_joint_delivery250k_q0_v1_plan.json"
    ],
    "command_sha256": "153c7b2537c4066b0d5291aca3eb96330004a2c906b29747e210103bf58a21ba",
    "elapsed_s": 238.517,
    "geekbench5_single_core_score": null,
    "guards": {
      "cgroup_memory_guard_exceeded": false,
      "logical_cpu_guard_exceeded": false,
      "measurement_incomplete": false,
      "official_decimal_memory_exceeded": false,
      "phase_marker_invalid": false,
      "rss_guard_exceeded": false,
      "temporary_disk_guard_exceeded": false,
      "wall_time_guard_exceeded": false
    },
    "label": "20260920T033951Z_3560358dea",
    "latest_sample": {
      "allowed_cpu_union": [],
      "cgroup_current_bytes": 71221248,
      "elapsed_s": 238.5144,
      "max_single_rss_kib": 0,
      "persistent_status_misses": [],
      "processes": [],
      "scratch_allocated_bytes": 68177920,
      "scratch_file_count": 221,
      "scratch_logical_bytes": 67356064,
      "scratch_race_count": 0,
      "tree_live_threads": 0,
      "tree_rss_kib": 0,
      "tree_runnable_threads": 0
    },
    "limit_kib": 9765624,
    "limit_mode": "tree",
    "max_logical_cpus": 1,
    "measurements": {
      "affinity_complete": true,
      "cgroup_v2_complete": true,
      "per_process_vmhwm_sampled": true,
      "phase_markers_complete": true,
      "process_tree_rss_complete": true,
      "scratch_logical_and_allocated_complete": true,
      "smaps_rollup_complete": true
    },
    "objective": {
      "corpusBytes": 1000000000,
      "corpusSha256": "159b85351e5f76e60cbe32e04c677847a9ecba3adc79addab6f4c6c7aa3744bc",
      "objectiveDigest": "sha256:409b70547f901a3ac5fffd7fd7a1e1d77b05fb44d9e9d889be1337bd153706d7",
      "objectiveId": "gamma-enwiki9-hutter-96m-v4",
      "objectivePath": "contracts/research/v4/objective-contract.json",
      "targetScoreBytes": 96000000
    },
    "official_decimal_limit_kib": 9765624,
    "peak_process_vmhwm": {
      "comm": "codec",
      "observed_elapsed_s": 194.208,
      "pid": 3253620,
      "start_ticks": 297196359,
      "vmhwm_kib": 5650572
    },
    "peak_sample": {
      "allowed_cpu_union": [
        5
      ],
      "cgroup_current_bytes": 5896867840,
      "elapsed_s": 194.208,
      "max_single_rss_kib": 5650572,
      "persistent_status_misses": [],
      "processes": [
        {
          "allowed_cpus": [
            5
          ],
          "comm": "python",
          "live_threads": 1,
          "pid": 3223671,
          "rss_kib": 47572,
          "runnable_threads": 0,
          "start_ticks": 297181264,
          "vmhwm_kib": 47572
        },
        {
          "allowed_cpus": [
            5
          ],
          "comm": "bwrap",
          "live_threads": 1,
          "pid": 3253617,
          "rss_kib": 2412,
          "runnable_threads": 0,
          "start_ticks": 297196358,
          "vmhwm_kib": 2412
        },
        {
          "allowed_cpus": [
            5
          ],
          "comm": "bwrap",
          "live_threads": 1,
          "pid": 3253618,
          "rss_kib": 1588,
          "runnable_threads": 0,
          "start_ticks": 297196359,
          "vmhwm_kib": 1588
        },
        {
          "allowed_cpus": [
            5
          ],
          "comm": "comp9",
          "live_threads": 1,
          "pid": 3253619,
          "rss_kib": 4304,
          "runnable_threads": 0,
          "start_ticks": 297196359,
          "vmhwm_kib": 4304
        },
        {
          "allowed_cpus": [
            5
          ],
          "comm": "codec",
          "live_threads": 1,
          "pid": 3253620,
          "rss_kib": 5650572,
          "runnable_threads": 1,
          "start_ticks": 297196359,
          "vmhwm_kib": 5650572
        }
      ],
      "scratch_allocated_bytes": 66711552,
      "scratch_file_count": 220,
      "scratch_logical_bytes": 14742739762,
      "scratch_race_count": 0,
      "tree_live_threads": 5,
      "tree_rss_kib": 5706448,
      "tree_runnable_threads": 1
    },
    "peak_tree_sample": {
      "allowed_cpu_union": [
        5
      ],
      "cgroup_current_bytes": 5896867840,
      "elapsed_s": 194.208,
      "max_single_rss_kib": 5650572,
      "persistent_status_misses": [],
      "processes": [
        {
          "allowed_cpus": [
            5
          ],
          "comm": "python",
          "live_threads": 1,
          "pid": 3223671,
          "rss_kib": 47572,
          "runnable_threads": 0,
          "start_ticks": 297181264,
          "vmhwm_kib": 47572
        },
        {
          "allowed_cpus": [
            5
          ],
          "comm": "bwrap",
          "live_threads": 1,
          "pid": 3253617,
          "rss_kib": 2412,
          "runnable_threads": 0,
          "start_ticks": 297196358,
          "vmhwm_kib": 2412
        },
        {
          "allowed_cpus": [
            5
          ],
          "comm": "bwrap",
          "live_threads": 1,
          "pid": 3253618,
          "rss_kib": 1588,
          "runnable_threads": 0,
          "start_ticks": 297196359,
          "vmhwm_kib": 1588
        },
        {
          "allowed_cpus": [
            5
          ],
          "comm": "comp9",
          "live_threads": 1,
          "pid": 3253619,
          "rss_kib": 4304,
          "runnable_threads": 0,
          "start_ticks": 297196359,
          "vmhwm_kib": 4304
        },
        {
          "allowed_cpus": [
            5
          ],
          "comm": "codec",
          "live_threads": 1,
          "pid": 3253620,
          "rss_kib": 5650572,
          "runnable_threads": 1,
          "start_ticks": 297196359,
          "vmhwm_kib": 5650572
        }
      ],
      "scratch_allocated_bytes": 66711552,
      "scratch_file_count": 220,
      "scratch_logical_bytes": 14742739762,
      "scratch_race_count": 0,
      "tree_live_threads": 5,
      "tree_rss_kib": 5706448,
      "tree_runnable_threads": 1
    },
    "peaks": {
      "cgroup_memory_peak_bytes": 5910818816,
      "max_observed_process_vmhwm_kib": 5650572,
      "max_sampled_allowed_cpu_count": 1,
      "max_sampled_cgroup_current_bytes": 5904265216,
      "max_sampled_scratch_allocated_bytes": 75030528,
      "max_sampled_scratch_logical_bytes": 14751075371,
      "max_sampled_single_rss_kib": 5650572,
      "max_sampled_tree_live_threads": 5,
      "max_sampled_tree_rss_kib": 5706448,
      "max_sampled_tree_runnable_threads": 2
    },
    "phase": "diagnostic",
    "phase_marker_path": "/home/x/deco/gamma/projects/enwiki9/run_logs/adaptive/20260920T033951Z_3560358dea.resources/phases.jsonl",
    "phase_markers": [
      {
        "detail": "operational envelope only; no codec phase credit",
        "event": "worker_start",
        "observed_elapsed_s": 0.0331,
        "phase": "diagnostic",
        "source_line": 1
      }
    ],
    "returncode": 0,
    "sample_count": 472,
    "sample_interval_seconds": 0.5,
    "schema": "gamma.enwiki9.resource-guard-receipt.v3",
    "scratch_paths": [
      "/home/x/deco/gamma/projects/enwiki9/results/fx2_joint_delivery250k_q0_v1",
      "/home/x/deco/gamma/projects/enwiki9/run_logs/adaptive/20260920T033951Z_3560358dea.log",
      "/home/x/deco/gamma/projects/enwiki9/run_logs/adaptive/20260920T033951Z_3560358dea.resources",
      "/tmp/gamma-enwiki9-20260920T033951Z_3560358dea-wszkotk_/fx2_joint_delivery250k_q0_v1"
    ],
    "smaps_rollup_checkpoints": [
      {
        "elapsed_s": 0.0331,
        "processes": [
          {
            "pid": 3223671,
            "rollup_kib": {
              "AnonHugePages": 0,
              "Anonymous": 4716,
              "FilePmdMapped": 0,
              "KSM": 0,
              "LazyFree": 0,
              "Locked": 0,
              "Private_Clean": 76,
              "Private_Dirty": 4716,
              "Private_Hugetlb": 0,
              "Pss": 5520,
              "Pss_Anon": 4716,
              "Pss_Dirty": 4716,
              "Pss_File": 804,
              "Pss_Shmem": 0,
              "Referenced": 11460,
              "Rss": 11460,
              "Shared_Clean": 6668,
              "Shared_Dirty": 0,
              "Shared_Hugetlb": 0,
              "ShmemPmdMapped": 0,
              "Swap": 0,
              "SwapPss": 0
            },
            "start_ticks": 297181264
          }
        ],
        "reason": "initial+phase_marker+rss_growth",
        "tree_rss_kib": 11460
      },
      {
        "elapsed_s": 3.5541,
        "processes": [
          {
            "pid": 3223671,
            "rollup_kib": {
              "AnonHugePages": 0,
              "Anonymous": 25136,
              "FilePmdMapped": 0,
              "KSM": 0,
              "LazyFree": 0,
              "Locked": 0,
              "Private_Clean": 100,
              "Private_Dirty": 25136,
              "Private_Hugetlb": 0,
              "Pss": 26542,
              "Pss_Anon": 25136,
              "Pss_Dirty": 25136,
              "Pss_File": 1406,
              "Pss_Shmem": 0,
              "Referenced": 37744,
              "Rss": 37744,
              "Shared_Clean": 12508,
              "Shared_Dirty": 0,
              "Shared_Hugetlb": 0,
              "ShmemPmdMapped": 0,
              "Swap": 0,
              "SwapPss": 0
            },
            "start_ticks": 297181264
          },
          {
            "pid": 3223718,
            "rollup_kib": {
              "AnonHugePages": 0,
              "Anonymous": 312,
              "FilePmdMapped": 0,
              "KSM": 0,
              "LazyFree": 0,
              "Locked": 0,
              "Private_Clean": 0,
              "Private_Dirty": 312,
              "Private_Hugetlb": 0,
              "Pss": 490,
              "Pss_Anon": 312,
              "Pss_Dirty": 312,
              "Pss_File": 178,
              "Pss_Shmem": 0,
              "Referenced": 2488,
              "Rss": 2488,
              "Shared_Clean": 2176,
              "Shared_Dirty": 0,
              "Shared_Hugetlb": 0,
              "ShmemPmdMapped": 0,
              "Swap": 0,
              "SwapPss": 0
            },
            "start_ticks": 297181290
          },
          {
            "pid": 3223719,
            "rollup_kib": {
              "AnonHugePages": 0,
              "Anonymous": 384,
              "FilePmdMapped": 0,
              "KSM": 0,
              "LazyFree": 0,
              "Locked": 0,
              "Private_Clean": 0,
              "Private_Dirty": 384,
              "Private_Hugetlb": 0,
              "Pss": 566,
              "Pss_Anon": 384,
              "Pss_Dirty": 384,
              "Pss_File": 182,
              "Pss_Shmem": 0,
              "Referenced": 2624,
              "Rss": 2624,
              "Shared_Clean": 2240,
              "Shared_Dirty": 0,
              "Shared_Hugetlb": 0,
              "ShmemPmdMapped": 0,
              "Swap": 0,
              "SwapPss": 0
            },
            "start_ticks": 297181290
          },
          {
            "pid": 3223721,
            "rollup_kib": {
              "AnonHugePages": 0,
              "Anonymous": 320,
              "FilePmdMapped": 0,
              "KSM": 0,
              "LazyFree": 0,
              "Locked": 0,
              "Private_Clean": 1004,
              "Private_Dirty": 320,
              "Private_Hugetlb": 0,
              "Pss": 1367,
              "Pss_Anon": 320,
              "Pss_Dirty": 320,
              "Pss_File": 1047,
              "Pss_Shmem": 0,
              "Referenced": 3168,
              "Rss": 3168,
              "Shared_Clean": 1844,
              "Shared_Dirty": 0,
              "Shared_Hugetlb": 0,
              "ShmemPmdMapped": 0,
              "Swap": 0,
              "SwapPss": 0
            },
            "start_ticks": 297181290
          },
          {
            "pid": 3224324,
            "rollup_kib": {
              "AnonHugePages": 0,
              "Anonymous": 233248,
              "FilePmdMapped": 0,
              "KSM": 0,
              "LazyFree": 0,
              "Locked": 0,
              "Private_Clean": 19404,
              "Private_Dirty": 233248,
              "Private_Hugetlb": 0,
              "Pss": 252878,
              "Pss_Anon": 233248,
              "Pss_Dirty": 233248,
              "Pss_File": 19630,
              "Pss_Shmem": 0,
              "Referenced": 255616,
              "Rss": 255616,
              "Shared_Clean": 2964,
              "Shared_Dirty": 0,
              "Shared_Hugetlb": 0,
              "ShmemPmdMapped": 0,
              "Swap": 0,
              "SwapPss": 0
            },
            "start_ticks": 297181560
          }
        ],
        "reason": "rss_growth",
        "tree_rss_kib": 301372
      },
      {
        "elapsed_s": 29.2321,
        "processes": [
          {
            "pid": 3223671,
            "rollup_kib": {
              "AnonHugePages": 0,
              "Anonymous": 26972,
              "FilePmdMapped": 0,
              "KSM": 0,
              "LazyFree": 0,
              "Locked": 0,
              "Private_Clean": 104,
              "Private_Dirty": 26972,
              "Private_Hugetlb": 0,
              "Pss": 29406,
              "Pss_Anon": 26972,
              "Pss_Dirty": 26972,
              "Pss_File": 2434,
              "Pss_Shmem": 0,
              "Referenced": 39644,
              "Rss": 39644,
              "Shared_Clean": 12568,
              "Shared_Dirty": 0,
              "Shared_Hugetlb": 0,
              "ShmemPmdMapped": 0,
              "Swap": 0,
              "SwapPss": 0
            },
            "start_ticks": 297181264
          },
          {
            "pid": 3229305,
            "rollup_kib": {
              "AnonHugePages": 0,
              "Anonymous": 140,
              "FilePmdMapped": 0,
              "KSM": 0,
              "LazyFree": 0,
              "Locked": 0,
              "Private_Clean": 12,
              "Private_Dirty": 44,
              "Private_Hugetlb": 0,
              "Pss": 197,
              "Pss_Anon": 92,
              "Pss_Dirty": 92,
              "Pss_File": 105,
              "Pss_Shmem": 0,
              "Referenced": 2368,
              "Rss": 2368,
              "Shared_Clean": 2216,
              "Shared_Dirty": 96,
              "Shared_Hugetlb": 0,
              "ShmemPmdMapped": 0,
              "Swap": 0,
              "SwapPss": 0
            },
            "start_ticks": 297184177
          },
          {
            "pid": 3229306,
            "rollup_kib": {
              "AnonHugePages": 0,
              "Anonymous": 312,
              "FilePmdMapped": 0,
              "KSM": 0,
              "LazyFree": 0,
              "Locked": 0,
              "Private_Clean": 0,
              "Private_Dirty": 216,
              "Private_Hugetlb": 0,
              "Pss": 322,
              "Pss_Anon": 264,
              "Pss_Dirty": 264,
              "Pss_File": 58,
              "Pss_Shmem": 0,
              "Referenced": 1532,
              "Rss": 1588,
              "Shared_Clean": 1276,
              "Shared_Dirty": 96,
              "Shared_Hugetlb": 0,
              "ShmemPmdMapped": 0,
              "Swap": 0,
              "SwapPss": 0
            },
            "start_ticks": 297184177
          },
          {
            "pid": 3229307,
            "rollup_kib": {
              "AnonHugePages": 0,
              "Anonymous": 300,
              "FilePmdMapped": 0,
              "KSM": 0,
              "LazyFree": 0,
              "Locked": 0,
              "Private_Clean": 0,
              "Private_Dirty": 320,
              "Private_Hugetlb": 0,
              "Pss": 612,
              "Pss_Anon": 300,
              "Pss_Dirty": 320,
              "Pss_File": 312,
              "Pss_Shmem": 0,
              "Referenced": 4340,
              "Rss": 4340,
              "Shared_Clean": 4020,
              "Shared_Dirty": 0,
              "Shared_Hugetlb": 0,
              "ShmemPmdMapped": 0,
              "Swap": 0,
              "SwapPss": 0
            },
            "start_ticks": 297184177
          },
          {
            "pid": 3229308,
            "rollup_kib": {
              "AnonHugePages": 0,
              "Anonymous": 514368,
              "FilePmdMapped": 0,
              "KSM": 0,
              "LazyFree": 0,
              "Locked": 0,
              "Private_Clean": 0,
              "Private_Dirty": 514644,
              "Private_Hugetlb": 0,
              "Pss": 514935,
              "Pss_Anon": 514368,
              "Pss_Dirty": 514644,
              "Pss_File": 567,
              "Pss_Shmem": 0,
              "Referenced": 518752,
              "Rss": 518752,
              "Shared_Clean": 4108,
              "Shared_Dirty": 0,
              "Shared_Hugetlb": 0,
              "ShmemPmdMapped": 0,
              "Swap": 0,
              "SwapPss": 0
            },
            "start_ticks": 297184177
          }
        ],
        "reason": "rss_growth",
        "tree_rss_kib": 566692
      },
      {
        "elapsed_s": 29.7536,
        "processes": [
          {
            "pid": 3223671,
            "rollup_kib": {
              "AnonHugePages": 0,
              "Anonymous": 26972,
              "FilePmdMapped": 0,
              "KSM": 0,
              "LazyFree": 0,
              "Locked": 0,
              "Private_Clean": 104,
              "Private_Dirty": 26972,
              "Private_Hugetlb": 0,
              "Pss": 29407,
              "Pss_Anon": 26972,
              "Pss_Dirty": 26972,
              "Pss_File": 2435,
              "Pss_Shmem": 0,
              "Referenced": 39644,
              "Rss": 39644,
              "Shared_Clean": 12568,
              "Shared_Dirty": 0,
              "Shared_Hugetlb": 0,
              "ShmemPmdMapped": 0,
              "Swap": 0,
              "SwapPss": 0
            },
            "start_ticks": 297181264
          },
          {
            "pid": 3229305,
            "rollup_kib": {
              "AnonHugePages": 0,
              "Anonymous": 140,
              "FilePmdMapped": 0,
              "KSM": 0,
              "LazyFree": 0,
              "Locked": 0,
              "Private_Clean": 12,
              "Private_Dirty": 44,
              "Private_Hugetlb": 0,
              "Pss": 198,
              "Pss_Anon": 92,
              "Pss_Dirty": 92,
              "Pss_File": 106,
              "Pss_Shmem": 0,
              "Referenced": 2368,
              "Rss": 2368,
              "Shared_Clean": 2216,
              "Shared_Dirty": 96,
              "Shared_Hugetlb": 0,
              "ShmemPmdMapped": 0,
              "Swap": 0,
              "SwapPss": 0
            },
            "start_ticks": 297184177
          },
          {
            "pid": 3229306,
            "rollup_kib": {
              "AnonHugePages": 0,
              "Anonymous": 312,
              "FilePmdMapped": 0,
              "KSM": 0,
              "LazyFree": 0,
              "Locked": 0,
              "Private_Clean": 0,
              "Private_Dirty": 216,
              "Private_Hugetlb": 0,
              "Pss": 322,
              "Pss_Anon": 264,
              "Pss_Dirty": 264,
              "Pss_File": 58,
              "Pss_Shmem": 0,
              "Referenced": 1532,
              "Rss": 1588,
              "Shared_Clean": 1276,
              "Shared_Dirty": 96,
              "Shared_Hugetlb": 0,
              "ShmemPmdMapped": 0,
              "Swap": 0,
              "SwapPss": 0
            },
            "start_ticks": 297184177
          },
          {
            "pid": 3229307,
            "rollup_kib": {
              "AnonHugePages": 0,
              "Anonymous": 300,
              "FilePmdMapped": 0,
              "KSM": 0,
              "LazyFree": 0,
              "Locked": 0,
              "Private_Clean": 0,
              "Private_Dirty": 320,
              "Private_Hugetlb": 0,
              "Pss": 615,
              "Pss_Anon": 300,
              "Pss_Dirty": 320,
              "Pss_File": 315,
              "Pss_Shmem": 0,
              "Referenced": 4340,
              "Rss": 4340,
              "Shared_Clean": 4020,
              "Shared_Dirty": 0,
              "Shared_Hugetlb": 0,
              "ShmemPmdMapped": 0,
              "Swap": 0,
              "SwapPss": 0
            },
            "start_ticks": 297184177
          },
          {
            "pid": 3229308,
            "rollup_kib": {
              "AnonHugePages": 18432,
              "Anonymous": 1955644,
              "FilePmdMapped": 0,
              "KSM": 0,
              "LazyFree": 0,
              "Locked": 0,
              "Private_Clean": 0,
              "Private_Dirty": 1956072,
              "Private_Hugetlb": 0,
              "Pss": 1956378,
              "Pss_Anon": 1955644,
              "Pss_Dirty": 1956072,
              "Pss_File": 734,
              "Pss_Shmem": 0,
              "Referenced": 1960372,
              "Rss": 1960372,
              "Shared_Clean": 4300,
              "Shared_Dirty": 0,
              "Shared_Hugetlb": 0,
              "ShmemPmdMapped": 0,
              "Swap": 0,
              "SwapPss": 0
            },
            "start_ticks": 297184177
          }
        ],
        "reason": "rss_growth",
        "tree_rss_kib": 1991924
      },
      {
        "elapsed_s": 30.3132,
        "processes": [
          {
            "pid": 3223671,
            "rollup_kib": {
              "AnonHugePages": 0,
              "Anonymous": 26972,
              "FilePmdMapped": 0,
              "KSM": 0,
              "LazyFree": 0,
              "Locked": 0,
              "Private_Clean": 104,
              "Private_Dirty": 26972,
              "Private_Hugetlb": 0,
              "Pss": 29406,
              "Pss_Anon": 26972,
              "Pss_Dirty": 26972,
              "Pss_File": 2434,
              "Pss_Shmem": 0,
              "Referenced": 39644,
              "Rss": 39644,
              "Shared_Clean": 12568,
              "Shared_Dirty": 0,
              "Shared_Hugetlb": 0,
              "ShmemPmdMapped": 0,
              "Swap": 0,
              "SwapPss": 0
            },
            "start_ticks": 297181264
          },
          {
            "pid": 3229305,
            "rollup_kib": {
              "AnonHugePages": 0,
              "Anonymous": 140,
              "FilePmdMapped": 0,
              "KSM": 0,
              "LazyFree": 0,
              "Locked": 0,
              "Private_Clean": 12,
              "Private_Dirty": 44,
              "Private_Hugetlb": 0,
              "Pss": 197,
              "Pss_Anon": 92,
              "Pss_Dirty": 92,
              "Pss_File": 105,
              "Pss_Shmem": 0,
              "Referenced": 2368,
              "Rss": 2368,
              "Shared_Clean": 2216,
              "Shared_Dirty": 96,
              "Shared_Hugetlb": 0,
              "ShmemPmdMapped": 0,
              "Swap": 0,
              "SwapPss": 0
            },
            "start_ticks": 297184177
          },
          {
            "pid": 3229306,
            "rollup_kib": {
              "AnonHugePages": 0,
              "Anonymous": 312,
              "FilePmdMapped": 0,
              "KSM": 0,
              "LazyFree": 0,
              "Locked": 0,
              "Private_Clean": 0,
              "Private_Dirty": 216,
              "Private_Hugetlb": 0,
              "Pss": 322,
              "Pss_Anon": 264,
              "Pss_Dirty": 264,
              "Pss_File": 58,
              "Pss_Shmem": 0,
              "Referenced": 1532,
              "Rss": 1588,
              "Shared_Clean": 1276,
              "Shared_Dirty": 96,
              "Shared_Hugetlb": 0,
              "ShmemPmdMapped": 0,
              "Swap": 0,
              "SwapPss": 0
            },
            "start_ticks": 297184177
          },
          {
            "pid": 3229307,
            "rollup_kib": {
              "AnonHugePages": 0,
              "Anonymous": 300,
              "FilePmdMapped": 0,
              "KSM": 0,
              "LazyFree": 0,
              "Locked": 0,
              "Private_Clean": 0,
              "Private_Dirty": 320,
              "Private_Hugetlb": 0,
              "Pss": 612,
              "Pss_Anon": 300,
              "Pss_Dirty": 320,
              "Pss_File": 312,
              "Pss_Shmem": 0,
              "Referenced": 4340,
              "Rss": 4340,
              "Shared_Clean": 4020,
              "Shared_Dirty": 0,
              "Shared_Hugetlb": 0,
              "ShmemPmdMapped": 0,
              "Swap": 0,
              "SwapPss": 0
            },
            "start_ticks": 297184177
          },
          {
            "pid": 3229308,
            "rollup_kib": {
              "AnonHugePages": 18432,
              "Anonymous": 2750668,
              "FilePmdMapped": 0,
              "KSM": 0,
              "LazyFree": 0,
              "Locked": 0,
              "Private_Clean": 0,
              "Private_Dirty": 2751096,
              "Private_Hugetlb": 0,
              "Pss": 2751402,
              "Pss_Anon": 2750668,
              "Pss_Dirty": 2751096,
              "Pss_File": 734,
              "Pss_Shmem": 0,
              "Referenced": 2755396,
              "Rss": 2755396,
              "Shared_Clean": 4300,
              "Shared_Dirty": 0,
              "Shared_Hugetlb": 0,
              "ShmemPmdMapped": 0,
              "Swap": 0,
              "SwapPss": 0
            },
            "start_ticks": 297184177
          }
        ],
        "reason": "rss_growth",
        "tree_rss_kib": 2786064
      },
      {
        "elapsed_s": 30.902,
        "processes": [
          {
            "pid": 3223671,
            "rollup_kib": {
              "AnonHugePages": 0,
              "Anonymous": 26972,
              "FilePmdMapped": 0,
              "KSM": 0,
              "LazyFree": 0,
              "Locked": 0,
              "Private_Clean": 104,
              "Private_Dirty": 26972,
              "Private_Hugetlb": 0,
              "Pss": 29407,
              "Pss_Anon": 26972,
              "Pss_Dirty": 26972,
              "Pss_File": 2435,
              "Pss_Shmem": 0,
              "Referenced": 39644,
              "Rss": 39644,
              "Shared_Clean": 12568,
              "Shared_Dirty": 0,
              "Shared_Hugetlb": 0,
              "ShmemPmdMapped": 0,
              "Swap": 0,
              "SwapPss": 0
            },
            "start_ticks": 297181264
          },
          {
            "pid": 3229305,
            "rollup_kib": {
              "AnonHugePages": 0,
              "Anonymous": 140,
              "FilePmdMapped": 0,
              "KSM": 0,
              "LazyFree": 0,
              "Locked": 0,
              "Private_Clean": 12,
              "Private_Dirty": 44,
              "Private_Hugetlb": 0,
              "Pss": 197,
              "Pss_Anon": 92,
              "Pss_Dirty": 92,
              "Pss_File": 105,
              "Pss_Shmem": 0,
              "Referenced": 2368,
              "Rss": 2368,
              "Shared_Clean": 2216,
              "Shared_Dirty": 96,
              "Shared_Hugetlb": 0,
              "ShmemPmdMapped": 0,
              "Swap": 0,
              "SwapPss": 0
            },
            "start_ticks": 297184177
          },
          {
            "pid": 3229306,
            "rollup_kib": {
              "AnonHugePages": 0,
              "Anonymous": 312,
              "FilePmdMapped": 0,
              "KSM": 0,
              "LazyFree": 0,
              "Locked": 0,
              "Private_Clean": 0,
              "Private_Dirty": 216,
              "Private_Hugetlb": 0,
              "Pss": 322,
              "Pss_Anon": 264,
              "Pss_Dirty": 264,
              "Pss_File": 58,
              "Pss_Shmem": 0,
              "Referenced": 1532,
              "Rss": 1588,
              "Shared_Clean": 1276,
              "Shared_Dirty": 96,
              "Shared_Hugetlb": 0,
              "ShmemPmdMapped": 0,
              "Swap": 0,
              "SwapPss": 0
            },
            "start_ticks": 297184177
          },
          {
            "pid": 3229307,
            "rollup_kib": {
              "AnonHugePages": 0,
              "Anonymous": 300,
              "FilePmdMapped": 0,
              "KSM": 0,
              "LazyFree": 0,
              "Locked": 0,
              "Private_Clean": 0,
              "Private_Dirty": 320,
              "Private_Hugetlb": 0,
              "Pss": 613,
              "Pss_Anon": 300,
              "Pss_Dirty": 320,
              "Pss_File": 313,
              "Pss_Shmem": 0,
              "Referenced": 4340,
              "Rss": 4340,
              "Shared_Clean": 4020,
              "Shared_Dirty": 0,
              "Shared_Hugetlb": 0,
              "ShmemPmdMapped": 0,
              "Swap": 0,
              "SwapPss": 0
            },
            "start_ticks": 297184177
          },
          {
            "pid": 3229308,
            "rollup_kib": {
              "AnonHugePages": 18432,
              "Anonymous": 3285880,
              "FilePmdMapped": 0,
              "KSM": 0,
              "LazyFree": 0,
              "Locked": 0,
              "Private_Clean": 0,
              "Private_Dirty": 3286308,
              "Private_Hugetlb": 0,
              "Pss": 3286614,
              "Pss_Anon": 3285880,
              "Pss_Dirty": 3286308,
              "Pss_File": 734,
              "Pss_Shmem": 0,
              "Referenced": 3290608,
              "Rss": 3290608,
              "Shared_Clean": 4300,
              "Shared_Dirty": 0,
              "Shared_Hugetlb": 0,
              "ShmemPmdMapped": 0,
              "Swap": 0,
              "SwapPss": 0
            },
            "start_ticks": 297184177
          }
        ],
        "reason": "rss_growth",
        "tree_rss_kib": 3326208
      },
      {
        "elapsed_s": 31.507,
        "processes": [
          {
            "pid": 3223671,
            "rollup_kib": {
              "AnonHugePages": 0,
              "Anonymous": 26972,
              "FilePmdMapped": 0,
              "KSM": 0,
              "LazyFree": 0,
              "Locked": 0,
              "Private_Clean": 104,
              "Private_Dirty": 26972,
              "Private_Hugetlb": 0,
              "Pss": 29407,
              "Pss_Anon": 26972,
              "Pss_Dirty": 26972,
              "Pss_File": 2435,
              "Pss_Shmem": 0,
              "Referenced": 39644,
              "Rss": 39644,
              "Shared_Clean": 12568,
              "Shared_Dirty": 0,
              "Shared_Hugetlb": 0,
              "ShmemPmdMapped": 0,
              "Swap": 0,
              "SwapPss": 0
            },
            "start_ticks": 297181264
          },
          {
            "pid": 3229305,
            "rollup_kib": {
              "AnonHugePages": 0,
              "Anonymous": 140,
              "FilePmdMapped": 0,
              "KSM": 0,
              "LazyFree": 0,
              "Locked": 0,
              "Private_Clean": 12,
              "Private_Dirty": 44,
              "Private_Hugetlb": 0,
              "Pss": 197,
              "Pss_Anon": 92,
              "Pss_Dirty": 92,
              "Pss_File": 105,
              "Pss_Shmem": 0,
              "Referenced": 2368,
              "Rss": 2368,
              "Shared_Clean": 2216,
              "Shared_Dirty": 96,
              "Shared_Hugetlb": 0,
              "ShmemPmdMapped": 0,
              "Swap": 0,
              "SwapPss": 0
            },
            "start_ticks": 297184177
          },
          {
            "pid": 3229306,
            "rollup_kib": {
              "AnonHugePages": 0,
              "Anonymous": 312,
              "FilePmdMapped": 0,
              "KSM": 0,
              "LazyFree": 0,
              "Locked": 0,
              "Private_Clean": 0,
              "Private_Dirty": 216,
              "Private_Hugetlb": 0,
              "Pss": 322,
              "Pss_Anon": 264,
              "Pss_Dirty": 264,
              "Pss_File": 58,
              "Pss_Shmem": 0,
              "Referenced": 1532,
              "Rss": 1588,
              "Shared_Clean": 1276,
              "Shared_Dirty": 96,
              "Shared_Hugetlb": 0,
              "ShmemPmdMapped": 0,
              "Swap": 0,
              "SwapPss": 0
            },
            "start_ticks": 297184177
          },
          {
            "pid": 3229307,
            "rollup_kib": {
              "AnonHugePages": 0,
              "Anonymous": 300,
              "FilePmdMapped": 0,
              "KSM": 0,
              "LazyFree": 0,
              "Locked": 0,
              "Private_Clean": 0,
              "Private_Dirty": 320,
              "Private_Hugetlb": 0,
              "Pss": 613,
              "Pss_Anon": 300,
              "Pss_Dirty": 320,
              "Pss_File": 313,
              "Pss_Shmem": 0,
              "Referenced": 4340,
              "Rss": 4340,
              "Shared_Clean": 4020,
              "Shared_Dirty": 0,
              "Shared_Hugetlb": 0,
              "ShmemPmdMapped": 0,
              "Swap": 0,
              "SwapPss": 0
            },
            "start_ticks": 297184177
          },
          {
            "pid": 3229308,
            "rollup_kib": {
              "AnonHugePages": 18432,
              "Anonymous": 3654972,
              "FilePmdMapped": 0,
              "KSM": 0,
              "LazyFree": 0,
              "Locked": 0,
              "Private_Clean": 0,
              "Private_Dirty": 3655400,
              "Private_Hugetlb": 0,
              "Pss": 3655706,
              "Pss_Anon": 3654972,
              "Pss_Dirty": 3655400,
              "Pss_File": 734,
              "Pss_Shmem": 0,
              "Referenced": 3659700,
              "Rss": 3659700,
              "Shared_Clean": 4300,
              "Shared_Dirty": 0,
              "Shared_Hugetlb": 0,
              "ShmemPmdMapped": 0,
              "Swap": 0,
              "SwapPss": 0
            },
            "start_ticks": 297184177
          }
        ],
        "reason": "rss_growth",
        "tree_rss_kib": 3694248
      },
      {
        "elapsed_s": 32.123,
        "processes": [
          {
            "pid": 3223671,
            "rollup_kib": {
              "AnonHugePages": 0,
              "Anonymous": 26972,
              "FilePmdMapped": 0,
              "KSM": 0,
              "LazyFree": 0,
              "Locked": 0,
              "Private_Clean": 104,
              "Private_Dirty": 26972,
              "Private_Hugetlb": 0,
              "Pss": 29406,
              "Pss_Anon": 26972,
              "Pss_Dirty": 26972,
              "Pss_File": 2434,
              "Pss_Shmem": 0,
              "Referenced": 39644,
              "Rss": 39644,
              "Shared_Clean": 12568,
              "Shared_Dirty": 0,
              "Shared_Hugetlb": 0,
              "ShmemPmdMapped": 0,
              "Swap": 0,
              "SwapPss": 0
            },
            "start_ticks": 297181264
          },
          {
            "pid": 3229305,
            "rollup_kib": {
              "AnonHugePages": 0,
              "Anonymous": 140,
              "FilePmdMapped": 0,
              "KSM": 0,
              "LazyFree": 0,
              "Locked": 0,
              "Private_Clean": 12,
              "Private_Dirty": 44,
              "Private_Hugetlb": 0,
              "Pss": 197,
              "Pss_Anon": 92,
              "Pss_Dirty": 92,
              "Pss_File": 105,
              "Pss_Shmem": 0,
              "Referenced": 2368,
              "Rss": 2368,
              "Shared_Clean": 2216,
              "Shared_Dirty": 96,
              "Shared_Hugetlb": 0,
              "ShmemPmdMapped": 0,
              "Swap": 0,
              "SwapPss": 0
            },
            "start_ticks": 297184177
          },
          {
            "pid": 3229306,
            "rollup_kib": {
              "AnonHugePages": 0,
              "Anonymous": 312,
              "FilePmdMapped": 0,
              "KSM": 0,
              "LazyFree": 0,
              "Locked": 0,
              "Private_Clean": 0,
              "Private_Dirty": 216,
              "Private_Hugetlb": 0,
              "Pss": 322,
              "Pss_Anon": 264,
              "Pss_Dirty": 264,
              "Pss_File": 58,
              "Pss_Shmem": 0,
              "Referenced": 1532,
              "Rss": 1588,
              "Shared_Clean": 1276,
              "Shared_Dirty": 96,
              "Shared_Hugetlb": 0,
              "ShmemPmdMapped": 0,
              "Swap": 0,
              "SwapPss": 0
            },
            "start_ticks": 297184177
          },
          {
            "pid": 3229307,
            "rollup_kib": {
              "AnonHugePages": 0,
              "Anonymous": 300,
              "FilePmdMapped": 0,
              "KSM": 0,
              "LazyFree": 0,
              "Locked": 0,
              "Private_Clean": 0,
              "Private_Dirty": 320,
              "Private_Hugetlb": 0,
              "Pss": 612,
              "Pss_Anon": 300,
              "Pss_Dirty": 320,
              "Pss_File": 312,
              "Pss_Shmem": 0,
              "Referenced": 4340,
              "Rss": 4340,
              "Shared_Clean": 4020,
              "Shared_Dirty": 0,
              "Shared_Hugetlb": 0,
              "ShmemPmdMapped": 0,
              "Swap": 0,
              "SwapPss": 0
            },
            "start_ticks": 297184177
          },
          {
            "pid": 3229308,
            "rollup_kib": {
              "AnonHugePages": 18432,
              "Anonymous": 3932320,
              "FilePmdMapped": 0,
              "KSM": 0,
              "LazyFree": 0,
              "Locked": 0,
              "Private_Clean": 0,
              "Private_Dirty": 3932748,
              "Private_Hugetlb": 0,
              "Pss": 3933054,
              "Pss_Anon": 3932320,
              "Pss_Dirty": 3932748,
              "Pss_File": 734,
              "Pss_Shmem": 0,
              "Referenced": 3937048,
              "Rss": 3937048,
              "Shared_Clean": 4300,
              "Shared_Dirty": 0,
              "Shared_Hugetlb": 0,
              "ShmemPmdMapped": 0,
              "Swap": 0,
              "SwapPss": 0
            },
            "start_ticks": 297184177
          }
        ],
        "reason": "rss_growth",
        "tree_rss_kib": 3974628
      },
      {
        "elapsed_s": 33.2526,
        "processes": [
          {
            "pid": 3223671,
            "rollup_kib": {
              "AnonHugePages": 0,
              "Anonymous": 26972,
              "FilePmdMapped": 0,
              "KSM": 0,
              "LazyFree": 0,
              "Locked": 0,
              "Private_Clean": 104,
              "Private_Dirty": 26972,
              "Private_Hugetlb": 0,
              "Pss": 29408,
              "Pss_Anon": 26972,
              "Pss_Dirty": 26972,
              "Pss_File": 2436,
              "Pss_Shmem": 0,
              "Referenced": 39644,
              "Rss": 39644,
              "Shared_Clean": 12568,
              "Shared_Dirty": 0,
              "Shared_Hugetlb": 0,
              "ShmemPmdMapped": 0,
              "Swap": 0,
              "SwapPss": 0
            },
            "start_ticks": 297181264
          },
          {
            "pid": 3229305,
            "rollup_kib": {
              "AnonHugePages": 0,
              "Anonymous": 140,
              "FilePmdMapped": 0,
              "KSM": 0,
              "LazyFree": 0,
              "Locked": 0,
              "Private_Clean": 12,
              "Private_Dirty": 44,
              "Private_Hugetlb": 0,
              "Pss": 198,
              "Pss_Anon": 92,
              "Pss_Dirty": 92,
              "Pss_File": 106,
              "Pss_Shmem": 0,
              "Referenced": 2368,
              "Rss": 2368,
              "Shared_Clean": 2216,
              "Shared_Dirty": 96,
              "Shared_Hugetlb": 0,
              "ShmemPmdMapped": 0,
              "Swap": 0,
              "SwapPss": 0
            },
            "start_ticks": 297184177
          },
          {
            "pid": 3229306,
            "rollup_kib": {
              "AnonHugePages": 0,
              "Anonymous": 312,
              "FilePmdMapped": 0,
              "KSM": 0,
              "LazyFree": 0,
              "Locked": 0,
              "Private_Clean": 0,
              "Private_Dirty": 216,
              "Private_Hugetlb": 0,
              "Pss": 323,
              "Pss_Anon": 264,
              "Pss_Dirty": 264,
              "Pss_File": 59,
              "Pss_Shmem": 0,
              "Referenced": 1532,
              "Rss": 1588,
              "Shared_Clean": 1276,
              "Shared_Dirty": 96,
              "Shared_Hugetlb": 0,
              "ShmemPmdMapped": 0,
              "Swap": 0,
              "SwapPss": 0
            },
            "start_ticks": 297184177
          },
          {
            "pid": 3229307,
            "rollup_kib": {
              "AnonHugePages": 0,
              "Anonymous": 300,
              "FilePmdMapped": 0,
              "KSM": 0,
              "LazyFree": 0,
              "Locked": 0,
              "Private_Clean": 0,
              "Private_Dirty": 320,
              "Private_Hugetlb": 0,
              "Pss": 614,
              "Pss_Anon": 300,
              "Pss_Dirty": 320,
              "Pss_File": 314,
              "Pss_Shmem": 0,
              "Referenced": 4340,
              "Rss": 4340,
              "Shared_Clean": 4020,
              "Shared_Dirty": 0,
              "Shared_Hugetlb": 0,
              "ShmemPmdMapped": 0,
              "Swap": 0,
              "SwapPss": 0
            },
            "start_ticks": 297184177
          },
          {
            "pid": 3229308,
            "rollup_kib": {
              "AnonHugePages": 18432,
              "Anonymous": 4267988,
              "FilePmdMapped": 0,
              "KSM": 0,
              "LazyFree": 0,
              "Locked": 0,
              "Private_Clean": 0,
              "Private_Dirty": 4268416,
              "Private_Hugetlb": 0,
              "Pss": 4268723,
              "Pss_Anon": 4267988,
              "Pss_Dirty": 4268416,
              "Pss_File": 735,
              "Pss_Shmem": 0,
              "Referenced": 4272716,
              "Rss": 4272716,
              "Shared_Clean": 4300,
              "Shared_Dirty": 0,
              "Shared_Hugetlb": 0,
              "ShmemPmdMapped": 0,
              "Swap": 0,
              "SwapPss": 0
            },
            "start_ticks": 297184177
          }
        ],
        "reason": "rss_growth",
        "tree_rss_kib": 4317344
      },
      {
        "elapsed_s": 34.8973,
        "processes": [
          {
            "pid": 3223671,
            "rollup_kib": {
              "AnonHugePages": 0,
              "Anonymous": 26972,
              "FilePmdMapped": 0,
              "KSM": 0,
              "LazyFree": 0,
              "Locked": 0,
              "Private_Clean": 104,
              "Private_Dirty": 26972,
              "Private_Hugetlb": 0,
              "Pss": 29375,
              "Pss_Anon": 26972,
              "Pss_Dirty": 26972,
              "Pss_File": 2403,
              "Pss_Shmem": 0,
              "Referenced": 39644,
              "Rss": 39644,
              "Shared_Clean": 12568,
              "Shared_Dirty": 0,
              "Shared_Hugetlb": 0,
              "ShmemPmdMapped": 0,
              "Swap": 0,
              "SwapPss": 0
            },
            "start_ticks": 297181264
          },
          {
            "pid": 3229305,
            "rollup_kib": {
              "AnonHugePages": 0,
              "Anonymous": 140,
              "FilePmdMapped": 0,
              "KSM": 0,
              "LazyFree": 0,
              "Locked": 0,
              "Private_Clean": 12,
              "Private_Dirty": 44,
              "Private_Hugetlb": 0,
              "Pss": 195,
              "Pss_Anon": 92,
              "Pss_Dirty": 92,
              "Pss_File": 103,
              "Pss_Shmem": 0,
              "Referenced": 2368,
              "Rss": 2368,
              "Shared_Clean": 2216,
              "Shared_Dirty": 96,
              "Shared_Hugetlb": 0,
              "ShmemPmdMapped": 0,
              "Swap": 0,
              "SwapPss": 0
            },
            "start_ticks": 297184177
          },
          {
            "pid": 3229306,
            "rollup_kib": {
              "AnonHugePages": 0,
              "Anonymous": 312,
              "FilePmdMapped": 0,
              "KSM": 0,
              "LazyFree": 0,
              "Locked": 0,
              "Private_Clean": 0,
              "Private_Dirty": 216,
              "Private_Hugetlb": 0,
              "Pss": 321,
              "Pss_Anon": 264,
              "Pss_Dirty": 264,
              "Pss_File": 57,
              "Pss_Shmem": 0,
              "Referenced": 1532,
              "Rss": 1588,
              "Shared_Clean": 1276,
              "Shared_Dirty": 96,
              "Shared_Hugetlb": 0,
              "ShmemPmdMapped": 0,
              "Swap": 0,
              "SwapPss": 0
            },
            "start_ticks": 297184177
          },
          {
            "pid": 3229307,
            "rollup_kib": {
              "AnonHugePages": 0,
              "Anonymous": 300,
              "FilePmdMapped": 0,
              "KSM": 0,
              "LazyFree": 0,
              "Locked": 0,
              "Private_Clean": 0,
              "Private_Dirty": 320,
              "Private_Hugetlb": 0,
              "Pss": 586,
              "Pss_Anon": 300,
              "Pss_Dirty": 320,
              "Pss_File": 286,
              "Pss_Shmem": 0,
              "Referenced": 4340,
              "Rss": 4340,
              "Shared_Clean": 4020,
              "Shared_Dirty": 0,
              "Shared_Hugetlb": 0,
              "ShmemPmdMapped": 0,
              "Swap": 0,
              "SwapPss": 0
            },
            "start_ticks": 297184177
          },
          {
            "pid": 3229308,
            "rollup_kib": {
              "AnonHugePages": 18432,
              "Anonymous": 4543604,
              "FilePmdMapped": 0,
              "KSM": 0,
              "LazyFree": 0,
              "Locked": 0,
              "Private_Clean": 0,
              "Private_Dirty": 4544032,
              "Private_Hugetlb": 0,
              "Pss": 4544307,
              "Pss_Anon": 4543604,
              "Pss_Dirty": 4544032,
              "Pss_File": 703,
              "Pss_Shmem": 0,
              "Referenced": 4548332,
              "Rss": 4548332,
              "Shared_Clean": 4300,
              "Shared_Dirty": 0,
              "Shared_Hugetlb": 0,
              "ShmemPmdMapped": 0,
              "Swap": 0,
              "SwapPss": 0
            },
            "start_ticks": 297184177
          }
        ],
        "reason": "rss_growth",
        "tree_rss_kib": 4592292
      },
      {
        "elapsed_s": 39.056,
        "processes": [
          {
            "pid": 3223671,
            "rollup_kib": {
              "AnonHugePages": 0,
              "Anonymous": 26972,
              "FilePmdMapped": 0,
              "KSM": 0,
              "LazyFree": 0,
              "Locked": 0,
              "Private_Clean": 104,
              "Private_Dirty": 26972,
              "Private_Hugetlb": 0,
              "Pss": 29350,
              "Pss_Anon": 26972,
              "Pss_Dirty": 26972,
              "Pss_File": 2378,
              "Pss_Shmem": 0,
              "Referenced": 39644,
              "Rss": 39644,
              "Shared_Clean": 12568,
              "Shared_Dirty": 0,
              "Shared_Hugetlb": 0,
              "ShmemPmdMapped": 0,
              "Swap": 0,
              "SwapPss": 0
            },
            "start_ticks": 297181264
          },
          {
            "pid": 3229305,
            "rollup_kib": {
              "AnonHugePages": 0,
              "Anonymous": 140,
              "FilePmdMapped": 0,
              "KSM": 0,
              "LazyFree": 0,
              "Locked": 0,
              "Private_Clean": 12,
              "Private_Dirty": 44,
              "Private_Hugetlb": 0,
              "Pss": 193,
              "Pss_Anon": 92,
              "Pss_Dirty": 92,
              "Pss_File": 101,
              "Pss_Shmem": 0,
              "Referenced": 2368,
              "Rss": 2368,
              "Shared_Clean": 2216,
              "Shared_Dirty": 96,
              "Shared_Hugetlb": 0,
              "ShmemPmdMapped": 0,
              "Swap": 0,
              "SwapPss": 0
            },
            "start_ticks": 297184177
          },
          {
            "pid": 3229306,
            "rollup_kib": {
              "AnonHugePages": 0,
              "Anonymous": 312,
              "FilePmdMapped": 0,
              "KSM": 0,
              "LazyFree": 0,
              "Locked": 0,
              "Private_Clean": 0,
              "Private_Dirty": 216,
              "Private_Hugetlb": 0,
              "Pss": 320,
              "Pss_Anon": 264,
              "Pss_Dirty": 264,
              "Pss_File": 56,
              "Pss_Shmem": 0,
              "Referenced": 1532,
              "Rss": 1588,
              "Shared_Clean": 1276,
              "Shared_Dirty": 96,
              "Shared_Hugetlb": 0,
              "ShmemPmdMapped": 0,
              "Swap": 0,
              "SwapPss": 0
            },
            "start_ticks": 297184177
          },
          {
            "pid": 3229307,
            "rollup_kib": {
              "AnonHugePages": 0,
              "Anonymous": 300,
              "FilePmdMapped": 0,
              "KSM": 0,
              "LazyFree": 0,
              "Locked": 0,
              "Private_Clean": 0,
              "Private_Dirty": 320,
              "Private_Hugetlb": 0,
              "Pss": 554,
              "Pss_Anon": 300,
              "Pss_Dirty": 320,
              "Pss_File": 254,
              "Pss_Shmem": 0,
              "Referenced": 4340,
              "Rss": 4340,
              "Shared_Clean": 4020,
              "Shared_Dirty": 0,
              "Shared_Hugetlb": 0,
              "ShmemPmdMapped": 0,
              "Swap": 0,
              "SwapPss": 0
            },
            "start_ticks": 297184177
          },
          {
            "pid": 3229308,
            "rollup_kib": {
              "AnonHugePages": 18432,
              "Anonymous": 4818764,
              "FilePmdMapped": 0,
              "KSM": 0,
              "LazyFree": 0,
              "Locked": 0,
              "Private_Clean": 0,
              "Private_Dirty": 4819192,
              "Private_Hugetlb": 0,
              "Pss": 4819467,
              "Pss_Anon": 4818764,
              "Pss_Dirty": 4819192,
              "Pss_File": 703,
              "Pss_Shmem": 0,
              "Referenced": 4823492,
              "Rss": 4823492,
              "Shared_Clean": 4300,
              "Shared_Dirty": 0,
              "Shared_Hugetlb": 0,
              "ShmemPmdMapped": 0,
              "Swap": 0,
              "SwapPss": 0
            },
            "start_ticks": 297184177
          }
        ],
        "reason": "rss_growth",
        "tree_rss_kib": 4870044
      },
      {
        "elapsed_s": 41.711,
        "processes": [
          {
            "pid": 3223671,
            "rollup_kib": {
              "AnonHugePages": 0,
              "Anonymous": 26972,
              "FilePmdMapped": 0,
              "KSM": 0,
              "LazyFree": 0,
              "Locked": 0,
              "Private_Clean": 104,
              "Private_Dirty": 26972,
              "Private_Hugetlb": 0,
              "Pss": 29407,
              "Pss_Anon": 26972,
              "Pss_Dirty": 26972,
              "Pss_File": 2435,
              "Pss_Shmem": 0,
              "Referenced": 39644,
              "Rss": 39644,
              "Shared_Clean": 12568,
              "Shared_Dirty": 0,
              "Shared_Hugetlb": 0,
              "ShmemPmdMapped": 0,
              "Swap": 0,
              "SwapPss": 0
            },
            "start_ticks": 297181264
          },
          {
            "pid": 3229305,
            "rollup_kib": {
              "AnonHugePages": 0,
              "Anonymous": 140,
              "FilePmdMapped": 0,
              "KSM": 0,
              "LazyFree": 0,
              "Locked": 0,
              "Private_Clean": 12,
              "Private_Dirty": 44,
              "Private_Hugetlb": 0,
              "Pss": 198,
              "Pss_Anon": 92,
              "Pss_Dirty": 92,
              "Pss_File": 106,
              "Pss_Shmem": 0,
              "Referenced": 2368,
              "Rss": 2368,
              "Shared_Clean": 2216,
              "Shared_Dirty": 96,
              "Shared_Hugetlb": 0,
              "ShmemPmdMapped": 0,
              "Swap": 0,
              "SwapPss": 0
            },
            "start_ticks": 297184177
          },
          {
            "pid": 3229306,
            "rollup_kib": {
              "AnonHugePages": 0,
              "Anonymous": 312,
              "FilePmdMapped": 0,
              "KSM": 0,
              "LazyFree": 0,
              "Locked": 0,
              "Private_Clean": 0,
              "Private_Dirty": 216,
              "Private_Hugetlb": 0,
              "Pss": 322,
              "Pss_Anon": 264,
              "Pss_Dirty": 264,
              "Pss_File": 58,
              "Pss_Shmem": 0,
              "Referenced": 1532,
              "Rss": 1588,
              "Shared_Clean": 1276,
              "Shared_Dirty": 96,
              "Shared_Hugetlb": 0,
              "ShmemPmdMapped": 0,
              "Swap": 0,
              "SwapPss": 0
            },
            "start_ticks": 297184177
          },
          {
            "pid": 3229307,
            "rollup_kib": {
              "AnonHugePages": 0,
              "Anonymous": 300,
              "FilePmdMapped": 0,
              "KSM": 0,
              "LazyFree": 0,
              "Locked": 0,
              "Private_Clean": 0,
              "Private_Dirty": 320,
              "Private_Hugetlb": 0,
              "Pss": 613,
              "Pss_Anon": 300,
              "Pss_Dirty": 320,
              "Pss_File": 313,
              "Pss_Shmem": 0,
              "Referenced": 4340,
              "Rss": 4340,
              "Shared_Clean": 4020,
              "Shared_Dirty": 0,
              "Shared_Hugetlb": 0,
              "ShmemPmdMapped": 0,
              "Swap": 0,
              "SwapPss": 0
            },
            "start_ticks": 297184177
          },
          {
            "pid": 3229308,
            "rollup_kib": {
              "AnonHugePages": 18432,
              "Anonymous": 5081024,
              "FilePmdMapped": 0,
              "KSM": 0,
              "LazyFree": 0,
              "Locked": 0,
              "Private_Clean": 0,
              "Private_Dirty": 5081624,
              "Private_Hugetlb": 0,
              "Pss": 5081931,
              "Pss_Anon": 5081024,
              "Pss_Dirty": 5081624,
              "Pss_File": 907,
              "Pss_Shmem": 0,
              "Referenced": 5085924,
              "Rss": 5085924,
              "Shared_Clean": 4300,
              "Shared_Dirty": 0,
              "Shared_Hugetlb": 0,
              "ShmemPmdMapped": 0,
              "Swap": 0,
              "SwapPss": 0
            },
            "start_ticks": 297184177
          }
        ],
        "reason": "rss_growth",
        "tree_rss_kib": 5133760
      },
      {
        "elapsed_s": 46.32,
        "processes": [
          {
            "pid": 3223671,
            "rollup_kib": {
              "AnonHugePages": 0,
              "Anonymous": 26972,
              "FilePmdMapped": 0,
              "KSM": 0,
              "LazyFree": 0,
              "Locked": 0,
              "Private_Clean": 104,
              "Private_Dirty": 26972,
              "Private_Hugetlb": 0,
              "Pss": 29406,
              "Pss_Anon": 26972,
              "Pss_Dirty": 26972,
              "Pss_File": 2434,
              "Pss_Shmem": 0,
              "Referenced": 39644,
              "Rss": 39644,
              "Shared_Clean": 12568,
              "Shared_Dirty": 0,
              "Shared_Hugetlb": 0,
              "ShmemPmdMapped": 0,
              "Swap": 0,
              "SwapPss": 0
            },
            "start_ticks": 297181264
          },
          {
            "pid": 3229305,
            "rollup_kib": {
              "AnonHugePages": 0,
              "Anonymous": 140,
              "FilePmdMapped": 0,
              "KSM": 0,
              "LazyFree": 0,
              "Locked": 0,
              "Private_Clean": 12,
              "Private_Dirty": 44,
              "Private_Hugetlb": 0,
              "Pss": 197,
              "Pss_Anon": 92,
              "Pss_Dirty": 92,
              "Pss_File": 105,
              "Pss_Shmem": 0,
              "Referenced": 2368,
              "Rss": 2368,
              "Shared_Clean": 2216,
              "Shared_Dirty": 96,
              "Shared_Hugetlb": 0,
              "ShmemPmdMapped": 0,
              "Swap": 0,
              "SwapPss": 0
            },
            "start_ticks": 297184177
          },
          {
            "pid": 3229306,
            "rollup_kib": {
              "AnonHugePages": 0,
              "Anonymous": 312,
              "FilePmdMapped": 0,
              "KSM": 0,
              "LazyFree": 0,
              "Locked": 0,
              "Private_Clean": 0,
              "Private_Dirty": 216,
              "Private_Hugetlb": 0,
              "Pss": 322,
              "Pss_Anon": 264,
              "Pss_Dirty": 264,
              "Pss_File": 58,
              "Pss_Shmem": 0,
              "Referenced": 1532,
              "Rss": 1588,
              "Shared_Clean": 1276,
              "Shared_Dirty": 96,
              "Shared_Hugetlb": 0,
              "ShmemPmdMapped": 0,
              "Swap": 0,
              "SwapPss": 0
            },
            "start_ticks": 297184177
          },
          {
            "pid": 3229307,
            "rollup_kib": {
              "AnonHugePages": 0,
              "Anonymous": 300,
              "FilePmdMapped": 0,
              "KSM": 0,
              "LazyFree": 0,
              "Locked": 0,
              "Private_Clean": 0,
              "Private_Dirty": 320,
              "Private_Hugetlb": 0,
              "Pss": 612,
              "Pss_Anon": 300,
              "Pss_Dirty": 320,
              "Pss_File": 312,
              "Pss_Shmem": 0,
              "Referenced": 4340,
              "Rss": 4340,
              "Shared_Clean": 4020,
              "Shared_Dirty": 0,
              "Shared_Hugetlb": 0,
              "ShmemPmdMapped": 0,
              "Swap": 0,
              "SwapPss": 0
            },
            "start_ticks": 297184177
          },
          {
            "pid": 3229308,
            "rollup_kib": {
              "AnonHugePages": 18432,
              "Anonymous": 5357136,
              "FilePmdMapped": 0,
              "KSM": 0,
              "LazyFree": 0,
              "Locked": 0,
              "Private_Clean": 36,
              "Private_Dirty": 5358228,
              "Private_Hugetlb": 0,
              "Pss": 5358570,
              "Pss_Anon": 5357136,
              "Pss_Dirty": 5358228,
              "Pss_File": 1434,
              "Pss_Shmem": 0,
              "Referenced": 5362564,
              "Rss": 5362564,
              "Shared_Clean": 4300,
              "Shared_Dirty": 0,
              "Shared_Hugetlb": 0,
              "ShmemPmdMapped": 0,
              "Swap": 0,
              "SwapPss": 0
            },
            "start_ticks": 297184177
          }
        ],
        "reason": "rss_growth",
        "tree_rss_kib": 5409976
      },
      {
        "elapsed_s": 66.089,
        "processes": [
          {
            "pid": 3223671,
            "rollup_kib": {
              "AnonHugePages": 0,
              "Anonymous": 26972,
              "FilePmdMapped": 0,
              "KSM": 0,
              "LazyFree": 0,
              "Locked": 0,
              "Private_Clean": 104,
              "Private_Dirty": 26972,
              "Private_Hugetlb": 0,
              "Pss": 29406,
              "Pss_Anon": 26972,
              "Pss_Dirty": 26972,
              "Pss_File": 2434,
              "Pss_Shmem": 0,
              "Referenced": 39644,
              "Rss": 39644,
              "Shared_Clean": 12568,
              "Shared_Dirty": 0,
              "Shared_Hugetlb": 0,
              "ShmemPmdMapped": 0,
              "Swap": 0,
              "SwapPss": 0
            },
            "start_ticks": 297181264
          },
          {
            "pid": 3229305,
            "rollup_kib": {
              "AnonHugePages": 0,
              "Anonymous": 140,
              "FilePmdMapped": 0,
              "KSM": 0,
              "LazyFree": 0,
              "Locked": 0,
              "Private_Clean": 12,
              "Private_Dirty": 44,
              "Private_Hugetlb": 0,
              "Pss": 197,
              "Pss_Anon": 92,
              "Pss_Dirty": 92,
              "Pss_File": 105,
              "Pss_Shmem": 0,
              "Referenced": 2368,
              "Rss": 2368,
              "Shared_Clean": 2216,
              "Shared_Dirty": 96,
              "Shared_Hugetlb": 0,
              "ShmemPmdMapped": 0,
              "Swap": 0,
              "SwapPss": 0
            },
            "start_ticks": 297184177
          },
          {
            "pid": 3229306,
            "rollup_kib": {
              "AnonHugePages": 0,
              "Anonymous": 312,
              "FilePmdMapped": 0,
              "KSM": 0,
              "LazyFree": 0,
              "Locked": 0,
              "Private_Clean": 0,
              "Private_Dirty": 216,
              "Private_Hugetlb": 0,
              "Pss": 322,
              "Pss_Anon": 264,
              "Pss_Dirty": 264,
              "Pss_File": 58,
              "Pss_Shmem": 0,
              "Referenced": 1532,
              "Rss": 1588,
              "Shared_Clean": 1276,
              "Shared_Dirty": 96,
              "Shared_Hugetlb": 0,
              "ShmemPmdMapped": 0,
              "Swap": 0,
              "SwapPss": 0
            },
            "start_ticks": 297184177
          },
          {
            "pid": 3229307,
            "rollup_kib": {
              "AnonHugePages": 0,
              "Anonymous": 300,
              "FilePmdMapped": 0,
              "KSM": 0,
              "LazyFree": 0,
              "Locked": 0,
              "Private_Clean": 20,
              "Private_Dirty": 300,
              "Private_Hugetlb": 0,
              "Pss": 612,
              "Pss_Anon": 300,
              "Pss_Dirty": 300,
              "Pss_File": 312,
              "Pss_Shmem": 0,
              "Referenced": 4340,
              "Rss": 4340,
              "Shared_Clean": 4020,
              "Shared_Dirty": 0,
              "Shared_Hugetlb": 0,
              "ShmemPmdMapped": 0,
              "Swap": 0,
              "SwapPss": 0
            },
            "start_ticks": 297184177
          },
          {
            "pid": 3229308,
            "rollup_kib": {
              "AnonHugePages": 18432,
              "Anonymous": 5619608,
              "FilePmdMapped": 0,
              "KSM": 0,
              "LazyFree": 0,
              "Locked": 0,
              "Private_Clean": 652,
              "Private_Dirty": 5622112,
              "Private_Hugetlb": 0,
              "Pss": 5623070,
              "Pss_Anon": 5619608,
              "Pss_Dirty": 5622112,
              "Pss_File": 3462,
              "Pss_Shmem": 0,
              "Referenced": 5627064,
              "Rss": 5627064,
              "Shared_Clean": 4300,
              "Shared_Dirty": 0,
              "Shared_Hugetlb": 0,
              "ShmemPmdMapped": 0,
              "Swap": 0,
              "SwapPss": 0
            },
            "start_ticks": 297184177
          }
        ],
        "reason": "rss_growth",
        "tree_rss_kib": 5674868
      },
      {
        "elapsed_s": 238.5144,
        "processes": [],
        "reason": "terminal",
        "tree_rss_kib": 0
      }
    ],
    "status": "complete",
    "temporary_disk_limit_bytes": 24000000000,
    "wall_time_limit_seconds": null
  }
}
