{"command": ["/usr/bin/python3", "/home/x/deco/gamma/projects/enwiki9/tools/run_with_resource_guard_v3.py", "--limit-kib", "97656", "--official-decimal-limit-kib", "97656", "--limit-mode", "tree", "--cgroup-path", "/sys/fs/cgroup/user.slice/user-1000.slice/user@1000.service/app.slice/gamma-enwiki9-20260905T194308Z_98e8e382e7", "--cgroup-memory-max-bytes", "99999744", "--temporary-disk-limit-bytes", "16000000000", "--phase-marker-path", "/home/x/deco/gamma/projects/enwiki9/run_logs/adaptive/20260905T194308Z_98e8e382e7.resources/phases.jsonl", "--max-logical-cpus", "1", "--guard-json", "/home/x/deco/gamma/projects/enwiki9/run_logs/adaptive/20260905T194308Z_98e8e382e7.resources/guard.json", "--label", "20260905T194308Z_98e8e382e7", "--phase", "diagnostic", "--scratch-path", "/home/x/deco/gamma/projects/enwiki9/results/fx2_cmix_transformer_static_vocab_fixture50051_q0_v1", "--scratch-path", "/home/x/deco/gamma/projects/enwiki9/run_logs/adaptive/20260905T194308Z_98e8e382e7.log", "--scratch-path", "/home/x/deco/gamma/projects/enwiki9/run_logs/adaptive/20260905T194308Z_98e8e382e7.resources", "--scratch-path", "/tmp/gamma-enwiki9-20260905T194308Z_98e8e382e7-i7mg6qi1/fx2_cmix_transformer_static_vocab_fixture50051_q0_v1", "--", "/usr/bin/taskset", "--cpu-list", "2", "/bin/sh", "-c", "printf '%s\\n' '{\"phase\":\"diagnostic\",\"event\":\"worker_start\",\"detail\":\"operational envelope only; no codec phase credit\"}' >> \"$GAMMA_RESOURCE_PHASE_MARKERS\" || exit 125; exec \"$@\"", "enwiki9-discovery-envelope", "/usr/bin/python3", "/home/x/deco/gamma/projects/enwiki9/tools/fx2_cmix_transformer_static_vocab_fixture50051_q0_v1.py", "--cgroup-path", "/sys/fs/cgroup/user.slice/user-1000.slice/user@1000.service/app.slice/gamma-fx2-transformer-static-vocab-fixture50051-q0-v1"], "job": {"candidate_id": "fx2_cmix_transformer_static_vocab_fixture50051_q0_v1", "candidate_revision": {"path": "operations/adaptive/candidate-revisions/fx2_cmix_transformer_static_vocab_fixture50051_q0_v1/20260905T194245889420Z_c34d07a6c861.json", "sha256": "sha256:20cc2bdcc672b351b693bf7e348fc0f58675a686127571249a07b769d279c564"}, "candidate_tree_sha256": "sha256:c34d07a6c86181c0c998d250e4fa69de351212ad9cce4537d563ee9c71017d07", "execution_guard": {"path": "tools/run_with_resource_guard_v3.py", "sha256": "sha256:044147f7ffe6922ea8dafd52fc3d4426077b20958adbcd421245ad41adcfc1e4"}, "execution_mode": "discovery", "execution_resources": {"boot_id": "3ce46712-27bc-4199-8e48-e2b3d23926cb", "budget": {"cgroup_parent": "/sys/fs/cgroup/user.slice/user-1000.slice/user@1000.service/app.slice", "cpus": [2], "existing_guard": {"inode": 223761, "memory_bytes": 9899999232, "path": "/sys/fs/cgroup/user.slice/user-1000.slice/user@1000.service/app.slice/gamma-fx2-transformer-static-vocab-fixture50051-q0-v1"}, "memory_bytes": 9999998976, "scratch_bytes": 16000000000, "swap_bytes": 0, "wall_seconds": 1100}, "cgroup_inode": 223805, "cgroup_path": "/sys/fs/cgroup/user.slice/user-1000.slice/user@1000.service/app.slice/gamma-enwiki9-20260905T194308Z_98e8e382e7", "cpu_enforcement": "taskset-and-sampled-affinity-guard", "groups": [{"created": false, "inode": 223761, "kernel_cpuset": false, "memory_bytes": 9899999232, "path": "/sys/fs/cgroup/user.slice/user-1000.slice/user@1000.service/app.slice/gamma-fx2-transformer-static-vocab-fixture50051-q0-v1"}, {"created": true, "inode": 223805, "kernel_cpuset": false, "memory_bytes": 99999744, "path": "/sys/fs/cgroup/user.slice/user-1000.slice/user@1000.service/app.slice/gamma-enwiki9-20260905T194308Z_98e8e382e7"}], "guard_command_sha256": "78c9d6753568c4741028feb37aef4a649bfff17dfbbf683f28d1ce2b7cfbce4d", "guard_path": "run_logs/adaptive/20260905T194308Z_98e8e382e7.resources/guard.json", "missing_diagnostics": ["kernel cpuset controller is not delegated; taskset assignment and existing affinity guard remain active"], "timing_authority": "diagnostic"}, "experiment": {"path": "operations/adaptive/experiments/fx2_cmix_transformer_static_vocab_fixture50051_q0_v1.json", "sha256": "sha256:e688ea6a4c383c43743afe7c77ff85b4cf59f6dac2afd43d39b517f451a7267f"}, "gate_size": 50051, "job_id": "20260905T194308Z_98e8e382e7", "priority": 0, "proposal": {"path": "operations/adaptive/proposals/developed/029_fx2_cmix_transformer_static_vocab_fixture50051_q0_v1.json", "sha256": "sha256:87681c06eeea9558e73fcdf6861b3ca94d6e1e9e1566d0339bac51000a8670b0"}, "proposal_id": "fx2_cmix_transformer_static_vocab_fixture50051_q0_v1", "purpose": "diagnostic", "resource_budget": {"cgroup_parent": "/sys/fs/cgroup/user.slice/user-1000.slice/user@1000.service/app.slice", "cpus": [2], "existing_guard": {"inode": 223761, "memory_bytes": 9899999232, "path": "/sys/fs/cgroup/user.slice/user-1000.slice/user@1000.service/app.slice/gamma-fx2-transformer-static-vocab-fixture50051-q0-v1"}, "memory_bytes": 9999998976, "scratch_bytes": 16000000000, "swap_bytes": 0, "wall_seconds": 1100}, "runner": {"path": "tools/fx2_cmix_transformer_static_vocab_fixture50051_q0_v1.py", "sha256": "sha256:bd13107db64291c5400a7c43fed12306cf92b5f6edbc4ceb27ac720fd7cbdb61"}, "schema": "gamma.enwiki9.adaptive-job.v3", "scratch_directories": ["results/fx2_cmix_transformer_static_vocab_fixture50051_q0_v1"], "started_at": "2026-09-05T19:44:23+00:00", "state": "running", "submitted_at": "2026-09-05T19:43:08+00:00", "tags": ["public-fx2-static-vocabulary"], "timing_authority": "diagnostic", "tool": "tools/fx2_cmix_transformer_static_vocab_fixture50051_q0_v1.py", "tool_args": ["--cgroup-path", "/sys/fs/cgroup/user.slice/user-1000.slice/user@1000.service/app.slice/gamma-fx2-transformer-static-vocab-fixture50051-q0-v1"]}}
{
  "resource_guard": {
    "cgroup": {
      "inode": 223805,
      "joined_before_exec": true,
      "memory_max_bytes": 99999744,
      "memory_max_rounding_bytes": 0,
      "memory_peak_reset": true,
      "path": "/sys/fs/cgroup/user.slice/user-1000.slice/user@1000.service/app.slice/gamma-enwiki9-20260905T194308Z_98e8e382e7",
      "previous_memory_max": "99999744",
      "requested_memory_max_bytes": 99999744
    },
    "cgroup_events": {
      "baseline": {
        "high": 0,
        "low": 0,
        "max": 0,
        "oom": 0,
        "oom_group_kill": 0,
        "oom_kill": 0,
        "sock_throttled": 0
      },
      "delta": {
        "high": 0,
        "low": 0,
        "max": 0,
        "oom": 0,
        "oom_group_kill": 0,
        "oom_kill": 0,
        "sock_throttled": 0
      },
      "final": {
        "high": 0,
        "low": 0,
        "max": 0,
        "oom": 0,
        "oom_group_kill": 0,
        "oom_kill": 0,
        "sock_throttled": 0
      }
    },
    "command": [
      "/usr/bin/taskset",
      "--cpu-list",
      "2",
      "/bin/sh",
      "-c",
      "printf '%s\\n' '{\"phase\":\"diagnostic\",\"event\":\"worker_start\",\"detail\":\"operational envelope only; no codec phase credit\"}' >> \"$GAMMA_RESOURCE_PHASE_MARKERS\" || exit 125; exec \"$@\"",
      "enwiki9-discovery-envelope",
      "/usr/bin/python3",
      "/home/x/deco/gamma/projects/enwiki9/tools/fx2_cmix_transformer_static_vocab_fixture50051_q0_v1.py",
      "--cgroup-path",
      "/sys/fs/cgroup/user.slice/user-1000.slice/user@1000.service/app.slice/gamma-fx2-transformer-static-vocab-fixture50051-q0-v1"
    ],
    "command_sha256": "6c4e664f913753a968b647736cc3ebd796b2a4038cd6849d9bf22d5578e1fc2d",
    "elapsed_s": 0.0243,
    "failure": "logical_cpu_limit_exceeded",
    "geekbench5_single_core_score": null,
    "guards": {
      "cgroup_memory_guard_exceeded": false,
      "logical_cpu_guard_exceeded": true,
      "measurement_incomplete": false,
      "official_decimal_memory_exceeded": false,
      "phase_marker_invalid": false,
      "rss_guard_exceeded": false,
      "temporary_disk_guard_exceeded": false,
      "wall_time_guard_exceeded": false
    },
    "label": "20260905T194308Z_98e8e382e7",
    "latest_sample": {
      "allowed_cpu_union": [
        0,
        1,
        2,
        3,
        4,
        5,
        6,
        7,
        8,
        9,
        10,
        11,
        12,
        13,
        14,
        15,
        16,
        17,
        18,
        19,
        20,
        21,
        22,
        23,
        24,
        25,
        26,
        27,
        28,
        29,
        30,
        31
      ],
      "cgroup_current_bytes": 262144,
      "elapsed_s": 0.0225,
      "max_single_rss_kib": 660,
      "persistent_status_misses": [],
      "processes": [
        {
          "allowed_cpus": [
            0,
            1,
            2,
            3,
            4,
            5,
            6,
            7,
            8,
            9,
            10,
            11,
            12,
            13,
            14,
            15,
            16,
            17,
            18,
            19,
            20,
            21,
            22,
            23,
            24,
            25,
            26,
            27,
            28,
            29,
            30,
            31
          ],
          "comm": "taskset",
          "live_threads": 1,
          "pid": 1224775,
          "rss_kib": 660,
          "runnable_threads": 1,
          "start_ticks": 173360197,
          "vmhwm_kib": 660
        }
      ],
      "scratch_allocated_bytes": 24576,
      "scratch_file_count": 4,
      "scratch_logical_bytes": 6984,
      "scratch_race_count": 0,
      "tree_live_threads": 1,
      "tree_rss_kib": 660,
      "tree_runnable_threads": 1
    },
    "limit_kib": 97656,
    "limit_mode": "tree",
    "max_logical_cpus": 1,
    "measurements": {
      "affinity_complete": true,
      "cgroup_v2_complete": true,
      "per_process_vmhwm_sampled": true,
      "phase_markers_complete": false,
      "process_tree_rss_complete": true,
      "scratch_logical_and_allocated_complete": true,
      "smaps_rollup_complete": true
    },
    "objective": {
      "corpusBytes": 1000000000,
      "corpusSha256": "159b85351e5f76e60cbe32e04c677847a9ecba3adc79addab6f4c6c7aa3744bc",
      "objectiveDigest": "sha256:16badfa6c1a53b47bcc12b089fdd9c21f7405ea56a84344d60c28d2252da8288",
      "objectiveId": "gamma-enwiki9-hutter-99m-v2",
      "objectivePath": "contracts/research/v2/objective-contract.json",
      "targetScoreBytes": 99000000
    },
    "official_decimal_limit_kib": 97656,
    "peak_process_vmhwm": {
      "comm": "taskset",
      "observed_elapsed_s": 0.0225,
      "pid": 1224775,
      "start_ticks": 173360197,
      "vmhwm_kib": 660
    },
    "peak_sample": {
      "allowed_cpu_union": [
        0,
        1,
        2,
        3,
        4,
        5,
        6,
        7,
        8,
        9,
        10,
        11,
        12,
        13,
        14,
        15,
        16,
        17,
        18,
        19,
        20,
        21,
        22,
        23,
        24,
        25,
        26,
        27,
        28,
        29,
        30,
        31
      ],
      "cgroup_current_bytes": 262144,
      "elapsed_s": 0.0225,
      "max_single_rss_kib": 660,
      "persistent_status_misses": [],
      "processes": [
        {
          "allowed_cpus": [
            0,
            1,
            2,
            3,
            4,
            5,
            6,
            7,
            8,
            9,
            10,
            11,
            12,
            13,
            14,
            15,
            16,
            17,
            18,
            19,
            20,
            21,
            22,
            23,
            24,
            25,
            26,
            27,
            28,
            29,
            30,
            31
          ],
          "comm": "taskset",
          "live_threads": 1,
          "pid": 1224775,
          "rss_kib": 660,
          "runnable_threads": 1,
          "start_ticks": 173360197,
          "vmhwm_kib": 660
        }
      ],
      "scratch_allocated_bytes": 24576,
      "scratch_file_count": 4,
      "scratch_logical_bytes": 6984,
      "scratch_race_count": 0,
      "tree_live_threads": 1,
      "tree_rss_kib": 660,
      "tree_runnable_threads": 1
    },
    "peak_tree_sample": {
      "allowed_cpu_union": [
        0,
        1,
        2,
        3,
        4,
        5,
        6,
        7,
        8,
        9,
        10,
        11,
        12,
        13,
        14,
        15,
        16,
        17,
        18,
        19,
        20,
        21,
        22,
        23,
        24,
        25,
        26,
        27,
        28,
        29,
        30,
        31
      ],
      "cgroup_current_bytes": 262144,
      "elapsed_s": 0.0225,
      "max_single_rss_kib": 660,
      "persistent_status_misses": [],
      "processes": [
        {
          "allowed_cpus": [
            0,
            1,
            2,
            3,
            4,
            5,
            6,
            7,
            8,
            9,
            10,
            11,
            12,
            13,
            14,
            15,
            16,
            17,
            18,
            19,
            20,
            21,
            22,
            23,
            24,
            25,
            26,
            27,
            28,
            29,
            30,
            31
          ],
          "comm": "taskset",
          "live_threads": 1,
          "pid": 1224775,
          "rss_kib": 660,
          "runnable_threads": 1,
          "start_ticks": 173360197,
          "vmhwm_kib": 660
        }
      ],
      "scratch_allocated_bytes": 24576,
      "scratch_file_count": 4,
      "scratch_logical_bytes": 6984,
      "scratch_race_count": 0,
      "tree_live_threads": 1,
      "tree_rss_kib": 660,
      "tree_runnable_threads": 1
    },
    "peaks": {
      "cgroup_memory_peak_bytes": 524288,
      "max_observed_process_vmhwm_kib": 660,
      "max_sampled_allowed_cpu_count": 32,
      "max_sampled_cgroup_current_bytes": 262144,
      "max_sampled_scratch_allocated_bytes": 24576,
      "max_sampled_scratch_logical_bytes": 6984,
      "max_sampled_single_rss_kib": 660,
      "max_sampled_tree_live_threads": 1,
      "max_sampled_tree_rss_kib": 660,
      "max_sampled_tree_runnable_threads": 1
    },
    "phase": "diagnostic",
    "phase_marker_path": "/home/x/deco/gamma/projects/enwiki9/run_logs/adaptive/20260905T194308Z_98e8e382e7.resources/phases.jsonl",
    "phase_markers": [],
    "returncode": -15,
    "sample_count": 1,
    "sample_interval_seconds": 0.5,
    "schema": "gamma.enwiki9.resource-guard-receipt.v3",
    "scratch_paths": [
      "/home/x/deco/gamma/projects/enwiki9/results/fx2_cmix_transformer_static_vocab_fixture50051_q0_v1",
      "/home/x/deco/gamma/projects/enwiki9/run_logs/adaptive/20260905T194308Z_98e8e382e7.log",
      "/home/x/deco/gamma/projects/enwiki9/run_logs/adaptive/20260905T194308Z_98e8e382e7.resources",
      "/tmp/gamma-enwiki9-20260905T194308Z_98e8e382e7-i7mg6qi1/fx2_cmix_transformer_static_vocab_fixture50051_q0_v1"
    ],
    "smaps_rollup_checkpoints": [
      {
        "elapsed_s": 0.0225,
        "processes": [
          {
            "pid": 1224775,
            "rollup_kib": {
              "AnonHugePages": 0,
              "Anonymous": 112,
              "FilePmdMapped": 0,
              "KSM": 0,
              "LazyFree": 0,
              "Locked": 0,
              "Private_Clean": 24,
              "Private_Dirty": 112,
              "Private_Hugetlb": 0,
              "Pss": 227,
              "Pss_Anon": 112,
              "Pss_Dirty": 112,
              "Pss_File": 115,
              "Pss_Shmem": 0,
              "Referenced": 2132,
              "Rss": 2132,
              "Shared_Clean": 1996,
              "Shared_Dirty": 0,
              "Shared_Hugetlb": 0,
              "ShmemPmdMapped": 0,
              "Swap": 0,
              "SwapPss": 0
            },
            "start_ticks": 173360197
          }
        ],
        "reason": "initial+rss_growth",
        "tree_rss_kib": 660
      }
    ],
    "status": "logical_cpu_guard_exceeded",
    "temporary_disk_limit_bytes": 16000000000,
    "wall_time_limit_seconds": null
  }
}
