{"command": ["/usr/bin/python3", "/home/x/deco/gamma/projects/enwiki9/tools/run_with_resource_guard_v3.py", "--limit-kib", "2097152", "--official-decimal-limit-kib", "2097152", "--limit-mode", "tree", "--cgroup-path", "/sys/fs/cgroup/user.slice/user-1000.slice/user@1000.service/app.slice/gamma-enwiki9-20260909T140149Z_274c03e2c0", "--cgroup-memory-max-bytes", "2147483648", "--temporary-disk-limit-bytes", "67108864", "--phase-marker-path", "/home/x/deco/gamma/projects/enwiki9/run_logs/adaptive/20260909T140149Z_274c03e2c0.resources/phases.jsonl", "--max-logical-cpus", "1", "--guard-json", "/home/x/deco/gamma/projects/enwiki9/run_logs/adaptive/20260909T140149Z_274c03e2c0.resources/guard.json", "--label", "20260909T140149Z_274c03e2c0", "--phase", "diagnostic", "--scratch-path", "/home/x/deco/gamma/projects/enwiki9/results/opcode_event_opportunity_decode250k_q0_v2", "--scratch-path", "/home/x/deco/gamma/projects/enwiki9/run_logs/adaptive/20260909T140149Z_274c03e2c0.log", "--scratch-path", "/home/x/deco/gamma/projects/enwiki9/run_logs/adaptive/20260909T140149Z_274c03e2c0.resources", "--scratch-path", "/tmp/gamma-enwiki9-20260909T140149Z_274c03e2c0-tzfblv1u/opcode_event_opportunity_decode250k_q0_v2", "--", "/usr/bin/taskset", "--cpu-list", "3", "/bin/sh", "-c", "printf '%s\\n' '{\"phase\":\"diagnostic\",\"event\":\"worker_start\",\"detail\":\"operational envelope only; no codec phase credit\"}' >> \"$GAMMA_RESOURCE_PHASE_MARKERS\" || exit 125; exec \"$@\"", "enwiki9-discovery-envelope", "/usr/bin/python3", "/home/x/deco/gamma/projects/enwiki9/tools/opcode_event_opportunity_decode250k_q0_v2.py"], "job": {"candidate_id": "opcode_event_opportunity_decode250k_q0_v2", "candidate_revision": {"path": "operations/adaptive/candidate-revisions/opcode_event_opportunity_decode250k_q0_v2/20260909T140011961944Z_06827b21e379.json", "sha256": "sha256:3e7946eca20d0894783a522710d12ef60a543ec81bfcba4f996c57721933f734"}, "candidate_tree_sha256": "sha256:06827b21e379fee057840fc3061b014ce3a36f88aabeade20e79eae99724b9ee", "execution_guard": {"path": "tools/run_with_resource_guard_v3.py", "sha256": "sha256:044147f7ffe6922ea8dafd52fc3d4426077b20958adbcd421245ad41adcfc1e4"}, "execution_mode": "discovery", "execution_resources": {"boot_id": "3ce46712-27bc-4199-8e48-e2b3d23926cb", "budget": {"cgroup_parent": "/sys/fs/cgroup/user.slice/user-1000.slice/user@1000.service/app.slice", "cpus": [3], "memory_bytes": 2147483648, "scratch_bytes": 67108864, "swap_bytes": 0, "wall_seconds": 600}, "cgroup_inode": 271106, "cgroup_path": "/sys/fs/cgroup/user.slice/user-1000.slice/user@1000.service/app.slice/gamma-enwiki9-20260909T140149Z_274c03e2c0", "cpu_enforcement": "taskset-and-sampled-affinity-guard", "groups": [{"created": true, "inode": 271106, "kernel_cpuset": false, "memory_bytes": 2147483648, "path": "/sys/fs/cgroup/user.slice/user-1000.slice/user@1000.service/app.slice/gamma-enwiki9-20260909T140149Z_274c03e2c0"}], "guard_command_sha256": "4c05e4b06249691bef36eedf785c47918d92d051cc4844ced2ccf4fee05fd1c5", "guard_path": "run_logs/adaptive/20260909T140149Z_274c03e2c0.resources/guard.json", "missing_diagnostics": ["kernel cpuset controller is not delegated; taskset assignment and existing affinity guard remain active"], "timing_authority": "diagnostic"}, "experiment": {"path": "operations/adaptive/experiments/opcode_event_opportunity_decode250k_q0_v2.json", "sha256": "sha256:3c6351921da37156833655ea962698ea96d50ffab4d782300dec8691c010c080"}, "gate_size": 250000, "held": false, "hold_history": [{"at": "2026-09-09T14:06:36+00:00", "held": false, "reason": "Published at 1c621649b05e73b82e4af3c9ddcaffd8ead19f7c;412 paths verified. Fresh joint admission results/smg_opcode_parallel_admission_20260909.json validates both resource allocations,32GiB memory reserve,owners and no live/unknown corpus jobs. Canonical guards remain required."}], "job_id": "20260909T140149Z_274c03e2c0", "priority": 40, "proposal": {"path": "operations/adaptive/proposals/developed/959_opcode_event_opportunity_decode250k_q0_v2.json", "sha256": "sha256:85ef223254c068450e8642491f0092e48c2c7f44a81403ff759841897741fe95"}, "proposal_id": "opcode_event_opportunity_decode250k_q0_v2", "purpose": "diagnostic", "released_at": "2026-09-09T14:06:36+00:00", "resource_budget": {"cgroup_parent": "/sys/fs/cgroup/user.slice/user-1000.slice/user@1000.service/app.slice", "cpus": [3], "memory_bytes": 2147483648, "scratch_bytes": 67108864, "swap_bytes": 0, "wall_seconds": 600}, "runner": {"path": "tools/opcode_event_opportunity_decode250k_q0_v2.py", "sha256": "sha256:04362f7a1b20a9203855dfeb16b9fa1abf81d484f1911232d5dbeeb4e0054011"}, "schema": "gamma.enwiki9.adaptive-job.v3", "scratch_directories": ["results/opcode_event_opportunity_decode250k_q0_v2"], "started_at": "2026-09-09T14:07:30+00:00", "state": "running", "submitted_at": "2026-09-09T14:01:49+00:00", "tags": ["decode-only", "opcode-event-opportunity", "publication-pending"], "timing_authority": "diagnostic", "tool": "tools/opcode_event_opportunity_decode250k_q0_v2.py", "tool_args": []}}
{"status": "passed", "correctness_pass": true}
{
  "resource_guard": {
    "cgroup": {
      "inode": 271106,
      "joined_before_exec": true,
      "memory_max_bytes": 2147483648,
      "memory_max_rounding_bytes": 0,
      "memory_peak_reset": true,
      "path": "/sys/fs/cgroup/user.slice/user-1000.slice/user@1000.service/app.slice/gamma-enwiki9-20260909T140149Z_274c03e2c0",
      "previous_memory_max": "2147483648",
      "requested_memory_max_bytes": 2147483648
    },
    "cgroup_events": {
      "baseline": {
        "high": 0,
        "low": 0,
        "max": 0,
        "oom": 0,
        "oom_group_kill": 0,
        "oom_kill": 0,
        "sock_throttled": 0
      },
      "delta": {
        "high": 0,
        "low": 0,
        "max": 0,
        "oom": 0,
        "oom_group_kill": 0,
        "oom_kill": 0,
        "sock_throttled": 0
      },
      "final": {
        "high": 0,
        "low": 0,
        "max": 0,
        "oom": 0,
        "oom_group_kill": 0,
        "oom_kill": 0,
        "sock_throttled": 0
      }
    },
    "command": [
      "/usr/bin/taskset",
      "--cpu-list",
      "3",
      "/bin/sh",
      "-c",
      "printf '%s\\n' '{\"phase\":\"diagnostic\",\"event\":\"worker_start\",\"detail\":\"operational envelope only; no codec phase credit\"}' >> \"$GAMMA_RESOURCE_PHASE_MARKERS\" || exit 125; exec \"$@\"",
      "enwiki9-discovery-envelope",
      "/usr/bin/python3",
      "/home/x/deco/gamma/projects/enwiki9/tools/opcode_event_opportunity_decode250k_q0_v2.py"
    ],
    "command_sha256": "c1ef590a66ca5080adc2e491e6d5c4c3a9f476d95bdc5291cfd3e505801e6ba3",
    "elapsed_s": 95.2674,
    "geekbench5_single_core_score": null,
    "guards": {
      "cgroup_memory_guard_exceeded": false,
      "logical_cpu_guard_exceeded": false,
      "measurement_incomplete": false,
      "official_decimal_memory_exceeded": false,
      "phase_marker_invalid": false,
      "rss_guard_exceeded": false,
      "temporary_disk_guard_exceeded": false,
      "wall_time_guard_exceeded": false
    },
    "label": "20260909T140149Z_274c03e2c0",
    "latest_sample": {
      "allowed_cpu_union": [],
      "cgroup_current_bytes": 28332032,
      "elapsed_s": 95.266,
      "max_single_rss_kib": 0,
      "persistent_status_misses": [],
      "processes": [],
      "scratch_allocated_bytes": 27451392,
      "scratch_file_count": 28,
      "scratch_logical_bytes": 27381944,
      "scratch_race_count": 0,
      "tree_live_threads": 0,
      "tree_rss_kib": 0,
      "tree_runnable_threads": 0
    },
    "limit_kib": 2097152,
    "limit_mode": "tree",
    "max_logical_cpus": 1,
    "measurements": {
      "affinity_complete": true,
      "cgroup_v2_complete": true,
      "per_process_vmhwm_sampled": true,
      "phase_markers_complete": true,
      "process_tree_rss_complete": true,
      "scratch_logical_and_allocated_complete": true,
      "smaps_rollup_complete": true
    },
    "objective": {
      "corpusBytes": 1000000000,
      "corpusSha256": "159b85351e5f76e60cbe32e04c677847a9ecba3adc79addab6f4c6c7aa3744bc",
      "objectiveDigest": "sha256:e91ff20e92c3cac8acb0cbe5c79fc8e8a3b427d7e151245c8eecc52b1c32fa00",
      "objectiveId": "gamma-enwiki9-hutter-90m-v3",
      "objectivePath": "contracts/research/v3/objective-contract.json",
      "targetScoreBytes": 90000000
    },
    "official_decimal_limit_kib": 2097152,
    "peak_process_vmhwm": {
      "comm": "python3",
      "observed_elapsed_s": 61.669,
      "pid": 3678406,
      "start_ticks": 205901892,
      "vmhwm_kib": 472364
    },
    "peak_sample": {
      "allowed_cpu_union": [
        3
      ],
      "cgroup_current_bytes": 508432384,
      "elapsed_s": 93.2619,
      "max_single_rss_kib": 469900,
      "persistent_status_misses": [],
      "processes": [
        {
          "allowed_cpus": [
            3
          ],
          "comm": "python3",
          "live_threads": 1,
          "pid": 3672844,
          "rss_kib": 25088,
          "runnable_threads": 0,
          "start_ticks": 205898820,
          "vmhwm_kib": 26144
        },
        {
          "allowed_cpus": [
            3
          ],
          "comm": "python3",
          "live_threads": 1,
          "pid": 3684237,
          "rss_kib": 469900,
          "runnable_threads": 1,
          "start_ticks": 205905115,
          "vmhwm_kib": 469900
        }
      ],
      "scratch_allocated_bytes": 25034752,
      "scratch_file_count": 22,
      "scratch_logical_bytes": 24982111,
      "scratch_race_count": 0,
      "tree_live_threads": 2,
      "tree_rss_kib": 494988,
      "tree_runnable_threads": 1
    },
    "peak_tree_sample": {
      "allowed_cpu_union": [
        3
      ],
      "cgroup_current_bytes": 508432384,
      "elapsed_s": 93.2619,
      "max_single_rss_kib": 469900,
      "persistent_status_misses": [],
      "processes": [
        {
          "allowed_cpus": [
            3
          ],
          "comm": "python3",
          "live_threads": 1,
          "pid": 3672844,
          "rss_kib": 25088,
          "runnable_threads": 0,
          "start_ticks": 205898820,
          "vmhwm_kib": 26144
        },
        {
          "allowed_cpus": [
            3
          ],
          "comm": "python3",
          "live_threads": 1,
          "pid": 3684237,
          "rss_kib": 469900,
          "runnable_threads": 1,
          "start_ticks": 205905115,
          "vmhwm_kib": 469900
        }
      ],
      "scratch_allocated_bytes": 25034752,
      "scratch_file_count": 22,
      "scratch_logical_bytes": 24982111,
      "scratch_race_count": 0,
      "tree_live_threads": 2,
      "tree_rss_kib": 494988,
      "tree_runnable_threads": 1
    },
    "peaks": {
      "cgroup_memory_peak_bytes": 511053824,
      "max_observed_process_vmhwm_kib": 472364,
      "max_sampled_allowed_cpu_count": 1,
      "max_sampled_cgroup_current_bytes": 508432384,
      "max_sampled_scratch_allocated_bytes": 27451392,
      "max_sampled_scratch_logical_bytes": 27381944,
      "max_sampled_single_rss_kib": 469900,
      "max_sampled_tree_live_threads": 2,
      "max_sampled_tree_rss_kib": 494988,
      "max_sampled_tree_runnable_threads": 1
    },
    "phase": "diagnostic",
    "phase_marker_path": "/home/x/deco/gamma/projects/enwiki9/run_logs/adaptive/20260909T140149Z_274c03e2c0.resources/phases.jsonl",
    "phase_markers": [
      {
        "detail": "operational envelope only; no codec phase credit",
        "event": "worker_start",
        "observed_elapsed_s": 0.023,
        "phase": "diagnostic",
        "source_line": 1
      },
      {
        "detail": null,
        "event": "start",
        "observed_elapsed_s": 0.5236,
        "phase": "P",
        "source_line": 2
      },
      {
        "detail": null,
        "event": "end",
        "observed_elapsed_s": 31.0969,
        "phase": "P",
        "source_line": 3
      },
      {
        "detail": null,
        "event": "start",
        "observed_elapsed_s": 31.0969,
        "phase": "K",
        "source_line": 4
      },
      {
        "detail": null,
        "event": "end",
        "observed_elapsed_s": 63.1719,
        "phase": "K",
        "source_line": 5
      },
      {
        "detail": null,
        "event": "start",
        "observed_elapsed_s": 63.1719,
        "phase": "K-repeat",
        "source_line": 6
      },
      {
        "detail": null,
        "event": "end",
        "observed_elapsed_s": 95.266,
        "phase": "K-repeat",
        "source_line": 7
      }
    ],
    "returncode": 0,
    "sample_count": 191,
    "sample_interval_seconds": 0.5,
    "schema": "gamma.enwiki9.resource-guard-receipt.v3",
    "scratch_paths": [
      "/home/x/deco/gamma/projects/enwiki9/results/opcode_event_opportunity_decode250k_q0_v2",
      "/home/x/deco/gamma/projects/enwiki9/run_logs/adaptive/20260909T140149Z_274c03e2c0.log",
      "/home/x/deco/gamma/projects/enwiki9/run_logs/adaptive/20260909T140149Z_274c03e2c0.resources",
      "/tmp/gamma-enwiki9-20260909T140149Z_274c03e2c0-tzfblv1u/opcode_event_opportunity_decode250k_q0_v2"
    ],
    "smaps_rollup_checkpoints": [
      {
        "elapsed_s": 0.023,
        "processes": [
          {
            "pid": 3672844,
            "rollup_kib": {
              "AnonHugePages": 0,
              "Anonymous": 2112,
              "FilePmdMapped": 0,
              "KSM": 0,
              "LazyFree": 0,
              "Locked": 0,
              "Private_Clean": 44,
              "Private_Dirty": 2112,
              "Private_Hugetlb": 0,
              "Pss": 2919,
              "Pss_Anon": 2112,
              "Pss_Dirty": 2112,
              "Pss_File": 807,
              "Pss_Shmem": 0,
              "Referenced": 8028,
              "Rss": 8028,
              "Shared_Clean": 5872,
              "Shared_Dirty": 0,
              "Shared_Hugetlb": 0,
              "ShmemPmdMapped": 0,
              "Swap": 0,
              "SwapPss": 0
            },
            "start_ticks": 205898820
          }
        ],
        "reason": "initial+phase_marker+rss_growth",
        "tree_rss_kib": 8028
      },
      {
        "elapsed_s": 0.5236,
        "processes": [
          {
            "pid": 3672844,
            "rollup_kib": {
              "AnonHugePages": 0,
              "Anonymous": 12604,
              "FilePmdMapped": 0,
              "KSM": 0,
              "LazyFree": 0,
              "Locked": 0,
              "Private_Clean": 4,
              "Private_Dirty": 12604,
              "Private_Hugetlb": 0,
              "Pss": 14104,
              "Pss_Anon": 12604,
              "Pss_Dirty": 12604,
              "Pss_File": 1500,
              "Pss_Shmem": 0,
              "Referenced": 24988,
              "Rss": 24988,
              "Shared_Clean": 12380,
              "Shared_Dirty": 0,
              "Shared_Hugetlb": 0,
              "ShmemPmdMapped": 0,
              "Swap": 0,
              "SwapPss": 0
            },
            "start_ticks": 205898820
          },
          {
            "pid": 3672863,
            "rollup_kib": {
              "AnonHugePages": 0,
              "Anonymous": 31500,
              "FilePmdMapped": 0,
              "KSM": 0,
              "LazyFree": 0,
              "Locked": 0,
              "Private_Clean": 276,
              "Private_Dirty": 31500,
              "Private_Hugetlb": 0,
              "Pss": 33298,
              "Pss_Anon": 31500,
              "Pss_Dirty": 31500,
              "Pss_File": 1798,
              "Pss_Shmem": 0,
              "Referenced": 44108,
              "Rss": 44108,
              "Shared_Clean": 12332,
              "Shared_Dirty": 0,
              "Shared_Hugetlb": 0,
              "ShmemPmdMapped": 0,
              "Swap": 0,
              "SwapPss": 0
            },
            "start_ticks": 205898829
          }
        ],
        "reason": "phase_marker",
        "tree_rss_kib": 69096
      },
      {
        "elapsed_s": 18.0629,
        "processes": [
          {
            "pid": 3672844,
            "rollup_kib": {
              "AnonHugePages": 0,
              "Anonymous": 12604,
              "FilePmdMapped": 0,
              "KSM": 0,
              "LazyFree": 0,
              "Locked": 0,
              "Private_Clean": 4,
              "Private_Dirty": 12604,
              "Private_Hugetlb": 0,
              "Pss": 14104,
              "Pss_Anon": 12604,
              "Pss_Dirty": 12604,
              "Pss_File": 1500,
              "Pss_Shmem": 0,
              "Referenced": 24988,
              "Rss": 24988,
              "Shared_Clean": 12380,
              "Shared_Dirty": 0,
              "Shared_Hugetlb": 0,
              "ShmemPmdMapped": 0,
              "Swap": 0,
              "SwapPss": 0
            },
            "start_ticks": 205898820
          },
          {
            "pid": 3672863,
            "rollup_kib": {
              "AnonHugePages": 0,
              "Anonymous": 300468,
              "FilePmdMapped": 0,
              "KSM": 0,
              "LazyFree": 0,
              "Locked": 0,
              "Private_Clean": 276,
              "Private_Dirty": 300468,
              "Private_Hugetlb": 0,
              "Pss": 302265,
              "Pss_Anon": 300468,
              "Pss_Dirty": 300468,
              "Pss_File": 1797,
              "Pss_Shmem": 0,
              "Referenced": 313076,
              "Rss": 313076,
              "Shared_Clean": 12332,
              "Shared_Dirty": 0,
              "Shared_Hugetlb": 0,
              "ShmemPmdMapped": 0,
              "Swap": 0,
              "SwapPss": 0
            },
            "start_ticks": 205898829
          }
        ],
        "reason": "rss_growth",
        "tree_rss_kib": 338064
      },
      {
        "elapsed_s": 31.0969,
        "processes": [
          {
            "pid": 3672844,
            "rollup_kib": {
              "AnonHugePages": 0,
              "Anonymous": 12640,
              "FilePmdMapped": 0,
              "KSM": 0,
              "LazyFree": 0,
              "Locked": 0,
              "Private_Clean": 4,
              "Private_Dirty": 12640,
              "Private_Hugetlb": 0,
              "Pss": 14150,
              "Pss_Anon": 12640,
              "Pss_Dirty": 12640,
              "Pss_File": 1510,
              "Pss_Shmem": 0,
              "Referenced": 25088,
              "Rss": 25088,
              "Shared_Clean": 12444,
              "Shared_Dirty": 0,
              "Shared_Hugetlb": 0,
              "ShmemPmdMapped": 0,
              "Swap": 0,
              "SwapPss": 0
            },
            "start_ticks": 205898820
          },
          {
            "pid": 3678406,
            "rollup_kib": {
              "AnonHugePages": 0,
              "Anonymous": 27328,
              "FilePmdMapped": 0,
              "KSM": 0,
              "LazyFree": 0,
              "Locked": 0,
              "Private_Clean": 292,
              "Private_Dirty": 27328,
              "Private_Hugetlb": 0,
              "Pss": 29144,
              "Pss_Anon": 27328,
              "Pss_Dirty": 27328,
              "Pss_File": 1816,
              "Pss_Shmem": 0,
              "Referenced": 39920,
              "Rss": 39920,
              "Shared_Clean": 12300,
              "Shared_Dirty": 0,
              "Shared_Hugetlb": 0,
              "ShmemPmdMapped": 0,
              "Swap": 0,
              "SwapPss": 0
            },
            "start_ticks": 205901892
          }
        ],
        "reason": "phase_marker",
        "tree_rss_kib": 65008
      },
      {
        "elapsed_s": 63.1719,
        "processes": [
          {
            "pid": 3672844,
            "rollup_kib": {
              "AnonHugePages": 0,
              "Anonymous": 12640,
              "FilePmdMapped": 0,
              "KSM": 0,
              "LazyFree": 0,
              "Locked": 0,
              "Private_Clean": 4,
              "Private_Dirty": 12640,
              "Private_Hugetlb": 0,
              "Pss": 14149,
              "Pss_Anon": 12640,
              "Pss_Dirty": 12640,
              "Pss_File": 1509,
              "Pss_Shmem": 0,
              "Referenced": 25088,
              "Rss": 25088,
              "Shared_Clean": 12444,
              "Shared_Dirty": 0,
              "Shared_Hugetlb": 0,
              "ShmemPmdMapped": 0,
              "Swap": 0,
              "SwapPss": 0
            },
            "start_ticks": 205898820
          },
          {
            "pid": 3684237,
            "rollup_kib": {
              "AnonHugePages": 0,
              "Anonymous": 20104,
              "FilePmdMapped": 0,
              "KSM": 0,
              "LazyFree": 0,
              "Locked": 0,
              "Private_Clean": 272,
              "Private_Dirty": 20104,
              "Private_Hugetlb": 0,
              "Pss": 21881,
              "Pss_Anon": 20104,
              "Pss_Dirty": 20104,
              "Pss_File": 1777,
              "Pss_Shmem": 0,
              "Referenced": 32648,
              "Rss": 32648,
              "Shared_Clean": 12272,
              "Shared_Dirty": 0,
              "Shared_Hugetlb": 0,
              "ShmemPmdMapped": 0,
              "Swap": 0,
              "SwapPss": 0
            },
            "start_ticks": 205905115
          }
        ],
        "reason": "phase_marker",
        "tree_rss_kib": 57736
      },
      {
        "elapsed_s": 95.266,
        "processes": [],
        "reason": "phase_marker+terminal",
        "tree_rss_kib": 0
      }
    ],
    "status": "complete",
    "temporary_disk_limit_bytes": 67108864,
    "wall_time_limit_seconds": null
  }
}
