{"command": ["/usr/bin/python3", "/home/x/deco/gamma/projects/enwiki9/tools/run_with_resource_guard_v3.py", "--limit-kib", "9765624", "--official-decimal-limit-kib", "9765624", "--limit-mode", "tree", "--cgroup-path", "/sys/fs/cgroup/user.slice/user-1000.slice/user@1000.service/app.slice/gamma-enwiki9-20260915T233320Z_ae937ab947", "--cgroup-memory-max-bytes", "9999998976", "--temporary-disk-limit-bytes", "16000000000", "--phase-marker-path", "/home/x/deco/gamma/projects/enwiki9/run_logs/adaptive/20260915T233320Z_ae937ab947.resources/phases.jsonl", "--max-logical-cpus", "1", "--guard-json", "/home/x/deco/gamma/projects/enwiki9/run_logs/adaptive/20260915T233320Z_ae937ab947.resources/guard.json", "--label", "20260915T233320Z_ae937ab947", "--phase", "diagnostic", "--scratch-path", "/home/x/deco/gamma/projects/enwiki9/results/fx2_trim_confirm1m_v1", "--scratch-path", "/home/x/deco/gamma/projects/enwiki9/run_logs/adaptive/20260915T233320Z_ae937ab947.log", "--scratch-path", "/home/x/deco/gamma/projects/enwiki9/run_logs/adaptive/20260915T233320Z_ae937ab947.resources", "--scratch-path", "/tmp/gamma-enwiki9-20260915T233320Z_ae937ab947-33cxbiiv/fx2_trim_confirm1m_v1", "--", "/usr/bin/taskset", "--cpu-list", "2", "/bin/sh", "-c", "printf '%s\\n' '{\"phase\":\"diagnostic\",\"event\":\"worker_start\",\"detail\":\"operational envelope only; no codec phase credit\"}' >> \"$GAMMA_RESOURCE_PHASE_MARKERS\" || exit 125; exec \"$@\"", "enwiki9-discovery-envelope", "/usr/bin/python3", "/home/x/deco/gamma/projects/enwiki9/tools/fx2_trim_confirm1m_v1.py"], "job": {"candidate_id": "fx2_trim_confirm1m_v1", "candidate_revision": {"path": "operations/adaptive/candidate-revisions/fx2_trim_confirm1m_v1/20260915T233320249569Z_7f68bd667bfd.json", "sha256": "sha256:d27b35ba2986418cfb68f2fa60414dc74f0acf120270ca759a8e49b80d099943"}, "candidate_tree_sha256": "sha256:7f68bd667bfd51a66975a36cc14cb9209dd2811832e2862e5f43f9fe74570307", "execution_guard": {"path": "tools/run_with_resource_guard_v3.py", "sha256": "sha256:044147f7ffe6922ea8dafd52fc3d4426077b20958adbcd421245ad41adcfc1e4"}, "execution_mode": "discovery", "execution_resources": {"boot_id": "3ce46712-27bc-4199-8e48-e2b3d23926cb", "budget": {"cgroup_parent": "/sys/fs/cgroup/user.slice/user-1000.slice/user@1000.service/app.slice", "cpus": [2], "memory_bytes": 9999998976, "scratch_bytes": 16000000000, "swap_bytes": 0, "wall_seconds": 3600}, "cgroup_inode": 336651, "cgroup_path": "/sys/fs/cgroup/user.slice/user-1000.slice/user@1000.service/app.slice/gamma-enwiki9-20260915T233320Z_ae937ab947", "cpu_enforcement": "taskset-and-sampled-affinity-guard", "groups": [{"created": true, "inode": 336651, "kernel_cpuset": false, "memory_bytes": 9999998976, "path": "/sys/fs/cgroup/user.slice/user-1000.slice/user@1000.service/app.slice/gamma-enwiki9-20260915T233320Z_ae937ab947"}], "guard_command_sha256": "a64fbff99c95f35df440d320955508826c32223422236aa6ec1206996ee7bbe2", "guard_path": "run_logs/adaptive/20260915T233320Z_ae937ab947.resources/guard.json", "missing_diagnostics": ["kernel cpuset controller is not delegated; taskset assignment and existing affinity guard remain active"], "timing_authority": "diagnostic"}, "experiment": {"path": "operations/adaptive/experiments/fx2_trim_confirm1m_v1.json", "sha256": "sha256:24532b80aced1e351e6041c5946456eabd0afe29c890f7c63107df5f684af72d"}, "gate_size": 1000000, "held": false, "held_at": "2026-09-15T23:33:20+00:00", "hold_history": [{"at": "2026-09-15T23:33:20+00:00", "held": true, "reason": "Publish frozen original/trimmed delivery and confirmation contract; then fresh CPU2 admission with inherited controller affinity."}, {"at": "2026-09-15T23:41:02+00:00", "held": false, "reason": "Published a10ac4cf6; all25 frozen inputs verified on disk and origin; fresh CPU2/memory/scratch admission. Unchanged original/trimmed reserved1MB confirmation only."}], "job_id": "20260915T233320Z_ae937ab947", "priority": 80, "proposal": {"path": "operations/adaptive/proposals/developed/949_fx2_trim_confirm1m_v1.json", "sha256": "sha256:f6a1e5e77600e56209c4eadb6d210ce7ff978fa71a91a69918c4b9cf39b4b1e7"}, "proposal_id": "fx2_trim_confirm1m_v1", "purpose": "diagnostic", "released_at": "2026-09-15T23:41:02+00:00", "resource_budget": {"cgroup_parent": "/sys/fs/cgroup/user.slice/user-1000.slice/user@1000.service/app.slice", "cpus": [2], "memory_bytes": 9999998976, "scratch_bytes": 16000000000, "swap_bytes": 0, "wall_seconds": 3600}, "runner": {"path": "tools/fx2_trim_confirm1m_v1.py", "sha256": "sha256:e5046f3cd13ee67cb9cf1dcd71fb24fa381ed0d2d907c4be28ef0bf5ecd2049c"}, "schema": "gamma.enwiki9.adaptive-job.v3", "scratch_directories": ["results/fx2_trim_confirm1m_v1"], "started_at": "2026-09-15T23:41:02+00:00", "state": "running", "submitted_at": "2026-09-15T23:33:20+00:00", "tags": [], "timing_authority": "diagnostic", "tool": "tools/fx2_trim_confirm1m_v1.py", "tool_args": []}}
{"status": "passed", "verdict": "Frozen trimming transfers to this cold reserved1MB with exact native archives and unchanged component savings; full package and full corpus remain unproved.", "archive_gain_bytes": 0}
{
  "resource_guard": {
    "cgroup": {
      "inode": 336651,
      "joined_before_exec": true,
      "memory_max_bytes": 9999998976,
      "memory_max_rounding_bytes": 0,
      "memory_peak_reset": true,
      "path": "/sys/fs/cgroup/user.slice/user-1000.slice/user@1000.service/app.slice/gamma-enwiki9-20260915T233320Z_ae937ab947",
      "previous_memory_max": "9999998976",
      "requested_memory_max_bytes": 9999998976
    },
    "cgroup_events": {
      "baseline": {
        "high": 0,
        "low": 0,
        "max": 0,
        "oom": 0,
        "oom_group_kill": 0,
        "oom_kill": 0,
        "sock_throttled": 0
      },
      "delta": {
        "high": 0,
        "low": 0,
        "max": 0,
        "oom": 0,
        "oom_group_kill": 0,
        "oom_kill": 0,
        "sock_throttled": 0
      },
      "final": {
        "high": 0,
        "low": 0,
        "max": 0,
        "oom": 0,
        "oom_group_kill": 0,
        "oom_kill": 0,
        "sock_throttled": 0
      }
    },
    "command": [
      "/usr/bin/taskset",
      "--cpu-list",
      "2",
      "/bin/sh",
      "-c",
      "printf '%s\\n' '{\"phase\":\"diagnostic\",\"event\":\"worker_start\",\"detail\":\"operational envelope only; no codec phase credit\"}' >> \"$GAMMA_RESOURCE_PHASE_MARKERS\" || exit 125; exec \"$@\"",
      "enwiki9-discovery-envelope",
      "/usr/bin/python3",
      "/home/x/deco/gamma/projects/enwiki9/tools/fx2_trim_confirm1m_v1.py"
    ],
    "command_sha256": "fb9f4db6a8d7441bafef96aefb6b9716f312e4c82b6972537e2757e34e2c2610",
    "elapsed_s": 799.6883,
    "geekbench5_single_core_score": null,
    "guards": {
      "cgroup_memory_guard_exceeded": false,
      "logical_cpu_guard_exceeded": false,
      "measurement_incomplete": false,
      "official_decimal_memory_exceeded": false,
      "phase_marker_invalid": false,
      "rss_guard_exceeded": false,
      "temporary_disk_guard_exceeded": false,
      "wall_time_guard_exceeded": false
    },
    "label": "20260915T233320Z_ae937ab947",
    "latest_sample": {
      "allowed_cpu_union": [],
      "cgroup_current_bytes": 33595392,
      "elapsed_s": 799.6857,
      "max_single_rss_kib": 0,
      "persistent_status_misses": [],
      "processes": [],
      "scratch_allocated_bytes": 31956992,
      "scratch_file_count": 337,
      "scratch_logical_bytes": 30897402,
      "scratch_race_count": 0,
      "tree_live_threads": 0,
      "tree_rss_kib": 0,
      "tree_runnable_threads": 0
    },
    "limit_kib": 9765624,
    "limit_mode": "tree",
    "max_logical_cpus": 1,
    "measurements": {
      "affinity_complete": true,
      "cgroup_v2_complete": true,
      "per_process_vmhwm_sampled": true,
      "phase_markers_complete": true,
      "process_tree_rss_complete": true,
      "scratch_logical_and_allocated_complete": true,
      "smaps_rollup_complete": true
    },
    "objective": {
      "corpusBytes": 1000000000,
      "corpusSha256": "159b85351e5f76e60cbe32e04c677847a9ecba3adc79addab6f4c6c7aa3744bc",
      "objectiveDigest": "sha256:e91ff20e92c3cac8acb0cbe5c79fc8e8a3b427d7e151245c8eecc52b1c32fa00",
      "objectiveId": "gamma-enwiki9-hutter-90m-v3",
      "objectivePath": "contracts/research/v3/objective-contract.json",
      "targetScoreBytes": 90000000
    },
    "official_decimal_limit_kib": 9765624,
    "peak_process_vmhwm": {
      "comm": "cmix",
      "observed_elapsed_s": 152.9386,
      "pid": 2974165,
      "start_ticks": 261182987,
      "vmhwm_kib": 5809344
    },
    "peak_sample": {
      "allowed_cpu_union": [
        2
      ],
      "cgroup_current_bytes": 6010564608,
      "elapsed_s": 152.9386,
      "max_single_rss_kib": 5809344,
      "persistent_status_misses": [],
      "processes": [
        {
          "allowed_cpus": [
            2
          ],
          "comm": "python3",
          "live_threads": 1,
          "pid": 2968617,
          "rss_kib": 48940,
          "runnable_threads": 0,
          "start_ticks": 261180087,
          "vmhwm_kib": 48940
        },
        {
          "allowed_cpus": [
            2
          ],
          "comm": "timeout",
          "live_threads": 1,
          "pid": 2974164,
          "rss_kib": 7612,
          "runnable_threads": 0,
          "start_ticks": 261182987,
          "vmhwm_kib": 7612
        },
        {
          "allowed_cpus": [
            2
          ],
          "comm": "cmix",
          "live_threads": 1,
          "pid": 2974165,
          "rss_kib": 5809344,
          "runnable_threads": 1,
          "start_ticks": 261182987,
          "vmhwm_kib": 5809344
        }
      ],
      "scratch_allocated_bytes": 29245440,
      "scratch_file_count": 161,
      "scratch_logical_bytes": 14693378698,
      "scratch_race_count": 0,
      "tree_live_threads": 3,
      "tree_rss_kib": 5865896,
      "tree_runnable_threads": 1
    },
    "peak_tree_sample": {
      "allowed_cpu_union": [
        2
      ],
      "cgroup_current_bytes": 6013091840,
      "elapsed_s": 399.4276,
      "max_single_rss_kib": 5809148,
      "persistent_status_misses": [],
      "processes": [
        {
          "allowed_cpus": [
            2
          ],
          "comm": "python3",
          "live_threads": 1,
          "pid": 2968617,
          "rss_kib": 48940,
          "runnable_threads": 0,
          "start_ticks": 261180087,
          "vmhwm_kib": 48940
        },
        {
          "allowed_cpus": [
            2
          ],
          "comm": "timeout",
          "live_threads": 1,
          "pid": 3018268,
          "rss_kib": 7888,
          "runnable_threads": 0,
          "start_ticks": 261207772,
          "vmhwm_kib": 7888
        },
        {
          "allowed_cpus": [
            2
          ],
          "comm": "cmix",
          "live_threads": 1,
          "pid": 3018269,
          "rss_kib": 5809148,
          "runnable_threads": 1,
          "start_ticks": 261207773,
          "vmhwm_kib": 5809148
        }
      ],
      "scratch_allocated_bytes": 31907840,
      "scratch_file_count": 171,
      "scratch_logical_bytes": 14696052733,
      "scratch_race_count": 0,
      "tree_live_threads": 3,
      "tree_rss_kib": 5865976,
      "tree_runnable_threads": 1
    },
    "peaks": {
      "cgroup_memory_peak_bytes": 6033920000,
      "max_observed_process_vmhwm_kib": 5809344,
      "max_sampled_allowed_cpu_count": 1,
      "max_sampled_cgroup_current_bytes": 6029844480,
      "max_sampled_scratch_allocated_bytes": 47738880,
      "max_sampled_scratch_logical_bytes": 14711393154,
      "max_sampled_single_rss_kib": 5809344,
      "max_sampled_tree_live_threads": 5,
      "max_sampled_tree_rss_kib": 5865976,
      "max_sampled_tree_runnable_threads": 2
    },
    "phase": "diagnostic",
    "phase_marker_path": "/home/x/deco/gamma/projects/enwiki9/run_logs/adaptive/20260915T233320Z_ae937ab947.resources/phases.jsonl",
    "phase_markers": [
      {
        "detail": "operational envelope only; no codec phase credit",
        "event": "worker_start",
        "observed_elapsed_s": 0.0327,
        "phase": "diagnostic",
        "source_line": 1
      },
      {
        "detail": null,
        "event": "start",
        "observed_elapsed_s": 0.5333,
        "phase": "P-compile",
        "source_line": 2
      },
      {
        "detail": null,
        "event": "end",
        "observed_elapsed_s": 14.6006,
        "phase": "P-compile",
        "source_line": 3
      },
      {
        "detail": null,
        "event": "start",
        "observed_elapsed_s": 14.6006,
        "phase": "P-clean-repeat",
        "source_line": 4
      },
      {
        "detail": null,
        "event": "end",
        "observed_elapsed_s": 15.1046,
        "phase": "P-clean-repeat",
        "source_line": 5
      },
      {
        "detail": null,
        "event": "start",
        "observed_elapsed_s": 15.1046,
        "phase": "P-compile-repeat",
        "source_line": 6
      },
      {
        "detail": null,
        "event": "end",
        "observed_elapsed_s": 29.1716,
        "phase": "P-compile-repeat",
        "source_line": 7
      },
      {
        "detail": null,
        "event": "start",
        "observed_elapsed_s": 29.1716,
        "phase": "P-preprocess",
        "source_line": 8
      },
      {
        "detail": null,
        "event": "end",
        "observed_elapsed_s": 29.1716,
        "phase": "P-preprocess",
        "source_line": 9
      },
      {
        "detail": null,
        "event": "start",
        "observed_elapsed_s": 29.1716,
        "phase": "P-encode",
        "source_line": 10
      },
      {
        "detail": null,
        "event": "end",
        "observed_elapsed_s": 153.9426,
        "phase": "P-encode",
        "source_line": 11
      },
      {
        "detail": null,
        "event": "start",
        "observed_elapsed_s": 153.9426,
        "phase": "P-decode",
        "source_line": 12
      },
      {
        "detail": null,
        "event": "end",
        "observed_elapsed_s": 277.1505,
        "phase": "P-decode",
        "source_line": 13
      },
      {
        "detail": null,
        "event": "start",
        "observed_elapsed_s": 277.1505,
        "phase": "P-repeat",
        "source_line": 14
      },
      {
        "detail": null,
        "event": "end",
        "observed_elapsed_s": 400.4335,
        "phase": "P-repeat",
        "source_line": 15
      },
      {
        "detail": null,
        "event": "start",
        "observed_elapsed_s": 400.9366,
        "phase": "D-compile",
        "source_line": 16
      },
      {
        "detail": null,
        "event": "end",
        "observed_elapsed_s": 414.0316,
        "phase": "D-compile",
        "source_line": 17
      },
      {
        "detail": null,
        "event": "start",
        "observed_elapsed_s": 414.0316,
        "phase": "D-clean-repeat",
        "source_line": 18
      },
      {
        "detail": null,
        "event": "end",
        "observed_elapsed_s": 414.0316,
        "phase": "D-clean-repeat",
        "source_line": 19
      },
      {
        "detail": null,
        "event": "start",
        "observed_elapsed_s": 414.0316,
        "phase": "D-compile-repeat",
        "source_line": 20
      },
      {
        "detail": null,
        "event": "end",
        "observed_elapsed_s": 427.128,
        "phase": "D-compile-repeat",
        "source_line": 21
      },
      {
        "detail": null,
        "event": "start",
        "observed_elapsed_s": 427.128,
        "phase": "D-preprocess",
        "source_line": 22
      },
      {
        "detail": null,
        "event": "end",
        "observed_elapsed_s": 427.6326,
        "phase": "D-preprocess",
        "source_line": 23
      },
      {
        "detail": null,
        "event": "start",
        "observed_elapsed_s": 427.6326,
        "phase": "D-encode",
        "source_line": 24
      },
      {
        "detail": null,
        "event": "end",
        "observed_elapsed_s": 550.9886,
        "phase": "D-encode",
        "source_line": 25
      },
      {
        "detail": null,
        "event": "start",
        "observed_elapsed_s": 550.9886,
        "phase": "D-decode",
        "source_line": 26
      },
      {
        "detail": null,
        "event": "end",
        "observed_elapsed_s": 675.3436,
        "phase": "D-decode",
        "source_line": 27
      },
      {
        "detail": null,
        "event": "start",
        "observed_elapsed_s": 675.3436,
        "phase": "D-repeat",
        "source_line": 28
      },
      {
        "detail": null,
        "event": "end",
        "observed_elapsed_s": 799.1793,
        "phase": "D-repeat",
        "source_line": 29
      }
    ],
    "returncode": 0,
    "sample_count": 1588,
    "sample_interval_seconds": 0.5,
    "schema": "gamma.enwiki9.resource-guard-receipt.v3",
    "scratch_paths": [
      "/home/x/deco/gamma/projects/enwiki9/results/fx2_trim_confirm1m_v1",
      "/home/x/deco/gamma/projects/enwiki9/run_logs/adaptive/20260915T233320Z_ae937ab947.log",
      "/home/x/deco/gamma/projects/enwiki9/run_logs/adaptive/20260915T233320Z_ae937ab947.resources",
      "/tmp/gamma-enwiki9-20260915T233320Z_ae937ab947-33cxbiiv/fx2_trim_confirm1m_v1"
    ],
    "smaps_rollup_checkpoints": [
      {
        "elapsed_s": 0.0327,
        "processes": [
          {
            "pid": 2968617,
            "rollup_kib": {
              "AnonHugePages": 0,
              "Anonymous": 4184,
              "FilePmdMapped": 0,
              "KSM": 0,
              "LazyFree": 0,
              "Locked": 0,
              "Private_Clean": 40,
              "Private_Dirty": 4184,
              "Private_Hugetlb": 0,
              "Pss": 5776,
              "Pss_Anon": 4184,
              "Pss_Dirty": 4184,
              "Pss_File": 1592,
              "Pss_Shmem": 0,
              "Referenced": 10828,
              "Rss": 10828,
              "Shared_Clean": 6604,
              "Shared_Dirty": 0,
              "Shared_Hugetlb": 0,
              "ShmemPmdMapped": 0,
              "Swap": 0,
              "SwapPss": 0
            },
            "start_ticks": 261180087
          }
        ],
        "reason": "initial+phase_marker+rss_growth",
        "tree_rss_kib": 10828
      },
      {
        "elapsed_s": 0.5333,
        "processes": [
          {
            "pid": 2968617,
            "rollup_kib": {
              "AnonHugePages": 0,
              "Anonymous": 36584,
              "FilePmdMapped": 0,
              "KSM": 0,
              "LazyFree": 0,
              "Locked": 0,
              "Private_Clean": 88,
              "Private_Dirty": 36584,
              "Private_Hugetlb": 0,
              "Pss": 39299,
              "Pss_Anon": 36584,
              "Pss_Dirty": 36584,
              "Pss_File": 2715,
              "Pss_Shmem": 0,
              "Referenced": 48872,
              "Rss": 48872,
              "Shared_Clean": 12200,
              "Shared_Dirty": 0,
              "Shared_Hugetlb": 0,
              "ShmemPmdMapped": 0,
              "Swap": 0,
              "SwapPss": 0
            },
            "start_ticks": 261180087
          },
          {
            "pid": 2968688,
            "rollup_kib": {
              "AnonHugePages": 0,
              "Anonymous": 1252,
              "FilePmdMapped": 0,
              "KSM": 0,
              "LazyFree": 0,
              "Locked": 0,
              "Private_Clean": 3844,
              "Private_Dirty": 1252,
              "Private_Hugetlb": 0,
              "Pss": 5294,
              "Pss_Anon": 1252,
              "Pss_Dirty": 1252,
              "Pss_File": 4042,
              "Pss_Shmem": 0,
              "Referenced": 7852,
              "Rss": 7852,
              "Shared_Clean": 2756,
              "Shared_Dirty": 0,
              "Shared_Hugetlb": 0,
              "ShmemPmdMapped": 0,
              "Swap": 0,
              "SwapPss": 0
            },
            "start_ticks": 261180118
          },
          {
            "pid": 2968690,
            "rollup_kib": {
              "AnonHugePages": 0,
              "Anonymous": 380,
              "FilePmdMapped": 0,
              "KSM": 0,
              "LazyFree": 0,
              "Locked": 0,
              "Private_Clean": 276,
              "Private_Dirty": 380,
              "Private_Hugetlb": 0,
              "Pss": 776,
              "Pss_Anon": 380,
              "Pss_Dirty": 380,
              "Pss_File": 396,
              "Pss_Shmem": 0,
              "Referenced": 2616,
              "Rss": 2616,
              "Shared_Clean": 1960,
              "Shared_Dirty": 0,
              "Shared_Hugetlb": 0,
              "ShmemPmdMapped": 0,
              "Swap": 0,
              "SwapPss": 0
            },
            "start_ticks": 261180119
          },
          {
            "pid": 2968694,
            "rollup_kib": {
              "AnonHugePages": 0,
              "Anonymous": 280,
              "FilePmdMapped": 0,
              "KSM": 0,
              "LazyFree": 0,
              "Locked": 0,
              "Private_Clean": 1004,
              "Private_Dirty": 280,
              "Private_Hugetlb": 0,
              "Pss": 1400,
              "Pss_Anon": 280,
              "Pss_Dirty": 280,
              "Pss_File": 1120,
              "Pss_Shmem": 0,
              "Referenced": 3124,
              "Rss": 3124,
              "Shared_Clean": 1840,
              "Shared_Dirty": 0,
              "Shared_Hugetlb": 0,
              "ShmemPmdMapped": 0,
              "Swap": 0,
              "SwapPss": 0
            },
            "start_ticks": 261180119
          },
          {
            "pid": 2968696,
            "rollup_kib": {
              "AnonHugePages": 0,
              "Anonymous": 113020,
              "FilePmdMapped": 0,
              "KSM": 0,
              "LazyFree": 0,
              "Locked": 0,
              "Private_Clean": 15368,
              "Private_Dirty": 113020,
              "Private_Hugetlb": 0,
              "Pss": 128676,
              "Pss_Anon": 113020,
              "Pss_Dirty": 113020,
              "Pss_File": 15656,
              "Pss_Shmem": 0,
              "Referenced": 131312,
              "Rss": 131312,
              "Shared_Clean": 2924,
              "Shared_Dirty": 0,
              "Shared_Hugetlb": 0,
              "ShmemPmdMapped": 0,
              "Swap": 0,
              "SwapPss": 0
            },
            "start_ticks": 261180119
          }
        ],
        "reason": "phase_marker",
        "tree_rss_kib": 193776
      },
      {
        "elapsed_s": 14.6006,
        "processes": [
          {
            "pid": 2968617,
            "rollup_kib": {
              "AnonHugePages": 0,
              "Anonymous": 36584,
              "FilePmdMapped": 0,
              "KSM": 0,
              "LazyFree": 0,
              "Locked": 0,
              "Private_Clean": 88,
              "Private_Dirty": 36584,
              "Private_Hugetlb": 0,
              "Pss": 39348,
              "Pss_Anon": 36584,
              "Pss_Dirty": 36584,
              "Pss_File": 2764,
              "Pss_Shmem": 0,
              "Referenced": 48936,
              "Rss": 48936,
              "Shared_Clean": 12264,
              "Shared_Dirty": 0,
              "Shared_Hugetlb": 0,
              "ShmemPmdMapped": 0,
              "Swap": 0,
              "SwapPss": 0
            },
            "start_ticks": 261180087
          },
          {
            "pid": 2971382,
            "rollup_kib": {
              "AnonHugePages": 0,
              "Anonymous": 1244,
              "FilePmdMapped": 0,
              "KSM": 0,
              "LazyFree": 0,
              "Locked": 0,
              "Private_Clean": 428,
              "Private_Dirty": 1244,
              "Private_Hugetlb": 0,
              "Pss": 3516,
              "Pss_Anon": 1244,
              "Pss_Dirty": 1244,
              "Pss_File": 2272,
              "Pss_Shmem": 0,
              "Referenced": 7660,
              "Rss": 7660,
              "Shared_Clean": 5988,
              "Shared_Dirty": 0,
              "Shared_Hugetlb": 0,
              "ShmemPmdMapped": 0,
              "Swap": 0,
              "SwapPss": 0
            },
            "start_ticks": 261181541
          }
        ],
        "reason": "phase_marker",
        "tree_rss_kib": 56596
      },
      {
        "elapsed_s": 15.1046,
        "processes": [
          {
            "pid": 2968617,
            "rollup_kib": {
              "AnonHugePages": 0,
              "Anonymous": 36584,
              "FilePmdMapped": 0,
              "KSM": 0,
              "LazyFree": 0,
              "Locked": 0,
              "Private_Clean": 88,
              "Private_Dirty": 36584,
              "Private_Hugetlb": 0,
              "Pss": 39330,
              "Pss_Anon": 36584,
              "Pss_Dirty": 36584,
              "Pss_File": 2746,
              "Pss_Shmem": 0,
              "Referenced": 48936,
              "Rss": 48936,
              "Shared_Clean": 12264,
              "Shared_Dirty": 0,
              "Shared_Hugetlb": 0,
              "ShmemPmdMapped": 0,
              "Swap": 0,
              "SwapPss": 0
            },
            "start_ticks": 261180087
          },
          {
            "pid": 2971401,
            "rollup_kib": {
              "AnonHugePages": 0,
              "Anonymous": 1248,
              "FilePmdMapped": 0,
              "KSM": 0,
              "LazyFree": 0,
              "Locked": 0,
              "Private_Clean": 3832,
              "Private_Dirty": 1248,
              "Private_Hugetlb": 0,
              "Pss": 5280,
              "Pss_Anon": 1248,
              "Pss_Dirty": 1248,
              "Pss_File": 4032,
              "Pss_Shmem": 0,
              "Referenced": 7776,
              "Rss": 7776,
              "Shared_Clean": 2696,
              "Shared_Dirty": 0,
              "Shared_Hugetlb": 0,
              "ShmemPmdMapped": 0,
              "Swap": 0,
              "SwapPss": 0
            },
            "start_ticks": 261181552
          },
          {
            "pid": 2971402,
            "rollup_kib": {
              "AnonHugePages": 0,
              "Anonymous": 384,
              "FilePmdMapped": 0,
              "KSM": 0,
              "LazyFree": 0,
              "Locked": 0,
              "Private_Clean": 276,
              "Private_Dirty": 384,
              "Private_Hugetlb": 0,
              "Pss": 786,
              "Pss_Anon": 384,
              "Pss_Dirty": 384,
              "Pss_File": 402,
              "Pss_Shmem": 0,
              "Referenced": 2620,
              "Rss": 2620,
              "Shared_Clean": 1960,
              "Shared_Dirty": 0,
              "Shared_Hugetlb": 0,
              "ShmemPmdMapped": 0,
              "Swap": 0,
              "SwapPss": 0
            },
            "start_ticks": 261181553
          },
          {
            "pid": 2971404,
            "rollup_kib": {
              "AnonHugePages": 0,
              "Anonymous": 280,
              "FilePmdMapped": 0,
              "KSM": 0,
              "LazyFree": 0,
              "Locked": 0,
              "Private_Clean": 1004,
              "Private_Dirty": 280,
              "Private_Hugetlb": 0,
              "Pss": 1399,
              "Pss_Anon": 280,
              "Pss_Dirty": 280,
              "Pss_File": 1119,
              "Pss_Shmem": 0,
              "Referenced": 3124,
              "Rss": 3124,
              "Shared_Clean": 1840,
              "Shared_Dirty": 0,
              "Shared_Hugetlb": 0,
              "ShmemPmdMapped": 0,
              "Swap": 0,
              "SwapPss": 0
            },
            "start_ticks": 261181553
          },
          {
            "pid": 2971467,
            "rollup_kib": {
              "AnonHugePages": 0,
              "Anonymous": 63980,
              "FilePmdMapped": 0,
              "KSM": 0,
              "LazyFree": 0,
              "Locked": 0,
              "Private_Clean": 14608,
              "Private_Dirty": 63980,
              "Private_Hugetlb": 0,
              "Pss": 78874,
              "Pss_Anon": 63980,
              "Pss_Dirty": 63980,
              "Pss_File": 14894,
              "Pss_Shmem": 0,
              "Referenced": 81472,
              "Rss": 81472,
              "Shared_Clean": 2884,
              "Shared_Dirty": 0,
              "Shared_Hugetlb": 0,
              "ShmemPmdMapped": 0,
              "Swap": 0,
              "SwapPss": 0
            },
            "start_ticks": 261181587
          }
        ],
        "reason": "phase_marker",
        "tree_rss_kib": 143928
      },
      {
        "elapsed_s": 29.1716,
        "processes": [
          {
            "pid": 2968617,
            "rollup_kib": {
              "AnonHugePages": 0,
              "Anonymous": 36588,
              "FilePmdMapped": 0,
              "KSM": 0,
              "LazyFree": 0,
              "Locked": 0,
              "Private_Clean": 72,
              "Private_Dirty": 36588,
              "Private_Hugetlb": 0,
              "Pss": 39319,
              "Pss_Anon": 36588,
              "Pss_Dirty": 36588,
              "Pss_File": 2731,
              "Pss_Shmem": 0,
              "Referenced": 48940,
              "Rss": 48940,
              "Shared_Clean": 12280,
              "Shared_Dirty": 0,
              "Shared_Hugetlb": 0,
              "ShmemPmdMapped": 0,
              "Swap": 0,
              "SwapPss": 0
            },
            "start_ticks": 261180087
          },
          {
            "pid": 2974164,
            "rollup_kib": {
              "AnonHugePages": 0,
              "Anonymous": 1248,
              "FilePmdMapped": 0,
              "KSM": 0,
              "LazyFree": 0,
              "Locked": 0,
              "Private_Clean": 128,
              "Private_Dirty": 1248,
              "Private_Hugetlb": 0,
              "Pss": 3323,
              "Pss_Anon": 1248,
              "Pss_Dirty": 1248,
              "Pss_File": 2075,
              "Pss_Shmem": 0,
              "Referenced": 7612,
              "Rss": 7612,
              "Shared_Clean": 6236,
              "Shared_Dirty": 0,
              "Shared_Hugetlb": 0,
              "ShmemPmdMapped": 0,
              "Swap": 0,
              "SwapPss": 0
            },
            "start_ticks": 261182987
          },
          {
            "pid": 2974165,
            "rollup_kib": {
              "AnonHugePages": 0,
              "Anonymous": 932436,
              "FilePmdMapped": 0,
              "KSM": 0,
              "LazyFree": 0,
              "Locked": 0,
              "Private_Clean": 52,
              "Private_Dirty": 932776,
              "Private_Hugetlb": 0,
              "Pss": 933298,
              "Pss_Anon": 932436,
              "Pss_Dirty": 932776,
              "Pss_File": 862,
              "Pss_Shmem": 0,
              "Referenced": 936776,
              "Rss": 936776,
              "Shared_Clean": 3948,
              "Shared_Dirty": 0,
              "Shared_Hugetlb": 0,
              "ShmemPmdMapped": 0,
              "Swap": 0,
              "SwapPss": 0
            },
            "start_ticks": 261182987
          }
        ],
        "reason": "phase_marker+rss_growth",
        "tree_rss_kib": 993328
      },
      {
        "elapsed_s": 29.6984,
        "processes": [
          {
            "pid": 2968617,
            "rollup_kib": {
              "AnonHugePages": 0,
              "Anonymous": 36588,
              "FilePmdMapped": 0,
              "KSM": 0,
              "LazyFree": 0,
              "Locked": 0,
              "Private_Clean": 72,
              "Private_Dirty": 36588,
              "Private_Hugetlb": 0,
              "Pss": 39318,
              "Pss_Anon": 36588,
              "Pss_Dirty": 36588,
              "Pss_File": 2730,
              "Pss_Shmem": 0,
              "Referenced": 48940,
              "Rss": 48940,
              "Shared_Clean": 12280,
              "Shared_Dirty": 0,
              "Shared_Hugetlb": 0,
              "ShmemPmdMapped": 0,
              "Swap": 0,
              "SwapPss": 0
            },
            "start_ticks": 261180087
          },
          {
            "pid": 2974164,
            "rollup_kib": {
              "AnonHugePages": 0,
              "Anonymous": 1248,
              "FilePmdMapped": 0,
              "KSM": 0,
              "LazyFree": 0,
              "Locked": 0,
              "Private_Clean": 520,
              "Private_Dirty": 1248,
              "Private_Hugetlb": 0,
              "Pss": 3519,
              "Pss_Anon": 1248,
              "Pss_Dirty": 1248,
              "Pss_File": 2271,
              "Pss_Shmem": 0,
              "Referenced": 7612,
              "Rss": 7612,
              "Shared_Clean": 5844,
              "Shared_Dirty": 0,
              "Shared_Hugetlb": 0,
              "ShmemPmdMapped": 0,
              "Swap": 0,
              "SwapPss": 0
            },
            "start_ticks": 261182987
          },
          {
            "pid": 2974165,
            "rollup_kib": {
              "AnonHugePages": 18432,
              "Anonymous": 2129752,
              "FilePmdMapped": 0,
              "KSM": 0,
              "LazyFree": 0,
              "Locked": 0,
              "Private_Clean": 112,
              "Private_Dirty": 2130224,
              "Private_Hugetlb": 0,
              "Pss": 2130827,
              "Pss_Anon": 2129752,
              "Pss_Dirty": 2130224,
              "Pss_File": 1075,
              "Pss_Shmem": 0,
              "Referenced": 2134476,
              "Rss": 2134476,
              "Shared_Clean": 4140,
              "Shared_Dirty": 0,
              "Shared_Hugetlb": 0,
              "ShmemPmdMapped": 0,
              "Swap": 0,
              "SwapPss": 0
            },
            "start_ticks": 261182987
          }
        ],
        "reason": "rss_growth",
        "tree_rss_kib": 2171712
      },
      {
        "elapsed_s": 30.2646,
        "processes": [
          {
            "pid": 2968617,
            "rollup_kib": {
              "AnonHugePages": 0,
              "Anonymous": 36588,
              "FilePmdMapped": 0,
              "KSM": 0,
              "LazyFree": 0,
              "Locked": 0,
              "Private_Clean": 72,
              "Private_Dirty": 36588,
              "Private_Hugetlb": 0,
              "Pss": 39318,
              "Pss_Anon": 36588,
              "Pss_Dirty": 36588,
              "Pss_File": 2730,
              "Pss_Shmem": 0,
              "Referenced": 48940,
              "Rss": 48940,
              "Shared_Clean": 12280,
              "Shared_Dirty": 0,
              "Shared_Hugetlb": 0,
              "ShmemPmdMapped": 0,
              "Swap": 0,
              "SwapPss": 0
            },
            "start_ticks": 261180087
          },
          {
            "pid": 2974164,
            "rollup_kib": {
              "AnonHugePages": 0,
              "Anonymous": 1248,
              "FilePmdMapped": 0,
              "KSM": 0,
              "LazyFree": 0,
              "Locked": 0,
              "Private_Clean": 452,
              "Private_Dirty": 1248,
              "Private_Hugetlb": 0,
              "Pss": 3485,
              "Pss_Anon": 1248,
              "Pss_Dirty": 1248,
              "Pss_File": 2237,
              "Pss_Shmem": 0,
              "Referenced": 7612,
              "Rss": 7612,
              "Shared_Clean": 5912,
              "Shared_Dirty": 0,
              "Shared_Hugetlb": 0,
              "ShmemPmdMapped": 0,
              "Swap": 0,
              "SwapPss": 0
            },
            "start_ticks": 261182987
          },
          {
            "pid": 2974165,
            "rollup_kib": {
              "AnonHugePages": 18432,
              "Anonymous": 2958768,
              "FilePmdMapped": 0,
              "KSM": 0,
              "LazyFree": 0,
              "Locked": 0,
              "Private_Clean": 112,
              "Private_Dirty": 2959240,
              "Private_Hugetlb": 0,
              "Pss": 2959842,
              "Pss_Anon": 2958768,
              "Pss_Dirty": 2959240,
              "Pss_File": 1074,
              "Pss_Shmem": 0,
              "Referenced": 2963492,
              "Rss": 2963492,
              "Shared_Clean": 4140,
              "Shared_Dirty": 0,
              "Shared_Hugetlb": 0,
              "ShmemPmdMapped": 0,
              "Swap": 0,
              "SwapPss": 0
            },
            "start_ticks": 261182987
          }
        ],
        "reason": "rss_growth",
        "tree_rss_kib": 3001972
      },
      {
        "elapsed_s": 30.8586,
        "processes": [
          {
            "pid": 2968617,
            "rollup_kib": {
              "AnonHugePages": 0,
              "Anonymous": 36588,
              "FilePmdMapped": 0,
              "KSM": 0,
              "LazyFree": 0,
              "Locked": 0,
              "Private_Clean": 72,
              "Private_Dirty": 36588,
              "Private_Hugetlb": 0,
              "Pss": 39317,
              "Pss_Anon": 36588,
              "Pss_Dirty": 36588,
              "Pss_File": 2729,
              "Pss_Shmem": 0,
              "Referenced": 48940,
              "Rss": 48940,
              "Shared_Clean": 12280,
              "Shared_Dirty": 0,
              "Shared_Hugetlb": 0,
              "ShmemPmdMapped": 0,
              "Swap": 0,
              "SwapPss": 0
            },
            "start_ticks": 261180087
          },
          {
            "pid": 2974164,
            "rollup_kib": {
              "AnonHugePages": 0,
              "Anonymous": 1248,
              "FilePmdMapped": 0,
              "KSM": 0,
              "LazyFree": 0,
              "Locked": 0,
              "Private_Clean": 520,
              "Private_Dirty": 1248,
              "Private_Hugetlb": 0,
              "Pss": 3518,
              "Pss_Anon": 1248,
              "Pss_Dirty": 1248,
              "Pss_File": 2270,
              "Pss_Shmem": 0,
              "Referenced": 7612,
              "Rss": 7612,
              "Shared_Clean": 5844,
              "Shared_Dirty": 0,
              "Shared_Hugetlb": 0,
              "ShmemPmdMapped": 0,
              "Swap": 0,
              "SwapPss": 0
            },
            "start_ticks": 261182987
          },
          {
            "pid": 2974165,
            "rollup_kib": {
              "AnonHugePages": 18432,
              "Anonymous": 3501700,
              "FilePmdMapped": 0,
              "KSM": 0,
              "LazyFree": 0,
              "Locked": 0,
              "Private_Clean": 112,
              "Private_Dirty": 3502172,
              "Private_Hugetlb": 0,
              "Pss": 3502775,
              "Pss_Anon": 3501700,
              "Pss_Dirty": 3502172,
              "Pss_File": 1075,
              "Pss_Shmem": 0,
              "Referenced": 3506424,
              "Rss": 3506424,
              "Shared_Clean": 4140,
              "Shared_Dirty": 0,
              "Shared_Hugetlb": 0,
              "ShmemPmdMapped": 0,
              "Swap": 0,
              "SwapPss": 0
            },
            "start_ticks": 261182987
          }
        ],
        "reason": "rss_growth",
        "tree_rss_kib": 3546976
      },
      {
        "elapsed_s": 31.4676,
        "processes": [
          {
            "pid": 2968617,
            "rollup_kib": {
              "AnonHugePages": 0,
              "Anonymous": 36588,
              "FilePmdMapped": 0,
              "KSM": 0,
              "LazyFree": 0,
              "Locked": 0,
              "Private_Clean": 72,
              "Private_Dirty": 36588,
              "Private_Hugetlb": 0,
              "Pss": 39318,
              "Pss_Anon": 36588,
              "Pss_Dirty": 36588,
              "Pss_File": 2730,
              "Pss_Shmem": 0,
              "Referenced": 48940,
              "Rss": 48940,
              "Shared_Clean": 12280,
              "Shared_Dirty": 0,
              "Shared_Hugetlb": 0,
              "ShmemPmdMapped": 0,
              "Swap": 0,
              "SwapPss": 0
            },
            "start_ticks": 261180087
          },
          {
            "pid": 2974164,
            "rollup_kib": {
              "AnonHugePages": 0,
              "Anonymous": 1248,
              "FilePmdMapped": 0,
              "KSM": 0,
              "LazyFree": 0,
              "Locked": 0,
              "Private_Clean": 452,
              "Private_Dirty": 1248,
              "Private_Hugetlb": 0,
              "Pss": 3485,
              "Pss_Anon": 1248,
              "Pss_Dirty": 1248,
              "Pss_File": 2237,
              "Pss_Shmem": 0,
              "Referenced": 7612,
              "Rss": 7612,
              "Shared_Clean": 5912,
              "Shared_Dirty": 0,
              "Shared_Hugetlb": 0,
              "ShmemPmdMapped": 0,
              "Swap": 0,
              "SwapPss": 0
            },
            "start_ticks": 261182987
          },
          {
            "pid": 2974165,
            "rollup_kib": {
              "AnonHugePages": 18432,
              "Anonymous": 3866228,
              "FilePmdMapped": 0,
              "KSM": 0,
              "LazyFree": 0,
              "Locked": 0,
              "Private_Clean": 112,
              "Private_Dirty": 3866700,
              "Private_Hugetlb": 0,
              "Pss": 3867303,
              "Pss_Anon": 3866228,
              "Pss_Dirty": 3866700,
              "Pss_File": 1075,
              "Pss_Shmem": 0,
              "Referenced": 3870952,
              "Rss": 3870952,
              "Shared_Clean": 4140,
              "Shared_Dirty": 0,
              "Shared_Hugetlb": 0,
              "ShmemPmdMapped": 0,
              "Swap": 0,
              "SwapPss": 0
            },
            "start_ticks": 261182987
          }
        ],
        "reason": "rss_growth",
        "tree_rss_kib": 3915836
      },
      {
        "elapsed_s": 32.5876,
        "processes": [
          {
            "pid": 2968617,
            "rollup_kib": {
              "AnonHugePages": 0,
              "Anonymous": 36588,
              "FilePmdMapped": 0,
              "KSM": 0,
              "LazyFree": 0,
              "Locked": 0,
              "Private_Clean": 72,
              "Private_Dirty": 36588,
              "Private_Hugetlb": 0,
              "Pss": 39317,
              "Pss_Anon": 36588,
              "Pss_Dirty": 36588,
              "Pss_File": 2729,
              "Pss_Shmem": 0,
              "Referenced": 48940,
              "Rss": 48940,
              "Shared_Clean": 12280,
              "Shared_Dirty": 0,
              "Shared_Hugetlb": 0,
              "ShmemPmdMapped": 0,
              "Swap": 0,
              "SwapPss": 0
            },
            "start_ticks": 261180087
          },
          {
            "pid": 2974164,
            "rollup_kib": {
              "AnonHugePages": 0,
              "Anonymous": 1248,
              "FilePmdMapped": 0,
              "KSM": 0,
              "LazyFree": 0,
              "Locked": 0,
              "Private_Clean": 252,
              "Private_Dirty": 1248,
              "Private_Hugetlb": 0,
              "Pss": 3384,
              "Pss_Anon": 1248,
              "Pss_Dirty": 1248,
              "Pss_File": 2136,
              "Pss_Shmem": 0,
              "Referenced": 7612,
              "Rss": 7612,
              "Shared_Clean": 6112,
              "Shared_Dirty": 0,
              "Shared_Hugetlb": 0,
              "ShmemPmdMapped": 0,
              "Swap": 0,
              "SwapPss": 0
            },
            "start_ticks": 261182987
          },
          {
            "pid": 2974165,
            "rollup_kib": {
              "AnonHugePages": 18432,
              "Anonymous": 4274504,
              "FilePmdMapped": 0,
              "KSM": 0,
              "LazyFree": 0,
              "Locked": 0,
              "Private_Clean": 112,
              "Private_Dirty": 4274976,
              "Private_Hugetlb": 0,
              "Pss": 4275578,
              "Pss_Anon": 4274504,
              "Pss_Dirty": 4274976,
              "Pss_File": 1074,
              "Pss_Shmem": 0,
              "Referenced": 4279228,
              "Rss": 4279228,
              "Shared_Clean": 4140,
              "Shared_Dirty": 0,
              "Shared_Hugetlb": 0,
              "ShmemPmdMapped": 0,
              "Swap": 0,
              "SwapPss": 0
            },
            "start_ticks": 261182987
          }
        ],
        "reason": "rss_growth",
        "tree_rss_kib": 4329924
      },
      {
        "elapsed_s": 34.2206,
        "processes": [
          {
            "pid": 2968617,
            "rollup_kib": {
              "AnonHugePages": 0,
              "Anonymous": 36588,
              "FilePmdMapped": 0,
              "KSM": 0,
              "LazyFree": 0,
              "Locked": 0,
              "Private_Clean": 72,
              "Private_Dirty": 36588,
              "Private_Hugetlb": 0,
              "Pss": 39317,
              "Pss_Anon": 36588,
              "Pss_Dirty": 36588,
              "Pss_File": 2729,
              "Pss_Shmem": 0,
              "Referenced": 48940,
              "Rss": 48940,
              "Shared_Clean": 12280,
              "Shared_Dirty": 0,
              "Shared_Hugetlb": 0,
              "ShmemPmdMapped": 0,
              "Swap": 0,
              "SwapPss": 0
            },
            "start_ticks": 261180087
          },
          {
            "pid": 2974164,
            "rollup_kib": {
              "AnonHugePages": 0,
              "Anonymous": 1248,
              "FilePmdMapped": 0,
              "KSM": 0,
              "LazyFree": 0,
              "Locked": 0,
              "Private_Clean": 252,
              "Private_Dirty": 1248,
              "Private_Hugetlb": 0,
              "Pss": 3384,
              "Pss_Anon": 1248,
              "Pss_Dirty": 1248,
              "Pss_File": 2136,
              "Pss_Shmem": 0,
              "Referenced": 7612,
              "Rss": 7612,
              "Shared_Clean": 6112,
              "Shared_Dirty": 0,
              "Shared_Hugetlb": 0,
              "ShmemPmdMapped": 0,
              "Swap": 0,
              "SwapPss": 0
            },
            "start_ticks": 261182987
          },
          {
            "pid": 2974165,
            "rollup_kib": {
              "AnonHugePages": 18432,
              "Anonymous": 4582668,
              "FilePmdMapped": 0,
              "KSM": 0,
              "LazyFree": 0,
              "Locked": 0,
              "Private_Clean": 112,
              "Private_Dirty": 4583140,
              "Private_Hugetlb": 0,
              "Pss": 4583742,
              "Pss_Anon": 4582668,
              "Pss_Dirty": 4583140,
              "Pss_File": 1074,
              "Pss_Shmem": 0,
              "Referenced": 4587392,
              "Rss": 4587392,
              "Shared_Clean": 4140,
              "Shared_Dirty": 0,
              "Shared_Hugetlb": 0,
              "ShmemPmdMapped": 0,
              "Swap": 0,
              "SwapPss": 0
            },
            "start_ticks": 261182987
          }
        ],
        "reason": "rss_growth",
        "tree_rss_kib": 4639592
      },
      {
        "elapsed_s": 37.8666,
        "processes": [
          {
            "pid": 2968617,
            "rollup_kib": {
              "AnonHugePages": 0,
              "Anonymous": 36588,
              "FilePmdMapped": 0,
              "KSM": 0,
              "LazyFree": 0,
              "Locked": 0,
              "Private_Clean": 72,
              "Private_Dirty": 36588,
              "Private_Hugetlb": 0,
              "Pss": 39328,
              "Pss_Anon": 36588,
              "Pss_Dirty": 36588,
              "Pss_File": 2740,
              "Pss_Shmem": 0,
              "Referenced": 48940,
              "Rss": 48940,
              "Shared_Clean": 12280,
              "Shared_Dirty": 0,
              "Shared_Hugetlb": 0,
              "ShmemPmdMapped": 0,
              "Swap": 0,
              "SwapPss": 0
            },
            "start_ticks": 261180087
          },
          {
            "pid": 2974164,
            "rollup_kib": {
              "AnonHugePages": 0,
              "Anonymous": 1248,
              "FilePmdMapped": 0,
              "KSM": 0,
              "LazyFree": 0,
              "Locked": 0,
              "Private_Clean": 3612,
              "Private_Dirty": 1248,
              "Private_Hugetlb": 0,
              "Pss": 5079,
              "Pss_Anon": 1248,
              "Pss_Dirty": 1248,
              "Pss_File": 3831,
              "Pss_Shmem": 0,
              "Referenced": 7612,
              "Rss": 7612,
              "Shared_Clean": 2752,
              "Shared_Dirty": 0,
              "Shared_Hugetlb": 0,
              "ShmemPmdMapped": 0,
              "Swap": 0,
              "SwapPss": 0
            },
            "start_ticks": 261182987
          },
          {
            "pid": 2974165,
            "rollup_kib": {
              "AnonHugePages": 18432,
              "Anonymous": 4852576,
              "FilePmdMapped": 0,
              "KSM": 0,
              "LazyFree": 0,
              "Locked": 0,
              "Private_Clean": 112,
              "Private_Dirty": 4853048,
              "Private_Hugetlb": 0,
              "Pss": 4853652,
              "Pss_Anon": 4852576,
              "Pss_Dirty": 4853048,
              "Pss_File": 1076,
              "Pss_Shmem": 0,
              "Referenced": 4857300,
              "Rss": 4857300,
              "Shared_Clean": 4140,
              "Shared_Dirty": 0,
              "Shared_Hugetlb": 0,
              "ShmemPmdMapped": 0,
              "Swap": 0,
              "SwapPss": 0
            },
            "start_ticks": 261182987
          }
        ],
        "reason": "rss_growth",
        "tree_rss_kib": 4912808
      },
      {
        "elapsed_s": 40.0212,
        "processes": [
          {
            "pid": 2968617,
            "rollup_kib": {
              "AnonHugePages": 0,
              "Anonymous": 36588,
              "FilePmdMapped": 0,
              "KSM": 0,
              "LazyFree": 0,
              "Locked": 0,
              "Private_Clean": 72,
              "Private_Dirty": 36588,
              "Private_Hugetlb": 0,
              "Pss": 39318,
              "Pss_Anon": 36588,
              "Pss_Dirty": 36588,
              "Pss_File": 2730,
              "Pss_Shmem": 0,
              "Referenced": 48940,
              "Rss": 48940,
              "Shared_Clean": 12280,
              "Shared_Dirty": 0,
              "Shared_Hugetlb": 0,
              "ShmemPmdMapped": 0,
              "Swap": 0,
              "SwapPss": 0
            },
            "start_ticks": 261180087
          },
          {
            "pid": 2974164,
            "rollup_kib": {
              "AnonHugePages": 0,
              "Anonymous": 1248,
              "FilePmdMapped": 0,
              "KSM": 0,
              "LazyFree": 0,
              "Locked": 0,
              "Private_Clean": 436,
              "Private_Dirty": 1248,
              "Private_Hugetlb": 0,
              "Pss": 3477,
              "Pss_Anon": 1248,
              "Pss_Dirty": 1248,
              "Pss_File": 2229,
              "Pss_Shmem": 0,
              "Referenced": 7612,
              "Rss": 7612,
              "Shared_Clean": 5928,
              "Shared_Dirty": 0,
              "Shared_Hugetlb": 0,
              "ShmemPmdMapped": 0,
              "Swap": 0,
              "SwapPss": 0
            },
            "start_ticks": 261182987
          },
          {
            "pid": 2974165,
            "rollup_kib": {
              "AnonHugePages": 18432,
              "Anonymous": 5152328,
              "FilePmdMapped": 0,
              "KSM": 0,
              "LazyFree": 0,
              "Locked": 0,
              "Private_Clean": 112,
              "Private_Dirty": 5152984,
              "Private_Hugetlb": 0,
              "Pss": 5153596,
              "Pss_Anon": 5152328,
              "Pss_Dirty": 5152984,
              "Pss_File": 1268,
              "Pss_Shmem": 0,
              "Referenced": 5157236,
              "Rss": 5157236,
              "Shared_Clean": 4140,
              "Shared_Dirty": 0,
              "Shared_Hugetlb": 0,
              "ShmemPmdMapped": 0,
              "Swap": 0,
              "SwapPss": 0
            },
            "start_ticks": 261182987
          }
        ],
        "reason": "rss_growth",
        "tree_rss_kib": 5213168
      },
      {
        "elapsed_s": 45.1416,
        "processes": [
          {
            "pid": 2968617,
            "rollup_kib": {
              "AnonHugePages": 0,
              "Anonymous": 36588,
              "FilePmdMapped": 0,
              "KSM": 0,
              "LazyFree": 0,
              "Locked": 0,
              "Private_Clean": 72,
              "Private_Dirty": 36588,
              "Private_Hugetlb": 0,
              "Pss": 39318,
              "Pss_Anon": 36588,
              "Pss_Dirty": 36588,
              "Pss_File": 2730,
              "Pss_Shmem": 0,
              "Referenced": 48940,
              "Rss": 48940,
              "Shared_Clean": 12280,
              "Shared_Dirty": 0,
              "Shared_Hugetlb": 0,
              "ShmemPmdMapped": 0,
              "Swap": 0,
              "SwapPss": 0
            },
            "start_ticks": 261180087
          },
          {
            "pid": 2974164,
            "rollup_kib": {
              "AnonHugePages": 0,
              "Anonymous": 1248,
              "FilePmdMapped": 0,
              "KSM": 0,
              "LazyFree": 0,
              "Locked": 0,
              "Private_Clean": 384,
              "Private_Dirty": 1248,
              "Private_Hugetlb": 0,
              "Pss": 3451,
              "Pss_Anon": 1248,
              "Pss_Dirty": 1248,
              "Pss_File": 2203,
              "Pss_Shmem": 0,
              "Referenced": 7612,
              "Rss": 7612,
              "Shared_Clean": 5980,
              "Shared_Dirty": 0,
              "Shared_Hugetlb": 0,
              "ShmemPmdMapped": 0,
              "Swap": 0,
              "SwapPss": 0
            },
            "start_ticks": 261182987
          },
          {
            "pid": 2974165,
            "rollup_kib": {
              "AnonHugePages": 18432,
              "Anonymous": 5422748,
              "FilePmdMapped": 0,
              "KSM": 0,
              "LazyFree": 0,
              "Locked": 0,
              "Private_Clean": 136,
              "Private_Dirty": 5424036,
              "Private_Hugetlb": 0,
              "Pss": 5424662,
              "Pss_Anon": 5422748,
              "Pss_Dirty": 5424036,
              "Pss_File": 1914,
              "Pss_Shmem": 0,
              "Referenced": 5428312,
              "Rss": 5428312,
              "Shared_Clean": 4140,
              "Shared_Dirty": 0,
              "Shared_Hugetlb": 0,
              "ShmemPmdMapped": 0,
              "Swap": 0,
              "SwapPss": 0
            },
            "start_ticks": 261182987
          }
        ],
        "reason": "rss_growth",
        "tree_rss_kib": 5484368
      },
      {
        "elapsed_s": 72.3736,
        "processes": [
          {
            "pid": 2968617,
            "rollup_kib": {
              "AnonHugePages": 0,
              "Anonymous": 36588,
              "FilePmdMapped": 0,
              "KSM": 0,
              "LazyFree": 0,
              "Locked": 0,
              "Private_Clean": 72,
              "Private_Dirty": 36588,
              "Private_Hugetlb": 0,
              "Pss": 39318,
              "Pss_Anon": 36588,
              "Pss_Dirty": 36588,
              "Pss_File": 2730,
              "Pss_Shmem": 0,
              "Referenced": 48940,
              "Rss": 48940,
              "Shared_Clean": 12280,
              "Shared_Dirty": 0,
              "Shared_Hugetlb": 0,
              "ShmemPmdMapped": 0,
              "Swap": 0,
              "SwapPss": 0
            },
            "start_ticks": 261180087
          },
          {
            "pid": 2974164,
            "rollup_kib": {
              "AnonHugePages": 0,
              "Anonymous": 1248,
              "FilePmdMapped": 0,
              "KSM": 0,
              "LazyFree": 0,
              "Locked": 0,
              "Private_Clean": 372,
              "Private_Dirty": 1248,
              "Private_Hugetlb": 0,
              "Pss": 3445,
              "Pss_Anon": 1248,
              "Pss_Dirty": 1248,
              "Pss_File": 2197,
              "Pss_Shmem": 0,
              "Referenced": 7612,
              "Rss": 7612,
              "Shared_Clean": 5992,
              "Shared_Dirty": 0,
              "Shared_Hugetlb": 0,
              "ShmemPmdMapped": 0,
              "Swap": 0,
              "SwapPss": 0
            },
            "start_ticks": 261182987
          },
          {
            "pid": 2974165,
            "rollup_kib": {
              "AnonHugePages": 18432,
              "Anonymous": 5682592,
              "FilePmdMapped": 0,
              "KSM": 0,
              "LazyFree": 0,
              "Locked": 0,
              "Private_Clean": 780,
              "Private_Dirty": 5686960,
              "Private_Hugetlb": 0,
              "Pss": 5688230,
              "Pss_Anon": 5682592,
              "Pss_Dirty": 5686960,
              "Pss_File": 5638,
              "Pss_Shmem": 0,
              "Referenced": 5691880,
              "Rss": 5691880,
              "Shared_Clean": 4140,
              "Shared_Dirty": 0,
              "Shared_Hugetlb": 0,
              "ShmemPmdMapped": 0,
              "Swap": 0,
              "SwapPss": 0
            },
            "start_ticks": 261182987
          }
        ],
        "reason": "rss_growth",
        "tree_rss_kib": 5748388
      },
      {
        "elapsed_s": 153.9426,
        "processes": [
          {
            "pid": 2968617,
            "rollup_kib": {
              "AnonHugePages": 0,
              "Anonymous": 36588,
              "FilePmdMapped": 0,
              "KSM": 0,
              "LazyFree": 0,
              "Locked": 0,
              "Private_Clean": 88,
              "Private_Dirty": 36588,
              "Private_Hugetlb": 0,
              "Pss": 39340,
              "Pss_Anon": 36588,
              "Pss_Dirty": 36588,
              "Pss_File": 2752,
              "Pss_Shmem": 0,
              "Referenced": 48940,
              "Rss": 48940,
              "Shared_Clean": 12264,
              "Shared_Dirty": 0,
              "Shared_Hugetlb": 0,
              "ShmemPmdMapped": 0,
              "Swap": 0,
              "SwapPss": 0
            },
            "start_ticks": 261180087
          },
          {
            "pid": 2996313,
            "rollup_kib": {
              "AnonHugePages": 0,
              "Anonymous": 1244,
              "FilePmdMapped": 0,
              "KSM": 0,
              "LazyFree": 0,
              "Locked": 0,
              "Private_Clean": 3620,
              "Private_Dirty": 1244,
              "Private_Hugetlb": 0,
              "Pss": 5087,
              "Pss_Anon": 1244,
              "Pss_Dirty": 1244,
              "Pss_File": 3843,
              "Pss_Shmem": 0,
              "Referenced": 7616,
              "Rss": 7616,
              "Shared_Clean": 2752,
              "Shared_Dirty": 0,
              "Shared_Hugetlb": 0,
              "ShmemPmdMapped": 0,
              "Swap": 0,
              "SwapPss": 0
            },
            "start_ticks": 261195439
          },
          {
            "pid": 2996314,
            "rollup_kib": {
              "AnonHugePages": 16384,
              "Anonymous": 1184824,
              "FilePmdMapped": 0,
              "KSM": 0,
              "LazyFree": 0,
              "Locked": 0,
              "Private_Clean": 400,
              "Private_Dirty": 1184824,
              "Private_Hugetlb": 0,
              "Pss": 1185685,
              "Pss_Anon": 1184824,
              "Pss_Dirty": 1184824,
              "Pss_File": 861,
              "Pss_Shmem": 0,
              "Referenced": 1189068,
              "Rss": 1189068,
              "Shared_Clean": 3844,
              "Shared_Dirty": 0,
              "Shared_Hugetlb": 0,
              "ShmemPmdMapped": 0,
              "Swap": 0,
              "SwapPss": 0
            },
            "start_ticks": 261195440
          }
        ],
        "reason": "phase_marker",
        "tree_rss_kib": 1245624
      },
      {
        "elapsed_s": 277.1505,
        "processes": [
          {
            "pid": 2968617,
            "rollup_kib": {
              "AnonHugePages": 0,
              "Anonymous": 36588,
              "FilePmdMapped": 0,
              "KSM": 0,
              "LazyFree": 0,
              "Locked": 0,
              "Private_Clean": 88,
              "Private_Dirty": 36588,
              "Private_Hugetlb": 0,
              "Pss": 39339,
              "Pss_Anon": 36588,
              "Pss_Dirty": 36588,
              "Pss_File": 2751,
              "Pss_Shmem": 0,
              "Referenced": 48940,
              "Rss": 48940,
              "Shared_Clean": 12264,
              "Shared_Dirty": 0,
              "Shared_Hugetlb": 0,
              "ShmemPmdMapped": 0,
              "Swap": 0,
              "SwapPss": 0
            },
            "start_ticks": 261180087
          },
          {
            "pid": 3018268,
            "rollup_kib": {
              "AnonHugePages": 0,
              "Anonymous": 1248,
              "FilePmdMapped": 0,
              "KSM": 0,
              "LazyFree": 0,
              "Locked": 0,
              "Private_Clean": 3908,
              "Private_Dirty": 1248,
              "Private_Hugetlb": 0,
              "Pss": 5377,
              "Pss_Anon": 1248,
              "Pss_Dirty": 1248,
              "Pss_File": 4129,
              "Pss_Shmem": 0,
              "Referenced": 7888,
              "Rss": 7888,
              "Shared_Clean": 2732,
              "Shared_Dirty": 0,
              "Shared_Hugetlb": 0,
              "ShmemPmdMapped": 0,
              "Swap": 0,
              "SwapPss": 0
            },
            "start_ticks": 261207772
          },
          {
            "pid": 3018269,
            "rollup_kib": {
              "AnonHugePages": 0,
              "Anonymous": 1157852,
              "FilePmdMapped": 0,
              "KSM": 0,
              "LazyFree": 0,
              "Locked": 0,
              "Private_Clean": 456,
              "Private_Dirty": 1157852,
              "Private_Hugetlb": 0,
              "Pss": 1158778,
              "Pss_Anon": 1157852,
              "Pss_Dirty": 1157852,
              "Pss_File": 926,
              "Pss_Shmem": 0,
              "Referenced": 1162272,
              "Rss": 1162272,
              "Shared_Clean": 3964,
              "Shared_Dirty": 0,
              "Shared_Hugetlb": 0,
              "ShmemPmdMapped": 0,
              "Swap": 0,
              "SwapPss": 0
            },
            "start_ticks": 261207773
          }
        ],
        "reason": "phase_marker",
        "tree_rss_kib": 1219100
      },
      {
        "elapsed_s": 400.4335,
        "processes": [
          {
            "pid": 2968617,
            "rollup_kib": {
              "AnonHugePages": 0,
              "Anonymous": 36588,
              "FilePmdMapped": 0,
              "KSM": 0,
              "LazyFree": 0,
              "Locked": 0,
              "Private_Clean": 88,
              "Private_Dirty": 36588,
              "Private_Hugetlb": 0,
              "Pss": 39364,
              "Pss_Anon": 36588,
              "Pss_Dirty": 36588,
              "Pss_File": 2776,
              "Pss_Shmem": 0,
              "Referenced": 48940,
              "Rss": 48940,
              "Shared_Clean": 12264,
              "Shared_Dirty": 0,
              "Shared_Hugetlb": 0,
              "ShmemPmdMapped": 0,
              "Swap": 0,
              "SwapPss": 0
            },
            "start_ticks": 261180087
          }
        ],
        "reason": "phase_marker",
        "tree_rss_kib": 48940
      },
      {
        "elapsed_s": 400.9366,
        "processes": [
          {
            "pid": 2968617,
            "rollup_kib": {
              "AnonHugePages": 0,
              "Anonymous": 36592,
              "FilePmdMapped": 0,
              "KSM": 0,
              "LazyFree": 0,
              "Locked": 0,
              "Private_Clean": 88,
              "Private_Dirty": 36592,
              "Private_Hugetlb": 0,
              "Pss": 39327,
              "Pss_Anon": 36592,
              "Pss_Dirty": 36592,
              "Pss_File": 2735,
              "Pss_Shmem": 0,
              "Referenced": 48944,
              "Rss": 48944,
              "Shared_Clean": 12264,
              "Shared_Dirty": 0,
              "Shared_Hugetlb": 0,
              "ShmemPmdMapped": 0,
              "Swap": 0,
              "SwapPss": 0
            },
            "start_ticks": 261180087
          },
          {
            "pid": 3040157,
            "rollup_kib": {
              "AnonHugePages": 0,
              "Anonymous": 1248,
              "FilePmdMapped": 0,
              "KSM": 0,
              "LazyFree": 0,
              "Locked": 0,
              "Private_Clean": 256,
              "Private_Dirty": 1248,
              "Private_Hugetlb": 0,
              "Pss": 3478,
              "Pss_Anon": 1248,
              "Pss_Dirty": 1248,
              "Pss_File": 2230,
              "Pss_Shmem": 0,
              "Referenced": 7784,
              "Rss": 7784,
              "Shared_Clean": 6280,
              "Shared_Dirty": 0,
              "Shared_Hugetlb": 0,
              "ShmemPmdMapped": 0,
              "Swap": 0,
              "SwapPss": 0
            },
            "start_ticks": 261220144
          },
          {
            "pid": 3040158,
            "rollup_kib": {
              "AnonHugePages": 0,
              "Anonymous": 384,
              "FilePmdMapped": 0,
              "KSM": 0,
              "LazyFree": 0,
              "Locked": 0,
              "Private_Clean": 276,
              "Private_Dirty": 384,
              "Private_Hugetlb": 0,
              "Pss": 778,
              "Pss_Anon": 384,
              "Pss_Dirty": 384,
              "Pss_File": 394,
              "Pss_Shmem": 0,
              "Referenced": 2616,
              "Rss": 2616,
              "Shared_Clean": 1956,
              "Shared_Dirty": 0,
              "Shared_Hugetlb": 0,
              "ShmemPmdMapped": 0,
              "Swap": 0,
              "SwapPss": 0
            },
            "start_ticks": 261220145
          },
          {
            "pid": 3040160,
            "rollup_kib": {
              "AnonHugePages": 0,
              "Anonymous": 284,
              "FilePmdMapped": 0,
              "KSM": 0,
              "LazyFree": 0,
              "Locked": 0,
              "Private_Clean": 1004,
              "Private_Dirty": 284,
              "Private_Hugetlb": 0,
              "Pss": 1398,
              "Pss_Anon": 284,
              "Pss_Dirty": 284,
              "Pss_File": 1114,
              "Pss_Shmem": 0,
              "Referenced": 3128,
              "Rss": 3128,
              "Shared_Clean": 1840,
              "Shared_Dirty": 0,
              "Shared_Hugetlb": 0,
              "ShmemPmdMapped": 0,
              "Swap": 0,
              "SwapPss": 0
            },
            "start_ticks": 261220145
          },
          {
            "pid": 3040223,
            "rollup_kib": {
              "AnonHugePages": 0,
              "Anonymous": 31416,
              "FilePmdMapped": 0,
              "KSM": 0,
              "LazyFree": 0,
              "Locked": 0,
              "Private_Clean": 6924,
              "Private_Dirty": 31416,
              "Private_Hugetlb": 0,
              "Pss": 38622,
              "Pss_Anon": 31416,
              "Pss_Dirty": 31416,
              "Pss_File": 7206,
              "Pss_Shmem": 0,
              "Referenced": 41256,
              "Rss": 41256,
              "Shared_Clean": 2916,
              "Shared_Dirty": 0,
              "Shared_Hugetlb": 0,
              "ShmemPmdMapped": 0,
              "Swap": 0,
              "SwapPss": 0
            },
            "start_ticks": 261220177
          }
        ],
        "reason": "phase_marker",
        "tree_rss_kib": 98028
      },
      {
        "elapsed_s": 414.0316,
        "processes": [
          {
            "pid": 2968617,
            "rollup_kib": {
              "AnonHugePages": 0,
              "Anonymous": 36592,
              "FilePmdMapped": 0,
              "KSM": 0,
              "LazyFree": 0,
              "Locked": 0,
              "Private_Clean": 88,
              "Private_Dirty": 36592,
              "Private_Hugetlb": 0,
              "Pss": 39330,
              "Pss_Anon": 36592,
              "Pss_Dirty": 36592,
              "Pss_File": 2738,
              "Pss_Shmem": 0,
              "Referenced": 48944,
              "Rss": 48944,
              "Shared_Clean": 12264,
              "Shared_Dirty": 0,
              "Shared_Hugetlb": 0,
              "ShmemPmdMapped": 0,
              "Swap": 0,
              "SwapPss": 0
            },
            "start_ticks": 261180087
          },
          {
            "pid": 3042716,
            "rollup_kib": {
              "AnonHugePages": 0,
              "Anonymous": 1248,
              "FilePmdMapped": 0,
              "KSM": 0,
              "LazyFree": 0,
              "Locked": 0,
              "Private_Clean": 544,
              "Private_Dirty": 1248,
              "Private_Hugetlb": 0,
              "Pss": 3594,
              "Pss_Anon": 1248,
              "Pss_Dirty": 1248,
              "Pss_File": 2346,
              "Pss_Shmem": 0,
              "Referenced": 7728,
              "Rss": 7728,
              "Shared_Clean": 5936,
              "Shared_Dirty": 0,
              "Shared_Hugetlb": 0,
              "ShmemPmdMapped": 0,
              "Swap": 0,
              "SwapPss": 0
            },
            "start_ticks": 261221479
          },
          {
            "pid": 3042717,
            "rollup_kib": {
              "AnonHugePages": 0,
              "Anonymous": 384,
              "FilePmdMapped": 0,
              "KSM": 0,
              "LazyFree": 0,
              "Locked": 0,
              "Private_Clean": 276,
              "Private_Dirty": 384,
              "Private_Hugetlb": 0,
              "Pss": 779,
              "Pss_Anon": 384,
              "Pss_Dirty": 384,
              "Pss_File": 395,
              "Pss_Shmem": 0,
              "Referenced": 2620,
              "Rss": 2620,
              "Shared_Clean": 1960,
              "Shared_Dirty": 0,
              "Shared_Hugetlb": 0,
              "ShmemPmdMapped": 0,
              "Swap": 0,
              "SwapPss": 0
            },
            "start_ticks": 261221479
          },
          {
            "pid": 3042719,
            "rollup_kib": {
              "AnonHugePages": 0,
              "Anonymous": 280,
              "FilePmdMapped": 0,
              "KSM": 0,
              "LazyFree": 0,
              "Locked": 0,
              "Private_Clean": 1004,
              "Private_Dirty": 280,
              "Private_Hugetlb": 0,
              "Pss": 1393,
              "Pss_Anon": 280,
              "Pss_Dirty": 280,
              "Pss_File": 1113,
              "Pss_Shmem": 0,
              "Referenced": 3120,
              "Rss": 3120,
              "Shared_Clean": 1836,
              "Shared_Dirty": 0,
              "Shared_Hugetlb": 0,
              "ShmemPmdMapped": 0,
              "Swap": 0,
              "SwapPss": 0
            },
            "start_ticks": 261221480
          },
          {
            "pid": 3042720,
            "rollup_kib": {
              "AnonHugePages": 0,
              "Anonymous": 68044,
              "FilePmdMapped": 0,
              "KSM": 0,
              "LazyFree": 0,
              "Locked": 0,
              "Private_Clean": 14724,
              "Private_Dirty": 68044,
              "Private_Hugetlb": 0,
              "Pss": 83045,
              "Pss_Anon": 68044,
              "Pss_Dirty": 68044,
              "Pss_File": 15001,
              "Pss_Shmem": 0,
              "Referenced": 85664,
              "Rss": 85664,
              "Shared_Clean": 2896,
              "Shared_Dirty": 0,
              "Shared_Hugetlb": 0,
              "ShmemPmdMapped": 0,
              "Swap": 0,
              "SwapPss": 0
            },
            "start_ticks": 261221480
          }
        ],
        "reason": "phase_marker",
        "tree_rss_kib": 146316
      },
      {
        "elapsed_s": 427.128,
        "processes": [
          {
            "pid": 2968617,
            "rollup_kib": {
              "AnonHugePages": 0,
              "Anonymous": 36592,
              "FilePmdMapped": 0,
              "KSM": 0,
              "LazyFree": 0,
              "Locked": 0,
              "Private_Clean": 88,
              "Private_Dirty": 36592,
              "Private_Hugetlb": 0,
              "Pss": 39363,
              "Pss_Anon": 36592,
              "Pss_Dirty": 36592,
              "Pss_File": 2771,
              "Pss_Shmem": 0,
              "Referenced": 48944,
              "Rss": 48944,
              "Shared_Clean": 12264,
              "Shared_Dirty": 0,
              "Shared_Hugetlb": 0,
              "ShmemPmdMapped": 0,
              "Swap": 0,
              "SwapPss": 0
            },
            "start_ticks": 261180087
          },
          {
            "pid": 3045133,
            "rollup_kib": {
              "AnonHugePages": 0,
              "Anonymous": 1248,
              "FilePmdMapped": 0,
              "KSM": 0,
              "LazyFree": 0,
              "Locked": 0,
              "Private_Clean": 3728,
              "Private_Dirty": 1248,
              "Private_Hugetlb": 0,
              "Pss": 5210,
              "Pss_Anon": 1248,
              "Pss_Dirty": 1248,
              "Pss_File": 3962,
              "Pss_Shmem": 0,
              "Referenced": 7740,
              "Rss": 7740,
              "Shared_Clean": 2764,
              "Shared_Dirty": 0,
              "Shared_Hugetlb": 0,
              "ShmemPmdMapped": 0,
              "Swap": 0,
              "SwapPss": 0
            },
            "start_ticks": 261222792
          }
        ],
        "reason": "phase_marker",
        "tree_rss_kib": 56684
      },
      {
        "elapsed_s": 427.6326,
        "processes": [
          {
            "pid": 2968617,
            "rollup_kib": {
              "AnonHugePages": 0,
              "Anonymous": 36592,
              "FilePmdMapped": 0,
              "KSM": 0,
              "LazyFree": 0,
              "Locked": 0,
              "Private_Clean": 72,
              "Private_Dirty": 36592,
              "Private_Hugetlb": 0,
              "Pss": 39322,
              "Pss_Anon": 36592,
              "Pss_Dirty": 36592,
              "Pss_File": 2730,
              "Pss_Shmem": 0,
              "Referenced": 48944,
              "Rss": 48944,
              "Shared_Clean": 12280,
              "Shared_Dirty": 0,
              "Shared_Hugetlb": 0,
              "ShmemPmdMapped": 0,
              "Swap": 0,
              "SwapPss": 0
            },
            "start_ticks": 261180087
          },
          {
            "pid": 3045149,
            "rollup_kib": {
              "AnonHugePages": 0,
              "Anonymous": 1248,
              "FilePmdMapped": 0,
              "KSM": 0,
              "LazyFree": 0,
              "Locked": 0,
              "Private_Clean": 420,
              "Private_Dirty": 1248,
              "Private_Hugetlb": 0,
              "Pss": 3422,
              "Pss_Anon": 1248,
              "Pss_Dirty": 1248,
              "Pss_File": 2174,
              "Pss_Shmem": 0,
              "Referenced": 7484,
              "Rss": 7484,
              "Shared_Clean": 5816,
              "Shared_Dirty": 0,
              "Shared_Hugetlb": 0,
              "ShmemPmdMapped": 0,
              "Swap": 0,
              "SwapPss": 0
            },
            "start_ticks": 261222804
          },
          {
            "pid": 3045150,
            "rollup_kib": {
              "AnonHugePages": 18432,
              "Anonymous": 1309908,
              "FilePmdMapped": 0,
              "KSM": 0,
              "LazyFree": 0,
              "Locked": 0,
              "Private_Clean": 56,
              "Private_Dirty": 1310336,
              "Private_Hugetlb": 0,
              "Pss": 1310873,
              "Pss_Anon": 1309908,
              "Pss_Dirty": 1310336,
              "Pss_File": 965,
              "Pss_Shmem": 0,
              "Referenced": 1314404,
              "Rss": 1314404,
              "Shared_Clean": 4012,
              "Shared_Dirty": 0,
              "Shared_Hugetlb": 0,
              "ShmemPmdMapped": 0,
              "Swap": 0,
              "SwapPss": 0
            },
            "start_ticks": 261222804
          }
        ],
        "reason": "phase_marker",
        "tree_rss_kib": 1370832
      },
      {
        "elapsed_s": 550.9886,
        "processes": [
          {
            "pid": 2968617,
            "rollup_kib": {
              "AnonHugePages": 0,
              "Anonymous": 36592,
              "FilePmdMapped": 0,
              "KSM": 0,
              "LazyFree": 0,
              "Locked": 0,
              "Private_Clean": 68,
              "Private_Dirty": 36592,
              "Private_Hugetlb": 0,
              "Pss": 39319,
              "Pss_Anon": 36592,
              "Pss_Dirty": 36592,
              "Pss_File": 2727,
              "Pss_Shmem": 0,
              "Referenced": 48944,
              "Rss": 48944,
              "Shared_Clean": 12284,
              "Shared_Dirty": 0,
              "Shared_Hugetlb": 0,
              "ShmemPmdMapped": 0,
              "Swap": 0,
              "SwapPss": 0
            },
            "start_ticks": 261180087
          },
          {
            "pid": 3066963,
            "rollup_kib": {
              "AnonHugePages": 0,
              "Anonymous": 1252,
              "FilePmdMapped": 0,
              "KSM": 0,
              "LazyFree": 0,
              "Locked": 0,
              "Private_Clean": 64,
              "Private_Dirty": 1252,
              "Private_Hugetlb": 0,
              "Pss": 3372,
              "Pss_Anon": 1252,
              "Pss_Dirty": 1252,
              "Pss_File": 2120,
              "Pss_Shmem": 0,
              "Referenced": 7768,
              "Rss": 7768,
              "Shared_Clean": 6452,
              "Shared_Dirty": 0,
              "Shared_Hugetlb": 0,
              "ShmemPmdMapped": 0,
              "Swap": 0,
              "SwapPss": 0
            },
            "start_ticks": 261235177
          },
          {
            "pid": 3066964,
            "rollup_kib": {
              "AnonHugePages": 0,
              "Anonymous": 434252,
              "FilePmdMapped": 0,
              "KSM": 0,
              "LazyFree": 0,
              "Locked": 0,
              "Private_Clean": 268,
              "Private_Dirty": 434252,
              "Private_Hugetlb": 0,
              "Pss": 434974,
              "Pss_Anon": 434252,
              "Pss_Dirty": 434252,
              "Pss_File": 722,
              "Pss_Shmem": 0,
              "Referenced": 438340,
              "Rss": 438340,
              "Shared_Clean": 3820,
              "Shared_Dirty": 0,
              "Shared_Hugetlb": 0,
              "ShmemPmdMapped": 0,
              "Swap": 0,
              "SwapPss": 0
            },
            "start_ticks": 261235178
          }
        ],
        "reason": "phase_marker",
        "tree_rss_kib": 495052
      },
      {
        "elapsed_s": 675.3436,
        "processes": [
          {
            "pid": 2968617,
            "rollup_kib": {
              "AnonHugePages": 0,
              "Anonymous": 36592,
              "FilePmdMapped": 0,
              "KSM": 0,
              "LazyFree": 0,
              "Locked": 0,
              "Private_Clean": 84,
              "Private_Dirty": 36592,
              "Private_Hugetlb": 0,
              "Pss": 39326,
              "Pss_Anon": 36592,
              "Pss_Dirty": 36592,
              "Pss_File": 2734,
              "Pss_Shmem": 0,
              "Referenced": 48944,
              "Rss": 48944,
              "Shared_Clean": 12268,
              "Shared_Dirty": 0,
              "Shared_Hugetlb": 0,
              "ShmemPmdMapped": 0,
              "Swap": 0,
              "SwapPss": 0
            },
            "start_ticks": 261180087
          },
          {
            "pid": 3088996,
            "rollup_kib": {
              "AnonHugePages": 0,
              "Anonymous": 1248,
              "FilePmdMapped": 0,
              "KSM": 0,
              "LazyFree": 0,
              "Locked": 0,
              "Private_Clean": 516,
              "Private_Dirty": 1248,
              "Private_Hugetlb": 0,
              "Pss": 3606,
              "Pss_Anon": 1248,
              "Pss_Dirty": 1248,
              "Pss_File": 2358,
              "Pss_Shmem": 0,
              "Referenced": 7792,
              "Rss": 7792,
              "Shared_Clean": 6028,
              "Shared_Dirty": 0,
              "Shared_Hugetlb": 0,
              "ShmemPmdMapped": 0,
              "Swap": 0,
              "SwapPss": 0
            },
            "start_ticks": 261247591
          },
          {
            "pid": 3088997,
            "rollup_kib": {
              "AnonHugePages": 0,
              "Anonymous": 1158032,
              "FilePmdMapped": 0,
              "KSM": 0,
              "LazyFree": 0,
              "Locked": 0,
              "Private_Clean": 428,
              "Private_Dirty": 1158032,
              "Private_Hugetlb": 0,
              "Pss": 1158953,
              "Pss_Anon": 1158032,
              "Pss_Dirty": 1158032,
              "Pss_File": 921,
              "Pss_Shmem": 0,
              "Referenced": 1162460,
              "Rss": 1162460,
              "Shared_Clean": 4000,
              "Shared_Dirty": 0,
              "Shared_Hugetlb": 0,
              "ShmemPmdMapped": 0,
              "Swap": 0,
              "SwapPss": 0
            },
            "start_ticks": 261247591
          }
        ],
        "reason": "phase_marker",
        "tree_rss_kib": 1219196
      },
      {
        "elapsed_s": 799.1793,
        "processes": [
          {
            "pid": 2968617,
            "rollup_kib": {
              "AnonHugePages": 0,
              "Anonymous": 36596,
              "FilePmdMapped": 0,
              "KSM": 0,
              "LazyFree": 0,
              "Locked": 0,
              "Private_Clean": 88,
              "Private_Dirty": 36596,
              "Private_Hugetlb": 0,
              "Pss": 39387,
              "Pss_Anon": 36596,
              "Pss_Dirty": 36596,
              "Pss_File": 2791,
              "Pss_Shmem": 0,
              "Referenced": 48948,
              "Rss": 48948,
              "Shared_Clean": 12264,
              "Shared_Dirty": 0,
              "Shared_Hugetlb": 0,
              "ShmemPmdMapped": 0,
              "Swap": 0,
              "SwapPss": 0
            },
            "start_ticks": 261180087
          }
        ],
        "reason": "phase_marker",
        "tree_rss_kib": 48948
      },
      {
        "elapsed_s": 799.6857,
        "processes": [],
        "reason": "terminal",
        "tree_rss_kib": 0
      }
    ],
    "status": "complete",
    "temporary_disk_limit_bytes": 16000000000,
    "wall_time_limit_seconds": null
  }
}
