{"command": ["/usr/bin/python3", "/home/x/deco/gamma/projects/enwiki9/tools/run_with_resource_guard_v3.py", "--limit-kib", "1048576", "--official-decimal-limit-kib", "1048576", "--limit-mode", "tree", "--cgroup-path", "/sys/fs/cgroup/user.slice/user-1000.slice/user@1000.service/app.slice/gamma-enwiki9-20260915T194750Z_83cff3dc11", "--cgroup-memory-max-bytes", "1073741824", "--temporary-disk-limit-bytes", "134217728", "--phase-marker-path", "/home/x/deco/gamma/projects/enwiki9/run_logs/adaptive/20260915T194750Z_83cff3dc11.resources/phases.jsonl", "--max-logical-cpus", "1", "--guard-json", "/home/x/deco/gamma/projects/enwiki9/run_logs/adaptive/20260915T194750Z_83cff3dc11.resources/guard.json", "--label", "20260915T194750Z_83cff3dc11", "--phase", "diagnostic", "--scratch-path", "/home/x/deco/gamma/projects/enwiki9/results/fx2_causal_residual250k_v1", "--scratch-path", "/home/x/deco/gamma/projects/enwiki9/run_logs/adaptive/20260915T194750Z_83cff3dc11.log", "--scratch-path", "/home/x/deco/gamma/projects/enwiki9/run_logs/adaptive/20260915T194750Z_83cff3dc11.resources", "--scratch-path", "/tmp/gamma-enwiki9-20260915T194750Z_83cff3dc11-3bssv06h/fx2_causal_residual250k_v1", "--", "/usr/bin/taskset", "--cpu-list", "3", "/bin/sh", "-c", "printf '%s\\n' '{\"phase\":\"diagnostic\",\"event\":\"worker_start\",\"detail\":\"operational envelope only; no codec phase credit\"}' >> \"$GAMMA_RESOURCE_PHASE_MARKERS\" || exit 125; exec \"$@\"", "enwiki9-discovery-envelope", "/usr/bin/python3", "/home/x/deco/gamma/projects/enwiki9/tools/fx2_causal_residual_gate_v1.py"], "job": {"candidate_id": "fx2_causal_residual250k_v1", "candidate_revision": {"path": "operations/adaptive/candidate-revisions/fx2_causal_residual250k_v1/20260915T194749402546Z_071cb9b4dca7.json", "sha256": "sha256:75a1188df79eec9c1052f22e8c14083a9bd17b812f2e3044a778f82ff86cf0da"}, "candidate_tree_sha256": "sha256:071cb9b4dca77ad6badf8335b1d436ff9bd59a1f373839b5e0f86e193801ee5a", "execution_guard": {"path": "tools/run_with_resource_guard_v3.py", "sha256": "sha256:044147f7ffe6922ea8dafd52fc3d4426077b20958adbcd421245ad41adcfc1e4"}, "execution_mode": "discovery", "execution_resources": {"boot_id": "3ce46712-27bc-4199-8e48-e2b3d23926cb", "budget": {"cgroup_parent": "/sys/fs/cgroup/user.slice/user-1000.slice/user@1000.service/app.slice", "cpus": [3], "memory_bytes": 1073741824, "scratch_bytes": 134217728, "swap_bytes": 0, "wall_seconds": 900}, "cgroup_inode": 334803, "cgroup_path": "/sys/fs/cgroup/user.slice/user-1000.slice/user@1000.service/app.slice/gamma-enwiki9-20260915T194750Z_83cff3dc11", "cpu_enforcement": "taskset-and-sampled-affinity-guard", "groups": [{"created": true, "inode": 334803, "kernel_cpuset": false, "memory_bytes": 1073741824, "path": "/sys/fs/cgroup/user.slice/user-1000.slice/user@1000.service/app.slice/gamma-enwiki9-20260915T194750Z_83cff3dc11"}], "guard_command_sha256": "ee210ca271dc79e04e212794dc293d5726f08f98090672c9d3b144931400ca17", "guard_path": "run_logs/adaptive/20260915T194750Z_83cff3dc11.resources/guard.json", "missing_diagnostics": ["kernel cpuset controller is not delegated; taskset assignment and existing affinity guard remain active"], "timing_authority": "diagnostic"}, "experiment": {"path": "operations/adaptive/experiments/fx2_causal_residual250k_v1.json", "sha256": "sha256:df333d27ef78afbf15dc2c07fa60768be0804c3dee75ced4cb17773f4bc925b9"}, "gate_size": 250000, "held": false, "held_at": "2026-09-15T19:47:50+00:00", "hold_history": [{"at": "2026-09-15T19:47:50+00:00", "held": true, "reason": "Publish frozen source andownership; admit fresh CPU3resources before causal corpus analysis."}, {"at": "2026-09-15T19:53:24+00:00", "held": false, "reason": "Frozen31inputs match published83de886f7; fresh CPU3 admission passes. Bounded causal residual analysis and conditional replay only."}], "job_id": "20260915T194750Z_83cff3dc11", "priority": 80, "proposal": {"path": "operations/adaptive/proposals/developed/949_fx2_causal_residual250k_v1.json", "sha256": "sha256:b92b68913ecd60442bc67e2439ca0e244d9e6625db1e4bb481121cce9474836e"}, "proposal_id": "fx2_causal_residual250k_v1", "purpose": "diagnostic", "released_at": "2026-09-15T19:53:24+00:00", "resource_budget": {"cgroup_parent": "/sys/fs/cgroup/user.slice/user-1000.slice/user@1000.service/app.slice", "cpus": [3], "memory_bytes": 1073741824, "scratch_bytes": 134217728, "swap_bytes": 0, "wall_seconds": 900}, "runner": {"path": "tools/fx2_causal_residual_gate_v1.py", "sha256": "sha256:0d9af32eab8ca61f36a84ef564e1f0cef3ff542b3b24d66cfed8da7164ba7a27"}, "schema": "gamma.enwiki9.adaptive-job.v3", "scratch_directories": ["results/fx2_causal_residual250k_v1"], "started_at": "2026-09-15T19:53:32+00:00", "state": "running", "submitted_at": "2026-09-15T19:47:50+00:00", "tags": [], "timing_authority": "diagnostic", "tool": "tools/fx2_causal_residual_gate_v1.py", "tool_args": []}}
{"status": "passed", "verdict": "Aligned positive-amplitude family cannot pay its two-byte header in bounded ideal likelihood.", "finite_replay": false}
{
  "resource_guard": {
    "cgroup": {
      "inode": 334803,
      "joined_before_exec": true,
      "memory_max_bytes": 1073741824,
      "memory_max_rounding_bytes": 0,
      "memory_peak_reset": true,
      "path": "/sys/fs/cgroup/user.slice/user-1000.slice/user@1000.service/app.slice/gamma-enwiki9-20260915T194750Z_83cff3dc11",
      "previous_memory_max": "1073741824",
      "requested_memory_max_bytes": 1073741824
    },
    "cgroup_events": {
      "baseline": {
        "high": 0,
        "low": 0,
        "max": 0,
        "oom": 0,
        "oom_group_kill": 0,
        "oom_kill": 0,
        "sock_throttled": 0
      },
      "delta": {
        "high": 0,
        "low": 0,
        "max": 0,
        "oom": 0,
        "oom_group_kill": 0,
        "oom_kill": 0,
        "sock_throttled": 0
      },
      "final": {
        "high": 0,
        "low": 0,
        "max": 0,
        "oom": 0,
        "oom_group_kill": 0,
        "oom_kill": 0,
        "sock_throttled": 0
      }
    },
    "command": [
      "/usr/bin/taskset",
      "--cpu-list",
      "3",
      "/bin/sh",
      "-c",
      "printf '%s\\n' '{\"phase\":\"diagnostic\",\"event\":\"worker_start\",\"detail\":\"operational envelope only; no codec phase credit\"}' >> \"$GAMMA_RESOURCE_PHASE_MARKERS\" || exit 125; exec \"$@\"",
      "enwiki9-discovery-envelope",
      "/usr/bin/python3",
      "/home/x/deco/gamma/projects/enwiki9/tools/fx2_causal_residual_gate_v1.py"
    ],
    "command_sha256": "0c04dfcdaa57aee5fb6ae2a8cd67ec555f8a3ba16af0c27df02f73708bd5f71d",
    "elapsed_s": 28.1267,
    "geekbench5_single_core_score": null,
    "guards": {
      "cgroup_memory_guard_exceeded": false,
      "logical_cpu_guard_exceeded": false,
      "measurement_incomplete": false,
      "official_decimal_memory_exceeded": false,
      "phase_marker_invalid": false,
      "rss_guard_exceeded": false,
      "temporary_disk_guard_exceeded": false,
      "wall_time_guard_exceeded": false
    },
    "label": "20260915T194750Z_83cff3dc11",
    "latest_sample": {
      "allowed_cpu_union": [],
      "cgroup_current_bytes": 344064,
      "elapsed_s": 28.1255,
      "max_single_rss_kib": 0,
      "persistent_status_misses": [],
      "processes": [],
      "scratch_allocated_bytes": 90112,
      "scratch_file_count": 16,
      "scratch_logical_bytes": 41394,
      "scratch_race_count": 0,
      "tree_live_threads": 0,
      "tree_rss_kib": 0,
      "tree_runnable_threads": 0
    },
    "limit_kib": 1048576,
    "limit_mode": "tree",
    "max_logical_cpus": 1,
    "measurements": {
      "affinity_complete": true,
      "cgroup_v2_complete": true,
      "per_process_vmhwm_sampled": true,
      "phase_markers_complete": true,
      "process_tree_rss_complete": true,
      "scratch_logical_and_allocated_complete": true,
      "smaps_rollup_complete": true
    },
    "objective": {
      "corpusBytes": 1000000000,
      "corpusSha256": "159b85351e5f76e60cbe32e04c677847a9ecba3adc79addab6f4c6c7aa3744bc",
      "objectiveDigest": "sha256:e91ff20e92c3cac8acb0cbe5c79fc8e8a3b427d7e151245c8eecc52b1c32fa00",
      "objectiveId": "gamma-enwiki9-hutter-90m-v3",
      "objectivePath": "contracts/research/v3/objective-contract.json",
      "targetScoreBytes": 90000000
    },
    "official_decimal_limit_kib": 1048576,
    "peak_process_vmhwm": {
      "comm": "python3",
      "observed_elapsed_s": 27.6245,
      "pid": 538251,
      "start_ticks": 259816494,
      "vmhwm_kib": 137368
    },
    "peak_sample": {
      "allowed_cpu_union": [
        3
      ],
      "cgroup_current_bytes": 136957952,
      "elapsed_s": 27.6245,
      "max_single_rss_kib": 137368,
      "persistent_status_misses": [],
      "processes": [
        {
          "allowed_cpus": [
            3
          ],
          "comm": "python3",
          "live_threads": 1,
          "pid": 535743,
          "rss_kib": 18768,
          "runnable_threads": 0,
          "start_ticks": 259815089,
          "vmhwm_kib": 18768
        },
        {
          "allowed_cpus": [
            3
          ],
          "comm": "python3",
          "live_threads": 1,
          "pid": 538251,
          "rss_kib": 137368,
          "runnable_threads": 1,
          "start_ticks": 259816494,
          "vmhwm_kib": 137368
        }
      ],
      "scratch_allocated_bytes": 69632,
      "scratch_file_count": 12,
      "scratch_logical_bytes": 31097,
      "scratch_race_count": 0,
      "tree_live_threads": 2,
      "tree_rss_kib": 156136,
      "tree_runnable_threads": 1
    },
    "peak_tree_sample": {
      "allowed_cpu_union": [
        3
      ],
      "cgroup_current_bytes": 136957952,
      "elapsed_s": 27.6245,
      "max_single_rss_kib": 137368,
      "persistent_status_misses": [],
      "processes": [
        {
          "allowed_cpus": [
            3
          ],
          "comm": "python3",
          "live_threads": 1,
          "pid": 535743,
          "rss_kib": 18768,
          "runnable_threads": 0,
          "start_ticks": 259815089,
          "vmhwm_kib": 18768
        },
        {
          "allowed_cpus": [
            3
          ],
          "comm": "python3",
          "live_threads": 1,
          "pid": 538251,
          "rss_kib": 137368,
          "runnable_threads": 1,
          "start_ticks": 259816494,
          "vmhwm_kib": 137368
        }
      ],
      "scratch_allocated_bytes": 69632,
      "scratch_file_count": 12,
      "scratch_logical_bytes": 31097,
      "scratch_race_count": 0,
      "tree_live_threads": 2,
      "tree_rss_kib": 156136,
      "tree_runnable_threads": 1
    },
    "peaks": {
      "cgroup_memory_peak_bytes": 137883648,
      "max_observed_process_vmhwm_kib": 137368,
      "max_sampled_allowed_cpu_count": 1,
      "max_sampled_cgroup_current_bytes": 136957952,
      "max_sampled_scratch_allocated_bytes": 90112,
      "max_sampled_scratch_logical_bytes": 41394,
      "max_sampled_single_rss_kib": 137368,
      "max_sampled_tree_live_threads": 2,
      "max_sampled_tree_rss_kib": 156136,
      "max_sampled_tree_runnable_threads": 1
    },
    "phase": "diagnostic",
    "phase_marker_path": "/home/x/deco/gamma/projects/enwiki9/run_logs/adaptive/20260915T194750Z_83cff3dc11.resources/phases.jsonl",
    "phase_markers": [
      {
        "detail": "operational envelope only; no codec phase credit",
        "event": "worker_start",
        "observed_elapsed_s": 0.0237,
        "phase": "diagnostic",
        "source_line": 1
      },
      {
        "detail": null,
        "event": "start",
        "observed_elapsed_s": 0.5251,
        "phase": "first",
        "source_line": 2
      },
      {
        "detail": null,
        "event": "end",
        "observed_elapsed_s": 14.0729,
        "phase": "first",
        "source_line": 3
      },
      {
        "detail": null,
        "event": "start",
        "observed_elapsed_s": 14.0729,
        "phase": "repeat",
        "source_line": 4
      },
      {
        "detail": null,
        "event": "end",
        "observed_elapsed_s": 28.1255,
        "phase": "repeat",
        "source_line": 5
      }
    ],
    "returncode": 0,
    "sample_count": 57,
    "sample_interval_seconds": 0.5,
    "schema": "gamma.enwiki9.resource-guard-receipt.v3",
    "scratch_paths": [
      "/home/x/deco/gamma/projects/enwiki9/results/fx2_causal_residual250k_v1",
      "/home/x/deco/gamma/projects/enwiki9/run_logs/adaptive/20260915T194750Z_83cff3dc11.log",
      "/home/x/deco/gamma/projects/enwiki9/run_logs/adaptive/20260915T194750Z_83cff3dc11.resources",
      "/tmp/gamma-enwiki9-20260915T194750Z_83cff3dc11-3bssv06h/fx2_causal_residual250k_v1"
    ],
    "smaps_rollup_checkpoints": [
      {
        "elapsed_s": 0.0237,
        "processes": [
          {
            "pid": 535743,
            "rollup_kib": {
              "AnonHugePages": 0,
              "Anonymous": 648,
              "FilePmdMapped": 0,
              "KSM": 0,
              "LazyFree": 0,
              "Locked": 0,
              "Private_Clean": 96,
              "Private_Dirty": 648,
              "Private_Hugetlb": 0,
              "Pss": 1265,
              "Pss_Anon": 648,
              "Pss_Dirty": 648,
              "Pss_File": 617,
              "Pss_Shmem": 0,
              "Referenced": 4356,
              "Rss": 4356,
              "Shared_Clean": 3612,
              "Shared_Dirty": 0,
              "Shared_Hugetlb": 0,
              "ShmemPmdMapped": 0,
              "Swap": 0,
              "SwapPss": 0
            },
            "start_ticks": 259815089
          }
        ],
        "reason": "initial+phase_marker+rss_growth",
        "tree_rss_kib": 2076
      },
      {
        "elapsed_s": 0.5251,
        "processes": [
          {
            "pid": 535743,
            "rollup_kib": {
              "AnonHugePages": 0,
              "Anonymous": 7292,
              "FilePmdMapped": 0,
              "KSM": 0,
              "LazyFree": 0,
              "Locked": 0,
              "Private_Clean": 20,
              "Private_Dirty": 7292,
              "Private_Hugetlb": 0,
              "Pss": 9141,
              "Pss_Anon": 7292,
              "Pss_Dirty": 7292,
              "Pss_File": 1849,
              "Pss_Shmem": 0,
              "Referenced": 18704,
              "Rss": 18704,
              "Shared_Clean": 11392,
              "Shared_Dirty": 0,
              "Shared_Hugetlb": 0,
              "ShmemPmdMapped": 0,
              "Swap": 0,
              "SwapPss": 0
            },
            "start_ticks": 259815089
          },
          {
            "pid": 535774,
            "rollup_kib": {
              "AnonHugePages": 0,
              "Anonymous": 85448,
              "FilePmdMapped": 0,
              "KSM": 0,
              "LazyFree": 0,
              "Locked": 0,
              "Private_Clean": 8,
              "Private_Dirty": 85448,
              "Private_Hugetlb": 0,
              "Pss": 87361,
              "Pss_Anon": 85448,
              "Pss_Dirty": 85448,
              "Pss_File": 1913,
              "Pss_Shmem": 0,
              "Referenced": 97020,
              "Rss": 97020,
              "Shared_Clean": 11564,
              "Shared_Dirty": 0,
              "Shared_Hugetlb": 0,
              "ShmemPmdMapped": 0,
              "Swap": 0,
              "SwapPss": 0
            },
            "start_ticks": 259815106
          }
        ],
        "reason": "phase_marker",
        "tree_rss_kib": 115724
      },
      {
        "elapsed_s": 14.0729,
        "processes": [
          {
            "pid": 535743,
            "rollup_kib": {
              "AnonHugePages": 0,
              "Anonymous": 7292,
              "FilePmdMapped": 0,
              "KSM": 0,
              "LazyFree": 0,
              "Locked": 0,
              "Private_Clean": 20,
              "Private_Dirty": 7292,
              "Private_Hugetlb": 0,
              "Pss": 9161,
              "Pss_Anon": 7292,
              "Pss_Dirty": 7292,
              "Pss_File": 1869,
              "Pss_Shmem": 0,
              "Referenced": 18768,
              "Rss": 18768,
              "Shared_Clean": 11456,
              "Shared_Dirty": 0,
              "Shared_Hugetlb": 0,
              "ShmemPmdMapped": 0,
              "Swap": 0,
              "SwapPss": 0
            },
            "start_ticks": 259815089
          },
          {
            "pid": 538251,
            "rollup_kib": {
              "AnonHugePages": 0,
              "Anonymous": 11552,
              "FilePmdMapped": 0,
              "KSM": 0,
              "LazyFree": 0,
              "Locked": 0,
              "Private_Clean": 4,
              "Private_Dirty": 11552,
              "Private_Hugetlb": 0,
              "Pss": 13426,
              "Pss_Anon": 11552,
              "Pss_Dirty": 11552,
              "Pss_File": 1874,
              "Pss_Shmem": 0,
              "Referenced": 23060,
              "Rss": 23060,
              "Shared_Clean": 11504,
              "Shared_Dirty": 0,
              "Shared_Hugetlb": 0,
              "ShmemPmdMapped": 0,
              "Swap": 0,
              "SwapPss": 0
            },
            "start_ticks": 259816494
          }
        ],
        "reason": "phase_marker",
        "tree_rss_kib": 41084
      },
      {
        "elapsed_s": 28.1255,
        "processes": [],
        "reason": "phase_marker+terminal",
        "tree_rss_kib": 0
      }
    ],
    "status": "complete",
    "temporary_disk_limit_bytes": 134217728,
    "wall_time_limit_seconds": null
  }
}
