{"command": ["/usr/bin/python3", "/home/x/deco/gamma/projects/enwiki9/tools/run_with_resource_guard_v3.py", "--limit-kib", "1048576", "--official-decimal-limit-kib", "1048576", "--limit-mode", "tree", "--cgroup-path", "/sys/fs/cgroup/user.slice/user-1000.slice/user@1000.service/app.slice/gamma-enwiki9-20260907T163020Z_c8993e2f90", "--cgroup-memory-max-bytes", "1073741824", "--temporary-disk-limit-bytes", "67108864", "--phase-marker-path", "/home/x/deco/gamma/projects/enwiki9/run_logs/adaptive/20260907T163020Z_c8993e2f90.resources/phases.jsonl", "--max-logical-cpus", "1", "--guard-json", "/home/x/deco/gamma/projects/enwiki9/run_logs/adaptive/20260907T163020Z_c8993e2f90.resources/guard.json", "--label", "20260907T163020Z_c8993e2f90", "--phase", "diagnostic", "--scratch-path", "/home/x/deco/gamma/projects/enwiki9/results/dualstream_enumerative250k_q0_v2", "--scratch-path", "/home/x/deco/gamma/projects/enwiki9/run_logs/adaptive/20260907T163020Z_c8993e2f90.log", "--scratch-path", "/home/x/deco/gamma/projects/enwiki9/run_logs/adaptive/20260907T163020Z_c8993e2f90.resources", "--scratch-path", "/var/tmp/gamma-enwiki9-20260907T163020Z_c8993e2f90-pyao8ikg/dualstream_enumerative250k_q0_v2", "--", "/usr/bin/taskset", "--cpu-list", "2", "/bin/sh", "-c", "printf '%s\\n' '{\"phase\":\"diagnostic\",\"event\":\"worker_start\",\"detail\":\"operational envelope only; no codec phase credit\"}' >> \"$GAMMA_RESOURCE_PHASE_MARKERS\" || exit 125; exec \"$@\"", "enwiki9-discovery-envelope", "/usr/bin/python3", "/home/x/deco/gamma/projects/enwiki9/tools/dualstream_enumerative_gate_v2.py", "--candidate", "dualstream_enumerative250k_q0_v2"], "job": {"candidate_id": "dualstream_enumerative250k_q0_v2", "candidate_revision": {"path": "operations/adaptive/candidate-revisions/dualstream_enumerative250k_q0_v2/20260907T163019824829Z_4b7fb1db9b57.json", "sha256": "sha256:05a5ad50192ab48a4af539bd44626252c88e08851902c114a6724c8d687b9ace"}, "candidate_tree_sha256": "sha256:4b7fb1db9b57ffef7b13faf3c5211f6f5525fb87c2fd792ff03f6aa7f828e40f", "execution_guard": {"path": "tools/run_with_resource_guard_v3.py", "sha256": "sha256:044147f7ffe6922ea8dafd52fc3d4426077b20958adbcd421245ad41adcfc1e4"}, "execution_mode": "discovery", "execution_resources": {"boot_id": "3ce46712-27bc-4199-8e48-e2b3d23926cb", "budget": {"cgroup_parent": "/sys/fs/cgroup/user.slice/user-1000.slice/user@1000.service/app.slice", "cpus": [2], "memory_bytes": 1073741824, "scratch_bytes": 67108864, "swap_bytes": 0, "wall_seconds": 600}, "cgroup_inode": 245639, "cgroup_path": "/sys/fs/cgroup/user.slice/user-1000.slice/user@1000.service/app.slice/gamma-enwiki9-20260907T163020Z_c8993e2f90", "cpu_enforcement": "taskset-and-sampled-affinity-guard", "groups": [{"created": true, "inode": 245639, "kernel_cpuset": false, "memory_bytes": 1073741824, "path": "/sys/fs/cgroup/user.slice/user-1000.slice/user@1000.service/app.slice/gamma-enwiki9-20260907T163020Z_c8993e2f90"}], "guard_command_sha256": "2f240919b5f9667213d95cde3083fba687da7e2dbe16030c6e4e9cadd8f5e0e5", "guard_path": "run_logs/adaptive/20260907T163020Z_c8993e2f90.resources/guard.json", "missing_diagnostics": ["kernel cpuset controller is not delegated; taskset assignment and existing affinity guard remain active"], "timing_authority": "diagnostic"}, "experiment": {"path": "operations/adaptive/experiments/dualstream_enumerative250k_q0_v2.json", "sha256": "sha256:7ec6768fe3f0a8b02be28b5f9eeb6739b1e3cb0367f714450ba1a14ef9a9a18f"}, "gate_size": 250000, "held": false, "held_at": "2026-09-07T16:30:21+00:00", "hold_history": [{"at": "2026-09-07T16:30:21+00:00", "held": true, "reason": "Await source/ownership publication verification and fresh CPU2 admission."}, {"at": "2026-09-07T16:31:32+00:00", "held": false, "reason": "Published5380c6df0;49 exact local/HEAD/origin refs verified; fresh16:31:13UTC CPU2 idle,75GB available memory,306GB scratch,zero live/unknown enwiki jobs; published1GiB/64MiB/600wall discovery admitted."}], "job_id": "20260907T163020Z_c8993e2f90", "priority": 90, "proposal": {"path": "operations/adaptive/proposals/developed/931_dualstream_enumerative250k_q0_v2.json", "sha256": "sha256:d3360ab4c9fcfdbef575f21a680169ac5464b7de55637765e89bf37d8cae5de1"}, "proposal_id": "dualstream_enumerative250k_q0_v2", "purpose": "diagnostic", "released_at": "2026-09-07T16:31:32+00:00", "resource_budget": {"cgroup_parent": "/sys/fs/cgroup/user.slice/user-1000.slice/user@1000.service/app.slice", "cpus": [2], "memory_bytes": 1073741824, "scratch_bytes": 67108864, "swap_bytes": 0, "wall_seconds": 600}, "runner": {"path": "tools/dualstream_enumerative_gate_v2.py", "sha256": "sha256:e2671e7a7d08b06f177dbf31541aba209a8bfecc5402495d515c22c611ebb9be"}, "schema": "gamma.enwiki9.adaptive-job.v3", "scratch_directories": ["results/dualstream_enumerative250k_q0_v2"], "started_at": "2026-09-07T16:31:33+00:00", "state": "running", "submitted_at": "2026-09-07T16:30:20+00:00", "tags": [], "timing_authority": "diagnostic", "tool": "tools/dualstream_enumerative_gate_v2.py", "tool_args": ["--candidate", "dualstream_enumerative250k_q0_v2"]}}
{"status": "failed", "arms_closed": 0, "native_phases": 3}
{
  "resource_guard": {
    "cgroup": {
      "inode": 245639,
      "joined_before_exec": true,
      "memory_max_bytes": 1073741824,
      "memory_max_rounding_bytes": 0,
      "memory_peak_reset": true,
      "path": "/sys/fs/cgroup/user.slice/user-1000.slice/user@1000.service/app.slice/gamma-enwiki9-20260907T163020Z_c8993e2f90",
      "previous_memory_max": "1073741824",
      "requested_memory_max_bytes": 1073741824
    },
    "cgroup_events": {
      "baseline": {
        "high": 0,
        "low": 0,
        "max": 0,
        "oom": 0,
        "oom_group_kill": 0,
        "oom_kill": 0,
        "sock_throttled": 0
      },
      "delta": {
        "high": 0,
        "low": 0,
        "max": 0,
        "oom": 0,
        "oom_group_kill": 0,
        "oom_kill": 0,
        "sock_throttled": 0
      },
      "final": {
        "high": 0,
        "low": 0,
        "max": 0,
        "oom": 0,
        "oom_group_kill": 0,
        "oom_kill": 0,
        "sock_throttled": 0
      }
    },
    "command": [
      "/usr/bin/taskset",
      "--cpu-list",
      "2",
      "/bin/sh",
      "-c",
      "printf '%s\\n' '{\"phase\":\"diagnostic\",\"event\":\"worker_start\",\"detail\":\"operational envelope only; no codec phase credit\"}' >> \"$GAMMA_RESOURCE_PHASE_MARKERS\" || exit 125; exec \"$@\"",
      "enwiki9-discovery-envelope",
      "/usr/bin/python3",
      "/home/x/deco/gamma/projects/enwiki9/tools/dualstream_enumerative_gate_v2.py",
      "--candidate",
      "dualstream_enumerative250k_q0_v2"
    ],
    "command_sha256": "10ea2865a21c0281b6dc0271722cff7edc48a2b404419e543ae363fce7b3c8d1",
    "elapsed_s": 0.5249,
    "geekbench5_single_core_score": null,
    "guards": {
      "cgroup_memory_guard_exceeded": false,
      "logical_cpu_guard_exceeded": false,
      "measurement_incomplete": false,
      "official_decimal_memory_exceeded": false,
      "phase_marker_invalid": false,
      "rss_guard_exceeded": false,
      "temporary_disk_guard_exceeded": false,
      "wall_time_guard_exceeded": false
    },
    "label": "20260907T163020Z_c8993e2f90",
    "latest_sample": {
      "allowed_cpu_union": [],
      "cgroup_current_bytes": 786432,
      "elapsed_s": 0.5236,
      "max_single_rss_kib": 0,
      "persistent_status_misses": [],
      "processes": [],
      "scratch_allocated_bytes": 507904,
      "scratch_file_count": 19,
      "scratch_logical_bytes": 457361,
      "scratch_race_count": 0,
      "tree_live_threads": 0,
      "tree_rss_kib": 0,
      "tree_runnable_threads": 0
    },
    "limit_kib": 1048576,
    "limit_mode": "tree",
    "max_logical_cpus": 1,
    "measurements": {
      "affinity_complete": true,
      "cgroup_v2_complete": true,
      "per_process_vmhwm_sampled": true,
      "phase_markers_complete": true,
      "process_tree_rss_complete": true,
      "scratch_logical_and_allocated_complete": true,
      "smaps_rollup_complete": true
    },
    "objective": {
      "corpusBytes": 1000000000,
      "corpusSha256": "159b85351e5f76e60cbe32e04c677847a9ecba3adc79addab6f4c6c7aa3744bc",
      "objectiveDigest": "sha256:16badfa6c1a53b47bcc12b089fdd9c21f7405ea56a84344d60c28d2252da8288",
      "objectiveId": "gamma-enwiki9-hutter-99m-v2",
      "objectivePath": "contracts/research/v2/objective-contract.json",
      "targetScoreBytes": 99000000
    },
    "official_decimal_limit_kib": 1048576,
    "peak_process_vmhwm": {
      "comm": "python3",
      "observed_elapsed_s": 0.0225,
      "pid": 2924776,
      "start_ticks": 189483113,
      "vmhwm_kib": 4892
    },
    "peak_sample": {
      "allowed_cpu_union": [
        2
      ],
      "cgroup_current_bytes": 1921024,
      "elapsed_s": 0.0225,
      "max_single_rss_kib": 4892,
      "persistent_status_misses": [],
      "processes": [
        {
          "allowed_cpus": [
            2
          ],
          "comm": "python3",
          "live_threads": 1,
          "pid": 2924776,
          "rss_kib": 4892,
          "runnable_threads": 1,
          "start_ticks": 189483113,
          "vmhwm_kib": 4892
        }
      ],
      "scratch_allocated_bytes": 32768,
      "scratch_file_count": 4,
      "scratch_logical_bytes": 6609,
      "scratch_race_count": 0,
      "tree_live_threads": 1,
      "tree_rss_kib": 4892,
      "tree_runnable_threads": 1
    },
    "peak_tree_sample": {
      "allowed_cpu_union": [
        2
      ],
      "cgroup_current_bytes": 1921024,
      "elapsed_s": 0.0225,
      "max_single_rss_kib": 4892,
      "persistent_status_misses": [],
      "processes": [
        {
          "allowed_cpus": [
            2
          ],
          "comm": "python3",
          "live_threads": 1,
          "pid": 2924776,
          "rss_kib": 4892,
          "runnable_threads": 1,
          "start_ticks": 189483113,
          "vmhwm_kib": 4892
        }
      ],
      "scratch_allocated_bytes": 32768,
      "scratch_file_count": 4,
      "scratch_logical_bytes": 6609,
      "scratch_race_count": 0,
      "tree_live_threads": 1,
      "tree_rss_kib": 4892,
      "tree_runnable_threads": 1
    },
    "peaks": {
      "cgroup_memory_peak_bytes": 23871488,
      "max_observed_process_vmhwm_kib": 4892,
      "max_sampled_allowed_cpu_count": 1,
      "max_sampled_cgroup_current_bytes": 1921024,
      "max_sampled_scratch_allocated_bytes": 507904,
      "max_sampled_scratch_logical_bytes": 457361,
      "max_sampled_single_rss_kib": 4892,
      "max_sampled_tree_live_threads": 1,
      "max_sampled_tree_rss_kib": 4892,
      "max_sampled_tree_runnable_threads": 1
    },
    "phase": "diagnostic",
    "phase_marker_path": "/home/x/deco/gamma/projects/enwiki9/run_logs/adaptive/20260907T163020Z_c8993e2f90.resources/phases.jsonl",
    "phase_markers": [
      {
        "detail": "operational envelope only; no codec phase credit",
        "event": "worker_start",
        "observed_elapsed_s": 0.0225,
        "phase": "diagnostic",
        "source_line": 1
      },
      {
        "detail": null,
        "event": "start",
        "observed_elapsed_s": 0.5236,
        "phase": "P-encode",
        "source_line": 2
      },
      {
        "detail": null,
        "event": "end",
        "observed_elapsed_s": 0.5236,
        "phase": "P-encode",
        "source_line": 3
      },
      {
        "detail": null,
        "event": "start",
        "observed_elapsed_s": 0.5236,
        "phase": "P-decode",
        "source_line": 4
      },
      {
        "detail": null,
        "event": "end",
        "observed_elapsed_s": 0.5236,
        "phase": "P-decode",
        "source_line": 5
      },
      {
        "detail": null,
        "event": "start",
        "observed_elapsed_s": 0.5236,
        "phase": "P-repeat",
        "source_line": 6
      },
      {
        "detail": null,
        "event": "end",
        "observed_elapsed_s": 0.5236,
        "phase": "P-repeat",
        "source_line": 7
      }
    ],
    "returncode": 1,
    "sample_count": 2,
    "sample_interval_seconds": 0.5,
    "schema": "gamma.enwiki9.resource-guard-receipt.v3",
    "scratch_paths": [
      "/home/x/deco/gamma/projects/enwiki9/results/dualstream_enumerative250k_q0_v2",
      "/home/x/deco/gamma/projects/enwiki9/run_logs/adaptive/20260907T163020Z_c8993e2f90.log",
      "/home/x/deco/gamma/projects/enwiki9/run_logs/adaptive/20260907T163020Z_c8993e2f90.resources",
      "/var/tmp/gamma-enwiki9-20260907T163020Z_c8993e2f90-pyao8ikg/dualstream_enumerative250k_q0_v2"
    ],
    "smaps_rollup_checkpoints": [
      {
        "elapsed_s": 0.0225,
        "processes": [
          {
            "pid": 2924776,
            "rollup_kib": {
              "AnonHugePages": 0,
              "Anonymous": 1364,
              "FilePmdMapped": 0,
              "KSM": 0,
              "LazyFree": 0,
              "Locked": 0,
              "Private_Clean": 36,
              "Private_Dirty": 1364,
              "Private_Hugetlb": 0,
              "Pss": 2056,
              "Pss_Anon": 1364,
              "Pss_Dirty": 1364,
              "Pss_File": 692,
              "Pss_Shmem": 0,
              "Referenced": 6176,
              "Rss": 6176,
              "Shared_Clean": 4776,
              "Shared_Dirty": 0,
              "Shared_Hugetlb": 0,
              "ShmemPmdMapped": 0,
              "Swap": 0,
              "SwapPss": 0
            },
            "start_ticks": 189483113
          }
        ],
        "reason": "initial+phase_marker+rss_growth",
        "tree_rss_kib": 4892
      },
      {
        "elapsed_s": 0.5236,
        "processes": [],
        "reason": "phase_marker+terminal",
        "tree_rss_kib": 0
      }
    ],
    "status": "complete",
    "temporary_disk_limit_bytes": 67108864,
    "wall_time_limit_seconds": null
  }
}
