{"command": ["/usr/bin/python3", "/home/x/deco/gamma/projects/enwiki9/tools/run_with_resource_guard_v3.py", "--limit-kib", "2097152", "--official-decimal-limit-kib", "2097152", "--limit-mode", "tree", "--cgroup-path", "/sys/fs/cgroup/user.slice/user-1000.slice/user@1000.service/app.slice/gamma-enwiki9-20260906T150251Z_ce40094662", "--cgroup-memory-max-bytes", "2147483648", "--temporary-disk-limit-bytes", "268435456", "--phase-marker-path", "/home/x/deco/gamma/projects/enwiki9/run_logs/adaptive/20260906T150251Z_ce40094662.resources/phases.jsonl", "--max-logical-cpus", "1", "--guard-json", "/home/x/deco/gamma/projects/enwiki9/run_logs/adaptive/20260906T150251Z_ce40094662.resources/guard.json", "--label", "20260906T150251Z_ce40094662", "--phase", "diagnostic", "--scratch-path", "/home/x/deco/gamma/projects/enwiki9/results/midas_open_observer_sha_cost4096_q0_v1", "--scratch-path", "/home/x/deco/gamma/projects/enwiki9/run_logs/adaptive/20260906T150251Z_ce40094662.log", "--scratch-path", "/home/x/deco/gamma/projects/enwiki9/run_logs/adaptive/20260906T150251Z_ce40094662.resources", "--scratch-path", "/tmp/gamma-enwiki9-20260906T150251Z_ce40094662-37sze4a9/midas_open_observer_sha_cost4096_q0_v1", "--", "/usr/bin/taskset", "--cpu-list", "2", "/bin/sh", "-c", "printf '%s\\n' '{\"phase\":\"diagnostic\",\"event\":\"worker_start\",\"detail\":\"operational envelope only; no codec phase credit\"}' >> \"$GAMMA_RESOURCE_PHASE_MARKERS\" || exit 125; exec \"$@\"", "enwiki9-discovery-envelope", "/usr/bin/python3", "/home/x/deco/gamma/projects/enwiki9/tools/midas_open_observed_sha_gate_v1.py", "--candidate", "midas_open_observer_sha_cost4096_q0_v1"], "job": {"candidate_id": "midas_open_observer_sha_cost4096_q0_v1", "candidate_revision": {"path": "operations/adaptive/candidate-revisions/midas_open_observer_sha_cost4096_q0_v1/20260906T145002324294Z_e9e9a61cb011.json", "sha256": "sha256:de3916a8bddc10992b6d8540b96295930cfdc6be6bb6b9a201d589ded86c9bfd"}, "candidate_tree_sha256": "sha256:e9e9a61cb0111c009e8ddeeb5040229e9445be95211eab0b1adf468db86fce3f", "execution_guard": {"path": "tools/run_with_resource_guard_v3.py", "sha256": "sha256:044147f7ffe6922ea8dafd52fc3d4426077b20958adbcd421245ad41adcfc1e4"}, "execution_mode": "discovery", "execution_resources": {"boot_id": "3ce46712-27bc-4199-8e48-e2b3d23926cb", "budget": {"cgroup_parent": "/sys/fs/cgroup/user.slice/user-1000.slice/user@1000.service/app.slice", "cpus": [2], "memory_bytes": 2147483648, "scratch_bytes": 268435456, "swap_bytes": 0, "wall_seconds": 180}, "cgroup_inode": 233344, "cgroup_path": "/sys/fs/cgroup/user.slice/user-1000.slice/user@1000.service/app.slice/gamma-enwiki9-20260906T150251Z_ce40094662", "cpu_enforcement": "taskset-and-sampled-affinity-guard", "groups": [{"created": true, "inode": 233344, "kernel_cpuset": false, "memory_bytes": 2147483648, "path": "/sys/fs/cgroup/user.slice/user-1000.slice/user@1000.service/app.slice/gamma-enwiki9-20260906T150251Z_ce40094662"}], "guard_command_sha256": "1376d2a6b3811606236293bcfcd6fdd45312383f28667e91cc9e18d7100c7dee", "guard_path": "run_logs/adaptive/20260906T150251Z_ce40094662.resources/guard.json", "missing_diagnostics": ["kernel cpuset controller is not delegated; taskset assignment and existing affinity guard remain active"], "timing_authority": "diagnostic"}, "experiment": {"path": "operations/adaptive/experiments/midas_open_observer_sha_cost4096_q0_v1.json", "sha256": "sha256:5c78bd482486710b6651d9dd3bb3303261a466dd8679a8ae70e614195b7c1d8b"}, "gate_size": 4096, "held": false, "held_at": "2026-09-06T15:02:50+00:00", "hold_history": [{"at": "2026-09-06T15:02:50+00:00", "held": true, "reason": "Retry after validated infrastructure-failure reflection20260906T145045Z_48b35ff173: zero codec phases and empty result directory. Held until publication, previous launcher refresh closure and fresh CPU2 admission. Entire canonical launcher must inherit CPU2 via outer taskset before fork; frozen inputs and limits unchanged."}, {"at": "2026-09-06T15:04:36+00:00", "held": false, "reason": "Validated infrastructure-failure reflection and unchanged retry ownership published at6b161145db8d18c29114259c07387767e40297ba; all304 inputs reverified against disk and published HEAD, output directory empty. Previous launcher closed; fresh15:03:42Z admission shows only HORIZON, no lease or competing CPU2 gate. Execute taskset -c2 around canonical launcher to establish affinity before fork; all guard limits remain unchanged."}], "job_id": "20260906T150251Z_ce40094662", "priority": 40, "proposal": {"path": "operations/adaptive/proposals/developed/949_midas_open_observer_sha_cost4096_q0_v1.json", "sha256": "sha256:4446151ceed8e09f7dd0609449474796657c197d6995f606552dd1cd84820321"}, "proposal_id": "midas_open_observer_sha_cost4096_q0_v1", "purpose": "diagnostic", "released_at": "2026-09-06T15:04:36+00:00", "resource_budget": {"cgroup_parent": "/sys/fs/cgroup/user.slice/user-1000.slice/user@1000.service/app.slice", "cpus": [2], "memory_bytes": 2147483648, "scratch_bytes": 268435456, "swap_bytes": 0, "wall_seconds": 180}, "runner": {"path": "tools/midas_open_observed_sha_gate_v1.py", "sha256": "sha256:fa48461e16e5cb2cee6caaaf551f6a395f2884a69034feb064987ab3a2e92c6c"}, "schema": "gamma.enwiki9.adaptive-job.v3", "scratch_directories": ["results/midas_open_observer_sha_cost4096_q0_v1"], "started_at": "2026-09-06T15:04:36+00:00", "state": "running", "submitted_at": "2026-09-06T15:02:51+00:00", "tags": ["held_initially", "owner_root_explore", "retry_inherited_affinity_cpu2", "sha_observer_cost", "synthetic4096"], "timing_authority": "diagnostic", "tool": "tools/midas_open_observed_sha_gate_v1.py", "tool_args": ["--candidate", "midas_open_observer_sha_cost4096_q0_v1"]}}
{"status": "passed", "infrastructure_pass": true, "candidate_id": "midas_open_observer_sha_cost4096_q0_v1"}
{
  "resource_guard": {
    "cgroup": {
      "inode": 233344,
      "joined_before_exec": true,
      "memory_max_bytes": 2147483648,
      "memory_max_rounding_bytes": 0,
      "memory_peak_reset": true,
      "path": "/sys/fs/cgroup/user.slice/user-1000.slice/user@1000.service/app.slice/gamma-enwiki9-20260906T150251Z_ce40094662",
      "previous_memory_max": "2147483648",
      "requested_memory_max_bytes": 2147483648
    },
    "cgroup_events": {
      "baseline": {
        "high": 0,
        "low": 0,
        "max": 0,
        "oom": 0,
        "oom_group_kill": 0,
        "oom_kill": 0,
        "sock_throttled": 0
      },
      "delta": {
        "high": 0,
        "low": 0,
        "max": 0,
        "oom": 0,
        "oom_group_kill": 0,
        "oom_kill": 0,
        "sock_throttled": 0
      },
      "final": {
        "high": 0,
        "low": 0,
        "max": 0,
        "oom": 0,
        "oom_group_kill": 0,
        "oom_kill": 0,
        "sock_throttled": 0
      }
    },
    "command": [
      "/usr/bin/taskset",
      "--cpu-list",
      "2",
      "/bin/sh",
      "-c",
      "printf '%s\\n' '{\"phase\":\"diagnostic\",\"event\":\"worker_start\",\"detail\":\"operational envelope only; no codec phase credit\"}' >> \"$GAMMA_RESOURCE_PHASE_MARKERS\" || exit 125; exec \"$@\"",
      "enwiki9-discovery-envelope",
      "/usr/bin/python3",
      "/home/x/deco/gamma/projects/enwiki9/tools/midas_open_observed_sha_gate_v1.py",
      "--candidate",
      "midas_open_observer_sha_cost4096_q0_v1"
    ],
    "command_sha256": "34551f2fd1818a08694e5e55b4c3e73c00fb2a20ba5eaa0993f7369b6db6e61d",
    "elapsed_s": 24.1418,
    "geekbench5_single_core_score": null,
    "guards": {
      "cgroup_memory_guard_exceeded": false,
      "logical_cpu_guard_exceeded": false,
      "measurement_incomplete": false,
      "official_decimal_memory_exceeded": false,
      "phase_marker_invalid": false,
      "rss_guard_exceeded": false,
      "temporary_disk_guard_exceeded": false,
      "wall_time_guard_exceeded": false
    },
    "label": "20260906T150251Z_ce40094662",
    "latest_sample": {
      "allowed_cpu_union": [],
      "cgroup_current_bytes": 27545600,
      "elapsed_s": 24.1396,
      "max_single_rss_kib": 0,
      "persistent_status_misses": [],
      "processes": [],
      "scratch_allocated_bytes": 26447872,
      "scratch_file_count": 157,
      "scratch_logical_bytes": 25891451,
      "scratch_race_count": 0,
      "tree_live_threads": 0,
      "tree_rss_kib": 0,
      "tree_runnable_threads": 0
    },
    "limit_kib": 2097152,
    "limit_mode": "tree",
    "max_logical_cpus": 1,
    "measurements": {
      "affinity_complete": true,
      "cgroup_v2_complete": true,
      "per_process_vmhwm_sampled": true,
      "phase_markers_complete": true,
      "process_tree_rss_complete": true,
      "scratch_logical_and_allocated_complete": true,
      "smaps_rollup_complete": true
    },
    "objective": {
      "corpusBytes": 1000000000,
      "corpusSha256": "159b85351e5f76e60cbe32e04c677847a9ecba3adc79addab6f4c6c7aa3744bc",
      "objectiveDigest": "sha256:16badfa6c1a53b47bcc12b089fdd9c21f7405ea56a84344d60c28d2252da8288",
      "objectiveId": "gamma-enwiki9-hutter-99m-v2",
      "objectivePath": "contracts/research/v2/objective-contract.json",
      "targetScoreBytes": 99000000
    },
    "official_decimal_limit_kib": 2097152,
    "peak_process_vmhwm": {
      "comm": "python3",
      "observed_elapsed_s": 11.576,
      "pid": 2409280,
      "start_ticks": 180321492,
      "vmhwm_kib": 51952
    },
    "peak_sample": {
      "allowed_cpu_union": [
        2
      ],
      "cgroup_current_bytes": 66236416,
      "elapsed_s": 23.635,
      "max_single_rss_kib": 49576,
      "persistent_status_misses": [],
      "processes": [
        {
          "allowed_cpus": [
            2
          ],
          "comm": "python3",
          "live_threads": 1,
          "pid": 2409280,
          "rss_kib": 49576,
          "runnable_threads": 1,
          "start_ticks": 180321492,
          "vmhwm_kib": 51952
        }
      ],
      "scratch_allocated_bytes": 26390528,
      "scratch_file_count": 155,
      "scratch_logical_bytes": 25840198,
      "scratch_race_count": 0,
      "tree_live_threads": 1,
      "tree_rss_kib": 49576,
      "tree_runnable_threads": 1
    },
    "peak_tree_sample": {
      "allowed_cpu_union": [
        2
      ],
      "cgroup_current_bytes": 57294848,
      "elapsed_s": 7.5584,
      "max_single_rss_kib": 49252,
      "persistent_status_misses": [],
      "processes": [
        {
          "allowed_cpus": [
            2
          ],
          "comm": "python3",
          "live_threads": 1,
          "pid": 2409280,
          "rss_kib": 49252,
          "runnable_threads": 0,
          "start_ticks": 180321492,
          "vmhwm_kib": 50764
        },
        {
          "allowed_cpus": [
            2
          ],
          "comm": "timeout",
          "live_threads": 1,
          "pid": 2410327,
          "rss_kib": 7780,
          "runnable_threads": 0,
          "start_ticks": 180322063,
          "vmhwm_kib": 7780
        },
        {
          "allowed_cpus": [
            2
          ],
          "comm": "program",
          "live_threads": 1,
          "pid": 2410328,
          "rss_kib": 10928,
          "runnable_threads": 0,
          "start_ticks": 180322064,
          "vmhwm_kib": 12056
        }
      ],
      "scratch_allocated_bytes": 10543104,
      "scratch_file_count": 60,
      "scratch_logical_bytes": 10318386,
      "scratch_race_count": 0,
      "tree_live_threads": 3,
      "tree_rss_kib": 67960,
      "tree_runnable_threads": 0
    },
    "peaks": {
      "cgroup_memory_peak_bytes": 73457664,
      "max_observed_process_vmhwm_kib": 51952,
      "max_sampled_allowed_cpu_count": 1,
      "max_sampled_cgroup_current_bytes": 69070848,
      "max_sampled_scratch_allocated_bytes": 26447872,
      "max_sampled_scratch_logical_bytes": 25891451,
      "max_sampled_single_rss_kib": 49576,
      "max_sampled_tree_live_threads": 3,
      "max_sampled_tree_rss_kib": 67960,
      "max_sampled_tree_runnable_threads": 1
    },
    "phase": "diagnostic",
    "phase_marker_path": "/home/x/deco/gamma/projects/enwiki9/run_logs/adaptive/20260906T150251Z_ce40094662.resources/phases.jsonl",
    "phase_markers": [
      {
        "detail": "operational envelope only; no codec phase credit",
        "event": "worker_start",
        "observed_elapsed_s": 0.0241,
        "phase": "diagnostic",
        "source_line": 1
      },
      {
        "detail": null,
        "event": "start",
        "observed_elapsed_s": 0.525,
        "phase": "P-reference",
        "source_line": 2
      },
      {
        "detail": null,
        "event": "end",
        "observed_elapsed_s": 1.028,
        "phase": "P-reference",
        "source_line": 3
      },
      {
        "detail": null,
        "event": "start",
        "observed_elapsed_s": 1.028,
        "phase": "P-encode",
        "source_line": 4
      },
      {
        "detail": null,
        "event": "end",
        "observed_elapsed_s": 2.534,
        "phase": "P-encode",
        "source_line": 5
      },
      {
        "detail": null,
        "event": "start",
        "observed_elapsed_s": 2.534,
        "phase": "P-decode",
        "source_line": 6
      },
      {
        "detail": null,
        "event": "end",
        "observed_elapsed_s": 3.5402,
        "phase": "P-decode",
        "source_line": 7
      },
      {
        "detail": null,
        "event": "start",
        "observed_elapsed_s": 3.5402,
        "phase": "P-repeat",
        "source_line": 8
      },
      {
        "detail": null,
        "event": "end",
        "observed_elapsed_s": 4.545,
        "phase": "P-repeat",
        "source_line": 9
      },
      {
        "detail": null,
        "event": "start",
        "observed_elapsed_s": 4.545,
        "phase": "K-reference",
        "source_line": 10
      },
      {
        "detail": null,
        "event": "end",
        "observed_elapsed_s": 6.052,
        "phase": "K-reference",
        "source_line": 11
      },
      {
        "detail": null,
        "event": "start",
        "observed_elapsed_s": 6.052,
        "phase": "K-encode",
        "source_line": 12
      },
      {
        "detail": null,
        "event": "end",
        "observed_elapsed_s": 8.06,
        "phase": "K-encode",
        "source_line": 13
      },
      {
        "detail": null,
        "event": "start",
        "observed_elapsed_s": 8.06,
        "phase": "K-decode",
        "source_line": 14
      },
      {
        "detail": null,
        "event": "end",
        "observed_elapsed_s": 9.567,
        "phase": "K-decode",
        "source_line": 15
      },
      {
        "detail": null,
        "event": "start",
        "observed_elapsed_s": 9.567,
        "phase": "K-repeat",
        "source_line": 16
      },
      {
        "detail": null,
        "event": "end",
        "observed_elapsed_s": 11.576,
        "phase": "K-repeat",
        "source_line": 17
      },
      {
        "detail": null,
        "event": "start",
        "observed_elapsed_s": 11.576,
        "phase": "F-reference",
        "source_line": 18
      },
      {
        "detail": null,
        "event": "end",
        "observed_elapsed_s": 13.083,
        "phase": "F-reference",
        "source_line": 19
      },
      {
        "detail": null,
        "event": "start",
        "observed_elapsed_s": 13.083,
        "phase": "F-encode",
        "source_line": 20
      },
      {
        "detail": null,
        "event": "end",
        "observed_elapsed_s": 14.59,
        "phase": "F-encode",
        "source_line": 21
      },
      {
        "detail": null,
        "event": "start",
        "observed_elapsed_s": 14.59,
        "phase": "F-decode",
        "source_line": 22
      },
      {
        "detail": null,
        "event": "end",
        "observed_elapsed_s": 16.097,
        "phase": "F-decode",
        "source_line": 23
      },
      {
        "detail": null,
        "event": "start",
        "observed_elapsed_s": 16.097,
        "phase": "F-repeat",
        "source_line": 24
      },
      {
        "detail": null,
        "event": "end",
        "observed_elapsed_s": 17.6062,
        "phase": "F-repeat",
        "source_line": 25
      },
      {
        "detail": null,
        "event": "start",
        "observed_elapsed_s": 17.6062,
        "phase": "S-reference",
        "source_line": 26
      },
      {
        "detail": null,
        "event": "end",
        "observed_elapsed_s": 19.114,
        "phase": "S-reference",
        "source_line": 27
      },
      {
        "detail": null,
        "event": "start",
        "observed_elapsed_s": 19.114,
        "phase": "S-encode",
        "source_line": 28
      },
      {
        "detail": null,
        "event": "end",
        "observed_elapsed_s": 20.621,
        "phase": "S-encode",
        "source_line": 29
      },
      {
        "detail": null,
        "event": "start",
        "observed_elapsed_s": 20.621,
        "phase": "S-decode",
        "source_line": 30
      },
      {
        "detail": null,
        "event": "end",
        "observed_elapsed_s": 22.1279,
        "phase": "S-decode",
        "source_line": 31
      },
      {
        "detail": null,
        "event": "start",
        "observed_elapsed_s": 22.1279,
        "phase": "S-repeat",
        "source_line": 32
      },
      {
        "detail": null,
        "event": "end",
        "observed_elapsed_s": 23.635,
        "phase": "S-repeat",
        "source_line": 33
      }
    ],
    "returncode": 0,
    "sample_count": 49,
    "sample_interval_seconds": 0.5,
    "schema": "gamma.enwiki9.resource-guard-receipt.v3",
    "scratch_paths": [
      "/home/x/deco/gamma/projects/enwiki9/results/midas_open_observer_sha_cost4096_q0_v1",
      "/home/x/deco/gamma/projects/enwiki9/run_logs/adaptive/20260906T150251Z_ce40094662.log",
      "/home/x/deco/gamma/projects/enwiki9/run_logs/adaptive/20260906T150251Z_ce40094662.resources",
      "/tmp/gamma-enwiki9-20260906T150251Z_ce40094662-37sze4a9/midas_open_observer_sha_cost4096_q0_v1"
    ],
    "smaps_rollup_checkpoints": [
      {
        "elapsed_s": 0.0241,
        "processes": [
          {
            "pid": 2409280,
            "rollup_kib": {
              "AnonHugePages": 0,
              "Anonymous": 2920,
              "FilePmdMapped": 0,
              "KSM": 0,
              "LazyFree": 0,
              "Locked": 0,
              "Private_Clean": 24,
              "Private_Dirty": 2920,
              "Private_Hugetlb": 0,
              "Pss": 3720,
              "Pss_Anon": 2920,
              "Pss_Dirty": 2920,
              "Pss_File": 800,
              "Pss_Shmem": 0,
              "Referenced": 9644,
              "Rss": 9644,
              "Shared_Clean": 6700,
              "Shared_Dirty": 0,
              "Shared_Hugetlb": 0,
              "ShmemPmdMapped": 0,
              "Swap": 0,
              "SwapPss": 0
            },
            "start_ticks": 180321492
          }
        ],
        "reason": "initial+phase_marker+rss_growth",
        "tree_rss_kib": 9644
      },
      {
        "elapsed_s": 0.525,
        "processes": [
          {
            "pid": 2409280,
            "rollup_kib": {
              "AnonHugePages": 0,
              "Anonymous": 35364,
              "FilePmdMapped": 0,
              "KSM": 0,
              "LazyFree": 0,
              "Locked": 0,
              "Private_Clean": 24,
              "Private_Dirty": 35364,
              "Private_Hugetlb": 0,
              "Pss": 36576,
              "Pss_Anon": 35364,
              "Pss_Dirty": 35364,
              "Pss_File": 1212,
              "Pss_Shmem": 0,
              "Referenced": 47636,
              "Rss": 47636,
              "Shared_Clean": 12248,
              "Shared_Dirty": 0,
              "Shared_Hugetlb": 0,
              "ShmemPmdMapped": 0,
              "Swap": 0,
              "SwapPss": 0
            },
            "start_ticks": 180321492
          },
          {
            "pid": 2409335,
            "rollup_kib": {
              "AnonHugePages": 0,
              "Anonymous": 1244,
              "FilePmdMapped": 0,
              "KSM": 0,
              "LazyFree": 0,
              "Locked": 0,
              "Private_Clean": 536,
              "Private_Dirty": 1244,
              "Private_Hugetlb": 0,
              "Pss": 3497,
              "Pss_Anon": 1244,
              "Pss_Dirty": 1244,
              "Pss_File": 2253,
              "Pss_Shmem": 0,
              "Referenced": 7844,
              "Rss": 7844,
              "Shared_Clean": 6064,
              "Shared_Dirty": 0,
              "Shared_Hugetlb": 0,
              "ShmemPmdMapped": 0,
              "Swap": 0,
              "SwapPss": 0
            },
            "start_ticks": 180321520
          },
          {
            "pid": 2409336,
            "rollup_kib": {
              "AnonHugePages": 0,
              "Anonymous": 884,
              "FilePmdMapped": 0,
              "KSM": 0,
              "LazyFree": 0,
              "Locked": 0,
              "Private_Clean": 0,
              "Private_Dirty": 1196,
              "Private_Hugetlb": 0,
              "Pss": 1382,
              "Pss_Anon": 884,
              "Pss_Dirty": 1196,
              "Pss_File": 498,
              "Pss_Shmem": 0,
              "Referenced": 4924,
              "Rss": 4924,
              "Shared_Clean": 3728,
              "Shared_Dirty": 0,
              "Shared_Hugetlb": 0,
              "ShmemPmdMapped": 0,
              "Swap": 0,
              "SwapPss": 0
            },
            "start_ticks": 180321520
          }
        ],
        "reason": "phase_marker",
        "tree_rss_kib": 60404
      },
      {
        "elapsed_s": 1.028,
        "processes": [
          {
            "pid": 2409280,
            "rollup_kib": {
              "AnonHugePages": 0,
              "Anonymous": 36496,
              "FilePmdMapped": 0,
              "KSM": 0,
              "LazyFree": 0,
              "Locked": 0,
              "Private_Clean": 24,
              "Private_Dirty": 36496,
              "Private_Hugetlb": 0,
              "Pss": 37719,
              "Pss_Anon": 36496,
              "Pss_Dirty": 36496,
              "Pss_File": 1223,
              "Pss_Shmem": 0,
              "Referenced": 48832,
              "Rss": 48832,
              "Shared_Clean": 12312,
              "Shared_Dirty": 0,
              "Shared_Hugetlb": 0,
              "ShmemPmdMapped": 0,
              "Swap": 0,
              "SwapPss": 0
            },
            "start_ticks": 180321492
          },
          {
            "pid": 2409479,
            "rollup_kib": {
              "AnonHugePages": 0,
              "Anonymous": 1252,
              "FilePmdMapped": 0,
              "KSM": 0,
              "LazyFree": 0,
              "Locked": 0,
              "Private_Clean": 3728,
              "Private_Dirty": 1252,
              "Private_Hugetlb": 0,
              "Pss": 5048,
              "Pss_Anon": 1252,
              "Pss_Dirty": 1252,
              "Pss_File": 3796,
              "Pss_Shmem": 0,
              "Referenced": 7736,
              "Rss": 7736,
              "Shared_Clean": 2756,
              "Shared_Dirty": 0,
              "Shared_Hugetlb": 0,
              "ShmemPmdMapped": 0,
              "Swap": 0,
              "SwapPss": 0
            },
            "start_ticks": 180321591
          },
          {
            "pid": 2409480,
            "rollup_kib": {
              "AnonHugePages": 0,
              "Anonymous": 1252,
              "FilePmdMapped": 0,
              "KSM": 0,
              "LazyFree": 0,
              "Locked": 0,
              "Private_Clean": 56,
              "Private_Dirty": 1612,
              "Private_Hugetlb": 0,
              "Pss": 1873,
              "Pss_Anon": 1252,
              "Pss_Dirty": 1612,
              "Pss_File": 621,
              "Pss_Shmem": 0,
              "Referenced": 5720,
              "Rss": 5720,
              "Shared_Clean": 4052,
              "Shared_Dirty": 0,
              "Shared_Hugetlb": 0,
              "ShmemPmdMapped": 0,
              "Swap": 0,
              "SwapPss": 0
            },
            "start_ticks": 180321591
          }
        ],
        "reason": "phase_marker",
        "tree_rss_kib": 62288
      },
      {
        "elapsed_s": 2.534,
        "processes": [
          {
            "pid": 2409280,
            "rollup_kib": {
              "AnonHugePages": 0,
              "Anonymous": 36504,
              "FilePmdMapped": 0,
              "KSM": 0,
              "LazyFree": 0,
              "Locked": 0,
              "Private_Clean": 24,
              "Private_Dirty": 36504,
              "Private_Hugetlb": 0,
              "Pss": 37727,
              "Pss_Anon": 36504,
              "Pss_Dirty": 36504,
              "Pss_File": 1223,
              "Pss_Shmem": 0,
              "Referenced": 48840,
              "Rss": 48840,
              "Shared_Clean": 12312,
              "Shared_Dirty": 0,
              "Shared_Hugetlb": 0,
              "ShmemPmdMapped": 0,
              "Swap": 0,
              "SwapPss": 0
            },
            "start_ticks": 180321492
          },
          {
            "pid": 2409685,
            "rollup_kib": {
              "AnonHugePages": 0,
              "Anonymous": 1244,
              "FilePmdMapped": 0,
              "KSM": 0,
              "LazyFree": 0,
              "Locked": 0,
              "Private_Clean": 168,
              "Private_Dirty": 1244,
              "Private_Hugetlb": 0,
              "Pss": 3275,
              "Pss_Anon": 1244,
              "Pss_Dirty": 1244,
              "Pss_File": 2031,
              "Pss_Shmem": 0,
              "Referenced": 7744,
              "Rss": 7744,
              "Shared_Clean": 6332,
              "Shared_Dirty": 0,
              "Shared_Hugetlb": 0,
              "ShmemPmdMapped": 0,
              "Swap": 0,
              "SwapPss": 0
            },
            "start_ticks": 180321703
          },
          {
            "pid": 2409686,
            "rollup_kib": {
              "AnonHugePages": 0,
              "Anonymous": 2852,
              "FilePmdMapped": 0,
              "KSM": 0,
              "LazyFree": 0,
              "Locked": 0,
              "Private_Clean": 56,
              "Private_Dirty": 3204,
              "Private_Hugetlb": 0,
              "Pss": 3465,
              "Pss_Anon": 2852,
              "Pss_Dirty": 3204,
              "Pss_File": 613,
              "Pss_Shmem": 0,
              "Referenced": 7312,
              "Rss": 7312,
              "Shared_Clean": 4052,
              "Shared_Dirty": 0,
              "Shared_Hugetlb": 0,
              "ShmemPmdMapped": 0,
              "Swap": 0,
              "SwapPss": 0
            },
            "start_ticks": 180321703
          }
        ],
        "reason": "phase_marker",
        "tree_rss_kib": 63896
      },
      {
        "elapsed_s": 3.5402,
        "processes": [
          {
            "pid": 2409280,
            "rollup_kib": {
              "AnonHugePages": 0,
              "Anonymous": 36508,
              "FilePmdMapped": 0,
              "KSM": 0,
              "LazyFree": 0,
              "Locked": 0,
              "Private_Clean": 24,
              "Private_Dirty": 36508,
              "Private_Hugetlb": 0,
              "Pss": 37731,
              "Pss_Anon": 36508,
              "Pss_Dirty": 36508,
              "Pss_File": 1223,
              "Pss_Shmem": 0,
              "Referenced": 48844,
              "Rss": 48844,
              "Shared_Clean": 12312,
              "Shared_Dirty": 0,
              "Shared_Hugetlb": 0,
              "ShmemPmdMapped": 0,
              "Swap": 0,
              "SwapPss": 0
            },
            "start_ticks": 180321492
          },
          {
            "pid": 2409879,
            "rollup_kib": {
              "AnonHugePages": 0,
              "Anonymous": 1248,
              "FilePmdMapped": 0,
              "KSM": 0,
              "LazyFree": 0,
              "Locked": 0,
              "Private_Clean": 3760,
              "Private_Dirty": 1248,
              "Private_Hugetlb": 0,
              "Pss": 5076,
              "Pss_Anon": 1248,
              "Pss_Dirty": 1248,
              "Pss_File": 3828,
              "Pss_Shmem": 0,
              "Referenced": 7764,
              "Rss": 7764,
              "Shared_Clean": 2756,
              "Shared_Dirty": 0,
              "Shared_Hugetlb": 0,
              "ShmemPmdMapped": 0,
              "Swap": 0,
              "SwapPss": 0
            },
            "start_ticks": 180321815
          },
          {
            "pid": 2409880,
            "rollup_kib": {
              "AnonHugePages": 0,
              "Anonymous": 1436,
              "FilePmdMapped": 0,
              "KSM": 0,
              "LazyFree": 0,
              "Locked": 0,
              "Private_Clean": 56,
              "Private_Dirty": 1808,
              "Private_Hugetlb": 0,
              "Pss": 2072,
              "Pss_Anon": 1436,
              "Pss_Dirty": 1808,
              "Pss_File": 636,
              "Pss_Shmem": 0,
              "Referenced": 5912,
              "Rss": 5912,
              "Shared_Clean": 4048,
              "Shared_Dirty": 0,
              "Shared_Hugetlb": 0,
              "ShmemPmdMapped": 0,
              "Swap": 0,
              "SwapPss": 0
            },
            "start_ticks": 180321815
          }
        ],
        "reason": "phase_marker",
        "tree_rss_kib": 62520
      },
      {
        "elapsed_s": 4.545,
        "processes": [
          {
            "pid": 2409280,
            "rollup_kib": {
              "AnonHugePages": 0,
              "Anonymous": 36532,
              "FilePmdMapped": 0,
              "KSM": 0,
              "LazyFree": 0,
              "Locked": 0,
              "Private_Clean": 24,
              "Private_Dirty": 36532,
              "Private_Hugetlb": 0,
              "Pss": 37755,
              "Pss_Anon": 36532,
              "Pss_Dirty": 36532,
              "Pss_File": 1223,
              "Pss_Shmem": 0,
              "Referenced": 48868,
              "Rss": 48868,
              "Shared_Clean": 12312,
              "Shared_Dirty": 0,
              "Shared_Hugetlb": 0,
              "ShmemPmdMapped": 0,
              "Swap": 0,
              "SwapPss": 0
            },
            "start_ticks": 180321492
          },
          {
            "pid": 2410089,
            "rollup_kib": {
              "AnonHugePages": 0,
              "Anonymous": 1244,
              "FilePmdMapped": 0,
              "KSM": 0,
              "LazyFree": 0,
              "Locked": 0,
              "Private_Clean": 548,
              "Private_Dirty": 1244,
              "Private_Hugetlb": 0,
              "Pss": 3405,
              "Pss_Anon": 1244,
              "Pss_Dirty": 1244,
              "Pss_File": 2161,
              "Pss_Shmem": 0,
              "Referenced": 7616,
              "Rss": 7616,
              "Shared_Clean": 5824,
              "Shared_Dirty": 0,
              "Shared_Hugetlb": 0,
              "ShmemPmdMapped": 0,
              "Swap": 0,
              "SwapPss": 0
            },
            "start_ticks": 180321932
          },
          {
            "pid": 2410090,
            "rollup_kib": {
              "AnonHugePages": 0,
              "Anonymous": 2872,
              "FilePmdMapped": 0,
              "KSM": 0,
              "LazyFree": 0,
              "Locked": 0,
              "Private_Clean": 0,
              "Private_Dirty": 3184,
              "Private_Hugetlb": 0,
              "Pss": 3370,
              "Pss_Anon": 2872,
              "Pss_Dirty": 3184,
              "Pss_File": 498,
              "Pss_Shmem": 0,
              "Referenced": 6916,
              "Rss": 6916,
              "Shared_Clean": 3732,
              "Shared_Dirty": 0,
              "Shared_Hugetlb": 0,
              "ShmemPmdMapped": 0,
              "Swap": 0,
              "SwapPss": 0
            },
            "start_ticks": 180321932
          }
        ],
        "reason": "phase_marker",
        "tree_rss_kib": 63400
      },
      {
        "elapsed_s": 6.052,
        "processes": [
          {
            "pid": 2409280,
            "rollup_kib": {
              "AnonHugePages": 0,
              "Anonymous": 36916,
              "FilePmdMapped": 0,
              "KSM": 0,
              "LazyFree": 0,
              "Locked": 0,
              "Private_Clean": 24,
              "Private_Dirty": 36916,
              "Private_Hugetlb": 0,
              "Pss": 38139,
              "Pss_Anon": 36916,
              "Pss_Dirty": 36916,
              "Pss_File": 1223,
              "Pss_Shmem": 0,
              "Referenced": 49252,
              "Rss": 49252,
              "Shared_Clean": 12312,
              "Shared_Dirty": 0,
              "Shared_Hugetlb": 0,
              "ShmemPmdMapped": 0,
              "Swap": 0,
              "SwapPss": 0
            },
            "start_ticks": 180321492
          },
          {
            "pid": 2410327,
            "rollup_kib": {
              "AnonHugePages": 0,
              "Anonymous": 1248,
              "FilePmdMapped": 0,
              "KSM": 0,
              "LazyFree": 0,
              "Locked": 0,
              "Private_Clean": 3728,
              "Private_Dirty": 1248,
              "Private_Hugetlb": 0,
              "Pss": 5050,
              "Pss_Anon": 1248,
              "Pss_Dirty": 1248,
              "Pss_File": 3802,
              "Pss_Shmem": 0,
              "Referenced": 7780,
              "Rss": 7780,
              "Shared_Clean": 2804,
              "Shared_Dirty": 0,
              "Shared_Hugetlb": 0,
              "ShmemPmdMapped": 0,
              "Swap": 0,
              "SwapPss": 0
            },
            "start_ticks": 180322063
          },
          {
            "pid": 2410328,
            "rollup_kib": {
              "AnonHugePages": 0,
              "Anonymous": 3268,
              "FilePmdMapped": 0,
              "KSM": 0,
              "LazyFree": 0,
              "Locked": 0,
              "Private_Clean": 56,
              "Private_Dirty": 3640,
              "Private_Hugetlb": 0,
              "Pss": 3902,
              "Pss_Anon": 3268,
              "Pss_Dirty": 3640,
              "Pss_File": 634,
              "Pss_Shmem": 0,
              "Referenced": 7748,
              "Rss": 7748,
              "Shared_Clean": 4052,
              "Shared_Dirty": 0,
              "Shared_Hugetlb": 0,
              "ShmemPmdMapped": 0,
              "Swap": 0,
              "SwapPss": 0
            },
            "start_ticks": 180322064
          }
        ],
        "reason": "phase_marker",
        "tree_rss_kib": 64780
      },
      {
        "elapsed_s": 8.06,
        "processes": [
          {
            "pid": 2409280,
            "rollup_kib": {
              "AnonHugePages": 0,
              "Anonymous": 36920,
              "FilePmdMapped": 0,
              "KSM": 0,
              "LazyFree": 0,
              "Locked": 0,
              "Private_Clean": 24,
              "Private_Dirty": 36920,
              "Private_Hugetlb": 0,
              "Pss": 38143,
              "Pss_Anon": 36920,
              "Pss_Dirty": 36920,
              "Pss_File": 1223,
              "Pss_Shmem": 0,
              "Referenced": 49256,
              "Rss": 49256,
              "Shared_Clean": 12312,
              "Shared_Dirty": 0,
              "Shared_Hugetlb": 0,
              "ShmemPmdMapped": 0,
              "Swap": 0,
              "SwapPss": 0
            },
            "start_ticks": 180321492
          },
          {
            "pid": 2410667,
            "rollup_kib": {
              "AnonHugePages": 0,
              "Anonymous": 1244,
              "FilePmdMapped": 0,
              "KSM": 0,
              "LazyFree": 0,
              "Locked": 0,
              "Private_Clean": 296,
              "Private_Dirty": 1244,
              "Private_Hugetlb": 0,
              "Pss": 3341,
              "Pss_Anon": 1244,
              "Pss_Dirty": 1244,
              "Pss_File": 2097,
              "Pss_Shmem": 0,
              "Referenced": 7764,
              "Rss": 7764,
              "Shared_Clean": 6224,
              "Shared_Dirty": 0,
              "Shared_Hugetlb": 0,
              "ShmemPmdMapped": 0,
              "Swap": 0,
              "SwapPss": 0
            },
            "start_ticks": 180322255
          },
          {
            "pid": 2410668,
            "rollup_kib": {
              "AnonHugePages": 0,
              "Anonymous": 2672,
              "FilePmdMapped": 0,
              "KSM": 0,
              "LazyFree": 0,
              "Locked": 0,
              "Private_Clean": 56,
              "Private_Dirty": 3028,
              "Private_Hugetlb": 0,
              "Pss": 3291,
              "Pss_Anon": 2672,
              "Pss_Dirty": 3028,
              "Pss_File": 619,
              "Pss_Shmem": 0,
              "Referenced": 7136,
              "Rss": 7136,
              "Shared_Clean": 4052,
              "Shared_Dirty": 0,
              "Shared_Hugetlb": 0,
              "ShmemPmdMapped": 0,
              "Swap": 0,
              "SwapPss": 0
            },
            "start_ticks": 180322256
          }
        ],
        "reason": "phase_marker",
        "tree_rss_kib": 64156
      },
      {
        "elapsed_s": 9.567,
        "processes": [
          {
            "pid": 2409280,
            "rollup_kib": {
              "AnonHugePages": 0,
              "Anonymous": 36920,
              "FilePmdMapped": 0,
              "KSM": 0,
              "LazyFree": 0,
              "Locked": 0,
              "Private_Clean": 24,
              "Private_Dirty": 36920,
              "Private_Hugetlb": 0,
              "Pss": 38143,
              "Pss_Anon": 36920,
              "Pss_Dirty": 36920,
              "Pss_File": 1223,
              "Pss_Shmem": 0,
              "Referenced": 49256,
              "Rss": 49256,
              "Shared_Clean": 12312,
              "Shared_Dirty": 0,
              "Shared_Hugetlb": 0,
              "ShmemPmdMapped": 0,
              "Swap": 0,
              "SwapPss": 0
            },
            "start_ticks": 180321492
          },
          {
            "pid": 2411011,
            "rollup_kib": {
              "AnonHugePages": 0,
              "Anonymous": 1252,
              "FilePmdMapped": 0,
              "KSM": 0,
              "LazyFree": 0,
              "Locked": 0,
              "Private_Clean": 3708,
              "Private_Dirty": 1252,
              "Private_Hugetlb": 0,
              "Pss": 5026,
              "Pss_Anon": 1252,
              "Pss_Dirty": 1252,
              "Pss_File": 3774,
              "Pss_Shmem": 0,
              "Referenced": 7668,
              "Rss": 7668,
              "Shared_Clean": 2708,
              "Shared_Dirty": 0,
              "Shared_Hugetlb": 0,
              "ShmemPmdMapped": 0,
              "Swap": 0,
              "SwapPss": 0
            },
            "start_ticks": 180322447
          },
          {
            "pid": 2411012,
            "rollup_kib": {
              "AnonHugePages": 0,
              "Anonymous": 1692,
              "FilePmdMapped": 0,
              "KSM": 0,
              "LazyFree": 0,
              "Locked": 0,
              "Private_Clean": 56,
              "Private_Dirty": 2020,
              "Private_Hugetlb": 0,
              "Pss": 2282,
              "Pss_Anon": 1692,
              "Pss_Dirty": 2020,
              "Pss_File": 590,
              "Pss_Shmem": 0,
              "Referenced": 6120,
              "Rss": 6120,
              "Shared_Clean": 4044,
              "Shared_Dirty": 0,
              "Shared_Hugetlb": 0,
              "ShmemPmdMapped": 0,
              "Swap": 0,
              "SwapPss": 0
            },
            "start_ticks": 180322447
          }
        ],
        "reason": "phase_marker",
        "tree_rss_kib": 63044
      },
      {
        "elapsed_s": 11.576,
        "processes": [
          {
            "pid": 2409280,
            "rollup_kib": {
              "AnonHugePages": 0,
              "Anonymous": 36948,
              "FilePmdMapped": 0,
              "KSM": 0,
              "LazyFree": 0,
              "Locked": 0,
              "Private_Clean": 24,
              "Private_Dirty": 36948,
              "Private_Hugetlb": 0,
              "Pss": 38171,
              "Pss_Anon": 36948,
              "Pss_Dirty": 36948,
              "Pss_File": 1223,
              "Pss_Shmem": 0,
              "Referenced": 49284,
              "Rss": 49284,
              "Shared_Clean": 12312,
              "Shared_Dirty": 0,
              "Shared_Hugetlb": 0,
              "ShmemPmdMapped": 0,
              "Swap": 0,
              "SwapPss": 0
            },
            "start_ticks": 180321492
          },
          {
            "pid": 2411365,
            "rollup_kib": {
              "AnonHugePages": 0,
              "Anonymous": 1248,
              "FilePmdMapped": 0,
              "KSM": 0,
              "LazyFree": 0,
              "Locked": 0,
              "Private_Clean": 64,
              "Private_Dirty": 1248,
              "Private_Hugetlb": 0,
              "Pss": 3200,
              "Pss_Anon": 1248,
              "Pss_Dirty": 1248,
              "Pss_File": 1952,
              "Pss_Shmem": 0,
              "Referenced": 7688,
              "Rss": 7688,
              "Shared_Clean": 6376,
              "Shared_Dirty": 0,
              "Shared_Hugetlb": 0,
              "ShmemPmdMapped": 0,
              "Swap": 0,
              "SwapPss": 0
            },
            "start_ticks": 180322645
          },
          {
            "pid": 2411366,
            "rollup_kib": {
              "AnonHugePages": 0,
              "Anonymous": 876,
              "FilePmdMapped": 0,
              "KSM": 0,
              "LazyFree": 0,
              "Locked": 0,
              "Private_Clean": 0,
              "Private_Dirty": 1180,
              "Private_Hugetlb": 0,
              "Pss": 1366,
              "Pss_Anon": 876,
              "Pss_Dirty": 1180,
              "Pss_File": 490,
              "Pss_Shmem": 0,
              "Referenced": 4912,
              "Rss": 4912,
              "Shared_Clean": 3732,
              "Shared_Dirty": 0,
              "Shared_Hugetlb": 0,
              "ShmemPmdMapped": 0,
              "Swap": 0,
              "SwapPss": 0
            },
            "start_ticks": 180322645
          }
        ],
        "reason": "phase_marker",
        "tree_rss_kib": 61884
      },
      {
        "elapsed_s": 13.083,
        "processes": [
          {
            "pid": 2409280,
            "rollup_kib": {
              "AnonHugePages": 0,
              "Anonymous": 36948,
              "FilePmdMapped": 0,
              "KSM": 0,
              "LazyFree": 0,
              "Locked": 0,
              "Private_Clean": 24,
              "Private_Dirty": 36948,
              "Private_Hugetlb": 0,
              "Pss": 38170,
              "Pss_Anon": 36948,
              "Pss_Dirty": 36948,
              "Pss_File": 1222,
              "Pss_Shmem": 0,
              "Referenced": 49284,
              "Rss": 49284,
              "Shared_Clean": 12312,
              "Shared_Dirty": 0,
              "Shared_Hugetlb": 0,
              "ShmemPmdMapped": 0,
              "Swap": 0,
              "SwapPss": 0
            },
            "start_ticks": 180321492
          },
          {
            "pid": 2411567,
            "rollup_kib": {
              "AnonHugePages": 0,
              "Anonymous": 1248,
              "FilePmdMapped": 0,
              "KSM": 0,
              "LazyFree": 0,
              "Locked": 0,
              "Private_Clean": 632,
              "Private_Dirty": 1248,
              "Private_Hugetlb": 0,
              "Pss": 3499,
              "Pss_Anon": 1248,
              "Pss_Dirty": 1248,
              "Pss_File": 2251,
              "Pss_Shmem": 0,
              "Referenced": 7780,
              "Rss": 7780,
              "Shared_Clean": 5900,
              "Shared_Dirty": 0,
              "Shared_Hugetlb": 0,
              "ShmemPmdMapped": 0,
              "Swap": 0,
              "SwapPss": 0
            },
            "start_ticks": 180322756
          },
          {
            "pid": 2411568,
            "rollup_kib": {
              "AnonHugePages": 0,
              "Anonymous": 2964,
              "FilePmdMapped": 0,
              "KSM": 0,
              "LazyFree": 0,
              "Locked": 0,
              "Private_Clean": 56,
              "Private_Dirty": 3336,
              "Private_Hugetlb": 0,
              "Pss": 3597,
              "Pss_Anon": 2964,
              "Pss_Dirty": 3336,
              "Pss_File": 633,
              "Pss_Shmem": 0,
              "Referenced": 7444,
              "Rss": 7444,
              "Shared_Clean": 4052,
              "Shared_Dirty": 0,
              "Shared_Hugetlb": 0,
              "ShmemPmdMapped": 0,
              "Swap": 0,
              "SwapPss": 0
            },
            "start_ticks": 180322756
          }
        ],
        "reason": "phase_marker",
        "tree_rss_kib": 64508
      },
      {
        "elapsed_s": 14.59,
        "processes": [
          {
            "pid": 2409280,
            "rollup_kib": {
              "AnonHugePages": 0,
              "Anonymous": 36948,
              "FilePmdMapped": 0,
              "KSM": 0,
              "LazyFree": 0,
              "Locked": 0,
              "Private_Clean": 24,
              "Private_Dirty": 36948,
              "Private_Hugetlb": 0,
              "Pss": 38171,
              "Pss_Anon": 36948,
              "Pss_Dirty": 36948,
              "Pss_File": 1223,
              "Pss_Shmem": 0,
              "Referenced": 49284,
              "Rss": 49284,
              "Shared_Clean": 12312,
              "Shared_Dirty": 0,
              "Shared_Hugetlb": 0,
              "ShmemPmdMapped": 0,
              "Swap": 0,
              "SwapPss": 0
            },
            "start_ticks": 180321492
          },
          {
            "pid": 2411851,
            "rollup_kib": {
              "AnonHugePages": 0,
              "Anonymous": 1252,
              "FilePmdMapped": 0,
              "KSM": 0,
              "LazyFree": 0,
              "Locked": 0,
              "Private_Clean": 320,
              "Private_Dirty": 1252,
              "Private_Hugetlb": 0,
              "Pss": 3237,
              "Pss_Anon": 1252,
              "Pss_Dirty": 1252,
              "Pss_File": 1985,
              "Pss_Shmem": 0,
              "Referenced": 7516,
              "Rss": 7516,
              "Shared_Clean": 5944,
              "Shared_Dirty": 0,
              "Shared_Hugetlb": 0,
              "ShmemPmdMapped": 0,
              "Swap": 0,
              "SwapPss": 0
            },
            "start_ticks": 180322918
          },
          {
            "pid": 2411852,
            "rollup_kib": {
              "AnonHugePages": 0,
              "Anonymous": 2852,
              "FilePmdMapped": 0,
              "KSM": 0,
              "LazyFree": 0,
              "Locked": 0,
              "Private_Clean": 56,
              "Private_Dirty": 3200,
              "Private_Hugetlb": 0,
              "Pss": 3461,
              "Pss_Anon": 2852,
              "Pss_Dirty": 3200,
              "Pss_File": 609,
              "Pss_Shmem": 0,
              "Referenced": 7308,
              "Rss": 7308,
              "Shared_Clean": 4052,
              "Shared_Dirty": 0,
              "Shared_Hugetlb": 0,
              "ShmemPmdMapped": 0,
              "Swap": 0,
              "SwapPss": 0
            },
            "start_ticks": 180322918
          }
        ],
        "reason": "phase_marker",
        "tree_rss_kib": 64108
      },
      {
        "elapsed_s": 16.097,
        "processes": [
          {
            "pid": 2409280,
            "rollup_kib": {
              "AnonHugePages": 0,
              "Anonymous": 36948,
              "FilePmdMapped": 0,
              "KSM": 0,
              "LazyFree": 0,
              "Locked": 0,
              "Private_Clean": 24,
              "Private_Dirty": 36948,
              "Private_Hugetlb": 0,
              "Pss": 38171,
              "Pss_Anon": 36948,
              "Pss_Dirty": 36948,
              "Pss_File": 1223,
              "Pss_Shmem": 0,
              "Referenced": 49284,
              "Rss": 49284,
              "Shared_Clean": 12312,
              "Shared_Dirty": 0,
              "Shared_Hugetlb": 0,
              "ShmemPmdMapped": 0,
              "Swap": 0,
              "SwapPss": 0
            },
            "start_ticks": 180321492
          },
          {
            "pid": 2412147,
            "rollup_kib": {
              "AnonHugePages": 0,
              "Anonymous": 1248,
              "FilePmdMapped": 0,
              "KSM": 0,
              "LazyFree": 0,
              "Locked": 0,
              "Private_Clean": 2016,
              "Private_Dirty": 1248,
              "Private_Hugetlb": 0,
              "Pss": 4141,
              "Pss_Anon": 1248,
              "Pss_Dirty": 1248,
              "Pss_File": 2893,
              "Pss_Shmem": 0,
              "Referenced": 7552,
              "Rss": 7552,
              "Shared_Clean": 4288,
              "Shared_Dirty": 0,
              "Shared_Hugetlb": 0,
              "ShmemPmdMapped": 0,
              "Swap": 0,
              "SwapPss": 0
            },
            "start_ticks": 180323080
          },
          {
            "pid": 2412148,
            "rollup_kib": {
              "AnonHugePages": 0,
              "Anonymous": 1280,
              "FilePmdMapped": 0,
              "KSM": 0,
              "LazyFree": 0,
              "Locked": 0,
              "Private_Clean": 56,
              "Private_Dirty": 1628,
              "Private_Hugetlb": 0,
              "Pss": 1892,
              "Pss_Anon": 1280,
              "Pss_Dirty": 1628,
              "Pss_File": 612,
              "Pss_Shmem": 0,
              "Referenced": 5732,
              "Rss": 5732,
              "Shared_Clean": 4048,
              "Shared_Dirty": 0,
              "Shared_Hugetlb": 0,
              "ShmemPmdMapped": 0,
              "Swap": 0,
              "SwapPss": 0
            },
            "start_ticks": 180323080
          }
        ],
        "reason": "phase_marker",
        "tree_rss_kib": 62568
      },
      {
        "elapsed_s": 17.6062,
        "processes": [
          {
            "pid": 2409280,
            "rollup_kib": {
              "AnonHugePages": 0,
              "Anonymous": 36972,
              "FilePmdMapped": 0,
              "KSM": 0,
              "LazyFree": 0,
              "Locked": 0,
              "Private_Clean": 24,
              "Private_Dirty": 36972,
              "Private_Hugetlb": 0,
              "Pss": 38195,
              "Pss_Anon": 36972,
              "Pss_Dirty": 36972,
              "Pss_File": 1223,
              "Pss_Shmem": 0,
              "Referenced": 49308,
              "Rss": 49308,
              "Shared_Clean": 12312,
              "Shared_Dirty": 0,
              "Shared_Hugetlb": 0,
              "ShmemPmdMapped": 0,
              "Swap": 0,
              "SwapPss": 0
            },
            "start_ticks": 180321492
          },
          {
            "pid": 2412449,
            "rollup_kib": {
              "AnonHugePages": 0,
              "Anonymous": 1248,
              "FilePmdMapped": 0,
              "KSM": 0,
              "LazyFree": 0,
              "Locked": 0,
              "Private_Clean": 320,
              "Private_Dirty": 1248,
              "Private_Hugetlb": 0,
              "Pss": 3353,
              "Pss_Anon": 1248,
              "Pss_Dirty": 1248,
              "Pss_File": 2105,
              "Pss_Shmem": 0,
              "Referenced": 7744,
              "Rss": 7744,
              "Shared_Clean": 6176,
              "Shared_Dirty": 0,
              "Shared_Hugetlb": 0,
              "ShmemPmdMapped": 0,
              "Swap": 0,
              "SwapPss": 0
            },
            "start_ticks": 180323247
          },
          {
            "pid": 2412450,
            "rollup_kib": {
              "AnonHugePages": 0,
              "Anonymous": 872,
              "FilePmdMapped": 0,
              "KSM": 0,
              "LazyFree": 0,
              "Locked": 0,
              "Private_Clean": 0,
              "Private_Dirty": 1168,
              "Private_Hugetlb": 0,
              "Pss": 1354,
              "Pss_Anon": 872,
              "Pss_Dirty": 1168,
              "Pss_File": 482,
              "Pss_Shmem": 0,
              "Referenced": 4896,
              "Rss": 4896,
              "Shared_Clean": 3728,
              "Shared_Dirty": 0,
              "Shared_Hugetlb": 0,
              "ShmemPmdMapped": 0,
              "Swap": 0,
              "SwapPss": 0
            },
            "start_ticks": 180323248
          }
        ],
        "reason": "phase_marker",
        "tree_rss_kib": 61948
      },
      {
        "elapsed_s": 19.114,
        "processes": [
          {
            "pid": 2409280,
            "rollup_kib": {
              "AnonHugePages": 0,
              "Anonymous": 36972,
              "FilePmdMapped": 0,
              "KSM": 0,
              "LazyFree": 0,
              "Locked": 0,
              "Private_Clean": 24,
              "Private_Dirty": 36972,
              "Private_Hugetlb": 0,
              "Pss": 38195,
              "Pss_Anon": 36972,
              "Pss_Dirty": 36972,
              "Pss_File": 1223,
              "Pss_Shmem": 0,
              "Referenced": 49308,
              "Rss": 49308,
              "Shared_Clean": 12312,
              "Shared_Dirty": 0,
              "Shared_Hugetlb": 0,
              "ShmemPmdMapped": 0,
              "Swap": 0,
              "SwapPss": 0
            },
            "start_ticks": 180321492
          },
          {
            "pid": 2412643,
            "rollup_kib": {
              "AnonHugePages": 0,
              "Anonymous": 1248,
              "FilePmdMapped": 0,
              "KSM": 0,
              "LazyFree": 0,
              "Locked": 0,
              "Private_Clean": 116,
              "Private_Dirty": 1248,
              "Private_Hugetlb": 0,
              "Pss": 3133,
              "Pss_Anon": 1248,
              "Pss_Dirty": 1248,
              "Pss_File": 1885,
              "Pss_Shmem": 0,
              "Referenced": 7528,
              "Rss": 7528,
              "Shared_Clean": 6164,
              "Shared_Dirty": 0,
              "Shared_Hugetlb": 0,
              "ShmemPmdMapped": 0,
              "Swap": 0,
              "SwapPss": 0
            },
            "start_ticks": 180323359
          },
          {
            "pid": 2412646,
            "rollup_kib": {
              "AnonHugePages": 0,
              "Anonymous": 1036,
              "FilePmdMapped": 0,
              "KSM": 0,
              "LazyFree": 0,
              "Locked": 0,
              "Private_Clean": 56,
              "Private_Dirty": 1408,
              "Private_Hugetlb": 0,
              "Pss": 1669,
              "Pss_Anon": 1036,
              "Pss_Dirty": 1408,
              "Pss_File": 633,
              "Pss_Shmem": 0,
              "Referenced": 5516,
              "Rss": 5516,
              "Shared_Clean": 4052,
              "Shared_Dirty": 0,
              "Shared_Hugetlb": 0,
              "ShmemPmdMapped": 0,
              "Swap": 0,
              "SwapPss": 0
            },
            "start_ticks": 180323359
          }
        ],
        "reason": "phase_marker",
        "tree_rss_kib": 62352
      },
      {
        "elapsed_s": 20.621,
        "processes": [
          {
            "pid": 2409280,
            "rollup_kib": {
              "AnonHugePages": 0,
              "Anonymous": 36972,
              "FilePmdMapped": 0,
              "KSM": 0,
              "LazyFree": 0,
              "Locked": 0,
              "Private_Clean": 24,
              "Private_Dirty": 36972,
              "Private_Hugetlb": 0,
              "Pss": 38195,
              "Pss_Anon": 36972,
              "Pss_Dirty": 36972,
              "Pss_File": 1223,
              "Pss_Shmem": 0,
              "Referenced": 49308,
              "Rss": 49308,
              "Shared_Clean": 12312,
              "Shared_Dirty": 0,
              "Shared_Hugetlb": 0,
              "ShmemPmdMapped": 0,
              "Swap": 0,
              "SwapPss": 0
            },
            "start_ticks": 180321492
          },
          {
            "pid": 2412956,
            "rollup_kib": {
              "AnonHugePages": 0,
              "Anonymous": 1252,
              "FilePmdMapped": 0,
              "KSM": 0,
              "LazyFree": 0,
              "Locked": 0,
              "Private_Clean": 444,
              "Private_Dirty": 1252,
              "Private_Hugetlb": 0,
              "Pss": 3401,
              "Pss_Anon": 1252,
              "Pss_Dirty": 1252,
              "Pss_File": 2149,
              "Pss_Shmem": 0,
              "Referenced": 7720,
              "Rss": 7720,
              "Shared_Clean": 6024,
              "Shared_Dirty": 0,
              "Shared_Hugetlb": 0,
              "ShmemPmdMapped": 0,
              "Swap": 0,
              "SwapPss": 0
            },
            "start_ticks": 180323521
          },
          {
            "pid": 2412957,
            "rollup_kib": {
              "AnonHugePages": 0,
              "Anonymous": 968,
              "FilePmdMapped": 0,
              "KSM": 0,
              "LazyFree": 0,
              "Locked": 0,
              "Private_Clean": 56,
              "Private_Dirty": 1312,
              "Private_Hugetlb": 0,
              "Pss": 1573,
              "Pss_Anon": 968,
              "Pss_Dirty": 1312,
              "Pss_File": 605,
              "Pss_Shmem": 0,
              "Referenced": 5416,
              "Rss": 5416,
              "Shared_Clean": 4048,
              "Shared_Dirty": 0,
              "Shared_Hugetlb": 0,
              "ShmemPmdMapped": 0,
              "Swap": 0,
              "SwapPss": 0
            },
            "start_ticks": 180323521
          }
        ],
        "reason": "phase_marker",
        "tree_rss_kib": 62444
      },
      {
        "elapsed_s": 22.1279,
        "processes": [
          {
            "pid": 2409280,
            "rollup_kib": {
              "AnonHugePages": 0,
              "Anonymous": 36976,
              "FilePmdMapped": 0,
              "KSM": 0,
              "LazyFree": 0,
              "Locked": 0,
              "Private_Clean": 24,
              "Private_Dirty": 36976,
              "Private_Hugetlb": 0,
              "Pss": 38200,
              "Pss_Anon": 36976,
              "Pss_Dirty": 36976,
              "Pss_File": 1224,
              "Pss_Shmem": 0,
              "Referenced": 49312,
              "Rss": 49312,
              "Shared_Clean": 12312,
              "Shared_Dirty": 0,
              "Shared_Hugetlb": 0,
              "ShmemPmdMapped": 0,
              "Swap": 0,
              "SwapPss": 0
            },
            "start_ticks": 180321492
          },
          {
            "pid": 2413252,
            "rollup_kib": {
              "AnonHugePages": 0,
              "Anonymous": 1248,
              "FilePmdMapped": 0,
              "KSM": 0,
              "LazyFree": 0,
              "Locked": 0,
              "Private_Clean": 3844,
              "Private_Dirty": 1248,
              "Private_Hugetlb": 0,
              "Pss": 5160,
              "Pss_Anon": 1248,
              "Pss_Dirty": 1248,
              "Pss_File": 3912,
              "Pss_Shmem": 0,
              "Referenced": 7784,
              "Rss": 7784,
              "Shared_Clean": 2692,
              "Shared_Dirty": 0,
              "Shared_Hugetlb": 0,
              "ShmemPmdMapped": 0,
              "Swap": 0,
              "SwapPss": 0
            },
            "start_ticks": 180323682
          },
          {
            "pid": 2413253,
            "rollup_kib": {
              "AnonHugePages": 0,
              "Anonymous": 1020,
              "FilePmdMapped": 0,
              "KSM": 0,
              "LazyFree": 0,
              "Locked": 0,
              "Private_Clean": 56,
              "Private_Dirty": 1364,
              "Private_Hugetlb": 0,
              "Pss": 1626,
              "Pss_Anon": 1020,
              "Pss_Dirty": 1364,
              "Pss_File": 606,
              "Pss_Shmem": 0,
              "Referenced": 5472,
              "Rss": 5472,
              "Shared_Clean": 4052,
              "Shared_Dirty": 0,
              "Shared_Hugetlb": 0,
              "ShmemPmdMapped": 0,
              "Swap": 0,
              "SwapPss": 0
            },
            "start_ticks": 180323683
          }
        ],
        "reason": "phase_marker",
        "tree_rss_kib": 62568
      },
      {
        "elapsed_s": 23.635,
        "processes": [
          {
            "pid": 2409280,
            "rollup_kib": {
              "AnonHugePages": 0,
              "Anonymous": 37240,
              "FilePmdMapped": 0,
              "KSM": 0,
              "LazyFree": 0,
              "Locked": 0,
              "Private_Clean": 24,
              "Private_Dirty": 37240,
              "Private_Hugetlb": 0,
              "Pss": 38465,
              "Pss_Anon": 37240,
              "Pss_Dirty": 37240,
              "Pss_File": 1225,
              "Pss_Shmem": 0,
              "Referenced": 49576,
              "Rss": 49576,
              "Shared_Clean": 12312,
              "Shared_Dirty": 0,
              "Shared_Hugetlb": 0,
              "ShmemPmdMapped": 0,
              "Swap": 0,
              "SwapPss": 0
            },
            "start_ticks": 180321492
          }
        ],
        "reason": "phase_marker",
        "tree_rss_kib": 49576
      },
      {
        "elapsed_s": 24.1396,
        "processes": [],
        "reason": "terminal",
        "tree_rss_kib": 0
      }
    ],
    "status": "complete",
    "temporary_disk_limit_bytes": 268435456,
    "wall_time_limit_seconds": null
  }
}
