{"command": ["/usr/bin/python3", "/home/x/deco/gamma/projects/enwiki9/tools/run_with_resource_guard_v3.py", "--limit-kib", "2097152", "--official-decimal-limit-kib", "2097152", "--limit-mode", "tree", "--cgroup-path", "/sys/fs/cgroup/user.slice/user-1000.slice/user@1000.service/app.slice/gamma-enwiki9-20260906T011941Z_c572f1e842", "--cgroup-memory-max-bytes", "2147483648", "--temporary-disk-limit-bytes", "268435456", "--phase-marker-path", "/home/x/deco/gamma/projects/enwiki9/run_logs/adaptive/20260906T011941Z_c572f1e842.resources/phases.jsonl", "--max-logical-cpus", "1", "--guard-json", "/home/x/deco/gamma/projects/enwiki9/run_logs/adaptive/20260906T011941Z_c572f1e842.resources/guard.json", "--label", "20260906T011941Z_c572f1e842", "--phase", "diagnostic", "--scratch-path", "/home/x/deco/gamma/projects/enwiki9/results/midas_open_incremental_corpus250k_q0_v1", "--scratch-path", "/home/x/deco/gamma/projects/enwiki9/run_logs/adaptive/20260906T011941Z_c572f1e842.log", "--scratch-path", "/home/x/deco/gamma/projects/enwiki9/run_logs/adaptive/20260906T011941Z_c572f1e842.resources", "--scratch-path", "/tmp/gamma-enwiki9-20260906T011941Z_c572f1e842-q6qp44pb/midas_open_incremental_corpus250k_q0_v1", "--", "/usr/bin/taskset", "--cpu-list", "2", "/bin/sh", "-c", "printf '%s\\n' '{\"phase\":\"diagnostic\",\"event\":\"worker_start\",\"detail\":\"operational envelope only; no codec phase credit\"}' >> \"$GAMMA_RESOURCE_PHASE_MARKERS\" || exit 125; exec \"$@\"", "enwiki9-discovery-envelope", "/usr/bin/python3", "/home/x/deco/gamma/projects/enwiki9/tools/midas_open_corpus_gate_v1.py", "--candidate", "midas_open_incremental_corpus250k_q0_v1"], "job": {"candidate_id": "midas_open_incremental_corpus250k_q0_v1", "candidate_revision": {"path": "operations/adaptive/candidate-revisions/midas_open_incremental_corpus250k_q0_v1/20260906T011931311796Z_efe1b0d04d22.json", "sha256": "sha256:9ae1c996162004922a82af11e27e5d813b5f257c2e9a8b5c6a991cce24fdd382"}, "candidate_tree_sha256": "sha256:efe1b0d04d22d45419f6fdd05068c803a66a05abaf286ad1d58de9e030237902", "execution_guard": {"path": "tools/run_with_resource_guard_v3.py", "sha256": "sha256:044147f7ffe6922ea8dafd52fc3d4426077b20958adbcd421245ad41adcfc1e4"}, "execution_mode": "discovery", "execution_resources": {"boot_id": "3ce46712-27bc-4199-8e48-e2b3d23926cb", "budget": {"cgroup_parent": "/sys/fs/cgroup/user.slice/user-1000.slice/user@1000.service/app.slice", "cpus": [2], "memory_bytes": 2147483648, "scratch_bytes": 268435456, "swap_bytes": 0, "wall_seconds": 1800}, "cgroup_inode": 226716, "cgroup_path": "/sys/fs/cgroup/user.slice/user-1000.slice/user@1000.service/app.slice/gamma-enwiki9-20260906T011941Z_c572f1e842", "cpu_enforcement": "taskset-and-sampled-affinity-guard", "groups": [{"created": true, "inode": 226716, "kernel_cpuset": false, "memory_bytes": 2147483648, "path": "/sys/fs/cgroup/user.slice/user-1000.slice/user@1000.service/app.slice/gamma-enwiki9-20260906T011941Z_c572f1e842"}], "guard_command_sha256": "14ab95f5c486674985cd1b0ee5c201d3208e8234089500ce51a87c3f72876b9b", "guard_path": "run_logs/adaptive/20260906T011941Z_c572f1e842.resources/guard.json", "missing_diagnostics": ["kernel cpuset controller is not delegated; taskset assignment and existing affinity guard remain active"], "timing_authority": "diagnostic"}, "experiment": {"path": "operations/adaptive/experiments/midas_open_incremental_corpus250k_q0_v1.json", "sha256": "sha256:b746f6336cf30b863cc58f9b1a9c842264ad04e3c848ec55ff67c7e06de7f82b"}, "gate_size": 250000, "job_id": "20260906T011941Z_c572f1e842", "priority": 90, "proposal": {"path": "operations/adaptive/proposals/developed/934_midas_open_incremental_corpus250k_q0_v1.json", "sha256": "sha256:a17096610cabc723d9e36abe05930871bad1902d384563edd20d0a7ae0eeea89"}, "proposal_id": "midas_open_incremental_corpus250k_q0_v1", "purpose": "diagnostic", "resource_budget": {"cgroup_parent": "/sys/fs/cgroup/user.slice/user-1000.slice/user@1000.service/app.slice", "cpus": [2], "memory_bytes": 2147483648, "scratch_bytes": 268435456, "swap_bytes": 0, "wall_seconds": 1800}, "runner": {"path": "tools/midas_open_corpus_gate_v1.py", "sha256": "sha256:992759d519d383e5a3b285a68703bfb42dbc4d01616f0b30906911e1838f6055"}, "schema": "gamma.enwiki9.adaptive-job.v3", "scratch_directories": ["results/midas_open_incremental_corpus250k_q0_v1"], "started_at": "2026-09-06T01:22:01+00:00", "state": "running", "submitted_at": "2026-09-06T01:19:41+00:00", "tags": [], "timing_authority": "diagnostic", "tool": "tools/midas_open_corpus_gate_v1.py", "tool_args": ["--candidate", "midas_open_incremental_corpus250k_q0_v1"]}}
{
  "resource_guard": {
    "cgroup": {
      "inode": 226716,
      "joined_before_exec": true,
      "memory_max_bytes": 2147483648,
      "memory_max_rounding_bytes": 0,
      "memory_peak_reset": true,
      "path": "/sys/fs/cgroup/user.slice/user-1000.slice/user@1000.service/app.slice/gamma-enwiki9-20260906T011941Z_c572f1e842",
      "previous_memory_max": "2147483648",
      "requested_memory_max_bytes": 2147483648
    },
    "cgroup_events": {
      "baseline": {
        "high": 0,
        "low": 0,
        "max": 0,
        "oom": 0,
        "oom_group_kill": 0,
        "oom_kill": 0,
        "sock_throttled": 0
      },
      "delta": {
        "high": 0,
        "low": 0,
        "max": 0,
        "oom": 0,
        "oom_group_kill": 0,
        "oom_kill": 0,
        "sock_throttled": 0
      },
      "final": {
        "high": 0,
        "low": 0,
        "max": 0,
        "oom": 0,
        "oom_group_kill": 0,
        "oom_kill": 0,
        "sock_throttled": 0
      }
    },
    "command": [
      "/usr/bin/taskset",
      "--cpu-list",
      "2",
      "/bin/sh",
      "-c",
      "printf '%s\\n' '{\"phase\":\"diagnostic\",\"event\":\"worker_start\",\"detail\":\"operational envelope only; no codec phase credit\"}' >> \"$GAMMA_RESOURCE_PHASE_MARKERS\" || exit 125; exec \"$@\"",
      "enwiki9-discovery-envelope",
      "/usr/bin/python3",
      "/home/x/deco/gamma/projects/enwiki9/tools/midas_open_corpus_gate_v1.py",
      "--candidate",
      "midas_open_incremental_corpus250k_q0_v1"
    ],
    "command_sha256": "045ddf5464913b4744be7413f9488d21c7b2c201e3b3f2d88a9a9f60ff6fd0bb",
    "elapsed_s": 733.7932,
    "geekbench5_single_core_score": null,
    "guards": {
      "cgroup_memory_guard_exceeded": false,
      "logical_cpu_guard_exceeded": false,
      "measurement_incomplete": false,
      "official_decimal_memory_exceeded": false,
      "phase_marker_invalid": false,
      "rss_guard_exceeded": false,
      "temporary_disk_guard_exceeded": false,
      "wall_time_guard_exceeded": false
    },
    "label": "20260906T011941Z_c572f1e842",
    "latest_sample": {
      "allowed_cpu_union": [],
      "cgroup_current_bytes": 19853312,
      "elapsed_s": 733.7916,
      "max_single_rss_kib": 0,
      "persistent_status_misses": [],
      "processes": [],
      "scratch_allocated_bytes": 18993152,
      "scratch_file_count": 120,
      "scratch_logical_bytes": 18576957,
      "scratch_race_count": 0,
      "tree_live_threads": 0,
      "tree_rss_kib": 0,
      "tree_runnable_threads": 0
    },
    "limit_kib": 2097152,
    "limit_mode": "tree",
    "max_logical_cpus": 1,
    "measurements": {
      "affinity_complete": true,
      "cgroup_v2_complete": true,
      "per_process_vmhwm_sampled": true,
      "phase_markers_complete": true,
      "process_tree_rss_complete": true,
      "scratch_logical_and_allocated_complete": true,
      "smaps_rollup_complete": true
    },
    "objective": {
      "corpusBytes": 1000000000,
      "corpusSha256": "159b85351e5f76e60cbe32e04c677847a9ecba3adc79addab6f4c6c7aa3744bc",
      "objectiveDigest": "sha256:16badfa6c1a53b47bcc12b089fdd9c21f7405ea56a84344d60c28d2252da8288",
      "objectiveId": "gamma-enwiki9-hutter-99m-v2",
      "objectivePath": "contracts/research/v2/objective-contract.json",
      "targetScoreBytes": 99000000
    },
    "official_decimal_limit_kib": 2097152,
    "peak_process_vmhwm": {
      "comm": "python3",
      "observed_elapsed_s": 347.5756,
      "pid": 1297263,
      "start_ticks": 175385973,
      "vmhwm_kib": 39136
    },
    "peak_sample": {
      "allowed_cpu_union": [
        2
      ],
      "cgroup_current_bytes": 47427584,
      "elapsed_s": 669.0006,
      "max_single_rss_kib": 37528,
      "persistent_status_misses": [],
      "processes": [
        {
          "allowed_cpus": [
            2
          ],
          "comm": "python3",
          "live_threads": 1,
          "pid": 1297263,
          "rss_kib": 37528,
          "runnable_threads": 0,
          "start_ticks": 175385973,
          "vmhwm_kib": 39136
        },
        {
          "allowed_cpus": [
            2
          ],
          "comm": "timeout",
          "live_threads": 1,
          "pid": 1437626,
          "rss_kib": 7756,
          "runnable_threads": 0,
          "start_ticks": 175452850,
          "vmhwm_kib": 7756
        },
        {
          "allowed_cpus": [
            2
          ],
          "comm": "program",
          "live_threads": 1,
          "pid": 1437627,
          "rss_kib": 5476,
          "runnable_threads": 1,
          "start_ticks": 175452850,
          "vmhwm_kib": 5644
        }
      ],
      "scratch_allocated_bytes": 17620992,
      "scratch_file_count": 114,
      "scratch_logical_bytes": 17231041,
      "scratch_race_count": 0,
      "tree_live_threads": 3,
      "tree_rss_kib": 50760,
      "tree_runnable_threads": 1
    },
    "peak_tree_sample": {
      "allowed_cpu_union": [
        2
      ],
      "cgroup_current_bytes": 39751680,
      "elapsed_s": 293.8456,
      "max_single_rss_kib": 36116,
      "persistent_status_misses": [],
      "processes": [
        {
          "allowed_cpus": [
            2
          ],
          "comm": "python3",
          "live_threads": 1,
          "pid": 1297263,
          "rss_kib": 36116,
          "runnable_threads": 0,
          "start_ticks": 175385973,
          "vmhwm_kib": 36116
        },
        {
          "allowed_cpus": [
            2
          ],
          "comm": "timeout",
          "live_threads": 1,
          "pid": 1353070,
          "rss_kib": 7528,
          "runnable_threads": 0,
          "start_ticks": 175412970,
          "vmhwm_kib": 7528
        },
        {
          "allowed_cpus": [
            2
          ],
          "comm": "program",
          "live_threads": 1,
          "pid": 1353071,
          "rss_kib": 8028,
          "runnable_threads": 1,
          "start_ticks": 175412970,
          "vmhwm_kib": 8028
        }
      ],
      "scratch_allocated_bytes": 9158656,
      "scratch_file_count": 78,
      "scratch_logical_bytes": 8896117,
      "scratch_race_count": 0,
      "tree_live_threads": 3,
      "tree_rss_kib": 51672,
      "tree_runnable_threads": 1
    },
    "peaks": {
      "cgroup_memory_peak_bytes": 51527680,
      "max_observed_process_vmhwm_kib": 39136,
      "max_sampled_allowed_cpu_count": 1,
      "max_sampled_cgroup_current_bytes": 47788032,
      "max_sampled_scratch_allocated_bytes": 18993152,
      "max_sampled_scratch_logical_bytes": 18576957,
      "max_sampled_single_rss_kib": 37528,
      "max_sampled_tree_live_threads": 3,
      "max_sampled_tree_rss_kib": 51672,
      "max_sampled_tree_runnable_threads": 1
    },
    "phase": "diagnostic",
    "phase_marker_path": "/home/x/deco/gamma/projects/enwiki9/run_logs/adaptive/20260906T011941Z_c572f1e842.resources/phases.jsonl",
    "phase_markers": [
      {
        "detail": "operational envelope only; no codec phase credit",
        "event": "worker_start",
        "observed_elapsed_s": 0.0247,
        "phase": "diagnostic",
        "source_line": 1
      },
      {
        "detail": null,
        "event": "start",
        "observed_elapsed_s": 0.5255,
        "phase": "prepare-cache-inventory",
        "source_line": 2
      },
      {
        "detail": null,
        "event": "end",
        "observed_elapsed_s": 0.5255,
        "phase": "prepare-cache-inventory",
        "source_line": 3
      },
      {
        "detail": null,
        "event": "start",
        "observed_elapsed_s": 0.5255,
        "phase": "P-encode",
        "source_line": 4
      },
      {
        "detail": null,
        "event": "end",
        "observed_elapsed_s": 40.2084,
        "phase": "P-encode",
        "source_line": 5
      },
      {
        "detail": null,
        "event": "start",
        "observed_elapsed_s": 40.2084,
        "phase": "P-decode",
        "source_line": 6
      },
      {
        "detail": null,
        "event": "end",
        "observed_elapsed_s": 78.3816,
        "phase": "P-decode",
        "source_line": 7
      },
      {
        "detail": null,
        "event": "start",
        "observed_elapsed_s": 78.3816,
        "phase": "P-repeat",
        "source_line": 8
      },
      {
        "detail": null,
        "event": "end",
        "observed_elapsed_s": 116.5431,
        "phase": "P-repeat",
        "source_line": 9
      },
      {
        "detail": null,
        "event": "start",
        "observed_elapsed_s": 116.5431,
        "phase": "K-encode",
        "source_line": 10
      },
      {
        "detail": null,
        "event": "end",
        "observed_elapsed_s": 193.3706,
        "phase": "K-encode",
        "source_line": 11
      },
      {
        "detail": null,
        "event": "start",
        "observed_elapsed_s": 193.3706,
        "phase": "K-decode",
        "source_line": 12
      },
      {
        "detail": null,
        "event": "end",
        "observed_elapsed_s": 270.2266,
        "phase": "K-decode",
        "source_line": 13
      },
      {
        "detail": null,
        "event": "start",
        "observed_elapsed_s": 270.2266,
        "phase": "K-repeat",
        "source_line": 14
      },
      {
        "detail": null,
        "event": "end",
        "observed_elapsed_s": 347.5756,
        "phase": "K-repeat",
        "source_line": 15
      },
      {
        "detail": null,
        "event": "start",
        "observed_elapsed_s": 347.5756,
        "phase": "F-encode",
        "source_line": 16
      },
      {
        "detail": null,
        "event": "end",
        "observed_elapsed_s": 411.8486,
        "phase": "F-encode",
        "source_line": 17
      },
      {
        "detail": null,
        "event": "start",
        "observed_elapsed_s": 411.8486,
        "phase": "F-decode",
        "source_line": 18
      },
      {
        "detail": null,
        "event": "end",
        "observed_elapsed_s": 476.6376,
        "phase": "F-decode",
        "source_line": 19
      },
      {
        "detail": null,
        "event": "start",
        "observed_elapsed_s": 476.6376,
        "phase": "F-repeat",
        "source_line": 20
      },
      {
        "detail": null,
        "event": "end",
        "observed_elapsed_s": 540.9286,
        "phase": "F-repeat",
        "source_line": 21
      },
      {
        "detail": null,
        "event": "start",
        "observed_elapsed_s": 540.9286,
        "phase": "S-encode",
        "source_line": 22
      },
      {
        "detail": null,
        "event": "end",
        "observed_elapsed_s": 604.7196,
        "phase": "S-encode",
        "source_line": 23
      },
      {
        "detail": null,
        "event": "start",
        "observed_elapsed_s": 604.7196,
        "phase": "S-decode",
        "source_line": 24
      },
      {
        "detail": null,
        "event": "end",
        "observed_elapsed_s": 669.0006,
        "phase": "S-decode",
        "source_line": 25
      },
      {
        "detail": null,
        "event": "start",
        "observed_elapsed_s": 669.0006,
        "phase": "S-repeat",
        "source_line": 26
      },
      {
        "detail": null,
        "event": "end",
        "observed_elapsed_s": 733.7916,
        "phase": "S-repeat",
        "source_line": 27
      }
    ],
    "returncode": 0,
    "sample_count": 1462,
    "sample_interval_seconds": 0.5,
    "schema": "gamma.enwiki9.resource-guard-receipt.v3",
    "scratch_paths": [
      "/home/x/deco/gamma/projects/enwiki9/results/midas_open_incremental_corpus250k_q0_v1",
      "/home/x/deco/gamma/projects/enwiki9/run_logs/adaptive/20260906T011941Z_c572f1e842.log",
      "/home/x/deco/gamma/projects/enwiki9/run_logs/adaptive/20260906T011941Z_c572f1e842.resources",
      "/tmp/gamma-enwiki9-20260906T011941Z_c572f1e842-q6qp44pb/midas_open_incremental_corpus250k_q0_v1"
    ],
    "smaps_rollup_checkpoints": [
      {
        "elapsed_s": 0.0247,
        "processes": [
          {
            "pid": 1297263,
            "rollup_kib": {
              "AnonHugePages": 0,
              "Anonymous": 1416,
              "FilePmdMapped": 0,
              "KSM": 0,
              "LazyFree": 0,
              "Locked": 0,
              "Private_Clean": 24,
              "Private_Dirty": 1416,
              "Private_Hugetlb": 0,
              "Pss": 1928,
              "Pss_Anon": 1416,
              "Pss_Dirty": 1416,
              "Pss_File": 512,
              "Pss_Shmem": 0,
              "Referenced": 6420,
              "Rss": 6420,
              "Shared_Clean": 4980,
              "Shared_Dirty": 0,
              "Shared_Hugetlb": 0,
              "ShmemPmdMapped": 0,
              "Swap": 0,
              "SwapPss": 0
            },
            "start_ticks": 175385973
          }
        ],
        "reason": "initial+phase_marker+rss_growth",
        "tree_rss_kib": 6420
      },
      {
        "elapsed_s": 0.5255,
        "processes": [
          {
            "pid": 1297263,
            "rollup_kib": {
              "AnonHugePages": 0,
              "Anonymous": 16076,
              "FilePmdMapped": 0,
              "KSM": 0,
              "LazyFree": 0,
              "Locked": 0,
              "Private_Clean": 40,
              "Private_Dirty": 16076,
              "Private_Hugetlb": 0,
              "Pss": 17329,
              "Pss_Anon": 16076,
              "Pss_Dirty": 16076,
              "Pss_File": 1253,
              "Pss_Shmem": 0,
              "Referenced": 28384,
              "Rss": 28384,
              "Shared_Clean": 12268,
              "Shared_Dirty": 0,
              "Shared_Hugetlb": 0,
              "ShmemPmdMapped": 0,
              "Swap": 0,
              "SwapPss": 0
            },
            "start_ticks": 175385973
          },
          {
            "pid": 1297367,
            "rollup_kib": {
              "AnonHugePages": 0,
              "Anonymous": 1244,
              "FilePmdMapped": 0,
              "KSM": 0,
              "LazyFree": 0,
              "Locked": 0,
              "Private_Clean": 3904,
              "Private_Dirty": 1244,
              "Private_Hugetlb": 0,
              "Pss": 5217,
              "Pss_Anon": 1244,
              "Pss_Dirty": 1244,
              "Pss_File": 3973,
              "Pss_Shmem": 0,
              "Referenced": 7888,
              "Rss": 7888,
              "Shared_Clean": 2740,
              "Shared_Dirty": 0,
              "Shared_Hugetlb": 0,
              "ShmemPmdMapped": 0,
              "Swap": 0,
              "SwapPss": 0
            },
            "start_ticks": 175386022
          },
          {
            "pid": 1297370,
            "rollup_kib": {
              "AnonHugePages": 0,
              "Anonymous": 1360,
              "FilePmdMapped": 0,
              "KSM": 0,
              "LazyFree": 0,
              "Locked": 0,
              "Private_Clean": 0,
              "Private_Dirty": 1672,
              "Private_Hugetlb": 0,
              "Pss": 1861,
              "Pss_Anon": 1360,
              "Pss_Dirty": 1672,
              "Pss_File": 501,
              "Pss_Shmem": 0,
              "Referenced": 5404,
              "Rss": 5404,
              "Shared_Clean": 3732,
              "Shared_Dirty": 0,
              "Shared_Hugetlb": 0,
              "ShmemPmdMapped": 0,
              "Swap": 0,
              "SwapPss": 0
            },
            "start_ticks": 175386023
          }
        ],
        "reason": "phase_marker",
        "tree_rss_kib": 41676
      },
      {
        "elapsed_s": 40.2084,
        "processes": [
          {
            "pid": 1297263,
            "rollup_kib": {
              "AnonHugePages": 0,
              "Anonymous": 18472,
              "FilePmdMapped": 0,
              "KSM": 0,
              "LazyFree": 0,
              "Locked": 0,
              "Private_Clean": 40,
              "Private_Dirty": 18472,
              "Private_Hugetlb": 0,
              "Pss": 19725,
              "Pss_Anon": 18472,
              "Pss_Dirty": 18472,
              "Pss_File": 1253,
              "Pss_Shmem": 0,
              "Referenced": 30780,
              "Rss": 30780,
              "Shared_Clean": 12268,
              "Shared_Dirty": 0,
              "Shared_Hugetlb": 0,
              "ShmemPmdMapped": 0,
              "Swap": 0,
              "SwapPss": 0
            },
            "start_ticks": 175385973
          },
          {
            "pid": 1304977,
            "rollup_kib": {
              "AnonHugePages": 0,
              "Anonymous": 1248,
              "FilePmdMapped": 0,
              "KSM": 0,
              "LazyFree": 0,
              "Locked": 0,
              "Private_Clean": 3600,
              "Private_Dirty": 1248,
              "Private_Hugetlb": 0,
              "Pss": 4995,
              "Pss_Anon": 1248,
              "Pss_Dirty": 1248,
              "Pss_File": 3747,
              "Pss_Shmem": 0,
              "Referenced": 7728,
              "Rss": 7728,
              "Shared_Clean": 2880,
              "Shared_Dirty": 0,
              "Shared_Hugetlb": 0,
              "ShmemPmdMapped": 0,
              "Swap": 0,
              "SwapPss": 0
            },
            "start_ticks": 175389947
          },
          {
            "pid": 1304978,
            "rollup_kib": {
              "AnonHugePages": 0,
              "Anonymous": 1208,
              "FilePmdMapped": 0,
              "KSM": 0,
              "LazyFree": 0,
              "Locked": 0,
              "Private_Clean": 316,
              "Private_Dirty": 1208,
              "Private_Hugetlb": 0,
              "Pss": 1714,
              "Pss_Anon": 1208,
              "Pss_Dirty": 1208,
              "Pss_File": 506,
              "Pss_Shmem": 0,
              "Referenced": 5248,
              "Rss": 5248,
              "Shared_Clean": 3724,
              "Shared_Dirty": 0,
              "Shared_Hugetlb": 0,
              "ShmemPmdMapped": 0,
              "Swap": 0,
              "SwapPss": 0
            },
            "start_ticks": 175389947
          }
        ],
        "reason": "phase_marker",
        "tree_rss_kib": 43756
      },
      {
        "elapsed_s": 78.3816,
        "processes": [
          {
            "pid": 1297263,
            "rollup_kib": {
              "AnonHugePages": 0,
              "Anonymous": 20996,
              "FilePmdMapped": 0,
              "KSM": 0,
              "LazyFree": 0,
              "Locked": 0,
              "Private_Clean": 40,
              "Private_Dirty": 20996,
              "Private_Hugetlb": 0,
              "Pss": 22249,
              "Pss_Anon": 20996,
              "Pss_Dirty": 20996,
              "Pss_File": 1253,
              "Pss_Shmem": 0,
              "Referenced": 33304,
              "Rss": 33304,
              "Shared_Clean": 12268,
              "Shared_Dirty": 0,
              "Shared_Hugetlb": 0,
              "ShmemPmdMapped": 0,
              "Swap": 0,
              "SwapPss": 0
            },
            "start_ticks": 175385973
          },
          {
            "pid": 1313587,
            "rollup_kib": {
              "AnonHugePages": 0,
              "Anonymous": 1252,
              "FilePmdMapped": 0,
              "KSM": 0,
              "LazyFree": 0,
              "Locked": 0,
              "Private_Clean": 612,
              "Private_Dirty": 1252,
              "Private_Hugetlb": 0,
              "Pss": 3506,
              "Pss_Anon": 1252,
              "Pss_Dirty": 1252,
              "Pss_File": 2254,
              "Pss_Shmem": 0,
              "Referenced": 7660,
              "Rss": 7660,
              "Shared_Clean": 5796,
              "Shared_Dirty": 0,
              "Shared_Hugetlb": 0,
              "ShmemPmdMapped": 0,
              "Swap": 0,
              "SwapPss": 0
            },
            "start_ticks": 175393771
          },
          {
            "pid": 1313589,
            "rollup_kib": {
              "AnonHugePages": 0,
              "Anonymous": 1472,
              "FilePmdMapped": 0,
              "KSM": 0,
              "LazyFree": 0,
              "Locked": 0,
              "Private_Clean": 324,
              "Private_Dirty": 1472,
              "Private_Hugetlb": 0,
              "Pss": 1988,
              "Pss_Anon": 1472,
              "Pss_Dirty": 1472,
              "Pss_File": 516,
              "Pss_Shmem": 0,
              "Referenced": 5516,
              "Rss": 5516,
              "Shared_Clean": 3720,
              "Shared_Dirty": 0,
              "Shared_Hugetlb": 0,
              "ShmemPmdMapped": 0,
              "Swap": 0,
              "SwapPss": 0
            },
            "start_ticks": 175393771
          }
        ],
        "reason": "phase_marker",
        "tree_rss_kib": 46480
      },
      {
        "elapsed_s": 116.5431,
        "processes": [
          {
            "pid": 1297263,
            "rollup_kib": {
              "AnonHugePages": 0,
              "Anonymous": 19616,
              "FilePmdMapped": 0,
              "KSM": 0,
              "LazyFree": 0,
              "Locked": 0,
              "Private_Clean": 40,
              "Private_Dirty": 19616,
              "Private_Hugetlb": 0,
              "Pss": 20868,
              "Pss_Anon": 19616,
              "Pss_Dirty": 19616,
              "Pss_File": 1252,
              "Pss_Shmem": 0,
              "Referenced": 31924,
              "Rss": 31924,
              "Shared_Clean": 12268,
              "Shared_Dirty": 0,
              "Shared_Hugetlb": 0,
              "ShmemPmdMapped": 0,
              "Swap": 0,
              "SwapPss": 0
            },
            "start_ticks": 175385973
          },
          {
            "pid": 1321583,
            "rollup_kib": {
              "AnonHugePages": 0,
              "Anonymous": 1244,
              "FilePmdMapped": 0,
              "KSM": 0,
              "LazyFree": 0,
              "Locked": 0,
              "Private_Clean": 264,
              "Private_Dirty": 1244,
              "Private_Hugetlb": 0,
              "Pss": 3364,
              "Pss_Anon": 1244,
              "Pss_Dirty": 1244,
              "Pss_File": 2120,
              "Pss_Shmem": 0,
              "Referenced": 7820,
              "Rss": 7820,
              "Shared_Clean": 6312,
              "Shared_Dirty": 0,
              "Shared_Hugetlb": 0,
              "ShmemPmdMapped": 0,
              "Swap": 0,
              "SwapPss": 0
            },
            "start_ticks": 175397606
          },
          {
            "pid": 1321586,
            "rollup_kib": {
              "AnonHugePages": 0,
              "Anonymous": 3360,
              "FilePmdMapped": 0,
              "KSM": 0,
              "LazyFree": 0,
              "Locked": 0,
              "Private_Clean": 316,
              "Private_Dirty": 3360,
              "Private_Hugetlb": 0,
              "Pss": 3865,
              "Pss_Anon": 3360,
              "Pss_Dirty": 3360,
              "Pss_File": 505,
              "Pss_Shmem": 0,
              "Referenced": 7404,
              "Rss": 7404,
              "Shared_Clean": 3728,
              "Shared_Dirty": 0,
              "Shared_Hugetlb": 0,
              "ShmemPmdMapped": 0,
              "Swap": 0,
              "SwapPss": 0
            },
            "start_ticks": 175397606
          }
        ],
        "reason": "phase_marker",
        "tree_rss_kib": 47148
      },
      {
        "elapsed_s": 193.3706,
        "processes": [
          {
            "pid": 1297263,
            "rollup_kib": {
              "AnonHugePages": 0,
              "Anonymous": 21260,
              "FilePmdMapped": 0,
              "KSM": 0,
              "LazyFree": 0,
              "Locked": 0,
              "Private_Clean": 36,
              "Private_Dirty": 21260,
              "Private_Hugetlb": 0,
              "Pss": 22483,
              "Pss_Anon": 21260,
              "Pss_Dirty": 21260,
              "Pss_File": 1223,
              "Pss_Shmem": 0,
              "Referenced": 33568,
              "Rss": 33568,
              "Shared_Clean": 12272,
              "Shared_Dirty": 0,
              "Shared_Hugetlb": 0,
              "ShmemPmdMapped": 0,
              "Swap": 0,
              "SwapPss": 0
            },
            "start_ticks": 175385973
          },
          {
            "pid": 1337888,
            "rollup_kib": {
              "AnonHugePages": 0,
              "Anonymous": 1252,
              "FilePmdMapped": 0,
              "KSM": 0,
              "LazyFree": 0,
              "Locked": 0,
              "Private_Clean": 168,
              "Private_Dirty": 1252,
              "Private_Hugetlb": 0,
              "Pss": 2817,
              "Pss_Anon": 1252,
              "Pss_Dirty": 1252,
              "Pss_File": 1565,
              "Pss_Shmem": 0,
              "Referenced": 7856,
              "Rss": 7856,
              "Shared_Clean": 6436,
              "Shared_Dirty": 0,
              "Shared_Hugetlb": 0,
              "ShmemPmdMapped": 0,
              "Swap": 0,
              "SwapPss": 0
            },
            "start_ticks": 175405303
          },
          {
            "pid": 1337889,
            "rollup_kib": {
              "AnonHugePages": 0,
              "Anonymous": 3204,
              "FilePmdMapped": 0,
              "KSM": 0,
              "LazyFree": 0,
              "Locked": 0,
              "Private_Clean": 312,
              "Private_Dirty": 3204,
              "Private_Hugetlb": 0,
              "Pss": 3679,
              "Pss_Anon": 3204,
              "Pss_Dirty": 3204,
              "Pss_File": 475,
              "Pss_Shmem": 0,
              "Referenced": 7248,
              "Rss": 7248,
              "Shared_Clean": 3732,
              "Shared_Dirty": 0,
              "Shared_Hugetlb": 0,
              "ShmemPmdMapped": 0,
              "Swap": 0,
              "SwapPss": 0
            },
            "start_ticks": 175405303
          }
        ],
        "reason": "phase_marker",
        "tree_rss_kib": 48672
      },
      {
        "elapsed_s": 270.2266,
        "processes": [
          {
            "pid": 1297263,
            "rollup_kib": {
              "AnonHugePages": 0,
              "Anonymous": 23808,
              "FilePmdMapped": 0,
              "KSM": 0,
              "LazyFree": 0,
              "Locked": 0,
              "Private_Clean": 40,
              "Private_Dirty": 23808,
              "Private_Hugetlb": 0,
              "Pss": 25055,
              "Pss_Anon": 23808,
              "Pss_Dirty": 23808,
              "Pss_File": 1247,
              "Pss_Shmem": 0,
              "Referenced": 36116,
              "Rss": 36116,
              "Shared_Clean": 12268,
              "Shared_Dirty": 0,
              "Shared_Hugetlb": 0,
              "ShmemPmdMapped": 0,
              "Swap": 0,
              "SwapPss": 0
            },
            "start_ticks": 175385973
          },
          {
            "pid": 1353070,
            "rollup_kib": {
              "AnonHugePages": 0,
              "Anonymous": 1244,
              "FilePmdMapped": 0,
              "KSM": 0,
              "LazyFree": 0,
              "Locked": 0,
              "Private_Clean": 328,
              "Private_Dirty": 1244,
              "Private_Hugetlb": 0,
              "Pss": 3289,
              "Pss_Anon": 1244,
              "Pss_Dirty": 1244,
              "Pss_File": 2045,
              "Pss_Shmem": 0,
              "Referenced": 7528,
              "Rss": 7528,
              "Shared_Clean": 5956,
              "Shared_Dirty": 0,
              "Shared_Hugetlb": 0,
              "ShmemPmdMapped": 0,
              "Swap": 0,
              "SwapPss": 0
            },
            "start_ticks": 175412970
          },
          {
            "pid": 1353071,
            "rollup_kib": {
              "AnonHugePages": 0,
              "Anonymous": 3356,
              "FilePmdMapped": 0,
              "KSM": 0,
              "LazyFree": 0,
              "Locked": 0,
              "Private_Clean": 312,
              "Private_Dirty": 3356,
              "Private_Hugetlb": 0,
              "Pss": 3856,
              "Pss_Anon": 3356,
              "Pss_Dirty": 3356,
              "Pss_File": 500,
              "Pss_Shmem": 0,
              "Referenced": 7400,
              "Rss": 7400,
              "Shared_Clean": 3732,
              "Shared_Dirty": 0,
              "Shared_Hugetlb": 0,
              "ShmemPmdMapped": 0,
              "Swap": 0,
              "SwapPss": 0
            },
            "start_ticks": 175412970
          }
        ],
        "reason": "phase_marker",
        "tree_rss_kib": 51044
      },
      {
        "elapsed_s": 347.5756,
        "processes": [
          {
            "pid": 1297263,
            "rollup_kib": {
              "AnonHugePages": 0,
              "Anonymous": 22040,
              "FilePmdMapped": 0,
              "KSM": 0,
              "LazyFree": 0,
              "Locked": 0,
              "Private_Clean": 40,
              "Private_Dirty": 22040,
              "Private_Hugetlb": 0,
              "Pss": 23287,
              "Pss_Anon": 22040,
              "Pss_Dirty": 22040,
              "Pss_File": 1247,
              "Pss_Shmem": 0,
              "Referenced": 34348,
              "Rss": 34348,
              "Shared_Clean": 12268,
              "Shared_Dirty": 0,
              "Shared_Hugetlb": 0,
              "ShmemPmdMapped": 0,
              "Swap": 0,
              "SwapPss": 0
            },
            "start_ticks": 175385973
          },
          {
            "pid": 1369331,
            "rollup_kib": {
              "AnonHugePages": 0,
              "Anonymous": 1248,
              "FilePmdMapped": 0,
              "KSM": 0,
              "LazyFree": 0,
              "Locked": 0,
              "Private_Clean": 628,
              "Private_Dirty": 1248,
              "Private_Hugetlb": 0,
              "Pss": 3545,
              "Pss_Anon": 1248,
              "Pss_Dirty": 1248,
              "Pss_File": 2297,
              "Pss_Shmem": 0,
              "Referenced": 7800,
              "Rss": 7800,
              "Shared_Clean": 5924,
              "Shared_Dirty": 0,
              "Shared_Hugetlb": 0,
              "ShmemPmdMapped": 0,
              "Swap": 0,
              "SwapPss": 0
            },
            "start_ticks": 175420718
          },
          {
            "pid": 1369334,
            "rollup_kib": {
              "AnonHugePages": 0,
              "Anonymous": 1432,
              "FilePmdMapped": 0,
              "KSM": 0,
              "LazyFree": 0,
              "Locked": 0,
              "Private_Clean": 312,
              "Private_Dirty": 1432,
              "Private_Hugetlb": 0,
              "Pss": 1932,
              "Pss_Anon": 1432,
              "Pss_Dirty": 1432,
              "Pss_File": 500,
              "Pss_Shmem": 0,
              "Referenced": 5476,
              "Rss": 5476,
              "Shared_Clean": 3732,
              "Shared_Dirty": 0,
              "Shared_Hugetlb": 0,
              "ShmemPmdMapped": 0,
              "Swap": 0,
              "SwapPss": 0
            },
            "start_ticks": 175420718
          }
        ],
        "reason": "phase_marker",
        "tree_rss_kib": 47624
      },
      {
        "elapsed_s": 411.8486,
        "processes": [
          {
            "pid": 1297263,
            "rollup_kib": {
              "AnonHugePages": 0,
              "Anonymous": 23288,
              "FilePmdMapped": 0,
              "KSM": 0,
              "LazyFree": 0,
              "Locked": 0,
              "Private_Clean": 40,
              "Private_Dirty": 23288,
              "Private_Hugetlb": 0,
              "Pss": 24535,
              "Pss_Anon": 23288,
              "Pss_Dirty": 23288,
              "Pss_File": 1247,
              "Pss_Shmem": 0,
              "Referenced": 35596,
              "Rss": 35596,
              "Shared_Clean": 12268,
              "Shared_Dirty": 0,
              "Shared_Hugetlb": 0,
              "ShmemPmdMapped": 0,
              "Swap": 0,
              "SwapPss": 0
            },
            "start_ticks": 175385973
          },
          {
            "pid": 1382024,
            "rollup_kib": {
              "AnonHugePages": 0,
              "Anonymous": 1248,
              "FilePmdMapped": 0,
              "KSM": 0,
              "LazyFree": 0,
              "Locked": 0,
              "Private_Clean": 328,
              "Private_Dirty": 1248,
              "Private_Hugetlb": 0,
              "Pss": 3297,
              "Pss_Anon": 1248,
              "Pss_Dirty": 1248,
              "Pss_File": 2049,
              "Pss_Shmem": 0,
              "Referenced": 7604,
              "Rss": 7604,
              "Shared_Clean": 6028,
              "Shared_Dirty": 0,
              "Shared_Hugetlb": 0,
              "ShmemPmdMapped": 0,
              "Swap": 0,
              "SwapPss": 0
            },
            "start_ticks": 175427114
          },
          {
            "pid": 1382026,
            "rollup_kib": {
              "AnonHugePages": 0,
              "Anonymous": 1288,
              "FilePmdMapped": 0,
              "KSM": 0,
              "LazyFree": 0,
              "Locked": 0,
              "Private_Clean": 312,
              "Private_Dirty": 1288,
              "Private_Hugetlb": 0,
              "Pss": 1788,
              "Pss_Anon": 1288,
              "Pss_Dirty": 1288,
              "Pss_File": 500,
              "Pss_Shmem": 0,
              "Referenced": 5332,
              "Rss": 5332,
              "Shared_Clean": 3732,
              "Shared_Dirty": 0,
              "Shared_Hugetlb": 0,
              "ShmemPmdMapped": 0,
              "Swap": 0,
              "SwapPss": 0
            },
            "start_ticks": 175427114
          }
        ],
        "reason": "phase_marker",
        "tree_rss_kib": 48532
      },
      {
        "elapsed_s": 476.6376,
        "processes": [
          {
            "pid": 1297263,
            "rollup_kib": {
              "AnonHugePages": 0,
              "Anonymous": 24692,
              "FilePmdMapped": 0,
              "KSM": 0,
              "LazyFree": 0,
              "Locked": 0,
              "Private_Clean": 40,
              "Private_Dirty": 24692,
              "Private_Hugetlb": 0,
              "Pss": 25933,
              "Pss_Anon": 24692,
              "Pss_Dirty": 24692,
              "Pss_File": 1241,
              "Pss_Shmem": 0,
              "Referenced": 37000,
              "Rss": 37000,
              "Shared_Clean": 12268,
              "Shared_Dirty": 0,
              "Shared_Hugetlb": 0,
              "ShmemPmdMapped": 0,
              "Swap": 0,
              "SwapPss": 0
            },
            "start_ticks": 175385973
          },
          {
            "pid": 1395840,
            "rollup_kib": {
              "AnonHugePages": 0,
              "Anonymous": 1248,
              "FilePmdMapped": 0,
              "KSM": 0,
              "LazyFree": 0,
              "Locked": 0,
              "Private_Clean": 3620,
              "Private_Dirty": 1248,
              "Private_Hugetlb": 0,
              "Pss": 4938,
              "Pss_Anon": 1248,
              "Pss_Dirty": 1248,
              "Pss_File": 3690,
              "Pss_Shmem": 0,
              "Referenced": 7532,
              "Rss": 7532,
              "Shared_Clean": 2664,
              "Shared_Dirty": 0,
              "Shared_Hugetlb": 0,
              "ShmemPmdMapped": 0,
              "Swap": 0,
              "SwapPss": 0
            },
            "start_ticks": 175433591
          },
          {
            "pid": 1395841,
            "rollup_kib": {
              "AnonHugePages": 0,
              "Anonymous": 1364,
              "FilePmdMapped": 0,
              "KSM": 0,
              "LazyFree": 0,
              "Locked": 0,
              "Private_Clean": 332,
              "Private_Dirty": 1364,
              "Private_Hugetlb": 0,
              "Pss": 1892,
              "Pss_Anon": 1364,
              "Pss_Dirty": 1364,
              "Pss_File": 528,
              "Pss_Shmem": 0,
              "Referenced": 5472,
              "Rss": 5472,
              "Shared_Clean": 3776,
              "Shared_Dirty": 0,
              "Shared_Hugetlb": 0,
              "ShmemPmdMapped": 0,
              "Swap": 0,
              "SwapPss": 0
            },
            "start_ticks": 175433591
          }
        ],
        "reason": "phase_marker",
        "tree_rss_kib": 50004
      },
      {
        "elapsed_s": 540.9286,
        "processes": [
          {
            "pid": 1297263,
            "rollup_kib": {
              "AnonHugePages": 0,
              "Anonymous": 22560,
              "FilePmdMapped": 0,
              "KSM": 0,
              "LazyFree": 0,
              "Locked": 0,
              "Private_Clean": 40,
              "Private_Dirty": 22560,
              "Private_Hugetlb": 0,
              "Pss": 23807,
              "Pss_Anon": 22560,
              "Pss_Dirty": 22560,
              "Pss_File": 1247,
              "Pss_Shmem": 0,
              "Referenced": 34868,
              "Rss": 34868,
              "Shared_Clean": 12268,
              "Shared_Dirty": 0,
              "Shared_Hugetlb": 0,
              "ShmemPmdMapped": 0,
              "Swap": 0,
              "SwapPss": 0
            },
            "start_ticks": 175385973
          },
          {
            "pid": 1409958,
            "rollup_kib": {
              "AnonHugePages": 0,
              "Anonymous": 1252,
              "FilePmdMapped": 0,
              "KSM": 0,
              "LazyFree": 0,
              "Locked": 0,
              "Private_Clean": 504,
              "Private_Dirty": 1252,
              "Private_Hugetlb": 0,
              "Pss": 3344,
              "Pss_Anon": 1252,
              "Pss_Dirty": 1252,
              "Pss_File": 2092,
              "Pss_Shmem": 0,
              "Referenced": 7460,
              "Rss": 7460,
              "Shared_Clean": 5704,
              "Shared_Dirty": 0,
              "Shared_Hugetlb": 0,
              "ShmemPmdMapped": 0,
              "Swap": 0,
              "SwapPss": 0
            },
            "start_ticks": 175440017
          },
          {
            "pid": 1409959,
            "rollup_kib": {
              "AnonHugePages": 0,
              "Anonymous": 1464,
              "FilePmdMapped": 0,
              "KSM": 0,
              "LazyFree": 0,
              "Locked": 0,
              "Private_Clean": 312,
              "Private_Dirty": 1464,
              "Private_Hugetlb": 0,
              "Pss": 1964,
              "Pss_Anon": 1464,
              "Pss_Dirty": 1464,
              "Pss_File": 500,
              "Pss_Shmem": 0,
              "Referenced": 5508,
              "Rss": 5508,
              "Shared_Clean": 3732,
              "Shared_Dirty": 0,
              "Shared_Hugetlb": 0,
              "ShmemPmdMapped": 0,
              "Swap": 0,
              "SwapPss": 0
            },
            "start_ticks": 175440017
          }
        ],
        "reason": "phase_marker",
        "tree_rss_kib": 47836
      },
      {
        "elapsed_s": 604.7196,
        "processes": [
          {
            "pid": 1297263,
            "rollup_kib": {
              "AnonHugePages": 0,
              "Anonymous": 23828,
              "FilePmdMapped": 0,
              "KSM": 0,
              "LazyFree": 0,
              "Locked": 0,
              "Private_Clean": 40,
              "Private_Dirty": 23828,
              "Private_Hugetlb": 0,
              "Pss": 25060,
              "Pss_Anon": 23828,
              "Pss_Dirty": 23828,
              "Pss_File": 1232,
              "Pss_Shmem": 0,
              "Referenced": 36136,
              "Rss": 36136,
              "Shared_Clean": 12268,
              "Shared_Dirty": 0,
              "Shared_Hugetlb": 0,
              "ShmemPmdMapped": 0,
              "Swap": 0,
              "SwapPss": 0
            },
            "start_ticks": 175385973
          },
          {
            "pid": 1424548,
            "rollup_kib": {
              "AnonHugePages": 0,
              "Anonymous": 1248,
              "FilePmdMapped": 0,
              "KSM": 0,
              "LazyFree": 0,
              "Locked": 0,
              "Private_Clean": 484,
              "Private_Dirty": 1248,
              "Private_Hugetlb": 0,
              "Pss": 3424,
              "Pss_Anon": 1248,
              "Pss_Dirty": 1248,
              "Pss_File": 2176,
              "Pss_Shmem": 0,
              "Referenced": 7776,
              "Rss": 7776,
              "Shared_Clean": 6044,
              "Shared_Dirty": 0,
              "Shared_Hugetlb": 0,
              "ShmemPmdMapped": 0,
              "Swap": 0,
              "SwapPss": 0
            },
            "start_ticks": 175446444
          },
          {
            "pid": 1424549,
            "rollup_kib": {
              "AnonHugePages": 0,
              "Anonymous": 1220,
              "FilePmdMapped": 0,
              "KSM": 0,
              "LazyFree": 0,
              "Locked": 0,
              "Private_Clean": 312,
              "Private_Dirty": 1220,
              "Private_Hugetlb": 0,
              "Pss": 1720,
              "Pss_Anon": 1220,
              "Pss_Dirty": 1220,
              "Pss_File": 500,
              "Pss_Shmem": 0,
              "Referenced": 5264,
              "Rss": 5264,
              "Shared_Clean": 3732,
              "Shared_Dirty": 0,
              "Shared_Hugetlb": 0,
              "ShmemPmdMapped": 0,
              "Swap": 0,
              "SwapPss": 0
            },
            "start_ticks": 175446444
          }
        ],
        "reason": "phase_marker",
        "tree_rss_kib": 49176
      },
      {
        "elapsed_s": 669.0006,
        "processes": [
          {
            "pid": 1297263,
            "rollup_kib": {
              "AnonHugePages": 0,
              "Anonymous": 25220,
              "FilePmdMapped": 0,
              "KSM": 0,
              "LazyFree": 0,
              "Locked": 0,
              "Private_Clean": 40,
              "Private_Dirty": 25220,
              "Private_Hugetlb": 0,
              "Pss": 26467,
              "Pss_Anon": 25220,
              "Pss_Dirty": 25220,
              "Pss_File": 1247,
              "Pss_Shmem": 0,
              "Referenced": 37528,
              "Rss": 37528,
              "Shared_Clean": 12268,
              "Shared_Dirty": 0,
              "Shared_Hugetlb": 0,
              "ShmemPmdMapped": 0,
              "Swap": 0,
              "SwapPss": 0
            },
            "start_ticks": 175385973
          },
          {
            "pid": 1437626,
            "rollup_kib": {
              "AnonHugePages": 0,
              "Anonymous": 1248,
              "FilePmdMapped": 0,
              "KSM": 0,
              "LazyFree": 0,
              "Locked": 0,
              "Private_Clean": 512,
              "Private_Dirty": 1248,
              "Private_Hugetlb": 0,
              "Pss": 3493,
              "Pss_Anon": 1248,
              "Pss_Dirty": 1248,
              "Pss_File": 2245,
              "Pss_Shmem": 0,
              "Referenced": 7756,
              "Rss": 7756,
              "Shared_Clean": 5996,
              "Shared_Dirty": 0,
              "Shared_Hugetlb": 0,
              "ShmemPmdMapped": 0,
              "Swap": 0,
              "SwapPss": 0
            },
            "start_ticks": 175452850
          },
          {
            "pid": 1437627,
            "rollup_kib": {
              "AnonHugePages": 0,
              "Anonymous": 1368,
              "FilePmdMapped": 0,
              "KSM": 0,
              "LazyFree": 0,
              "Locked": 0,
              "Private_Clean": 332,
              "Private_Dirty": 1368,
              "Private_Hugetlb": 0,
              "Pss": 1896,
              "Pss_Anon": 1368,
              "Pss_Dirty": 1368,
              "Pss_File": 528,
              "Pss_Shmem": 0,
              "Referenced": 5476,
              "Rss": 5476,
              "Shared_Clean": 3776,
              "Shared_Dirty": 0,
              "Shared_Hugetlb": 0,
              "ShmemPmdMapped": 0,
              "Swap": 0,
              "SwapPss": 0
            },
            "start_ticks": 175452850
          }
        ],
        "reason": "phase_marker",
        "tree_rss_kib": 50760
      },
      {
        "elapsed_s": 733.7916,
        "processes": [],
        "reason": "phase_marker+terminal",
        "tree_rss_kib": 0
      }
    ],
    "status": "complete",
    "temporary_disk_limit_bytes": 268435456,
    "wall_time_limit_seconds": null
  }
}
