{"command": ["/usr/bin/python3", "/home/x/deco/gamma/projects/enwiki9/tools/run_with_rss_guard.py", "--limit-kib", "9765625", "--limit-mode", "tree", "--official-decimal-limit-kib", "9765625", "--guard-json", "results/nncp_libnc_profile_update_fixture_64_q1_v1/guard.json", "--label", "nncp_libnc_profile_update_fixture_64_q1_v1", "--phase", "diagnostic", "--scratch-path", "results/nncp_libnc_profile_update_fixture_64_q1_v1", "--temporary-disk-limit-bytes", "20000000000", "--", "python3", "tools/nncp_libnc_profile_update_fixture_64_q1.py", "--experiment", "operations/adaptive/experiments/nncp_libnc_profile_update_fixture_64_q1_v1.json", "--output", "results/nncp_libnc_profile_update_fixture_64_q1_v1/decision.json"], "job": {"candidate_id": "nncp_libnc_profile_update_fixture_64_q1_v1", "candidate_revision": {"path": "operations/adaptive/candidate-revisions/nncp_libnc_profile_update_fixture_64_q1_v1/20260815T233053048924Z_cc0f00ac50f6.json", "sha256": "sha256:c5794ae7926d854a9af288a76fe60392a083b7030472958b85aa46061da3beda"}, "candidate_tree_sha256": "sha256:cc0f00ac50f673e873c062ceb372ca3eb635bb5122dec0d7fdd07a4aefb3a64a", "experiment": {"path": "operations/adaptive/experiments/nncp_libnc_profile_update_fixture_64_q1_v1.json", "sha256": "sha256:81f822fd24e2adfbbce754a73ab47792ee3c22b802a3b56703456be52dbfeed8"}, "gate_size": 2048, "job_id": "20260815T233112Z_ee79010d5f", "priority": 1461, "proposal": {"path": "operations/adaptive/proposals/developed/000_nncp_libnc_profile_update_fixture_64_q1_v1.json", "sha256": "sha256:81e9df3dea67717603d4345a6da4c525d81ba74868dfbb312be4ef6ca4863029"}, "proposal_id": "nncp_libnc_profile_update_fixture_64_q1_v1", "purpose": "oracle", "runner": {"path": "tools/run_with_rss_guard.py", "sha256": "sha256:005d55cdec6f3fabd5caa4acb78e75e0d6a07340e45e0e9577c5c7d8ea13d00e"}, "schema": "gamma.enwiki9.adaptive-job.v3", "scratch_directories": ["results/nncp_libnc_profile_update_fixture_64_q1_v1"], "started_at": "2026-08-15T23:31:16+00:00", "state": "running", "submitted_at": "2026-08-15T23:31:12+00:00", "tags": ["full-update-fixture", "identity-correction", "libnc", "zero-credit"], "tool": "tools/run_with_rss_guard.py", "tool_args": ["--limit-kib", "9765625", "--limit-mode", "tree", "--official-decimal-limit-kib", "9765625", "--guard-json", "results/nncp_libnc_profile_update_fixture_64_q1_v1/guard.json", "--label", "nncp_libnc_profile_update_fixture_64_q1_v1", "--phase", "diagnostic", "--scratch-path", "results/nncp_libnc_profile_update_fixture_64_q1_v1", "--temporary-disk-limit-bytes", "20000000000", "--", "python3", "tools/nncp_libnc_profile_update_fixture_64_q1.py", "--experiment", "operations/adaptive/experiments/nncp_libnc_profile_update_fixture_64_q1_v1.json", "--output", "results/nncp_libnc_profile_update_fixture_64_q1_v1/decision.json"]}}
Traceback (most recent call last):
  File "/home/x/deco/gamma/projects/enwiki9/tools/nncp_libnc_profile_update_fixture_64_q1.py", line 55, in <module>
    raise SystemExit(base.main())
                     ~~~~~~~~~^^
  File "/home/x/deco/gamma/projects/enwiki9/tools/nncp_libnc_profile_update_fixture_64_q0.py", line 372, in main
    executions = [capture(executable, hook, fixture), capture(executable, hook, repeat)]
                  ~~~~~~~^^^^^^^^^^^^^^^^^^^^^^^^^^^
  File "/home/x/deco/gamma/projects/enwiki9/tools/nncp_libnc_profile_update_fixture_64_q0.py", line 269, in capture
    completed = run(command, env=environment, cwd=directory.parent)
  File "/home/x/deco/gamma/projects/enwiki9/tools/nncp_libnc_profile_update_fixture_64_q0.py", line 224, in run
    return subprocess.run(command, check=True, text=True, capture_output=True, **kwargs)
           ~~~~~~~~~~~~~~^^^^^^^^^^^^^^^^^^^^^^^^^^^^^^^^^^^^^^^^^^^^^^^^^^^^^^^^^^^^^^^
  File "/usr/lib/python3.14/subprocess.py", line 578, in run
    raise CalledProcessError(retcode, process.args,
                             output=stdout, stderr=stderr)
subprocess.CalledProcessError: Command '['/home/x/deco/gamma/projects/enwiki9/results/nncp_libnc_profile_update_fixture_64_q1_v1/scratch/nncp_profile_update_fixture', '-q', '-T', '4', '--profile', 'enwik9', '--n_symb', '16392', '--dict', '/home/x/enwiki9-nonproof/results/nncp_full_symbol_map_v1_retry2/dictionary.bin', '--max_size', '65536', 'c', '/home/x/enwiki9-nonproof/results/nncp_full_symbol_map_v1_retry2/preprocessed.bin', '/home/x/deco/gamma/projects/enwiki9/results/nncp_libnc_profile_update_fixture_64_q1_v1/fixture.partial.nncp']' died with <Signals.SIGABRT: 6>.
{
  "rss_guard": {
    "schema": "gamma.enwiki9.resource-guard-receipt.v2",
    "objective": {
      "objectiveId": "gamma-enwiki9-hutter-105m-v1",
      "objectiveDigest": "sha256:ce4c435c0f398caf65a09050c8518d9c5ea63239f9156048ea2aaaf9b8ffa7e8",
      "objectivePath": "contracts/research/v1/objective-contract.json",
      "targetScoreBytes": 105000000,
      "corpusBytes": 1000000000,
      "corpusSha256": "159b85351e5f76e60cbe32e04c677847a9ecba3adc79addab6f4c6c7aa3744bc"
    },
    "label": "nncp_libnc_profile_update_fixture_64_q1_v1",
    "phase": "diagnostic",
    "command": [
      "python3",
      "tools/nncp_libnc_profile_update_fixture_64_q1.py",
      "--experiment",
      "operations/adaptive/experiments/nncp_libnc_profile_update_fixture_64_q1_v1.json",
      "--output",
      "results/nncp_libnc_profile_update_fixture_64_q1_v1/decision.json"
    ],
    "sample_interval_seconds": 5.0,
    "geekbench5_single_core_score": null,
    "wall_time_limit_seconds": null,
    "wall_time_measurement_complete": false,
    "wall_time_exceeded": false,
    "limit_kib": 9765625,
    "limit_mode": "tree",
    "official_decimal_limit_kib": 9765625,
    "official_decimal_over_limit_kib": 0,
    "scratch_paths": [
      "results/nncp_libnc_profile_update_fixture_64_q1_v1"
    ],
    "temporary_disk_limit_bytes": 20000000000,
    "temporary_disk_measurement_complete": true,
    "max_sampled_temporary_disk_bytes": 2332259136,
    "max_logical_cpus": null,
    "affinity_measurement_complete": true,
    "max_sampled_allowed_cpu_count": 32,
    "logical_cpu_guard_exceeded": false,
    "max_sampled_tree_live_threads": 36,
    "max_sampled_tree_runnable_threads": 4,
    "max_sampled_single_rss_kib": 6380232,
    "max_sampled_tree_rss_kib": 6426980,
    "peak_sample": {
      "processes": [
        {
          "pid": 3716359,
          "rss_kib": 46748,
          "live_threads": 32,
          "runnable_threads": 0,
          "allowed_cpus": [
            0,
            1,
            2,
            3,
            4,
            5,
            6,
            7,
            8,
            9,
            10,
            11,
            12,
            13,
            14,
            15,
            16,
            17,
            18,
            19,
            20,
            21,
            22,
            23,
            24,
            25,
            26,
            27,
            28,
            29,
            30,
            31
          ]
        },
        {
          "pid": 3717157,
          "rss_kib": 6380232,
          "live_threads": 4,
          "runnable_threads": 0,
          "allowed_cpus": [
            0,
            1,
            2,
            3,
            4,
            5,
            6,
            7,
            8,
            9,
            10,
            11,
            12,
            13,
            14,
            15,
            16,
            17,
            18,
            19,
            20,
            21,
            22,
            23,
            24,
            25,
            26,
            27,
            28,
            29,
            30,
            31
          ]
        }
      ],
      "max_single_rss_kib": 6380232,
      "tree_rss_kib": 6426980,
      "tree_live_threads": 36,
      "tree_runnable_threads": 0,
      "allowed_cpu_union": [
        0,
        1,
        2,
        3,
        4,
        5,
        6,
        7,
        8,
        9,
        10,
        11,
        12,
        13,
        14,
        15,
        16,
        17,
        18,
        19,
        20,
        21,
        22,
        23,
        24,
        25,
        26,
        27,
        28,
        29,
        30,
        31
      ]
    },
    "peak_tree_sample": {
      "processes": [
        {
          "pid": 3716359,
          "rss_kib": 46748,
          "live_threads": 32,
          "runnable_threads": 0,
          "allowed_cpus": [
            0,
            1,
            2,
            3,
            4,
            5,
            6,
            7,
            8,
            9,
            10,
            11,
            12,
            13,
            14,
            15,
            16,
            17,
            18,
            19,
            20,
            21,
            22,
            23,
            24,
            25,
            26,
            27,
            28,
            29,
            30,
            31
          ]
        },
        {
          "pid": 3717157,
          "rss_kib": 6380232,
          "live_threads": 4,
          "runnable_threads": 0,
          "allowed_cpus": [
            0,
            1,
            2,
            3,
            4,
            5,
            6,
            7,
            8,
            9,
            10,
            11,
            12,
            13,
            14,
            15,
            16,
            17,
            18,
            19,
            20,
            21,
            22,
            23,
            24,
            25,
            26,
            27,
            28,
            29,
            30,
            31
          ]
        }
      ],
      "max_single_rss_kib": 6380232,
      "tree_rss_kib": 6426980,
      "tree_live_threads": 36,
      "tree_runnable_threads": 0,
      "allowed_cpu_union": [
        0,
        1,
        2,
        3,
        4,
        5,
        6,
        7,
        8,
        9,
        10,
        11,
        12,
        13,
        14,
        15,
        16,
        17,
        18,
        19,
        20,
        21,
        22,
        23,
        24,
        25,
        26,
        27,
        28,
        29,
        30,
        31
      ]
    },
    "latest_sample": {
      "processes": [],
      "max_single_rss_kib": 0,
      "tree_rss_kib": 0,
      "tree_live_threads": 0,
      "tree_runnable_threads": 0,
      "allowed_cpu_union": []
    },
    "sample_count": 64,
    "rss_guard_exceeded": false,
    "official_decimal_memory_exceeded": false,
    "temporary_disk_guard_exceeded": false,
    "returncode": 1,
    "status": "complete",
    "elapsed_s": 315.2997
  }
}
