{
  "resource_guard": {
    "cgroup": {
      "inode": 222133,
      "joined_before_exec": true,
      "memory_max_bytes": 134217728,
      "memory_max_rounding_bytes": 0,
      "memory_peak_reset": true,
      "path": "/sys/fs/cgroup/user.slice/user-1000.slice/user@1000.service/app.slice/gamma-enwiki9-discovery-canary-exact-8cdac80fce134de8-inner",
      "previous_memory_max": "134217728",
      "requested_memory_max_bytes": 134217728
    },
    "cgroup_events": {
      "baseline": {
        "high": 0,
        "low": 0,
        "max": 0,
        "oom": 0,
        "oom_group_kill": 0,
        "oom_kill": 0,
        "sock_throttled": 0
      },
      "delta": {
        "high": 0,
        "low": 0,
        "max": 0,
        "oom": 0,
        "oom_group_kill": 0,
        "oom_kill": 0,
        "sock_throttled": 0
      },
      "final": {
        "high": 0,
        "low": 0,
        "max": 0,
        "oom": 0,
        "oom_group_kill": 0,
        "oom_kill": 0,
        "sock_throttled": 0
      }
    },
    "command": [
      "/usr/bin/python3",
      "/home/x/deco/gamma/projects/enwiki9/tests/test_enwiki9_discovery_canary.py",
      "--payload",
      "exact",
      "--bundle",
      "/home/x/deco/gamma/projects/enwiki9/results/discovery_canary_nested_20260905_v3/exact"
    ],
    "command_sha256": "a074412d284f519042c192cdbbbde7bf4f23153648ea5bd494e3100e42026f26",
    "elapsed_s": 0.3334,
    "geekbench5_single_core_score": null,
    "guards": {
      "cgroup_memory_guard_exceeded": false,
      "logical_cpu_guard_exceeded": false,
      "measurement_incomplete": false,
      "official_decimal_memory_exceeded": false,
      "phase_marker_invalid": false,
      "rss_guard_exceeded": false,
      "temporary_disk_guard_exceeded": false,
      "wall_time_guard_exceeded": false
    },
    "label": "exact",
    "latest_sample": {
      "allowed_cpu_union": [],
      "cgroup_current_bytes": 180224,
      "elapsed_s": 0.3326,
      "max_single_rss_kib": 0,
      "persistent_status_misses": [],
      "processes": [],
      "scratch_allocated_bytes": 147456,
      "scratch_file_count": 19,
      "scratch_logical_bytes": 91735,
      "scratch_race_count": 0,
      "tree_live_threads": 0,
      "tree_rss_kib": 0,
      "tree_runnable_threads": 0
    },
    "limit_kib": 131072,
    "limit_mode": "tree",
    "max_logical_cpus": 1,
    "measurements": {
      "affinity_complete": true,
      "cgroup_v2_complete": true,
      "per_process_vmhwm_sampled": true,
      "phase_markers_complete": true,
      "process_tree_rss_complete": true,
      "scratch_logical_and_allocated_complete": true,
      "smaps_rollup_complete": true
    },
    "objective": {
      "corpusBytes": 1000000000,
      "corpusSha256": "159b85351e5f76e60cbe32e04c677847a9ecba3adc79addab6f4c6c7aa3744bc",
      "objectiveDigest": "sha256:16badfa6c1a53b47bcc12b089fdd9c21f7405ea56a84344d60c28d2252da8288",
      "objectiveId": "gamma-enwiki9-hutter-99m-v2",
      "objectivePath": "contracts/research/v2/objective-contract.json",
      "targetScoreBytes": 99000000
    },
    "official_decimal_limit_kib": 131072,
    "peak_process_vmhwm": {
      "comm": "python3",
      "observed_elapsed_s": 0.1264,
      "pid": 3231130,
      "start_ticks": 172257074,
      "vmhwm_kib": 22352
    },
    "peak_sample": {
      "allowed_cpu_union": [
        4
      ],
      "cgroup_current_bytes": 11079680,
      "elapsed_s": 0.1264,
      "max_single_rss_kib": 22352,
      "persistent_status_misses": [],
      "processes": [
        {
          "allowed_cpus": [
            4
          ],
          "comm": "python3",
          "live_threads": 1,
          "pid": 3231130,
          "rss_kib": 22352,
          "runnable_threads": 1,
          "start_ticks": 172257074,
          "vmhwm_kib": 22352
        },
        {
          "allowed_cpus": [
            4
          ],
          "comm": "codec",
          "live_threads": 1,
          "pid": 3231176,
          "rss_kib": 20,
          "runnable_threads": 1,
          "start_ticks": 172257087,
          "vmhwm_kib": 20
        }
      ],
      "scratch_allocated_bytes": 65536,
      "scratch_file_count": 9,
      "scratch_logical_bytes": 34133,
      "scratch_race_count": 0,
      "tree_live_threads": 2,
      "tree_rss_kib": 22372,
      "tree_runnable_threads": 2
    },
    "peak_tree_sample": {
      "allowed_cpu_union": [
        4
      ],
      "cgroup_current_bytes": 16375808,
      "elapsed_s": 0.2298,
      "max_single_rss_kib": 22352,
      "persistent_status_misses": [],
      "processes": [
        {
          "allowed_cpus": [
            4
          ],
          "comm": "python3",
          "live_threads": 1,
          "pid": 3231130,
          "rss_kib": 22352,
          "runnable_threads": 0,
          "start_ticks": 172257074,
          "vmhwm_kib": 22352
        },
        {
          "allowed_cpus": [
            4
          ],
          "comm": "gcc",
          "live_threads": 1,
          "pid": 3231208,
          "rss_kib": 3404,
          "runnable_threads": 0,
          "start_ticks": 172257094,
          "vmhwm_kib": 3404
        },
        {
          "allowed_cpus": [
            4
          ],
          "comm": "collect2",
          "live_threads": 1,
          "pid": 3231217,
          "rss_kib": 2476,
          "runnable_threads": 0,
          "start_ticks": 172257097,
          "vmhwm_kib": 2476
        },
        {
          "allowed_cpus": [
            4
          ],
          "comm": "ld",
          "live_threads": 1,
          "pid": 3231218,
          "rss_kib": 8292,
          "runnable_threads": 1,
          "start_ticks": 172257097,
          "vmhwm_kib": 8292
        }
      ],
      "scratch_allocated_bytes": 126976,
      "scratch_file_count": 22,
      "scratch_logical_bytes": 69946,
      "scratch_race_count": 0,
      "tree_live_threads": 4,
      "tree_rss_kib": 36524,
      "tree_runnable_threads": 1
    },
    "peaks": {
      "cgroup_memory_peak_bytes": 18141184,
      "max_observed_process_vmhwm_kib": 22352,
      "max_sampled_allowed_cpu_count": 1,
      "max_sampled_cgroup_current_bytes": 16375808,
      "max_sampled_scratch_allocated_bytes": 147456,
      "max_sampled_scratch_logical_bytes": 91735,
      "max_sampled_single_rss_kib": 22352,
      "max_sampled_tree_live_threads": 4,
      "max_sampled_tree_rss_kib": 36524,
      "max_sampled_tree_runnable_threads": 2
    },
    "phase": "diagnostic",
    "phase_marker_path": "/home/x/deco/gamma/projects/enwiki9/results/discovery_canary_nested_20260905_v3/exact/inner-phases.jsonl",
    "phase_markers": [
      {
        "detail": "synthetic discovery canary; zero objective credit",
        "event": "payload_start",
        "observed_elapsed_s": 0.1264,
        "phase": "diagnostic",
        "source_line": 1
      },
      {
        "detail": "synthetic discovery canary; zero objective credit",
        "event": "payload_complete",
        "observed_elapsed_s": 0.3326,
        "phase": "diagnostic",
        "source_line": 2
      }
    ],
    "returncode": 0,
    "sample_count": 4,
    "sample_interval_seconds": 0.1,
    "schema": "gamma.enwiki9.resource-guard-receipt.v3",
    "scratch_paths": [
      "/home/x/deco/gamma/projects/enwiki9/results/discovery_canary_nested_20260905_v3/exact"
    ],
    "smaps_rollup_checkpoints": [
      {
        "elapsed_s": 0.025,
        "processes": [
          {
            "pid": 3231130,
            "rollup_kib": {
              "AnonHugePages": 0,
              "Anonymous": 2428,
              "FilePmdMapped": 0,
              "KSM": 0,
              "LazyFree": 0,
              "Locked": 0,
              "Private_Clean": 28,
              "Private_Dirty": 2428,
              "Private_Hugetlb": 0,
              "Pss": 2852,
              "Pss_Anon": 2428,
              "Pss_Dirty": 2428,
              "Pss_File": 424,
              "Pss_Shmem": 0,
              "Referenced": 8344,
              "Rss": 8344,
              "Shared_Clean": 5888,
              "Shared_Dirty": 0,
              "Shared_Hugetlb": 0,
              "ShmemPmdMapped": 0,
              "Swap": 0,
              "SwapPss": 0
            },
            "start_ticks": 172257074
          }
        ],
        "reason": "initial+rss_growth",
        "tree_rss_kib": 8344
      },
      {
        "elapsed_s": 0.1264,
        "processes": [
          {
            "pid": 3231130,
            "rollup_kib": {
              "AnonHugePages": 0,
              "Anonymous": 10440,
              "FilePmdMapped": 0,
              "KSM": 0,
              "LazyFree": 0,
              "Locked": 0,
              "Private_Clean": 0,
              "Private_Dirty": 10440,
              "Private_Hugetlb": 0,
              "Pss": 11171,
              "Pss_Anon": 10440,
              "Pss_Dirty": 10440,
              "Pss_File": 731,
              "Pss_Shmem": 0,
              "Referenced": 22352,
              "Rss": 22352,
              "Shared_Clean": 11912,
              "Shared_Dirty": 0,
              "Shared_Hugetlb": 0,
              "ShmemPmdMapped": 0,
              "Swap": 0,
              "SwapPss": 0
            },
            "start_ticks": 172257074
          },
          {
            "pid": 3231176,
            "rollup_kib": {
              "AnonHugePages": 0,
              "Anonymous": 20,
              "FilePmdMapped": 0,
              "KSM": 0,
              "LazyFree": 0,
              "Locked": 0,
              "Private_Clean": 0,
              "Private_Dirty": 20,
              "Private_Hugetlb": 0,
              "Pss": 20,
              "Pss_Anon": 20,
              "Pss_Dirty": 20,
              "Pss_File": 0,
              "Pss_Shmem": 0,
              "Referenced": 20,
              "Rss": 20,
              "Shared_Clean": 0,
              "Shared_Dirty": 0,
              "Shared_Hugetlb": 0,
              "ShmemPmdMapped": 0,
              "Swap": 0,
              "SwapPss": 0
            },
            "start_ticks": 172257087
          }
        ],
        "reason": "phase_marker",
        "tree_rss_kib": 22372
      },
      {
        "elapsed_s": 0.3326,
        "processes": [],
        "reason": "phase_marker+terminal",
        "tree_rss_kib": 0
      }
    ],
    "status": "complete",
    "temporary_disk_limit_bytes": 67108864,
    "wall_time_limit_seconds": null
  }
}
{
  "resource_guard": {
    "cgroup": {
      "inode": 222177,
      "joined_before_exec": true,
      "memory_max_bytes": 67108864,
      "memory_max_rounding_bytes": 0,
      "memory_peak_reset": true,
      "path": "/sys/fs/cgroup/user.slice/user-1000.slice/user@1000.service/app.slice/gamma-enwiki9-discovery-canary-exact-8cdac80fce134de8",
      "previous_memory_max": "67108864",
      "requested_memory_max_bytes": 67108864
    },
    "cgroup_events": {
      "baseline": {
        "high": 0,
        "low": 0,
        "max": 0,
        "oom": 0,
        "oom_group_kill": 0,
        "oom_kill": 0,
        "sock_throttled": 0
      },
      "delta": {
        "high": 0,
        "low": 0,
        "max": 0,
        "oom": 0,
        "oom_group_kill": 0,
        "oom_kill": 0,
        "sock_throttled": 0
      },
      "final": {
        "high": 0,
        "low": 0,
        "max": 0,
        "oom": 0,
        "oom_group_kill": 0,
        "oom_kill": 0,
        "sock_throttled": 0
      }
    },
    "command": [
      "/usr/bin/taskset",
      "--cpu-list",
      "4",
      "/bin/sh",
      "-c",
      "printf '%s\\n' '{\"phase\":\"diagnostic\",\"event\":\"worker_start\",\"detail\":\"operational envelope only; no codec phase credit\"}' >> \"$GAMMA_RESOURCE_PHASE_MARKERS\" || exit 125; exec \"$@\"",
      "enwiki9-discovery-envelope",
      "/usr/bin/python3",
      "/home/x/deco/gamma/projects/enwiki9/tests/test_enwiki9_discovery_canary.py",
      "--nested",
      "exact",
      "--bundle",
      "/home/x/deco/gamma/projects/enwiki9/results/discovery_canary_nested_20260905_v3/exact",
      "--inner",
      "/sys/fs/cgroup/user.slice/user-1000.slice/user@1000.service/app.slice/gamma-enwiki9-discovery-canary-exact-8cdac80fce134de8-inner"
    ],
    "command_sha256": "28ec89edee79e697be9df34d22abf825a3f6ead6d5139ce2906cc60f53f4e38a",
    "elapsed_s": 1.0397,
    "geekbench5_single_core_score": null,
    "guards": {
      "cgroup_memory_guard_exceeded": false,
      "logical_cpu_guard_exceeded": false,
      "measurement_incomplete": false,
      "official_decimal_memory_exceeded": false,
      "phase_marker_invalid": false,
      "rss_guard_exceeded": false,
      "temporary_disk_guard_exceeded": false,
      "wall_time_guard_exceeded": false
    },
    "label": "discovery-canary-exact-8cdac80fce134de8",
    "latest_sample": {
      "allowed_cpu_union": [],
      "cgroup_current_bytes": 110592,
      "elapsed_s": 1.0386,
      "max_single_rss_kib": 0,
      "persistent_status_misses": [],
      "processes": [],
      "scratch_allocated_bytes": 184320,
      "scratch_file_count": 22,
      "scratch_logical_bytes": 109964,
      "scratch_race_count": 0,
      "tree_live_threads": 0,
      "tree_rss_kib": 0,
      "tree_runnable_threads": 0
    },
    "limit_kib": 65536,
    "limit_mode": "tree",
    "max_logical_cpus": 1,
    "measurements": {
      "affinity_complete": true,
      "cgroup_v2_complete": true,
      "per_process_vmhwm_sampled": true,
      "phase_markers_complete": true,
      "process_tree_rss_complete": true,
      "scratch_logical_and_allocated_complete": true,
      "smaps_rollup_complete": true
    },
    "objective": {
      "corpusBytes": 1000000000,
      "corpusSha256": "159b85351e5f76e60cbe32e04c677847a9ecba3adc79addab6f4c6c7aa3744bc",
      "objectiveDigest": "sha256:16badfa6c1a53b47bcc12b089fdd9c21f7405ea56a84344d60c28d2252da8288",
      "objectiveId": "gamma-enwiki9-hutter-99m-v2",
      "objectivePath": "contracts/research/v2/objective-contract.json",
      "targetScoreBytes": 99000000
    },
    "official_decimal_limit_kib": 65536,
    "peak_process_vmhwm": {
      "comm": "python3",
      "observed_elapsed_s": 0.5372,
      "pid": 3231111,
      "start_ticks": 172257061,
      "vmhwm_kib": 32508
    },
    "peak_sample": {
      "allowed_cpu_union": [
        4
      ],
      "cgroup_current_bytes": 30445568,
      "elapsed_s": 0.5372,
      "max_single_rss_kib": 32508,
      "persistent_status_misses": [],
      "processes": [
        {
          "allowed_cpus": [
            4
          ],
          "comm": "python3",
          "live_threads": 1,
          "pid": 3231085,
          "rss_kib": 22332,
          "runnable_threads": 0,
          "start_ticks": 172257054,
          "vmhwm_kib": 22332
        },
        {
          "allowed_cpus": [
            4
          ],
          "comm": "python3",
          "live_threads": 1,
          "pid": 3231111,
          "rss_kib": 32508,
          "runnable_threads": 1,
          "start_ticks": 172257061,
          "vmhwm_kib": 32508
        }
      ],
      "scratch_allocated_bytes": 167936,
      "scratch_file_count": 22,
      "scratch_logical_bytes": 99508,
      "scratch_race_count": 0,
      "tree_live_threads": 2,
      "tree_rss_kib": 54840,
      "tree_runnable_threads": 1
    },
    "peak_tree_sample": {
      "allowed_cpu_union": [
        4
      ],
      "cgroup_current_bytes": 30445568,
      "elapsed_s": 0.5372,
      "max_single_rss_kib": 32508,
      "persistent_status_misses": [],
      "processes": [
        {
          "allowed_cpus": [
            4
          ],
          "comm": "python3",
          "live_threads": 1,
          "pid": 3231085,
          "rss_kib": 22332,
          "runnable_threads": 0,
          "start_ticks": 172257054,
          "vmhwm_kib": 22332
        },
        {
          "allowed_cpus": [
            4
          ],
          "comm": "python3",
          "live_threads": 1,
          "pid": 3231111,
          "rss_kib": 32508,
          "runnable_threads": 1,
          "start_ticks": 172257061,
          "vmhwm_kib": 32508
        }
      ],
      "scratch_allocated_bytes": 167936,
      "scratch_file_count": 22,
      "scratch_logical_bytes": 99508,
      "scratch_race_count": 0,
      "tree_live_threads": 2,
      "tree_rss_kib": 54840,
      "tree_runnable_threads": 1
    },
    "peaks": {
      "cgroup_memory_peak_bytes": 31293440,
      "max_observed_process_vmhwm_kib": 32508,
      "max_sampled_allowed_cpu_count": 1,
      "max_sampled_cgroup_current_bytes": 30445568,
      "max_sampled_scratch_allocated_bytes": 184320,
      "max_sampled_scratch_logical_bytes": 109964,
      "max_sampled_single_rss_kib": 32508,
      "max_sampled_tree_live_threads": 2,
      "max_sampled_tree_rss_kib": 54840,
      "max_sampled_tree_runnable_threads": 1
    },
    "phase": "diagnostic",
    "phase_marker_path": "/home/x/deco/gamma/projects/enwiki9/run_logs/adaptive/discovery-canary-exact-8cdac80fce134de8.resources/phases.jsonl",
    "phase_markers": [
      {
        "detail": "operational envelope only; no codec phase credit",
        "event": "worker_start",
        "observed_elapsed_s": 0.036,
        "phase": "diagnostic",
        "source_line": 1
      }
    ],
    "returncode": 0,
    "sample_count": 3,
    "sample_interval_seconds": 0.5,
    "schema": "gamma.enwiki9.resource-guard-receipt.v3",
    "scratch_paths": [
      "/home/x/deco/gamma/projects/enwiki9/results/discovery_canary_nested_20260905_v3",
      "/home/x/deco/gamma/projects/enwiki9/results/discovery_canary_nested_20260905_v3/exact",
      "/home/x/deco/gamma/projects/enwiki9/run_logs/adaptive/discovery-canary-exact-8cdac80fce134de8.log",
      "/home/x/deco/gamma/projects/enwiki9/run_logs/adaptive/discovery-canary-exact-8cdac80fce134de8.resources"
    ],
    "smaps_rollup_checkpoints": [
      {
        "elapsed_s": 0.036,
        "processes": [
          {
            "pid": 3231085,
            "rollup_kib": {
              "AnonHugePages": 0,
              "Anonymous": 1344,
              "FilePmdMapped": 0,
              "KSM": 0,
              "LazyFree": 0,
              "Locked": 0,
              "Private_Clean": 24,
              "Private_Dirty": 1344,
              "Private_Hugetlb": 0,
              "Pss": 1676,
              "Pss_Anon": 1344,
              "Pss_Dirty": 1344,
              "Pss_File": 332,
              "Pss_Shmem": 0,
              "Referenced": 5840,
              "Rss": 5840,
              "Shared_Clean": 4472,
              "Shared_Dirty": 0,
              "Shared_Hugetlb": 0,
              "ShmemPmdMapped": 0,
              "Swap": 0,
              "SwapPss": 0
            },
            "start_ticks": 172257054
          }
        ],
        "reason": "initial+phase_marker+rss_growth",
        "tree_rss_kib": 5840
      },
      {
        "elapsed_s": 1.0386,
        "processes": [],
        "reason": "terminal",
        "tree_rss_kib": 0
      }
    ],
    "status": "complete",
    "temporary_disk_limit_bytes": 67108864,
    "wall_time_limit_seconds": null
  }
}
