test_01_source_identity_and_synthetic_bounds (test_causal_field_preceding_selector_v1.SelectorTests.test_01_source_identity_and_synthetic_bounds) ... ok
test_02_two_field_behavior_equals_old_policy_at_every_byte (test_causal_field_preceding_selector_v1.SelectorTests.test_02_two_field_behavior_equals_old_policy_at_every_byte) ... ok
test_03_separating_three_field_donors_and_adjacent_tables (test_causal_field_preceding_selector_v1.SelectorTests.test_03_separating_three_field_donors_and_adjacent_tables) ... ok
test_04_changed_previous_key_has_no_exact_fallback (test_causal_field_preceding_selector_v1.SelectorTests.test_04_changed_previous_key_has_no_exact_fallback) ... ok
test_05_future_value_and_malformed_suffix_prefix_is_identical (test_causal_field_preceding_selector_v1.SelectorTests.test_05_future_value_and_malformed_suffix_prefix_is_identical) ... ok
test_06_commit_waits_for_valid_close_and_never_partial_invalid (test_causal_field_preceding_selector_v1.SelectorTests.test_06_commit_waits_for_valid_close_and_never_partial_invalid) ... ok
test_07_fifo128_overwrite_does_not_refresh_order (test_causal_field_preceding_selector_v1.SelectorTests.test_07_fifo128_overwrite_does_not_refresh_order) ... ok
test_08_capitalization_entry_compatibility_and_rotated_requirements (test_causal_field_preceding_selector_v1.SelectorTests.test_08_capitalization_entry_compatibility_and_rotated_requirements) ... ok
test_09_event_alignment_previous_and_target_are_both_required (test_causal_field_preceding_selector_v1.SelectorTests.test_09_event_alignment_previous_and_target_are_both_required) ... ok
test_10_zero_output_controls_donor_cap_and_modeled_cap (test_causal_field_preceding_selector_v1.SelectorTests.test_10_zero_output_controls_donor_cap_and_modeled_cap) ... ok
test_11_all_arms_framed_codec_exact_probability_and_state_roundtrips (test_causal_field_preceding_selector_v1.SelectorTests.test_11_all_arms_framed_codec_exact_probability_and_state_roundtrips) ... ok
test_12_nonempty_dictionary_and_multibyte_event_codec (test_causal_field_preceding_selector_v1.SelectorTests.test_12_nonempty_dictionary_and_multibyte_event_codec) ... ok
test_13_malformed_archive_rejects_lengths_mode_dictionary_and_payload (test_causal_field_preceding_selector_v1.SelectorTests.test_13_malformed_archive_rejects_lengths_mode_dictionary_and_payload) ... ok
test_active_original_and_adjacent_prefixes_ignore_future_and_reject_partial_commits (__main__.IndependentTests.test_active_original_and_adjacent_prefixes_ignore_future_and_reject_partial_commits) ... ok
test_exact_framed_arbitrary_bytes_remain_literal_on_invalid_syntax (__main__.IndependentTests.test_exact_framed_arbitrary_bytes_remain_literal_on_invalid_syntax) ... ok
test_four_field_archives_inverse_repeat_probabilities_states_and_framing (__main__.IndependentTests.test_four_field_archives_inverse_repeat_probabilities_states_and_framing) ... ok
test_four_fields_force_adjacent_T_and_active_original_O_to_disagree (__main__.IndependentTests.test_four_fields_force_adjacent_T_and_active_original_O_to_disagree) ... ok
test_only_adjacent_span_alignment_controls_lookup (__main__.IndependentTests.test_only_adjacent_span_alignment_controls_lookup) ... ok
test_overwrite_changes_recency_without_changing_fifo_rotation_order (__main__.IndependentTests.test_overwrite_changes_recency_without_changing_fifo_rotation_order) ... ok

----------------------------------------------------------------------
Ran 19 tests in 0.637s

OK
