E 0 33554431
E 0 33554431
E 0 4294967295
E 1607532544 4294967295
E 2049464983 4294967295
E 3172216140 4294967295
E 3172233272 4294967295
E 3172204544 4294967295
E 3172204544 3733585919
E 3733585920 4294967295
E 4060498744 4294967295
E 4060498744 4294963717
E 4060498744 4146594928
E 4103546837 4146594928
E 4103546837 4125070882
E 2497314816 2518876159
E 0 43122687
E 0 3028695039
E 2228155136 2251816959
E 2228155136 2251816597
E 2228155498 2251816597
E 2228155498 2240910670
E 4100587520 4126146559
E 0 25559039
E 780 25559039
E 780 16983201
E 1299 16983201
E 597557248 614596607
E 597557248 606076927
E 0 2181038079
E 0 2180971519
E 66558 2180971519
E 66558 350383735
E 66977792 417333247
E 263117186 417333247
E 263121893 417333247
E 263121893 340227570
E 3957653504 4111925247
E 3986423808 4294967295
E 3986423808 4294962587
E 3677880320 3986423807
E 3677880320 3986414391
E 3060793344 3677880319
E 3060812176 3677880319
E 1234173952 1851260927
E 3060793344 4294967295
E 3060831008 4294967295
E 3060849840 4294967295
E 3407531090 4294967295
E 3407558173 4294967295
E 907870208 2682716159
E 0 1774845951
E 0 887422975
E 0 509981141
E 1963589632 2983591935
E 0 2040004607
E 0 2039942351
E 0 1472900880
E 0 1472878405
E 401526575 1472878405
E 3386347008 3394717183
E 0 4294967295
E 65536 4294967295
E 196606 4294967295
E 196606 4294836228
E 196606 4294705165
E 50331136 83882239
E 50331136 53922971
E 0 1845493759
E 0 1845465599
E 56320 1845465599
E 14417920 21626623
E 14417920 21363842
E 14417920 21363630
E 0 3556769791
E 54272 3556769791
E 54272 3556715519
E 54272 3556661248
E 13893632 41679871
E 4172283904 4227858431
E 4239392768 4294967295
E 0 55574527
E 4183818240 4294967295
E 4072669184 4294967295
E 4216316992 4294967295
E 4216318193 4294967295
E 4216319394 4294967295
E 4137615360 4294967295
E 0 314703871
E 0 314699069
E 9604 314699069
E 629407744 1258815487
E 0 1258815487
E 38416 1258815487
E 3036151808 4294967295
E 3036151808 3402659655
E 3036157401 3402659655
E 3151382811 3402659655
E 3151390480 3402659655
E 3151390480 3402651986
E 3151390480 3156309433
E 1845493760 3120562175
E 1845493760 2483027967
E 1845493760 2483018239
E 1845493760 2483008511
E 0 1275068415
E 3019898880 4294967295
E 3877266432 4294967295
E 3877266432 4202913255
E 1677721600 2329018367
E 2003369984 2329018367
E 2178959537 2329018367
E 1219559424 1369636863
E 4144889856 4294967295
E 4144889856 4181323755
E 4152943162 4181323755
E 4169629579 4181323755
E 2139815936 2151546879
E 2139816294 2151546879
E 23461888 35192831
E 1711276032 3212836863
E 1711276032 2376388479
E 2043832256 2376388479
E 2043842405 2376388479
E 2043847480 2376388479
E 2738356224 3070951423
E 3629776896 4294967295
E 3629776896 3962372095
E 3629776896 3645702245
E 1509949440 3406247935
E 2414175026 3406247935
E 1664221184 2656305151
E 1664221184 2650931161
E 2319056896 4292476927
E 2319087008 4292476927
E 348127232 4294967295
E 348127232 2321547263
E 348127232 1389129183
E 348127232 868628207
E 348135175 868628207
E 348135175 868612322
E 348135175 371198310
E 348135175 371197606
E 520552448 543621119
E 520552800 543621119
E 520553152 543621119
E 4271898624 4294967295
E 4271898624 4294966591
E 4225761280 4248829951
E 4225761280 4248829247
E 4225761280 4248829951
E 4225761280 4248829247
E 4225761280 4248829951
E 4225761280 4237400159
E 4225761280 4231580719
E 192945920 952905727
E 572925824 952905727
E 572925824 952894130
E 572925824 952888332
E 572925824 762907078
E 2029941760 2030683903
E 4093640704 4294967295
E 4093643776 4294967295
E 4194305536 4294967295
E 4194308608 4294967295
E 2303419392 4294967295
E 2303449781 4294967295
E 2303510558 4294967295
E 1288183296 1295962623
E 0 3992977407
E 0 31195135
E 0 3992977407
E 121856 3992977407
E 19496369 3992977407
E 19496369 3670119946
E 19496369 2222760442
E 1121128406 2222760442
E 1615921152 2717581311
E 1615921152 2166751231
E 1615937962 2166751231
E 1615954772 2166751231
E 2203320320 2754150399
E 2312265930 2754150399
E 2312265930 2533208164
E 2422737048 2533208164
E 144179200 254672895
E 144182572 254672895
E 144182572 254669523
E 220987392 441974783
E 220987392 331481087
E 229982202 331481087
E 229982202 331477989
E 280730096 331477989
E 4041146368 4091936767
E 4041146368 4091935217
E 4043365126 4091935217
E 4043365126 4076007790
E 4043365126 4076006793
E 14353920 4192487423
E 3674603520 3707245311
E 3674603520 3707244314
E 3674603520 3700159922
E 3674603520 3700159142
E 0 25559039
E 4243849216 4294967295
E 4243849216 4294967295
E 0 102236159
E 20209800 102236159
E 1619525632 1701576703
E 0 164102143
E 4130865152 4294967295
E 4212916224 4294967295
E 4212916224 4294967295
E 4212916224 4294967295
E 4212916224 4294964791
E 0 164102143
E 0 164099639
E 3966763008 4130865151
E 4078398840 4130865151
E 4078398840 4130864350
E 1836580864 1889075199
E 0 104988671
E 3204 104988671
E 4189978624 4294967295
E 4189978624 4294964091
E 3980001280 4084989951
E 3980001280 4023609321
E 3980001280 4009577906
E 3980001280 4009577454
E 1214775296 1273954303
E 0 59179007
E 0 29589503
E 2117861376 2147483647
E 503316480 4294967295
E 503432192 4294967295
E 503490047 4294967295
E 44433152 74054143
E 44433152 74053691
E 44433152 74053239
E 44433152 74052787
E 4046192640 4105437183
E 4046192640 4102967455
E 4046192640 4102966588
E 4046192640 4102964855
E 4046192640 4102963122
E 4046192640 4102962255
E 0 56819711
E 0 56819711
E 2040918 56819711
E 4185391104 4294967295
E 4185391104 4294963951
E 4185391104 4294962279
E 3747086336 3966238719
E 4075814912 4294967295
E 4075814912 4294967295
E 4075814912 4294967295
E 0 438304767
E 0 438291391
E 2980052992 3418357759
E 3199205376 3418357759
E 3199205376 3254478351
E 1657012224 1712324607
E 1657013912 1712324607
E 1657015600 1712324607
E 1657015600 1682732397
E 221249536 272695295
E 4192075776 4294967295
E 4192075776 4232376105
E 4192075776 4232374875
E 4212225326 4232374875
E 3911712768 3931897855
E 3921805312 3931897855
E 3921805312 3931897547
E 0 2583691263
E 39424 2583691263
E 1291865344 2583691263
E 1291865344 1937778303
E 1291865344 1937768447
E 1291865344 1471889545
E 1291868091 1471889545
E 1407161373 1471889545
E 1407161373 1471887569
E 1407161373 1471885593
E 1407162361 1471885593
E 1407162361 1416343073
E 1407162361 1410107820
E 2549678080 2555576319
E 2549678080 2552716929
E 0 788529151
E 12032 788529151
E 788529152 2365587455
E 788553216 2365587455
E 788553216 1577070335
E 1577046272 1577070335
E 0 4294967295
E 0 4294901759
E 65535 4294901759
E 1448825674 4294901759
E 1448825674 4058090649
E 1448825674 1767976492
E 1724897755 1767976492
E 1724897755 1767975177
E 1724897755 1746436466
E 2150236160 2171797503
E 2161016832 2171797503
E 2161016997 2171797503
E 2161017326 2171797503
E 1474001408 1929379839
E 2046820352 2957639679
E 2046834250 2957639679
E 910819328 1821638655
E 910819328 1821610859
E 910819328 1821583063
E 910819328 1454698257
E 0 1087766527
E 16598 1087766527
E 2119434240 4294967295
E 1409286144 1426282495
E 1416228258 1426282495
E 1419066445 1426282495
E 1419066666 1426282495
E 1419066666 1426282384
E 1419066777 1426282384
E 1419066777 1426282273
E 1419066777 1426282162
E 1423724365 1426282162
E 1423724444 1426282162
E 3696204800 4023592959
E 3696204800 3765742812
E 3708308379 3765742812
E 2785280000 2900164607
E 2785280000 2900161101
E 3950313472 4065198079
E 3989284415 4065198079
E 3989284415 4027241247
E 3989284415 4027240667
E 2789146624 2827157503
E 2789147784 2827157503
E 76021760 152043519
E 76021760 114032639
E 0 76021759
E 0 152043519
E 76021760 152043519
E 76024080 152043519
E 114033800 152043519
E 114034960 152043519
E 133039240 152043519
E 133039240 152043229
E 133039240 152042939
E 145626697 152042939
E 148834819 152042939
E 3741975296 4152614911
E 3741975296 3835549698
E 3741975296 3835546842
E 167968768 935547903
E 167968768 551758335
E 0 383844351
E 0 383832637
E 0 191916318
E 95958160 191916318
E 96217325 191916318
E 96217325 191914857
E 96218786 191914857
E 96218786 191913396
E 96218786 115436265
E 1774452736 1793720319
E 1774452736 1793720025
E 0 38535167
E 4256432128 4294967295
E 4256432716 4294967295
E 4256433892 4294967295
E 4275700594 4294967295
E 4275700594 4294966707
E 4275700594 4285333650
E 595723008 1828754175
E 595723008 1828716545
E 595723008 1828697731
E 595741822 1828697731
E 595741822 1212219776
E 595741822 1212210369
E 3087204352 3703701503
E 3395452928 3703701503
E 2147483648 2455764991
E 2147483648 2301624319
E 2147488352 2301624319
E 2147488352 2224556335
E 308281344 462422015
E 308281344 462419663
E 438213249 462419663
E 2592145408 2616393727
E 2600252108 2616393727
E 2600252601 2616393727
E 2600252848 2616393727
E 3048210432 3080519679
E 0 64618495
E 0 32309247
E 0 32308754
E 0 824378111
E 0 824352952
E 25158 824352952
E 25158 412189055
E 1648754688 2060976127
E 3470524416 4294967295
E 3470524416 4294942135
E 1821638656 2646081535
E 3470524416 4294967295
E 3470524416 3882745855
E 3470524416 3676635135
E 3470524416 3573579775
E 0 103088127
E 3146 103088127
E 206176256 309264383
E 206177829 309264383
E 206177829 309262810
E 206177829 257720319
E 206177829 257719532
E 1992818688 2095906815
E 0 206176255
E 6292 206176255
E 4088791040 4294967295
E 4088791040 4294961003
E 4088791040 4294957857
E 0 412352511
E 0 412352511
E 12584 412352511
E 25168 412352511
E 31460 412352511
E 44044 412352511
E 44044 206198277
E 1237057536 1443233791
E 1237057536 1346629569
E 1237057536 1305545072
E 21364736 158400511
E 21368918 158400511
E 21368918 158398420
E 4020895744 4157931519
E 0 274071551
E 4020895744 4294967295
E 4020895744 4294963113
E 4020899926 4294963113
E 4020904108 4294963113
E 4020904108 4157933610
E 4020904108 4157929428
E 4020895744 4157931519
E 4020895744 4157929428
E 4020895744 4157925246
E 4020897835 4157925246
E 4020897835 4089411540
E 1873412096 2010447871
E 1873414187 2010447871
E 137035776 411107327
E 137039958 411107327
E 137039958 242349474
E 4015783936 4121100287
E 4084334592 4294967295
E 4084337806 4294967295
E 4084334592 4294967295
E 0 421265407
E 0 842530815
E 3452436480 4294967295
E 0 1685061631
E 51424 1685061631
E 51424 1028834282
E 51424 1028802886
E 51424 1028771490
E 51424 514411457
E 51424 514395759
E 51424 514387910
E 59273 514387910
E 15173888 17183231
E 15173919 17183231
E 15173919 17066448
E 520093696 1493172223
E 520093696 1006632959
E 520101120 1006632959
E 520108544 1006632959
E 520115968 1006632959
E 3321888768 4294967295
E 3321888768 4294937599
E 402653184 2348810239
E 402653184 2348780543
E 1375716864 2348780543
E 1375716864 2348750847
E 4275961856 4279762943
E 4275961972 4279762943
E 1946157056 3892314111
E 1946216448 3892314111
E 1946275839 3892314111
E 402849792 4294967295
E 402849792 4294907906
E 0 3892117503
E 0 3892058114
E 0 2493349729
E 1246674865 2493349729
E 1870012298 2493349729
E 1870012298 2181681013
E 529137664 1152516095
E 529147176 1152516095
E 623378432 1246756863
E 623387944 1246756863
E 623397456 1246756863
E 939243289 1246756863
E 939247982 1246756863
E 939247982 1093002422
E 939247982 1092997729
E 1005887105 1092997729
E 1005887105 1013273484
E 1386938368 1401749503
E 0 3791650815
E 4265345024 4294967295
E 503316480 4294967295
E 1920441344 4294967295
D 1 0 33554431
D 1 0 33554431
D 1 0 4294967295
D 0 1607532544 4294967295
D 0 2049464983 4294967295
D 0 3172216140 4294967295
D 0 3172233272 4294967295
D 0 3172204544 4294967295
D 1 3172204544 3733585919
D 0 3733585920 4294967295
D 0 4060498744 4294967295
D 1 4060498744 4294963717
D 1 4060498744 4146594928
D 0 4103546837 4146594928
D 1 4103546837 4125070882
D 0 2497314816 2518876159
D 1 0 43122687
D 1 0 3028695039
D 0 2228155136 2251816959
D 1 2228155136 2251816597
D 0 2228155498 2251816597
D 1 2228155498 2240910670
D 1 4100587520 4126146559
D 1 0 25559039
D 0 780 25559039
D 1 780 16983201
D 0 1299 16983201
D 0 597557248 614596607
D 1 597557248 606076927
D 1 0 2181038079
D 1 0 2180971519
D 0 66558 2180971519
D 1 66558 350383735
D 1 66977792 417333247
D 0 263117186 417333247
D 0 263121893 417333247
D 1 263121893 340227570
D 1 3957653504 4111925247
D 0 3986423808 4294967295
D 1 3986423808 4294962587
D 0 3677880320 3986423807
D 1 3677880320 3986414391
D 0 3060793344 3677880319
D 0 3060812176 3677880319
D 1 1234173952 1851260927
D 0 3060793344 4294967295
D 0 3060831008 4294967295
D 0 3060849840 4294967295
D 0 3407531090 4294967295
D 0 3407558173 4294967295
D 1 907870208 2682716159
D 1 0 1774845951
D 1 0 887422975
D 1 0 509981141
D 0 1963589632 2983591935
D 1 0 2040004607
D 1 0 2039942351
D 1 0 1472900880
D 1 0 1472878405
D 0 401526575 1472878405
D 0 3386347008 3394717183
D 0 0 4294967295
D 0 65536 4294967295
D 0 196606 4294967295
D 1 196606 4294836228
D 1 196606 4294705165
D 1 50331136 83882239
D 1 50331136 53922971
D 1 0 1845493759
D 1 0 1845465599
D 0 56320 1845465599
D 1 14417920 21626623
D 1 14417920 21363842
D 1 14417920 21363630
D 1 0 3556769791
D 0 54272 3556769791
D 1 54272 3556715519
D 1 54272 3556661248
D 1 13893632 41679871
D 0 4172283904 4227858431
D 0 4239392768 4294967295
D 1 0 55574527
D 0 4183818240 4294967295
D 0 4072669184 4294967295
D 0 4216316992 4294967295
D 0 4216318193 4294967295
D 0 4216319394 4294967295
D 0 4137615360 4294967295
D 1 0 314703871
D 1 0 314699069
D 0 9604 314699069
D 1 629407744 1258815487
D 1 0 1258815487
D 0 38416 1258815487
D 0 3036151808 4294967295
D 1 3036151808 3402659655
D 0 3036157401 3402659655
D 0 3151382811 3402659655
D 0 3151390480 3402659655
D 1 3151390480 3402651986
D 1 3151390480 3156309433
D 0 1845493760 3120562175
D 1 1845493760 2483027967
D 1 1845493760 2483018239
D 1 1845493760 2483008511
D 1 0 1275068415
D 0 3019898880 4294967295
D 0 3877266432 4294967295
D 1 3877266432 4202913255
D 1 1677721600 2329018367
D 0 2003369984 2329018367
D 0 2178959537 2329018367
D 1 1219559424 1369636863
D 0 4144889856 4294967295
D 1 4144889856 4181323755
D 0 4152943162 4181323755
D 0 4169629579 4181323755
D 1 2139815936 2151546879
D 0 2139816294 2151546879
D 1 23461888 35192831
D 1 1711276032 3212836863
D 1 1711276032 2376388479
D 0 2043832256 2376388479
D 0 2043842405 2376388479
D 0 2043847480 2376388479
D 1 2738356224 3070951423
D 0 3629776896 4294967295
D 1 3629776896 3962372095
D 1 3629776896 3645702245
D 1 1509949440 3406247935
D 0 2414175026 3406247935
D 1 1664221184 2656305151
D 1 1664221184 2650931161
D 0 2319056896 4292476927
D 0 2319087008 4292476927
D 0 348127232 4294967295
D 1 348127232 2321547263
D 1 348127232 1389129183
D 1 348127232 868628207
D 0 348135175 868628207
D 1 348135175 868612322
D 1 348135175 371198310
D 1 348135175 371197606
D 1 520552448 543621119
D 0 520552800 543621119
D 0 520553152 543621119
D 0 4271898624 4294967295
D 1 4271898624 4294966591
D 0 4225761280 4248829951
D 1 4225761280 4248829247
D 0 4225761280 4248829951
D 1 4225761280 4248829247
D 0 4225761280 4248829951
D 1 4225761280 4237400159
D 1 4225761280 4231580719
D 0 192945920 952905727
D 0 572925824 952905727
D 1 572925824 952894130
D 1 572925824 952888332
D 1 572925824 762907078
D 0 2029941760 2030683903
D 0 4093640704 4294967295
D 0 4093643776 4294967295
D 0 4194305536 4294967295
D 0 4194308608 4294967295
D 0 2303419392 4294967295
D 0 2303449781 4294967295
D 0 2303510558 4294967295
D 1 1288183296 1295962623
D 1 0 3992977407
D 1 0 31195135
D 1 0 3992977407
D 0 121856 3992977407
D 0 19496369 3992977407
D 1 19496369 3670119946
D 1 19496369 2222760442
D 0 1121128406 2222760442
D 0 1615921152 2717581311
D 1 1615921152 2166751231
D 0 1615937962 2166751231
D 0 1615954772 2166751231
D 1 2203320320 2754150399
D 0 2312265930 2754150399
D 1 2312265930 2533208164
D 0 2422737048 2533208164
D 1 144179200 254672895
D 0 144182572 254672895
D 1 144182572 254669523
D 1 220987392 441974783
D 1 220987392 331481087
D 0 229982202 331481087
D 1 229982202 331477989
D 0 280730096 331477989
D 0 4041146368 4091936767
D 1 4041146368 4091935217
D 0 4043365126 4091935217
D 1 4043365126 4076007790
D 1 4043365126 4076006793
D 1 14353920 4192487423
D 1 3674603520 3707245311
D 1 3674603520 3707244314
D 1 3674603520 3700159922
D 1 3674603520 3700159142
D 1 0 25559039
D 0 4243849216 4294967295
D 0 4243849216 4294967295
D 1 0 102236159
D 0 20209800 102236159
D 1 1619525632 1701576703
D 1 0 164102143
D 0 4130865152 4294967295
D 0 4212916224 4294967295
D 0 4212916224 4294967295
D 0 4212916224 4294967295
D 1 4212916224 4294964791
D 1 0 164102143
D 1 0 164099639
D 0 3966763008 4130865151
D 0 4078398840 4130865151
D 1 4078398840 4130864350
D 1 1836580864 1889075199
D 1 0 104988671
D 0 3204 104988671
D 0 4189978624 4294967295
D 1 4189978624 4294964091
D 0 3980001280 4084989951
D 1 3980001280 4023609321
D 1 3980001280 4009577906
D 1 3980001280 4009577454
D 0 1214775296 1273954303
D 1 0 59179007
D 1 0 29589503
D 0 2117861376 2147483647
D 0 503316480 4294967295
D 0 503432192 4294967295
D 0 503490047 4294967295
D 1 44433152 74054143
D 1 44433152 74053691
D 1 44433152 74053239
D 1 44433152 74052787
D 0 4046192640 4105437183
D 1 4046192640 4102967455
D 1 4046192640 4102966588
D 1 4046192640 4102964855
D 1 4046192640 4102963122
D 1 4046192640 4102962255
D 1 0 56819711
D 1 0 56819711
D 0 2040918 56819711
D 0 4185391104 4294967295
D 1 4185391104 4294963951
D 1 4185391104 4294962279
D 0 3747086336 3966238719
D 0 4075814912 4294967295
D 0 4075814912 4294967295
D 0 4075814912 4294967295
D 1 0 438304767
D 1 0 438291391
D 0 2980052992 3418357759
D 0 3199205376 3418357759
D 1 3199205376 3254478351
D 0 1657012224 1712324607
D 0 1657013912 1712324607
D 0 1657015600 1712324607
D 1 1657015600 1682732397
D 1 221249536 272695295
D 0 4192075776 4294967295
D 1 4192075776 4232376105
D 1 4192075776 4232374875
D 0 4212225326 4232374875
D 0 3911712768 3931897855
D 0 3921805312 3931897855
D 1 3921805312 3931897547
D 1 0 2583691263
D 0 39424 2583691263
D 0 1291865344 2583691263
D 1 1291865344 1937778303
D 1 1291865344 1937768447
D 1 1291865344 1471889545
D 0 1291868091 1471889545
D 0 1407161373 1471889545
D 1 1407161373 1471887569
D 1 1407161373 1471885593
D 0 1407162361 1471885593
D 1 1407162361 1416343073
D 1 1407162361 1410107820
D 1 2549678080 2555576319
D 1 2549678080 2552716929
D 1 0 788529151
D 0 12032 788529151
D 1 788529152 2365587455
D 0 788553216 2365587455
D 1 788553216 1577070335
D 0 1577046272 1577070335
D 0 0 4294967295
D 1 0 4294901759
D 0 65535 4294901759
D 0 1448825674 4294901759
D 1 1448825674 4058090649
D 1 1448825674 1767976492
D 0 1724897755 1767976492
D 1 1724897755 1767975177
D 1 1724897755 1746436466
D 0 2150236160 2171797503
D 0 2161016832 2171797503
D 0 2161016997 2171797503
D 0 2161017326 2171797503
D 0 1474001408 1929379839
D 1 2046820352 2957639679
D 0 2046834250 2957639679
D 1 910819328 1821638655
D 1 910819328 1821610859
D 1 910819328 1821583063
D 1 910819328 1454698257
D 1 0 1087766527
D 0 16598 1087766527
D 0 2119434240 4294967295
D 1 1409286144 1426282495
D 0 1416228258 1426282495
D 0 1419066445 1426282495
D 0 1419066666 1426282495
D 1 1419066666 1426282384
D 0 1419066777 1426282384
D 1 1419066777 1426282273
D 1 1419066777 1426282162
D 0 1423724365 1426282162
D 0 1423724444 1426282162
D 1 3696204800 4023592959
D 1 3696204800 3765742812
D 0 3708308379 3765742812
D 0 2785280000 2900164607
D 1 2785280000 2900161101
D 0 3950313472 4065198079
D 0 3989284415 4065198079
D 1 3989284415 4027241247
D 1 3989284415 4027240667
D 1 2789146624 2827157503
D 0 2789147784 2827157503
D 1 76021760 152043519
D 1 76021760 114032639
D 1 0 76021759
D 1 0 152043519
D 0 76021760 152043519
D 0 76024080 152043519
D 0 114033800 152043519
D 0 114034960 152043519
D 0 133039240 152043519
D 1 133039240 152043229
D 1 133039240 152042939
D 0 145626697 152042939
D 0 148834819 152042939
D 1 3741975296 4152614911
D 1 3741975296 3835549698
D 1 3741975296 3835546842
D 1 167968768 935547903
D 1 167968768 551758335
D 1 0 383844351
D 1 0 383832637
D 1 0 191916318
D 0 95958160 191916318
D 0 96217325 191916318
D 1 96217325 191914857
D 0 96218786 191914857
D 1 96218786 191913396
D 1 96218786 115436265
D 0 1774452736 1793720319
D 1 1774452736 1793720025
D 1 0 38535167
D 0 4256432128 4294967295
D 0 4256432716 4294967295
D 0 4256433892 4294967295
D 0 4275700594 4294967295
D 1 4275700594 4294966707
D 1 4275700594 4285333650
D 0 595723008 1828754175
D 1 595723008 1828716545
D 1 595723008 1828697731
D 0 595741822 1828697731
D 1 595741822 1212219776
D 1 595741822 1212210369
D 0 3087204352 3703701503
D 0 3395452928 3703701503
D 1 2147483648 2455764991
D 1 2147483648 2301624319
D 0 2147488352 2301624319
D 1 2147488352 2224556335
D 1 308281344 462422015
D 1 308281344 462419663
D 0 438213249 462419663
D 1 2592145408 2616393727
D 0 2600252108 2616393727
D 0 2600252601 2616393727
D 0 2600252848 2616393727
D 1 3048210432 3080519679
D 1 0 64618495
D 1 0 32309247
D 1 0 32308754
D 1 0 824378111
D 1 0 824352952
D 0 25158 824352952
D 1 25158 412189055
D 1 1648754688 2060976127
D 0 3470524416 4294967295
D 1 3470524416 4294942135
D 0 1821638656 2646081535
D 0 3470524416 4294967295
D 1 3470524416 3882745855
D 1 3470524416 3676635135
D 1 3470524416 3573579775
D 1 0 103088127
D 0 3146 103088127
D 1 206176256 309264383
D 0 206177829 309264383
D 1 206177829 309262810
D 1 206177829 257720319
D 1 206177829 257719532
D 0 1992818688 2095906815
D 1 0 206176255
D 0 6292 206176255
D 0 4088791040 4294967295
D 1 4088791040 4294961003
D 1 4088791040 4294957857
D 1 0 412352511
D 1 0 412352511
D 0 12584 412352511
D 0 25168 412352511
D 0 31460 412352511
D 0 44044 412352511
D 1 44044 206198277
D 0 1237057536 1443233791
D 1 1237057536 1346629569
D 1 1237057536 1305545072
D 0 21364736 158400511
D 0 21368918 158400511
D 1 21368918 158398420
D 0 4020895744 4157931519
D 1 0 274071551
D 0 4020895744 4294967295
D 1 4020895744 4294963113
D 0 4020899926 4294963113
D 0 4020904108 4294963113
D 1 4020904108 4157933610
D 1 4020904108 4157929428
D 0 4020895744 4157931519
D 1 4020895744 4157929428
D 1 4020895744 4157925246
D 0 4020897835 4157925246
D 1 4020897835 4089411540
D 0 1873412096 2010447871
D 0 1873414187 2010447871
D 1 137035776 411107327
D 0 137039958 411107327
D 1 137039958 242349474
D 0 4015783936 4121100287
D 0 4084334592 4294967295
D 0 4084337806 4294967295
D 0 4084334592 4294967295
D 1 0 421265407
D 1 0 842530815
D 0 3452436480 4294967295
D 1 0 1685061631
D 0 51424 1685061631
D 1 51424 1028834282
D 1 51424 1028802886
D 1 51424 1028771490
D 1 51424 514411457
D 1 51424 514395759
D 1 51424 514387910
D 0 59273 514387910
D 1 15173888 17183231
D 0 15173919 17183231
D 1 15173919 17066448
D 1 520093696 1493172223
D 1 520093696 1006632959
D 0 520101120 1006632959
D 0 520108544 1006632959
D 0 520115968 1006632959
D 0 3321888768 4294967295
D 1 3321888768 4294937599
D 0 402653184 2348810239
D 1 402653184 2348780543
D 0 1375716864 2348780543
D 1 1375716864 2348750847
D 0 4275961856 4279762943
D 0 4275961972 4279762943
D 1 1946157056 3892314111
D 0 1946216448 3892314111
D 0 1946275839 3892314111
D 0 402849792 4294967295
D 1 402849792 4294907906
D 1 0 3892117503
D 1 0 3892058114
D 1 0 2493349729
D 0 1246674865 2493349729
D 0 1870012298 2493349729
D 1 1870012298 2181681013
D 1 529137664 1152516095
D 0 529147176 1152516095
D 1 623378432 1246756863
D 0 623387944 1246756863
D 0 623397456 1246756863
D 0 939243289 1246756863
D 0 939247982 1246756863
D 1 939247982 1093002422
D 1 939247982 1092997729
D 0 1005887105 1092997729
D 1 1005887105 1013273484
D 0 1386938368 1401749503
D 1 0 3791650815
D 0 4265345024 4294967295
D 0 503316480 4294967295
D 0 1920441344 4294967295
