TAP version 13
# Subtest: current release declaration separates executable game from physical rules candidate
ok 1 - current release declaration separates executable game from physical rules candidate
  ---
  duration_ms: 4.4755
  type: 'test'
  ...
# Subtest: physical authority defines one inventory and preserves automatic blind Audit draws
ok 2 - physical authority defines one inventory and preserves automatic blind Audit draws
  ---
  duration_ms: 0.907334
  type: 'test'
  ...
# Subtest: release artifacts are immutable once a version path exists
ok 3 - release artifacts are immutable once a version path exists
  ---
  duration_ms: 3.724375
  type: 'test'
  ...
# Subtest: complexity-reduction review rules preserve precision and remove table accounting
ok 4 - complexity-reduction review rules preserve precision and remove table accounting
  ---
  duration_ms: 2.160291
  type: 'test'
  ...
# Subtest: complexity positioning stays broad, unmeasured, and game-scoped
ok 5 - complexity positioning stays broad, unmeasured, and game-scoped
  ---
  duration_ms: 0.642709
  type: 'test'
  ...
# Subtest: the thematic inventory matches the two-source Power contract
ok 6 - the thematic inventory matches the two-source Power contract
  ---
  duration_ms: 0.76375
  type: 'test'
  ...
# Subtest: one thematic authority governs every lore-bearing surface
not ok 7 - one thematic authority governs every lore-bearing surface
  ---
  duration_ms: 1.804167
  type: 'test'
  location: '/Users/xyz/deco/gamma/games/2038/tests/contracts.test.mjs:194:1'
  failureType: 'testCodeFailure'
  error: |-
    Expected values to be strictly equal:
    
    53 !== 51
    
  code: 'ERR_ASSERTION'
  name: 'AssertionError'
  expected: 51
  actual: 53
  operator: 'strictEqual'
  stack: |-
    TestContext.<anonymous> (file:///Users/xyz/deco/gamma/games/2038/tests/contracts.test.mjs:215:10)
    async Test.run (node:internal/test_runner/test:1054:7)
    async Test.processPendingSubtests (node:internal/test_runner/test:744:7)
  ...
# Subtest: selected deck contracts have exact physical counts
ok 8 - selected deck contracts have exact physical counts
  ---
  duration_ms: 1.272292
  type: 'test'
  ...
# Subtest: core action and shared Program contracts stay singular
ok 9 - core action and shared Program contracts stay singular
  ---
  duration_ms: 0.631792
  type: 'test'
  ...
# Subtest: factions and player supplies match the selected limits
ok 10 - factions and player supplies match the selected limits
  ---
  duration_ms: 1.289625
  type: 'test'
  ...
# Subtest: faction truth constrains balance without becoming a point-buy budget
ok 11 - faction truth constrains balance without becoming a point-buy budget
  ---
  duration_ms: 1.567292
  type: 'test'
  ...
# Subtest: Faction boards project into Card and Board Reference without duplicating their card text in Core Rules
ok 12 - Faction boards project into Card and Board Reference without duplicating their card text in Core Rules
  ---
  duration_ms: 0.752208
  type: 'test'
  ...
# Subtest: headline and board boundaries remain explicit
ok 13 - headline and board boundaries remain explicit
  ---
  duration_ms: 0.62525
  type: 'test'
  ...
# Subtest: Headline deck preserves the original sixteen procedures
ok 14 - Headline deck preserves the original sixteen procedures
  ---
  duration_ms: 0.492625
  type: 'test'
  ...
# Subtest: the tone constitution keeps darkness institutional rather than voyeuristic
ok 15 - the tone constitution keeps darkness institutional rather than voyeuristic
  ---
  duration_ms: 2.122416
  type: 'test'
  ...
# Subtest: every player-facing content surface has complete copy
ok 16 - every player-facing content surface has complete copy
  ---
  duration_ms: 4.383458
  type: 'test'
  ...
# Subtest: the selected lore inventory is complete and preserves era placement
ok 17 - the selected lore inventory is complete and preserves era placement
  ---
  duration_ms: 2.715167
  type: 'test'
  ...
# Subtest: new thematic decks and reference surfaces have complete draft inventories
ok 18 - new thematic decks and reference surfaces have complete draft inventories
  ---
  duration_ms: 2.424416
  type: 'test'
  ...
# Subtest: prototype renders canonical names from faction data without a legacy reference layer
ok 19 - prototype renders canonical names from faction data without a legacy reference layer
  ---
  duration_ms: 1.173459
  type: 'test'
  ...
# Subtest: browser renders canonical Headline copy without a rules selector
ok 20 - browser renders canonical Headline copy without a rules selector
  ---
  duration_ms: 1.129459
  type: 'test'
  ...
# Subtest: project references and runtime honor II / III / IV and later availability
not ok 21 - project references and runtime honor II / III / IV and later availability
  ---
  duration_ms: 14.565083
  type: 'test'
  location: '/Users/xyz/deco/gamma/games/2038/tests/infrastructure-progression.test.mjs:15:1'
  failureType: 'testCodeFailure'
  error: |-
    Expected values to be strictly equal:
    
    false !== true
    
  code: 'ERR_ASSERTION'
  name: 'AssertionError'
  expected: true
  actual: false
  operator: 'strictEqual'
  stack: |-
    TestContext.<anonymous> (file:///Users/xyz/deco/gamma/games/2038/tests/infrastructure-progression.test.mjs:21:12)
    async Test.run (node:internal/test_runner/test:1054:7)
    async startSubtestAfterBootstrap (node:internal/test_runner/harness:296:3)
  ...
# Subtest: Quantum is independent, once per institution, capped, scored immediately and publicly recorded
not ok 22 - Quantum is independent, once per institution, capped, scored immediately and publicly recorded
  ---
  duration_ms: 7.912875
  type: 'test'
  location: '/Users/xyz/deco/gamma/games/2038/tests/infrastructure-progression.test.mjs:25:1'
  failureType: 'testCodeFailure'
  error: |-
    The expression evaluated to a falsy value:
    
      assert.ok(plan)
    
  code: 'ERR_ASSERTION'
  name: 'AssertionError'
  expected: true
  operator: '=='
  stack: |-
    TestContext.<anonymous> (file:///Users/xyz/deco/gamma/games/2038/tests/infrastructure-progression.test.mjs:31:56)
    async Test.run (node:internal/test_runner/test:1054:7)
    async Test.processPendingSubtests (node:internal/test_runner/test:744:7)
  ...
# Subtest: Quantum rejects unaffordable or disconnected plans and revalidates without partial payment
not ok 23 - Quantum rejects unaffordable or disconnected plans and revalidates without partial payment
  ---
  duration_ms: 6.512584
  type: 'test'
  location: '/Users/xyz/deco/gamma/games/2038/tests/infrastructure-progression.test.mjs:50:1'
  failureType: 'testCodeFailure'
  error: |-
    The expression evaluated to a falsy value:
    
      assert.ok(plan)
    
  code: 'ERR_ASSERTION'
  name: 'AssertionError'
  expected: true
  operator: '=='
  stack: |-
    TestContext.<anonymous> (file:///Users/xyz/deco/gamma/games/2038/tests/infrastructure-progression.test.mjs:57:47)
    async Test.run (node:internal/test_runner/test:1054:7)
    async Test.processPendingSubtests (node:internal/test_runner/test:744:7)
  ...
# Subtest: Build can place a Facility then Quantum at that connected host with combined payment
ok 24 - Build can place a Facility then Quantum at that connected host with combined payment
  ---
  duration_ms: 2.432708
  type: 'test'
  ...
# Subtest: all twenty-four Headlines finish choices before selection without action use or continuing modifiers
ok 25 - all twenty-four Headlines finish choices before selection without action use or continuing modifiers
  ---
  duration_ms: 49.207542
  type: 'test'
  ...
# Subtest: Token Price offer is voluntary and resolved before actions with no later discount or surcharge
ok 26 - Token Price offer is voluntary and resolved before actions with no later discount or surcharge
  ---
  duration_ms: 1.432542
  type: 'test'
  ...
# Subtest: immediate risk choices preserve public risk without changing later Research
ok 27 - immediate risk choices preserve public risk without changing later Research
  ---
  duration_ms: 0.941333
  type: 'test'
  ...
# Subtest: retirement is immediate, returns exactly one selected Agent, and preserves one operation
ok 28 - retirement is immediate, returns exactly one selected Agent, and preserves one operation
  ---
  duration_ms: 1.337084
  type: 'test'
  ...
# Subtest: Build supplies an Era III production engine and still leaves Era IV for Fusion
ok 29 - Build supplies an Era III production engine and still leaves Era IV for Fusion
  ---
  duration_ms: 7.789333
  type: 'test'
  ...
# Subtest: Build checks the combined price and refuses stale plans without partial construction
ok 30 - Build checks the combined price and refuses stale plans without partial construction
  ---
  duration_ms: 2.214167
  type: 'test'
  ...
# Subtest: factions keep exactly one permanent idea and preserve their original starts and fiction
ok 31 - factions keep exactly one permanent idea and preserve their original starts and fiction
  ---
  duration_ms: 1.272042
  type: 'test'
  ...
# Subtest: Loopfold earns Deploy income without waiving price or Scrutiny; Orisonix keeps ordinary Deploy exposure
ok 32 - Loopfold earns Deploy income without waiving price or Scrutiny; Orisonix keeps ordinary Deploy exposure
  ---
  duration_ms: 2.039125
  type: 'test'
  ...
# Subtest: Kestralyn discounts the Facility within combined Build and receives no separate Mandate award
ok 33 - Kestralyn discounts the Facility within combined Build and receives no separate Mandate award
  ---
  duration_ms: 1.330458
  type: 'test'
  ...
# Subtest: Corthaven's supplier income uses rival infrastructure and caps at two at three, four, and five players
ok 34 - Corthaven's supplier income uses rival infrastructure and caps at two at three, four, and five players
  ---
  duration_ms: 3.536167
  type: 'test'
  ...
# Subtest: Dovetalis earns on its own optional trades across turns, never on a rival's turn
ok 35 - Dovetalis earns on its own optional trades across turns, never on a rival's turn
  ---
  duration_ms: 1.680541
  type: 'test'
  ...
# Subtest: Mega-Cluster host ownership, shared supply, and stale plans remain authoritative under Build
ok 36 - Mega-Cluster host ownership, shared supply, and stale plans remain authoritative under Build
  ---
  duration_ms: 2.434125
  type: 'test'
  ...
# Subtest: Fusion remains unique across all institutions and consumes a Generator slot
ok 37 - Fusion remains unique across all institutions and consumes a Generator slot
  ---
  duration_ms: 1.751708
  type: 'test'
  ...
# Subtest: the infrastructure Mandate counts current connections rather than removed Power allocation
ok 38 - the infrastructure Mandate counts current connections rather than removed Power allocation
  ---
  duration_ms: 1.673208
  type: 'test'
  ...
1..38
# tests 38
# suites 0
# pass 34
# fail 4
# cancelled 0
# skipped 0
# todo 0
# duration_ms 151.339208
