test_canonical_guard_metadata_uses_nul_separated_command_hash (test_fx2_causal_field_preceding_gate_v2.GateTests.test_canonical_guard_metadata_uses_nul_separated_command_hash) ... ok
test_preflight_cannot_open_reserved_payload_through_antecedents (test_fx2_causal_field_preceding_gate_v2.GateTests.test_preflight_cannot_open_reserved_payload_through_antecedents) ... ok
test_policy_and_option_are_mandatory (test_fx2_causal_field_preceding_gate_v2.GateTests.test_policy_and_option_are_mandatory) ... ok
test_final_authentication_failure_publishes_no_positive_table (test_fx2_causal_field_preceding_gate_v2.GateTests.test_final_authentication_failure_publishes_no_positive_table) ... ok
test_post_write_fingerprint_failure_quarantines_comparison (test_fx2_causal_field_preceding_gate_v2.GateTests.test_post_write_fingerprint_failure_quarantines_comparison) ... ok
test_index_fingerprint_and_stage_write_failure_leave_no_published_table (test_fx2_causal_field_preceding_gate_v2.GateTests.test_index_fingerprint_and_stage_write_failure_leave_no_published_table) ... ok
test_missing_admission_rejects_before_payload_reader_construction (test_fx2_causal_field_preceding_gate_v2.GateTests.test_missing_admission_rejects_before_payload_reader_construction) ... ok
test_observed_outer_lab_controller_binding_and_orphan_rejection (test_fx2_causal_field_preceding_gate_v2.GateTests.test_observed_outer_lab_controller_binding_and_orphan_rejection) ... ok
test_metadata_preflight_never_opens_payloads (test_fx2_causal_field_preceding_gate_v2.GateTests.test_metadata_preflight_never_opens_payloads) ... ok
test_runtime_replacement_and_unbound_python_fail (test_fx2_causal_field_preceding_gate_v2.GateTests.test_runtime_replacement_and_unbound_python_fail) ... ok
test_all_eighteen_real_cli_processes_and_unmodified_driver_rows (test_fx2_causal_field_preceding_gate_v2.GateTests.test_all_eighteen_real_cli_processes_and_unmodified_driver_rows) ... ok
test_01_wrapper_bound_identity_and_factory_routes (test_fx2_causal_field_preceding_replay_v1.IntegrationTests.test_01_wrapper_bound_identity_and_factory_routes) ... ok
test_02_replay_loop_is_old_loop_with_explicit_factory_and_O_only (test_fx2_causal_field_preceding_replay_v1.IntegrationTests.test_02_replay_loop_is_old_loop_with_explicit_factory_and_O_only) ... ok
test_changed_sync_bytes_fail_even_when_complete_reports_agree (__main__.IndependentTests.test_changed_sync_bytes_fail_even_when_complete_reports_agree) ... ok
test_dictionary_two_and_three_byte_donors_with_active_original_control (__main__.IndependentTests.test_dictionary_two_and_three_byte_donors_with_active_original_control) ... ok
test_empty_raw_population_with_extreme_causal_parent_probabilities (__main__.IndependentTests.test_empty_raw_population_with_extreme_causal_parent_probabilities) ... ok
test_source_payment_boundary_and_inactive_control_remain_nonqualifying (__main__.IndependentTests.test_source_payment_boundary_and_inactive_control_remain_nonqualifying) ... ok

----------------------------------------------------------------------
Ran 17 tests in 2.176s

OK
