TAP version 13
# Subtest: single-generator contract is canonical and obsolete options fail closed
ok 1 - single-generator contract is canonical and obsolete options fail closed
  ---
  duration_ms: 8.062583
  type: 'test'
  ...
# Subtest: local connections retain exact construction prices and remove allocation components
ok 2 - local connections retain exact construction prices and remove allocation components
  ---
  duration_ms: 31.465333
  type: 'test'
  ...
# Subtest: single-generator contract fails explicitly when incomplete
ok 3 - single-generator contract fails explicitly when incomplete
  ---
  duration_ms: 3.944708
  type: 'test'
  ...
# Subtest: canonical Generator derives source and cost from Energy location
ok 4 - canonical Generator derives source and cost from Energy location
  ---
  duration_ms: 9.427792
  type: 'test'
  ...
# Subtest: canonical Generator enforces one ordinary piece and source effects
ok 5 - canonical Generator enforces one ordinary piece and source effects
  ---
  duration_ms: 8.52125
  type: 'test'
  ...
# Subtest: local connections cover every nearby Facility without capacity or propagation
ok 6 - local connections cover every nearby Facility without capacity or propagation
  ---
  duration_ms: 0.452541
  type: 'test'
  ...
# Subtest: canonical simplification removes stored-token state and keeps one permanent ability per faction
ok 7 - canonical simplification removes stored-token state and keeps one permanent ability per faction
  ---
  duration_ms: 2.151
  type: 'test'
  ...
# Subtest: component notes never enter playable data or mutate authored records
ok 8 - component notes never enter playable data or mutate authored records
  ---
  duration_ms: 1.29
  type: 'test'
  ...
# Subtest: rule excerpts resolve nested component data once and reject broken references
ok 9 - rule excerpts resolve nested component data once and reject broken references
  ---
  duration_ms: 1.407416
  type: 'test'
  ...
# Subtest: compact documents omit only explicitly declared sections
ok 10 - compact documents omit only explicitly declared sections
  ---
  duration_ms: 0.450542
  type: 'test'
  ...
# Subtest: map, component and inventory readers reuse the rulebook's owned passages
ok 11 - map, component and inventory readers reuse the rulebook's owned passages
  ---
  duration_ms: 51.3065
  type: 'test'
  ...
# Subtest: reference layouts refuse independently authored rules and quantities
ok 12 - reference layouts refuse independently authored rules and quantities
  ---
  duration_ms: 1.115084
  type: 'test'
  ...
# Subtest: world companion extraction excludes editorial guidance and backlog
ok 13 - world companion extraction excludes editorial guidance and backlog
  ---
  duration_ms: 2.309292
  type: 'test'
  ...
# Subtest: scenario bindings derive from component identity and point to the complete record
ok 14 - scenario bindings derive from component identity and point to the complete record
  ---
  duration_ms: 26.138875
  type: 'test'
  ...
# Subtest: authoring rejects missing, duplicate, and unresolved scenario definitions
ok 15 - authoring rejects missing, duplicate, and unresolved scenario definitions
  ---
  duration_ms: 15.109209
  type: 'test'
  ...
# Subtest: semantic content graph reproduces every declared artifact without drift
not ok 16 - semantic content graph reproduces every declared artifact without drift
  ---
  duration_ms: 135.053792
  type: 'test'
  location: '/Users/xyz/deco/gamma/games/2038/tests/content-graph.test.mjs:13:1'
  failureType: 'testCodeFailure'
  error: |-
    Command failed: /Users/xyz/.nvm/versions/node/v22.20.0/bin/node tasks/content/compile.mjs --check
    file:///Users/xyz/deco/gamma/games/2038/tasks/content/compile.mjs:212
        throw new Error(
              ^
    
    Error: Generated content drift detected:
    - dist/runtime/game-config.json
    Run npm run content:build.
        at file:///Users/xyz/deco/gamma/games/2038/tasks/content/compile.mjs:212:11
    
    Node.js v22.20.0
    
  code: 1
  stack: |-
    file:///Users/xyz/deco/gamma/games/2038/tasks/content/compile.mjs:212:11
    genericNodeError (node:internal/errors:983:15)
    wrappedFn (node:internal/errors:537:14)
    ChildProcess.exithandler (node:child_process:417:12)
    ChildProcess.emit (node:events:519:28)
    maybeClose (node:internal/child_process:1101:16)
    Socket.<anonymous> (node:internal/child_process:456:11)
    Socket.emit (node:events:519:28)
    Pipe.<anonymous> (node:net:346:12)
  ...
# Subtest: player copy is bound to declared player-facing surfaces
ok 17 - player copy is bound to declared player-facing surfaces
  ---
  duration_ms: 44.421709
  type: 'test'
  ...
# Subtest: release content identity includes every player-copy source
ok 18 - release content identity includes every player-copy source
  ---
  duration_ms: 1.553208
  type: 'test'
  ...
# Subtest: content compiler is domain-neutral
ok 19 - content compiler is domain-neutral
  ---
  duration_ms: 0.404625
  type: 'test'
  ...
# Subtest: semantic graph owns every player-facing construction surface
ok 20 - semantic graph owns every player-facing construction surface
  ---
  duration_ms: 0.721875
  type: 'test'
  ...
# Subtest: physical sources are projected from declared ownership roots
ok 21 - physical sources are projected from declared ownership roots
  ---
  duration_ms: 0.739625
  type: 'test'
  ...
# Subtest: shared semantic references construct current cards, rules, UI, and simulation copy
ok 22 - shared semantic references construct current cards, rules, UI, and simulation copy
  ---
  duration_ms: 4.937833
  type: 'test'
  ...
# Subtest: Headline cards own their exact text while the rulebook owns timing
ok 23 - Headline cards own their exact text while the rulebook owns timing
  ---
  duration_ms: 0.931542
  type: 'test'
  ...
# Subtest: Mandate cards own their exact text while the rulebook owns scoring timing
ok 24 - Mandate cards own their exact text while the rulebook owns scoring timing
  ---
  duration_ms: 2.291792
  type: 'test'
  ...
# Subtest: Card and Board Reference projects every other required card surface
ok 25 - Card and Board Reference projects every other required card surface
  ---
  duration_ms: 1.351084
  type: 'test'
  ...
# Subtest: world companion owns four ordered Era overviews and references canonical Era identities
ok 26 - world companion owns four ordered Era overviews and references canonical Era identities
  ---
  duration_ms: 1.330125
  type: 'test'
  ...
# Subtest: Era overviews retain institutions and scenarios alongside authorized mechanic revisions
ok 27 - Era overviews retain institutions and scenarios alongside authorized mechanic revisions
  ---
  duration_ms: 5.138709
  type: 'test'
  ...
# Subtest: ending descriptions retain four rule-owned outcomes without procedural prose
ok 28 - ending descriptions retain four rule-owned outcomes without procedural prose
  ---
  duration_ms: 1.577459
  type: 'test'
  ...
# Subtest: retained signature abilities project concrete continuity institutions
ok 29 - retained signature abilities project concrete continuity institutions
  ---
  duration_ms: 2.538375
  type: 'test'
  ...
# Subtest: Core Rules are compact while every moved authority has one table surface
ok 30 - Core Rules are compact while every moved authority has one table surface
  ---
  duration_ms: 2.18225
  type: 'test'
  ...
# Subtest: numeric typography preserves exact card digits while prose may spell numbers
ok 31 - numeric typography preserves exact card digits while prose may spell numbers
  ---
  duration_ms: 1.578
  type: 'test'
  ...
# Subtest: fictional institution identities are canonical across generated game surfaces
ok 32 - fictional institution identities are canonical across generated game surfaces
  ---
  duration_ms: 0.784375
  type: 'test'
  ...
# Subtest: canonical faction source contains no real-person identity vocabulary
ok 33 - canonical faction source contains no real-person identity vocabulary
  ---
  duration_ms: 0.339625
  type: 'test'
  ...
# Subtest: current release declaration separates executable game from physical rules candidate
ok 34 - current release declaration separates executable game from physical rules candidate
  ---
  duration_ms: 8.778083
  type: 'test'
  ...
# Subtest: physical authority defines one inventory and preserves automatic blind Audit draws
ok 35 - physical authority defines one inventory and preserves automatic blind Audit draws
  ---
  duration_ms: 4.428208
  type: 'test'
  ...
# Subtest: release artifacts are immutable once a version path exists
ok 36 - release artifacts are immutable once a version path exists
  ---
  duration_ms: 39.751334
  type: 'test'
  ...
# Subtest: complexity-reduction review rules preserve precision and remove table accounting
ok 37 - complexity-reduction review rules preserve precision and remove table accounting
  ---
  duration_ms: 4.759125
  type: 'test'
  ...
# Subtest: complexity positioning stays broad, unmeasured, and game-scoped
ok 38 - complexity positioning stays broad, unmeasured, and game-scoped
  ---
  duration_ms: 2.030084
  type: 'test'
  ...
# Subtest: the thematic inventory matches the two-source Power contract
ok 39 - the thematic inventory matches the two-source Power contract
  ---
  duration_ms: 1.199208
  type: 'test'
  ...
# Subtest: one thematic authority governs every lore-bearing surface
ok 40 - one thematic authority governs every lore-bearing surface
  ---
  duration_ms: 4.235167
  type: 'test'
  ...
# Subtest: selected deck contracts have exact physical counts
ok 41 - selected deck contracts have exact physical counts
  ---
  duration_ms: 1.630708
  type: 'test'
  ...
# Subtest: core action and shared Program contracts stay singular
ok 42 - core action and shared Program contracts stay singular
  ---
  duration_ms: 0.713084
  type: 'test'
  ...
# Subtest: factions and player supplies match the selected limits
ok 43 - factions and player supplies match the selected limits
  ---
  duration_ms: 1.298917
  type: 'test'
  ...
# Subtest: faction truth constrains balance without becoming a point-buy budget
ok 44 - faction truth constrains balance without becoming a point-buy budget
  ---
  duration_ms: 1.639833
  type: 'test'
  ...
# Subtest: Faction boards project into Card and Board Reference without duplicating their card text in Core Rules
ok 45 - Faction boards project into Card and Board Reference without duplicating their card text in Core Rules
  ---
  duration_ms: 4.945416
  type: 'test'
  ...
# Subtest: headline and board boundaries remain explicit
ok 46 - headline and board boundaries remain explicit
  ---
  duration_ms: 3.046417
  type: 'test'
  ...
# Subtest: Headline deck contains the sixteen selected procedures
ok 47 - Headline deck contains the sixteen selected procedures
  ---
  duration_ms: 1.5115
  type: 'test'
  ...
# Subtest: the tone constitution keeps darkness institutional rather than voyeuristic
ok 48 - the tone constitution keeps darkness institutional rather than voyeuristic
  ---
  duration_ms: 3.560958
  type: 'test'
  ...
# Subtest: every player-facing content surface has complete copy
ok 49 - every player-facing content surface has complete copy
  ---
  duration_ms: 6.992625
  type: 'test'
  ...
# Subtest: the selected lore inventory is complete and preserves era placement
ok 50 - the selected lore inventory is complete and preserves era placement
  ---
  duration_ms: 4.619292
  type: 'test'
  ...
# Subtest: new thematic decks and reference surfaces have complete draft inventories
ok 51 - new thematic decks and reference surfaces have complete draft inventories
  ---
  duration_ms: 2.291583
  type: 'test'
  ...
# Subtest: prototype renders canonical names from faction data without a legacy reference layer
ok 52 - prototype renders canonical names from faction data without a legacy reference layer
  ---
  duration_ms: 0.301708
  type: 'test'
  ...
# Subtest: browser renders canonical Headline copy without a rules selector
ok 53 - browser renders canonical Headline copy without a rules selector
  ---
  duration_ms: 1.047583
  type: 'test'
  ...
# Subtest: Government rewards reach both district controllers regardless of tile order
ok 54 - Government rewards reach both district controllers regardless of tile order
  ---
  duration_ms: 49.269917
  type: 'test'
  ...
# Subtest: two Government districts pay once, while the Chip reward is separate
ok 55 - two Government districts pay once, while the Chip reward is separate
  ---
  duration_ms: 7.02325
  type: 'test'
  ...
# Subtest: contested and empty Government districts pay nobody; Court counts only acceptances
ok 56 - contested and empty Government districts pay nobody; Court counts only acceptances
  ---
  duration_ms: 9.138416
  type: 'test'
  ...
# Subtest: Trust awards retain their starting marks and never rescore after a loss or Era reset
ok 57 - Trust awards retain their starting marks and never rescore after a loss or Era reset
  ---
  duration_ms: 4.400833
  type: 'test'
  ...
# Subtest: Joint Ventures can share Mega-Cluster hosts and repeat a pair up to shared supply
ok 58 - Joint Ventures can share Mega-Cluster hosts and repeat a pair up to shared supply
  ---
  duration_ms: 6.881375
  type: 'test'
  ...
# Subtest: player documents teach actions early and preserve permanent physical state and precise aid rules
ok 59 - player documents teach actions early and preserve permanent physical state and precise aid rules
  ---
  duration_ms: 1.449167
  type: 'test'
  ...
# Subtest: Markdown owns narrative; mechanics own ending conditions; player projections contain neither editorial notes nor unresolved references
ok 60 - Markdown owns narrative; mechanics own ending conditions; player projections contain neither editorial notes nor unresolved references
  ---
  duration_ms: 69.97775
  type: 'test'
  ...
# Subtest: world copy rejects duplicates, omissions, unknown labels, and missing identities
ok 61 - world copy rejects duplicates, omissions, unknown labels, and missing identities
  ---
  duration_ms: 3.494875
  type: 'test'
  ...
# Subtest: canon requires explicit unique identities, dispositions, and complete narratives
ok 62 - canon requires explicit unique identities, dispositions, and complete narratives
  ---
  duration_ms: 8.733834
  type: 'test'
  ...
# Subtest: lore-only entries cannot gain mechanics, public deployment, or game bindings
ok 63 - lore-only entries cannot gain mechanics, public deployment, or game bindings
  ---
  duration_ms: 89.8445
  type: 'test'
  ...
# Subtest: historical world releases retain their first committed bytes
ok 64 - historical world releases retain their first committed bytes
  ---
  duration_ms: 2.815334
  type: 'test'
  ...
# Subtest: current teaching materials follow the release declaration and supported Audit counts
ok 65 - current teaching materials follow the release declaration and supported Audit counts
  ---
  duration_ms: 1.413708
  type: 'test'
  ...
# Subtest: shared policy tables reject malformed rows and preserve escaped punctuation
ok 66 - shared policy tables reject malformed rows and preserve escaped punctuation
  ---
  duration_ms: 0.238375
  type: 'test'
  ...
# Subtest: an edited lore record compiles while stale release publication and freezing are rejected
ok 67 - an edited lore record compiles while stale release publication and freezing are rejected
  ---
  duration_ms: 1029.837625
  type: 'test'
  ...
# Subtest: lore references reject missing entries, ambiguous overrides, unapproved fields and internal excerpt access
ok 68 - lore references reject missing entries, ambiguous overrides, unapproved fields and internal excerpt access
  ---
  duration_ms: 13.251166
  type: 'test'
  ...
1..68
# tests 68
# suites 0
# pass 67
# fail 1
# cancelled 0
# skipped 0
# todo 0
# duration_ms 1294.196416
