TAP version 13
# Subtest: Government rewards reach both district controllers regardless of tile order
ok 1 - Government rewards reach both district controllers regardless of tile order
  ---
  duration_ms: 11.119458
  type: 'test'
  ...
# Subtest: two Government districts pay once, while the Chip reward is separate
ok 2 - two Government districts pay once, while the Chip reward is separate
  ---
  duration_ms: 2.86725
  type: 'test'
  ...
# Subtest: contested and empty Government districts pay nobody; Court counts only acceptances
ok 3 - contested and empty Government districts pay nobody; Court counts only acceptances
  ---
  duration_ms: 4.3055
  type: 'test'
  ...
# Subtest: Trust awards retain their starting marks and never rescore after a loss or Era reset
ok 4 - Trust awards retain their starting marks and never rescore after a loss or Era reset
  ---
  duration_ms: 1.424417
  type: 'test'
  ...
# Subtest: Joint Ventures can share Mega-Cluster hosts and repeat a pair up to shared supply
ok 5 - Joint Ventures can share Mega-Cluster hosts and repeat a pair up to shared supply
  ---
  duration_ms: 3.253583
  type: 'test'
  ...
# Subtest: player documents teach actions early and preserve permanent physical state and precise aid rules
ok 6 - player documents teach actions early and preserve permanent physical state and precise aid rules
  ---
  duration_ms: 1.435166
  type: 'test'
  ...
1..6
# tests 6
# suites 0
# pass 6
# fail 0
# cancelled 0
# skipped 0
# todo 0
# duration_ms 68.098667
