test_all_fifteen_real_cli_processes_and_unmodified_driver_rows (author_v2_tests.GateTests.test_all_fifteen_real_cli_processes_and_unmodified_driver_rows) ... ok
test_complete_report_comparison_rejects_internal_state_divergence (author_v2_tests.GateTests.test_complete_report_comparison_rejects_internal_state_divergence) ... ok
test_conditional_gain_retains_dependency_and_no_score_credit (author_v2_tests.GateTests.test_conditional_gain_retains_dependency_and_no_score_credit) ... ok
test_describe_outputs_opens_no_inputs (author_v2_tests.GateTests.test_describe_outputs_opens_no_inputs) ... ok
test_failed_control_and_weak_compression_are_distinct (author_v2_tests.GateTests.test_failed_control_and_weak_compression_are_distinct) ... ok
test_final_authentication_failure_publishes_no_positive_table (author_v2_tests.GateTests.test_final_authentication_failure_publishes_no_positive_table) ... ok
test_first_divergence_retains_state_record_context (author_v2_tests.GateTests.test_first_divergence_retains_state_record_context) ... ok
test_inactive_required_control_is_inconclusive (author_v2_tests.GateTests.test_inactive_required_control_is_inconclusive) ... ok
test_index_fingerprint_and_stage_write_failure_leave_no_published_table (author_v2_tests.GateTests.test_index_fingerprint_and_stage_write_failure_leave_no_published_table) ... ok
test_live_controller_rejects_vanished_zombie_and_terminal_guards (author_v2_tests.GateTests.test_live_controller_rejects_vanished_zombie_and_terminal_guards) ... ok
test_metadata_preflight_never_opens_payloads (author_v2_tests.GateTests.test_metadata_preflight_never_opens_payloads) ... ok
test_mismatched_job_and_cgroup_reject_before_payload_access (author_v2_tests.GateTests.test_mismatched_job_and_cgroup_reject_before_payload_access) ... ok
test_missing_admission_rejects_before_payload_reader_construction (author_v2_tests.GateTests.test_missing_admission_rejects_before_payload_reader_construction) ... ok
test_missing_closed_output_prevents_positive_table (author_v2_tests.GateTests.test_missing_closed_output_prevents_positive_table) ... ok
test_observed_outer_lab_controller_binding_and_orphan_rejection (author_v2_tests.GateTests.test_observed_outer_lab_controller_binding_and_orphan_rejection) ... ok
test_output_declarations_have_all_fifteen_independent_phases (author_v2_tests.GateTests.test_output_declarations_have_all_fifteen_independent_phases) ... ok
test_parent_bookkeeping_probability_identity_is_required (author_v2_tests.GateTests.test_parent_bookkeeping_probability_identity_is_required) ... ok
test_post_write_fingerprint_failure_quarantines_comparison (author_v2_tests.GateTests.test_post_write_fingerprint_failure_quarantines_comparison) ... ok
test_report_scope_identity_and_missing_mandatory_fields (author_v2_tests.GateTests.test_report_scope_identity_and_missing_mandatory_fields) ... ok
test_runtime_replacement_and_unbound_python_fail (author_v2_tests.GateTests.test_runtime_replacement_and_unbound_python_fail) ... ok
test_actual_diagnostic_guard_expression_yields_null_without_calibration (__main__.CanonicalTimerTests.test_actual_diagnostic_guard_expression_yields_null_without_calibration) ... ok
test_actual_outer_waiter_expires_job_and_requests_owned_group_kill (__main__.CanonicalTimerTests.test_actual_outer_waiter_expires_job_and_requests_owned_group_kill) ... ok

----------------------------------------------------------------------
Ran 22 tests in 1.274s

OK
