0.00 0
0.01 4
0.02 8
0.04 11
0.05 15
0.06 18
0.07 22
0.09 25
0.10 28
0.11 31
0.12 33
0.14 35
0.15 38
0.16 41
0.17 43
0.18 45
0.20 45
0.21 46
0.22 49
0.23 51
0.25 55
0.26 58
0.27 59
0.28 63
0.30 65
0.31 65
0.32 66
0.33 66
0.34 68
0.36 69
0.37 70
0.38 70
0.39 72
0.41 73
0.42 73
0.43 74
0.44 74
0.46 75
0.47 76
0.48 76
0.49 76
0.50 76
0.52 76
0.53 76
0.54 76
0.55 77
0.57 77
0.58 77
0.59 77
0.60 77
0.62 77
0.63 77
0.64 77
0.65 77
0.67 77
0.68 77
0.69 77
0.70 77
0.71 77
0.73 77
0.74 77
0.75 77
0.76 77
0.78 77
0.79 77
0.80 77
0.81 77
0.83 79
0.84 82
0.85 82
0.86 82
0.87 82
0.89 82
0.90 85
0.91 86
0.92 86
0.94 87
0.95 89
0.96 92
0.97 94
0.99 96
1.00 98
1.01 100
1.02 103
1.03 105
1.05 107
1.06 109
1.07 111
1.08 113
1.10 116
1.11 118
1.12 120
1.13 121
1.15 121
1.16 123
1.17 125
1.18 127
1.19 128
1.21 128
1.22 128
1.23 128
1.24 129
1.26 129
1.27 129
1.28 131
1.29 133
1.31 136
1.32 138
1.33 140
1.34 142
1.35 143
1.37 143
1.38 143
1.39 144
1.40 147
1.42 148
1.43 149
1.44 151
1.45 151
1.47 151
1.48 152
1.49 152
1.50 152
1.51 152
1.53 152
1.54 152
1.55 152
1.56 152
1.58 152
1.59 152
1.60 152
1.61 152
1.63 152
1.64 154
1.65 154
1.66 154
1.67 154
1.69 155
1.70 155
1.71 155
1.72 155
1.74 155
1.75 155
1.76 155
1.77 155
1.79 155
1.80 155
1.81 155
1.82 155
1.84 155
1.85 155
1.86 155
1.87 155
1.88 155
1.90 155
1.91 155
1.92 155
1.93 155
1.95 155
1.96 155
1.97 155
1.98 155
2.00 155
2.01 155
2.02 155
2.03 155
2.04 155
2.06 155
2.07 155
2.08 155
2.09 155
2.11 155
2.12 155
2.13 155
2.14 155
2.16 155
2.17 155
2.18 155
2.19 155
2.20 155
2.22 155
2.23 155
2.24 155
2.25 155
2.27 155
2.28 155
2.29 155
2.30 155
2.32 155
2.33 155
2.34 155
2.35 155
2.36 155
2.38 155
2.39 155
2.40 155
2.41 155
2.43 158
2.44 158
2.45 158
2.46 158
2.48 158
2.49 158
2.50 158
2.51 158
2.52 158
2.54 158
2.55 158
2.56 158
2.57 158
2.59 158
2.60 158
2.61 158
2.62 158
2.64 158
2.65 158
2.66 158
2.67 158
2.68 158
2.70 158
2.71 158
2.72 158
2.73 158
2.75 158
2.76 158
2.77 158
2.78 158
2.80 158
2.81 158
2.82 158
2.83 158
2.85 158
2.86 158
2.87 158
2.88 158
2.89 158
2.91 158
2.92 158
2.93 158
2.94 158
2.96 158
2.97 158
2.98 158
2.99 158
3.01 158
3.02 158
3.03 158
3.04 158
3.05 158
3.07 158
3.08 158
3.09 158
3.10 158
3.12 158
3.13 158
3.14 158
3.15 158
3.17 158
3.18 158
3.19 158
3.20 158
3.21 161
3.23 162
3.24 162
3.25 162
3.26 162
3.28 162
3.29 162
3.30 162
3.31 162
3.33 162
3.34 162
3.35 162
3.36 162
3.37 162
3.39 162
3.40 162
3.41 162
3.42 162
3.44 162
3.45 162
3.46 162
3.47 162
3.49 162
3.50 162
3.51 162
3.52 162
3.53 162
3.55 162
3.56 162
3.57 162
3.58 162
3.60 162
3.61 162
3.62 162
3.63 162
3.65 162
3.66 162
3.67 162
3.68 162
3.69 162
3.71 162
3.72 162
3.73 162
3.74 162
3.76 162
3.77 162
3.78 162
3.79 162
3.81 162
3.82 162
3.83 162
3.84 162
3.85 162
3.87 162
3.88 162
3.89 162
3.90 162
3.92 162
3.93 162
3.94 162
3.95 162
3.97 162
3.98 162
3.99 162
4.00 162
4.02 164
4.03 164
4.04 164
4.05 164
4.06 164
4.08 164
4.09 164
4.10 164
4.11 164
4.13 164
4.14 164
4.15 164
4.16 164
4.18 164
4.19 164
4.20 164
4.21 164
4.22 164
4.24 164
4.25 164
4.26 164
4.27 164
4.29 164
4.30 164
4.31 164
4.32 164
4.34 164
4.35 164
4.36 164
4.37 164
4.38 164
4.40 164
4.41 164
4.42 164
4.43 164
4.45 164
4.46 164
4.47 164
4.48 164
4.50 164
4.51 164
4.52 164
4.53 164
4.54 164
4.56 164
4.57 164
4.58 164
4.59 164
4.61 164
4.62 164
4.63 164
4.64 164
4.66 164
4.67 164
4.68 164
4.69 164
4.70 164
4.72 164
4.73 164
4.74 164
4.75 164
4.77 164
4.78 164
4.79 164
4.80 165
4.82 168
4.83 168
4.84 168
4.85 168
4.86 168
4.88 168
4.89 168
4.90 168
4.91 168
4.93 168
4.94 168
4.95 168
4.96 168
4.98 168
4.99 168
5.00 168
5.01 168
5.02 168
5.04 168
5.05 168
5.06 168
5.07 168
5.09 168
5.10 168
5.11 168
5.12 168
5.14 168
5.15 168
5.16 168
5.17 168
5.19 168
5.20 168
5.21 168
5.22 168
5.23 168
5.25 168
5.26 168
5.27 168
5.28 168
5.30 168
5.31 168
5.32 168
5.33 168
5.35 168
5.36 168
5.37 168
5.38 168
5.39 168
5.41 168
5.42 168
5.43 168
5.44 168
5.46 168
5.47 168
5.48 168
5.49 168
5.51 168
5.52 168
5.53 168
5.54 168
5.55 168
5.57 168
5.58 168
5.59 168
5.60 170
5.62 171
5.63 171
5.64 171
5.65 171
5.67 171
5.68 171
5.69 171
5.70 171
5.71 171
5.73 171
5.74 171
5.75 171
5.76 171
5.78 171
5.79 171
5.80 171
5.81 171
5.83 171
5.84 171
5.85 171
5.86 171
5.87 171
5.89 171
5.90 171
5.91 171
5.92 171
5.94 171
5.95 171
5.96 171
5.97 171
5.99 171
6.00 171
6.01 171
6.02 171
6.03 171
6.05 171
6.06 171
6.07 171
6.08 171
6.10 171
6.11 171
6.12 171
6.13 171
6.15 171
6.16 171
6.17 171
6.18 171
6.19 171
6.21 171
6.22 171
6.23 171
6.24 171
6.26 171
6.27 171
6.28 171
6.29 171
6.31 171
6.32 171
6.33 171
6.34 171
6.36 171
6.37 171
6.38 171
6.39 171
6.40 171
6.42 171
6.43 171
6.44 171
6.45 171
6.47 171
6.48 171
6.49 171
6.50 171
6.52 171
6.53 171
6.54 171
6.55 171
6.56 171
6.58 171
6.59 171
6.60 171
6.61 171
6.63 171
6.64 171
6.65 171
6.66 171
6.68 171
6.69 171
6.70 171
6.71 171
6.72 171
6.74 171
6.75 171
6.76 171
6.77 171
6.79 171
6.80 171
6.81 171
6.82 171
6.84 171
6.85 171
6.86 171
6.87 171
6.88 171
6.90 171
6.91 171
6.92 171
6.93 171
6.95 171
6.96 171
6.97 171
6.98 171
7.00 171
7.01 171
7.02 171
7.03 171
7.04 171
7.06 171
7.07 171
7.08 171
7.09 171
7.11 171
7.12 171
7.13 171
7.14 171
7.16 171
7.17 171
7.18 171
7.19 173
7.20 173
7.22 173
7.23 173
7.24 173
7.25 173
7.27 173
7.28 173
7.29 173
7.30 173
7.32 173
7.33 173
7.34 173
7.35 173
7.36 173
7.38 173
7.39 173
7.40 173
7.41 173
7.43 173
7.44 173
7.45 173
7.46 173
7.48 173
7.49 173
7.50 173
7.51 173
7.53 173
7.54 173
7.55 173
7.56 173
7.57 173
7.59 173
7.60 173
7.61 173
7.62 173
7.64 173
7.65 173
7.66 173
7.67 173
7.69 173
7.70 173
7.71 173
7.72 173
7.73 173
7.75 173
7.76 173
7.77 173
7.78 173
7.80 173
7.81 173
7.82 173
7.83 173
7.85 173
7.86 173
7.87 173
7.88 173
7.89 173
7.91 173
7.92 173
7.93 173
7.94 173
7.96 173
7.97 173
7.98 175
7.99 176
8.01 176
8.02 176
8.03 176
8.04 176
8.05 176
8.07 176
8.08 176
8.09 176
8.10 176
8.12 176
8.13 176
8.14 176
8.15 176
8.17 176
8.18 176
8.19 176
8.20 176
8.21 176
8.23 176
8.24 176
8.25 176
8.26 176
8.28 176
8.29 176
8.30 176
8.31 176
8.33 176
8.34 176
8.35 176
8.36 176
8.37 176
8.39 176
8.40 176
8.41 176
8.42 176
8.44 176
8.45 176
8.46 176
8.47 176
8.49 176
8.50 176
8.51 176
8.52 176
8.54 176
8.55 176
8.56 176
8.57 176
8.58 176
8.60 176
8.61 176
8.62 176
8.63 176
8.65 176
8.66 176
8.67 176
8.68 176
8.70 176
8.71 176
8.72 176
8.73 176
8.74 176
8.76 176
8.77 176
8.78 177
8.79 177
8.81 177
8.82 177
8.83 177
8.84 177
8.86 177
8.87 177
8.88 177
8.89 177
8.90 177
8.92 177
8.93 177
8.94 177
8.95 177
8.97 177
8.98 177
8.99 177
9.00 177
9.02 177
9.03 177
9.04 177
9.05 177
9.06 177
9.08 177
9.09 177
9.10 177
9.11 177
9.13 177
9.14 177
9.15 177
9.16 177
9.18 177
9.19 177
9.20 177
9.21 177
9.22 177
9.24 177
9.25 177
9.26 177
9.27 177
9.29 177
9.30 177
9.31 177
9.32 177
9.34 177
9.35 177
9.36 177
9.37 177
9.38 177
9.40 177
9.41 177
9.42 177
9.43 177
9.45 177
9.46 177
9.47 177
9.48 177
9.50 177
9.51 177
9.52 177
9.53 177
9.54 177
9.56 177
9.57 177
9.58 179
9.59 179
9.61 179
9.62 179
9.63 179
9.64 179
9.66 179
9.67 179
9.68 179
9.69 179
9.71 179
9.72 179
9.73 179
9.74 179
9.75 179
9.77 179
9.78 179
9.79 179
9.80 179
9.82 179
9.83 179
9.84 179
9.85 179
9.87 179
9.88 179
9.89 179
9.90 179
9.91 179
9.93 179
9.94 179
9.95 179
9.96 179
9.98 179
9.99 179
10.00 179
10.01 179
10.03 179
10.04 179
10.05 179
10.06 179
10.07 179
10.09 179
10.10 179
10.11 179
10.12 179
10.14 179
10.15 179
10.16 179
10.17 179
10.19 179
10.20 179
10.21 179
10.22 179
10.23 179
10.25 179
10.26 179
10.27 179
10.28 179
10.30 179
10.31 179
10.32 179
10.33 179
10.35 179
10.36 179
10.37 180
10.38 181
10.39 181
10.41 181
10.42 181
10.43 181
10.44 181
10.46 181
10.47 181
10.48 181
10.49 181
10.51 181
10.52 181
10.53 181
10.54 181
10.55 181
10.57 181
10.58 181
10.59 181
10.60 181
10.62 181
10.63 181
10.64 181
10.65 181
10.67 181
10.68 181
10.69 181
10.70 181
10.71 181
10.73 181
10.74 181
10.75 181
10.76 181
10.78 181
10.79 181
10.80 181
10.81 181
10.83 181
10.84 181
10.85 181
10.86 181
10.88 181
10.89 181
10.90 181
10.91 181
10.92 181
10.94 181
10.95 181
10.96 181
10.97 181
10.99 181
11.00 181
11.01 181
11.02 181
11.04 181
11.05 181
11.06 181
11.07 181
11.08 181
11.10 181
11.11 181
11.12 181
11.13 181
11.15 181
11.16 181
11.17 182
11.18 182
11.20 182
11.21 182
11.22 182
11.23 182
11.24 182
11.26 182
11.27 182
11.28 182
11.29 182
11.31 182
11.32 182
11.33 182
11.34 182
11.36 182
11.37 182
11.38 182
11.39 182
11.40 182
11.42 182
11.43 182
11.44 182
11.45 182
11.47 182
11.48 182
11.49 182
11.50 182
11.52 182
11.53 182
11.54 182
11.55 182
11.56 182
11.58 182
11.59 182
11.60 182
11.61 182
11.63 182
11.64 182
11.65 182
11.66 182
11.68 182
11.69 182
11.70 182
11.71 182
11.72 182
11.74 182
11.75 182
11.76 182
11.77 182
11.79 182
11.80 182
11.81 182
11.82 182
11.84 182
11.85 182
11.86 182
11.87 182
11.88 182
11.90 182
11.91 182
11.92 182
11.93 182
11.95 182
11.96 182
11.97 184
11.98 186
12.00 186
12.01 186
12.02 186
12.03 186
12.05 186
12.06 186
12.07 186
12.08 186
12.09 186
12.11 186
12.12 186
12.13 186
12.14 186
12.16 186
12.17 186
12.18 186
12.19 186
12.21 186
12.22 186
12.23 186
12.24 186
12.25 186
12.27 186
12.28 186
12.29 186
12.30 186
12.32 186
12.33 186
12.34 186
12.35 186
12.37 186
12.38 186
12.39 186
12.40 186
12.41 186
12.43 186
12.44 186
12.45 186
12.46 186
12.48 186
12.49 186
12.50 186
12.51 186
12.53 186
12.54 186
12.55 186
12.56 186
12.57 186
12.59 186
12.60 186
12.61 186
12.62 186
12.64 186
12.65 186
12.66 186
12.67 186
12.69 186
12.70 186
12.71 186
12.72 186
12.73 186
12.75 186
12.76 186
12.77 186
12.78 186
12.80 188
12.81 188
12.82 188
12.83 188
12.85 188
12.86 188
12.87 188
12.88 188
12.89 188
12.91 188
12.92 188
12.93 188
12.94 188
12.96 188
12.97 188
12.98 188
12.99 188
13.01 188
13.02 188
13.03 188
13.04 188
13.05 188
13.07 188
13.08 188
13.09 188
13.10 188
13.12 188
13.13 188
13.14 188
13.15 188
13.17 188
13.18 188
13.19 188
13.20 188
13.22 188
13.23 188
13.24 188
13.25 188
13.26 188
13.28 188
13.29 188
13.30 188
13.31 188
13.33 188
13.34 188
13.35 188
13.36 188
13.38 188
13.39 188
13.40 188
13.41 188
13.42 188
13.44 188
13.45 188
13.46 188
13.47 188
13.49 188
13.50 188
13.51 188
13.52 188
13.54 188
13.55 188
13.56 188
13.57 188
13.58 188
13.60 188
13.61 189
13.62 189
13.63 189
13.65 189
13.66 189
13.67 189
13.68 189
13.70 189
13.71 189
13.72 189
13.73 189
13.74 189
13.76 189
13.77 189
13.78 189
13.79 189
13.81 189
13.82 189
13.83 189
13.84 189
13.86 189
13.87 189
13.88 189
13.89 189
13.90 189
13.92 189
13.93 189
13.94 189
13.95 189
13.97 189
13.98 189
13.99 189
14.00 189
14.02 189
14.03 189
14.04 189
14.05 189
14.06 189
14.08 189
14.09 189
14.10 189
14.11 189
14.13 189
14.14 189
14.15 189
14.16 189
14.18 189
14.19 189
14.20 189
14.21 189
14.23 189
14.24 189
14.25 189
14.26 189
14.27 189
14.29 189
14.30 189
14.31 189
14.32 189
14.34 189
14.35 189
14.36 189
14.37 189
14.39 189
14.40 191
14.41 192
14.42 192
14.43 192
14.45 192
14.46 192
14.47 192
14.48 192
14.50 192
14.51 192
14.52 192
14.53 192
14.55 192
14.56 192
14.57 192
14.58 192
14.59 192
14.61 192
14.62 192
14.63 192
14.64 192
14.66 192
14.67 192
14.68 192
14.69 192
14.71 192
14.72 192
14.73 192
14.74 192
14.75 192
14.77 192
14.78 192
14.79 192
14.80 192
14.82 192
14.83 192
14.84 192
14.85 192
14.87 192
14.88 192
14.89 192
14.90 192
14.91 192
14.93 192
14.94 192
14.95 192
14.96 192
14.98 192
14.99 192
15.00 192
15.01 192
15.03 192
15.04 192
15.05 192
15.06 192
15.07 192
15.09 192
15.10 192
15.11 192
15.12 192
15.14 192
15.15 192
15.16 192
15.17 192
15.19 192
15.20 193
15.21 193
15.22 193
15.23 193
15.25 193
15.26 193
15.27 193
15.28 193
15.30 193
15.31 193
15.32 193
15.33 193
15.35 193
15.36 193
15.37 193
15.38 193
15.40 193
15.41 193
15.42 193
15.43 193
15.44 193
15.46 193
15.47 193
15.48 193
15.49 193
15.51 193
15.52 193
15.53 193
15.54 193
15.56 193
15.57 193
15.58 193
15.59 193
15.60 193
15.62 193
15.63 193
15.64 193
15.65 193
15.67 193
15.68 193
15.69 193
15.70 193
15.72 193
15.73 193
15.74 193
15.75 193
15.76 193
15.78 193
15.79 193
15.80 193
15.81 193
15.83 193
15.84 193
15.85 193
15.86 193
15.88 193
15.89 193
15.90 193
15.91 193
15.92 193
15.94 193
15.95 193
15.96 193
15.97 193
15.99 194
16.00 196
16.01 196
16.02 196
16.04 196
16.05 196
16.06 196
16.07 196
16.08 196
16.10 196
16.11 196
16.12 196
16.13 196
16.15 196
16.16 196
16.17 196
16.18 196
16.20 196
16.21 196
16.22 196
16.23 196
16.24 196
16.26 196
16.27 196
16.28 196
16.29 196
16.31 196
16.32 196
16.33 196
16.34 196
16.36 196
16.37 196
16.38 196
16.39 196
16.40 196
16.42 196
16.43 196
16.44 196
16.45 196
16.47 196
16.48 196
16.49 196
16.50 196
16.52 196
16.53 196
16.54 196
16.55 196
16.57 196
16.58 196
16.59 196
16.60 196
16.61 196
16.63 196
16.64 196
16.65 196
16.66 196
16.68 196
16.69 196
16.70 196
16.71 196
16.73 196
16.74 196
16.75 196
16.76 196
16.77 196
16.79 197
16.80 197
16.81 197
16.82 197
16.84 197
16.85 197
16.86 197
16.87 197
16.89 197
16.90 197
16.91 197
16.92 197
16.93 197
16.95 197
16.96 197
16.97 197
16.98 197
17.00 197
17.01 197
17.02 197
17.03 197
17.05 197
17.06 197
17.07 197
17.08 197
17.09 197
17.11 197
17.12 197
17.13 197
17.14 197
17.16 197
17.17 197
17.18 197
17.19 197
17.21 197
17.22 197
17.23 197
17.24 197
17.25 197
17.27 197
17.28 197
17.29 197
17.30 197
17.32 197
17.33 197
17.34 197
17.35 197
17.37 197
17.38 197
17.39 197
17.40 197
17.41 197
17.43 197
17.44 197
17.45 197
17.46 197
17.48 197
17.49 197
17.50 197
17.51 197
17.53 197
17.54 197
17.55 197
17.56 197
17.57 197
17.59 198
17.60 198
17.61 198
17.62 198
17.64 198
17.65 198
17.66 198
17.67 198
17.69 198
17.70 198
17.71 198
17.72 198
17.74 198
17.75 198
17.76 198
17.77 198
17.78 198
17.80 198
17.81 198
17.82 198
17.83 198
17.85 198
17.86 198
17.87 198
17.88 198
17.90 198
17.91 198
17.92 198
17.93 198
17.94 198
17.96 198
17.97 198
17.98 198
17.99 198
18.01 198
18.02 198
18.03 198
18.04 198
18.06 198
18.07 198
18.08 198
18.09 198
18.10 198
18.12 198
18.13 198
18.14 198
18.15 198
18.17 198
18.18 198
18.19 198
18.20 198
18.22 198
18.23 198
18.24 198
18.25 198
18.26 198
18.28 198
18.29 198
18.30 198
18.31 198
18.33 198
18.34 198
18.35 198
18.36 198
18.38 199
18.39 201
18.40 201
18.41 201
18.42 201
18.44 201
18.45 201
18.46 201
18.47 201
18.49 201
18.50 201
18.51 201
18.52 201
18.54 201
18.55 201
18.56 201
18.57 201
18.58 201
18.60 201
18.61 201
18.62 201
18.63 201
18.65 201
18.66 201
18.67 201
18.68 201
18.70 201
18.71 201
18.72 201
18.73 201
18.74 201
18.76 201
18.77 201
18.78 201
18.79 201
18.81 201
18.82 201
18.83 201
18.84 201
18.86 201
18.87 201
18.88 201
18.89 201
18.91 201
18.92 201
18.93 201
18.94 201
18.95 201
18.97 201
18.98 201
18.99 201
19.00 201
19.02 201
19.03 201
19.04 201
19.05 201
19.07 201
19.08 201
19.09 201
19.10 201
19.11 201
19.13 201
19.14 201
19.15 201
19.16 201
19.18 202
19.19 202
19.20 202
19.21 202
19.23 202
19.24 202
19.25 202
19.26 202
19.27 202
19.29 202
19.30 202
19.31 202
19.32 202
19.34 202
19.35 202
19.36 202
19.37 202
19.39 202
19.40 202
19.41 202
19.42 202
19.43 202
19.45 202
19.46 202
19.47 202
19.48 202
19.50 202
19.51 202
19.52 202
19.53 202
19.55 202
19.56 202
19.57 202
19.58 202
19.59 202
19.61 202
19.62 202
19.63 202
19.64 202
19.66 202
19.67 202
19.68 202
19.69 202
19.71 202
19.72 202
19.73 202
19.74 202
19.75 202
19.77 202
19.78 202
19.79 202
19.80 202
19.82 202
19.83 202
19.84 202
19.85 202
19.87 202
19.88 202
19.89 202
19.90 202
19.92 202
19.93 202
19.94 202
19.95 202
19.96 202
19.98 204
19.99 205
20.00 205
20.01 205
20.03 205
20.04 205
20.05 205
20.06 205
20.08 205
20.09 205
20.10 205
20.11 205
20.12 205
20.14 205
20.15 205
20.16 205
20.17 205
20.19 205
20.20 205
20.21 205
20.22 205
20.24 205
20.25 205
20.26 205
20.27 205
20.28 205
20.30 205
20.31 205
20.32 205
20.33 205
20.35 205
20.36 205
20.37 205
20.38 205
20.40 205
20.41 205
20.42 205
20.43 205
20.44 205
20.46 205
20.47 205
20.48 205
20.49 205
20.51 205
20.52 205
20.53 205
20.54 205
20.56 205
20.57 205
20.58 205
20.59 205
20.60 205
20.62 205
20.63 205
20.64 205
20.65 205
20.67 205
20.68 205
20.69 205
20.70 205
20.72 205
20.73 205
20.74 205
20.75 205
20.76 205
20.78 206
20.79 206
20.80 206
20.81 206
20.83 206
20.84 206
20.85 206
20.86 206
20.88 206
20.89 206
20.90 206
20.91 206
20.92 206
20.94 206
20.95 206
20.96 206
20.97 206
20.99 206
21.00 206
21.01 206
21.02 206
21.04 206
21.05 206
21.06 206
21.07 206
21.09 206
21.10 206
21.11 206
21.12 206
21.13 206
21.15 206
21.16 206
21.17 206
21.18 206
21.20 206
21.21 206
21.22 206
21.23 206
21.25 206
21.26 206
21.27 206
21.28 206
21.29 206
21.31 206
21.32 206
21.33 206
21.34 206
21.36 206
21.37 206
21.38 206
21.39 206
21.41 206
21.42 206
21.43 206
21.44 206
21.45 206
21.47 206
21.48 206
21.49 206
21.50 206
21.52 206
21.53 206
21.54 206
21.55 206
21.57 206
21.58 208
21.59 209
21.60 209
21.61 209
21.63 209
21.64 209
21.65 209
21.66 209
21.68 209
21.69 209
21.70 209
21.71 209
21.73 209
21.74 209
21.75 209
21.76 209
21.77 209
21.79 209
21.80 209
21.81 209
21.82 209
21.84 209
21.85 209
21.86 209
21.87 209
21.89 209
21.90 209
21.91 209
21.92 209
21.93 209
21.95 209
21.96 209
21.97 209
21.98 209
22.00 209
22.01 209
22.02 209
22.03 209
22.05 209
22.06 209
22.07 209
22.08 209
22.09 209
22.11 209
22.12 209
22.13 209
22.14 209
22.16 209
22.17 209
22.18 209
22.19 209
22.21 209
22.22 209
22.23 209
22.24 209
22.26 209
22.27 209
22.28 209
22.29 209
22.30 209
22.32 209
22.33 209
22.34 209
22.35 209
22.37 211
22.38 212
22.39 212
22.40 212
22.42 212
22.43 212
22.44 212
22.45 212
22.46 212
22.48 212
22.49 212
22.50 212
22.51 212
22.53 212
22.54 212
22.55 212
22.56 212
22.58 212
22.59 212
22.60 212
22.61 212
22.62 212
22.64 212
22.65 212
22.66 212
22.67 212
22.69 212
22.70 212
22.71 212
22.72 212
22.74 212
22.75 212
22.76 212
22.77 212
22.78 212
22.80 212
22.81 212
22.82 212
22.83 212
22.85 212
22.86 212
22.87 212
22.88 212
22.90 212
22.91 212
22.92 212
22.93 212
22.94 212
22.96 212
22.97 212
22.98 212
22.99 212
23.01 212
23.02 212
23.03 212
23.04 212
23.06 212
23.07 212
23.08 212
23.09 212
23.10 212
23.12 212
23.13 212
23.14 212
23.15 212
23.17 213
23.18 213
23.19 213
23.20 213
23.22 213
23.23 213
23.24 213
23.25 213
23.26 213
23.28 213
23.29 213
23.30 213
23.31 213
23.33 213
23.34 213
23.35 213
23.36 213
23.38 213
23.39 213
23.40 213
23.41 213
23.43 213
23.44 213
23.45 213
23.46 213
23.47 213
23.49 213
23.50 213
23.51 213
23.52 213
23.54 213
23.55 213
23.56 213
23.57 213
23.59 213
23.60 213
23.61 213
23.62 213
23.63 213
23.65 213
23.66 213
23.67 213
23.68 213
23.70 213
23.71 213
23.72 213
23.73 213
23.75 213
23.76 213
23.77 213
23.78 213
23.79 213
23.81 213
23.82 213
23.83 213
23.84 213
23.86 213
23.87 213
23.88 213
23.89 213
23.91 213
23.92 213
23.93 213
23.94 213
23.95 214
23.97 216
23.98 216
23.99 216
24.00 216
24.02 216
24.03 216
24.04 216
24.05 216
24.07 216
24.08 216
24.09 216
24.10 216
24.11 216
24.13 216
24.14 216
24.15 216
24.16 216
24.18 216
24.19 216
24.20 216
24.21 216
24.23 216
24.24 216
24.25 216
24.26 216
24.27 216
24.29 216
24.30 216
24.31 216
24.32 216
24.34 216
24.35 216
24.36 216
24.37 216
24.39 216
24.40 216
24.41 216
24.42 216
24.44 216
24.45 216
24.46 216
24.47 216
24.48 216
24.50 216
24.51 216
24.52 216
24.53 216
24.55 216
24.56 216
24.57 216
24.58 216
24.60 216
24.61 216
24.62 216
24.63 216
24.64 216
24.66 216
24.67 216
24.68 216
24.69 216
24.71 216
24.72 216
24.73 216
24.74 216
24.76 217
24.77 217
24.78 217
24.79 217
24.80 217
24.82 217
24.83 217
24.84 217
24.85 217
24.87 217
24.88 217
24.89 217
24.90 217
24.92 217
24.93 217
24.94 217
24.95 217
24.96 217
24.98 217
24.99 217
25.00 217
25.01 217
25.03 217
25.04 217
25.05 217
25.06 217
25.08 217
25.09 217
25.10 217
25.11 217
25.12 217
25.14 217
25.15 217
25.16 217
25.17 217
25.19 217
25.20 217
25.21 217
25.22 217
25.24 217
25.25 217
25.26 217
25.27 217
25.28 217
25.30 217
25.31 217
25.32 217
25.33 217
25.35 217
25.36 217
25.37 217
25.38 217
25.40 217
25.41 217
25.42 217
25.43 217
25.44 217
25.46 217
25.47 217
25.48 217
25.49 217
25.51 217
25.52 217
25.53 217
25.54 217
25.56 217
25.57 218
25.58 219
25.59 219
25.61 219
25.62 219
25.63 219
25.64 219
25.65 219
25.67 219
25.68 219
25.69 219
25.70 219
25.72 219
25.73 219
25.74 219
25.75 219
25.77 219
25.78 219
25.79 219
25.80 219
25.81 219
25.83 219
25.84 219
25.85 219
25.86 219
25.88 219
25.89 219
25.90 219
25.91 219
25.93 219
25.94 219
25.95 219
25.96 219
25.97 219
25.99 219
26.00 219
26.01 219
26.02 219
26.04 219
26.05 219
26.06 219
26.07 219
26.09 219
26.10 219
26.11 219
26.12 219
26.13 219
26.15 219
26.16 219
26.17 219
26.18 219
26.20 219
26.21 219
26.22 219
26.23 219
26.25 219
26.26 219
26.27 219
26.28 219
26.29 219
26.31 219
26.32 219
26.33 219
26.34 219
26.36 220
26.37 221
26.38 221
26.39 221
26.41 221
26.42 221
26.43 221
26.44 221
26.45 221
26.47 221
26.48 221
26.49 221
26.50 221
26.52 221
26.53 221
26.54 221
26.55 221
26.57 221
26.58 221
26.59 221
26.60 221
26.61 221
26.63 221
26.64 221
26.65 221
26.66 221
26.68 221
26.69 221
26.70 221
26.71 221
26.73 221
26.74 221
26.75 221
26.76 221
26.78 221
26.79 221
26.80 221
26.81 221
26.82 221
26.84 221
26.85 221
26.86 221
26.87 221
26.89 221
26.90 221
26.91 221
26.92 221
26.94 221
26.95 221
26.96 221
26.97 221
26.98 221
27.00 221
27.01 221
27.02 221
27.03 221
27.05 221
27.06 221
27.07 221
27.08 221
27.10 221
27.11 221
27.12 221
27.13 221
27.14 221
27.16 221
27.17 222
27.18 222
27.19 222
27.21 222
27.22 222
27.23 222
27.24 222
27.26 222
27.27 222
27.28 222
27.29 222
27.30 222
27.32 222
27.33 222
27.34 222
27.35 222
27.37 222
27.38 222
27.39 222
27.40 222
27.42 222
27.43 222
27.44 222
27.45 222
27.46 222
27.48 222
27.49 222
27.50 222
27.51 222
27.53 222
27.54 222
27.55 222
27.56 222
27.58 222
27.59 222
27.60 222
27.61 222
27.62 222
27.64 222
27.65 222
27.66 222
27.67 222
27.69 222
27.70 222
27.71 222
27.72 222
27.74 222
27.75 222
27.76 222
27.77 222
27.78 222
27.80 222
27.81 222
27.82 222
27.83 222
27.85 222
27.86 222
27.87 222
27.88 222
27.90 222
27.91 222
27.92 222
27.93 222
27.95 222
27.96 223
27.97 223
27.98 223
27.99 223
28.01 223
28.02 223
28.03 223
28.04 223
28.06 223
28.07 223
28.08 223
28.09 223
28.11 223
28.12 223
28.13 223
28.14 223
28.15 223
28.17 223
28.18 223
28.19 223
28.20 223
28.22 223
28.23 223
28.24 223
28.25 223
28.27 223
28.28 223
28.29 223
28.30 223
28.31 223
28.33 223
28.34 223
28.35 223
28.36 223
28.38 223
28.39 223
28.40 223
28.41 223
28.43 223
28.44 223
28.45 223
28.46 223
28.47 223
28.49 223
28.50 223
28.51 223
28.52 223
28.54 223
28.55 223
28.56 223
28.57 223
28.59 223
28.60 223
28.61 223
28.62 223
28.63 223
28.65 223
28.66 223
28.67 223
28.68 223
28.70 223
28.71 223
28.72 223
28.73 223
28.75 223
28.76 223
28.77 226
28.78 227
28.79 227
28.81 227
28.82 227
28.83 227
28.84 227
28.86 227
28.87 227
28.88 227
28.89 227
28.91 227
28.92 227
28.93 227
28.94 227
28.95 227
28.97 227
28.98 227
28.99 227
29.00 227
29.02 227
29.03 227
29.04 227
29.05 227
29.07 227
29.08 227
29.09 227
29.10 227
29.12 227
29.13 227
29.14 227
29.15 227
29.16 227
29.18 227
29.19 227
29.20 227
29.21 227
29.23 227
29.24 227
29.25 227
29.26 227
29.28 227
29.29 227
29.30 227
29.31 227
29.32 227
29.34 227
29.35 227
29.36 227
29.37 227
29.39 227
29.40 227
29.41 227
29.42 227
29.44 227
29.45 227
29.46 227
29.47 227
29.48 227
29.50 227
29.51 227
29.52 227
29.53 227
29.55 227
29.56 228
29.57 229
29.58 229
29.60 229
29.61 229
29.62 229
29.63 229
29.64 229
29.66 229
29.67 229
29.68 229
29.69 229
29.71 229
29.72 229
29.73 229
29.74 229
29.76 229
29.77 229
29.78 229
29.79 229
29.80 229
29.82 229
29.83 229
29.84 229
29.85 229
29.87 229
29.88 229
29.89 229
29.90 229
29.92 229
29.93 229
29.94 229
29.95 229
29.96 229
29.98 229
29.99 229
30.00 229
30.01 229
30.03 229
30.04 229
30.05 229
30.06 229
30.08 229
30.09 229
30.10 229
30.11 229
30.13 229
30.14 229
30.15 229
30.16 229
30.17 229
30.19 229
30.20 229
30.21 229
30.22 229
30.24 229
30.25 229
30.26 229
30.27 229
30.29 229
30.30 229
30.31 229
30.32 229
30.33 229
30.35 230
30.36 231
30.37 231
30.38 231
30.40 231
30.41 231
30.42 231
30.43 231
30.45 231
30.46 231
30.47 231
30.48 231
30.49 231
30.51 231
30.52 231
30.53 231
30.54 231
30.56 231
30.57 231
30.58 231
30.59 231
30.61 231
30.62 231
30.63 231
30.64 231
30.65 231
30.67 231
30.68 231
30.69 231
30.70 231
30.72 231
30.73 231
30.74 231
30.75 231
30.77 231
30.78 231
30.79 231
30.80 231
30.81 231
30.83 231
30.84 231
30.85 231
30.86 231
30.88 231
30.89 231
30.90 231
30.91 231
30.93 231
30.94 231
30.95 231
30.96 231
30.97 231
30.99 231
31.00 231
31.01 231
31.02 231
31.04 231
31.05 231
31.06 231
31.07 231
31.09 231
31.10 231
31.11 231
31.12 231
31.13 231
31.15 231
31.16 231
31.17 231
31.18 231
31.20 231
31.21 231
31.22 231
31.23 231
31.25 231
31.26 231
31.27 231
31.28 231
31.30 231
31.31 231
31.32 231
31.33 231
31.34 231
31.36 231
31.37 232
31.38 232
31.39 232
31.41 232
31.42 232
31.43 232
31.44 232
31.46 232
31.47 232
31.48 232
31.49 232
31.50 232
31.52 232
31.53 232
31.54 232
31.55 232
31.57 232
31.58 232
31.59 232
31.60 232
31.62 232
31.63 232
31.64 232
31.65 232
31.66 232
31.68 232
31.69 232
31.70 232
31.71 232
31.73 232
31.74 232
31.75 232
31.76 232
31.78 232
31.79 232
31.80 232
31.81 232
31.82 232
31.84 232
31.85 232
31.86 232
31.87 232
31.89 232
31.90 232
31.91 232
31.92 232
31.94 232
31.95 233
31.96 233
31.97 233
31.98 233
32.00 233
32.01 233
32.02 233
32.03 233
32.05 233
32.06 233
32.07 233
32.08 233
32.10 233
32.11 233
32.12 233
32.13 233
32.14 233
32.16 233
32.17 233
32.18 233
32.19 233
32.21 233
32.22 233
32.23 233
32.24 233
32.26 233
32.27 233
32.28 233
32.29 233
32.30 233
32.32 233
32.33 233
32.34 233
32.35 233
32.37 233
32.38 233
32.39 233
32.40 233
32.42 233
32.43 233
32.44 233
32.45 233
32.47 233
32.48 233
32.49 233
32.50 233
32.51 233
32.53 233
32.54 233
32.55 233
32.56 233
32.58 233
32.59 233
32.60 233
32.61 233
32.63 233
32.64 233
32.65 233
32.66 233
32.67 233
32.69 233
32.70 233
32.71 233
32.72 233
32.74 236
32.75 240
32.76 240
32.77 240
32.79 240
32.80 240
32.81 240
32.82 240
32.83 240
32.85 243
32.86 243
32.87 243
32.88 243
32.90 243
32.91 243
32.92 243
32.93 245
32.95 246
32.96 247
32.97 248
32.98 248
32.99 248
33.01 248
33.02 248
33.03 248
33.04 248
33.06 248
33.07 248
33.08 248
33.09 248
33.11 249
33.12 251
33.13 255
33.14 256
33.15 256
33.17 256
33.18 256
33.19 256
33.20 256
33.22 256
33.23 258
33.24 258
33.25 258
33.27 258
33.28 260
33.29 263
33.30 264
33.31 267
33.33 270
33.34 272
33.35 272
33.36 272
33.38 272
33.39 272
33.40 272
33.41 272
33.43 272
33.44 272
33.45 272
33.46 272
33.47 272
33.49 272
33.50 274
33.51 275
33.52 275
33.54 275
33.55 275
33.56 275
33.57 275
33.59 275
33.60 276
33.61 276
33.62 276
33.64 276
33.65 276
33.66 276
33.67 276
33.68 278
33.70 278
33.71 278
33.72 278
33.73 278
33.75 278
33.76 278
33.77 278
33.78 278
33.80 278
33.81 278
33.82 278
33.83 278
33.84 279
33.86 282
33.87 284
33.88 286
33.89 286
33.91 286
33.92 286
33.93 286
33.94 286
33.96 286
33.97 286
33.98 286
33.99 286
34.00 286
34.02 286
34.03 286
34.04 286
34.05 286
34.07 286
34.08 286
34.09 286
34.10 286
34.12 286
34.13 286
34.14 286
34.15 286
34.16 286
34.18 286
34.19 286
34.20 286
34.21 286
34.23 289
34.24 292
34.25 294
34.26 297
34.28 297
34.29 297
34.30 297
34.31 297
34.32 297
34.34 297
34.35 297
34.36 297
34.37 297
34.39 297
34.40 299
34.41 299
34.42 299
34.44 299
34.45 299
34.46 299
34.47 299
34.48 299
34.50 299
34.51 299
34.52 299
34.53 299
34.55 299
34.56 299
34.57 299
34.58 299
34.60 299
34.61 301
34.62 304
34.63 307
34.64 308
34.66 308
34.67 308
34.68 308
34.69 308
34.71 308
34.72 308
34.73 308
34.74 308
34.76 308
34.77 309
34.78 309
34.79 309
34.81 309
34.82 309
34.83 309
34.84 309
34.85 309
34.87 309
34.88 309
34.89 309
34.90 309
34.92 309
34.93 309
34.94 309
34.95 310
34.97 313
34.98 315
34.99 317
35.00 320
35.01 320
35.03 320
35.04 320
35.05 320
35.06 320
35.08 320
35.09 320
35.10 320
35.11 320
35.13 320
35.14 320
35.15 320
35.16 320
35.17 321
35.19 321
35.20 321
35.21 321
35.22 321
35.24 321
35.25 321
35.26 321
35.27 321
35.29 321
35.30 321
35.31 321
35.32 321
35.33 321
35.35 322
35.36 324
35.37 326
35.38 327
35.40 327
35.41 327
35.42 327
35.43 327
35.45 327
35.46 327
35.47 327
35.48 327
35.49 327
35.51 327
35.52 327
35.53 327
35.54 327
35.56 327
35.57 327
35.58 327
35.59 327
35.61 327
35.62 327
35.63 327
35.64 327
35.65 327
35.67 327
35.68 327
35.69 327
35.70 327
35.72 328
35.73 331
35.74 333
35.75 336
35.77 336
35.78 336
35.79 336
35.80 336
35.82 336
35.83 336
35.84 336
35.85 336
35.86 336
35.88 336
35.89 338
35.90 338
35.91 338
35.93 338
35.94 338
35.95 338
35.96 338
35.98 338
35.99 338
36.00 338
36.01 338
36.02 338
36.04 338
36.05 338
36.06 338
36.07 338
36.09 340
36.10 342
36.11 345
36.12 346
36.14 346
36.15 346
36.16 346
36.17 346
36.18 346
36.20 346
36.21 347
36.22 347
36.23 347
36.25 347
36.26 347
36.27 347
36.28 347
36.30 347
36.31 347
36.32 347
36.33 347
36.34 347
36.36 347
36.37 347
36.38 347
36.39 347
36.41 347
36.42 347
36.43 347
36.44 347
36.46 348
36.47 351
36.48 353
36.49 355
36.50 358
36.52 359
36.53 359
36.54 359
36.55 359
36.57 359
36.58 359
36.59 359
36.60 359
36.62 359
36.63 359
36.64 359
36.65 359
36.66 359
36.68 359
36.69 359
36.70 359
36.71 359
36.73 359
36.74 359
36.75 359
36.76 359
36.78 359
36.79 359
36.80 359
36.81 359
36.82 359
36.84 359
36.85 360
36.86 362
36.87 363
36.89 366
36.90 366
36.91 366
36.92 366
36.94 366
36.95 366
36.96 366
36.97 366
36.99 366
37.00 366
37.01 366
37.02 367
37.03 367
37.05 367
37.06 367
37.07 367
37.08 367
37.10 367
37.11 367
37.12 367
37.13 367
37.15 367
37.16 367
37.17 367
37.18 367
37.19 367
37.21 367
37.22 367
37.23 369
37.24 370
37.26 373
37.27 375
37.28 375
37.29 375
37.31 375
37.32 375
37.33 375
37.34 375
37.35 375
37.37 375
37.38 375
37.39 375
37.40 376
37.42 376
37.43 376
37.44 376
37.45 376
37.47 376
37.48 376
37.49 376
37.50 376
37.51 376
37.53 376
37.54 376
37.55 376
37.56 376
37.58 376
37.59 376
37.60 376
37.61 376
37.63 378
37.64 380
37.65 382
37.66 384
37.67 386
37.69 388
37.70 389
37.71 389
37.72 389
37.74 389
37.75 389
37.76 389
37.77 389
37.79 389
37.80 389
37.81 389
37.82 389
37.83 389
37.85 389
37.86 389
37.87 389
37.88 389
37.90 389
37.91 389
37.92 389
37.93 389
37.95 389
37.96 389
37.97 389
37.98 389
37.99 389
38.01 389
38.02 389
38.03 391
38.04 393
38.06 395
38.07 399
38.08 400
38.09 401
38.11 401
38.12 401
38.13 401
38.14 401
38.16 401
38.17 401
38.18 401
38.19 401
38.20 401
38.22 401
38.23 401
38.24 401
38.25 401
38.27 401
38.28 401
38.29 401
38.30 401
38.32 401
38.33 401
38.34 401
38.35 401
38.36 401
38.38 401
38.39 401
38.40 401
38.41 401
38.43 403
38.44 405
38.45 408
38.46 408
38.48 408
38.49 408
38.50 408
38.51 408
38.52 408
38.54 408
38.55 408
38.56 408
38.57 408
38.59 408
38.60 408
38.61 408
38.62 408
38.64 408
38.65 408
38.66 408
38.67 408
38.68 408
38.70 408
38.71 408
38.72 408
38.73 408
38.75 408
38.76 408
38.77 408
38.78 408
38.80 409
38.81 409
38.82 412
38.83 413
38.84 413
38.86 413
38.87 413
38.88 413
38.89 413
38.91 413
38.92 413
38.93 413
38.94 413
38.96 413
38.97 413
38.98 413
38.99 414
39.00 414
39.02 414
39.03 414
39.04 414
39.05 414
39.07 414
39.08 414
39.09 414
39.10 414
39.12 414
39.13 414
39.14 414
39.15 414
39.16 416
39.18 418
39.19 420
39.20 422
39.21 422
39.23 422
39.24 422
39.25 422
39.26 422
39.28 422
39.29 422
39.30 422
39.31 422
39.33 422
39.34 422
39.35 422
39.36 422
39.37 422
39.39 422
39.40 422
39.41 422
39.42 422
39.44 422
39.45 422
39.46 422
39.47 422
39.49 422
39.50 422
39.51 422
39.52 422
39.53 422
39.55 424
39.56 425
39.57 427
39.58 429
39.60 430
39.61 430
39.62 430
39.63 430
39.65 430
39.66 430
39.67 430
39.68 430
39.69 430
39.71 430
39.72 430
39.73 430
39.74 430
39.76 430
39.77 430
39.78 430
39.79 430
39.81 430
39.82 430
39.83 430
39.84 430
39.85 430
39.87 430
39.88 430
39.89 430
39.90 430
39.92 430
39.93 431
39.94 432
39.95 434
39.97 436
39.98 437
39.99 437
40.00 437
40.01 437
40.03 438
40.04 440
40.05 441
40.06 441
40.08 441
40.09 441
40.10 441
40.11 441
40.13 441
40.14 442
40.15 442
40.16 442
40.17 444
40.19 444
40.20 444
40.21 444
40.22 444
40.24 444
40.25 444
40.26 444
40.27 444
40.29 444
40.30 444
40.31 444
40.32 445
40.33 446
40.35 448
40.36 450
40.37 452
40.38 453
40.40 453
40.41 453
40.42 453
40.43 454
40.45 454
40.46 454
40.47 454
40.48 454
40.50 454
40.51 454
40.52 454
40.53 454
40.54 454
40.56 454
40.57 454
40.58 454
40.59 454
40.61 454
40.62 454
40.63 454
40.64 454
40.66 454
40.67 454
40.68 454
40.69 454
40.70 454
40.72 454
40.73 455
40.74 457
40.75 460
40.77 462
40.78 463
40.79 463
40.80 463
40.82 463
40.83 463
40.84 463
40.85 463
40.86 463
40.88 463
40.89 463
40.90 463
40.91 463
40.93 463
40.94 463
40.95 463
40.96 463
40.98 464
40.99 464
41.00 464
41.01 464
41.02 464
41.04 464
41.05 464
41.06 464
41.07 464
41.09 464
41.10 464
41.11 464
41.12 464
41.14 465
41.15 467
41.16 469
41.17 470
41.18 471
41.20 471
41.21 471
41.22 471
41.23 471
41.25 471
41.26 471
41.27 471
41.28 471
41.30 471
41.31 471
41.32 471
41.33 471
41.34 471
41.36 471
41.37 471
41.38 471
41.39 471
41.41 471
41.42 471
41.43 471
41.44 471
41.46 471
41.47 471
41.48 471
41.49 471
41.51 471
41.52 472
41.53 472
41.54 472
41.55 473
41.57 473
41.58 473
41.59 473
41.60 473
41.62 473
41.63 473
41.64 473
41.65 473
41.67 473
41.68 473
41.69 473
41.70 473
41.71 473
41.73 473
41.74 473
41.75 473
41.76 473
41.78 473
41.79 473
41.80 473
41.81 473
41.83 473
41.84 473
41.85 473
41.86 473
41.87 473
41.89 473
41.90 476
41.91 478
41.92 478
41.94 479
41.95 479
41.96 479
41.97 479
41.99 479
42.00 479
42.01 479
42.02 479
42.03 479
42.05 479
42.06 479
42.07 479
42.08 479
42.10 479
42.11 479
42.12 479
42.13 479
42.15 479
42.16 479
42.17 479
42.18 479
42.19 479
42.21 479
42.22 479
42.23 479
42.24 479
42.26 479
42.27 479
42.28 482
42.29 484
42.31 486
42.32 486
42.33 486
42.34 486
42.35 486
42.37 486
42.38 486
42.39 486
42.40 486
42.42 486
42.43 486
42.44 486
42.45 486
42.47 488
42.48 488
42.49 488
42.50 488
42.51 488
42.53 488
42.54 488
42.55 488
42.56 488
42.58 488
42.59 488
42.60 488
42.61 488
42.63 488
42.64 488
42.65 489
42.66 489
42.68 490
42.69 491
42.70 491
42.71 491
42.72 491
42.74 492
42.75 494
42.76 497
42.77 498
42.79 500
42.80 502
42.81 504
42.82 506
42.84 508
42.85 511
42.86 513
42.87 513
42.88 515
42.90 518
42.91 520
42.92 522
42.93 524
42.95 527
42.96 528
42.97 530
42.98 531
43.00 531
43.01 531
43.02 531
43.03 531
43.04 531
43.06 531
43.07 532
43.08 532
43.09 533
43.11 533
43.12 533
43.13 533
43.14 533
43.16 533
43.17 533
43.18 533
43.19 533
43.20 533
43.22 533
43.23 533
43.24 534
43.25 537
43.27 539
43.28 539
43.29 539
43.30 539
43.32 539
43.33 542
43.34 544
43.35 546
43.36 548
43.38 551
43.39 553
43.40 554
43.41 554
43.43 554
43.44 554
43.45 554
43.46 554
43.48 554
43.49 554
43.50 554
43.51 554
43.52 554
43.54 554
43.55 554
43.56 554
43.57 554
43.59 554
43.60 554
43.61 554
43.62 554
43.64 554
43.65 554
43.66 554
43.67 554
43.68 554
43.70 556
43.71 558
43.72 560
43.73 560
43.75 560
43.76 560
43.77 560
43.78 562
43.80 564
43.81 564
43.82 564
43.83 564
43.85 564
43.86 564
43.87 564
43.88 564
43.89 564
43.91 564
43.92 564
43.93 564
43.94 564
43.96 566
43.97 566
43.98 567
43.99 567
44.01 567
44.02 567
44.03 567
44.04 567
44.05 567
44.07 567
44.08 567
44.09 567
44.10 569
44.12 572
44.13 574
44.14 574
44.15 574
44.17 574
44.18 575
44.19 577
44.20 578
44.21 580
44.23 580
44.24 580
44.25 580
44.26 580
44.28 580
44.29 580
44.30 581
44.31 582
44.33 583
44.34 585
44.35 586
44.36 588
44.37 589
44.39 590
44.40 591
44.41 593
44.42 594
44.44 595
44.45 595
44.46 597
44.47 599
44.49 600
44.50 602
44.51 603
44.52 603
44.53 604
44.55 605
44.56 607
44.57 609
44.58 610
44.60 612
44.61 612
44.62 613
44.63 615
44.65 617
44.66 618
44.67 620
44.68 621
44.69 622
44.71 624
44.72 626
44.73 628
44.74 629
44.76 630
44.77 631
44.78 631
44.79 631
44.81 631
44.82 632
44.83 633
44.84 634
44.85 636
44.87 638
44.88 639
44.89 640
44.90 640
44.92 641
44.93 642
44.94 644
44.95 646
44.97 647
44.98 647
44.99 647
45.00 649
45.02 651
45.03 652
45.04 654
45.05 656
45.06 656
45.08 658
45.09 659
45.10 661
45.11 662
45.13 662
45.14 662
45.15 665
45.16 665
45.18 665
45.19 665
45.20 666
45.21 666
45.22 666
45.24 666
45.25 666
45.26 667
45.27 667
45.29 670
45.30 670
45.31 671
45.32 673
45.34 675
45.35 676
45.36 676
45.37 678
45.38 679
45.40 680
45.41 680
45.42 680
45.43 682
45.45 682
45.46 684
45.47 684
45.48 685
45.50 685
45.51 686
45.52 687
45.53 689
45.54 689
45.56 690
45.57 691
45.58 692
45.59 692
45.61 692
45.62 694
45.63 695
45.64 697
45.66 697
45.67 698
45.68 698
45.69 699
45.70 699
45.72 700
45.73 701
45.74 702
45.75 702
45.77 702
45.78 702
45.79 705
45.80 706
45.82 708
45.83 709
45.84 709
45.85 709
45.86 710
45.88 713
45.89 714
45.90 714
45.91 714
45.93 715
45.94 715
45.95 715
45.96 716
45.98 717
45.99 717
46.00 718
46.01 719
46.03 719
46.04 720
46.05 722
46.06 724
46.07 726
46.09 727
46.10 727
46.11 727
46.12 727
46.14 727
46.15 728
46.16 729
46.17 729
46.19 729
46.20 731
46.21 732
46.22 734
46.23 735
46.25 735
46.26 735
46.27 735
46.28 737
46.30 739
46.31 740
46.32 740
46.33 742
46.35 743
46.36 746
46.37 748
46.38 749
46.39 752
46.41 753
46.42 754
46.43 756
46.44 758
46.46 759
46.47 760
46.48 761
46.49 762
46.51 764
46.52 765
46.53 765
46.54 767
46.55 768
46.57 769
46.58 771
46.59 771
46.60 772
46.62 774
46.63 775
46.64 775
46.65 775
46.67 776
46.68 777
46.69 777
46.70 778
46.71 779
46.73 780
46.74 782
46.75 784
46.76 785
46.78 786
46.79 788
46.80 789
46.81 789
46.83 790
46.84 791
46.85 791
46.86 792
46.87 793
46.89 793
46.90 794
46.91 794
46.92 794
46.94 795
46.95 796
46.96 796
46.97 798
46.99 799
47.00 800
47.01 801
47.02 801
47.03 803
47.05 803
47.06 804
47.07 805
47.08 806
47.10 806
47.11 806
47.12 806
47.13 807
47.15 807
47.16 808
47.17 808
47.18 808
47.20 809
47.21 810
47.22 810
47.23 811
47.24 811
47.26 811
47.27 811
47.28 811
47.29 811
47.31 811
47.32 813
47.33 814
47.34 814
47.36 814
47.37 814
47.38 816
47.39 816
47.40 816
47.42 818
47.43 819
47.44 820
47.45 820
47.47 820
47.48 820
47.49 820
47.50 820
47.52 821
47.53 822
47.54 822
47.55 822
47.56 822
47.58 822
47.59 822
47.60 822
47.61 822
47.63 822
47.64 823
47.65 823
47.66 823
47.68 823
47.69 823
47.70 823
47.71 823
47.72 823
47.74 824
47.75 824
47.76 824
47.77 824
47.79 824
47.80 826
47.81 826
47.82 827
47.84 828
47.85 829
47.86 830
47.87 832
47.88 832
47.90 833
47.91 835
47.92 835
47.93 836
47.95 836
47.96 836
47.97 836
47.98 836
48.00 838
48.01 839
48.02 842
48.03 845
48.04 847
48.06 847
48.07 848
48.08 850
48.09 852
48.11 853
48.12 855
48.13 857
48.14 858
48.16 860
48.17 862
48.18 864
48.19 865
48.20 865
48.22 865
48.23 865
48.24 865
48.25 867
48.27 867
48.28 868
48.29 869
48.30 870
48.32 871
48.33 872
48.34 873
48.35 874
48.37 875
48.38 875
48.39 876
48.40 877
48.41 879
48.43 880
48.44 880
48.45 880
48.46 881
48.48 882
48.49 883
48.50 883
48.51 885
48.53 887
48.54 888
48.55 889
48.56 890
48.57 892
48.59 893
48.60 893
48.61 894
48.62 895
48.64 895
48.65 896
48.66 896
48.67 896
48.69 896
48.70 896
48.71 896
48.72 896
48.73 897
48.75 899
48.76 899
48.77 899
48.78 900
48.80 901
48.81 901
48.82 903
48.83 904
48.85 904
48.86 905
48.87 907
48.88 908
48.89 909
48.91 909
48.92 909
48.93 909
48.94 910
48.96 910
48.97 911
48.98 911
48.99 911
49.01 911
49.02 911
49.03 912
49.04 912
49.05 913
49.07 913
49.08 913
49.09 913
49.10 913
49.12 913
49.13 914
49.14 914
49.15 914
49.17 914
49.18 914
49.19 914
49.20 915
49.21 915
49.23 915
49.24 916
49.25 916
49.26 917
49.28 917
49.29 917
49.30 917
49.31 918
49.33 919
49.34 920
49.35 920
49.36 920
49.37 920
49.39 922
49.40 924
49.41 924
49.42 924
49.44 924
49.45 924
49.46 925
49.47 925
49.49 925
49.50 925
49.51 925
49.52 926
49.54 928
49.55 928
49.56 928
49.57 928
49.58 928
49.60 928
49.61 928
49.62 928
49.63 929
49.65 930
49.66 932
49.67 934
49.68 934
49.70 934
49.71 934
49.72 934
49.73 934
49.74 934
49.76 934
49.77 935
49.78 936
49.79 939
49.81 939
49.82 940
49.83 940
49.84 940
49.86 941
49.87 941
49.88 941
49.89 942
49.90 942
49.92 943
49.93 944
49.94 945
49.95 945
49.97 945
49.98 945
49.99 946
50.00 947
50.02 948
50.03 948
50.04 948
50.05 948
50.06 949
50.08 951
50.09 951
50.10 952
50.11 952
50.13 953
50.14 953
50.15 953
50.16 953
50.18 953
50.19 953
50.20 953
50.21 954
50.22 955
50.24 956
50.25 958
50.26 958
50.27 958
50.29 958
50.30 958
50.31 958
50.32 958
50.34 958
50.35 960
50.36 961
50.37 961
50.38 962
50.40 963
50.41 963
50.42 963
50.43 963
50.45 964
50.46 964
50.47 964
50.48 964
50.50 964
50.51 965
50.52 966
50.53 966
50.54 966
50.56 967
50.57 968
50.58 968
50.59 969
50.61 970
50.62 970
50.63 970
50.64 970
50.66 970
50.67 971
50.68 972
50.69 972
50.71 972
50.72 972
50.73 972
50.74 973
50.75 973
50.77 973
50.78 974
50.79 974
50.80 974
50.82 974
50.83 974
50.84 974
50.85 974
50.87 975
50.88 975
50.89 976
50.90 976
50.91 976
50.93 977
50.94 979
50.95 979
50.96 979
50.98 979
50.99 979
51.00 980
51.01 981
51.03 982
51.04 983
51.05 983
51.06 983
51.07 983
51.09 983
51.10 983
51.11 984
51.12 985
51.14 986
51.15 986
51.16 986
51.17 986
51.19 986
51.20 986
51.21 986
51.22 986
51.23 988
51.25 989
51.26 990
51.27 990
51.28 991
51.30 994
51.31 995
51.32 995
51.33 995
51.35 995
51.36 996
51.37 997
51.38 998
51.39 1000
51.41 1001
51.42 1002
51.43 1003
51.44 1005
51.46 1005
51.47 1006
51.48 1008
51.49 1008
51.51 1010
51.52 1010
51.53 1010
51.54 1011
51.55 1011
51.57 1013
51.58 1014
51.59 1015
51.60 1018
51.62 1019
51.63 1020
51.64 1021
51.65 1021
51.67 1021
51.68 1021
51.69 1021
51.70 1021
51.72 1021
51.73 1022
51.74 1023
51.75 1024
51.76 1024
51.78 1025
51.79 1025
51.80 1026
51.81 1028
51.83 1030
51.84 1030
51.85 1032
51.86 1034
51.88 1035
51.89 1036
51.90 1036
51.91 1037
51.92 1039
51.94 1039
51.95 1040
51.96 1042
51.97 1044
51.99 1044
52.00 1045
52.01 1047
52.02 1047
52.04 1048
52.05 1050
52.06 1051
52.07 1051
52.08 1052
52.10 1054
52.11 1055
52.12 1056
52.13 1057
52.15 1059
52.16 1060
52.17 1062
52.18 1062
52.20 1063
52.21 1063
52.22 1064
52.23 1064
52.24 1064
52.26 1066
52.27 1068
52.28 1069
52.29 1070
52.31 1072
52.32 1073
52.33 1073
52.34 1074
52.36 1074
52.37 1074
52.38 1075
52.39 1076
52.40 1078
52.42 1078
52.43 1078
52.44 1079
52.45 1080
52.47 1083
52.48 1084
52.49 1085
52.50 1086
52.52 1088
52.53 1088
52.54 1089
52.55 1089
52.56 1090
52.58 1091
52.59 1091
52.60 1095
52.61 1098
52.63 1100
52.64 1103
52.65 1104
52.66 1106
52.68 1108
52.69 1110
52.70 1112
52.71 1114
52.72 1116
52.74 1117
52.75 1119
52.76 1121
52.77 1122
52.79 1123
52.80 1126
52.81 1127
52.82 1129
52.84 1130
52.85 1131
52.86 1132
52.87 1132
52.89 1135
52.90 1136
52.91 1137
52.92 1137
52.93 1138
52.95 1139
52.96 1140
52.97 1140
52.98 1142
53.00 1143
53.01 1145
53.02 1145
53.03 1146
53.05 1146
53.06 1147
53.07 1148
53.08 1148
53.09 1148
53.11 1149
53.12 1149
53.13 1149
53.14 1149
53.16 1150
53.17 1150
53.18 1152
53.19 1152
53.21 1152
53.22 1156
53.23 1158
53.24 1159
53.25 1160
53.27 1161
53.28 1162
53.29 1162
53.30 1163
53.32 1163
53.33 1164
53.34 1164
53.35 1165
53.37 1166
53.38 1166
53.39 1166
53.40 1166
53.41 1166
53.43 1166
53.44 1167
53.45 1168
53.46 1168
53.48 1169
53.49 1170
53.50 1171
53.51 1171
53.53 1171
53.54 1171
53.55 1171
53.56 1171
53.57 1171
53.59 1172
53.60 1172
53.61 1173
53.62 1174
53.64 1176
53.65 1176
53.66 1178
53.67 1179
53.69 1180
53.70 1180
53.71 1180
53.72 1180
53.73 1180
53.75 1180
53.76 1182
53.77 1183
53.78 1183
53.80 1183
53.81 1185
53.82 1185
53.83 1185
53.85 1185
53.86 1185
53.87 1185
53.88 1185
53.89 1186
53.91 1186
53.92 1186
53.93 1186
53.94 1188
53.96 1189
53.97 1189
53.98 1189
53.99 1189
54.01 1189
54.02 1189
54.03 1189
54.04 1189
54.06 1190
54.07 1190
54.08 1190
54.09 1191
54.10 1191
54.12 1191
54.13 1191
54.14 1191
54.15 1192
54.17 1192
54.18 1192
54.19 1192
54.20 1192
54.22 1192
54.23 1192
54.24 1192
54.25 1192
54.26 1192
54.28 1192
54.29 1193
54.30 1193
54.31 1194
54.33 1194
54.34 1194
54.35 1194
54.36 1194
54.38 1194
54.39 1194
54.40 1195
54.41 1196
54.42 1196
54.44 1196
54.45 1196
54.46 1199
54.47 1201
54.49 1202
54.50 1202
54.51 1202
54.52 1202
54.54 1204
54.55 1205
54.56 1205
54.57 1205
54.58 1205
54.60 1205
54.61 1205
54.62 1205
54.63 1205
54.65 1206
54.66 1207
54.67 1207
54.68 1207
54.70 1207
54.71 1207
54.72 1207
54.73 1207
54.74 1207
54.76 1208
54.77 1208
54.78 1208
54.79 1208
54.81 1208
54.82 1208
54.83 1208
54.84 1209
54.86 1210
54.87 1210
54.88 1210
54.89 1210
54.90 1210
54.92 1210
54.93 1212
54.94 1214
54.95 1214
54.97 1215
54.98 1215
54.99 1215
55.00 1216
55.02 1217
55.03 1219
55.04 1220
55.05 1222
55.06 1224
55.08 1225
55.09 1225
55.10 1226
55.11 1228
55.13 1229
55.14 1230
55.15 1231
55.16 1232
55.18 1234
55.19 1237
55.20 1238
55.21 1238
55.23 1239
55.24 1240
55.25 1243
55.26 1243
55.27 1244
55.29 1245
55.30 1247
55.31 1249
55.32 1250
55.34 1251
55.35 1252
55.36 1253
55.37 1255
55.39 1255
55.40 1257
55.41 1258
55.42 1258
55.43 1260
55.45 1260
55.46 1261
55.47 1261
55.48 1264
55.50 1267
55.51 1268
55.52 1270
55.53 1271
55.55 1273
55.56 1274
55.57 1276
55.58 1278
55.59 1280
55.61 1282
55.62 1284
55.63 1286
55.64 1287
55.66 1289
55.67 1289
55.68 1291
55.69 1291
55.71 1293
55.72 1293
55.73 1295
55.74 1295
55.75 1297
55.77 1298
55.78 1300
55.79 1301
55.80 1303
55.82 1304
55.83 1306
55.84 1308
55.85 1309
55.87 1310
55.88 1310
55.89 1310
55.90 1311
55.91 1311
55.93 1312
55.94 1314
55.95 1314
55.96 1314
55.98 1316
55.99 1316
56.00 1317
56.01 1318
56.03 1318
56.04 1318
56.05 1318
56.06 1318
56.07 1319
56.09 1320
56.10 1320
56.11 1320
56.12 1320
56.14 1321
56.15 1321
56.16 1321
56.17 1322
56.19 1322
56.20 1322
56.21 1322
56.22 1322
56.23 1322
56.25 1322
56.26 1323
56.27 1323
56.28 1323
56.30 1323
56.31 1323
56.32 1323
56.33 1323
56.35 1324
56.36 1324
56.37 1324
56.38 1324
56.40 1324
56.41 1324
56.42 1324
56.43 1324
56.44 1324
56.46 1324
56.47 1324
56.48 1324
56.49 1325
56.51 1325
56.52 1325
56.53 1325
56.54 1325
56.56 1325
56.57 1325
56.58 1326
56.59 1328
56.60 1331
56.62 1332
56.63 1332
56.64 1332
56.65 1332
56.67 1332
56.68 1332
56.69 1332
56.70 1333
56.72 1333
56.73 1333
56.74 1334
56.75 1334
56.76 1334
56.78 1334
56.79 1336
56.80 1336
56.81 1337
56.83 1337
56.84 1337
56.85 1337
56.86 1337
56.88 1337
56.89 1337
56.90 1337
56.91 1337
56.92 1340
56.94 1342
56.95 1342
56.96 1342
56.97 1342
56.99 1342
57.00 1345
57.01 1346
57.02 1348
57.04 1348
57.05 1348
57.06 1348
57.07 1348
57.08 1348
57.10 1348
57.11 1349
57.12 1349
57.13 1350
57.15 1351
57.16 1352
57.17 1353
57.18 1354
57.20 1354
57.21 1354
57.22 1354
57.23 1354
57.24 1354
57.26 1355
57.27 1355
57.28 1355
57.29 1357
57.31 1357
57.32 1358
57.33 1358
57.34 1358
57.36 1358
57.37 1358
57.38 1358
57.39 1360
57.41 1361
57.42 1361
57.43 1361
57.44 1361
57.45 1362
57.47 1363
57.48 1365
57.49 1365
57.50 1365
57.52 1365
57.53 1366
57.54 1366
57.55 1367
57.57 1369
57.58 1371
57.59 1371
57.60 1372
57.61 1373
57.63 1374
57.64 1375
57.65 1376
57.66 1376
57.68 1377
57.69 1378
57.70 1378
57.71 1378
57.73 1379
57.74 1380
57.75 1382
57.76 1384
57.77 1384
57.79 1387
57.80 1388
57.81 1389
57.82 1389
57.84 1389
57.85 1391
57.86 1392
57.87 1392
57.89 1393
57.90 1393
57.91 1393
57.92 1393
57.93 1393
57.95 1394
57.96 1396
57.97 1398
57.98 1398
58.00 1398
58.01 1399
58.02 1401
58.03 1401
58.05 1402
58.06 1403
58.07 1405
58.08 1405
58.09 1406
58.11 1408
58.12 1409
58.13 1411
58.14 1411
58.16 1411
58.17 1411
58.18 1411
58.19 1411
58.21 1411
58.22 1412
58.23 1414
58.24 1414
58.25 1416
58.27 1416
58.28 1416
58.29 1417
58.30 1418
58.32 1419
58.33 1419
58.34 1419
58.35 1420
58.37 1421
58.38 1421
58.39 1421
58.40 1421
58.41 1421
58.43 1421
58.44 1421
58.45 1422
58.46 1423
58.48 1424
58.49 1424
58.50 1424
58.51 1424
58.53 1424
58.54 1424
58.55 1424
58.56 1425
58.58 1425
58.59 1425
58.60 1425
58.61 1425
58.62 1425
58.64 1427
58.65 1428
58.66 1430
58.67 1430
58.69 1430
58.70 1430
58.71 1430
58.72 1430
58.74 1431
58.75 1431
58.76 1431
58.77 1432
58.78 1433
58.80 1434
58.81 1434
58.82 1435
58.83 1436
58.85 1438
58.86 1439
58.87 1441
58.88 1441
58.90 1442
58.91 1444
58.92 1447
58.93 1448
58.94 1450
58.96 1453
58.97 1454
58.98 1456
58.99 1458
59.01 1459
59.02 1461
59.03 1462
59.04 1464
59.06 1466
59.07 1468
59.08 1471
59.09 1472
59.10 1474
59.12 1475
59.13 1476
59.14 1477
59.15 1478
59.17 1480
59.18 1481
59.19 1482
59.20 1483
59.22 1483
59.23 1483
59.24 1483
59.25 1483
59.26 1483
59.28 1483
59.29 1483
59.30 1483
59.31 1484
59.33 1484
59.34 1484
59.35 1484
59.36 1484
59.38 1484
59.39 1484
59.40 1484
59.41 1486
59.42 1488
59.44 1489
59.45 1490
59.46 1491
59.47 1492
59.49 1492
59.50 1493
59.51 1493
59.52 1493
59.54 1494
59.55 1495
59.56 1497
59.57 1498
59.58 1499
59.60 1500
59.61 1503
59.62 1503
59.63 1504
59.65 1505
59.66 1507
59.67 1508
59.68 1508
59.70 1508
59.71 1508
59.72 1508
59.73 1509
59.75 1509
59.76 1509
59.77 1510
59.78 1510
59.79 1510
59.81 1511
59.82 1511
59.83 1511
59.84 1511
59.86 1511
59.87 1511
59.88 1511
59.89 1512
59.91 1512
59.92 1512
59.93 1512
59.94 1513
59.95 1513
59.97 1513
59.98 1513
59.99 1514
60.00 1514
60.02 1514
60.03 1514
60.04 1514
60.05 1514
60.07 1514
60.08 1514
60.09 1514
60.10 1514
60.11 1515
60.13 1516
60.14 1516
60.15 1516
60.16 1516
60.18 1516
60.19 1516
60.20 1516
60.21 1517
60.23 1517
60.24 1517
60.25 1517
60.26 1517
60.27 1517
60.29 1517
60.30 1517
60.31 1517
60.32 1517
60.34 1518
60.35 1518
60.36 1518
60.37 1518
60.39 1518
60.40 1518
60.41 1518
60.42 1519
60.43 1519
60.45 1519
60.46 1519
60.47 1519
60.48 1519
60.50 1520
60.51 1520
60.52 1520
60.53 1520
60.55 1521
60.56 1521
60.57 1521
60.58 1521
60.59 1521
60.61 1521
60.62 1521
60.63 1521
60.64 1521
60.66 1521
60.67 1521
60.68 1521
60.69 1522
60.71 1522
60.72 1522
60.73 1522
60.74 1522
60.75 1522
60.77 1522
60.78 1523
60.79 1523
60.80 1523
60.82 1523
60.83 1523
60.84 1523
60.85 1523
60.87 1524
60.88 1524
60.89 1524
60.90 1525
60.92 1525
60.93 1525
60.94 1525
60.95 1525
60.96 1525
60.98 1525
60.99 1525
61.00 1525
61.01 1525
61.03 1525
61.04 1525
61.05 1525
61.06 1528
61.08 1528
61.09 1529
61.10 1530
61.11 1531
61.12 1532
61.14 1534
61.15 1536
61.16 1537
61.17 1537
61.19 1539
61.20 1540
61.21 1540
61.22 1542
61.24 1542
61.25 1543
61.26 1545
61.27 1546
61.28 1546
61.30 1548
61.31 1548
61.32 1548
61.33 1548
61.35 1548
61.36 1548
61.37 1548
61.38 1548
61.40 1548
61.41 1548
61.42 1548
61.43 1548
61.44 1549
61.46 1549
61.47 1549
61.48 1550
61.49 1550
61.51 1550
61.52 1550
61.53 1550
61.54 1550
61.56 1550
61.57 1550
61.58 1550
61.59 1550
61.60 1550
61.62 1550
61.63 1550
61.64 1550
61.65 1551
61.67 1551
61.68 1551
61.69 1555
61.70 1556
61.72 1556
61.73 1556
61.74 1559
61.75 1560
61.76 1560
61.78 1562
61.79 1563
61.80 1564
61.81 1566
61.83 1568
61.84 1568
61.85 1568
61.86 1568
61.88 1570
61.89 1571
61.90 1573
61.91 1574
61.92 1575
61.94 1577
61.95 1579
61.96 1579
61.97 1580
61.99 1582
62.00 1582
62.01 1584
62.02 1586
62.04 1587
62.05 1589
62.06 1590
62.07 1591
62.09 1591
62.10 1592
62.11 1593
62.12 1593
62.13 1594
62.15 1594
62.16 1595
62.17 1599
62.18 1600
62.20 1602
62.21 1603
62.22 1603
62.23 1604
62.25 1604
62.26 1606
62.27 1606
62.28 1607
62.29 1608
62.31 1608
62.32 1609
62.33 1609
62.34 1609
62.36 1610
62.37 1611
62.38 1611
62.39 1611
62.41 1611
62.42 1611
62.43 1612
62.44 1612
62.45 1612
62.47 1612
62.48 1613
62.49 1613
62.50 1613
62.52 1613
62.53 1613
62.54 1613
62.55 1613
62.57 1613
62.58 1613
62.59 1613
62.60 1613
62.61 1613
62.63 1614
62.64 1614
62.65 1614
62.66 1614
62.68 1614
62.69 1614
62.70 1614
62.71 1614
62.73 1614
62.74 1614
62.75 1614
62.76 1614
62.77 1614
62.79 1614
62.80 1614
62.81 1614
62.82 1614
62.84 1615
62.85 1616
62.86 1616
62.87 1616
62.89 1616
62.90 1616
62.91 1617
62.92 1617
62.93 1617
62.95 1620
62.96 1622
62.97 1623
62.98 1624
63.00 1626
63.01 1628
63.02 1629
63.03 1630
63.05 1630
63.06 1630
63.07 1630
63.08 1630
63.10 1630
63.11 1630
63.12 1630
63.13 1630
63.14 1634
63.16 1635
63.17 1637
63.18 1638
63.19 1638
63.21 1638
63.22 1638
63.23 1639
63.24 1642
63.26 1643
63.27 1644
63.28 1646
63.29 1647
63.30 1649
63.32 1650
63.33 1651
63.34 1653
63.35 1653
63.37 1653
63.38 1653
63.39 1653
63.40 1653
63.42 1653
63.43 1653
63.44 1654
63.45 1654
63.46 1654
63.48 1654
63.49 1654
63.50 1654
63.51 1654
63.53 1655
63.54 1655
63.55 1656
63.56 1656
63.58 1656
63.59 1657
63.60 1659
63.61 1661
63.62 1662
63.64 1663
63.65 1665
63.66 1666
63.67 1667
63.69 1668
63.70 1670
63.71 1671
63.72 1672
63.74 1674
63.75 1676
63.76 1677
63.77 1678
63.78 1680
63.80 1682
63.81 1683
63.82 1684
63.83 1687
63.85 1688
63.86 1688
63.87 1691
63.88 1692
63.90 1693
63.91 1693
63.92 1695
63.93 1696
63.94 1697
63.96 1699
63.97 1699
63.98 1700
63.99 1702
64.01 1704
64.02 1704
64.03 1706
64.04 1707
64.06 1709
64.07 1709
64.08 1710
64.09 1712
64.10 1713
64.12 1715
64.13 1715
64.14 1715
64.15 1715
64.17 1715
64.18 1715
64.19 1716
64.20 1717
64.22 1718
64.23 1719
64.24 1720
64.25 1720
64.27 1720
64.28 1720
64.29 1722
64.30 1723
64.31 1724
64.33 1724
64.34 1724
64.35 1725
64.36 1727
64.38 1728
64.39 1728
64.40 1730
64.41 1732
64.43 1732
64.44 1733
64.45 1733
64.46 1733
64.47 1734
64.49 1735
64.50 1736
64.51 1738
64.52 1740
64.54 1740
64.55 1740
64.56 1740
64.57 1742
64.59 1744
64.60 1745
64.61 1747
64.62 1747
64.63 1747
64.65 1747
64.66 1747
64.67 1748
64.68 1748
64.70 1749
64.71 1749
64.72 1749
64.73 1749
64.75 1749
64.76 1749
64.77 1749
64.78 1750
64.79 1750
64.81 1752
64.82 1754
64.83 1756
64.84 1756
64.86 1757
64.87 1757
64.88 1757
64.89 1757
64.91 1757
64.92 1757
64.93 1757
64.94 1757
64.95 1757
64.97 1757
64.98 1757
64.99 1757
65.00 1757
65.02 1758
65.03 1758
65.04 1758
65.05 1758
65.07 1758
65.08 1758
65.09 1758
65.10 1758
65.11 1758
65.13 1758
65.14 1759
65.15 1760
65.16 1761
65.18 1761
65.19 1761
65.20 1761
65.21 1761
65.23 1761
65.24 1761
65.25 1761
65.26 1762
65.27 1763
65.29 1764
65.30 1764
65.31 1764
65.32 1764
65.34 1764
65.35 1764
65.36 1764
65.37 1764
65.39 1765
65.40 1765
65.41 1765
65.42 1765
65.44 1765
65.45 1765
65.46 1765
65.47 1765
65.48 1765
65.50 1765
65.51 1767
65.52 1768
65.53 1768
65.55 1768
65.56 1768
65.57 1768
65.58 1769
65.60 1769
65.61 1769
65.62 1769
65.63 1769
65.64 1769
65.66 1769
65.67 1769
65.68 1769
65.69 1769
65.71 1769
65.72 1772
65.73 1775
65.74 1777
65.76 1779
65.77 1779
65.78 1779
65.79 1779
65.80 1779
65.82 1779
65.83 1779
65.84 1779
65.85 1779
65.87 1779
65.88 1779
65.89 1782
65.90 1783
65.92 1785
65.93 1786
65.94 1786
65.95 1786
65.96 1786
65.98 1787
65.99 1787
66.00 1789
66.01 1790
66.03 1790
66.04 1791
66.05 1793
66.06 1794
66.08 1796
66.09 1797
66.10 1799
66.11 1801
66.12 1802
66.14 1802
66.15 1803
66.16 1804
66.17 1805
66.19 1806
66.20 1807
66.21 1808
66.22 1809
66.24 1811
66.25 1812
66.26 1813
66.27 1814
66.28 1815
66.30 1817
66.31 1818
66.32 1818
66.33 1819
66.35 1820
66.36 1821
66.37 1821
66.38 1822
66.40 1824
66.41 1824
66.42 1825
66.43 1827
66.44 1828
66.46 1828
66.47 1830
66.48 1831
66.49 1831
66.51 1831
66.52 1832
66.53 1834
66.54 1836
66.56 1836
66.57 1836
66.58 1837
66.59 1838
66.61 1838
66.62 1840
66.63 1840
66.64 1840
66.65 1841
66.67 1841
66.68 1842
66.69 1842
66.70 1842
66.72 1842
66.73 1842
66.74 1843
66.75 1843
66.77 1845
66.78 1846
66.79 1848
66.80 1848
66.81 1848
66.83 1848
66.84 1848
66.85 1848
66.86 1848
66.88 1848
66.89 1848
66.90 1848
66.91 1849
66.93 1850
66.94 1850
66.95 1851
66.96 1853
66.97 1854
66.99 1856
67.00 1858
67.01 1858
67.02 1861
67.04 1862
67.05 1863
67.06 1863
67.07 1865
67.09 1866
67.10 1867
67.11 1868
67.12 1869
67.13 1870
67.15 1870
67.16 1872
67.17 1872
67.18 1873
67.20 1874
67.21 1875
67.22 1875
67.23 1875
67.25 1875
67.26 1876
67.27 1876
67.28 1876
67.29 1876
67.31 1876
67.32 1876
67.33 1876
67.34 1876
67.36 1877
67.37 1877
67.38 1877
67.39 1877
67.41 1877
67.42 1877
67.43 1878
67.44 1878
67.45 1878
67.47 1878
67.48 1878
67.49 1879
67.50 1880
67.52 1880
67.53 1882
67.54 1884
67.55 1884
67.57 1885
67.58 1886
67.59 1888
67.60 1888
67.62 1889
67.63 1891
67.64 1891
67.65 1893
67.66 1896
67.68 1896
67.69 1898
67.70 1898
67.71 1900
67.73 1900
67.74 1900
67.75 1901
67.76 1901
67.78 1901
67.79 1901
67.80 1901
67.81 1901
67.82 1902
67.84 1902
67.85 1902
67.86 1902
67.87 1902
67.89 1902
67.90 1903
67.91 1903
67.92 1903
67.94 1903
67.95 1903
67.96 1903
67.97 1903
67.98 1903
68.00 1904
68.01 1904
68.02 1904
68.03 1904
68.05 1905
68.06 1905
68.07 1905
68.08 1906
68.10 1906
68.11 1906
68.12 1906
68.13 1906
68.14 1906
68.16 1906
68.17 1907
68.18 1907
68.19 1908
68.21 1908
68.22 1909
68.23 1909
68.24 1910
68.26 1910
68.27 1910
68.28 1910
68.29 1912
68.30 1913
68.32 1913
68.33 1913
68.34 1913
68.35 1914
68.37 1914
68.38 1914
68.39 1914
68.40 1914
68.42 1914
68.43 1914
68.44 1914
68.45 1915
68.46 1915
68.48 1915
68.49 1915
68.50 1915
68.51 1915
68.53 1915
68.54 1915
68.55 1915
68.56 1915
68.58 1915
68.59 1915
68.60 1915
68.61 1916
68.62 1916
68.64 1916
68.65 1916
68.66 1916
68.67 1916
68.69 1916
68.70 1916
68.71 1917
68.72 1917
68.74 1917
68.75 1917
68.76 1917
68.77 1917
68.79 1917
68.80 1917
68.81 1917
68.82 1918
68.83 1921
68.85 1923
68.86 1923
68.87 1923
68.88 1923
68.90 1923
68.91 1924
68.92 1924
68.93 1924
68.95 1924
68.96 1924
68.97 1924
68.98 1924
68.99 1925
69.01 1925
69.02 1925
69.03 1925
69.04 1925
69.06 1925
69.07 1925
69.08 1925
69.09 1925
69.11 1926
69.12 1927
69.13 1929
69.14 1929
69.15 1930
69.17 1931
69.18 1932
69.19 1932
69.20 1934
69.22 1934
69.23 1935
69.24 1935
69.25 1935
69.27 1935
69.28 1936
69.29 1937
69.30 1937
69.31 1938
69.33 1939
69.34 1940
69.35 1942
69.36 1943
69.38 1943
69.39 1944
69.40 1946
69.41 1946
69.43 1947
69.44 1948
69.45 1950
69.46 1950
69.47 1950
69.49 1950
69.50 1951
69.51 1953
69.52 1953
69.54 1953
69.55 1953
69.56 1953
69.57 1954
69.59 1954
69.60 1954
69.61 1954
69.62 1956
69.63 1957
69.65 1957
69.66 1957
69.67 1958
69.68 1958
69.70 1958
69.71 1958
69.72 1958
69.73 1959
69.75 1960
69.76 1960
69.77 1960
69.78 1960
69.79 1960
69.81 1961
69.82 1961
69.83 1962
69.84 1963
69.86 1963
69.87 1963
69.88 1963
69.89 1963
69.91 1963
69.92 1963
69.93 1964
69.94 1964
69.96 1964
69.97 1964
69.98 1964
69.99 1964
70.00 1964
70.02 1964
70.03 1964
70.04 1964
70.05 1964
70.07 1964
70.08 1964
70.09 1964
70.10 1964
70.12 1964
70.13 1964
70.14 1964
70.15 1966
70.16 1966
70.18 1966
70.19 1966
70.20 1966
70.21 1966
70.23 1966
70.24 1966
70.25 1966
70.26 1966
70.28 1967
70.29 1967
70.30 1967
70.31 1967
70.32 1967
70.34 1967
70.35 1967
70.36 1967
70.37 1967
70.39 1967
70.40 1967
70.41 1967
70.42 1967
70.44 1967
70.45 1967
70.46 1969
70.47 1972
70.48 1974
70.50 1975
70.51 1975
70.52 1975
70.53 1975
70.55 1975
70.56 1975
70.57 1975
70.58 1975
70.60 1978
70.61 1981
70.62 1981
70.63 1981
70.64 1981
70.66 1981
70.67 1981
70.68 1981
70.69 1981
70.71 1981
70.72 1981
70.73 1981
70.74 1981
70.76 1981
70.77 1981
70.78 1981
70.79 1982
70.80 1983
70.82 1984
70.83 1985
70.84 1985
70.85 1987
70.87 1988
70.88 1991
70.89 1992
70.90 1993
70.92 1994
70.93 1995
70.94 1997
70.95 1997
70.96 1998
70.98 2000
70.99 2000
71.00 2000
71.01 2002
71.03 2003
71.04 2004
71.05 2004
71.06 2005
71.08 2008
71.09 2009
71.10 2011
71.11 2013
71.13 2014
71.14 2015
71.15 2015
71.16 2016
71.17 2017
71.19 2018
71.20 2018
71.21 2020
71.22 2022
71.24 2023
71.25 2024
71.26 2025
71.27 2026
71.29 2028
71.30 2028
71.31 2029
71.32 2030
71.33 2031
71.35 2032
71.36 2033
71.37 2035
71.38 2035
71.40 2036
71.41 2037
71.42 2039
71.43 2039
71.45 2041
71.46 2042
71.47 2044
71.48 2044
71.49 2044
71.51 2044
71.52 2044
71.53 2045
71.54 2047
71.56 2048
71.57 2049
71.58 2050
71.59 2052
71.61 2052
71.62 2053
71.63 2053
71.64 2056
71.65 2057
71.67 2058
71.68 2059
71.69 2059
71.70 2059
71.72 2060
71.73 2061
71.74 2062
71.75 2063
71.77 2063
71.78 2064
71.79 2064
71.80 2064
71.81 2064
71.83 2065
71.84 2065
71.85 2065
71.86 2065
71.88 2065
71.89 2065
71.90 2065
71.91 2065
71.93 2065
71.94 2065
71.95 2065
71.96 2065
71.97 2066
71.99 2066
72.00 2066
72.01 2066
72.02 2066
72.04 2066
72.05 2066
72.06 2066
72.07 2067
72.09 2067
72.10 2067
72.11 2067
72.12 2067
72.13 2067
72.15 2067
72.16 2069
72.17 2069
72.18 2069
72.20 2069
72.21 2069
72.22 2069
72.23 2069
72.25 2069
72.26 2069
72.27 2069
72.28 2069
72.30 2069
72.31 2069
72.32 2069
72.33 2069
72.34 2069
72.36 2070
72.37 2073
72.38 2074
72.39 2074
72.41 2075
72.42 2075
72.43 2078
72.44 2078
72.46 2080
72.47 2081
72.48 2081
72.49 2081
72.50 2081
72.52 2081
72.53 2082
72.54 2082
72.55 2082
72.57 2082
72.58 2082
72.59 2082
72.60 2082
72.62 2082
72.63 2082
72.64 2082
72.65 2083
72.66 2083
72.68 2083
72.69 2083
72.70 2083
72.71 2084
72.73 2084
72.74 2084
72.75 2084
72.76 2084
72.78 2084
72.79 2085
72.80 2086
72.81 2086
72.82 2086
72.84 2086
72.85 2086
72.86 2086
72.87 2088
72.89 2088
72.90 2088
72.91 2088
72.92 2088
72.94 2088
72.95 2088
72.96 2088
72.97 2088
72.98 2088
73.00 2088
73.01 2088
73.02 2088
73.03 2088
73.05 2088
73.06 2088
73.07 2088
73.08 2088
73.10 2088
73.11 2088
73.12 2089
73.13 2089
73.14 2089
73.16 2089
73.17 2089
73.18 2089
73.19 2089
73.21 2089
73.22 2089
73.23 2089
73.24 2089
73.26 2089
73.27 2089
73.28 2089
73.29 2089
73.31 2089
73.32 2091
73.33 2093
73.34 2094
73.35 2094
73.37 2094
73.38 2094
73.39 2094
73.40 2094
73.42 2095
73.43 2095
73.44 2097
73.45 2098
73.47 2098
73.48 2098
73.49 2098
73.50 2098
73.51 2098
73.53 2098
73.54 2098
73.55 2098
73.56 2098
73.58 2098
73.59 2099
73.60 2100
73.61 2100
73.63 2101
73.64 2101
73.65 2101
73.66 2101
73.67 2102
73.69 2103
73.70 2105
73.71 2105
73.72 2105
73.74 2105
73.75 2106
73.76 2108
73.77 2108
73.79 2110
73.80 2112
73.81 2114
73.82 2114
73.83 2117
73.85 2118
73.86 2118
73.87 2120
73.88 2121
73.90 2123
73.91 2124
73.92 2124
73.93 2124
73.95 2124
73.96 2124
73.97 2125
73.98 2127
73.99 2127
74.01 2127
74.02 2127
74.03 2128
74.04 2128
74.06 2128
74.07 2130
74.08 2131
74.09 2132
74.11 2134
74.12 2135
74.13 2135
74.14 2137
74.15 2139
74.17 2139
74.18 2139
74.19 2139
74.20 2140
74.22 2141
74.23 2142
74.24 2142
74.25 2142
74.27 2142
74.28 2143
74.29 2143
74.30 2144
74.31 2145
74.33 2145
74.34 2145
74.35 2145
74.36 2145
74.38 2145
74.39 2146
74.40 2147
74.41 2147
74.43 2147
74.44 2147
74.45 2147
74.46 2147
74.48 2147
74.49 2147
74.50 2148
74.51 2149
74.52 2149
74.54 2149
74.55 2149
74.56 2149
74.57 2149
74.59 2149
74.60 2149
74.61 2150
74.62 2152
74.64 2152
74.65 2152
74.66 2152
74.67 2152
74.68 2152
74.70 2152
74.71 2152
74.72 2152
74.73 2152
74.75 2153
74.76 2154
74.77 2155
74.78 2155
74.80 2155
74.81 2157
74.82 2159
74.83 2159
74.84 2160
74.86 2162
74.87 2163
74.88 2163
74.89 2165
74.91 2165
74.92 2165
74.93 2167
74.94 2167
74.96 2168
74.97 2168
74.98 2168
74.99 2168
75.00 2168
75.02 2170
75.03 2171
75.04 2171
75.05 2172
75.07 2174
75.08 2174
75.09 2175
75.10 2176
75.12 2176
75.13 2178
75.14 2180
75.15 2180
75.16 2181
75.18 2183
75.19 2185
75.20 2186
75.21 2187
75.23 2189
75.24 2189
75.25 2190
75.26 2191
75.28 2192
75.29 2194
75.30 2194
75.31 2195
75.32 2196
75.34 2198
75.35 2198
75.36 2200
75.37 2200
75.39 2203
75.40 2203
75.41 2203
75.42 2203
75.44 2203
75.45 2204
75.46 2204
75.47 2204
75.48 2204
75.50 2204
75.51 2204
75.52 2204
75.53 2204
75.55 2204
75.56 2204
75.57 2205
75.58 2205
75.60 2205
75.61 2206
75.62 2207
75.63 2209
75.65 2210
75.66 2210
75.67 2210
75.68 2211
75.69 2211
75.71 2211
75.72 2212
75.73 2212
75.74 2212
75.76 2213
75.77 2213
75.78 2213
75.79 2213
75.81 2213
75.82 2216
75.83 2217
75.84 2218
75.85 2218
75.87 2221
75.88 2221
75.89 2222
75.90 2224
75.92 2226
75.93 2227
75.94 2228
75.95 2228
75.97 2228
75.98 2230
75.99 2232
76.00 2233
76.01 2234
76.03 2237
76.04 2238
76.05 2239
76.06 2239
76.08 2241
76.09 2241
76.10 2242
76.11 2243
76.13 2244
76.14 2244
76.15 2245
76.16 2247
76.17 2248
76.19 2249
76.20 2250
76.21 2252
76.22 2253
76.24 2255
76.25 2257
76.26 2257
76.27 2259
76.29 2259
76.30 2260
76.31 2261
76.32 2262
76.33 2264
76.35 2265
76.36 2266
76.37 2267
76.38 2267
76.40 2270
76.41 2271
76.42 2271
76.43 2272
76.45 2272
76.46 2272
76.47 2272
76.48 2272
76.49 2272
76.51 2272
76.52 2272
76.53 2273
76.54 2273
76.56 2273
76.57 2273
76.58 2273
76.59 2273
76.61 2273
76.62 2273
76.63 2273
76.64 2273
76.65 2273
76.67 2273
76.68 2274
76.69 2274
76.70 2274
76.72 2274
76.73 2274
76.74 2274
76.75 2275
76.77 2275
76.78 2277
76.79 2277
76.80 2277
76.82 2277
76.83 2277
76.84 2277
76.85 2277
76.86 2277
76.88 2277
76.89 2277
76.90 2277
76.91 2277
76.93 2278
76.94 2278
76.95 2278
76.96 2278
76.98 2278
76.99 2278
77.00 2278
77.01 2278
77.02 2278
77.04 2278
77.05 2278
77.06 2278
77.07 2278
77.09 2278
77.10 2279
77.11 2279
77.12 2279
77.14 2279
77.15 2279
77.16 2279
77.17 2279
77.18 2279
77.20 2279
77.21 2279
77.22 2279
77.23 2279
77.25 2279
77.26 2280
77.27 2280
77.28 2280
77.30 2280
77.31 2280
77.32 2280
77.33 2280
77.34 2280
77.36 2280
77.37 2280
77.38 2280
77.39 2280
77.41 2280
77.42 2280
77.43 2280
77.44 2280
77.46 2280
77.47 2280
77.48 2280
77.49 2280
77.50 2280
77.52 2280
77.53 2280
77.54 2280
77.55 2280
77.57 2281
77.58 2281
77.59 2281
77.60 2281
77.62 2281
77.63 2281
77.64 2281
77.65 2281
77.66 2281
77.68 2281
77.69 2281
77.70 2281
77.71 2281
77.73 2281
77.74 2281
77.75 2281
77.76 2281
77.78 2281
77.79 2281
77.80 2281
77.81 2281
77.82 2281
77.84 2281
77.85 2282
77.86 2285
77.87 2285
77.89 2285
77.90 2285
77.91 2286
77.92 2286
77.94 2286
77.95 2286
77.96 2286
77.97 2286
77.99 2287
78.00 2287
78.01 2288
78.02 2288
78.03 2288
78.05 2288
78.06 2288
78.07 2289
78.08 2289
78.10 2289
78.11 2289
78.12 2290
78.13 2290
78.15 2291
78.16 2291
78.17 2291
78.18 2291
78.19 2291
78.21 2292
78.22 2292
78.23 2292
78.24 2292
78.26 2292
78.27 2292
78.28 2292
78.29 2292
78.31 2292
78.32 2293
78.33 2293
78.34 2293
78.35 2293
78.37 2293
78.38 2294
78.39 2294
78.40 2294
78.42 2294
78.43 2294
78.44 2294
78.45 2294
78.47 2294
78.48 2294
78.49 2294
78.50 2296
78.51 2297
78.53 2297
78.54 2297
78.55 2297
78.56 2298
78.58 2298
78.59 2298
78.60 2298
78.61 2298
78.63 2298
78.64 2298
78.65 2298
78.66 2299
78.67 2299
78.69 2299
78.70 2299
78.71 2299
78.72 2299
78.74 2299
78.75 2299
78.76 2300
78.77 2300
78.79 2300
78.80 2301
78.81 2301
78.82 2301
78.83 2302
78.85 2302
78.86 2302
78.87 2302
78.88 2302
78.90 2302
78.91 2302
78.92 2302
78.93 2302
78.95 2303
78.96 2305
78.97 2307
78.98 2309
79.00 2310
79.01 2311
79.02 2311
79.03 2311
79.04 2311
79.06 2311
79.07 2311
79.08 2311
79.09 2312
79.11 2312
79.12 2312
79.13 2312
79.14 2312
79.16 2312
79.17 2312
79.18 2312
79.19 2312
79.20 2312
79.22 2312
79.23 2314
79.24 2316
79.25 2318
79.27 2319
79.28 2320
79.29 2320
79.30 2322
79.32 2322
79.33 2323
79.34 2324
79.35 2325
79.36 2325
79.38 2326
79.39 2328
79.40 2329
79.41 2330
79.43 2330
79.44 2333
79.45 2333
79.46 2334
79.48 2335
79.49 2338
79.50 2338
79.51 2338
79.52 2339
79.54 2340
79.55 2341
79.56 2343
79.57 2343
79.59 2345
79.60 2346
79.61 2348
79.62 2349
79.64 2349
79.65 2350
79.66 2352
79.67 2352
79.68 2353
79.70 2354
79.71 2355
79.72 2356
79.73 2356
79.75 2358
79.76 2359
79.77 2360
79.78 2363
79.80 2364
79.81 2365
79.82 2366
79.83 2368
79.84 2368
79.86 2369
79.87 2371
79.88 2372
79.89 2373
79.91 2374
79.92 2376
79.93 2377
79.94 2378
79.96 2378
79.97 2379
79.98 2381
79.99 2383
80.00 2383
80.02 2383
80.03 2383
80.04 2383
80.05 2385
80.07 2387
80.08 2388
80.09 2389
80.10 2389
80.12 2390
80.13 2391
80.14 2392
80.15 2394
80.17 2395
80.18 2395
80.19 2395
80.20 2395
80.21 2396
80.23 2397
80.24 2399
80.25 2399
80.26 2399
80.28 2399
80.29 2399
80.30 2399
80.31 2399
80.33 2399
80.34 2399
80.35 2399
80.36 2399
80.37 2399
80.39 2400
80.40 2400
80.41 2400
80.42 2400
80.44 2400
80.45 2400
80.46 2400
80.47 2400
80.49 2400
80.50 2400
80.51 2400
80.52 2400
80.53 2400
80.55 2400
80.56 2400
80.57 2400
80.58 2400
80.60 2401
80.61 2401
80.62 2401
80.63 2401
80.65 2401
80.66 2401
80.67 2401
80.68 2401
80.69 2401
80.71 2401
80.72 2401
80.73 2401
80.74 2404
80.76 2404
80.77 2404
80.78 2404
80.79 2404
80.81 2405
80.82 2405
80.83 2405
80.84 2405
80.85 2405
80.87 2405
80.88 2405
80.89 2405
80.90 2405
80.92 2405
80.93 2405
80.94 2405
80.95 2405
80.97 2405
80.98 2405
80.99 2405
81.00 2405
81.01 2405
81.03 2405
81.04 2405
81.05 2405
81.06 2405
81.08 2405
81.09 2405
81.10 2405
81.11 2406
81.13 2406
81.14 2406
81.15 2406
81.16 2407
81.17 2408
81.19 2408
81.20 2408
81.21 2408
81.22 2408
81.24 2408
81.25 2408
81.26 2408
81.27 2408
81.29 2409
81.30 2412
81.31 2412
81.32 2414
81.34 2414
81.35 2414
81.36 2414
81.37 2414
81.38 2414
81.40 2414
81.41 2414
81.42 2414
81.43 2414
81.45 2414
81.46 2414
81.47 2414
81.48 2414
81.50 2414
81.51 2414
81.52 2416
81.53 2418
81.54 2419
81.56 2420
81.57 2420
81.58 2421
81.59 2422
81.61 2424
81.62 2425
81.63 2426
81.64 2427
81.66 2429
81.67 2430
81.68 2431
81.69 2433
81.70 2433
81.72 2434
81.73 2435
81.74 2436
81.75 2437
81.77 2437
81.78 2437
81.79 2438
81.80 2440
81.82 2440
81.83 2441
81.84 2443
81.85 2443
81.86 2444
81.88 2445
81.89 2446
81.90 2446
81.91 2448
81.93 2449
81.94 2450
81.95 2451
81.96 2452
81.98 2453
81.99 2453
82.00 2453
82.01 2453
82.02 2453
82.04 2455
82.05 2455
82.06 2458
82.07 2458
82.09 2460
82.10 2460
82.11 2461
82.12 2462
82.14 2462
82.15 2462
82.16 2462
82.17 2463
82.18 2463
82.20 2463
82.21 2463
82.22 2466
82.23 2467
82.25 2467
82.26 2467
82.27 2467
82.28 2467
82.30 2469
82.31 2469
82.32 2469
82.33 2469
82.34 2469
82.36 2469
82.37 2469
82.38 2469
82.39 2469
82.41 2469
82.42 2469
82.43 2470
82.44 2470
82.46 2470
82.47 2470
82.48 2470
82.49 2470
82.51 2470
82.52 2470
82.53 2470
82.54 2470
82.55 2470
82.57 2470
82.58 2470
82.59 2470
82.60 2470
82.62 2470
82.63 2470
82.64 2470
82.65 2470
82.67 2470
82.68 2470
82.69 2470
82.70 2470
82.71 2470
82.73 2471
82.74 2471
82.75 2471
82.76 2471
82.78 2471
82.79 2471
82.80 2471
82.81 2471
82.83 2471
82.84 2472
82.85 2472
82.86 2472
82.87 2472
82.89 2472
82.90 2472
82.91 2472
82.92 2472
82.94 2474
82.95 2475
82.96 2476
82.97 2476
82.99 2476
83.00 2476
83.01 2476
83.02 2476
83.03 2477
83.05 2477
83.06 2477
83.07 2477
83.08 2477
83.10 2477
83.11 2477
83.12 2477
83.13 2477
83.15 2477
83.16 2477
83.17 2477
83.18 2477
83.19 2477
83.21 2477
83.22 2478
83.23 2478
83.24 2478
83.26 2478
83.27 2478
83.28 2478
83.29 2478
83.31 2478
83.32 2478
83.33 2478
83.34 2478
83.35 2478
83.37 2478
83.38 2478
83.39 2479
83.40 2481
83.42 2481
83.43 2481
83.44 2481
83.45 2481
83.47 2482
83.48 2482
83.49 2482
83.50 2482
83.51 2482
83.53 2482
83.54 2482
83.55 2482
83.56 2482
83.58 2482
83.59 2483
83.60 2483
83.61 2483
83.63 2483
83.64 2483
83.65 2483
83.66 2483
83.68 2483
83.69 2483
83.70 2483
83.71 2483
83.72 2483
83.74 2483
83.75 2483
83.76 2483
83.77 2484
83.79 2484
83.80 2484
83.81 2484
83.82 2484
83.84 2484
83.85 2484
83.86 2484
83.87 2484
83.88 2486
83.90 2488
83.91 2490
83.92 2491
83.93 2491
83.95 2491
83.96 2491
83.97 2491
83.98 2491
84.00 2491
84.01 2491
84.02 2493
84.03 2493
84.04 2493
84.06 2493
84.07 2493
84.08 2493
84.09 2493
84.11 2493
84.12 2494
84.13 2494
84.14 2494
84.16 2494
84.17 2494
84.18 2494
84.19 2494
84.20 2495
84.22 2495
84.23 2496
84.24 2496
84.25 2496
84.27 2496
84.28 2498
84.29 2500
84.30 2500
84.32 2500
84.33 2502
84.34 2503
84.35 2504
84.36 2506
84.38 2507
84.39 2509
84.40 2509
84.41 2510
84.43 2511
84.44 2511
84.45 2511
84.46 2511
84.48 2512
84.49 2512
84.50 2512
84.51 2512
84.52 2512
84.54 2512
84.55 2512
84.56 2512
84.57 2514
84.59 2515
84.60 2515
84.61 2516
84.62 2517
84.64 2519
84.65 2521
84.66 2522
84.67 2523
84.69 2525
84.70 2526
84.71 2527
84.72 2528
84.73 2529
84.75 2531
84.76 2531
84.77 2532
84.78 2534
84.80 2534
84.81 2535
84.82 2536
84.83 2538
84.85 2538
84.86 2539
84.87 2541
84.88 2541
84.89 2541
84.91 2541
84.92 2541
84.93 2541
84.94 2543
84.96 2544
84.97 2544
84.98 2545
84.99 2546
85.01 2548
85.02 2549
85.03 2549
85.04 2551
85.05 2552
85.07 2555
85.08 2557
85.09 2557
85.10 2557
85.12 2557
85.13 2557
85.14 2558
85.15 2558
85.17 2558
85.18 2558
85.19 2558
85.20 2558
85.21 2558
85.23 2558
85.24 2558
85.25 2558
85.26 2558
85.28 2558
85.29 2558
85.30 2558
85.31 2559
85.33 2559
85.34 2559
85.35 2559
85.36 2559
85.37 2559
85.39 2559
85.40 2559
85.41 2559
85.42 2559
85.44 2559
85.45 2559
85.46 2559
85.47 2559
85.49 2560
85.50 2560
85.51 2560
85.52 2560
85.53 2560
85.55 2560
85.56 2560
85.57 2560
85.58 2560
85.60 2560
85.61 2560
85.62 2560
85.63 2560
85.65 2560
85.66 2560
85.67 2561
85.68 2561
85.69 2561
85.71 2561
85.72 2561
85.73 2561
85.74 2561
85.76 2561
85.77 2561
85.78 2561
85.79 2561
85.81 2561
85.82 2561
85.83 2561
85.84 2561
85.86 2561
85.87 2561
85.88 2561
85.89 2561
85.90 2561
85.92 2561
85.93 2561
85.94 2561
85.95 2561
85.97 2561
85.98 2561
85.99 2561
86.00 2561
86.02 2561
86.03 2561
86.04 2561
86.05 2561
86.06 2562
86.08 2562
86.09 2562
86.10 2562
86.11 2562
86.13 2562
86.14 2562
86.15 2562
86.16 2562
86.18 2562
86.19 2563
86.20 2563
86.21 2563
86.22 2563
86.24 2564
86.25 2564
86.26 2564
86.27 2564
86.29 2565
86.30 2565
86.31 2566
86.32 2567
86.34 2567
86.35 2568
86.36 2568
86.37 2568
86.38 2570
86.40 2572
86.41 2573
86.42 2573
86.43 2573
86.45 2574
86.46 2574
86.47 2574
86.48 2574
86.50 2575
86.51 2576
86.52 2578
86.53 2579
86.54 2581
86.56 2582
86.57 2582
86.58 2582
86.59 2582
86.61 2583
86.62 2583
86.63 2583
86.64 2585
86.66 2586
86.67 2586
86.68 2586
86.69 2586
86.70 2587
86.72 2589
86.73 2591
86.74 2591
86.75 2591
86.77 2591
86.78 2591
86.79 2591
86.80 2591
86.82 2592
86.83 2592
86.84 2592
86.85 2592
86.86 2592
86.88 2592
86.89 2592
86.90 2592
86.91 2592
86.93 2592
86.94 2593
86.95 2593
86.96 2593
86.98 2593
86.99 2593
87.00 2593
87.01 2593
87.03 2593
87.04 2593
87.05 2593
87.06 2593
87.07 2593
87.09 2593
87.10 2593
87.11 2593
87.12 2593
87.14 2593
87.15 2594
87.16 2594
87.17 2594
87.19 2594
87.20 2594
87.21 2594
87.22 2594
87.23 2594
87.25 2594
87.26 2594
87.27 2594
87.28 2594
87.30 2594
87.31 2594
87.32 2594
87.33 2594
87.35 2594
87.36 2597
87.37 2597
87.38 2600
87.39 2601
87.41 2601
87.42 2601
87.43 2601
87.44 2601
87.46 2601
87.47 2601
87.48 2601
87.49 2604
87.51 2604
87.52 2604
87.53 2604
87.54 2604
87.55 2604
87.57 2604
87.58 2604
87.59 2604
87.60 2604
87.62 2604
87.63 2604
87.64 2604
87.65 2604
87.67 2604
87.68 2604
87.69 2605
87.70 2606
87.71 2607
87.73 2610
87.74 2612
87.75 2612
87.76 2613
87.78 2613
87.79 2613
87.80 2616
87.81 2618
87.83 2620
87.84 2621
87.85 2623
87.86 2623
87.87 2626
87.89 2626
87.90 2627
87.91 2629
87.92 2631
87.94 2632
87.95 2634
87.96 2634
87.97 2636
87.99 2638
88.00 2638
88.01 2640
88.02 2642
88.03 2642
88.05 2643
88.06 2645
88.07 2646
88.08 2646
88.10 2646
88.11 2648
88.12 2649
88.13 2650
88.15 2650
88.16 2651
88.17 2653
88.18 2655
88.20 2656
88.21 2656
88.22 2656
88.23 2657
88.24 2657
88.26 2659
88.27 2660
88.28 2662
88.29 2662
88.31 2663
88.32 2664
88.33 2664
88.34 2666
88.36 2668
88.37 2669
88.38 2669
88.39 2670
88.40 2672
88.42 2672
88.43 2672
88.44 2672
88.45 2673
88.47 2673
88.48 2675
88.49 2677
88.50 2679
88.52 2679
88.53 2680
88.54 2681
88.55 2683
88.56 2684
88.58 2685
88.59 2685
88.60 2687
88.61 2688
88.63 2688
88.64 2688
88.65 2689
88.66 2691
88.68 2691
88.69 2691
88.70 2693
88.71 2693
88.72 2693
88.74 2693
88.75 2693
88.76 2693
88.77 2693
88.79 2694
88.80 2695
88.81 2695
88.82 2695
88.84 2695
88.85 2695
88.86 2696
88.87 2696
88.88 2696
88.90 2697
88.91 2697
88.92 2697
88.93 2697
88.95 2697
88.96 2697
88.97 2697
88.98 2697
89.00 2697
89.01 2697
89.02 2697
89.03 2697
89.04 2697
89.06 2697
89.07 2697
89.08 2698
89.09 2698
89.11 2698
89.12 2698
89.13 2698
89.14 2698
89.16 2699
89.17 2699
89.18 2699
89.19 2699
89.21 2699
89.22 2699
89.23 2699
89.24 2700
89.25 2700
89.27 2700
89.28 2700
89.29 2700
89.30 2700
89.32 2700
89.33 2700
89.34 2700
89.35 2700
89.37 2700
89.38 2700
89.39 2700
89.40 2700
89.41 2700
89.43 2700
89.44 2700
89.45 2701
89.46 2701
89.48 2701
89.49 2701
89.50 2701
89.51 2701
89.53 2702
89.54 2702
89.55 2702
89.56 2702
89.57 2702
89.59 2702
89.60 2702
89.61 2703
89.62 2703
89.64 2703
89.65 2704
89.66 2704
89.67 2704
89.69 2704
89.70 2704
89.71 2704
89.72 2704
89.73 2704
89.75 2704
89.76 2704
89.77 2704
89.78 2705
89.80 2705
89.81 2705
89.82 2705
89.83 2705
89.85 2705
89.86 2705
89.87 2705
89.88 2705
89.89 2705
89.91 2705
89.92 2705
89.93 2705
89.94 2705
89.96 2705
89.97 2705
89.98 2705
89.99 2705
90.01 2705
90.02 2705
90.03 2705
90.04 2705
90.05 2705
90.07 2705
90.08 2705
90.09 2705
90.10 2705
90.12 2705
90.13 2706
90.14 2706
90.15 2706
90.17 2706
90.18 2706
90.19 2706
90.20 2706
90.21 2706
90.23 2706
90.24 2707
90.25 2707
90.26 2707
90.28 2707
90.29 2707
90.30 2707
90.31 2708
90.33 2708
90.34 2708
90.35 2708
90.36 2708
90.38 2708
90.39 2708
90.40 2708
90.41 2708
90.42 2708
90.44 2708
90.45 2708
90.46 2708
90.47 2708
90.49 2708
90.50 2708
90.51 2710
90.52 2711
90.54 2714
90.55 2714
90.56 2714
90.57 2714
90.58 2714
90.60 2715
90.61 2718
90.62 2720
90.63 2721
90.65 2724
90.66 2726
90.67 2728
90.68 2730
90.70 2731
90.71 2731
90.72 2731
90.73 2731
90.74 2731
90.76 2731
90.77 2731
90.78 2732
90.79 2734
90.81 2735
90.82 2735
90.83 2737
90.84 2738
90.86 2738
90.87 2738
90.88 2739
90.89 2739
90.90 2739
90.92 2739
90.93 2740
90.94 2740
90.95 2740
90.97 2740
90.98 2742
90.99 2745
91.00 2747
91.02 2749
91.03 2749
91.04 2749
91.05 2749
91.06 2750
91.08 2750
91.09 2751
91.10 2751
91.11 2751
91.13 2752
91.14 2752
91.15 2753
91.16 2755
91.18 2756
91.19 2757
91.20 2758
91.21 2759
91.22 2761
91.24 2763
91.25 2763
91.26 2763
91.27 2763
91.29 2763
91.30 2763
91.31 2763
91.32 2764
91.34 2764
91.35 2764
91.36 2764
91.37 2764
91.38 2764
91.40 2766
91.41 2767
91.42 2769
91.43 2770
91.45 2770
91.46 2771
91.47 2772
91.48 2774
91.50 2776
91.51 2777
91.52 2777
91.53 2777
91.55 2777
91.56 2778
91.57 2778
91.58 2778
91.59 2778
91.61 2779
91.62 2779
91.63 2781
91.64 2781
91.66 2782
91.67 2783
91.68 2784
91.69 2784
91.71 2785
91.72 2786
91.73 2787
91.74 2787
91.75 2789
91.77 2790
91.78 2791
91.79 2791
91.80 2791
91.82 2794
91.83 2795
91.84 2797
91.85 2798
91.87 2798
91.88 2798
91.89 2800
91.90 2802
91.91 2803
91.93 2803
91.94 2803
91.95 2803
91.96 2804
91.98 2804
91.99 2806
92.00 2806
92.01 2806
92.03 2807
92.04 2809
92.05 2810
92.06 2812
92.07 2813
92.09 2814
92.10 2814
92.11 2815
92.12 2815
92.14 2815
92.15 2815
92.16 2815
92.17 2815
92.19 2815
92.20 2816
92.21 2818
92.22 2820
92.23 2820
92.25 2820
92.26 2820
92.27 2821
92.28 2822
92.30 2824
92.31 2824
92.32 2824
92.33 2825
92.35 2825
92.36 2826
92.37 2826
92.38 2827
92.39 2827
92.41 2827
92.42 2827
92.43 2827
92.44 2828
92.46 2828
92.47 2828
92.48 2828
92.49 2828
92.51 2828
92.52 2828
92.53 2828
92.54 2828
92.55 2828
92.57 2828
92.58 2828
92.59 2830
92.60 2830
92.62 2830
92.63 2830
92.64 2830
92.65 2831
92.67 2831
92.68 2833
92.69 2833
92.70 2833
92.72 2834
92.73 2834
92.74 2834
92.75 2834
92.76 2834
92.78 2834
92.79 2834
92.80 2834
92.81 2834
92.83 2834
92.84 2835
92.85 2835
92.86 2836
92.88 2838
92.89 2839
92.90 2840
92.91 2840
92.92 2840
92.94 2841
92.95 2841
92.96 2841
92.97 2841
92.99 2842
93.00 2843
93.01 2844
93.02 2845
93.04 2847
93.05 2849
93.06 2850
93.07 2851
93.08 2851
93.10 2851
93.11 2851
93.12 2852
93.13 2852
93.15 2852
93.16 2852
93.17 2852
93.18 2852
93.20 2852
93.21 2852
93.22 2854
93.23 2854
93.24 2855
93.26 2855
93.27 2855
93.28 2855
93.29 2855
93.31 2855
93.32 2855
93.33 2856
93.34 2857
93.36 2857
93.37 2857
93.38 2857
93.39 2857
93.40 2858
93.42 2858
93.43 2858
93.44 2858
93.45 2858
93.47 2858
93.48 2859
93.49 2859
93.50 2859
93.52 2859
93.53 2859
93.54 2859
93.55 2859
93.56 2859
93.58 2859
93.59 2859
93.60 2859
93.61 2859
93.63 2859
93.64 2859
93.65 2859
93.66 2859
93.68 2859
93.69 2859
93.70 2861
93.71 2861
93.72 2861
93.74 2861
93.75 2861
93.76 2861
93.77 2861
93.79 2861
93.80 2862
93.81 2862
93.82 2862
93.84 2862
93.85 2862
93.86 2862
93.87 2862
93.89 2862
93.90 2862
93.91 2862
93.92 2862
93.93 2862
93.95 2862
93.96 2862
93.97 2863
93.98 2863
94.00 2863
94.01 2865
94.02 2869
94.03 2870
94.05 2872
94.06 2872
94.07 2873
94.08 2873
94.09 2873
94.11 2873
94.12 2873
94.13 2874
94.14 2875
94.16 2875
94.17 2875
94.18 2875
94.19 2875
94.21 2875
94.22 2875
94.23 2875
94.24 2875
94.25 2875
94.27 2876
94.28 2876
94.29 2876
94.30 2876
94.32 2876
94.33 2876
94.34 2876
94.35 2876
94.37 2876
94.38 2876
94.39 2876
94.40 2876
94.41 2876
94.43 2876
94.44 2876
94.45 2876
94.46 2876
94.48 2876
94.49 2876
94.50 2876
94.51 2876
94.53 2876
94.54 2877
94.55 2877
94.56 2877
94.57 2878
94.59 2878
94.60 2879
94.61 2879
94.62 2879
94.64 2879
94.65 2879
94.66 2879
94.67 2879
94.69 2879
94.70 2879
94.71 2879
94.72 2879
94.73 2879
94.75 2879
94.76 2879
94.77 2880
94.78 2882
94.80 2884
94.81 2885
94.82 2886
94.83 2886
94.85 2886
94.86 2886
94.87 2886
94.88 2886
94.90 2886
94.91 2886
94.92 2886
94.93 2886
94.94 2886
94.96 2886
94.97 2886
94.98 2886
94.99 2886
95.01 2887
95.02 2888
95.03 2888
95.04 2888
95.06 2888
95.07 2890
95.08 2891
95.09 2892
95.10 2894
95.12 2895
95.13 2896
95.14 2898
95.15 2899
95.17 2900
95.18 2900
95.19 2903
95.20 2903
95.22 2903
95.23 2903
95.24 2903
95.25 2903
95.26 2904
95.28 2905
95.29 2907
95.30 2908
95.31 2909
95.33 2910
95.34 2911
95.35 2911
95.36 2912
95.38 2914
95.39 2915
95.40 2916
95.41 2916
95.42 2918
95.44 2918
95.45 2920
95.46 2920
95.47 2920
95.49 2920
95.50 2921
95.51 2922
95.52 2924
95.54 2926
95.55 2926
95.56 2926
95.57 2926
95.58 2927
95.60 2929
95.61 2930
95.62 2931
95.63 2932
95.65 2933
95.66 2935
95.67 2935
95.68 2936
95.70 2938
95.71 2940
95.72 2940
95.73 2942
95.74 2943
95.76 2943
95.77 2945
95.78 2946
95.79 2948
95.81 2948
95.82 2948
95.83 2948
95.84 2948
95.86 2949
95.87 2950
95.88 2952
95.89 2952
95.90 2952
95.92 2952
95.93 2952
95.94 2952
95.95 2953
95.97 2955
95.98 2957
95.99 2957
96.00 2957
96.02 2959
96.03 2961
96.04 2961
96.05 2962
96.07 2964
96.08 2965
96.09 2966
96.10 2967
96.11 2967
96.13 2967
96.14 2967
96.15 2968
96.16 2970
96.18 2970
96.19 2970
96.20 2970
96.21 2971
96.23 2973
96.24 2975
96.25 2976
96.26 2977
96.27 2977
96.29 2978
96.30 2980
96.31 2981
96.32 2981
96.34 2983
96.35 2983
96.36 2984
96.37 2985
96.39 2987
96.40 2988
96.41 2991
96.42 2993
96.43 2994
96.45 2994
96.46 2995
96.47 2996
96.48 2996
96.50 2996
96.51 2996
96.52 2996
96.53 2997
96.55 2997
96.56 2997
96.57 2997
96.58 2997
96.59 2997
96.61 2997
96.62 2997
96.63 2997
96.64 2997
96.66 2997
96.67 2997
96.68 2997
96.69 2997
96.71 2997
96.72 2997
96.73 2997
96.74 2997
96.75 2997
96.77 2997
96.78 2999
96.79 2999
96.80 2999
96.82 2999
96.83 2999
96.84 2999
96.85 3000
96.87 3000
96.88 3000
96.89 3000
96.90 3000
96.91 3000
96.93 3000
96.94 3000
96.95 3000
96.96 3000
96.98 3000
96.99 3000
97.00 3000
97.01 3000
97.03 3000
97.04 3000
97.05 3000
97.06 3000
97.07 3000
97.09 3000
97.10 3000
97.11 3000
97.12 3001
97.14 3001
97.15 3002
97.16 3002
97.17 3002
97.19 3002
97.20 3002
97.21 3002
97.22 3002
97.24 3002
97.25 3002
97.26 3002
97.27 3002
97.28 3002
97.30 3002
97.31 3002
97.32 3002
97.33 3003
97.35 3003
97.36 3003
97.37 3003
97.38 3003
97.40 3003
97.41 3003
97.42 3003
97.43 3003
97.44 3003
97.46 3003
97.47 3003
97.48 3003
97.49 3003
97.51 3003
97.52 3003
97.53 3003
97.54 3003
97.56 3005
97.57 3006
97.58 3007
97.59 3009
97.60 3009
97.62 3009
97.63 3009
97.64 3010
97.65 3012
97.67 3013
97.68 3014
97.69 3014
97.70 3016
97.72 3016
97.73 3016
97.74 3016
97.75 3016
97.76 3017
97.78 3017
97.79 3017
97.80 3017
97.81 3017
97.83 3017
97.84 3018
97.85 3018
97.86 3018
97.88 3018
97.89 3018
97.90 3018
97.91 3018
97.92 3018
97.94 3019
97.95 3019
97.96 3019
97.97 3019
97.99 3020
98.00 3020
98.01 3020
98.02 3020
98.04 3020
98.05 3020
98.06 3020
98.07 3020
98.08 3020
98.10 3020
98.11 3020
98.12 3020
98.13 3020
98.15 3020
98.16 3020
98.17 3020
98.18 3020
98.20 3020
98.21 3020
98.22 3020
98.23 3020
98.24 3020
98.26 3020
98.27 3020
98.28 3020
98.29 3020
98.31 3020
98.32 3020
98.33 3020
98.34 3020
98.36 3020
98.37 3021
98.38 3021
98.39 3021
98.41 3021
98.42 3021
98.43 3021
98.44 3021
98.45 3021
98.47 3021
98.48 3021
98.49 3021
98.50 3022
98.52 3022
98.53 3022
98.54 3022
98.55 3022
98.57 3022
98.58 3022
98.59 3022
98.60 3022
98.61 3022
98.63 3022
98.64 3023
98.65 3023
98.66 3023
98.68 3023
98.69 3026
98.70 3026
98.71 3028
98.73 3028
98.74 3028
98.75 3028
98.76 3028
98.77 3028
98.79 3028
98.80 3028
98.81 3028
98.82 3028
98.84 3028
98.85 3028
98.86 3028
98.87 3030
98.89 3030
98.90 3030
98.91 3030
98.92 3030
98.93 3030
98.95 3031
98.96 3031
98.97 3031
98.98 3031
99.00 3031
99.01 3034
99.02 3038
99.03 3042
99.05 3045
99.06 3049
99.07 3051
99.08 3054
99.09 3057
99.11 3061
99.12 3063
99.13 3066
99.14 3069
99.16 3072
99.17 3075
99.18 3078
99.19 3080
99.21 3084
99.22 3089
99.23 3090
99.24 3091
99.25 3094
99.27 3097
99.28 3097
99.29 3097
99.30 3097
99.32 3098
99.33 3102
99.34 3105
99.35 3107
99.37 3109
99.38 3111
99.39 3113
99.40 3116
99.41 3118
99.43 3120
99.44 3122
99.45 3123
99.46 3125
99.48 3127
99.49 3129
99.50 3130
99.51 3132
99.53 3133
99.54 3135
99.55 3137
99.56 3138
99.58 3139
99.59 3141
99.60 3143
99.61 3144
99.62 3145
99.64 3147
99.65 3148
99.66 3150
99.67 3150
99.69 3153
99.70 3154
99.71 3155
99.72 3156
99.74 3158
99.75 3160
99.76 3162
99.77 3163
99.78 3164
99.80 3166
99.81 3166
99.82 3168
99.83 3171
99.85 3173
99.86 3175
99.87 3176
99.88 3177
99.90 3179
99.91 3182
99.92 3183
99.93 3185
99.94 3186
99.96 3187
99.97 3189
99.98 3190
99.99 3191
