0.00 0
0.01 4
0.02 8
0.04 12
0.05 15
0.06 18
0.07 21
0.09 25
0.10 29
0.11 32
0.12 35
0.14 36
0.15 39
0.16 43
0.17 45
0.18 47
0.20 48
0.21 49
0.22 53
0.23 56
0.25 59
0.26 63
0.27 66
0.28 69
0.30 70
0.31 71
0.32 72
0.33 73
0.34 75
0.36 76
0.37 78
0.38 78
0.39 79
0.41 79
0.42 80
0.43 81
0.44 82
0.46 82
0.47 84
0.48 84
0.49 84
0.50 84
0.52 84
0.53 85
0.54 85
0.55 85
0.57 85
0.58 85
0.59 85
0.60 85
0.62 85
0.63 85
0.64 86
0.65 86
0.67 86
0.68 86
0.69 86
0.70 86
0.71 86
0.73 86
0.74 86
0.75 86
0.76 86
0.78 86
0.79 86
0.80 86
0.81 86
0.83 88
0.84 91
0.85 92
0.86 92
0.87 92
0.89 92
0.90 95
0.91 96
0.92 96
0.94 98
0.95 101
0.96 103
0.97 106
0.99 108
1.00 110
1.01 112
1.02 115
1.03 118
1.05 120
1.06 122
1.07 125
1.08 128
1.10 130
1.11 133
1.12 135
1.13 136
1.15 136
1.16 138
1.17 142
1.18 144
1.19 147
1.21 147
1.22 147
1.23 147
1.24 147
1.26 147
1.27 147
1.28 149
1.29 152
1.31 155
1.32 159
1.33 162
1.34 164
1.35 165
1.37 165
1.38 166
1.39 167
1.40 169
1.42 172
1.43 174
1.44 175
1.45 176
1.47 176
1.48 176
1.49 176
1.50 176
1.51 176
1.53 177
1.54 177
1.55 177
1.56 177
1.58 177
1.59 177
1.60 177
1.61 177
1.63 177
1.64 180
1.65 180
1.66 180
1.67 180
1.69 181
1.70 181
1.71 181
1.72 181
1.74 181
1.75 181
1.76 181
1.77 181
1.79 181
1.80 181
1.81 181
1.82 181
1.84 181
1.85 181
1.86 181
1.87 181
1.88 181
1.90 181
1.91 181
1.92 181
1.93 181
1.95 181
1.96 181
1.97 181
1.98 181
2.00 181
2.01 181
2.02 181
2.03 181
2.04 181
2.06 181
2.07 181
2.08 182
2.09 182
2.11 182
2.12 182
2.13 182
2.14 182
2.16 182
2.17 182
2.18 182
2.19 182
2.20 182
2.22 182
2.23 182
2.24 182
2.25 182
2.27 182
2.28 182
2.29 182
2.30 182
2.32 182
2.33 182
2.34 182
2.35 182
2.36 182
2.38 182
2.39 182
2.40 182
2.41 182
2.43 184
2.44 185
2.45 185
2.46 185
2.48 185
2.49 185
2.50 185
2.51 185
2.52 185
2.54 185
2.55 185
2.56 185
2.57 185
2.59 185
2.60 185
2.61 185
2.62 185
2.64 185
2.65 185
2.66 185
2.67 185
2.68 185
2.70 185
2.71 186
2.72 186
2.73 186
2.75 186
2.76 186
2.77 186
2.78 186
2.80 186
2.81 186
2.82 186
2.83 186
2.85 186
2.86 186
2.87 186
2.88 186
2.89 186
2.91 186
2.92 186
2.93 186
2.94 186
2.96 186
2.97 186
2.98 186
2.99 186
3.01 186
3.02 186
3.03 186
3.04 186
3.05 186
3.07 186
3.08 186
3.09 186
3.10 186
3.12 186
3.13 186
3.14 186
3.15 186
3.17 186
3.18 186
3.19 186
3.20 186
3.21 188
3.23 190
3.24 190
3.25 190
3.26 190
3.28 190
3.29 190
3.30 190
3.31 190
3.33 190
3.34 190
3.35 190
3.36 190
3.37 190
3.39 190
3.40 190
3.41 190
3.42 190
3.44 190
3.45 190
3.46 190
3.47 190
3.49 190
3.50 190
3.51 190
3.52 190
3.53 190
3.55 190
3.56 190
3.57 190
3.58 190
3.60 190
3.61 190
3.62 190
3.63 190
3.65 190
3.66 190
3.67 190
3.68 190
3.69 190
3.71 190
3.72 190
3.73 190
3.74 190
3.76 190
3.77 190
3.78 190
3.79 190
3.81 190
3.82 190
3.83 190
3.84 190
3.85 190
3.87 190
3.88 190
3.89 190
3.90 190
3.92 190
3.93 190
3.94 190
3.95 190
3.97 190
3.98 190
3.99 190
4.00 190
4.02 193
4.03 193
4.04 193
4.05 193
4.06 193
4.08 193
4.09 193
4.10 193
4.11 193
4.13 193
4.14 193
4.15 193
4.16 193
4.18 193
4.19 193
4.20 193
4.21 193
4.22 193
4.24 193
4.25 193
4.26 193
4.27 193
4.29 193
4.30 193
4.31 193
4.32 193
4.34 193
4.35 193
4.36 193
4.37 193
4.38 193
4.40 193
4.41 193
4.42 193
4.43 193
4.45 193
4.46 193
4.47 193
4.48 193
4.50 193
4.51 193
4.52 193
4.53 193
4.54 193
4.56 193
4.57 193
4.58 193
4.59 193
4.61 193
4.62 193
4.63 193
4.64 193
4.66 193
4.67 193
4.68 193
4.69 193
4.70 193
4.72 193
4.73 193
4.74 193
4.75 193
4.77 193
4.78 193
4.79 193
4.80 194
4.82 197
4.83 197
4.84 197
4.85 197
4.86 197
4.88 197
4.89 197
4.90 197
4.91 197
4.93 197
4.94 197
4.95 197
4.96 197
4.98 197
4.99 197
5.00 197
5.01 197
5.02 197
5.04 197
5.05 197
5.06 197
5.07 197
5.09 197
5.10 197
5.11 197
5.12 197
5.14 197
5.15 197
5.16 197
5.17 197
5.19 197
5.20 197
5.21 197
5.22 197
5.23 197
5.25 197
5.26 197
5.27 197
5.28 197
5.30 197
5.31 197
5.32 197
5.33 197
5.35 197
5.36 197
5.37 197
5.38 197
5.39 197
5.41 197
5.42 197
5.43 197
5.44 197
5.46 197
5.47 197
5.48 197
5.49 197
5.51 197
5.52 197
5.53 197
5.54 197
5.55 197
5.57 197
5.58 197
5.59 197
5.60 199
5.62 200
5.63 200
5.64 200
5.65 200
5.67 200
5.68 200
5.69 200
5.70 200
5.71 200
5.73 200
5.74 200
5.75 200
5.76 200
5.78 200
5.79 200
5.80 200
5.81 200
5.83 200
5.84 200
5.85 200
5.86 200
5.87 200
5.89 200
5.90 200
5.91 200
5.92 200
5.94 200
5.95 200
5.96 200
5.97 200
5.99 200
6.00 200
6.01 200
6.02 200
6.03 200
6.05 200
6.06 200
6.07 200
6.08 200
6.10 200
6.11 200
6.12 200
6.13 200
6.15 200
6.16 200
6.17 200
6.18 200
6.19 200
6.21 200
6.22 200
6.23 200
6.24 200
6.26 200
6.27 200
6.28 200
6.29 200
6.31 200
6.32 200
6.33 200
6.34 200
6.36 200
6.37 200
6.38 200
6.39 200
6.40 201
6.42 201
6.43 201
6.44 201
6.45 201
6.47 201
6.48 201
6.49 201
6.50 201
6.52 201
6.53 201
6.54 201
6.55 201
6.56 201
6.58 201
6.59 201
6.60 201
6.61 201
6.63 201
6.64 201
6.65 201
6.66 201
6.68 201
6.69 201
6.70 202
6.71 202
6.72 202
6.74 202
6.75 202
6.76 202
6.77 202
6.79 202
6.80 202
6.81 202
6.82 202
6.84 202
6.85 202
6.86 202
6.87 202
6.88 202
6.90 202
6.91 202
6.92 202
6.93 202
6.95 202
6.96 202
6.97 202
6.98 202
7.00 202
7.01 202
7.02 202
7.03 202
7.04 202
7.06 202
7.07 202
7.08 202
7.09 202
7.11 202
7.12 202
7.13 202
7.14 202
7.16 202
7.17 202
7.18 202
7.19 203
7.20 204
7.22 204
7.23 204
7.24 204
7.25 204
7.27 204
7.28 204
7.29 204
7.30 204
7.32 204
7.33 204
7.34 204
7.35 204
7.36 204
7.38 204
7.39 204
7.40 204
7.41 204
7.43 204
7.44 204
7.45 204
7.46 204
7.48 204
7.49 204
7.50 204
7.51 204
7.53 204
7.54 204
7.55 204
7.56 204
7.57 204
7.59 204
7.60 204
7.61 204
7.62 204
7.64 204
7.65 204
7.66 204
7.67 204
7.69 204
7.70 204
7.71 204
7.72 204
7.73 204
7.75 204
7.76 204
7.77 204
7.78 204
7.80 204
7.81 204
7.82 204
7.83 204
7.85 204
7.86 204
7.87 204
7.88 204
7.89 204
7.91 204
7.92 204
7.93 204
7.94 204
7.96 204
7.97 204
7.98 205
7.99 206
8.01 206
8.02 206
8.03 206
8.04 206
8.05 206
8.07 206
8.08 206
8.09 206
8.10 206
8.12 206
8.13 206
8.14 206
8.15 206
8.17 206
8.18 206
8.19 206
8.20 206
8.21 206
8.23 206
8.24 206
8.25 206
8.26 206
8.28 206
8.29 206
8.30 206
8.31 206
8.33 206
8.34 206
8.35 206
8.36 206
8.37 206
8.39 206
8.40 206
8.41 206
8.42 206
8.44 206
8.45 206
8.46 206
8.47 206
8.49 206
8.50 206
8.51 206
8.52 206
8.54 206
8.55 206
8.56 206
8.57 206
8.58 206
8.60 206
8.61 206
8.62 206
8.63 206
8.65 206
8.66 206
8.67 206
8.68 206
8.70 206
8.71 206
8.72 206
8.73 206
8.74 206
8.76 206
8.77 206
8.78 207
8.79 207
8.81 207
8.82 207
8.83 207
8.84 207
8.86 207
8.87 207
8.88 207
8.89 207
8.90 207
8.92 207
8.93 207
8.94 207
8.95 207
8.97 207
8.98 207
8.99 207
9.00 207
9.02 207
9.03 207
9.04 207
9.05 207
9.06 207
9.08 207
9.09 207
9.10 207
9.11 207
9.13 207
9.14 207
9.15 207
9.16 207
9.18 207
9.19 207
9.20 207
9.21 207
9.22 207
9.24 207
9.25 207
9.26 207
9.27 207
9.29 207
9.30 207
9.31 207
9.32 207
9.34 207
9.35 207
9.36 207
9.37 207
9.38 207
9.40 207
9.41 207
9.42 207
9.43 207
9.45 207
9.46 207
9.47 207
9.48 207
9.50 207
9.51 207
9.52 207
9.53 207
9.54 207
9.56 207
9.57 208
9.58 209
9.59 209
9.61 209
9.62 209
9.63 209
9.64 209
9.66 209
9.67 209
9.68 209
9.69 209
9.71 209
9.72 209
9.73 209
9.74 209
9.75 209
9.77 209
9.78 209
9.79 209
9.80 209
9.82 209
9.83 209
9.84 209
9.85 209
9.87 209
9.88 209
9.89 209
9.90 209
9.91 209
9.93 209
9.94 209
9.95 209
9.96 209
9.98 209
9.99 209
10.00 209
10.01 209
10.03 209
10.04 209
10.05 209
10.06 209
10.07 209
10.09 209
10.10 209
10.11 209
10.12 209
10.14 209
10.15 209
10.16 209
10.17 209
10.19 209
10.20 209
10.21 209
10.22 209
10.23 209
10.25 209
10.26 209
10.27 209
10.28 209
10.30 209
10.31 209
10.32 209
10.33 209
10.35 209
10.36 209
10.37 211
10.38 212
10.39 212
10.41 212
10.42 212
10.43 212
10.44 212
10.46 212
10.47 212
10.48 212
10.49 212
10.51 212
10.52 212
10.53 212
10.54 212
10.55 212
10.57 212
10.58 212
10.59 212
10.60 212
10.62 212
10.63 212
10.64 212
10.65 212
10.67 212
10.68 212
10.69 212
10.70 212
10.71 212
10.73 212
10.74 212
10.75 212
10.76 212
10.78 212
10.79 212
10.80 212
10.81 212
10.83 212
10.84 212
10.85 212
10.86 212
10.88 212
10.89 212
10.90 212
10.91 212
10.92 212
10.94 212
10.95 212
10.96 212
10.97 212
10.99 212
11.00 212
11.01 212
11.02 212
11.04 212
11.05 212
11.06 212
11.07 212
11.08 212
11.10 212
11.11 212
11.12 212
11.13 212
11.15 212
11.16 212
11.17 212
11.18 213
11.20 213
11.21 213
11.22 213
11.23 213
11.24 213
11.26 213
11.27 213
11.28 213
11.29 213
11.31 213
11.32 213
11.33 213
11.34 213
11.36 213
11.37 213
11.38 213
11.39 213
11.40 213
11.42 213
11.43 213
11.44 213
11.45 213
11.47 213
11.48 213
11.49 213
11.50 213
11.52 213
11.53 213
11.54 213
11.55 213
11.56 213
11.58 213
11.59 213
11.60 213
11.61 213
11.63 213
11.64 213
11.65 213
11.66 213
11.68 213
11.69 213
11.70 213
11.71 213
11.72 213
11.74 213
11.75 213
11.76 213
11.77 213
11.79 213
11.80 213
11.81 213
11.82 213
11.84 213
11.85 213
11.86 213
11.87 213
11.88 213
11.90 213
11.91 213
11.92 213
11.93 213
11.95 213
11.96 213
11.97 215
11.98 217
12.00 217
12.01 217
12.02 217
12.03 217
12.05 217
12.06 217
12.07 217
12.08 217
12.09 217
12.11 217
12.12 217
12.13 217
12.14 217
12.16 217
12.17 217
12.18 217
12.19 217
12.21 217
12.22 217
12.23 217
12.24 217
12.25 217
12.27 217
12.28 217
12.29 217
12.30 217
12.32 217
12.33 217
12.34 217
12.35 217
12.37 217
12.38 217
12.39 217
12.40 217
12.41 217
12.43 217
12.44 217
12.45 217
12.46 217
12.48 217
12.49 217
12.50 217
12.51 217
12.53 217
12.54 217
12.55 217
12.56 217
12.57 217
12.59 217
12.60 217
12.61 217
12.62 217
12.64 217
12.65 217
12.66 217
12.67 217
12.69 217
12.70 217
12.71 217
12.72 217
12.73 217
12.75 217
12.76 217
12.77 218
12.78 218
12.80 218
12.81 219
12.82 219
12.83 219
12.85 219
12.86 219
12.87 219
12.88 219
12.89 219
12.91 219
12.92 219
12.93 219
12.94 219
12.96 219
12.97 219
12.98 219
12.99 219
13.01 219
13.02 219
13.03 219
13.04 219
13.05 219
13.07 219
13.08 219
13.09 219
13.10 219
13.12 219
13.13 219
13.14 219
13.15 219
13.17 219
13.18 219
13.19 219
13.20 219
13.22 219
13.23 219
13.24 219
13.25 219
13.26 219
13.28 219
13.29 219
13.30 219
13.31 219
13.33 219
13.34 219
13.35 219
13.36 219
13.38 219
13.39 219
13.40 219
13.41 219
13.42 219
13.44 219
13.45 219
13.46 219
13.47 219
13.49 219
13.50 219
13.51 219
13.52 219
13.54 219
13.55 219
13.56 219
13.57 219
13.58 219
13.60 219
13.61 220
13.62 220
13.63 220
13.65 220
13.66 220
13.67 220
13.68 220
13.70 220
13.71 220
13.72 220
13.73 220
13.74 220
13.76 220
13.77 220
13.78 220
13.79 220
13.81 220
13.82 220
13.83 220
13.84 220
13.86 220
13.87 220
13.88 220
13.89 220
13.90 220
13.92 220
13.93 220
13.94 220
13.95 220
13.97 220
13.98 220
13.99 220
14.00 220
14.02 220
14.03 220
14.04 220
14.05 220
14.06 220
14.08 220
14.09 220
14.10 220
14.11 220
14.13 220
14.14 220
14.15 220
14.16 220
14.18 220
14.19 220
14.20 220
14.21 220
14.23 220
14.24 220
14.25 220
14.26 220
14.27 220
14.29 220
14.30 220
14.31 220
14.32 220
14.34 220
14.35 220
14.36 220
14.37 220
14.39 220
14.40 222
14.41 223
14.42 223
14.43 223
14.45 223
14.46 223
14.47 223
14.48 223
14.50 223
14.51 223
14.52 223
14.53 223
14.55 223
14.56 223
14.57 223
14.58 223
14.59 223
14.61 223
14.62 223
14.63 223
14.64 223
14.66 223
14.67 223
14.68 223
14.69 223
14.71 223
14.72 223
14.73 223
14.74 223
14.75 223
14.77 223
14.78 223
14.79 223
14.80 223
14.82 223
14.83 223
14.84 223
14.85 223
14.87 223
14.88 223
14.89 223
14.90 223
14.91 223
14.93 223
14.94 223
14.95 223
14.96 223
14.98 223
14.99 223
15.00 223
15.01 223
15.03 223
15.04 223
15.05 223
15.06 223
15.07 223
15.09 223
15.10 223
15.11 223
15.12 223
15.14 223
15.15 223
15.16 223
15.17 223
15.19 223
15.20 224
15.21 224
15.22 224
15.23 224
15.25 224
15.26 224
15.27 224
15.28 224
15.30 224
15.31 224
15.32 224
15.33 224
15.35 224
15.36 224
15.37 224
15.38 224
15.40 224
15.41 224
15.42 224
15.43 224
15.44 224
15.46 224
15.47 224
15.48 224
15.49 224
15.51 224
15.52 224
15.53 224
15.54 224
15.56 224
15.57 224
15.58 224
15.59 224
15.60 224
15.62 224
15.63 224
15.64 224
15.65 224
15.67 224
15.68 224
15.69 224
15.70 224
15.72 224
15.73 224
15.74 224
15.75 224
15.76 224
15.78 224
15.79 224
15.80 224
15.81 224
15.83 224
15.84 224
15.85 224
15.86 224
15.88 224
15.89 224
15.90 224
15.91 224
15.92 224
15.94 224
15.95 224
15.96 224
15.97 224
15.99 225
16.00 227
16.01 227
16.02 227
16.04 227
16.05 227
16.06 227
16.07 227
16.08 227
16.10 227
16.11 227
16.12 227
16.13 227
16.15 227
16.16 227
16.17 227
16.18 227
16.20 227
16.21 227
16.22 227
16.23 227
16.24 227
16.26 227
16.27 227
16.28 227
16.29 227
16.31 227
16.32 227
16.33 227
16.34 227
16.36 227
16.37 227
16.38 227
16.39 227
16.40 227
16.42 227
16.43 227
16.44 227
16.45 227
16.47 227
16.48 227
16.49 227
16.50 227
16.52 227
16.53 227
16.54 227
16.55 227
16.57 227
16.58 227
16.59 227
16.60 227
16.61 227
16.63 227
16.64 227
16.65 227
16.66 227
16.68 227
16.69 227
16.70 227
16.71 227
16.73 227
16.74 227
16.75 227
16.76 227
16.77 227
16.79 228
16.80 229
16.81 229
16.82 229
16.84 229
16.85 229
16.86 229
16.87 229
16.89 229
16.90 229
16.91 229
16.92 229
16.93 229
16.95 229
16.96 229
16.97 229
16.98 229
17.00 229
17.01 229
17.02 229
17.03 229
17.05 229
17.06 229
17.07 229
17.08 229
17.09 229
17.11 229
17.12 229
17.13 229
17.14 229
17.16 229
17.17 229
17.18 229
17.19 229
17.21 229
17.22 229
17.23 229
17.24 229
17.25 229
17.27 229
17.28 229
17.29 229
17.30 229
17.32 229
17.33 229
17.34 229
17.35 229
17.37 229
17.38 229
17.39 229
17.40 229
17.41 229
17.43 229
17.44 229
17.45 229
17.46 229
17.48 229
17.49 229
17.50 229
17.51 229
17.53 229
17.54 229
17.55 229
17.56 229
17.57 229
17.59 230
17.60 230
17.61 230
17.62 230
17.64 230
17.65 230
17.66 230
17.67 230
17.69 230
17.70 230
17.71 230
17.72 230
17.74 230
17.75 230
17.76 230
17.77 230
17.78 230
17.80 230
17.81 230
17.82 230
17.83 230
17.85 230
17.86 230
17.87 230
17.88 230
17.90 230
17.91 230
17.92 230
17.93 230
17.94 230
17.96 230
17.97 230
17.98 230
17.99 230
18.01 230
18.02 230
18.03 230
18.04 230
18.06 230
18.07 230
18.08 230
18.09 230
18.10 230
18.12 230
18.13 230
18.14 230
18.15 230
18.17 230
18.18 230
18.19 230
18.20 230
18.22 230
18.23 230
18.24 230
18.25 230
18.26 230
18.28 230
18.29 230
18.30 230
18.31 230
18.33 230
18.34 230
18.35 230
18.36 230
18.38 231
18.39 234
18.40 234
18.41 234
18.42 234
18.44 234
18.45 234
18.46 234
18.47 234
18.49 234
18.50 234
18.51 234
18.52 234
18.54 234
18.55 234
18.56 234
18.57 234
18.58 234
18.60 234
18.61 234
18.62 234
18.63 234
18.65 234
18.66 234
18.67 234
18.68 234
18.70 234
18.71 234
18.72 234
18.73 234
18.74 234
18.76 234
18.77 234
18.78 234
18.79 234
18.81 234
18.82 234
18.83 234
18.84 234
18.86 234
18.87 234
18.88 234
18.89 234
18.91 234
18.92 234
18.93 234
18.94 234
18.95 234
18.97 234
18.98 234
18.99 234
19.00 234
19.02 234
19.03 234
19.04 234
19.05 234
19.07 234
19.08 234
19.09 234
19.10 234
19.11 234
19.13 234
19.14 234
19.15 234
19.16 234
19.18 234
19.19 234
19.20 234
19.21 234
19.23 234
19.24 234
19.25 234
19.26 234
19.27 234
19.29 234
19.30 234
19.31 234
19.32 234
19.34 234
19.35 234
19.36 234
19.37 234
19.39 234
19.40 234
19.41 234
19.42 234
19.43 234
19.45 234
19.46 234
19.47 234
19.48 234
19.50 234
19.51 234
19.52 234
19.53 234
19.55 234
19.56 234
19.57 234
19.58 234
19.59 234
19.61 234
19.62 234
19.63 234
19.64 234
19.66 234
19.67 234
19.68 234
19.69 234
19.71 234
19.72 234
19.73 234
19.74 234
19.75 234
19.77 234
19.78 234
19.79 234
19.80 234
19.82 234
19.83 234
19.84 234
19.85 234
19.87 234
19.88 234
19.89 234
19.90 234
19.92 234
19.93 234
19.94 234
19.95 234
19.96 234
19.98 236
19.99 238
20.00 238
20.01 238
20.03 238
20.04 238
20.05 238
20.06 238
20.08 238
20.09 238
20.10 238
20.11 238
20.12 238
20.14 238
20.15 238
20.16 238
20.17 238
20.19 238
20.20 238
20.21 238
20.22 238
20.24 238
20.25 238
20.26 238
20.27 238
20.28 238
20.30 238
20.31 238
20.32 238
20.33 238
20.35 238
20.36 238
20.37 238
20.38 238
20.40 238
20.41 238
20.42 238
20.43 238
20.44 238
20.46 238
20.47 238
20.48 238
20.49 238
20.51 238
20.52 238
20.53 238
20.54 238
20.56 238
20.57 238
20.58 238
20.59 238
20.60 238
20.62 238
20.63 238
20.64 238
20.65 238
20.67 238
20.68 238
20.69 238
20.70 238
20.72 238
20.73 238
20.74 238
20.75 238
20.76 238
20.78 238
20.79 238
20.80 238
20.81 238
20.83 238
20.84 238
20.85 238
20.86 238
20.88 238
20.89 238
20.90 238
20.91 238
20.92 238
20.94 238
20.95 238
20.96 238
20.97 238
20.99 238
21.00 238
21.01 238
21.02 238
21.04 238
21.05 238
21.06 238
21.07 238
21.09 238
21.10 238
21.11 238
21.12 238
21.13 238
21.15 238
21.16 238
21.17 238
21.18 238
21.20 238
21.21 238
21.22 238
21.23 238
21.25 238
21.26 238
21.27 238
21.28 238
21.29 238
21.31 238
21.32 238
21.33 238
21.34 238
21.36 238
21.37 238
21.38 238
21.39 238
21.41 238
21.42 238
21.43 238
21.44 238
21.45 238
21.47 238
21.48 238
21.49 238
21.50 238
21.52 238
21.53 238
21.54 238
21.55 238
21.57 238
21.58 241
21.59 241
21.60 241
21.61 241
21.63 241
21.64 241
21.65 241
21.66 241
21.68 241
21.69 241
21.70 241
21.71 241
21.73 241
21.74 241
21.75 241
21.76 241
21.77 241
21.79 241
21.80 241
21.81 241
21.82 241
21.84 241
21.85 241
21.86 241
21.87 241
21.89 241
21.90 241
21.91 241
21.92 241
21.93 241
21.95 241
21.96 241
21.97 241
21.98 241
22.00 241
22.01 241
22.02 241
22.03 241
22.05 241
22.06 241
22.07 241
22.08 241
22.09 241
22.11 241
22.12 241
22.13 241
22.14 241
22.16 241
22.17 241
22.18 241
22.19 241
22.21 241
22.22 241
22.23 241
22.24 241
22.26 241
22.27 241
22.28 241
22.29 241
22.30 241
22.32 241
22.33 241
22.34 241
22.35 241
22.37 243
22.38 244
22.39 244
22.40 244
22.42 244
22.43 244
22.44 244
22.45 244
22.46 244
22.48 244
22.49 244
22.50 244
22.51 244
22.53 244
22.54 244
22.55 244
22.56 244
22.58 244
22.59 244
22.60 244
22.61 244
22.62 244
22.64 244
22.65 244
22.66 244
22.67 244
22.69 244
22.70 244
22.71 244
22.72 244
22.74 244
22.75 244
22.76 244
22.77 244
22.78 244
22.80 244
22.81 244
22.82 244
22.83 244
22.85 244
22.86 244
22.87 244
22.88 244
22.90 244
22.91 244
22.92 244
22.93 244
22.94 244
22.96 244
22.97 244
22.98 244
22.99 244
23.01 244
23.02 244
23.03 244
23.04 244
23.06 244
23.07 244
23.08 244
23.09 244
23.10 244
23.12 244
23.13 244
23.14 244
23.15 245
23.17 245
23.18 245
23.19 245
23.20 245
23.22 245
23.23 245
23.24 245
23.25 245
23.26 245
23.28 245
23.29 245
23.30 245
23.31 245
23.33 245
23.34 245
23.35 245
23.36 245
23.38 245
23.39 245
23.40 245
23.41 245
23.43 245
23.44 245
23.45 245
23.46 245
23.47 245
23.49 245
23.50 245
23.51 245
23.52 245
23.54 245
23.55 245
23.56 245
23.57 245
23.59 245
23.60 245
23.61 245
23.62 245
23.63 245
23.65 245
23.66 245
23.67 245
23.68 245
23.70 245
23.71 245
23.72 245
23.73 245
23.75 245
23.76 245
23.77 245
23.78 245
23.79 245
23.81 245
23.82 245
23.83 245
23.84 245
23.86 245
23.87 245
23.88 245
23.89 245
23.91 245
23.92 245
23.93 245
23.94 245
23.95 246
23.97 249
23.98 249
23.99 249
24.00 249
24.02 249
24.03 249
24.04 249
24.05 249
24.07 249
24.08 249
24.09 249
24.10 249
24.11 249
24.13 249
24.14 249
24.15 249
24.16 249
24.18 249
24.19 249
24.20 249
24.21 249
24.23 249
24.24 249
24.25 249
24.26 249
24.27 249
24.29 249
24.30 249
24.31 249
24.32 249
24.34 249
24.35 249
24.36 249
24.37 249
24.39 249
24.40 249
24.41 249
24.42 249
24.44 249
24.45 249
24.46 249
24.47 249
24.48 249
24.50 249
24.51 249
24.52 249
24.53 249
24.55 249
24.56 249
24.57 249
24.58 249
24.60 249
24.61 249
24.62 249
24.63 249
24.64 249
24.66 249
24.67 249
24.68 249
24.69 249
24.71 249
24.72 249
24.73 249
24.74 249
24.76 249
24.77 249
24.78 250
24.79 250
24.80 250
24.82 250
24.83 250
24.84 250
24.85 250
24.87 250
24.88 250
24.89 250
24.90 250
24.92 250
24.93 250
24.94 250
24.95 250
24.96 250
24.98 250
24.99 250
25.00 250
25.01 250
25.03 250
25.04 250
25.05 250
25.06 250
25.08 250
25.09 250
25.10 250
25.11 250
25.12 250
25.14 250
25.15 250
25.16 250
25.17 250
25.19 250
25.20 250
25.21 250
25.22 250
25.24 250
25.25 250
25.26 250
25.27 250
25.28 250
25.30 250
25.31 250
25.32 250
25.33 250
25.35 250
25.36 250
25.37 250
25.38 250
25.40 250
25.41 250
25.42 250
25.43 250
25.44 250
25.46 250
25.47 250
25.48 250
25.49 250
25.51 250
25.52 250
25.53 250
25.54 250
25.56 250
25.57 251
25.58 252
25.59 252
25.61 252
25.62 252
25.63 252
25.64 252
25.65 252
25.67 252
25.68 252
25.69 252
25.70 252
25.72 252
25.73 252
25.74 252
25.75 252
25.77 252
25.78 252
25.79 252
25.80 252
25.81 252
25.83 252
25.84 252
25.85 252
25.86 252
25.88 252
25.89 252
25.90 252
25.91 252
25.93 252
25.94 252
25.95 252
25.96 252
25.97 252
25.99 252
26.00 252
26.01 252
26.02 252
26.04 252
26.05 252
26.06 252
26.07 252
26.09 252
26.10 252
26.11 252
26.12 252
26.13 252
26.15 252
26.16 252
26.17 252
26.18 252
26.20 252
26.21 252
26.22 252
26.23 252
26.25 252
26.26 252
26.27 252
26.28 252
26.29 252
26.31 252
26.32 252
26.33 252
26.34 252
26.36 252
26.37 253
26.38 253
26.39 253
26.41 253
26.42 253
26.43 253
26.44 253
26.45 253
26.47 253
26.48 253
26.49 253
26.50 253
26.52 253
26.53 253
26.54 253
26.55 253
26.57 253
26.58 253
26.59 253
26.60 253
26.61 253
26.63 253
26.64 253
26.65 253
26.66 253
26.68 253
26.69 253
26.70 253
26.71 253
26.73 253
26.74 253
26.75 253
26.76 253
26.78 253
26.79 253
26.80 253
26.81 253
26.82 253
26.84 253
26.85 253
26.86 253
26.87 253
26.89 253
26.90 253
26.91 253
26.92 253
26.94 253
26.95 253
26.96 253
26.97 253
26.98 253
27.00 253
27.01 253
27.02 253
27.03 253
27.05 253
27.06 253
27.07 253
27.08 253
27.10 253
27.11 253
27.12 253
27.13 253
27.14 253
27.16 253
27.17 255
27.18 255
27.19 255
27.21 255
27.22 255
27.23 255
27.24 255
27.26 255
27.27 255
27.28 255
27.29 255
27.30 255
27.32 255
27.33 255
27.34 255
27.35 255
27.37 255
27.38 255
27.39 255
27.40 255
27.42 255
27.43 255
27.44 255
27.45 255
27.46 255
27.48 255
27.49 255
27.50 255
27.51 255
27.53 255
27.54 255
27.55 255
27.56 255
27.58 255
27.59 255
27.60 255
27.61 255
27.62 255
27.64 255
27.65 255
27.66 255
27.67 255
27.69 255
27.70 255
27.71 255
27.72 255
27.74 255
27.75 255
27.76 255
27.77 255
27.78 255
27.80 255
27.81 255
27.82 255
27.83 255
27.85 255
27.86 255
27.87 255
27.88 255
27.90 255
27.91 255
27.92 255
27.93 255
27.95 255
27.96 255
27.97 255
27.98 255
27.99 255
28.01 255
28.02 255
28.03 255
28.04 255
28.06 255
28.07 255
28.08 255
28.09 255
28.11 255
28.12 255
28.13 255
28.14 255
28.15 255
28.17 255
28.18 255
28.19 255
28.20 255
28.22 255
28.23 255
28.24 255
28.25 255
28.27 255
28.28 255
28.29 255
28.30 255
28.31 255
28.33 255
28.34 255
28.35 255
28.36 255
28.38 255
28.39 255
28.40 255
28.41 255
28.43 255
28.44 255
28.45 255
28.46 255
28.47 255
28.49 255
28.50 255
28.51 255
28.52 255
28.54 255
28.55 255
28.56 255
28.57 255
28.59 255
28.60 255
28.61 255
28.62 255
28.63 255
28.65 255
28.66 255
28.67 255
28.68 255
28.70 255
28.71 255
28.72 255
28.73 255
28.75 255
28.76 255
28.77 258
28.78 259
28.79 259
28.81 259
28.82 259
28.83 259
28.84 259
28.86 259
28.87 259
28.88 259
28.89 259
28.91 259
28.92 259
28.93 259
28.94 259
28.95 259
28.97 259
28.98 259
28.99 259
29.00 259
29.02 259
29.03 259
29.04 259
29.05 259
29.07 259
29.08 259
29.09 259
29.10 259
29.12 259
29.13 259
29.14 259
29.15 259
29.16 259
29.18 259
29.19 259
29.20 259
29.21 259
29.23 259
29.24 259
29.25 259
29.26 259
29.28 259
29.29 259
29.30 259
29.31 259
29.32 259
29.34 259
29.35 259
29.36 259
29.37 259
29.39 259
29.40 259
29.41 259
29.42 259
29.44 259
29.45 259
29.46 259
29.47 259
29.48 259
29.50 259
29.51 259
29.52 259
29.53 259
29.55 259
29.56 260
29.57 261
29.58 261
29.60 261
29.61 261
29.62 261
29.63 261
29.64 261
29.66 261
29.67 261
29.68 261
29.69 261
29.71 261
29.72 261
29.73 261
29.74 261
29.76 261
29.77 261
29.78 261
29.79 261
29.80 261
29.82 261
29.83 261
29.84 261
29.85 261
29.87 261
29.88 261
29.89 261
29.90 261
29.92 261
29.93 261
29.94 261
29.95 261
29.96 261
29.98 261
29.99 261
30.00 261
30.01 261
30.03 261
30.04 261
30.05 261
30.06 261
30.08 261
30.09 261
30.10 261
30.11 261
30.13 261
30.14 261
30.15 261
30.16 261
30.17 261
30.19 261
30.20 261
30.21 261
30.22 261
30.24 261
30.25 261
30.26 261
30.27 261
30.29 261
30.30 261
30.31 261
30.32 261
30.33 261
30.35 263
30.36 264
30.37 264
30.38 264
30.40 264
30.41 264
30.42 264
30.43 264
30.45 264
30.46 264
30.47 264
30.48 264
30.49 264
30.51 264
30.52 264
30.53 264
30.54 264
30.56 264
30.57 264
30.58 264
30.59 264
30.61 264
30.62 264
30.63 264
30.64 264
30.65 264
30.67 264
30.68 264
30.69 264
30.70 264
30.72 264
30.73 264
30.74 264
30.75 264
30.77 264
30.78 264
30.79 264
30.80 264
30.81 264
30.83 264
30.84 264
30.85 264
30.86 264
30.88 264
30.89 264
30.90 264
30.91 264
30.93 264
30.94 264
30.95 264
30.96 264
30.97 264
30.99 264
31.00 264
31.01 264
31.02 264
31.04 264
31.05 264
31.06 264
31.07 264
31.09 264
31.10 264
31.11 264
31.12 264
31.13 264
31.15 264
31.16 265
31.17 265
31.18 265
31.20 265
31.21 265
31.22 265
31.23 265
31.25 265
31.26 265
31.27 265
31.28 265
31.30 265
31.31 265
31.32 265
31.33 265
31.34 265
31.36 265
31.37 265
31.38 265
31.39 265
31.41 265
31.42 265
31.43 265
31.44 265
31.46 265
31.47 265
31.48 265
31.49 265
31.50 265
31.52 265
31.53 265
31.54 265
31.55 265
31.57 265
31.58 265
31.59 265
31.60 265
31.62 265
31.63 265
31.64 265
31.65 265
31.66 265
31.68 265
31.69 265
31.70 265
31.71 265
31.73 265
31.74 265
31.75 265
31.76 265
31.78 265
31.79 265
31.80 265
31.81 265
31.82 265
31.84 265
31.85 265
31.86 265
31.87 265
31.89 265
31.90 265
31.91 265
31.92 265
31.94 265
31.95 266
31.96 266
31.97 266
31.98 266
32.00 266
32.01 266
32.02 266
32.03 266
32.05 266
32.06 266
32.07 266
32.08 266
32.10 266
32.11 266
32.12 266
32.13 266
32.14 266
32.16 266
32.17 266
32.18 266
32.19 266
32.21 266
32.22 266
32.23 266
32.24 266
32.26 266
32.27 266
32.28 266
32.29 266
32.30 266
32.32 266
32.33 266
32.34 266
32.35 266
32.37 266
32.38 266
32.39 266
32.40 266
32.42 266
32.43 266
32.44 266
32.45 266
32.47 266
32.48 266
32.49 266
32.50 266
32.51 266
32.53 266
32.54 266
32.55 266
32.56 266
32.58 266
32.59 266
32.60 266
32.61 266
32.63 266
32.64 266
32.65 266
32.66 266
32.67 266
32.69 266
32.70 266
32.71 266
32.72 266
32.74 270
32.75 273
32.76 274
32.77 274
32.79 274
32.80 274
32.81 274
32.82 274
32.83 274
32.85 277
32.86 278
32.87 278
32.88 278
32.90 278
32.91 278
32.92 278
32.93 280
32.95 282
32.96 283
32.97 283
32.98 283
32.99 283
33.01 283
33.02 283
33.03 284
33.04 284
33.06 284
33.07 284
33.08 284
33.09 284
33.11 285
33.12 287
33.13 291
33.14 293
33.15 293
33.17 293
33.18 293
33.19 293
33.20 293
33.22 293
33.23 295
33.24 295
33.25 295
33.27 296
33.28 298
33.29 302
33.30 303
33.31 307
33.33 310
33.34 312
33.35 312
33.36 312
33.38 312
33.39 312
33.40 312
33.41 312
33.43 312
33.44 312
33.45 312
33.46 312
33.47 312
33.49 312
33.50 314
33.51 315
33.52 315
33.54 315
33.55 315
33.56 315
33.57 315
33.59 315
33.60 315
33.61 315
33.62 315
33.64 315
33.65 315
33.66 315
33.67 317
33.68 318
33.70 318
33.71 318
33.72 318
33.73 318
33.75 318
33.76 318
33.77 318
33.78 318
33.80 318
33.81 318
33.82 318
33.83 318
33.84 320
33.86 323
33.87 325
33.88 327
33.89 327
33.91 327
33.92 327
33.93 327
33.94 327
33.96 327
33.97 327
33.98 327
33.99 327
34.00 327
34.02 327
34.03 327
34.04 327
34.05 327
34.07 327
34.08 327
34.09 327
34.10 327
34.12 327
34.13 327
34.14 327
34.15 327
34.16 327
34.18 327
34.19 327
34.20 327
34.21 327
34.23 331
34.24 334
34.25 336
34.26 340
34.28 340
34.29 340
34.30 340
34.31 340
34.32 340
34.34 340
34.35 340
34.36 340
34.37 340
34.39 340
34.40 342
34.41 342
34.42 342
34.44 342
34.45 342
34.46 342
34.47 342
34.48 342
34.50 342
34.51 342
34.52 342
34.53 342
34.55 342
34.56 342
34.57 342
34.58 342
34.60 342
34.61 345
34.62 348
34.63 350
34.64 352
34.66 352
34.67 352
34.68 352
34.69 352
34.71 352
34.72 352
34.73 352
34.74 352
34.76 352
34.77 352
34.78 352
34.79 352
34.81 352
34.82 353
34.83 353
34.84 353
34.85 353
34.87 353
34.88 353
34.89 353
34.90 353
34.92 353
34.93 353
34.94 353
34.95 353
34.97 357
34.98 359
34.99 361
35.00 364
35.01 364
35.03 364
35.04 364
35.05 364
35.06 364
35.08 364
35.09 364
35.10 364
35.11 364
35.13 364
35.14 364
35.15 364
35.16 364
35.17 364
35.19 364
35.20 364
35.21 364
35.22 364
35.24 364
35.25 364
35.26 364
35.27 364
35.29 364
35.30 364
35.31 364
35.32 364
35.33 364
35.35 366
35.36 368
35.37 371
35.38 372
35.40 372
35.41 372
35.42 372
35.43 372
35.45 372
35.46 372
35.47 372
35.48 372
35.49 372
35.51 372
35.52 372
35.53 372
35.54 372
35.56 372
35.57 372
35.58 372
35.59 372
35.61 372
35.62 372
35.63 372
35.64 372
35.65 372
35.67 372
35.68 372
35.69 372
35.70 372
35.72 372
35.73 375
35.74 378
35.75 381
35.77 381
35.78 381
35.79 381
35.80 381
35.82 381
35.83 381
35.84 381
35.85 381
35.86 381
35.88 381
35.89 383
35.90 383
35.91 384
35.93 384
35.94 384
35.95 384
35.96 384
35.98 384
35.99 384
36.00 384
36.01 384
36.02 384
36.04 384
36.05 384
36.06 384
36.07 384
36.09 385
36.10 387
36.11 390
36.12 392
36.14 392
36.15 392
36.16 392
36.17 392
36.18 392
36.20 392
36.21 392
36.22 392
36.23 392
36.25 392
36.26 393
36.27 393
36.28 393
36.30 393
36.31 393
36.32 393
36.33 393
36.34 393
36.36 393
36.37 393
36.38 393
36.39 393
36.41 393
36.42 393
36.43 393
36.44 393
36.46 394
36.47 397
36.48 400
36.49 402
36.50 404
36.52 406
36.53 406
36.54 406
36.55 406
36.57 406
36.58 406
36.59 406
36.60 406
36.62 406
36.63 406
36.64 406
36.65 406
36.66 406
36.68 406
36.69 406
36.70 406
36.71 406
36.73 406
36.74 406
36.75 406
36.76 406
36.78 406
36.79 406
36.80 406
36.81 406
36.82 406
36.84 406
36.85 407
36.86 409
36.87 411
36.89 413
36.90 413
36.91 413
36.92 413
36.94 413
36.95 413
36.96 413
36.97 413
36.99 413
37.00 413
37.01 413
37.02 414
37.03 414
37.05 414
37.06 414
37.07 414
37.08 414
37.10 414
37.11 414
37.12 414
37.13 414
37.15 414
37.16 414
37.17 414
37.18 414
37.19 414
37.21 414
37.22 414
37.23 416
37.24 417
37.26 420
37.27 422
37.28 422
37.29 422
37.31 422
37.32 422
37.33 422
37.34 422
37.35 422
37.37 422
37.38 422
37.39 422
37.40 423
37.42 423
37.43 423
37.44 423
37.45 423
37.47 423
37.48 423
37.49 423
37.50 423
37.51 423
37.53 423
37.54 423
37.55 423
37.56 423
37.58 423
37.59 423
37.60 423
37.61 424
37.63 426
37.64 429
37.65 430
37.66 433
37.67 434
37.69 436
37.70 437
37.71 437
37.72 437
37.74 437
37.75 437
37.76 437
37.77 437
37.79 437
37.80 437
37.81 437
37.82 437
37.83 437
37.85 437
37.86 437
37.87 437
37.88 437
37.90 437
37.91 437
37.92 437
37.93 437
37.95 437
37.96 437
37.97 437
37.98 437
37.99 437
38.01 437
38.02 437
38.03 439
38.04 441
38.06 443
38.07 447
38.08 449
38.09 449
38.11 449
38.12 449
38.13 449
38.14 449
38.16 449
38.17 449
38.18 449
38.19 449
38.20 449
38.22 449
38.23 449
38.24 449
38.25 449
38.27 449
38.28 449
38.29 449
38.30 449
38.32 449
38.33 449
38.34 449
38.35 449
38.36 449
38.38 449
38.39 449
38.40 449
38.41 449
38.43 451
38.44 454
38.45 457
38.46 457
38.48 457
38.49 457
38.50 457
38.51 457
38.52 457
38.54 457
38.55 457
38.56 457
38.57 457
38.59 457
38.60 457
38.61 457
38.62 457
38.64 457
38.65 457
38.66 457
38.67 457
38.68 457
38.70 457
38.71 457
38.72 457
38.73 457
38.75 457
38.76 457
38.77 457
38.78 457
38.80 457
38.81 457
38.82 461
38.83 462
38.84 462
38.86 462
38.87 462
38.88 462
38.89 462
38.91 462
38.92 462
38.93 462
38.94 462
38.96 462
38.97 462
38.98 462
38.99 463
39.00 463
39.02 463
39.03 463
39.04 463
39.05 463
39.07 463
39.08 463
39.09 463
39.10 463
39.12 463
39.13 463
39.14 463
39.15 463
39.16 464
39.18 467
39.19 469
39.20 471
39.21 471
39.23 471
39.24 471
39.25 471
39.26 471
39.28 471
39.29 471
39.30 471
39.31 471
39.33 471
39.34 471
39.35 471
39.36 471
39.37 471
39.39 471
39.40 471
39.41 471
39.42 471
39.44 471
39.45 471
39.46 471
39.47 471
39.49 471
39.50 471
39.51 471
39.52 471
39.53 471
39.55 474
39.56 474
39.57 476
39.58 478
39.60 479
39.61 479
39.62 479
39.63 479
39.65 479
39.66 479
39.67 479
39.68 479
39.69 479
39.71 479
39.72 479
39.73 479
39.74 479
39.76 479
39.77 479
39.78 479
39.79 479
39.81 479
39.82 479
39.83 479
39.84 479
39.85 479
39.87 479
39.88 479
39.89 479
39.90 479
39.92 479
39.93 479
39.94 480
39.95 482
39.97 485
39.98 485
39.99 485
40.00 485
40.01 485
40.03 486
40.04 489
40.05 491
40.06 492
40.08 492
40.09 492
40.10 492
40.11 492
40.13 492
40.14 492
40.15 492
40.16 492
40.17 494
40.19 494
40.20 494
40.21 494
40.22 494
40.24 494
40.25 494
40.26 494
40.27 494
40.29 494
40.30 494
40.31 494
40.32 495
40.33 497
40.35 499
40.36 501
40.37 503
40.38 504
40.40 504
40.41 504
40.42 504
40.43 505
40.45 505
40.46 505
40.47 505
40.48 505
40.50 505
40.51 505
40.52 505
40.53 505
40.54 505
40.56 505
40.57 505
40.58 505
40.59 505
40.61 505
40.62 505
40.63 505
40.64 505
40.66 505
40.67 505
40.68 505
40.69 505
40.70 505
40.72 505
40.73 506
40.74 508
40.75 511
40.77 512
40.78 513
40.79 513
40.80 513
40.82 513
40.83 513
40.84 514
40.85 514
40.86 514
40.88 514
40.89 514
40.90 514
40.91 514
40.93 514
40.94 514
40.95 514
40.96 514
40.98 515
40.99 515
41.00 515
41.01 515
41.02 515
41.04 515
41.05 515
41.06 515
41.07 515
41.09 515
41.10 515
41.11 515
41.12 515
41.14 517
41.15 518
41.16 521
41.17 522
41.18 522
41.20 522
41.21 522
41.22 522
41.23 522
41.25 522
41.26 522
41.27 522
41.28 522
41.30 522
41.31 522
41.32 522
41.33 522
41.34 522
41.36 522
41.37 522
41.38 522
41.39 522
41.41 522
41.42 522
41.43 522
41.44 522
41.46 522
41.47 522
41.48 522
41.49 522
41.51 522
41.52 523
41.53 523
41.54 523
41.55 525
41.57 525
41.58 525
41.59 525
41.60 525
41.62 525
41.63 525
41.64 525
41.65 525
41.67 525
41.68 525
41.69 525
41.70 525
41.71 525
41.73 525
41.74 525
41.75 525
41.76 525
41.78 525
41.79 525
41.80 525
41.81 525
41.83 525
41.84 525
41.85 525
41.86 525
41.87 525
41.89 525
41.90 528
41.91 528
41.92 530
41.94 531
41.95 531
41.96 531
41.97 531
41.99 531
42.00 531
42.01 531
42.02 531
42.03 531
42.05 531
42.06 531
42.07 531
42.08 531
42.10 531
42.11 531
42.12 531
42.13 531
42.15 531
42.16 531
42.17 531
42.18 531
42.19 531
42.21 531
42.22 531
42.23 531
42.24 531
42.26 531
42.27 531
42.28 533
42.29 536
42.31 538
42.32 538
42.33 538
42.34 538
42.35 538
42.37 538
42.38 538
42.39 538
42.40 538
42.42 538
42.43 538
42.44 538
42.45 538
42.47 540
42.48 540
42.49 540
42.50 540
42.51 540
42.53 540
42.54 540
42.55 540
42.56 540
42.58 540
42.59 540
42.60 540
42.61 540
42.63 540
42.64 540
42.65 541
42.66 541
42.68 542
42.69 543
42.70 543
42.71 543
42.72 543
42.74 544
42.75 547
42.76 550
42.77 551
42.79 554
42.80 556
42.81 558
42.82 561
42.84 562
42.85 565
42.86 568
42.87 569
42.88 571
42.90 574
42.91 576
42.92 579
42.93 581
42.95 584
42.96 586
42.97 588
42.98 590
43.00 590
43.01 590
43.02 590
43.03 590
43.04 590
43.06 590
43.07 591
43.08 591
43.09 592
43.11 592
43.12 592
43.13 592
43.14 592
43.16 592
43.17 592
43.18 592
43.19 592
43.20 592
43.22 592
43.23 592
43.24 593
43.25 596
43.27 598
43.28 598
43.29 598
43.30 598
43.32 598
43.33 601
43.34 603
43.35 606
43.36 608
43.38 611
43.39 614
43.40 615
43.41 615
43.43 615
43.44 615
43.45 615
43.46 615
43.48 615
43.49 615
43.50 615
43.51 616
43.52 616
43.54 616
43.55 616
43.56 616
43.57 616
43.59 616
43.60 616
43.61 616
43.62 616
43.64 616
43.65 616
43.66 616
43.67 616
43.68 616
43.70 617
43.71 619
43.72 621
43.73 621
43.75 621
43.76 621
43.77 621
43.78 623
43.80 625
43.81 625
43.82 625
43.83 625
43.85 625
43.86 625
43.87 625
43.88 625
43.89 625
43.91 625
43.92 626
43.93 626
43.94 626
43.96 628
43.97 629
43.98 629
43.99 629
44.01 629
44.02 629
44.03 629
44.04 629
44.05 629
44.07 629
44.08 629
44.09 629
44.10 631
44.12 634
44.13 637
44.14 637
44.15 637
44.17 637
44.18 637
44.19 640
44.20 642
44.21 643
44.23 643
44.24 643
44.25 643
44.26 643
44.28 643
44.29 643
44.30 646
44.31 648
44.33 650
44.34 652
44.35 654
44.36 657
44.37 659
44.39 662
44.40 663
44.41 665
44.42 668
44.44 670
44.45 672
44.46 673
44.47 675
44.49 677
44.50 680
44.51 682
44.52 682
44.53 683
44.55 684
44.56 687
44.57 689
44.58 691
44.60 694
44.61 695
44.62 696
44.63 699
44.65 701
44.66 703
44.67 706
44.68 707
44.69 710
44.71 712
44.72 714
44.73 716
44.74 718
44.76 720
44.77 722
44.78 723
44.79 723
44.81 723
44.82 723
44.83 726
44.84 728
44.85 730
44.87 732
44.88 734
44.89 735
44.90 736
44.92 737
44.93 739
44.94 741
44.95 743
44.97 744
44.98 745
44.99 746
45.00 748
45.02 750
45.03 751
45.04 753
45.05 756
45.06 758
45.08 760
45.09 761
45.10 763
45.11 766
45.13 767
45.14 768
45.15 770
45.16 770
45.18 770
45.19 771
45.20 772
45.21 772
45.22 772
45.24 772
45.25 773
45.26 773
45.27 774
45.29 776
45.30 776
45.31 778
45.32 780
45.34 782
45.35 784
45.36 784
45.37 785
45.38 786
45.40 788
45.41 789
45.42 790
45.43 791
45.45 791
45.46 793
45.47 793
45.48 796
45.50 797
45.51 798
45.52 799
45.53 801
45.54 801
45.56 804
45.57 805
45.58 805
45.59 808
45.61 808
45.62 809
45.63 812
45.64 813
45.66 815
45.67 817
45.68 817
45.69 819
45.70 820
45.72 823
45.73 825
45.74 827
45.75 829
45.77 831
45.78 832
45.79 834
45.80 836
45.82 837
45.83 840
45.84 841
45.85 842
45.86 842
45.88 846
45.89 848
45.90 848
45.91 849
45.93 851
45.94 851
45.95 853
45.96 855
45.98 858
45.99 858
46.00 861
46.01 861
46.03 865
46.04 867
46.05 868
46.06 871
46.07 873
46.09 875
46.10 876
46.11 876
46.12 876
46.14 877
46.15 880
46.16 881
46.17 882
46.19 884
46.20 886
46.21 888
46.22 891
46.23 892
46.25 892
46.26 892
46.27 895
46.28 897
46.30 899
46.31 902
46.32 903
46.33 906
46.35 908
46.36 910
46.37 913
46.38 915
46.39 918
46.41 920
46.42 921
46.43 924
46.44 926
46.46 928
46.47 930
46.48 932
46.49 933
46.51 936
46.52 938
46.53 940
46.54 942
46.55 944
46.57 945
46.58 946
46.59 949
46.60 950
46.62 953
46.63 954
46.64 955
46.65 955
46.67 957
46.68 959
46.69 961
46.70 962
46.71 964
46.73 965
46.74 968
46.75 970
46.76 972
46.78 973
46.79 975
46.80 976
46.81 979
46.83 980
46.84 982
46.85 983
46.86 985
46.87 987
46.89 988
46.90 988
46.91 988
46.92 988
46.94 991
46.95 993
46.96 993
46.97 995
46.99 997
47.00 1000
47.01 1002
47.02 1003
47.03 1004
47.05 1005
47.06 1007
47.07 1009
47.08 1009
47.10 1009
47.11 1010
47.12 1010
47.13 1011
47.15 1012
47.16 1013
47.17 1013
47.18 1013
47.20 1014
47.21 1016
47.22 1018
47.23 1019
47.24 1020
47.26 1020
47.27 1020
47.28 1021
47.29 1021
47.31 1021
47.32 1023
47.33 1025
47.34 1025
47.36 1026
47.37 1026
47.38 1027
47.39 1028
47.40 1029
47.42 1031
47.43 1032
47.44 1033
47.45 1033
47.47 1033
47.48 1033
47.49 1033
47.50 1034
47.52 1035
47.53 1037
47.54 1037
47.55 1038
47.56 1038
47.58 1038
47.59 1038
47.60 1038
47.61 1039
47.63 1039
47.64 1040
47.65 1040
47.66 1040
47.68 1040
47.69 1040
47.70 1040
47.71 1040
47.72 1040
47.74 1041
47.75 1041
47.76 1041
47.77 1042
47.79 1042
47.80 1044
47.81 1045
47.82 1046
47.84 1047
47.85 1048
47.86 1050
47.87 1052
47.88 1053
47.90 1055
47.91 1056
47.92 1057
47.93 1058
47.95 1058
47.96 1058
47.97 1060
47.98 1062
48.00 1064
48.01 1066
48.02 1069
48.03 1072
48.04 1075
48.06 1075
48.07 1078
48.08 1080
48.09 1081
48.11 1083
48.12 1085
48.13 1088
48.14 1088
48.16 1091
48.17 1093
48.18 1096
48.19 1096
48.20 1096
48.22 1096
48.23 1097
48.24 1098
48.25 1100
48.27 1100
48.28 1102
48.29 1104
48.30 1106
48.32 1106
48.33 1108
48.34 1110
48.35 1111
48.37 1113
48.38 1115
48.39 1116
48.40 1118
48.41 1120
48.43 1121
48.44 1122
48.45 1122
48.46 1123
48.48 1124
48.49 1126
48.50 1127
48.51 1128
48.53 1130
48.54 1130
48.55 1131
48.56 1132
48.57 1134
48.59 1137
48.60 1137
48.61 1137
48.62 1140
48.64 1140
48.65 1141
48.66 1142
48.67 1142
48.69 1142
48.70 1143
48.71 1143
48.72 1143
48.73 1144
48.75 1146
48.76 1146
48.77 1146
48.78 1148
48.80 1150
48.81 1151
48.82 1153
48.83 1154
48.85 1155
48.86 1155
48.87 1157
48.88 1158
48.89 1161
48.91 1162
48.92 1162
48.93 1162
48.94 1163
48.96 1163
48.97 1163
48.98 1164
48.99 1164
49.01 1164
49.02 1164
49.03 1165
49.04 1165
49.05 1166
49.07 1166
49.08 1166
49.09 1166
49.10 1167
49.12 1167
49.13 1167
49.14 1167
49.15 1167
49.17 1168
49.18 1168
49.19 1168
49.20 1168
49.21 1169
49.23 1169
49.24 1170
49.25 1170
49.26 1171
49.28 1171
49.29 1171
49.30 1171
49.31 1173
49.33 1177
49.34 1178
49.35 1178
49.36 1178
49.37 1178
49.39 1180
49.40 1183
49.41 1184
49.42 1186
49.44 1186
49.45 1186
49.46 1186
49.47 1186
49.49 1186
49.50 1186
49.51 1186
49.52 1188
49.54 1189
49.55 1190
49.56 1190
49.57 1190
49.58 1190
49.60 1190
49.61 1190
49.62 1190
49.63 1192
49.65 1194
49.66 1196
49.67 1198
49.68 1198
49.70 1198
49.71 1198
49.72 1198
49.73 1198
49.74 1198
49.76 1199
49.77 1202
49.78 1203
49.79 1205
49.81 1206
49.82 1207
49.83 1207
49.84 1207
49.86 1208
49.87 1208
49.88 1210
49.89 1210
49.90 1211
49.92 1211
49.93 1214
49.94 1216
49.95 1216
49.97 1216
49.98 1217
49.99 1218
50.00 1219
50.02 1222
50.03 1222
50.04 1224
50.05 1224
50.06 1226
50.08 1228
50.09 1228
50.10 1229
50.11 1229
50.13 1229
50.14 1229
50.15 1230
50.16 1231
50.18 1231
50.19 1231
50.20 1232
50.21 1234
50.22 1234
50.24 1236
50.25 1238
50.26 1238
50.27 1239
50.29 1239
50.30 1239
50.31 1239
50.32 1239
50.34 1240
50.35 1241
50.36 1243
50.37 1243
50.38 1244
50.40 1245
50.41 1246
50.42 1247
50.43 1247
50.45 1247
50.46 1247
50.47 1248
50.48 1248
50.50 1249
50.51 1250
50.52 1252
50.53 1252
50.54 1252
50.56 1254
50.57 1256
50.58 1256
50.59 1258
50.61 1259
50.62 1261
50.63 1261
50.64 1262
50.66 1262
50.67 1264
50.68 1265
50.69 1265
50.71 1266
50.72 1267
50.73 1268
50.74 1269
50.75 1269
50.77 1271
50.78 1272
50.79 1272
50.80 1273
50.82 1273
50.83 1274
50.84 1274
50.85 1275
50.87 1275
50.88 1275
50.89 1277
50.90 1278
50.91 1278
50.93 1280
50.94 1282
50.95 1283
50.96 1284
50.98 1285
50.99 1285
51.00 1287
51.01 1289
51.03 1290
51.04 1291
51.05 1291
51.06 1291
51.07 1292
51.09 1292
51.10 1293
51.11 1294
51.12 1296
51.14 1297
51.15 1298
51.16 1298
51.17 1298
51.19 1299
51.20 1300
51.21 1300
51.22 1301
51.23 1304
51.25 1306
51.26 1308
51.27 1309
51.28 1310
51.30 1312
51.31 1314
51.32 1315
51.33 1315
51.35 1315
51.36 1317
51.37 1319
51.38 1319
51.39 1323
51.41 1324
51.42 1326
51.43 1327
51.44 1330
51.46 1331
51.47 1332
51.48 1334
51.49 1335
51.51 1337
51.52 1337
51.53 1338
51.54 1340
51.55 1343
51.57 1344
51.58 1345
51.59 1348
51.60 1351
51.62 1352
51.63 1353
51.64 1355
51.65 1355
51.67 1355
51.68 1355
51.69 1355
51.70 1355
51.72 1356
51.73 1358
51.74 1360
51.75 1360
51.76 1362
51.78 1362
51.79 1365
51.80 1366
51.81 1368
51.83 1370
51.84 1371
51.85 1372
51.86 1375
51.88 1377
51.89 1379
51.90 1379
51.91 1381
51.92 1383
51.94 1383
51.95 1384
51.96 1387
51.97 1388
51.99 1388
52.00 1390
52.01 1392
52.02 1393
52.04 1395
52.05 1396
52.06 1398
52.07 1398
52.08 1400
52.10 1402
52.11 1403
52.12 1404
52.13 1406
52.15 1408
52.16 1409
52.17 1411
52.18 1412
52.20 1413
52.21 1416
52.22 1416
52.23 1416
52.24 1417
52.26 1418
52.27 1420
52.28 1421
52.29 1424
52.31 1424
52.32 1427
52.33 1428
52.34 1429
52.36 1430
52.37 1430
52.38 1430
52.39 1431
52.40 1434
52.42 1434
52.43 1435
52.44 1436
52.45 1437
52.47 1440
52.48 1442
52.49 1443
52.50 1445
52.52 1448
52.53 1448
52.54 1450
52.55 1451
52.56 1451
52.58 1452
52.59 1454
52.60 1457
52.61 1459
52.63 1461
52.64 1463
52.65 1465
52.66 1467
52.68 1469
52.69 1472
52.70 1474
52.71 1476
52.72 1478
52.74 1480
52.75 1483
52.76 1484
52.77 1486
52.79 1488
52.80 1490
52.81 1492
52.82 1493
52.84 1495
52.85 1497
52.86 1498
52.87 1499
52.89 1502
52.90 1503
52.91 1504
52.92 1505
52.93 1506
52.95 1508
52.96 1509
52.97 1510
52.98 1511
53.00 1512
53.01 1514
53.02 1514
53.03 1516
53.05 1517
53.06 1518
53.07 1518
53.08 1519
53.09 1519
53.11 1520
53.12 1521
53.13 1521
53.14 1521
53.16 1522
53.17 1522
53.18 1524
53.19 1525
53.21 1526
53.22 1530
53.23 1532
53.24 1534
53.25 1535
53.27 1537
53.28 1538
53.29 1539
53.30 1540
53.32 1541
53.33 1542
53.34 1544
53.35 1545
53.37 1545
53.38 1545
53.39 1545
53.40 1546
53.41 1546
53.43 1547
53.44 1547
53.45 1550
53.46 1551
53.48 1552
53.49 1553
53.50 1555
53.51 1556
53.53 1556
53.54 1556
53.55 1556
53.56 1556
53.57 1556
53.59 1560
53.60 1560
53.61 1560
53.62 1560
53.64 1563
53.65 1564
53.66 1566
53.67 1568
53.69 1569
53.70 1569
53.71 1569
53.72 1569
53.73 1570
53.75 1570
53.76 1572
53.77 1573
53.78 1573
53.80 1574
53.81 1577
53.82 1577
53.83 1578
53.85 1578
53.86 1579
53.87 1579
53.88 1579
53.89 1579
53.91 1580
53.92 1580
53.93 1581
53.94 1583
53.96 1584
53.97 1584
53.98 1584
53.99 1584
54.01 1584
54.02 1584
54.03 1584
54.04 1584
54.06 1585
54.07 1585
54.08 1585
54.09 1585
54.10 1585
54.12 1586
54.13 1586
54.14 1586
54.15 1587
54.17 1588
54.18 1588
54.19 1588
54.20 1588
54.22 1588
54.23 1588
54.24 1589
54.25 1589
54.26 1589
54.28 1589
54.29 1589
54.30 1589
54.31 1590
54.33 1590
54.34 1590
54.35 1591
54.36 1591
54.38 1591
54.39 1591
54.40 1593
54.41 1594
54.42 1594
54.44 1594
54.45 1594
54.46 1598
54.47 1600
54.49 1602
54.50 1602
54.51 1602
54.52 1602
54.54 1604
54.55 1607
54.56 1607
54.57 1607
54.58 1607
54.60 1607
54.61 1607
54.62 1607
54.63 1607
54.65 1609
54.66 1609
54.67 1609
54.68 1610
54.70 1610
54.71 1610
54.72 1610
54.73 1610
54.74 1610
54.76 1610
54.77 1611
54.78 1611
54.79 1612
54.81 1612
54.82 1612
54.83 1612
54.84 1612
54.86 1614
54.87 1614
54.88 1615
54.89 1615
54.90 1615
54.92 1615
54.93 1617
54.94 1618
54.95 1620
54.97 1620
54.98 1621
54.99 1621
55.00 1621
55.02 1624
55.03 1626
55.04 1628
55.05 1630
55.06 1631
55.08 1633
55.09 1634
55.10 1635
55.11 1637
55.13 1638
55.14 1640
55.15 1642
55.16 1645
55.18 1647
55.19 1650
55.20 1652
55.21 1653
55.23 1655
55.24 1657
55.25 1660
55.26 1661
55.27 1664
55.29 1666
55.30 1668
55.31 1670
55.32 1673
55.34 1674
55.35 1676
55.36 1677
55.37 1679
55.39 1682
55.40 1683
55.41 1684
55.42 1685
55.43 1687
55.45 1689
55.46 1690
55.47 1691
55.48 1695
55.50 1698
55.51 1699
55.52 1702
55.53 1704
55.55 1707
55.56 1709
55.57 1712
55.58 1714
55.59 1716
55.61 1719
55.62 1722
55.63 1723
55.64 1724
55.66 1726
55.67 1729
55.68 1730
55.69 1732
55.71 1733
55.72 1734
55.73 1735
55.74 1737
55.75 1738
55.77 1740
55.78 1741
55.79 1743
55.80 1745
55.82 1747
55.83 1750
55.84 1752
55.85 1753
55.87 1754
55.88 1756
55.89 1756
55.90 1757
55.91 1757
55.93 1758
55.94 1760
55.95 1760
55.96 1760
55.98 1761
55.99 1762
56.00 1763
56.01 1764
56.03 1765
56.04 1766
56.05 1767
56.06 1767
56.07 1767
56.09 1770
56.10 1770
56.11 1770
56.12 1770
56.14 1770
56.15 1771
56.16 1772
56.17 1772
56.19 1772
56.20 1773
56.21 1773
56.22 1773
56.23 1773
56.25 1773
56.26 1774
56.27 1774
56.28 1775
56.30 1775
56.31 1775
56.32 1775
56.33 1775
56.35 1776
56.36 1776
56.37 1776
56.38 1776
56.40 1776
56.41 1776
56.42 1777
56.43 1777
56.44 1777
56.46 1777
56.47 1777
56.48 1777
56.49 1778
56.51 1779
56.52 1779
56.53 1779
56.54 1779
56.56 1779
56.57 1779
56.58 1780
56.59 1783
56.60 1785
56.62 1786
56.63 1786
56.64 1786
56.65 1786
56.67 1787
56.68 1787
56.69 1787
56.70 1788
56.72 1788
56.73 1788
56.74 1789
56.75 1790
56.76 1790
56.78 1790
56.79 1791
56.80 1792
56.81 1792
56.83 1793
56.84 1793
56.85 1793
56.86 1793
56.88 1793
56.89 1793
56.90 1793
56.91 1793
56.92 1796
56.94 1798
56.95 1799
56.96 1799
56.97 1799
56.99 1799
57.00 1801
57.01 1803
57.02 1805
57.04 1805
57.05 1805
57.06 1805
57.07 1805
57.08 1805
57.10 1805
57.11 1806
57.12 1806
57.13 1807
57.15 1807
57.16 1810
57.17 1811
57.18 1813
57.20 1813
57.21 1814
57.22 1815
57.23 1816
57.24 1816
57.26 1817
57.27 1817
57.28 1817
57.29 1820
57.31 1822
57.32 1823
57.33 1823
57.34 1823
57.36 1824
57.37 1824
57.38 1824
57.39 1826
57.41 1828
57.42 1830
57.43 1830
57.44 1830
57.45 1831
57.47 1833
57.48 1836
57.49 1836
57.50 1837
57.52 1837
57.53 1838
57.54 1838
57.55 1840
57.57 1842
57.58 1844
57.59 1845
57.60 1846
57.61 1847
57.63 1848
57.64 1850
57.65 1851
57.66 1851
57.68 1852
57.69 1852
57.70 1852
57.71 1852
57.73 1854
57.74 1855
57.75 1856
57.76 1859
57.77 1859
57.79 1862
57.80 1864
57.81 1865
57.82 1865
57.84 1866
57.85 1868
57.86 1869
57.87 1869
57.89 1869
57.90 1870
57.91 1872
57.92 1872
57.93 1872
57.95 1873
57.96 1875
57.97 1877
57.98 1877
58.00 1878
58.01 1879
58.02 1881
58.03 1881
58.05 1883
58.06 1884
58.07 1885
58.08 1886
58.09 1887
58.11 1889
58.12 1890
58.13 1892
58.14 1893
58.16 1894
58.17 1894
58.18 1894
58.19 1895
58.21 1895
58.22 1896
58.23 1898
58.24 1899
58.25 1900
58.27 1902
58.28 1902
58.29 1903
58.30 1905
58.32 1907
58.33 1908
58.34 1909
58.35 1910
58.37 1911
58.38 1912
58.39 1913
58.40 1914
58.41 1915
58.43 1915
58.44 1915
58.45 1916
58.46 1918
58.48 1919
58.49 1920
58.50 1921
58.51 1922
58.53 1922
58.54 1923
58.55 1923
58.56 1923
58.58 1924
58.59 1926
58.60 1927
58.61 1927
58.62 1928
58.64 1930
58.65 1932
58.66 1935
58.67 1935
58.69 1936
58.70 1936
58.71 1937
58.72 1938
58.74 1938
58.75 1939
58.76 1941
58.77 1942
58.78 1943
58.80 1946
58.81 1948
58.82 1949
58.83 1951
58.85 1954
58.86 1956
58.87 1958
58.88 1959
58.90 1961
58.91 1964
58.92 1966
58.93 1968
58.94 1970
58.96 1973
58.97 1974
58.98 1978
58.99 1980
59.01 1982
59.02 1984
59.03 1987
59.04 1990
59.06 1991
59.07 1994
59.08 1997
59.09 1999
59.10 2001
59.12 2003
59.13 2006
59.14 2007
59.15 2008
59.17 2010
59.18 2012
59.19 2014
59.20 2015
59.22 2017
59.23 2018
59.24 2018
59.25 2018
59.26 2019
59.28 2019
59.29 2020
59.30 2020
59.31 2021
59.33 2021
59.34 2021
59.35 2021
59.36 2022
59.38 2022
59.39 2022
59.40 2022
59.41 2023
59.42 2025
59.44 2027
59.45 2028
59.46 2029
59.47 2031
59.49 2031
59.50 2032
59.51 2032
59.52 2032
59.54 2033
59.55 2034
59.56 2036
59.57 2036
59.58 2038
59.60 2040
59.61 2042
59.62 2042
59.63 2044
59.65 2045
59.66 2048
59.67 2049
59.68 2050
59.70 2051
59.71 2052
59.72 2052
59.73 2053
59.75 2053
59.76 2053
59.77 2054
59.78 2054
59.79 2054
59.81 2055
59.82 2055
59.83 2055
59.84 2055
59.86 2055
59.87 2055
59.88 2056
59.89 2057
59.91 2057
59.92 2057
59.93 2057
59.94 2058
59.95 2058
59.97 2059
59.98 2059
59.99 2059
60.00 2059
60.02 2059
60.03 2059
60.04 2060
60.05 2060
60.07 2060
60.08 2061
60.09 2062
60.10 2063
60.11 2065
60.13 2066
60.14 2066
60.15 2066
60.16 2067
60.18 2067
60.19 2067
60.20 2067
60.21 2068
60.23 2068
60.24 2068
60.25 2068
60.26 2068
60.27 2068
60.29 2068
60.30 2068
60.31 2069
60.32 2069
60.34 2070
60.35 2071
60.36 2071
60.37 2071
60.39 2071
60.40 2071
60.41 2071
60.42 2072
60.43 2072
60.45 2072
60.46 2072
60.47 2072
60.48 2072
60.50 2073
60.51 2075
60.52 2075
60.53 2075
60.55 2075
60.56 2076
60.57 2076
60.58 2076
60.59 2076
60.61 2076
60.62 2076
60.63 2076
60.64 2076
60.66 2076
60.67 2076
60.68 2076
60.69 2077
60.71 2077
60.72 2077
60.73 2078
60.74 2078
60.75 2078
60.77 2078
60.78 2079
60.79 2079
60.80 2079
60.82 2079
60.83 2079
60.84 2079
60.85 2079
60.87 2080
60.88 2080
60.89 2080
60.90 2081
60.92 2081
60.93 2081
60.94 2082
60.95 2082
60.96 2082
60.98 2082
60.99 2082
61.00 2082
61.01 2082
61.03 2082
61.04 2082
61.05 2082
61.06 2085
61.08 2085
61.09 2086
61.10 2088
61.11 2089
61.12 2090
61.14 2092
61.15 2094
61.16 2095
61.17 2095
61.19 2096
61.20 2099
61.21 2099
61.22 2101
61.24 2101
61.25 2103
61.26 2105
61.27 2108
61.28 2109
61.30 2111
61.31 2112
61.32 2112
61.33 2112
61.35 2112
61.36 2112
61.37 2113
61.38 2113
61.40 2113
61.41 2113
61.42 2113
61.43 2113
61.44 2114
61.46 2114
61.47 2114
61.48 2115
61.49 2115
61.51 2115
61.52 2115
61.53 2116
61.54 2116
61.56 2116
61.57 2116
61.58 2116
61.59 2116
61.60 2116
61.62 2116
61.63 2116
61.64 2116
61.65 2117
61.67 2118
61.68 2118
61.69 2122
61.70 2124
61.72 2124
61.73 2126
61.74 2128
61.75 2130
61.76 2132
61.78 2133
61.79 2134
61.80 2136
61.81 2138
61.83 2141
61.84 2141
61.85 2142
61.86 2142
61.88 2144
61.89 2145
61.90 2147
61.91 2149
61.92 2152
61.94 2154
61.95 2157
61.96 2158
61.97 2160
61.99 2161
62.00 2162
62.01 2164
62.02 2166
62.04 2168
62.05 2170
62.06 2171
62.07 2173
62.09 2174
62.10 2175
62.11 2177
62.12 2177
62.13 2179
62.15 2179
62.16 2181
62.17 2184
62.18 2185
62.20 2186
62.21 2188
62.22 2189
62.23 2190
62.25 2190
62.26 2191
62.27 2191
62.28 2192
62.29 2194
62.31 2195
62.32 2195
62.33 2196
62.34 2197
62.36 2198
62.37 2199
62.38 2199
62.39 2199
62.41 2200
62.42 2200
62.43 2201
62.44 2201
62.45 2201
62.47 2202
62.48 2202
62.49 2202
62.50 2202
62.52 2202
62.53 2202
62.54 2202
62.55 2202
62.57 2202
62.58 2202
62.59 2202
62.60 2202
62.61 2202
62.63 2204
62.64 2204
62.65 2204
62.66 2204
62.68 2204
62.69 2204
62.70 2205
62.71 2205
62.73 2205
62.74 2205
62.75 2205
62.76 2205
62.77 2206
62.79 2206
62.80 2206
62.81 2206
62.82 2206
62.84 2208
62.85 2209
62.86 2209
62.87 2209
62.89 2209
62.90 2209
62.91 2211
62.92 2211
62.93 2211
62.95 2214
62.96 2216
62.97 2218
62.98 2219
63.00 2220
63.01 2224
63.02 2226
63.03 2227
63.05 2228
63.06 2228
63.07 2228
63.08 2228
63.10 2228
63.11 2228
63.12 2228
63.13 2228
63.14 2231
63.16 2232
63.17 2234
63.18 2236
63.19 2236
63.21 2236
63.22 2236
63.23 2238
63.24 2241
63.26 2242
63.27 2243
63.28 2245
63.29 2247
63.30 2249
63.32 2250
63.33 2252
63.34 2253
63.35 2253
63.37 2253
63.38 2253
63.39 2253
63.40 2253
63.42 2253
63.43 2254
63.44 2255
63.45 2256
63.46 2256
63.48 2256
63.49 2256
63.50 2256
63.51 2256
63.53 2258
63.54 2259
63.55 2260
63.56 2261
63.58 2261
63.59 2262
63.60 2263
63.61 2265
63.62 2267
63.64 2268
63.65 2271
63.66 2272
63.67 2275
63.69 2277
63.70 2279
63.71 2281
63.72 2283
63.74 2286
63.75 2288
63.76 2290
63.77 2292
63.78 2294
63.80 2296
63.81 2298
63.82 2299
63.83 2302
63.85 2304
63.86 2305
63.87 2307
63.88 2309
63.90 2310
63.91 2311
63.92 2313
63.93 2315
63.94 2316
63.96 2317
63.97 2318
63.98 2319
63.99 2322
64.01 2323
64.02 2323
64.03 2325
64.04 2327
64.06 2329
64.07 2329
64.08 2331
64.09 2332
64.10 2334
64.12 2336
64.13 2337
64.14 2339
64.15 2339
64.17 2339
64.18 2340
64.19 2340
64.20 2343
64.22 2344
64.23 2345
64.24 2346
64.25 2346
64.27 2346
64.28 2346
64.29 2349
64.30 2350
64.31 2351
64.33 2352
64.34 2352
64.35 2354
64.36 2356
64.38 2357
64.39 2358
64.40 2359
64.41 2361
64.43 2361
64.44 2362
64.45 2363
64.46 2363
64.47 2364
64.49 2365
64.50 2367
64.51 2370
64.52 2371
64.54 2372
64.55 2372
64.56 2372
64.57 2374
64.59 2377
64.60 2377
64.61 2381
64.62 2382
64.63 2382
64.65 2383
64.66 2383
64.67 2383
64.68 2383
64.70 2384
64.71 2384
64.72 2384
64.73 2384
64.75 2385
64.76 2385
64.77 2385
64.78 2385
64.79 2385
64.81 2387
64.82 2389
64.83 2390
64.84 2392
64.86 2393
64.87 2393
64.88 2393
64.89 2393
64.91 2393
64.92 2393
64.93 2394
64.94 2394
64.95 2394
64.97 2394
64.98 2394
64.99 2394
65.00 2394
65.02 2395
65.03 2395
65.04 2395
65.05 2395
65.07 2395
65.08 2395
65.09 2395
65.10 2396
65.11 2396
65.13 2396
65.14 2397
65.15 2397
65.16 2398
65.18 2398
65.19 2398
65.20 2398
65.21 2398
65.23 2399
65.24 2399
65.25 2399
65.26 2400
65.27 2402
65.29 2403
65.30 2403
65.31 2404
65.32 2404
65.34 2405
65.35 2405
65.36 2405
65.37 2405
65.39 2405
65.40 2405
65.41 2405
65.42 2405
65.44 2405
65.45 2405
65.46 2406
65.47 2406
65.48 2406
65.50 2406
65.51 2408
65.52 2409
65.53 2410
65.55 2410
65.56 2410
65.57 2410
65.58 2411
65.60 2413
65.61 2414
65.62 2414
65.63 2414
65.64 2414
65.66 2414
65.67 2414
65.68 2414
65.69 2414
65.71 2414
65.72 2416
65.73 2419
65.74 2422
65.76 2424
65.77 2425
65.78 2425
65.79 2425
65.80 2425
65.82 2425
65.83 2425
65.84 2425
65.85 2425
65.87 2425
65.88 2425
65.89 2428
65.90 2430
65.92 2432
65.93 2434
65.94 2434
65.95 2434
65.96 2434
65.98 2436
65.99 2437
66.00 2440
66.01 2441
66.03 2442
66.04 2443
66.05 2445
66.06 2445
66.08 2449
66.09 2450
66.10 2453
66.11 2455
66.12 2457
66.14 2457
66.15 2458
66.16 2459
66.17 2461
66.19 2463
66.20 2463
66.21 2464
66.22 2466
66.24 2468
66.25 2469
66.26 2471
66.27 2471
66.28 2473
66.30 2475
66.31 2476
66.32 2477
66.33 2478
66.35 2479
66.36 2481
66.37 2481
66.38 2483
66.40 2484
66.41 2484
66.42 2485
66.43 2487
66.44 2489
66.46 2489
66.47 2490
66.48 2491
66.49 2491
66.51 2491
66.52 2493
66.53 2494
66.54 2497
66.56 2499
66.57 2499
66.58 2501
66.59 2501
66.61 2503
66.62 2505
66.63 2507
66.64 2507
66.65 2508
66.67 2509
66.68 2511
66.69 2512
66.70 2512
66.72 2512
66.73 2512
66.74 2515
66.75 2515
66.77 2517
66.78 2518
66.79 2520
66.80 2520
66.81 2521
66.83 2521
66.84 2521
66.85 2521
66.86 2521
66.88 2521
66.89 2521
66.90 2521
66.91 2523
66.93 2524
66.94 2527
66.95 2530
66.96 2532
66.97 2533
66.99 2535
67.00 2537
67.01 2539
67.02 2542
67.04 2544
67.05 2546
67.06 2548
67.07 2550
67.09 2552
67.10 2554
67.11 2555
67.12 2556
67.13 2558
67.15 2559
67.16 2561
67.17 2562
67.18 2563
67.20 2566
67.21 2566
67.22 2567
67.23 2567
67.25 2568
67.26 2569
67.27 2570
67.28 2570
67.29 2570
67.31 2570
67.32 2571
67.33 2571
67.34 2571
67.36 2572
67.37 2572
67.38 2572
67.39 2573
67.41 2573
67.42 2573
67.43 2574
67.44 2574
67.45 2574
67.47 2574
67.48 2574
67.49 2576
67.50 2577
67.52 2577
67.53 2579
67.54 2581
67.55 2582
67.57 2582
67.58 2586
67.59 2589
67.60 2589
67.62 2589
67.63 2593
67.64 2593
67.65 2594
67.66 2597
67.68 2598
67.69 2599
67.70 2600
67.71 2602
67.73 2603
67.74 2603
67.75 2603
67.76 2603
67.78 2604
67.79 2604
67.80 2604
67.81 2605
67.82 2605
67.84 2605
67.85 2605
67.86 2605
67.87 2606
67.89 2609
67.90 2609
67.91 2609
67.92 2609
67.94 2610
67.95 2611
67.96 2612
67.97 2612
67.98 2612
68.00 2613
68.01 2613
68.02 2613
68.03 2613
68.05 2614
68.06 2614
68.07 2615
68.08 2616
68.10 2616
68.11 2616
68.12 2616
68.13 2616
68.14 2616
68.16 2616
68.17 2618
68.18 2619
68.19 2619
68.21 2619
68.22 2620
68.23 2622
68.24 2622
68.26 2623
68.27 2623
68.28 2623
68.29 2625
68.30 2626
68.32 2626
68.33 2626
68.34 2626
68.35 2627
68.37 2628
68.38 2628
68.39 2628
68.40 2628
68.42 2628
68.43 2628
68.44 2628
68.45 2629
68.46 2629
68.48 2629
68.49 2629
68.50 2629
68.51 2629
68.53 2629
68.54 2630
68.55 2630
68.56 2630
68.58 2630
68.59 2630
68.60 2630
68.61 2631
68.62 2631
68.64 2631
68.65 2631
68.66 2631
68.67 2631
68.69 2631
68.70 2631
68.71 2632
68.72 2632
68.74 2632
68.75 2632
68.76 2632
68.77 2632
68.79 2632
68.80 2632
68.81 2632
68.82 2633
68.83 2636
68.85 2639
68.86 2640
68.87 2640
68.88 2640
68.90 2640
68.91 2641
68.92 2641
68.93 2641
68.95 2642
68.96 2642
68.97 2642
68.98 2642
68.99 2642
69.01 2642
69.02 2642
69.03 2642
69.04 2644
69.06 2645
69.07 2645
69.08 2645
69.09 2645
69.11 2645
69.12 2646
69.13 2648
69.14 2649
69.15 2650
69.17 2651
69.18 2654
69.19 2655
69.20 2656
69.22 2656
69.23 2657
69.24 2657
69.25 2657
69.27 2658
69.28 2659
69.29 2661
69.30 2663
69.31 2665
69.33 2666
69.34 2668
69.35 2670
69.36 2672
69.38 2672
69.39 2674
69.40 2676
69.41 2677
69.43 2679
69.44 2681
69.45 2682
69.46 2684
69.47 2685
69.49 2685
69.50 2685
69.51 2686
69.52 2687
69.54 2687
69.55 2687
69.56 2688
69.57 2689
69.59 2689
69.60 2690
69.61 2690
69.62 2692
69.63 2694
69.65 2695
69.66 2695
69.67 2696
69.68 2696
69.70 2697
69.71 2697
69.72 2697
69.73 2699
69.75 2700
69.76 2700
69.77 2700
69.78 2700
69.79 2700
69.81 2701
69.82 2702
69.83 2703
69.84 2704
69.86 2704
69.87 2704
69.88 2704
69.89 2705
69.91 2705
69.92 2705
69.93 2706
69.94 2706
69.96 2706
69.97 2706
69.98 2706
69.99 2706
70.00 2706
70.02 2706
70.03 2706
70.04 2706
70.05 2706
70.07 2706
70.08 2706
70.09 2706
70.10 2706
70.12 2706
70.13 2707
70.14 2707
70.15 2708
70.16 2709
70.18 2709
70.19 2709
70.20 2709
70.21 2709
70.23 2709
70.24 2709
70.25 2709
70.26 2709
70.28 2710
70.29 2710
70.30 2710
70.31 2710
70.32 2711
70.34 2711
70.35 2711
70.36 2711
70.37 2711
70.39 2711
70.40 2711
70.41 2711
70.42 2711
70.44 2711
70.45 2711
70.46 2713
70.47 2714
70.48 2716
70.50 2718
70.51 2718
70.52 2718
70.53 2718
70.55 2719
70.56 2719
70.57 2719
70.58 2719
70.60 2721
70.61 2725
70.62 2725
70.63 2725
70.64 2725
70.66 2725
70.67 2725
70.68 2725
70.69 2726
70.71 2726
70.72 2726
70.73 2727
70.74 2727
70.76 2727
70.77 2727
70.78 2727
70.79 2727
70.80 2728
70.82 2731
70.83 2731
70.84 2732
70.85 2734
70.87 2736
70.88 2740
70.89 2742
70.90 2744
70.92 2746
70.93 2747
70.94 2749
70.95 2751
70.96 2752
70.98 2754
70.99 2755
71.00 2756
71.01 2759
71.03 2761
71.04 2762
71.05 2763
71.06 2765
71.08 2768
71.09 2770
71.10 2771
71.11 2774
71.13 2776
71.14 2777
71.15 2777
71.16 2778
71.17 2780
71.19 2781
71.20 2782
71.21 2784
71.22 2785
71.24 2786
71.25 2788
71.26 2790
71.27 2791
71.29 2792
71.30 2792
71.31 2794
71.32 2796
71.33 2797
71.35 2797
71.36 2798
71.37 2801
71.38 2801
71.40 2803
71.41 2804
71.42 2806
71.43 2806
71.45 2808
71.46 2809
71.47 2811
71.48 2811
71.49 2811
71.51 2812
71.52 2812
71.53 2813
71.54 2815
71.56 2817
71.57 2817
71.58 2819
71.59 2820
71.61 2821
71.62 2822
71.63 2822
71.64 2824
71.65 2826
71.67 2827
71.68 2828
71.69 2829
71.70 2829
71.72 2829
71.73 2831
71.74 2832
71.75 2834
71.77 2834
71.78 2834
71.79 2835
71.80 2835
71.81 2835
71.83 2835
71.84 2835
71.85 2835
71.86 2835
71.88 2835
71.89 2836
71.90 2836
71.91 2836
71.93 2836
71.94 2836
71.95 2836
71.96 2836
71.97 2837
71.99 2837
72.00 2837
72.01 2838
72.02 2838
72.04 2838
72.05 2838
72.06 2839
72.07 2839
72.09 2839
72.10 2839
72.11 2839
72.12 2839
72.13 2839
72.15 2839
72.16 2840
72.17 2840
72.18 2840
72.20 2840
72.21 2840
72.22 2840
72.23 2841
72.25 2841
72.26 2841
72.27 2841
72.28 2841
72.30 2841
72.31 2841
72.32 2841
72.33 2841
72.34 2841
72.36 2843
72.37 2844
72.38 2847
72.39 2847
72.41 2847
72.42 2847
72.43 2851
72.44 2851
72.46 2854
72.47 2855
72.48 2856
72.49 2856
72.50 2856
72.52 2856
72.53 2856
72.54 2856
72.55 2856
72.57 2857
72.58 2857
72.59 2857
72.60 2857
72.62 2858
72.63 2858
72.64 2858
72.65 2858
72.66 2858
72.68 2858
72.69 2858
72.70 2859
72.71 2859
72.73 2859
72.74 2860
72.75 2860
72.76 2860
72.78 2860
72.79 2861
72.80 2861
72.81 2861
72.82 2862
72.84 2862
72.85 2862
72.86 2863
72.87 2864
72.89 2865
72.90 2865
72.91 2865
72.92 2865
72.94 2865
72.95 2865
72.96 2865
72.97 2866
72.98 2866
73.00 2866
73.01 2866
73.02 2866
73.03 2866
73.05 2866
73.06 2866
73.07 2866
73.08 2866
73.10 2866
73.11 2866
73.12 2866
73.13 2866
73.14 2867
73.16 2867
73.17 2867
73.18 2867
73.19 2867
73.21 2867
73.22 2867
73.23 2867
73.24 2867
73.26 2867
73.27 2867
73.28 2867
73.29 2867
73.31 2867
73.32 2869
73.33 2871
73.34 2871
73.35 2871
73.37 2871
73.38 2872
73.39 2872
73.40 2872
73.42 2872
73.43 2872
73.44 2875
73.45 2876
73.47 2876
73.48 2876
73.49 2877
73.50 2877
73.51 2877
73.53 2878
73.54 2878
73.55 2878
73.56 2879
73.58 2879
73.59 2881
73.60 2883
73.61 2884
73.63 2886
73.64 2887
73.65 2887
73.66 2887
73.67 2888
73.69 2889
73.70 2892
73.71 2892
73.72 2892
73.74 2892
73.75 2892
73.76 2894
73.77 2896
73.79 2898
73.80 2899
73.81 2902
73.82 2903
73.83 2905
73.85 2906
73.86 2907
73.87 2909
73.88 2911
73.90 2912
73.91 2914
73.92 2914
73.93 2914
73.95 2914
73.96 2915
73.97 2916
73.98 2918
73.99 2918
74.01 2918
74.02 2918
74.03 2919
74.04 2919
74.06 2919
74.07 2921
74.08 2923
74.09 2924
74.11 2926
74.12 2927
74.13 2929
74.14 2930
74.15 2933
74.17 2934
74.18 2934
74.19 2934
74.20 2936
74.22 2937
74.23 2937
74.24 2938
74.25 2938
74.27 2939
74.28 2941
74.29 2942
74.30 2942
74.31 2943
74.33 2944
74.34 2944
74.35 2944
74.36 2944
74.38 2944
74.39 2946
74.40 2947
74.41 2947
74.43 2947
74.44 2947
74.45 2947
74.46 2947
74.48 2947
74.49 2947
74.50 2949
74.51 2951
74.52 2951
74.54 2951
74.55 2951
74.56 2951
74.57 2951
74.59 2951
74.60 2951
74.61 2953
74.62 2955
74.64 2956
74.65 2957
74.66 2957
74.67 2958
74.68 2958
74.70 2958
74.71 2959
74.72 2959
74.73 2959
74.75 2960
74.76 2962
74.77 2963
74.78 2963
74.80 2964
74.81 2965
74.82 2967
74.83 2968
74.84 2969
74.86 2971
74.87 2973
74.88 2974
74.89 2976
74.91 2977
74.92 2978
74.93 2980
74.94 2981
74.96 2982
74.97 2982
74.98 2983
74.99 2983
75.00 2983
75.02 2985
75.03 2986
75.04 2987
75.05 2988
75.07 2990
75.08 2990
75.09 2991
75.10 2993
75.12 2993
75.13 2994
75.14 2996
75.15 2996
75.16 2997
75.18 3000
75.19 3002
75.20 3003
75.21 3004
75.23 3006
75.24 3007
75.25 3008
75.26 3010
75.28 3012
75.29 3013
75.30 3016
75.31 3016
75.32 3018
75.34 3020
75.35 3020
75.36 3022
75.37 3024
75.39 3026
75.40 3027
75.41 3027
75.42 3027
75.44 3027
75.45 3028
75.46 3029
75.47 3029
75.48 3030
75.50 3030
75.51 3030
75.52 3030
75.53 3031
75.55 3031
75.56 3031
75.57 3031
75.58 3032
75.60 3032
75.61 3033
75.62 3034
75.63 3036
75.65 3037
75.66 3038
75.67 3038
75.68 3040
75.69 3040
75.71 3040
75.72 3040
75.73 3041
75.74 3041
75.76 3042
75.77 3042
75.78 3043
75.79 3043
75.81 3044
75.82 3046
75.83 3047
75.84 3048
75.85 3048
75.87 3051
75.88 3052
75.89 3053
75.90 3054
75.92 3057
75.93 3058
75.94 3060
75.95 3060
75.97 3060
75.98 3063
75.99 3064
76.00 3065
76.01 3068
76.03 3071
76.04 3073
76.05 3075
76.06 3076
76.08 3078
76.09 3078
76.10 3080
76.11 3082
76.13 3084
76.14 3084
76.15 3086
76.16 3088
76.17 3090
76.19 3092
76.20 3093
76.21 3094
76.22 3096
76.24 3098
76.25 3101
76.26 3103
76.27 3104
76.29 3104
76.30 3104
76.31 3106
76.32 3108
76.33 3110
76.35 3111
76.36 3113
76.37 3114
76.38 3115
76.40 3118
76.41 3120
76.42 3121
76.43 3121
76.45 3121
76.46 3121
76.47 3121
76.48 3121
76.49 3121
76.51 3121
76.52 3121
76.53 3122
76.54 3122
76.56 3122
76.57 3122
76.58 3122
76.59 3122
76.61 3122
76.62 3122
76.63 3122
76.64 3123
76.65 3123
76.67 3123
76.68 3124
76.69 3124
76.70 3124
76.72 3125
76.73 3125
76.74 3125
76.75 3126
76.77 3126
76.78 3128
76.79 3128
76.80 3128
76.82 3128
76.83 3128
76.84 3128
76.85 3128
76.86 3128
76.88 3129
76.89 3129
76.90 3129
76.91 3129
76.93 3130
76.94 3130
76.95 3130
76.96 3130
76.98 3130
76.99 3130
77.00 3130
77.01 3130
77.02 3130
77.04 3130
77.05 3130
77.06 3130
77.07 3130
77.09 3130
77.10 3132
77.11 3132
77.12 3132
77.14 3132
77.15 3132
77.16 3132
77.17 3132
77.18 3132
77.20 3133
77.21 3133
77.22 3133
77.23 3133
77.25 3133
77.26 3133
77.27 3133
77.28 3133
77.30 3133
77.31 3133
77.32 3133
77.33 3133
77.34 3133
77.36 3133
77.37 3133
77.38 3133
77.39 3133
77.41 3133
77.42 3133
77.43 3133
77.44 3133
77.46 3133
77.47 3133
77.48 3133
77.49 3134
77.50 3134
77.52 3134
77.53 3134
77.54 3134
77.55 3134
77.57 3135
77.58 3135
77.59 3135
77.60 3135
77.62 3135
77.63 3135
77.64 3135
77.65 3135
77.66 3135
77.68 3135
77.69 3135
77.70 3135
77.71 3135
77.73 3135
77.74 3135
77.75 3135
77.76 3135
77.78 3135
77.79 3135
77.80 3135
77.81 3135
77.82 3135
77.84 3135
77.85 3137
77.86 3138
77.87 3139
77.89 3139
77.90 3139
77.91 3139
77.92 3139
77.94 3139
77.95 3139
77.96 3139
77.97 3139
77.99 3140
78.00 3141
78.01 3141
78.02 3141
78.03 3141
78.05 3141
78.06 3141
78.07 3142
78.08 3142
78.10 3142
78.11 3144
78.12 3144
78.13 3144
78.15 3145
78.16 3145
78.17 3147
78.18 3147
78.19 3147
78.21 3147
78.22 3147
78.23 3147
78.24 3147
78.26 3147
78.27 3147
78.28 3147
78.29 3148
78.31 3148
78.32 3148
78.33 3149
78.34 3149
78.35 3149
78.37 3149
78.38 3149
78.39 3149
78.40 3150
78.42 3150
78.43 3151
78.44 3151
78.45 3151
78.47 3151
78.48 3151
78.49 3151
78.50 3152
78.51 3154
78.53 3154
78.54 3154
78.55 3154
78.56 3154
78.58 3154
78.59 3154
78.60 3155
78.61 3155
78.63 3155
78.64 3155
78.65 3155
78.66 3155
78.67 3155
78.69 3155
78.70 3155
78.71 3155
78.72 3156
78.74 3156
78.75 3156
78.76 3158
78.77 3158
78.79 3158
78.80 3158
78.81 3159
78.82 3159
78.83 3160
78.85 3161
78.86 3161
78.87 3161
78.88 3161
78.90 3161
78.91 3161
78.92 3161
78.93 3161
78.95 3162
78.96 3163
78.97 3165
78.98 3167
79.00 3169
79.01 3169
79.02 3169
79.03 3169
79.04 3169
79.06 3170
79.07 3170
79.08 3170
79.09 3170
79.11 3170
79.12 3171
79.13 3171
79.14 3171
79.16 3171
79.17 3171
79.18 3171
79.19 3172
79.20 3172
79.22 3173
79.23 3175
79.24 3177
79.25 3179
79.27 3182
79.28 3183
79.29 3184
79.30 3186
79.32 3188
79.33 3189
79.34 3190
79.35 3191
79.36 3192
79.38 3194
79.39 3196
79.40 3197
79.41 3199
79.43 3202
79.44 3205
79.45 3207
79.46 3208
79.48 3210
79.49 3212
79.50 3213
79.51 3213
79.52 3214
79.54 3215
79.55 3217
79.56 3219
79.57 3219
79.59 3222
79.60 3223
79.61 3225
79.62 3226
79.64 3226
79.65 3227
79.66 3229
79.67 3229
79.68 3231
79.70 3232
79.71 3234
79.72 3235
79.73 3235
79.75 3236
79.76 3238
79.77 3240
79.78 3242
79.80 3243
79.81 3244
79.82 3246
79.83 3247
79.84 3248
79.86 3249
79.87 3251
79.88 3252
79.89 3253
79.91 3255
79.92 3256
79.93 3258
79.94 3259
79.96 3259
79.97 3261
79.98 3263
79.99 3265
80.00 3265
80.02 3265
80.03 3265
80.04 3265
80.05 3268
80.07 3268
80.08 3271
80.09 3272
80.10 3273
80.12 3274
80.13 3275
80.14 3277
80.15 3279
80.17 3280
80.18 3280
80.19 3281
80.20 3281
80.21 3282
80.23 3283
80.24 3285
80.25 3285
80.26 3286
80.28 3286
80.29 3286
80.30 3286
80.31 3286
80.33 3286
80.34 3286
80.35 3286
80.36 3286
80.37 3286
80.39 3286
80.40 3286
80.41 3287
80.42 3287
80.44 3287
80.45 3287
80.46 3288
80.47 3288
80.49 3288
80.50 3288
80.51 3288
80.52 3288
80.53 3288
80.55 3288
80.56 3289
80.57 3289
80.58 3289
80.60 3289
80.61 3289
80.62 3289
80.63 3290
80.65 3290
80.66 3290
80.67 3290
80.68 3290
80.69 3290
80.71 3290
80.72 3291
80.73 3291
80.74 3293
80.76 3293
80.77 3293
80.78 3293
80.79 3294
80.81 3295
80.82 3296
80.83 3296
80.84 3297
80.85 3298
80.87 3298
80.88 3298
80.89 3298
80.90 3298
80.92 3298
80.93 3299
80.94 3299
80.95 3299
80.97 3299
80.98 3299
80.99 3299
81.00 3300
81.01 3300
81.03 3300
81.04 3300
81.05 3300
81.06 3301
81.08 3301
81.09 3301
81.10 3301
81.11 3302
81.13 3303
81.14 3303
81.15 3303
81.16 3305
81.17 3306
81.19 3306
81.20 3306
81.21 3306
81.22 3306
81.24 3306
81.25 3306
81.26 3306
81.27 3306
81.29 3306
81.30 3308
81.31 3309
81.32 3311
81.34 3311
81.35 3311
81.36 3311
81.37 3311
81.38 3311
81.40 3311
81.41 3311
81.42 3312
81.43 3312
81.45 3312
81.46 3312
81.47 3312
81.48 3312
81.50 3312
81.51 3313
81.52 3314
81.53 3317
81.54 3318
81.56 3318
81.57 3318
81.58 3321
81.59 3322
81.61 3325
81.62 3327
81.63 3328
81.64 3329
81.66 3332
81.67 3334
81.68 3336
81.69 3338
81.70 3339
81.72 3341
81.73 3342
81.74 3344
81.75 3345
81.77 3345
81.78 3346
81.79 3347
81.80 3349
81.82 3350
81.83 3351
81.84 3353
81.85 3354
81.86 3356
81.88 3357
81.89 3359
81.90 3359
81.91 3360
81.93 3362
81.94 3362
81.95 3363
81.96 3364
81.98 3365
81.99 3365
82.00 3365
82.01 3365
82.02 3365
82.04 3367
82.05 3369
82.06 3371
82.07 3372
82.09 3373
82.10 3373
82.11 3375
82.12 3375
82.14 3376
82.15 3376
82.16 3376
82.17 3377
82.18 3377
82.20 3377
82.21 3378
82.22 3380
82.23 3381
82.25 3381
82.26 3381
82.27 3381
82.28 3382
82.30 3384
82.31 3384
82.32 3384
82.33 3384
82.34 3384
82.36 3384
82.37 3384
82.38 3384
82.39 3384
82.41 3384
82.42 3384
82.43 3385
82.44 3385
82.46 3385
82.47 3385
82.48 3385
82.49 3385
82.51 3385
82.52 3385
82.53 3385
82.54 3385
82.55 3385
82.57 3385
82.58 3385
82.59 3385
82.60 3385
82.62 3385
82.63 3385
82.64 3385
82.65 3385
82.67 3385
82.68 3385
82.69 3385
82.70 3385
82.71 3385
82.73 3386
82.74 3386
82.75 3386
82.76 3386
82.78 3386
82.79 3386
82.80 3386
82.81 3387
82.83 3387
82.84 3387
82.85 3387
82.86 3387
82.87 3387
82.89 3387
82.90 3387
82.91 3387
82.92 3387
82.94 3390
82.95 3392
82.96 3393
82.97 3393
82.99 3393
83.00 3393
83.01 3393
83.02 3393
83.03 3393
83.05 3393
83.06 3393
83.07 3393
83.08 3393
83.10 3393
83.11 3394
83.12 3394
83.13 3394
83.15 3394
83.16 3394
83.17 3394
83.18 3394
83.19 3394
83.21 3394
83.22 3394
83.23 3394
83.24 3394
83.26 3394
83.27 3394
83.28 3394
83.29 3394
83.31 3394
83.32 3394
83.33 3394
83.34 3394
83.35 3395
83.37 3395
83.38 3395
83.39 3396
83.40 3398
83.42 3398
83.43 3399
83.44 3399
83.45 3399
83.47 3399
83.48 3399
83.49 3399
83.50 3399
83.51 3401
83.53 3401
83.54 3401
83.55 3401
83.56 3401
83.58 3401
83.59 3402
83.60 3402
83.61 3402
83.63 3402
83.64 3402
83.65 3402
83.66 3402
83.68 3402
83.69 3402
83.70 3402
83.71 3402
83.72 3403
83.74 3403
83.75 3403
83.76 3403
83.77 3405
83.79 3405
83.80 3405
83.81 3405
83.82 3405
83.84 3405
83.85 3405
83.86 3405
83.87 3405
83.88 3406
83.90 3408
83.91 3410
83.92 3410
83.93 3410
83.95 3410
83.96 3410
83.97 3410
83.98 3410
84.00 3410
84.01 3411
84.02 3413
84.03 3413
84.04 3413
84.06 3413
84.07 3413
84.08 3413
84.09 3413
84.11 3413
84.12 3413
84.13 3414
84.14 3414
84.16 3414
84.17 3414
84.18 3414
84.19 3414
84.20 3415
84.22 3415
84.23 3416
84.24 3416
84.25 3416
84.27 3416
84.28 3420
84.29 3422
84.30 3423
84.32 3424
84.33 3426
84.34 3427
84.35 3428
84.36 3431
84.38 3432
84.39 3434
84.40 3435
84.41 3437
84.43 3437
84.44 3438
84.45 3438
84.46 3438
84.48 3440
84.49 3440
84.50 3440
84.51 3440
84.52 3440
84.54 3440
84.55 3440
84.56 3440
84.57 3441
84.59 3442
84.60 3443
84.61 3444
84.62 3445
84.64 3447
84.65 3449
84.66 3450
84.67 3452
84.69 3454
84.70 3456
84.71 3458
84.72 3458
84.73 3460
84.75 3461
84.76 3462
84.77 3463
84.78 3465
84.80 3465
84.81 3466
84.82 3469
84.83 3470
84.85 3470
84.86 3472
84.87 3474
84.88 3474
84.89 3474
84.91 3474
84.92 3474
84.93 3474
84.94 3476
84.96 3477
84.97 3477
84.98 3478
84.99 3480
85.01 3482
85.02 3484
85.03 3484
85.04 3486
85.05 3489
85.07 3492
85.08 3493
85.09 3494
85.10 3494
85.12 3494
85.13 3494
85.14 3495
85.15 3495
85.17 3495
85.18 3495
85.19 3495
85.20 3495
85.21 3495
85.23 3495
85.24 3495
85.25 3495
85.26 3495
85.28 3495
85.29 3495
85.30 3495
85.31 3496
85.33 3496
85.34 3496
85.35 3496
85.36 3496
85.37 3496
85.39 3496
85.40 3497
85.41 3497
85.42 3497
85.44 3497
85.45 3497
85.46 3497
85.47 3497
85.49 3497
85.50 3497
85.51 3497
85.52 3497
85.53 3497
85.55 3497
85.56 3497
85.57 3498
85.58 3498
85.60 3498
85.61 3498
85.62 3498
85.63 3498
85.65 3498
85.66 3498
85.67 3499
85.68 3499
85.69 3499
85.71 3499
85.72 3499
85.73 3499
85.74 3499
85.76 3499
85.77 3499
85.78 3499
85.79 3499
85.81 3499
85.82 3499
85.83 3499
85.84 3499
85.86 3499
85.87 3499
85.88 3499
85.89 3499
85.90 3499
85.92 3499
85.93 3499
85.94 3499
85.95 3499
85.97 3500
85.98 3500
85.99 3500
86.00 3500
86.02 3500
86.03 3500
86.04 3500
86.05 3500
86.06 3500
86.08 3500
86.09 3500
86.10 3500
86.11 3500
86.13 3500
86.14 3500
86.15 3500
86.16 3500
86.18 3500
86.19 3501
86.20 3501
86.21 3501
86.22 3501
86.24 3502
86.25 3502
86.26 3502
86.27 3502
86.29 3504
86.30 3505
86.31 3505
86.32 3507
86.34 3507
86.35 3508
86.36 3510
86.37 3511
86.38 3513
86.40 3515
86.41 3516
86.42 3516
86.43 3516
86.45 3517
86.46 3517
86.47 3517
86.48 3517
86.50 3518
86.51 3520
86.52 3523
86.53 3524
86.54 3526
86.56 3527
86.57 3527
86.58 3527
86.59 3527
86.61 3529
86.62 3530
86.63 3530
86.64 3531
86.66 3533
86.67 3534
86.68 3534
86.69 3534
86.70 3534
86.72 3538
86.73 3539
86.74 3539
86.75 3539
86.77 3539
86.78 3539
86.79 3540
86.80 3540
86.82 3540
86.83 3540
86.84 3540
86.85 3540
86.86 3540
86.88 3540
86.89 3540
86.90 3541
86.91 3541
86.93 3541
86.94 3541
86.95 3541
86.96 3541
86.98 3541
86.99 3541
87.00 3541
87.01 3542
87.03 3542
87.04 3542
87.05 3542
87.06 3542
87.07 3542
87.09 3543
87.10 3543
87.11 3543
87.12 3543
87.14 3543
87.15 3543
87.16 3543
87.17 3544
87.19 3544
87.20 3544
87.21 3544
87.22 3544
87.23 3544
87.25 3544
87.26 3544
87.27 3544
87.28 3544
87.30 3544
87.31 3544
87.32 3544
87.33 3544
87.35 3544
87.36 3546
87.37 3547
87.38 3549
87.39 3551
87.41 3551
87.42 3551
87.43 3551
87.44 3551
87.46 3551
87.47 3551
87.48 3551
87.49 3553
87.51 3553
87.52 3553
87.53 3553
87.54 3553
87.55 3553
87.57 3553
87.58 3553
87.59 3553
87.60 3553
87.62 3554
87.63 3554
87.64 3554
87.65 3554
87.67 3554
87.68 3554
87.69 3555
87.70 3555
87.71 3557
87.73 3561
87.74 3562
87.75 3563
87.76 3563
87.78 3564
87.79 3564
87.80 3566
87.81 3569
87.83 3571
87.84 3573
87.85 3573
87.86 3576
87.87 3579
87.89 3580
87.90 3581
87.91 3584
87.92 3586
87.94 3587
87.95 3590
87.96 3592
87.97 3594
87.99 3596
88.00 3597
88.01 3599
88.02 3601
88.03 3602
88.05 3603
88.06 3606
88.07 3607
88.08 3607
88.10 3608
88.11 3610
88.12 3610
88.13 3612
88.15 3613
88.16 3614
88.17 3617
88.18 3618
88.20 3618
88.21 3618
88.22 3620
88.23 3620
88.24 3621
88.26 3622
88.27 3624
88.28 3627
88.29 3627
88.31 3627
88.32 3630
88.33 3630
88.34 3630
88.36 3633
88.37 3634
88.38 3634
88.39 3636
88.40 3637
88.42 3638
88.43 3638
88.44 3639
88.45 3640
88.47 3641
88.48 3642
88.49 3643
88.50 3645
88.52 3646
88.53 3647
88.54 3649
88.55 3650
88.56 3651
88.58 3652
88.59 3652
88.60 3654
88.61 3655
88.63 3655
88.64 3656
88.65 3657
88.66 3658
88.68 3658
88.69 3659
88.70 3661
88.71 3662
88.72 3662
88.74 3662
88.75 3662
88.76 3662
88.77 3662
88.79 3662
88.80 3664
88.81 3664
88.82 3664
88.84 3664
88.85 3664
88.86 3664
88.87 3665
88.88 3666
88.90 3667
88.91 3667
88.92 3667
88.93 3668
88.95 3668
88.96 3668
88.97 3668
88.98 3668
89.00 3668
89.01 3669
89.02 3669
89.03 3669
89.04 3669
89.06 3669
89.07 3669
89.08 3670
89.09 3670
89.11 3670
89.12 3670
89.13 3670
89.14 3670
89.16 3671
89.17 3671
89.18 3671
89.19 3672
89.21 3672
89.22 3672
89.23 3672
89.24 3672
89.25 3672
89.27 3672
89.28 3672
89.29 3672
89.30 3672
89.32 3672
89.33 3672
89.34 3672
89.35 3672
89.37 3672
89.38 3672
89.39 3672
89.40 3672
89.41 3672
89.43 3672
89.44 3672
89.45 3673
89.46 3673
89.48 3673
89.49 3673
89.50 3673
89.51 3674
89.53 3674
89.54 3676
89.55 3676
89.56 3676
89.57 3676
89.59 3676
89.60 3676
89.61 3678
89.62 3678
89.64 3678
89.65 3679
89.66 3679
89.67 3679
89.69 3679
89.70 3679
89.71 3679
89.72 3679
89.73 3679
89.75 3679
89.76 3679
89.77 3679
89.78 3680
89.80 3680
89.81 3680
89.82 3680
89.83 3680
89.85 3680
89.86 3680
89.87 3681
89.88 3681
89.89 3681
89.91 3681
89.92 3681
89.93 3681
89.94 3681
89.96 3681
89.97 3681
89.98 3681
89.99 3681
90.01 3682
90.02 3682
90.03 3682
90.04 3682
90.05 3682
90.07 3682
90.08 3682
90.09 3682
90.10 3682
90.12 3683
90.13 3683
90.14 3684
90.15 3684
90.17 3684
90.18 3684
90.19 3684
90.20 3684
90.21 3685
90.23 3685
90.24 3685
90.25 3686
90.26 3686
90.28 3686
90.29 3686
90.30 3686
90.31 3686
90.33 3686
90.34 3687
90.35 3688
90.36 3688
90.38 3688
90.39 3688
90.40 3688
90.41 3688
90.42 3688
90.44 3688
90.45 3688
90.46 3688
90.47 3688
90.49 3688
90.50 3688
90.51 3690
90.52 3691
90.54 3694
90.55 3694
90.56 3694
90.57 3694
90.58 3694
90.60 3697
90.61 3701
90.62 3703
90.63 3705
90.65 3708
90.66 3710
90.67 3712
90.68 3714
90.70 3715
90.71 3715
90.72 3715
90.73 3715
90.74 3715
90.76 3715
90.77 3715
90.78 3716
90.79 3719
90.81 3719
90.82 3720
90.83 3723
90.84 3724
90.86 3724
90.87 3724
90.88 3725
90.89 3727
90.90 3727
90.92 3727
90.93 3729
90.94 3729
90.95 3729
90.97 3730
90.98 3732
90.99 3735
91.00 3737
91.02 3740
91.03 3741
91.04 3741
91.05 3741
91.06 3742
91.08 3743
91.09 3744
91.10 3746
91.11 3746
91.13 3746
91.14 3747
91.15 3749
91.16 3751
91.18 3752
91.19 3753
91.20 3755
91.21 3755
91.22 3758
91.24 3759
91.25 3759
91.26 3760
91.27 3761
91.29 3761
91.30 3761
91.31 3761
91.32 3762
91.34 3763
91.35 3764
91.36 3764
91.37 3764
91.38 3765
91.40 3766
91.41 3767
91.42 3769
91.43 3770
91.45 3771
91.46 3773
91.47 3774
91.48 3775
91.50 3777
91.51 3778
91.52 3778
91.53 3779
91.55 3779
91.56 3780
91.57 3780
91.58 3780
91.59 3780
91.61 3782
91.62 3782
91.63 3784
91.64 3784
91.66 3785
91.67 3786
91.68 3787
91.69 3787
91.71 3788
91.72 3790
91.73 3791
91.74 3791
91.75 3793
91.77 3794
91.78 3795
91.79 3796
91.80 3796
91.82 3798
91.83 3800
91.84 3802
91.85 3803
91.87 3803
91.88 3803
91.89 3805
91.90 3806
91.91 3808
91.93 3809
91.94 3809
91.95 3810
91.96 3810
91.98 3812
91.99 3813
92.00 3814
92.01 3815
92.03 3816
92.04 3818
92.05 3820
92.06 3821
92.07 3822
92.09 3824
92.10 3824
92.11 3825
92.12 3825
92.14 3825
92.15 3826
92.16 3826
92.17 3826
92.19 3826
92.20 3829
92.21 3830
92.22 3832
92.23 3833
92.25 3833
92.26 3834
92.27 3834
92.28 3836
92.30 3839
92.31 3841
92.32 3841
92.33 3841
92.35 3841
92.36 3843
92.37 3844
92.38 3844
92.39 3845
92.41 3846
92.42 3846
92.43 3846
92.44 3848
92.46 3848
92.47 3850
92.48 3850
92.49 3850
92.51 3850
92.52 3851
92.53 3851
92.54 3851
92.55 3852
92.57 3852
92.58 3852
92.59 3854
92.60 3855
92.62 3855
92.63 3855
92.64 3856
92.65 3857
92.67 3858
92.68 3861
92.69 3862
92.70 3862
92.72 3862
92.73 3862
92.74 3863
92.75 3863
92.76 3863
92.78 3863
92.79 3863
92.80 3863
92.81 3863
92.83 3863
92.84 3865
92.85 3866
92.86 3868
92.88 3870
92.89 3872
92.90 3873
92.91 3874
92.92 3874
92.94 3876
92.95 3876
92.96 3876
92.97 3876
92.99 3877
93.00 3879
93.01 3880
93.02 3882
93.04 3885
93.05 3886
93.06 3888
93.07 3889
93.08 3889
93.10 3889
93.11 3889
93.12 3889
93.13 3890
93.15 3890
93.16 3890
93.17 3890
93.18 3891
93.20 3891
93.21 3891
93.22 3893
93.23 3893
93.24 3896
93.26 3896
93.27 3896
93.28 3896
93.29 3897
93.31 3897
93.32 3897
93.33 3897
93.34 3898
93.36 3898
93.37 3898
93.38 3898
93.39 3898
93.40 3899
93.42 3899
93.43 3900
93.44 3900
93.45 3900
93.47 3900
93.48 3900
93.49 3901
93.50 3901
93.52 3902
93.53 3902
93.54 3903
93.55 3903
93.56 3903
93.58 3903
93.59 3903
93.60 3903
93.61 3903
93.63 3903
93.64 3903
93.65 3903
93.66 3903
93.68 3903
93.69 3904
93.70 3905
93.71 3905
93.72 3905
93.74 3905
93.75 3905
93.76 3905
93.77 3905
93.79 3905
93.80 3905
93.81 3905
93.82 3905
93.84 3906
93.85 3906
93.86 3906
93.87 3906
93.89 3906
93.90 3906
93.91 3906
93.92 3906
93.93 3906
93.95 3906
93.96 3906
93.97 3908
93.98 3908
94.00 3909
94.01 3911
94.02 3914
94.03 3915
94.05 3918
94.06 3918
94.07 3919
94.08 3919
94.09 3919
94.11 3919
94.12 3920
94.13 3920
94.14 3921
94.16 3921
94.17 3921
94.18 3921
94.19 3921
94.21 3921
94.22 3921
94.23 3921
94.24 3921
94.25 3922
94.27 3923
94.28 3923
94.29 3923
94.30 3923
94.32 3923
94.33 3923
94.34 3923
94.35 3923
94.37 3923
94.38 3924
94.39 3924
94.40 3924
94.41 3924
94.43 3924
94.44 3924
94.45 3925
94.46 3925
94.48 3925
94.49 3925
94.50 3925
94.51 3925
94.53 3925
94.54 3926
94.55 3926
94.56 3926
94.57 3926
94.59 3926
94.60 3927
94.61 3927
94.62 3927
94.64 3927
94.65 3927
94.66 3927
94.67 3927
94.69 3927
94.70 3927
94.71 3927
94.72 3927
94.73 3927
94.75 3927
94.76 3927
94.77 3928
94.78 3930
94.80 3931
94.81 3933
94.82 3935
94.83 3935
94.85 3935
94.86 3935
94.87 3935
94.88 3935
94.90 3935
94.91 3935
94.92 3935
94.93 3935
94.94 3935
94.96 3935
94.97 3935
94.98 3935
94.99 3935
95.01 3937
95.02 3938
95.03 3939
95.04 3940
95.06 3940
95.07 3942
95.08 3944
95.09 3946
95.10 3948
95.12 3950
95.13 3952
95.14 3955
95.15 3955
95.17 3958
95.18 3959
95.19 3961
95.20 3962
95.22 3962
95.23 3962
95.24 3963
95.25 3963
95.26 3964
95.28 3966
95.29 3967
95.30 3969
95.31 3970
95.33 3970
95.34 3973
95.35 3973
95.36 3974
95.38 3976
95.39 3977
95.40 3979
95.41 3979
95.42 3981
95.44 3981
95.45 3982
95.46 3982
95.47 3982
95.49 3982
95.50 3983
95.51 3985
95.52 3986
95.54 3988
95.55 3988
95.56 3989
95.57 3989
95.58 3990
95.60 3992
95.61 3992
95.62 3994
95.63 3995
95.65 3996
95.66 3998
95.67 3998
95.68 4000
95.70 4002
95.71 4004
95.72 4004
95.73 4006
95.74 4008
95.76 4008
95.77 4009
95.78 4011
95.79 4013
95.81 4013
95.82 4013
95.83 4013
95.84 4013
95.86 4015
95.87 4017
95.88 4019
95.89 4020
95.90 4020
95.92 4020
95.93 4020
95.94 4020
95.95 4021
95.97 4023
95.98 4025
95.99 4026
96.00 4026
96.02 4028
96.03 4030
96.04 4030
96.05 4032
96.07 4033
96.08 4035
96.09 4037
96.10 4037
96.11 4037
96.13 4037
96.14 4037
96.15 4038
96.16 4041
96.18 4042
96.19 4042
96.20 4042
96.21 4042
96.23 4045
96.24 4047
96.25 4049
96.26 4050
96.27 4051
96.29 4052
96.30 4054
96.31 4056
96.32 4058
96.34 4060
96.35 4061
96.36 4064
96.37 4065
96.39 4067
96.40 4069
96.41 4072
96.42 4074
96.43 4076
96.45 4077
96.46 4077
96.47 4078
96.48 4078
96.50 4078
96.51 4079
96.52 4079
96.53 4079
96.55 4080
96.56 4080
96.57 4080
96.58 4080
96.59 4080
96.61 4080
96.62 4080
96.63 4080
96.64 4080
96.66 4080
96.67 4080
96.68 4080
96.69 4081
96.71 4081
96.72 4081
96.73 4081
96.74 4081
96.75 4081
96.77 4082
96.78 4082
96.79 4082
96.80 4082
96.82 4082
96.83 4082
96.84 4082
96.85 4083
96.87 4083
96.88 4083
96.89 4083
96.90 4083
96.91 4083
96.93 4083
96.94 4083
96.95 4084
96.96 4084
96.98 4084
96.99 4084
97.00 4084
97.01 4084
97.03 4085
97.04 4085
97.05 4085
97.06 4085
97.07 4085
97.09 4085
97.10 4085
97.11 4085
97.12 4085
97.14 4086
97.15 4086
97.16 4086
97.17 4086
97.19 4086
97.20 4087
97.21 4087
97.22 4087
97.24 4088
97.25 4088
97.26 4088
97.27 4088
97.28 4088
97.30 4088
97.31 4088
97.32 4088
97.33 4088
97.35 4088
97.36 4088
97.37 4088
97.38 4088
97.40 4088
97.41 4088
97.42 4088
97.43 4088
97.44 4088
97.46 4088
97.47 4088
97.48 4088
97.49 4088
97.51 4088
97.52 4088
97.53 4088
97.54 4088
97.56 4090
97.57 4091
97.58 4092
97.59 4095
97.60 4095
97.62 4095
97.63 4095
97.64 4097
97.65 4099
97.67 4100
97.68 4100
97.69 4100
97.70 4103
97.72 4104
97.73 4104
97.74 4104
97.75 4104
97.76 4105
97.78 4105
97.79 4105
97.80 4105
97.81 4105
97.83 4105
97.84 4106
97.85 4106
97.86 4106
97.88 4106
97.89 4106
97.90 4106
97.91 4106
97.92 4107
97.94 4107
97.95 4108
97.96 4108
97.97 4108
97.99 4108
98.00 4108
98.01 4108
98.02 4108
98.04 4108
98.05 4108
98.06 4108
98.07 4108
98.08 4108
98.10 4108
98.11 4108
98.12 4108
98.13 4108
98.15 4108
98.16 4108
98.17 4108
98.18 4108
98.20 4109
98.21 4110
98.22 4110
98.23 4110
98.24 4110
98.26 4110
98.27 4110
98.28 4110
98.29 4110
98.31 4110
98.32 4110
98.33 4110
98.34 4110
98.36 4110
98.37 4110
98.38 4110
98.39 4110
98.41 4110
98.42 4110
98.43 4110
98.44 4110
98.45 4110
98.47 4111
98.48 4111
98.49 4111
98.50 4111
98.52 4111
98.53 4111
98.54 4111
98.55 4112
98.57 4112
98.58 4112
98.59 4112
98.60 4113
98.61 4113
98.63 4113
98.64 4114
98.65 4114
98.66 4114
98.68 4116
98.69 4118
98.70 4119
98.71 4121
98.73 4121
98.74 4121
98.75 4122
98.76 4122
98.77 4122
98.79 4122
98.80 4122
98.81 4122
98.82 4122
98.84 4122
98.85 4122
98.86 4122
98.87 4124
98.89 4124
98.90 4125
98.91 4125
98.92 4125
98.93 4125
98.95 4125
98.96 4125
98.97 4126
98.98 4126
99.00 4126
99.01 4128
99.02 4133
99.03 4136
99.05 4139
99.06 4142
99.07 4145
99.08 4147
99.09 4150
99.11 4154
99.12 4157
99.13 4159
99.14 4162
99.16 4165
99.17 4168
99.18 4170
99.19 4172
99.21 4176
99.22 4180
99.23 4181
99.24 4184
99.25 4187
99.27 4189
99.28 4189
99.29 4189
99.30 4189
99.32 4190
99.33 4193
99.34 4196
99.35 4197
99.37 4199
99.38 4201
99.39 4202
99.40 4204
99.41 4205
99.43 4206
99.44 4208
99.45 4208
99.46 4210
99.48 4211
99.49 4212
99.50 4214
99.51 4215
99.53 4216
99.54 4218
99.55 4219
99.56 4221
99.58 4221
99.59 4223
99.60 4224
99.61 4225
99.62 4226
99.64 4228
99.65 4228
99.66 4229
99.67 4230
99.69 4232
99.70 4233
99.71 4233
99.72 4234
99.74 4236
99.75 4238
99.76 4239
99.77 4241
99.78 4241
99.80 4242
99.81 4243
99.82 4245
99.83 4247
99.85 4248
99.86 4249
99.87 4251
99.88 4252
99.90 4253
99.91 4255
99.92 4256
99.93 4257
99.94 4258
99.96 4260
99.97 4261
99.98 4262
99.99 4263
