{
  "resource_guard": {
    "cgroup": {
      "inode": 222617,
      "joined_before_exec": true,
      "memory_and_swap_verified_before_child_exec": true,
      "memory_max_bytes": 9899999232,
      "memory_max_rounding_bytes": 0,
      "memory_peak_reset": true,
      "memory_swap_max_bytes": 0,
      "path": "/sys/fs/cgroup/user.slice/user-1000.slice/user@1000.service/app.slice/gamma-fx2-transformer-fixture50051-q0-v4",
      "previous_memory_max": "9899999232",
      "previous_memory_swap_max": "0",
      "requested_memory_max_bytes": 9899999232,
      "requested_memory_swap_max_bytes": 0
    },
    "cgroup_events": {
      "baseline": {
        "high": 0,
        "low": 0,
        "max": 0,
        "oom": 0,
        "oom_group_kill": 0,
        "oom_kill": 0,
        "sock_throttled": 0
      },
      "delta": {
        "high": 0,
        "low": 0,
        "max": 0,
        "oom": 0,
        "oom_group_kill": 0,
        "oom_kill": 0,
        "sock_throttled": 0
      },
      "final": {
        "high": 0,
        "low": 0,
        "max": 0,
        "oom": 0,
        "oom_group_kill": 0,
        "oom_kill": 0,
        "sock_throttled": 0
      }
    },
    "command": [
      "/usr/bin/taskset",
      "-c",
      "2",
      "/usr/bin/timeout",
      "--kill-after=5",
      "1100",
      "/usr/bin/python3",
      "/home/x/deco/gamma/projects/enwiki9/tools/fx2_cmix_transformer_gcc_fixture50051_q0_v4.py",
      "--stage"
    ],
    "command_sha256": "5cfbba16b2792438284b0daa33c5772335e67b783551d3e3db374eb9222b586c",
    "elapsed_s": 17.1291,
    "guards": {
      "cgroup_memory_guard_exceeded": false,
      "logical_cpu_guard_exceeded": false,
      "measurement_incomplete": false,
      "official_decimal_memory_exceeded": false,
      "phase_marker_invalid": false,
      "rss_guard_exceeded": false,
      "temporary_disk_guard_exceeded": false,
      "wall_time_guard_exceeded": false
    },
    "label": "fx2_cmix_transformer_gcc_fixture50051_q0_v4",
    "latest_sample": {
      "allowed_cpu_union": [],
      "cgroup_current_bytes": 7049216,
      "elapsed_s": 17.1274,
      "max_single_rss_kib": 0,
      "persistent_status_misses": [],
      "processes": [],
      "scratch_allocated_bytes": 6594560,
      "scratch_file_count": 146,
      "scratch_logical_bytes": 6155851,
      "scratch_race_count": 0,
      "tree_live_threads": 0,
      "tree_rss_kib": 0,
      "tree_runnable_threads": 0
    },
    "limit_kib": 9667968,
    "limit_mode": "tree",
    "max_logical_cpus": 1,
    "measurements": {
      "affinity_complete": true,
      "cgroup_v2_complete": true,
      "per_process_vmhwm_sampled": true,
      "phase_markers_complete": true,
      "process_tree_rss_complete": true,
      "scratch_logical_and_allocated_complete": true,
      "smaps_rollup_complete": true
    },
    "objective": {
      "corpusBytes": 1000000000,
      "corpusSha256": "159b85351e5f76e60cbe32e04c677847a9ecba3adc79addab6f4c6c7aa3744bc",
      "objectiveDigest": "sha256:ce4c435c0f398caf65a09050c8518d9c5ea63239f9156048ea2aaaf9b8ffa7e8",
      "objectiveId": "gamma-enwiki9-hutter-105m-v1",
      "objectivePath": "contracts/research/v1/objective-contract.json",
      "targetScoreBytes": 105000000
    },
    "official_decimal_limit_kib": 9667968,
    "peak_process_vmhwm": {
      "comm": "cc1plus",
      "observed_elapsed_s": 9.0938,
      "pid": 3517011,
      "start_ticks": 172384734,
      "vmhwm_kib": 373364
    },
    "peak_sample": {
      "allowed_cpu_union": [
        2
      ],
      "cgroup_current_bytes": 373043200,
      "elapsed_s": 9.0938,
      "max_single_rss_kib": 373364,
      "persistent_status_misses": [],
      "processes": [
        {
          "allowed_cpus": [
            2
          ],
          "comm": "timeout",
          "live_threads": 1,
          "pid": 3515455,
          "rss_kib": 7504,
          "runnable_threads": 0,
          "start_ticks": 172383980,
          "vmhwm_kib": 7504
        },
        {
          "allowed_cpus": [
            2
          ],
          "comm": "python3",
          "live_threads": 1,
          "pid": 3515460,
          "rss_kib": 22384,
          "runnable_threads": 0,
          "start_ticks": 172383982,
          "vmhwm_kib": 22384
        },
        {
          "allowed_cpus": [
            2
          ],
          "comm": "timeout",
          "live_threads": 1,
          "pid": 3515469,
          "rss_kib": 7468,
          "runnable_threads": 0,
          "start_ticks": 172383987,
          "vmhwm_kib": 7468
        },
        {
          "allowed_cpus": [
            2
          ],
          "comm": "make",
          "live_threads": 1,
          "pid": 3515470,
          "rss_kib": 2504,
          "runnable_threads": 0,
          "start_ticks": 172383987,
          "vmhwm_kib": 2504
        },
        {
          "allowed_cpus": [
            2
          ],
          "comm": "g++",
          "live_threads": 1,
          "pid": 3515472,
          "rss_kib": 3072,
          "runnable_threads": 0,
          "start_ticks": 172383987,
          "vmhwm_kib": 3072
        },
        {
          "allowed_cpus": [
            2
          ],
          "comm": "cc1plus",
          "live_threads": 1,
          "pid": 3517011,
          "rss_kib": 373364,
          "runnable_threads": 1,
          "start_ticks": 172384734,
          "vmhwm_kib": 373364
        }
      ],
      "scratch_allocated_bytes": 6631424,
      "scratch_file_count": 163,
      "scratch_logical_bytes": 6151622,
      "scratch_race_count": 0,
      "tree_live_threads": 6,
      "tree_rss_kib": 416296,
      "tree_runnable_threads": 1
    },
    "peak_tree_sample": {
      "allowed_cpu_union": [
        2
      ],
      "cgroup_current_bytes": 373043200,
      "elapsed_s": 9.0938,
      "max_single_rss_kib": 373364,
      "persistent_status_misses": [],
      "processes": [
        {
          "allowed_cpus": [
            2
          ],
          "comm": "timeout",
          "live_threads": 1,
          "pid": 3515455,
          "rss_kib": 7504,
          "runnable_threads": 0,
          "start_ticks": 172383980,
          "vmhwm_kib": 7504
        },
        {
          "allowed_cpus": [
            2
          ],
          "comm": "python3",
          "live_threads": 1,
          "pid": 3515460,
          "rss_kib": 22384,
          "runnable_threads": 0,
          "start_ticks": 172383982,
          "vmhwm_kib": 22384
        },
        {
          "allowed_cpus": [
            2
          ],
          "comm": "timeout",
          "live_threads": 1,
          "pid": 3515469,
          "rss_kib": 7468,
          "runnable_threads": 0,
          "start_ticks": 172383987,
          "vmhwm_kib": 7468
        },
        {
          "allowed_cpus": [
            2
          ],
          "comm": "make",
          "live_threads": 1,
          "pid": 3515470,
          "rss_kib": 2504,
          "runnable_threads": 0,
          "start_ticks": 172383987,
          "vmhwm_kib": 2504
        },
        {
          "allowed_cpus": [
            2
          ],
          "comm": "g++",
          "live_threads": 1,
          "pid": 3515472,
          "rss_kib": 3072,
          "runnable_threads": 0,
          "start_ticks": 172383987,
          "vmhwm_kib": 3072
        },
        {
          "allowed_cpus": [
            2
          ],
          "comm": "cc1plus",
          "live_threads": 1,
          "pid": 3517011,
          "rss_kib": 373364,
          "runnable_threads": 1,
          "start_ticks": 172384734,
          "vmhwm_kib": 373364
        }
      ],
      "scratch_allocated_bytes": 6631424,
      "scratch_file_count": 163,
      "scratch_logical_bytes": 6151622,
      "scratch_race_count": 0,
      "tree_live_threads": 6,
      "tree_rss_kib": 416296,
      "tree_runnable_threads": 1
    },
    "peaks": {
      "cgroup_memory_peak_bytes": 380907520,
      "max_observed_process_vmhwm_kib": 373364,
      "max_sampled_allowed_cpu_count": 1,
      "max_sampled_cgroup_current_bytes": 373043200,
      "max_sampled_scratch_allocated_bytes": 7315456,
      "max_sampled_scratch_logical_bytes": 6812082,
      "max_sampled_single_rss_kib": 373364,
      "max_sampled_tree_live_threads": 6,
      "max_sampled_tree_rss_kib": 416296,
      "max_sampled_tree_runnable_threads": 2
    },
    "phase": "identity",
    "phase_marker_path": "/home/x/deco/gamma/projects/enwiki9/results/fx2_cmix_transformer_gcc_fixture50051_q0_v4/phases.jsonl",
    "phase_markers": [
      {
        "detail": null,
        "event": "start",
        "observed_elapsed_s": 0.5348,
        "phase": "compile",
        "source_line": 1
      },
      {
        "detail": null,
        "event": "end",
        "observed_elapsed_s": 16.6248,
        "phase": "compile",
        "source_line": 2
      },
      {
        "detail": null,
        "event": "start",
        "observed_elapsed_s": 17.1274,
        "phase": "preprocess",
        "source_line": 3
      },
      {
        "detail": null,
        "event": "end",
        "observed_elapsed_s": 17.1274,
        "phase": "preprocess",
        "source_line": 4
      }
    ],
    "returncode": 0,
    "sample_count": 35,
    "sample_interval_seconds": 0.5,
    "schema": "gamma.enwiki9.resource-guard-receipt.v3",
    "scratch_paths": [
      "/home/x/deco/gamma/projects/enwiki9/results/fx2_cmix_transformer_gcc_fixture50051_q0_v4"
    ],
    "smaps_rollup_checkpoints": [
      {
        "elapsed_s": 0.0329,
        "processes": [
          {
            "pid": 3515455,
            "rollup_kib": {
              "AnonHugePages": 0,
              "Anonymous": 1244,
              "FilePmdMapped": 0,
              "KSM": 0,
              "LazyFree": 0,
              "Locked": 0,
              "Private_Clean": 212,
              "Private_Dirty": 1244,
              "Private_Hugetlb": 0,
              "Pss": 2720,
              "Pss_Anon": 1244,
              "Pss_Dirty": 1244,
              "Pss_File": 1476,
              "Pss_Shmem": 0,
              "Referenced": 7504,
              "Rss": 7504,
              "Shared_Clean": 6048,
              "Shared_Dirty": 0,
              "Shared_Hugetlb": 0,
              "ShmemPmdMapped": 0,
              "Swap": 0,
              "SwapPss": 0
            },
            "start_ticks": 172383980
          },
          {
            "pid": 3515460,
            "rollup_kib": {
              "AnonHugePages": 0,
              "Anonymous": 4332,
              "FilePmdMapped": 0,
              "KSM": 0,
              "LazyFree": 0,
              "Locked": 0,
              "Private_Clean": 16,
              "Private_Dirty": 4332,
              "Private_Hugetlb": 0,
              "Pss": 4929,
              "Pss_Anon": 4332,
              "Pss_Dirty": 4332,
              "Pss_File": 597,
              "Pss_Shmem": 0,
              "Referenced": 11096,
              "Rss": 11096,
              "Shared_Clean": 6748,
              "Shared_Dirty": 0,
              "Shared_Hugetlb": 0,
              "ShmemPmdMapped": 0,
              "Swap": 0,
              "SwapPss": 0
            },
            "start_ticks": 172383982
          }
        ],
        "reason": "initial+rss_growth",
        "tree_rss_kib": 18600
      },
      {
        "elapsed_s": 0.5348,
        "processes": [
          {
            "pid": 3515455,
            "rollup_kib": {
              "AnonHugePages": 0,
              "Anonymous": 1244,
              "FilePmdMapped": 0,
              "KSM": 0,
              "LazyFree": 0,
              "Locked": 0,
              "Private_Clean": 64,
              "Private_Dirty": 1244,
              "Private_Hugetlb": 0,
              "Pss": 2606,
              "Pss_Anon": 1244,
              "Pss_Dirty": 1244,
              "Pss_File": 1362,
              "Pss_Shmem": 0,
              "Referenced": 7504,
              "Rss": 7504,
              "Shared_Clean": 6196,
              "Shared_Dirty": 0,
              "Shared_Hugetlb": 0,
              "ShmemPmdMapped": 0,
              "Swap": 0,
              "SwapPss": 0
            },
            "start_ticks": 172383980
          },
          {
            "pid": 3515460,
            "rollup_kib": {
              "AnonHugePages": 0,
              "Anonymous": 10504,
              "FilePmdMapped": 0,
              "KSM": 0,
              "LazyFree": 0,
              "Locked": 0,
              "Private_Clean": 0,
              "Private_Dirty": 10504,
              "Private_Hugetlb": 0,
              "Pss": 11396,
              "Pss_Anon": 10504,
              "Pss_Dirty": 10504,
              "Pss_File": 892,
              "Pss_Shmem": 0,
              "Referenced": 22384,
              "Rss": 22384,
              "Shared_Clean": 11880,
              "Shared_Dirty": 0,
              "Shared_Hugetlb": 0,
              "ShmemPmdMapped": 0,
              "Swap": 0,
              "SwapPss": 0
            },
            "start_ticks": 172383982
          },
          {
            "pid": 3515469,
            "rollup_kib": {
              "AnonHugePages": 0,
              "Anonymous": 1248,
              "FilePmdMapped": 0,
              "KSM": 0,
              "LazyFree": 0,
              "Locked": 0,
              "Private_Clean": 0,
              "Private_Dirty": 1248,
              "Private_Hugetlb": 0,
              "Pss": 2548,
              "Pss_Anon": 1248,
              "Pss_Dirty": 1248,
              "Pss_File": 1300,
              "Pss_Shmem": 0,
              "Referenced": 7468,
              "Rss": 7468,
              "Shared_Clean": 6220,
              "Shared_Dirty": 0,
              "Shared_Hugetlb": 0,
              "ShmemPmdMapped": 0,
              "Swap": 0,
              "SwapPss": 0
            },
            "start_ticks": 172383987
          },
          {
            "pid": 3515470,
            "rollup_kib": {
              "AnonHugePages": 0,
              "Anonymous": 384,
              "FilePmdMapped": 0,
              "KSM": 0,
              "LazyFree": 0,
              "Locked": 0,
              "Private_Clean": 276,
              "Private_Dirty": 384,
              "Private_Hugetlb": 0,
              "Pss": 679,
              "Pss_Anon": 384,
              "Pss_Dirty": 384,
              "Pss_File": 295,
              "Pss_Shmem": 0,
              "Referenced": 2504,
              "Rss": 2504,
              "Shared_Clean": 1844,
              "Shared_Dirty": 0,
              "Shared_Hugetlb": 0,
              "ShmemPmdMapped": 0,
              "Swap": 0,
              "SwapPss": 0
            },
            "start_ticks": 172383987
          },
          {
            "pid": 3515472,
            "rollup_kib": {
              "AnonHugePages": 0,
              "Anonymous": 288,
              "FilePmdMapped": 0,
              "KSM": 0,
              "LazyFree": 0,
              "Locked": 0,
              "Private_Clean": 1004,
              "Private_Dirty": 288,
              "Private_Hugetlb": 0,
              "Pss": 1313,
              "Pss_Anon": 288,
              "Pss_Dirty": 288,
              "Pss_File": 1025,
              "Pss_Shmem": 0,
              "Referenced": 3020,
              "Rss": 3020,
              "Shared_Clean": 1728,
              "Shared_Dirty": 0,
              "Shared_Hugetlb": 0,
              "ShmemPmdMapped": 0,
              "Swap": 0,
              "SwapPss": 0
            },
            "start_ticks": 172383987
          },
          {
            "pid": 3515553,
            "rollup_kib": {
              "AnonHugePages": 0,
              "Anonymous": 39432,
              "FilePmdMapped": 0,
              "KSM": 0,
              "LazyFree": 0,
              "Locked": 0,
              "Private_Clean": 6796,
              "Private_Dirty": 39432,
              "Private_Hugetlb": 0,
              "Pss": 46516,
              "Pss_Anon": 39432,
              "Pss_Dirty": 39432,
              "Pss_File": 7084,
              "Pss_Shmem": 0,
              "Referenced": 49232,
              "Rss": 49232,
              "Shared_Clean": 3004,
              "Shared_Dirty": 0,
              "Shared_Hugetlb": 0,
              "ShmemPmdMapped": 0,
              "Swap": 0,
              "SwapPss": 0
            },
            "start_ticks": 172384028
          }
        ],
        "reason": "phase_marker",
        "tree_rss_kib": 92112
      },
      {
        "elapsed_s": 5.0578,
        "processes": [
          {
            "pid": 3515455,
            "rollup_kib": {
              "AnonHugePages": 0,
              "Anonymous": 1244,
              "FilePmdMapped": 0,
              "KSM": 0,
              "LazyFree": 0,
              "Locked": 0,
              "Private_Clean": 64,
              "Private_Dirty": 1244,
              "Private_Hugetlb": 0,
              "Pss": 2346,
              "Pss_Anon": 1244,
              "Pss_Dirty": 1244,
              "Pss_File": 1102,
              "Pss_Shmem": 0,
              "Referenced": 7504,
              "Rss": 7504,
              "Shared_Clean": 6196,
              "Shared_Dirty": 0,
              "Shared_Hugetlb": 0,
              "ShmemPmdMapped": 0,
              "Swap": 0,
              "SwapPss": 0
            },
            "start_ticks": 172383980
          },
          {
            "pid": 3515460,
            "rollup_kib": {
              "AnonHugePages": 0,
              "Anonymous": 10504,
              "FilePmdMapped": 0,
              "KSM": 0,
              "LazyFree": 0,
              "Locked": 0,
              "Private_Clean": 0,
              "Private_Dirty": 10504,
              "Private_Hugetlb": 0,
              "Pss": 11395,
              "Pss_Anon": 10504,
              "Pss_Dirty": 10504,
              "Pss_File": 891,
              "Pss_Shmem": 0,
              "Referenced": 22384,
              "Rss": 22384,
              "Shared_Clean": 11880,
              "Shared_Dirty": 0,
              "Shared_Hugetlb": 0,
              "ShmemPmdMapped": 0,
              "Swap": 0,
              "SwapPss": 0
            },
            "start_ticks": 172383982
          },
          {
            "pid": 3515469,
            "rollup_kib": {
              "AnonHugePages": 0,
              "Anonymous": 1248,
              "FilePmdMapped": 0,
              "KSM": 0,
              "LazyFree": 0,
              "Locked": 0,
              "Private_Clean": 0,
              "Private_Dirty": 1248,
              "Private_Hugetlb": 0,
              "Pss": 2288,
              "Pss_Anon": 1248,
              "Pss_Dirty": 1248,
              "Pss_File": 1040,
              "Pss_Shmem": 0,
              "Referenced": 7468,
              "Rss": 7468,
              "Shared_Clean": 6220,
              "Shared_Dirty": 0,
              "Shared_Hugetlb": 0,
              "ShmemPmdMapped": 0,
              "Swap": 0,
              "SwapPss": 0
            },
            "start_ticks": 172383987
          },
          {
            "pid": 3515470,
            "rollup_kib": {
              "AnonHugePages": 0,
              "Anonymous": 384,
              "FilePmdMapped": 0,
              "KSM": 0,
              "LazyFree": 0,
              "Locked": 0,
              "Private_Clean": 276,
              "Private_Dirty": 384,
              "Private_Hugetlb": 0,
              "Pss": 679,
              "Pss_Anon": 384,
              "Pss_Dirty": 384,
              "Pss_File": 295,
              "Pss_Shmem": 0,
              "Referenced": 2504,
              "Rss": 2504,
              "Shared_Clean": 1844,
              "Shared_Dirty": 0,
              "Shared_Hugetlb": 0,
              "ShmemPmdMapped": 0,
              "Swap": 0,
              "SwapPss": 0
            },
            "start_ticks": 172383987
          },
          {
            "pid": 3515472,
            "rollup_kib": {
              "AnonHugePages": 0,
              "Anonymous": 320,
              "FilePmdMapped": 0,
              "KSM": 0,
              "LazyFree": 0,
              "Locked": 0,
              "Private_Clean": 1004,
              "Private_Dirty": 320,
              "Private_Hugetlb": 0,
              "Pss": 1345,
              "Pss_Anon": 320,
              "Pss_Dirty": 320,
              "Pss_File": 1025,
              "Pss_Shmem": 0,
              "Referenced": 3052,
              "Rss": 3052,
              "Shared_Clean": 1728,
              "Shared_Dirty": 0,
              "Shared_Hugetlb": 0,
              "ShmemPmdMapped": 0,
              "Swap": 0,
              "SwapPss": 0
            },
            "start_ticks": 172383987
          },
          {
            "pid": 3516087,
            "rollup_kib": {
              "AnonHugePages": 0,
              "Anonymous": 292260,
              "FilePmdMapped": 0,
              "KSM": 0,
              "LazyFree": 0,
              "Locked": 0,
              "Private_Clean": 29016,
              "Private_Dirty": 292260,
              "Private_Hugetlb": 0,
              "Pss": 321601,
              "Pss_Anon": 292260,
              "Pss_Dirty": 292260,
              "Pss_File": 29341,
              "Pss_Shmem": 0,
              "Referenced": 324332,
              "Rss": 324332,
              "Shared_Clean": 3056,
              "Shared_Dirty": 0,
              "Shared_Hugetlb": 0,
              "ShmemPmdMapped": 0,
              "Swap": 0,
              "SwapPss": 0
            },
            "start_ticks": 172384285
          }
        ],
        "reason": "rss_growth",
        "tree_rss_kib": 367244
      },
      {
        "elapsed_s": 16.6248,
        "processes": [
          {
            "pid": 3515455,
            "rollup_kib": {
              "AnonHugePages": 0,
              "Anonymous": 1244,
              "FilePmdMapped": 0,
              "KSM": 0,
              "LazyFree": 0,
              "Locked": 0,
              "Private_Clean": 480,
              "Private_Dirty": 1244,
              "Private_Hugetlb": 0,
              "Pss": 3355,
              "Pss_Anon": 1244,
              "Pss_Dirty": 1244,
              "Pss_File": 2111,
              "Pss_Shmem": 0,
              "Referenced": 7504,
              "Rss": 7504,
              "Shared_Clean": 5780,
              "Shared_Dirty": 0,
              "Shared_Hugetlb": 0,
              "ShmemPmdMapped": 0,
              "Swap": 0,
              "SwapPss": 0
            },
            "start_ticks": 172383980
          },
          {
            "pid": 3515460,
            "rollup_kib": {
              "AnonHugePages": 0,
              "Anonymous": 36164,
              "FilePmdMapped": 0,
              "KSM": 0,
              "LazyFree": 0,
              "Locked": 0,
              "Private_Clean": 0,
              "Private_Dirty": 36164,
              "Private_Hugetlb": 0,
              "Pss": 37067,
              "Pss_Anon": 36164,
              "Pss_Dirty": 36164,
              "Pss_File": 903,
              "Pss_Shmem": 0,
              "Referenced": 48236,
              "Rss": 48236,
              "Shared_Clean": 12072,
              "Shared_Dirty": 0,
              "Shared_Hugetlb": 0,
              "ShmemPmdMapped": 0,
              "Swap": 0,
              "SwapPss": 0
            },
            "start_ticks": 172383982
          }
        ],
        "reason": "phase_marker",
        "tree_rss_kib": 55740
      },
      {
        "elapsed_s": 17.1274,
        "processes": [],
        "reason": "phase_marker+terminal",
        "tree_rss_kib": 0
      }
    ],
    "status": "complete",
    "temporary_disk_limit_bytes": 16000000000,
    "wall_time_limit_seconds": null
  }
}
