
cmix:     file format elf64-x86-64

Program Header:
    PHDR off    0x0000000000000040 vaddr 0x0000000000000040 paddr 0x0000000000000040 align 2**3
         filesz 0x0000000000000310 memsz 0x0000000000000310 flags r--
  INTERP off    0x0000000000000374 vaddr 0x0000000000000374 paddr 0x0000000000000374 align 2**0
         filesz 0x000000000000001c memsz 0x000000000000001c flags r--
    LOAD off    0x0000000000000000 vaddr 0x0000000000000000 paddr 0x0000000000000000 align 2**12
         filesz 0x00000000000052e0 memsz 0x00000000000052e0 flags r--
    LOAD off    0x0000000000006000 vaddr 0x0000000000006000 paddr 0x0000000000006000 align 2**12
         filesz 0x0000000000062115 memsz 0x0000000000062115 flags r-x
    LOAD off    0x0000000000069000 vaddr 0x0000000000069000 paddr 0x0000000000069000 align 2**12
         filesz 0x000000000000d5c0 memsz 0x000000000000d5c0 flags r--
    LOAD off    0x00000000000774e0 vaddr 0x00000000000774e0 paddr 0x00000000000774e0 align 2**12
         filesz 0x0000000000001414 memsz 0x0000000008f39bc0 flags rw-
 DYNAMIC off    0x0000000000077960 vaddr 0x0000000000077960 paddr 0x0000000000077960 align 2**3
         filesz 0x0000000000000220 memsz 0x0000000000000220 flags rw-
    NOTE off    0x0000000000000350 vaddr 0x0000000000000350 paddr 0x0000000000000350 align 2**2
         filesz 0x0000000000000024 memsz 0x0000000000000024 flags r--
    NOTE off    0x0000000000076570 vaddr 0x0000000000076570 paddr 0x0000000000076570 align 2**3
         filesz 0x0000000000000030 memsz 0x0000000000000030 flags r--
    NOTE off    0x00000000000765a0 vaddr 0x00000000000765a0 paddr 0x00000000000765a0 align 2**2
         filesz 0x0000000000000020 memsz 0x0000000000000020 flags r--
0x6474e553 off    0x0000000000076570 vaddr 0x0000000000076570 paddr 0x0000000000076570 align 2**3
         filesz 0x0000000000000030 memsz 0x0000000000000030 flags r--
EH_FRAME off    0x000000000007019c vaddr 0x000000000007019c paddr 0x000000000007019c align 2**2
         filesz 0x0000000000000db4 memsz 0x0000000000000db4 flags r--
   STACK off    0x0000000000000000 vaddr 0x0000000000000000 paddr 0x0000000000000000 align 2**4
         filesz 0x0000000000000000 memsz 0x0000000000000000 flags rw-
   RELRO off    0x00000000000774e0 vaddr 0x00000000000774e0 paddr 0x00000000000774e0 align 2**0
         filesz 0x0000000000000b20 memsz 0x0000000000000b20 flags r--

Dynamic Section:
  NEEDED               libstdc++.so.6
  NEEDED               libm.so.6
  NEEDED               libgcc_s.so.1
  NEEDED               libc.so.6
  INIT                 0x0000000000006000
  FINI                 0x0000000000068108
  INIT_ARRAY           0x00000000000774e0
  INIT_ARRAYSZ         0x0000000000000038
  FINI_ARRAY           0x0000000000077518
  FINI_ARRAYSZ         0x0000000000000008
  GNU_HASH             0x0000000000000390
  STRTAB               0x00000000000012a8
  SYMTAB               0x00000000000003f0
  STRSZ                0x0000000000000fbc
  SYMENT               0x0000000000000018
  DEBUG                0x0000000000000000
  PLTGOT               0x0000000000077b80
  PLTRELSZ             0x0000000000000cc0
  PLTREL               0x0000000000000007
  JMPREL               0x0000000000004620
  RELA                 0x0000000000002580
  RELASZ               0x00000000000020a0
  RELAENT              0x0000000000000018
  FLAGS                0x0000000000000008
  FLAGS_1              0x0000000008000001
  VERNEED              0x00000000000023a0
  VERNEEDNUM           0x0000000000000004
  VERSYM               0x0000000000002264
  RELACOUNT            0x0000000000000140

Version References:
  required from libgcc_s.so.1:
    0x0b792650 0x00 25 GCC_3.0
  required from libm.so.6:
    0x06969187 0x00 24 GLIBC_2.27
    0x06969189 0x00 16 GLIBC_2.29
    0x09691a75 0x00 07 GLIBC_2.2.5
  required from libstdc++.so.6:
    0x0297f870 0x00 23 GLIBCXX_3.4.20
    0x0297f869 0x00 22 GLIBCXX_3.4.19
    0x0297f861 0x00 21 GLIBCXX_3.4.11
    0x0bafd179 0x00 19 CXXABI_1.3.9
    0x0297f879 0x00 15 GLIBCXX_3.4.29
    0x0297f868 0x00 13 GLIBCXX_3.4.18
    0x02297f89 0x00 12 GLIBCXX_3.4.9
    0x056bafd3 0x00 10 CXXABI_1.3
    0x0afd17f1 0x00 09 CXXABI_1.3.11
    0x0bafd175 0x00 08 CXXABI_1.3.5
    0x0297f871 0x00 06 GLIBCXX_3.4.21
    0x0297f865 0x00 05 GLIBCXX_3.4.15
    0x08922974 0x00 04 GLIBCXX_3.4
  required from libc.so.6:
    0x069691b8 0x00 27 GLIBC_2.38
    0x06969182 0x00 26 GLIBC_2.22
    0x0d696914 0x00 20 GLIBC_2.4
    0x069691b3 0x00 18 GLIBC_2.33
    0x06969194 0x00 17 GLIBC_2.14
    0x069691b4 0x00 14 GLIBC_2.34
    0x0d696917 0x00 11 GLIBC_2.7
    0x09691a75 0x00 03 GLIBC_2.2.5
    0x09691974 0x00 02 GLIBC_2.3.4

