test_all_fifteen_real_cli_processes_and_unmodified_driver_rows (__main__.GateTests.test_all_fifteen_real_cli_processes_and_unmodified_driver_rows) ... ok
test_complete_report_comparison_rejects_internal_state_divergence (__main__.GateTests.test_complete_report_comparison_rejects_internal_state_divergence) ... ok
test_conditional_gain_retains_dependency_and_no_score_credit (__main__.GateTests.test_conditional_gain_retains_dependency_and_no_score_credit) ... ok
test_describe_outputs_opens_no_inputs (__main__.GateTests.test_describe_outputs_opens_no_inputs) ... ok
test_failed_control_and_weak_compression_are_distinct (__main__.GateTests.test_failed_control_and_weak_compression_are_distinct) ... ok
test_final_authentication_failure_publishes_no_positive_table (__main__.GateTests.test_final_authentication_failure_publishes_no_positive_table) ... ok
test_first_divergence_retains_state_record_context (__main__.GateTests.test_first_divergence_retains_state_record_context) ... ok
test_inactive_required_control_is_inconclusive (__main__.GateTests.test_inactive_required_control_is_inconclusive) ... ok
test_metadata_preflight_never_opens_payloads (__main__.GateTests.test_metadata_preflight_never_opens_payloads) ... ok
test_mismatched_job_and_cgroup_reject_before_payload_access (__main__.GateTests.test_mismatched_job_and_cgroup_reject_before_payload_access) ... ok
test_missing_admission_rejects_before_payload_reader_construction (__main__.GateTests.test_missing_admission_rejects_before_payload_reader_construction) ... ok
test_missing_closed_output_prevents_positive_table (__main__.GateTests.test_missing_closed_output_prevents_positive_table) ... ok
test_output_declarations_have_all_fifteen_independent_phases (__main__.GateTests.test_output_declarations_have_all_fifteen_independent_phases) ... ok
test_parent_bookkeeping_probability_identity_is_required (__main__.GateTests.test_parent_bookkeeping_probability_identity_is_required) ... ok
test_post_write_fingerprint_failure_quarantines_comparison (__main__.GateTests.test_post_write_fingerprint_failure_quarantines_comparison) ... ok
test_report_scope_identity_and_missing_mandatory_fields (__main__.GateTests.test_report_scope_identity_and_missing_mandatory_fields) ... ok
test_runtime_replacement_and_unbound_python_fail (__main__.GateTests.test_runtime_replacement_and_unbound_python_fail) ... ok

----------------------------------------------------------------------
Ran 17 tests in 1.219s

OK
