{
  "arm": "E-decode",
  "clean_codec_environment": {
    "CMIX_PPM_RSS_MB": "8192",
    "GAMMA_RESOURCE_PHASE_MARKERS": "/home/x/deco/gamma/projects/enwiki9/results/cmix_obias_source_ppm_rss_env8192_zombiefix_q0_v1/e_decode/phase-markers.jsonl",
    "PATH": "/usr/bin:/bin"
  },
  "exact_decode_filename": "enwik9_uncompressed",
  "execution": {
    "argv": [
      "/home/x/deco/gamma/projects/enwiki9/scratch/cmix_obias_source_ppm_rss_env8192_zombiefix_q0_v1/e_decode/archive9"
    ],
    "elapsed_seconds": 103.305085,
    "final_process_accounting_complete": false,
    "identity_errors": [],
    "measurement_complete": true,
    "measurement_errors": [],
    "measurement_scope": "Identity-stable per-process sampled counters only. Unique-tree IO totals are unavailable because parent IO can include waited-for children. Fault totals are sampled and not exhaustive child coverage or final lifetime totals.",
    "ppm_residency": {
      "claim_boundary": "Observed mapping-RSS drops and regrowth plus process-tree faults and IO quantify purge/refault effects; they are not a direct madvise call count.",
      "event_threshold_kib": 32768,
      "events": [],
      "events_truncated": false,
      "maximum_dirty_kib": 10496,
      "maximum_referenced_kib": 11664,
      "maximum_rss_kib": 11664,
      "minimum_rss_kib": 8,
      "observation_count": 19,
      "observed_drop_count": 0,
      "observed_refault_growth_count": 0
    },
    "previously_sampled_terminal_io_unavailable": [
      {
        "after": {
          "major_faults": 2946,
          "minor_faults": 285977,
          "ok": true,
          "pid": 3470353,
          "start_ticks": 165471594,
          "state": "Z"
        },
        "before": {
          "major_faults": 2946,
          "minor_faults": 285977,
          "ok": true,
          "pid": 3470353,
          "start_ticks": 165471594,
          "state": "Z"
        },
        "classification": "sampled_terminal_io_unavailable",
        "io": {
          "errno": 13,
          "error": "PermissionError",
          "ok": false
        },
        "pid": 3470353,
        "prior_successful_identity_sample": true
      }
    ],
    "process_tree_totals": {
      "major_faults": 4912,
      "minor_faults": 530892,
      "read_bytes": null,
      "write_bytes": null
    },
    "processes": [
      {
        "major_faults": 2944,
        "minor_faults": 284418,
        "pid": 3470353,
        "read_bytes": 0,
        "start_ticks": 165471594,
        "write_bytes": 43433984
      },
      {
        "major_faults": 0,
        "minor_faults": 71,
        "pid": 3470355,
        "read_bytes": 0,
        "start_ticks": 165471596,
        "write_bytes": 0
      },
      {
        "major_faults": 1968,
        "minor_faults": 246403,
        "pid": 3470356,
        "read_bytes": 0,
        "start_ticks": 165471596,
        "write_bytes": 15921152
      }
    ],
    "proven_exit_races": [],
    "raw_io_sum_authority": "None: per-process IO may include waited-for children, so this sum can overlap and is not unique-tree IO or a physical-IO bound.",
    "raw_sum_of_sampled_process_io_counters": {
      "read_bytes": 0,
      "write_bytes": 59355136
    },
    "returncode": 0,
    "sample_count": 383,
    "stderr": {
      "bytes": 527744,
      "path": "/home/x/deco/gamma/projects/enwiki9/results/cmix_obias_source_ppm_rss_env8192_zombiefix_q0_v1/e_decode/codec.stderr",
      "sha256": "f041c6f94c51619ad2c22f2181b47eccc53f896093bc4931d9e39604114e0327"
    },
    "stdout": {
      "bytes": 191,
      "path": "/home/x/deco/gamma/projects/enwiki9/results/cmix_obias_source_ppm_rss_env8192_zombiefix_q0_v1/e_decode/codec.stdout",
      "sha256": "b1b76388ae510c5e66313d64dabeecc20e2de4088a14511bbc00d3f6124a9e7f"
    }
  },
  "execution_artifact": {
    "bytes": 3228,
    "path": "/home/x/deco/gamma/projects/enwiki9/results/cmix_obias_source_ppm_rss_env8192_zombiefix_q0_v1/e_decode/execution.json",
    "sha256": "fad242ea5d24ea4fec2180e8bb8a2f36005caa8516e5134cdf50ea3a5c06587c"
  },
  "inputs": {
    "archive": {
      "bytes": 464298,
      "path": "/home/x/deco/gamma/projects/enwiki9/results/cmix_obias_source_ppm_rss_env8192_zombiefix_q0_v1/e_a/archive9",
      "sha256": "9065eaf54f81e441598fd53c39f909db49d6a9627ae0456eabb8c77099b8ccc4"
    }
  },
  "mode": "decode",
  "outputs": {
    "restored": {
      "bytes": 1000000,
      "path": "/home/x/deco/gamma/projects/enwiki9/results/cmix_obias_source_ppm_rss_env8192_zombiefix_q0_v1/e_decode/enwik9_uncompressed",
      "sha256": "369b688978f649681136198fb96db14c1616756260c55fb4b65e9bc049552cad"
    }
  },
  "phase_marker_path": "/home/x/deco/gamma/projects/enwiki9/results/cmix_obias_source_ppm_rss_env8192_zombiefix_q0_v1/e_decode/phase-markers.jsonl",
  "ppm_rss_environment": {
    "CMIX_PPM_RSS_MB": "8192"
  },
  "schema": "gamma.enwiki9.cmix-obias-source-ppm-rss-env8192-opening1m-stage.zombiefix-q0-v1",
  "scope_bytes": 1000000,
  "stage_pass": true
}
{
  "resource_guard": {
    "cgroup": {
      "inode": 213745,
      "joined_before_exec": true,
      "memory_and_swap_verified_before_child_exec": true,
      "memory_max_bytes": 9999998976,
      "memory_max_rounding_bytes": 1024,
      "memory_peak_reset": true,
      "memory_swap_max_bytes": 0,
      "path": "/sys/fs/cgroup/user.slice/user-1000.slice/user@1000.service/app.slice/gamma-cmix-obias-env8192-opening1m-zombiefix-q0-v1-e_decode",
      "previous_memory_max": "max",
      "previous_memory_swap_max": "max",
      "requested_memory_max_bytes": 10000000000,
      "requested_memory_swap_max_bytes": 0
    },
    "cgroup_events": {
      "baseline": {
        "high": 0,
        "low": 0,
        "max": 0,
        "oom": 0,
        "oom_group_kill": 0,
        "oom_kill": 0,
        "sock_throttled": 0
      },
      "delta": {
        "high": 0,
        "low": 0,
        "max": 0,
        "oom": 0,
        "oom_group_kill": 0,
        "oom_kill": 0,
        "sock_throttled": 0
      },
      "final": {
        "high": 0,
        "low": 0,
        "max": 0,
        "oom": 0,
        "oom_group_kill": 0,
        "oom_kill": 0,
        "sock_throttled": 0
      }
    },
    "command": [
      "/usr/bin/python3",
      "/home/x/deco/gamma/projects/enwiki9/tools/cmix_obias_source_ppm_rss_env8192_zombiefix_q0_v1_stage.py",
      "--mode",
      "decode",
      "--arm",
      "E-decode",
      "--work-root",
      "/home/x/deco/gamma/projects/enwiki9/scratch/cmix_obias_source_ppm_rss_env8192_zombiefix_q0_v1/e_decode",
      "--result-root",
      "/home/x/deco/gamma/projects/enwiki9/results/cmix_obias_source_ppm_rss_env8192_zombiefix_q0_v1/e_decode",
      "--receipt",
      "/home/x/deco/gamma/projects/enwiki9/results/cmix_obias_source_ppm_rss_env8192_zombiefix_q0_v1/e_decode/stage.json",
      "--ppm-rss-mb",
      "8192",
      "--archive",
      "/home/x/deco/gamma/projects/enwiki9/results/cmix_obias_source_ppm_rss_env8192_zombiefix_q0_v1/e_a/archive9"
    ],
    "command_sha256": "08d9d87dbef0375d167132b2bcf682b386f21e50fdfc242ab6bc7d4ddbedf271",
    "elapsed_s": 103.5459,
    "guards": {
      "cgroup_memory_guard_exceeded": false,
      "logical_cpu_guard_exceeded": false,
      "measurement_incomplete": false,
      "official_decimal_memory_exceeded": false,
      "phase_marker_invalid": false,
      "rss_guard_exceeded": false,
      "temporary_disk_guard_exceeded": false,
      "wall_time_guard_exceeded": false
    },
    "label": "cmix_obias_source_ppm_rss_env8192_zombiefix_q0_v1-e_decode",
    "latest_sample": {
      "allowed_cpu_union": [],
      "cgroup_current_bytes": 9121792,
      "elapsed_s": 103.5442,
      "max_single_rss_kib": 0,
      "persistent_status_misses": [],
      "processes": [],
      "scratch_allocated_bytes": 41910272,
      "scratch_file_count": 124,
      "scratch_logical_bytes": 41592475,
      "scratch_race_count": 0,
      "tree_live_threads": 0,
      "tree_rss_kib": 0,
      "tree_runnable_threads": 0
    },
    "limit_kib": 9765625,
    "limit_mode": "tree",
    "max_logical_cpus": 1,
    "measurements": {
      "affinity_complete": true,
      "cgroup_v2_complete": true,
      "per_process_vmhwm_sampled": true,
      "phase_markers_complete": true,
      "process_tree_rss_complete": true,
      "scratch_logical_and_allocated_complete": true,
      "smaps_rollup_complete": true
    },
    "objective": {
      "corpusBytes": 1000000000,
      "corpusSha256": "159b85351e5f76e60cbe32e04c677847a9ecba3adc79addab6f4c6c7aa3744bc",
      "objectiveDigest": "sha256:ce4c435c0f398caf65a09050c8518d9c5ea63239f9156048ea2aaaf9b8ffa7e8",
      "objectiveId": "gamma-enwiki9-hutter-105m-v1",
      "objectivePath": "contracts/research/v1/objective-contract.json",
      "targetScoreBytes": 105000000
    },
    "official_decimal_limit_kib": 9765625,
    "peak_process_vmhwm": {
      "comm": "archive9",
      "observed_elapsed_s": 103.0427,
      "pid": 3470353,
      "start_ticks": 165471594,
      "vmhwm_kib": 8346088
    },
    "peak_sample": {
      "allowed_cpu_union": [
        2
      ],
      "cgroup_current_bytes": 8573935616,
      "elapsed_s": 103.0427,
      "max_single_rss_kib": 8346088,
      "persistent_status_misses": [],
      "processes": [
        {
          "allowed_cpus": [
            2
          ],
          "comm": "python3",
          "live_threads": 1,
          "pid": 3470342,
          "rss_kib": 23448,
          "runnable_threads": 0,
          "start_ticks": 165471588,
          "vmhwm_kib": 23448
        },
        {
          "allowed_cpus": [
            2
          ],
          "comm": "archive9",
          "live_threads": 1,
          "pid": 3470353,
          "rss_kib": 8346088,
          "runnable_threads": 1,
          "start_ticks": 165471594,
          "vmhwm_kib": 8346088
        }
      ],
      "scratch_allocated_bytes": 47558656,
      "scratch_file_count": 115,
      "scratch_logical_bytes": 14715299007,
      "scratch_race_count": 0,
      "tree_live_threads": 2,
      "tree_rss_kib": 8369536,
      "tree_runnable_threads": 1
    },
    "peak_tree_sample": {
      "allowed_cpu_union": [
        2
      ],
      "cgroup_current_bytes": 8573935616,
      "elapsed_s": 103.0427,
      "max_single_rss_kib": 8346088,
      "persistent_status_misses": [],
      "processes": [
        {
          "allowed_cpus": [
            2
          ],
          "comm": "python3",
          "live_threads": 1,
          "pid": 3470342,
          "rss_kib": 23448,
          "runnable_threads": 0,
          "start_ticks": 165471588,
          "vmhwm_kib": 23448
        },
        {
          "allowed_cpus": [
            2
          ],
          "comm": "archive9",
          "live_threads": 1,
          "pid": 3470353,
          "rss_kib": 8346088,
          "runnable_threads": 1,
          "start_ticks": 165471594,
          "vmhwm_kib": 8346088
        }
      ],
      "scratch_allocated_bytes": 47558656,
      "scratch_file_count": 115,
      "scratch_logical_bytes": 14715299007,
      "scratch_race_count": 0,
      "tree_live_threads": 2,
      "tree_rss_kib": 8369536,
      "tree_runnable_threads": 1
    },
    "peaks": {
      "cgroup_memory_peak_bytes": 8574197760,
      "max_observed_process_vmhwm_kib": 8346088,
      "max_sampled_allowed_cpu_count": 1,
      "max_sampled_cgroup_current_bytes": 8573935616,
      "max_sampled_scratch_allocated_bytes": 47558656,
      "max_sampled_scratch_logical_bytes": 14715299007,
      "max_sampled_single_rss_kib": 8346088,
      "max_sampled_tree_live_threads": 4,
      "max_sampled_tree_rss_kib": 8369536,
      "max_sampled_tree_runnable_threads": 2
    },
    "phase": "identity",
    "phase_marker_path": "/home/x/deco/gamma/projects/enwiki9/results/cmix_obias_source_ppm_rss_env8192_zombiefix_q0_v1/e_decode/phase-markers.jsonl",
    "phase_markers": [
      {
        "detail": null,
        "event": "start",
        "observed_elapsed_s": 0.5247,
        "phase": "opening1m_e_decode",
        "source_line": 1
      },
      {
        "detail": null,
        "event": "end",
        "observed_elapsed_s": 103.5442,
        "phase": "opening1m_e_decode",
        "source_line": 2
      }
    ],
    "returncode": 0,
    "sample_count": 207,
    "sample_interval_seconds": 0.5,
    "schema": "gamma.enwiki9.resource-guard-receipt.v3",
    "scratch_paths": [
      "/home/x/deco/gamma/projects/enwiki9/scratch/cmix_obias_source_ppm_rss_env8192_zombiefix_q0_v1",
      "/home/x/deco/gamma/projects/enwiki9/results/cmix_obias_source_ppm_rss_env8192_zombiefix_q0_v1"
    ],
    "smaps_rollup_checkpoints": [
      {
        "elapsed_s": 0.0228,
        "processes": [
          {
            "pid": 3470342,
            "rollup_kib": {
              "AnonHugePages": 0,
              "Anonymous": 2824,
              "FilePmdMapped": 0,
              "KSM": 0,
              "LazyFree": 0,
              "Locked": 0,
              "Private_Clean": 24,
              "Private_Dirty": 2824,
              "Private_Hugetlb": 0,
              "Pss": 3436,
              "Pss_Anon": 2824,
              "Pss_Dirty": 2824,
              "Pss_File": 612,
              "Pss_Shmem": 0,
              "Referenced": 8860,
              "Rss": 8860,
              "Shared_Clean": 6012,
              "Shared_Dirty": 0,
              "Shared_Hugetlb": 0,
              "ShmemPmdMapped": 0,
              "Swap": 0,
              "SwapPss": 0
            },
            "start_ticks": 165471588
          }
        ],
        "reason": "initial+rss_growth",
        "tree_rss_kib": 8860
      },
      {
        "elapsed_s": 0.5247,
        "processes": [
          {
            "pid": 3470342,
            "rollup_kib": {
              "AnonHugePages": 0,
              "Anonymous": 10876,
              "FilePmdMapped": 0,
              "KSM": 0,
              "LazyFree": 0,
              "Locked": 0,
              "Private_Clean": 0,
              "Private_Dirty": 10876,
              "Private_Hugetlb": 0,
              "Pss": 11929,
              "Pss_Anon": 10876,
              "Pss_Dirty": 10876,
              "Pss_File": 1053,
              "Pss_Shmem": 0,
              "Referenced": 22720,
              "Rss": 22720,
              "Shared_Clean": 11844,
              "Shared_Dirty": 0,
              "Shared_Hugetlb": 0,
              "ShmemPmdMapped": 0,
              "Swap": 0,
              "SwapPss": 0
            },
            "start_ticks": 165471588
          },
          {
            "pid": 3470353,
            "rollup_kib": {
              "AnonHugePages": 0,
              "Anonymous": 1928,
              "FilePmdMapped": 0,
              "KSM": 0,
              "LazyFree": 0,
              "Locked": 0,
              "Private_Clean": 0,
              "Private_Dirty": 2008,
              "Private_Hugetlb": 0,
              "Pss": 2289,
              "Pss_Anon": 1928,
              "Pss_Dirty": 2008,
              "Pss_File": 281,
              "Pss_Shmem": 80,
              "Referenced": 5940,
              "Rss": 5940,
              "Shared_Clean": 3932,
              "Shared_Dirty": 0,
              "Shared_Hugetlb": 0,
              "ShmemPmdMapped": 0,
              "Swap": 0,
              "SwapPss": 0
            },
            "start_ticks": 165471594
          },
          {
            "pid": 3470355,
            "rollup_kib": {
              "AnonHugePages": 0,
              "Anonymous": 112,
              "FilePmdMapped": 0,
              "KSM": 0,
              "LazyFree": 0,
              "Locked": 0,
              "Private_Clean": 120,
              "Private_Dirty": 112,
              "Private_Hugetlb": 0,
              "Pss": 253,
              "Pss_Anon": 112,
              "Pss_Dirty": 112,
              "Pss_File": 141,
              "Pss_Shmem": 0,
              "Referenced": 1944,
              "Rss": 1944,
              "Shared_Clean": 1712,
              "Shared_Dirty": 0,
              "Shared_Hugetlb": 0,
              "ShmemPmdMapped": 0,
              "Swap": 0,
              "SwapPss": 0
            },
            "start_ticks": 165471596
          },
          {
            "pid": 3470356,
            "rollup_kib": {
              "AnonHugePages": 6313984,
              "Anonymous": 7085152,
              "FilePmdMapped": 0,
              "KSM": 0,
              "LazyFree": 0,
              "Locked": 0,
              "Private_Clean": 0,
              "Private_Dirty": 7085528,
              "Private_Hugetlb": 0,
              "Pss": 7085847,
              "Pss_Anon": 7085152,
              "Pss_Dirty": 7085528,
              "Pss_File": 335,
              "Pss_Shmem": 360,
              "Referenced": 7089760,
              "Rss": 7089760,
              "Shared_Clean": 4232,
              "Shared_Dirty": 0,
              "Shared_Hugetlb": 0,
              "ShmemPmdMapped": 0,
              "Swap": 0,
              "SwapPss": 0
            },
            "start_ticks": 165471596
          }
        ],
        "reason": "phase_marker+rss_growth",
        "tree_rss_kib": 7070856
      },
      {
        "elapsed_s": 1.0514,
        "processes": [
          {
            "pid": 3470342,
            "rollup_kib": {
              "AnonHugePages": 0,
              "Anonymous": 10892,
              "FilePmdMapped": 0,
              "KSM": 0,
              "LazyFree": 0,
              "Locked": 0,
              "Private_Clean": 0,
              "Private_Dirty": 10892,
              "Private_Hugetlb": 0,
              "Pss": 11945,
              "Pss_Anon": 10892,
              "Pss_Dirty": 10892,
              "Pss_File": 1053,
              "Pss_Shmem": 0,
              "Referenced": 22736,
              "Rss": 22736,
              "Shared_Clean": 11844,
              "Shared_Dirty": 0,
              "Shared_Hugetlb": 0,
              "ShmemPmdMapped": 0,
              "Swap": 0,
              "SwapPss": 0
            },
            "start_ticks": 165471588
          },
          {
            "pid": 3470353,
            "rollup_kib": {
              "AnonHugePages": 0,
              "Anonymous": 1928,
              "FilePmdMapped": 0,
              "KSM": 0,
              "LazyFree": 0,
              "Locked": 0,
              "Private_Clean": 0,
              "Private_Dirty": 2008,
              "Private_Hugetlb": 0,
              "Pss": 2289,
              "Pss_Anon": 1928,
              "Pss_Dirty": 2008,
              "Pss_File": 281,
              "Pss_Shmem": 80,
              "Referenced": 5940,
              "Rss": 5940,
              "Shared_Clean": 3932,
              "Shared_Dirty": 0,
              "Shared_Hugetlb": 0,
              "ShmemPmdMapped": 0,
              "Swap": 0,
              "SwapPss": 0
            },
            "start_ticks": 165471594
          },
          {
            "pid": 3470355,
            "rollup_kib": {
              "AnonHugePages": 0,
              "Anonymous": 112,
              "FilePmdMapped": 0,
              "KSM": 0,
              "LazyFree": 0,
              "Locked": 0,
              "Private_Clean": 120,
              "Private_Dirty": 112,
              "Private_Hugetlb": 0,
              "Pss": 253,
              "Pss_Anon": 112,
              "Pss_Dirty": 112,
              "Pss_File": 141,
              "Pss_Shmem": 0,
              "Referenced": 1944,
              "Rss": 1944,
              "Shared_Clean": 1712,
              "Shared_Dirty": 0,
              "Shared_Hugetlb": 0,
              "ShmemPmdMapped": 0,
              "Swap": 0,
              "SwapPss": 0
            },
            "start_ticks": 165471596
          },
          {
            "pid": 3470356,
            "rollup_kib": {
              "AnonHugePages": 7000064,
              "Anonymous": 7803504,
              "FilePmdMapped": 0,
              "KSM": 0,
              "LazyFree": 0,
              "Locked": 0,
              "Private_Clean": 0,
              "Private_Dirty": 7803992,
              "Private_Hugetlb": 0,
              "Pss": 7804312,
              "Pss_Anon": 7803504,
              "Pss_Dirty": 7803992,
              "Pss_File": 448,
              "Pss_Shmem": 360,
              "Referenced": 7808224,
              "Rss": 7808224,
              "Shared_Clean": 4232,
              "Shared_Dirty": 0,
              "Shared_Hugetlb": 0,
              "ShmemPmdMapped": 0,
              "Swap": 0,
              "SwapPss": 0
            },
            "start_ticks": 165471596
          }
        ],
        "reason": "rss_growth",
        "tree_rss_kib": 7838744
      },
      {
        "elapsed_s": 46.274,
        "processes": [
          {
            "pid": 3470342,
            "rollup_kib": {
              "AnonHugePages": 0,
              "Anonymous": 11604,
              "FilePmdMapped": 0,
              "KSM": 0,
              "LazyFree": 0,
              "Locked": 0,
              "Private_Clean": 0,
              "Private_Dirty": 11604,
              "Private_Hugetlb": 0,
              "Pss": 12659,
              "Pss_Anon": 11604,
              "Pss_Dirty": 11604,
              "Pss_File": 1055,
              "Pss_Shmem": 0,
              "Referenced": 23448,
              "Rss": 23448,
              "Shared_Clean": 11844,
              "Shared_Dirty": 0,
              "Shared_Hugetlb": 0,
              "ShmemPmdMapped": 0,
              "Swap": 0,
              "SwapPss": 0
            },
            "start_ticks": 165471588
          },
          {
            "pid": 3470353,
            "rollup_kib": {
              "AnonHugePages": 7237632,
              "Anonymous": 8118072,
              "FilePmdMapped": 0,
              "KSM": 0,
              "LazyFree": 0,
              "Locked": 0,
              "Private_Clean": 0,
              "Private_Dirty": 8118556,
              "Private_Hugetlb": 0,
              "Pss": 8118914,
              "Pss_Anon": 8118072,
              "Pss_Dirty": 8118556,
              "Pss_File": 482,
              "Pss_Shmem": 360,
              "Referenced": 8122744,
              "Rss": 8122744,
              "Shared_Clean": 4188,
              "Shared_Dirty": 0,
              "Shared_Hugetlb": 0,
              "ShmemPmdMapped": 0,
              "Swap": 0,
              "SwapPss": 0
            },
            "start_ticks": 165471594
          }
        ],
        "reason": "rss_growth",
        "tree_rss_kib": 8146088
      },
      {
        "elapsed_s": 103.5442,
        "processes": [],
        "reason": "phase_marker+terminal",
        "tree_rss_kib": 0
      }
    ],
    "status": "complete",
    "temporary_disk_limit_bytes": 100000000000,
    "wall_time_limit_seconds": null
  }
}
