0.00 0
0.01 4
0.02 8
0.04 12
0.05 15
0.06 18
0.07 22
0.09 25
0.10 28
0.11 31
0.12 33
0.14 35
0.15 38
0.16 41
0.17 43
0.18 44
0.20 45
0.21 46
0.22 48
0.23 51
0.25 54
0.26 58
0.27 60
0.28 63
0.30 64
0.31 65
0.32 65
0.33 66
0.34 67
0.36 69
0.37 69
0.38 70
0.39 72
0.41 72
0.42 72
0.43 73
0.44 73
0.46 73
0.47 75
0.48 75
0.49 75
0.50 75
0.52 75
0.53 75
0.54 75
0.55 76
0.57 76
0.58 76
0.59 76
0.60 76
0.62 76
0.63 76
0.64 76
0.65 76
0.67 76
0.68 76
0.69 76
0.70 76
0.71 76
0.73 76
0.74 76
0.75 76
0.76 76
0.78 76
0.79 76
0.80 76
0.81 76
0.83 78
0.84 81
0.85 81
0.86 81
0.87 81
0.89 81
0.90 84
0.91 85
0.92 85
0.94 86
0.95 88
0.96 90
0.97 93
0.99 96
1.00 97
1.01 99
1.02 102
1.03 104
1.05 106
1.06 108
1.07 111
1.08 112
1.10 114
1.11 116
1.12 119
1.13 119
1.15 120
1.16 122
1.17 123
1.18 126
1.19 127
1.21 127
1.22 127
1.23 127
1.24 127
1.26 127
1.27 127
1.28 130
1.29 132
1.31 134
1.32 136
1.33 138
1.34 140
1.35 141
1.37 141
1.38 141
1.39 143
1.40 145
1.42 147
1.43 147
1.44 149
1.45 149
1.47 149
1.48 150
1.49 150
1.50 150
1.51 150
1.53 150
1.54 150
1.55 150
1.56 150
1.58 150
1.59 150
1.60 150
1.61 150
1.63 150
1.64 152
1.65 152
1.66 152
1.67 152
1.69 152
1.70 152
1.71 152
1.72 152
1.74 152
1.75 152
1.76 152
1.77 152
1.79 152
1.80 152
1.81 152
1.82 152
1.84 152
1.85 152
1.86 152
1.87 152
1.88 152
1.90 152
1.91 152
1.92 152
1.93 152
1.95 152
1.96 152
1.97 152
1.98 152
2.00 152
2.01 152
2.02 152
2.03 152
2.04 152
2.06 152
2.07 152
2.08 153
2.09 153
2.11 153
2.12 153
2.13 153
2.14 153
2.16 153
2.17 153
2.18 153
2.19 153
2.20 153
2.22 153
2.23 153
2.24 153
2.25 153
2.27 153
2.28 153
2.29 153
2.30 153
2.32 153
2.33 153
2.34 153
2.35 153
2.36 153
2.38 153
2.39 153
2.40 153
2.41 153
2.43 156
2.44 156
2.45 156
2.46 156
2.48 156
2.49 156
2.50 156
2.51 156
2.52 156
2.54 156
2.55 156
2.56 156
2.57 156
2.59 156
2.60 156
2.61 156
2.62 156
2.64 156
2.65 156
2.66 156
2.67 156
2.68 156
2.70 156
2.71 156
2.72 156
2.73 156
2.75 156
2.76 156
2.77 156
2.78 156
2.80 156
2.81 156
2.82 156
2.83 156
2.85 156
2.86 156
2.87 156
2.88 156
2.89 156
2.91 156
2.92 156
2.93 156
2.94 156
2.96 156
2.97 156
2.98 156
2.99 156
3.01 156
3.02 156
3.03 156
3.04 156
3.05 156
3.07 156
3.08 156
3.09 156
3.10 156
3.12 156
3.13 156
3.14 156
3.15 156
3.17 156
3.18 156
3.19 156
3.20 156
3.21 158
3.23 159
3.24 159
3.25 159
3.26 159
3.28 159
3.29 159
3.30 159
3.31 159
3.33 159
3.34 159
3.35 159
3.36 159
3.37 159
3.39 159
3.40 159
3.41 159
3.42 159
3.44 159
3.45 159
3.46 159
3.47 159
3.49 159
3.50 159
3.51 159
3.52 159
3.53 159
3.55 159
3.56 159
3.57 159
3.58 159
3.60 159
3.61 159
3.62 159
3.63 159
3.65 159
3.66 159
3.67 159
3.68 159
3.69 159
3.71 159
3.72 159
3.73 159
3.74 159
3.76 159
3.77 159
3.78 159
3.79 159
3.81 159
3.82 159
3.83 159
3.84 159
3.85 159
3.87 159
3.88 159
3.89 159
3.90 159
3.92 159
3.93 159
3.94 159
3.95 159
3.97 159
3.98 159
3.99 159
4.00 160
4.02 162
4.03 162
4.04 162
4.05 162
4.06 162
4.08 162
4.09 162
4.10 162
4.11 162
4.13 162
4.14 162
4.15 162
4.16 162
4.18 162
4.19 162
4.20 162
4.21 162
4.22 162
4.24 162
4.25 162
4.26 162
4.27 162
4.29 162
4.30 162
4.31 162
4.32 162
4.34 162
4.35 162
4.36 162
4.37 162
4.38 162
4.40 162
4.41 162
4.42 162
4.43 162
4.45 162
4.46 162
4.47 162
4.48 162
4.50 162
4.51 162
4.52 162
4.53 162
4.54 162
4.56 162
4.57 162
4.58 162
4.59 162
4.61 162
4.62 162
4.63 162
4.64 162
4.66 162
4.67 162
4.68 162
4.69 162
4.70 162
4.72 162
4.73 162
4.74 162
4.75 162
4.77 162
4.78 162
4.79 162
4.80 163
4.82 165
4.83 166
4.84 166
4.85 166
4.86 166
4.88 166
4.89 166
4.90 166
4.91 166
4.93 166
4.94 166
4.95 166
4.96 166
4.98 166
4.99 166
5.00 166
5.01 166
5.02 166
5.04 166
5.05 166
5.06 166
5.07 166
5.09 166
5.10 166
5.11 166
5.12 166
5.14 166
5.15 166
5.16 166
5.17 166
5.19 166
5.20 166
5.21 166
5.22 166
5.23 166
5.25 166
5.26 166
5.27 166
5.28 166
5.30 166
5.31 166
5.32 166
5.33 166
5.35 166
5.36 166
5.37 166
5.38 166
5.39 166
5.41 166
5.42 166
5.43 166
5.44 166
5.46 166
5.47 166
5.48 166
5.49 166
5.51 166
5.52 166
5.53 166
5.54 166
5.55 166
5.57 166
5.58 166
5.59 166
5.60 167
5.62 168
5.63 168
5.64 168
5.65 168
5.67 168
5.68 168
5.69 168
5.70 168
5.71 168
5.73 168
5.74 168
5.75 168
5.76 168
5.78 168
5.79 168
5.80 168
5.81 168
5.83 168
5.84 168
5.85 168
5.86 168
5.87 168
5.89 168
5.90 168
5.91 168
5.92 168
5.94 168
5.95 168
5.96 168
5.97 168
5.99 168
6.00 168
6.01 168
6.02 168
6.03 168
6.05 168
6.06 168
6.07 168
6.08 168
6.10 168
6.11 168
6.12 168
6.13 168
6.15 168
6.16 168
6.17 168
6.18 168
6.19 168
6.21 168
6.22 168
6.23 168
6.24 168
6.26 168
6.27 168
6.28 168
6.29 168
6.31 168
6.32 168
6.33 168
6.34 168
6.36 168
6.37 168
6.38 168
6.39 168
6.40 170
6.42 170
6.43 170
6.44 170
6.45 170
6.47 170
6.48 170
6.49 170
6.50 170
6.52 170
6.53 170
6.54 170
6.55 170
6.56 170
6.58 170
6.59 170
6.60 170
6.61 170
6.63 170
6.64 170
6.65 170
6.66 170
6.68 170
6.69 170
6.70 170
6.71 170
6.72 170
6.74 170
6.75 170
6.76 170
6.77 170
6.79 170
6.80 170
6.81 170
6.82 170
6.84 170
6.85 170
6.86 170
6.87 170
6.88 170
6.90 170
6.91 170
6.92 170
6.93 170
6.95 170
6.96 170
6.97 170
6.98 170
7.00 170
7.01 170
7.02 170
7.03 170
7.04 170
7.06 170
7.07 170
7.08 170
7.09 170
7.11 170
7.12 170
7.13 170
7.14 170
7.16 170
7.17 170
7.18 170
7.19 171
7.20 172
7.22 172
7.23 172
7.24 172
7.25 172
7.27 172
7.28 172
7.29 172
7.30 172
7.32 172
7.33 172
7.34 172
7.35 172
7.36 172
7.38 172
7.39 172
7.40 172
7.41 172
7.43 172
7.44 172
7.45 172
7.46 172
7.48 172
7.49 172
7.50 172
7.51 172
7.53 172
7.54 172
7.55 172
7.56 172
7.57 172
7.59 172
7.60 172
7.61 172
7.62 172
7.64 172
7.65 172
7.66 172
7.67 172
7.69 172
7.70 172
7.71 172
7.72 172
7.73 172
7.75 172
7.76 172
7.77 172
7.78 172
7.80 172
7.81 172
7.82 172
7.83 172
7.85 172
7.86 172
7.87 172
7.88 172
7.89 172
7.91 172
7.92 172
7.93 172
7.94 172
7.96 172
7.97 172
7.98 173
7.99 174
8.01 174
8.02 174
8.03 174
8.04 174
8.05 174
8.07 174
8.08 174
8.09 174
8.10 174
8.12 174
8.13 174
8.14 174
8.15 174
8.17 174
8.18 174
8.19 174
8.20 174
8.21 174
8.23 174
8.24 174
8.25 174
8.26 174
8.28 174
8.29 174
8.30 174
8.31 174
8.33 174
8.34 174
8.35 174
8.36 174
8.37 174
8.39 174
8.40 174
8.41 174
8.42 174
8.44 174
8.45 174
8.46 174
8.47 174
8.49 174
8.50 174
8.51 174
8.52 174
8.54 174
8.55 174
8.56 174
8.57 174
8.58 174
8.60 174
8.61 174
8.62 174
8.63 174
8.65 174
8.66 174
8.67 174
8.68 174
8.70 174
8.71 174
8.72 174
8.73 174
8.74 174
8.76 174
8.77 174
8.78 175
8.79 175
8.81 175
8.82 175
8.83 175
8.84 175
8.86 175
8.87 175
8.88 175
8.89 175
8.90 175
8.92 175
8.93 175
8.94 175
8.95 175
8.97 175
8.98 175
8.99 175
9.00 175
9.02 175
9.03 175
9.04 175
9.05 175
9.06 175
9.08 175
9.09 175
9.10 175
9.11 175
9.13 175
9.14 175
9.15 175
9.16 175
9.18 175
9.19 175
9.20 175
9.21 175
9.22 175
9.24 175
9.25 175
9.26 175
9.27 175
9.29 175
9.30 175
9.31 175
9.32 175
9.34 175
9.35 175
9.36 175
9.37 175
9.38 175
9.40 175
9.41 175
9.42 175
9.43 175
9.45 175
9.46 175
9.47 175
9.48 175
9.50 175
9.51 175
9.52 175
9.53 175
9.54 175
9.56 175
9.57 175
9.58 177
9.59 177
9.61 177
9.62 177
9.63 177
9.64 177
9.66 177
9.67 177
9.68 177
9.69 177
9.71 177
9.72 177
9.73 177
9.74 177
9.75 177
9.77 177
9.78 177
9.79 177
9.80 177
9.82 177
9.83 177
9.84 177
9.85 177
9.87 177
9.88 177
9.89 177
9.90 177
9.91 177
9.93 177
9.94 177
9.95 177
9.96 177
9.98 177
9.99 177
10.00 177
10.01 177
10.03 177
10.04 177
10.05 177
10.06 177
10.07 177
10.09 177
10.10 177
10.11 177
10.12 177
10.14 177
10.15 177
10.16 177
10.17 177
10.19 177
10.20 177
10.21 177
10.22 177
10.23 177
10.25 177
10.26 177
10.27 177
10.28 177
10.30 177
10.31 177
10.32 177
10.33 177
10.35 177
10.36 177
10.37 178
10.38 179
10.39 179
10.41 179
10.42 179
10.43 179
10.44 179
10.46 179
10.47 179
10.48 179
10.49 179
10.51 179
10.52 179
10.53 179
10.54 179
10.55 179
10.57 179
10.58 179
10.59 179
10.60 179
10.62 179
10.63 179
10.64 179
10.65 179
10.67 179
10.68 179
10.69 179
10.70 179
10.71 179
10.73 179
10.74 179
10.75 179
10.76 179
10.78 179
10.79 179
10.80 179
10.81 179
10.83 179
10.84 179
10.85 179
10.86 179
10.88 179
10.89 179
10.90 179
10.91 179
10.92 179
10.94 179
10.95 179
10.96 179
10.97 179
10.99 179
11.00 179
11.01 179
11.02 179
11.04 179
11.05 179
11.06 179
11.07 179
11.08 179
11.10 179
11.11 179
11.12 179
11.13 179
11.15 179
11.16 179
11.17 180
11.18 180
11.20 180
11.21 180
11.22 180
11.23 180
11.24 180
11.26 180
11.27 180
11.28 180
11.29 180
11.31 180
11.32 180
11.33 180
11.34 180
11.36 180
11.37 180
11.38 180
11.39 180
11.40 180
11.42 180
11.43 180
11.44 180
11.45 180
11.47 180
11.48 180
11.49 180
11.50 180
11.52 180
11.53 180
11.54 180
11.55 180
11.56 180
11.58 180
11.59 180
11.60 180
11.61 180
11.63 180
11.64 180
11.65 180
11.66 180
11.68 180
11.69 180
11.70 180
11.71 180
11.72 180
11.74 180
11.75 180
11.76 180
11.77 180
11.79 180
11.80 180
11.81 180
11.82 180
11.84 180
11.85 180
11.86 180
11.87 180
11.88 180
11.90 180
11.91 180
11.92 180
11.93 180
11.95 180
11.96 180
11.97 182
11.98 184
12.00 184
12.01 184
12.02 184
12.03 184
12.05 184
12.06 184
12.07 184
12.08 184
12.09 184
12.11 184
12.12 184
12.13 184
12.14 184
12.16 184
12.17 184
12.18 184
12.19 184
12.21 184
12.22 184
12.23 184
12.24 184
12.25 184
12.27 184
12.28 184
12.29 184
12.30 184
12.32 184
12.33 184
12.34 184
12.35 184
12.37 184
12.38 184
12.39 184
12.40 184
12.41 184
12.43 184
12.44 184
12.45 184
12.46 184
12.48 184
12.49 184
12.50 184
12.51 184
12.53 184
12.54 184
12.55 184
12.56 184
12.57 184
12.59 184
12.60 184
12.61 184
12.62 184
12.64 184
12.65 184
12.66 184
12.67 184
12.69 184
12.70 184
12.71 184
12.72 184
12.73 184
12.75 184
12.76 184
12.77 184
12.78 184
12.80 185
12.81 185
12.82 185
12.83 185
12.85 185
12.86 185
12.87 185
12.88 185
12.89 185
12.91 185
12.92 185
12.93 185
12.94 185
12.96 185
12.97 185
12.98 185
12.99 185
13.01 185
13.02 185
13.03 185
13.04 185
13.05 185
13.07 185
13.08 185
13.09 185
13.10 185
13.12 185
13.13 185
13.14 185
13.15 185
13.17 185
13.18 185
13.19 185
13.20 185
13.22 185
13.23 185
13.24 185
13.25 185
13.26 185
13.28 185
13.29 185
13.30 185
13.31 185
13.33 185
13.34 185
13.35 185
13.36 185
13.38 185
13.39 185
13.40 185
13.41 185
13.42 185
13.44 185
13.45 185
13.46 185
13.47 185
13.49 185
13.50 185
13.51 185
13.52 185
13.54 185
13.55 185
13.56 185
13.57 185
13.58 186
13.60 186
13.61 187
13.62 187
13.63 187
13.65 187
13.66 187
13.67 187
13.68 187
13.70 187
13.71 187
13.72 187
13.73 187
13.74 187
13.76 187
13.77 187
13.78 187
13.79 187
13.81 187
13.82 187
13.83 187
13.84 187
13.86 187
13.87 187
13.88 187
13.89 187
13.90 187
13.92 187
13.93 187
13.94 187
13.95 187
13.97 187
13.98 187
13.99 187
14.00 187
14.02 187
14.03 187
14.04 187
14.05 187
14.06 187
14.08 187
14.09 187
14.10 187
14.11 187
14.13 187
14.14 187
14.15 187
14.16 187
14.18 187
14.19 187
14.20 187
14.21 187
14.23 187
14.24 187
14.25 187
14.26 187
14.27 187
14.29 187
14.30 187
14.31 187
14.32 187
14.34 187
14.35 187
14.36 187
14.37 187
14.39 187
14.40 188
14.41 190
14.42 190
14.43 190
14.45 190
14.46 190
14.47 190
14.48 190
14.50 190
14.51 190
14.52 190
14.53 190
14.55 190
14.56 190
14.57 190
14.58 190
14.59 190
14.61 190
14.62 190
14.63 190
14.64 190
14.66 190
14.67 190
14.68 190
14.69 190
14.71 190
14.72 190
14.73 190
14.74 190
14.75 190
14.77 190
14.78 190
14.79 190
14.80 190
14.82 190
14.83 190
14.84 190
14.85 190
14.87 190
14.88 190
14.89 190
14.90 190
14.91 190
14.93 190
14.94 190
14.95 190
14.96 190
14.98 190
14.99 190
15.00 190
15.01 190
15.03 190
15.04 190
15.05 190
15.06 190
15.07 190
15.09 190
15.10 190
15.11 190
15.12 190
15.14 190
15.15 190
15.16 190
15.17 190
15.19 190
15.20 190
15.21 190
15.22 190
15.23 190
15.25 190
15.26 190
15.27 190
15.28 190
15.30 190
15.31 190
15.32 190
15.33 190
15.35 190
15.36 190
15.37 190
15.38 190
15.40 190
15.41 190
15.42 190
15.43 190
15.44 190
15.46 190
15.47 190
15.48 190
15.49 190
15.51 190
15.52 190
15.53 190
15.54 190
15.56 190
15.57 190
15.58 190
15.59 190
15.60 190
15.62 190
15.63 190
15.64 190
15.65 190
15.67 190
15.68 190
15.69 190
15.70 190
15.72 190
15.73 190
15.74 190
15.75 190
15.76 190
15.78 190
15.79 190
15.80 190
15.81 190
15.83 190
15.84 190
15.85 190
15.86 190
15.88 190
15.89 190
15.90 190
15.91 190
15.92 190
15.94 190
15.95 190
15.96 190
15.97 190
15.99 191
16.00 193
16.01 193
16.02 193
16.04 193
16.05 193
16.06 193
16.07 193
16.08 193
16.10 193
16.11 193
16.12 193
16.13 193
16.15 193
16.16 193
16.17 193
16.18 193
16.20 193
16.21 193
16.22 193
16.23 193
16.24 193
16.26 193
16.27 193
16.28 193
16.29 193
16.31 193
16.32 193
16.33 193
16.34 193
16.36 193
16.37 193
16.38 193
16.39 193
16.40 193
16.42 193
16.43 193
16.44 193
16.45 193
16.47 193
16.48 193
16.49 193
16.50 193
16.52 193
16.53 193
16.54 193
16.55 193
16.57 193
16.58 193
16.59 193
16.60 193
16.61 193
16.63 193
16.64 193
16.65 193
16.66 193
16.68 193
16.69 193
16.70 193
16.71 193
16.73 193
16.74 193
16.75 193
16.76 193
16.77 193
16.79 194
16.80 194
16.81 194
16.82 194
16.84 194
16.85 194
16.86 194
16.87 194
16.89 194
16.90 194
16.91 194
16.92 194
16.93 194
16.95 194
16.96 194
16.97 194
16.98 194
17.00 194
17.01 194
17.02 194
17.03 194
17.05 194
17.06 194
17.07 194
17.08 194
17.09 194
17.11 194
17.12 194
17.13 194
17.14 194
17.16 194
17.17 194
17.18 194
17.19 194
17.21 194
17.22 194
17.23 194
17.24 194
17.25 194
17.27 194
17.28 194
17.29 194
17.30 194
17.32 194
17.33 194
17.34 194
17.35 194
17.37 194
17.38 194
17.39 194
17.40 194
17.41 194
17.43 194
17.44 194
17.45 194
17.46 194
17.48 194
17.49 194
17.50 194
17.51 194
17.53 194
17.54 194
17.55 194
17.56 194
17.57 194
17.59 195
17.60 195
17.61 195
17.62 195
17.64 195
17.65 195
17.66 195
17.67 195
17.69 195
17.70 195
17.71 195
17.72 195
17.74 195
17.75 195
17.76 195
17.77 195
17.78 195
17.80 195
17.81 195
17.82 195
17.83 195
17.85 195
17.86 195
17.87 195
17.88 195
17.90 195
17.91 195
17.92 195
17.93 195
17.94 195
17.96 195
17.97 195
17.98 195
17.99 195
18.01 195
18.02 195
18.03 195
18.04 195
18.06 195
18.07 195
18.08 195
18.09 195
18.10 195
18.12 195
18.13 195
18.14 195
18.15 195
18.17 195
18.18 195
18.19 195
18.20 195
18.22 195
18.23 195
18.24 195
18.25 195
18.26 195
18.28 195
18.29 195
18.30 195
18.31 195
18.33 195
18.34 195
18.35 195
18.36 195
18.38 197
18.39 199
18.40 199
18.41 199
18.42 199
18.44 199
18.45 199
18.46 199
18.47 199
18.49 199
18.50 199
18.51 199
18.52 199
18.54 199
18.55 199
18.56 199
18.57 199
18.58 199
18.60 199
18.61 199
18.62 199
18.63 199
18.65 199
18.66 199
18.67 199
18.68 199
18.70 199
18.71 199
18.72 199
18.73 199
18.74 199
18.76 199
18.77 199
18.78 199
18.79 199
18.81 199
18.82 199
18.83 199
18.84 199
18.86 199
18.87 199
18.88 199
18.89 199
18.91 199
18.92 199
18.93 199
18.94 199
18.95 199
18.97 199
18.98 199
18.99 199
19.00 199
19.02 199
19.03 199
19.04 199
19.05 199
19.07 199
19.08 199
19.09 199
19.10 199
19.11 199
19.13 199
19.14 199
19.15 199
19.16 199
19.18 200
19.19 200
19.20 200
19.21 200
19.23 200
19.24 200
19.25 200
19.26 200
19.27 200
19.29 200
19.30 200
19.31 200
19.32 200
19.34 200
19.35 200
19.36 200
19.37 200
19.39 200
19.40 200
19.41 200
19.42 200
19.43 200
19.45 200
19.46 200
19.47 200
19.48 200
19.50 200
19.51 200
19.52 200
19.53 200
19.55 200
19.56 200
19.57 200
19.58 200
19.59 200
19.61 200
19.62 200
19.63 200
19.64 200
19.66 200
19.67 200
19.68 200
19.69 200
19.71 200
19.72 200
19.73 200
19.74 200
19.75 200
19.77 200
19.78 200
19.79 200
19.80 200
19.82 200
19.83 200
19.84 200
19.85 200
19.87 200
19.88 200
19.89 200
19.90 200
19.92 200
19.93 200
19.94 200
19.95 200
19.96 200
19.98 202
19.99 203
20.00 203
20.01 203
20.03 203
20.04 203
20.05 203
20.06 203
20.08 203
20.09 203
20.10 203
20.11 203
20.12 203
20.14 203
20.15 203
20.16 203
20.17 203
20.19 203
20.20 203
20.21 203
20.22 203
20.24 203
20.25 203
20.26 203
20.27 203
20.28 203
20.30 203
20.31 203
20.32 203
20.33 203
20.35 203
20.36 203
20.37 203
20.38 203
20.40 203
20.41 203
20.42 203
20.43 203
20.44 203
20.46 203
20.47 203
20.48 203
20.49 203
20.51 203
20.52 203
20.53 203
20.54 203
20.56 203
20.57 203
20.58 203
20.59 203
20.60 203
20.62 203
20.63 203
20.64 203
20.65 203
20.67 203
20.68 203
20.69 203
20.70 203
20.72 203
20.73 203
20.74 203
20.75 203
20.76 203
20.78 203
20.79 203
20.80 203
20.81 203
20.83 203
20.84 203
20.85 203
20.86 203
20.88 203
20.89 203
20.90 203
20.91 203
20.92 203
20.94 203
20.95 203
20.96 203
20.97 203
20.99 203
21.00 203
21.01 203
21.02 203
21.04 203
21.05 203
21.06 203
21.07 203
21.09 203
21.10 203
21.11 203
21.12 203
21.13 203
21.15 203
21.16 203
21.17 203
21.18 203
21.20 203
21.21 203
21.22 203
21.23 203
21.25 203
21.26 203
21.27 203
21.28 203
21.29 203
21.31 203
21.32 203
21.33 203
21.34 203
21.36 203
21.37 203
21.38 203
21.39 203
21.41 203
21.42 203
21.43 203
21.44 203
21.45 203
21.47 203
21.48 203
21.49 203
21.50 203
21.52 203
21.53 203
21.54 203
21.55 203
21.57 203
21.58 206
21.59 206
21.60 206
21.61 206
21.63 206
21.64 206
21.65 206
21.66 206
21.68 206
21.69 206
21.70 206
21.71 206
21.73 206
21.74 206
21.75 206
21.76 206
21.77 206
21.79 206
21.80 206
21.81 206
21.82 206
21.84 206
21.85 206
21.86 206
21.87 206
21.89 206
21.90 206
21.91 206
21.92 206
21.93 206
21.95 206
21.96 206
21.97 206
21.98 206
22.00 206
22.01 206
22.02 206
22.03 206
22.05 206
22.06 206
22.07 206
22.08 206
22.09 206
22.11 206
22.12 206
22.13 206
22.14 206
22.16 206
22.17 206
22.18 206
22.19 206
22.21 206
22.22 206
22.23 206
22.24 206
22.26 206
22.27 206
22.28 206
22.29 206
22.30 206
22.32 206
22.33 206
22.34 206
22.35 206
22.37 208
22.38 209
22.39 209
22.40 209
22.42 209
22.43 209
22.44 209
22.45 209
22.46 209
22.48 209
22.49 209
22.50 209
22.51 209
22.53 209
22.54 209
22.55 209
22.56 209
22.58 209
22.59 209
22.60 209
22.61 209
22.62 209
22.64 209
22.65 209
22.66 209
22.67 209
22.69 209
22.70 209
22.71 209
22.72 209
22.74 209
22.75 209
22.76 209
22.77 209
22.78 209
22.80 209
22.81 209
22.82 209
22.83 209
22.85 209
22.86 209
22.87 209
22.88 209
22.90 209
22.91 209
22.92 209
22.93 209
22.94 209
22.96 209
22.97 209
22.98 209
22.99 209
23.01 209
23.02 209
23.03 209
23.04 209
23.06 209
23.07 209
23.08 209
23.09 209
23.10 209
23.12 209
23.13 209
23.14 209
23.15 209
23.17 210
23.18 210
23.19 210
23.20 210
23.22 210
23.23 210
23.24 210
23.25 210
23.26 210
23.28 210
23.29 210
23.30 210
23.31 210
23.33 210
23.34 210
23.35 210
23.36 210
23.38 210
23.39 210
23.40 210
23.41 210
23.43 210
23.44 210
23.45 210
23.46 210
23.47 210
23.49 210
23.50 210
23.51 210
23.52 210
23.54 210
23.55 210
23.56 210
23.57 210
23.59 210
23.60 210
23.61 210
23.62 210
23.63 210
23.65 210
23.66 210
23.67 210
23.68 210
23.70 210
23.71 210
23.72 210
23.73 210
23.75 210
23.76 210
23.77 210
23.78 210
23.79 210
23.81 210
23.82 210
23.83 210
23.84 210
23.86 210
23.87 210
23.88 210
23.89 210
23.91 210
23.92 210
23.93 210
23.94 210
23.95 210
23.97 213
23.98 213
23.99 213
24.00 213
24.02 213
24.03 213
24.04 213
24.05 213
24.07 213
24.08 213
24.09 213
24.10 213
24.11 213
24.13 213
24.14 213
24.15 213
24.16 213
24.18 213
24.19 213
24.20 213
24.21 213
24.23 213
24.24 213
24.25 213
24.26 213
24.27 213
24.29 213
24.30 213
24.31 213
24.32 213
24.34 213
24.35 213
24.36 213
24.37 213
24.39 213
24.40 213
24.41 213
24.42 213
24.44 213
24.45 213
24.46 213
24.47 213
24.48 213
24.50 213
24.51 213
24.52 213
24.53 213
24.55 213
24.56 213
24.57 213
24.58 213
24.60 213
24.61 213
24.62 213
24.63 213
24.64 213
24.66 213
24.67 213
24.68 213
24.69 213
24.71 213
24.72 213
24.73 213
24.74 213
24.76 213
24.77 214
24.78 214
24.79 214
24.80 214
24.82 214
24.83 214
24.84 214
24.85 214
24.87 214
24.88 214
24.89 214
24.90 214
24.92 214
24.93 214
24.94 214
24.95 214
24.96 214
24.98 214
24.99 214
25.00 214
25.01 214
25.03 214
25.04 214
25.05 214
25.06 214
25.08 214
25.09 214
25.10 214
25.11 214
25.12 214
25.14 214
25.15 214
25.16 214
25.17 214
25.19 214
25.20 214
25.21 214
25.22 214
25.24 214
25.25 214
25.26 214
25.27 214
25.28 214
25.30 214
25.31 214
25.32 214
25.33 214
25.35 214
25.36 214
25.37 214
25.38 214
25.40 214
25.41 214
25.42 214
25.43 214
25.44 214
25.46 214
25.47 214
25.48 214
25.49 214
25.51 214
25.52 214
25.53 214
25.54 214
25.56 214
25.57 216
25.58 217
25.59 217
25.61 217
25.62 217
25.63 217
25.64 217
25.65 217
25.67 217
25.68 217
25.69 217
25.70 217
25.72 217
25.73 217
25.74 217
25.75 217
25.77 217
25.78 217
25.79 217
25.80 217
25.81 217
25.83 217
25.84 217
25.85 217
25.86 217
25.88 217
25.89 217
25.90 217
25.91 217
25.93 217
25.94 217
25.95 217
25.96 217
25.97 217
25.99 217
26.00 217
26.01 217
26.02 217
26.04 217
26.05 217
26.06 217
26.07 217
26.09 217
26.10 217
26.11 217
26.12 217
26.13 217
26.15 217
26.16 217
26.17 217
26.18 217
26.20 217
26.21 217
26.22 217
26.23 217
26.25 217
26.26 217
26.27 217
26.28 217
26.29 217
26.31 217
26.32 217
26.33 217
26.34 217
26.36 217
26.37 218
26.38 218
26.39 218
26.41 218
26.42 218
26.43 218
26.44 218
26.45 218
26.47 218
26.48 218
26.49 218
26.50 218
26.52 218
26.53 218
26.54 218
26.55 218
26.57 218
26.58 218
26.59 218
26.60 218
26.61 218
26.63 218
26.64 218
26.65 218
26.66 218
26.68 218
26.69 218
26.70 218
26.71 218
26.73 218
26.74 218
26.75 218
26.76 218
26.78 218
26.79 218
26.80 218
26.81 218
26.82 218
26.84 218
26.85 218
26.86 218
26.87 218
26.89 218
26.90 218
26.91 218
26.92 218
26.94 218
26.95 218
26.96 218
26.97 218
26.98 218
27.00 218
27.01 218
27.02 218
27.03 218
27.05 218
27.06 218
27.07 218
27.08 218
27.10 218
27.11 218
27.12 218
27.13 218
27.14 218
27.16 218
27.17 220
27.18 220
27.19 220
27.21 220
27.22 220
27.23 220
27.24 220
27.26 220
27.27 220
27.28 220
27.29 220
27.30 220
27.32 220
27.33 220
27.34 220
27.35 220
27.37 220
27.38 220
27.39 220
27.40 220
27.42 220
27.43 220
27.44 220
27.45 220
27.46 220
27.48 220
27.49 220
27.50 220
27.51 220
27.53 220
27.54 220
27.55 220
27.56 220
27.58 220
27.59 220
27.60 220
27.61 220
27.62 220
27.64 220
27.65 220
27.66 220
27.67 220
27.69 220
27.70 220
27.71 220
27.72 220
27.74 220
27.75 220
27.76 220
27.77 220
27.78 220
27.80 220
27.81 220
27.82 220
27.83 220
27.85 220
27.86 220
27.87 220
27.88 220
27.90 220
27.91 220
27.92 220
27.93 220
27.95 220
27.96 220
27.97 220
27.98 220
27.99 220
28.01 220
28.02 220
28.03 220
28.04 220
28.06 220
28.07 220
28.08 220
28.09 220
28.11 220
28.12 220
28.13 220
28.14 220
28.15 220
28.17 220
28.18 220
28.19 220
28.20 220
28.22 220
28.23 220
28.24 220
28.25 220
28.27 220
28.28 220
28.29 220
28.30 220
28.31 220
28.33 220
28.34 220
28.35 220
28.36 220
28.38 220
28.39 220
28.40 220
28.41 220
28.43 220
28.44 220
28.45 220
28.46 220
28.47 220
28.49 220
28.50 220
28.51 220
28.52 220
28.54 220
28.55 220
28.56 220
28.57 220
28.59 220
28.60 220
28.61 220
28.62 220
28.63 220
28.65 220
28.66 220
28.67 220
28.68 220
28.70 220
28.71 220
28.72 220
28.73 220
28.75 220
28.76 220
28.77 223
28.78 224
28.79 224
28.81 224
28.82 224
28.83 224
28.84 224
28.86 224
28.87 224
28.88 224
28.89 224
28.91 224
28.92 224
28.93 224
28.94 224
28.95 224
28.97 224
28.98 224
28.99 224
29.00 224
29.02 224
29.03 224
29.04 224
29.05 224
29.07 224
29.08 224
29.09 224
29.10 224
29.12 224
29.13 224
29.14 224
29.15 224
29.16 224
29.18 224
29.19 224
29.20 224
29.21 224
29.23 224
29.24 224
29.25 224
29.26 224
29.28 224
29.29 224
29.30 224
29.31 224
29.32 224
29.34 224
29.35 224
29.36 224
29.37 224
29.39 224
29.40 224
29.41 224
29.42 224
29.44 224
29.45 224
29.46 224
29.47 224
29.48 224
29.50 224
29.51 224
29.52 224
29.53 224
29.55 224
29.56 224
29.57 226
29.58 226
29.60 226
29.61 226
29.62 226
29.63 226
29.64 226
29.66 226
29.67 226
29.68 226
29.69 226
29.71 226
29.72 226
29.73 226
29.74 226
29.76 226
29.77 226
29.78 226
29.79 226
29.80 226
29.82 226
29.83 226
29.84 226
29.85 226
29.87 226
29.88 226
29.89 226
29.90 226
29.92 226
29.93 226
29.94 226
29.95 226
29.96 226
29.98 226
29.99 226
30.00 226
30.01 226
30.03 226
30.04 226
30.05 226
30.06 226
30.08 226
30.09 226
30.10 226
30.11 226
30.13 226
30.14 226
30.15 226
30.16 226
30.17 226
30.19 226
30.20 226
30.21 226
30.22 226
30.24 226
30.25 226
30.26 226
30.27 226
30.29 226
30.30 226
30.31 226
30.32 226
30.33 226
30.35 227
30.36 228
30.37 228
30.38 228
30.40 228
30.41 228
30.42 228
30.43 228
30.45 228
30.46 228
30.47 228
30.48 228
30.49 228
30.51 228
30.52 228
30.53 228
30.54 228
30.56 228
30.57 228
30.58 228
30.59 228
30.61 228
30.62 228
30.63 228
30.64 228
30.65 228
30.67 228
30.68 228
30.69 228
30.70 228
30.72 228
30.73 228
30.74 228
30.75 228
30.77 228
30.78 228
30.79 228
30.80 228
30.81 228
30.83 228
30.84 228
30.85 228
30.86 228
30.88 228
30.89 228
30.90 228
30.91 228
30.93 228
30.94 228
30.95 228
30.96 228
30.97 228
30.99 228
31.00 228
31.01 228
31.02 228
31.04 228
31.05 228
31.06 228
31.07 228
31.09 228
31.10 228
31.11 228
31.12 228
31.13 228
31.15 228
31.16 229
31.17 229
31.18 229
31.20 229
31.21 229
31.22 229
31.23 229
31.25 229
31.26 229
31.27 229
31.28 229
31.30 229
31.31 229
31.32 229
31.33 229
31.34 229
31.36 229
31.37 229
31.38 229
31.39 229
31.41 229
31.42 229
31.43 229
31.44 229
31.46 229
31.47 229
31.48 229
31.49 229
31.50 229
31.52 229
31.53 229
31.54 229
31.55 229
31.57 229
31.58 229
31.59 229
31.60 229
31.62 229
31.63 229
31.64 229
31.65 229
31.66 229
31.68 229
31.69 229
31.70 229
31.71 229
31.73 229
31.74 229
31.75 229
31.76 229
31.78 229
31.79 229
31.80 229
31.81 229
31.82 229
31.84 229
31.85 229
31.86 229
31.87 229
31.89 229
31.90 229
31.91 229
31.92 229
31.94 229
31.95 230
31.96 230
31.97 230
31.98 230
32.00 230
32.01 230
32.02 230
32.03 230
32.05 230
32.06 230
32.07 230
32.08 230
32.10 230
32.11 230
32.12 230
32.13 230
32.14 230
32.16 230
32.17 230
32.18 230
32.19 230
32.21 230
32.22 230
32.23 230
32.24 230
32.26 230
32.27 230
32.28 230
32.29 230
32.30 230
32.32 230
32.33 230
32.34 230
32.35 230
32.37 230
32.38 230
32.39 230
32.40 230
32.42 230
32.43 230
32.44 230
32.45 230
32.47 230
32.48 230
32.49 230
32.50 230
32.51 230
32.53 230
32.54 230
32.55 230
32.56 230
32.58 230
32.59 230
32.60 230
32.61 230
32.63 230
32.64 230
32.65 230
32.66 230
32.67 230
32.69 230
32.70 230
32.71 230
32.72 230
32.74 234
32.75 237
32.76 237
32.77 237
32.79 237
32.80 237
32.81 237
32.82 237
32.83 237
32.85 239
32.86 240
32.87 240
32.88 240
32.90 240
32.91 240
32.92 240
32.93 242
32.95 243
32.96 244
32.97 245
32.98 245
32.99 245
33.01 245
33.02 245
33.03 245
33.04 245
33.06 245
33.07 245
33.08 245
33.09 245
33.11 246
33.12 249
33.13 251
33.14 253
33.15 253
33.17 253
33.18 253
33.19 253
33.20 253
33.22 253
33.23 255
33.24 255
33.25 255
33.27 255
33.28 258
33.29 260
33.30 261
33.31 264
33.33 267
33.34 269
33.35 269
33.36 269
33.38 269
33.39 269
33.40 269
33.41 269
33.43 269
33.44 269
33.45 269
33.46 269
33.47 270
33.49 270
33.50 271
33.51 272
33.52 272
33.54 272
33.55 272
33.56 272
33.57 272
33.59 272
33.60 273
33.61 273
33.62 273
33.64 273
33.65 273
33.66 273
33.67 274
33.68 274
33.70 275
33.71 275
33.72 275
33.73 275
33.75 275
33.76 275
33.77 275
33.78 275
33.80 275
33.81 275
33.82 275
33.83 275
33.84 277
33.86 279
33.87 280
33.88 282
33.89 282
33.91 282
33.92 282
33.93 282
33.94 282
33.96 282
33.97 283
33.98 283
33.99 283
34.00 283
34.02 283
34.03 283
34.04 283
34.05 283
34.07 283
34.08 283
34.09 283
34.10 283
34.12 283
34.13 283
34.14 283
34.15 283
34.16 283
34.18 283
34.19 283
34.20 283
34.21 283
34.23 286
34.24 288
34.25 291
34.26 294
34.28 294
34.29 294
34.30 294
34.31 294
34.32 294
34.34 294
34.35 294
34.36 294
34.37 294
34.39 294
34.40 295
34.41 295
34.42 295
34.44 296
34.45 296
34.46 296
34.47 296
34.48 296
34.50 296
34.51 296
34.52 296
34.53 296
34.55 296
34.56 296
34.57 296
34.58 296
34.60 296
34.61 298
34.62 301
34.63 304
34.64 305
34.66 305
34.67 305
34.68 305
34.69 305
34.71 305
34.72 305
34.73 305
34.74 305
34.76 305
34.77 305
34.78 305
34.79 305
34.81 306
34.82 306
34.83 306
34.84 306
34.85 306
34.87 306
34.88 306
34.89 306
34.90 306
34.92 306
34.93 306
34.94 306
34.95 307
34.97 309
34.98 312
34.99 314
35.00 316
35.01 316
35.03 316
35.04 316
35.05 317
35.06 317
35.08 317
35.09 317
35.10 317
35.11 317
35.13 317
35.14 317
35.15 317
35.16 317
35.17 317
35.19 317
35.20 317
35.21 317
35.22 317
35.24 317
35.25 317
35.26 317
35.27 317
35.29 317
35.30 317
35.31 317
35.32 317
35.33 317
35.35 319
35.36 320
35.37 323
35.38 324
35.40 324
35.41 324
35.42 324
35.43 324
35.45 324
35.46 324
35.47 324
35.48 324
35.49 324
35.51 324
35.52 324
35.53 324
35.54 324
35.56 324
35.57 324
35.58 324
35.59 324
35.61 324
35.62 324
35.63 324
35.64 324
35.65 324
35.67 324
35.68 324
35.69 324
35.70 324
35.72 325
35.73 328
35.74 330
35.75 333
35.77 333
35.78 333
35.79 333
35.80 333
35.82 333
35.83 333
35.84 333
35.85 333
35.86 333
35.88 333
35.89 335
35.90 335
35.91 335
35.93 335
35.94 335
35.95 335
35.96 335
35.98 335
35.99 335
36.00 335
36.01 335
36.02 335
36.04 335
36.05 335
36.06 335
36.07 335
36.09 337
36.10 339
36.11 342
36.12 344
36.14 344
36.15 344
36.16 344
36.17 344
36.18 344
36.20 344
36.21 344
36.22 344
36.23 344
36.25 344
36.26 344
36.27 344
36.28 344
36.30 344
36.31 344
36.32 344
36.33 344
36.34 344
36.36 344
36.37 344
36.38 344
36.39 344
36.41 344
36.42 344
36.43 344
36.44 344
36.46 345
36.47 347
36.48 350
36.49 352
36.50 354
36.52 356
36.53 356
36.54 356
36.55 356
36.57 356
36.58 356
36.59 356
36.60 356
36.62 356
36.63 356
36.64 356
36.65 356
36.66 356
36.68 356
36.69 356
36.70 356
36.71 356
36.73 356
36.74 356
36.75 356
36.76 356
36.78 356
36.79 356
36.80 356
36.81 356
36.82 356
36.84 356
36.85 357
36.86 358
36.87 361
36.89 363
36.90 363
36.91 363
36.92 363
36.94 363
36.95 363
36.96 363
36.97 363
36.99 363
37.00 363
37.01 363
37.02 363
37.03 363
37.05 363
37.06 363
37.07 363
37.08 363
37.10 363
37.11 363
37.12 363
37.13 363
37.15 363
37.16 363
37.17 363
37.18 363
37.19 363
37.21 363
37.22 363
37.23 366
37.24 367
37.26 369
37.27 372
37.28 372
37.29 372
37.31 372
37.32 372
37.33 372
37.34 372
37.35 372
37.37 372
37.38 372
37.39 372
37.40 372
37.42 372
37.43 372
37.44 372
37.45 372
37.47 372
37.48 372
37.49 372
37.50 372
37.51 372
37.53 372
37.54 372
37.55 372
37.56 372
37.58 372
37.59 372
37.60 372
37.61 373
37.63 375
37.64 377
37.65 379
37.66 381
37.67 383
37.69 385
37.70 386
37.71 386
37.72 386
37.74 386
37.75 386
37.76 386
37.77 386
37.79 386
37.80 386
37.81 386
37.82 386
37.83 386
37.85 386
37.86 386
37.87 386
37.88 386
37.90 386
37.91 386
37.92 386
37.93 386
37.95 386
37.96 386
37.97 386
37.98 386
37.99 386
38.01 386
38.02 386
38.03 387
38.04 390
38.06 391
38.07 395
38.08 396
38.09 396
38.11 396
38.12 396
38.13 396
38.14 396
38.16 396
38.17 396
38.18 396
38.19 396
38.20 396
38.22 397
38.23 397
38.24 397
38.25 397
38.27 397
38.28 397
38.29 397
38.30 397
38.32 397
38.33 397
38.34 397
38.35 397
38.36 397
38.38 397
38.39 397
38.40 397
38.41 397
38.43 400
38.44 403
38.45 405
38.46 405
38.48 405
38.49 405
38.50 405
38.51 405
38.52 405
38.54 405
38.55 405
38.56 405
38.57 405
38.59 405
38.60 405
38.61 405
38.62 405
38.64 405
38.65 405
38.66 405
38.67 405
38.68 405
38.70 405
38.71 405
38.72 405
38.73 405
38.75 405
38.76 405
38.77 405
38.78 405
38.80 406
38.81 406
38.82 409
38.83 410
38.84 410
38.86 410
38.87 410
38.88 410
38.89 410
38.91 410
38.92 410
38.93 410
38.94 410
38.96 410
38.97 410
38.98 410
38.99 411
39.00 411
39.02 411
39.03 411
39.04 411
39.05 411
39.07 411
39.08 411
39.09 411
39.10 411
39.12 411
39.13 411
39.14 411
39.15 411
39.16 412
39.18 414
39.19 417
39.20 419
39.21 419
39.23 419
39.24 419
39.25 419
39.26 419
39.28 419
39.29 419
39.30 419
39.31 419
39.33 419
39.34 419
39.35 419
39.36 419
39.37 419
39.39 419
39.40 419
39.41 419
39.42 419
39.44 419
39.45 419
39.46 419
39.47 419
39.49 419
39.50 419
39.51 419
39.52 419
39.53 419
39.55 421
39.56 422
39.57 424
39.58 426
39.60 427
39.61 427
39.62 427
39.63 427
39.65 427
39.66 427
39.67 427
39.68 427
39.69 427
39.71 427
39.72 427
39.73 427
39.74 427
39.76 427
39.77 427
39.78 427
39.79 427
39.81 427
39.82 427
39.83 427
39.84 427
39.85 427
39.87 427
39.88 427
39.89 427
39.90 427
39.92 427
39.93 427
39.94 429
39.95 431
39.97 433
39.98 433
39.99 433
40.00 433
40.01 433
40.03 434
40.04 437
40.05 438
40.06 438
40.08 438
40.09 438
40.10 438
40.11 438
40.13 438
40.14 438
40.15 439
40.16 439
40.17 440
40.19 440
40.20 440
40.21 440
40.22 440
40.24 440
40.25 440
40.26 440
40.27 440
40.29 440
40.30 440
40.31 440
40.32 441
40.33 443
40.35 445
40.36 447
40.37 449
40.38 450
40.40 450
40.41 450
40.42 450
40.43 450
40.45 450
40.46 450
40.47 450
40.48 450
40.50 450
40.51 450
40.52 451
40.53 451
40.54 451
40.56 451
40.57 451
40.58 451
40.59 451
40.61 451
40.62 451
40.63 451
40.64 451
40.66 451
40.67 451
40.68 451
40.69 451
40.70 451
40.72 451
40.73 452
40.74 454
40.75 456
40.77 458
40.78 459
40.79 459
40.80 459
40.82 459
40.83 459
40.84 460
40.85 460
40.86 460
40.88 460
40.89 460
40.90 460
40.91 460
40.93 460
40.94 460
40.95 460
40.96 460
40.98 460
40.99 460
41.00 460
41.01 460
41.02 460
41.04 460
41.05 460
41.06 460
41.07 460
41.09 460
41.10 460
41.11 460
41.12 460
41.14 461
41.15 463
41.16 466
41.17 467
41.18 467
41.20 467
41.21 467
41.22 467
41.23 467
41.25 467
41.26 467
41.27 467
41.28 467
41.30 467
41.31 467
41.32 467
41.33 467
41.34 467
41.36 467
41.37 467
41.38 467
41.39 467
41.41 467
41.42 467
41.43 467
41.44 467
41.46 467
41.47 467
41.48 467
41.49 467
41.51 467
41.52 468
41.53 468
41.54 468
41.55 469
41.57 469
41.58 469
41.59 469
41.60 469
41.62 469
41.63 469
41.64 469
41.65 469
41.67 469
41.68 469
41.69 469
41.70 469
41.71 469
41.73 469
41.74 469
41.75 469
41.76 469
41.78 469
41.79 469
41.80 469
41.81 469
41.83 469
41.84 469
41.85 469
41.86 469
41.87 469
41.89 469
41.90 473
41.91 474
41.92 475
41.94 476
41.95 476
41.96 476
41.97 476
41.99 476
42.00 476
42.01 476
42.02 476
42.03 476
42.05 476
42.06 476
42.07 476
42.08 476
42.10 476
42.11 476
42.12 476
42.13 476
42.15 476
42.16 476
42.17 476
42.18 476
42.19 476
42.21 476
42.22 476
42.23 476
42.24 476
42.26 476
42.27 476
42.28 478
42.29 481
42.31 482
42.32 482
42.33 482
42.34 482
42.35 482
42.37 482
42.38 482
42.39 482
42.40 482
42.42 482
42.43 482
42.44 482
42.45 482
42.47 484
42.48 484
42.49 484
42.50 484
42.51 484
42.53 484
42.54 484
42.55 484
42.56 484
42.58 484
42.59 484
42.60 484
42.61 484
42.63 484
42.64 484
42.65 486
42.66 486
42.68 486
42.69 487
42.70 487
42.71 487
42.72 487
42.74 488
42.75 490
42.76 493
42.77 494
42.79 496
42.80 499
42.81 501
42.82 503
42.84 505
42.85 507
42.86 509
42.87 511
42.88 512
42.90 516
42.91 517
42.92 520
42.93 521
42.95 524
42.96 526
42.97 527
42.98 528
43.00 529
43.01 529
43.02 529
43.03 529
43.04 529
43.06 529
43.07 530
43.08 530
43.09 530
43.11 530
43.12 530
43.13 530
43.14 530
43.16 530
43.17 530
43.18 530
43.19 530
43.20 530
43.22 530
43.23 530
43.24 532
43.25 534
43.27 536
43.28 536
43.29 536
43.30 536
43.32 536
43.33 539
43.34 540
43.35 544
43.36 545
43.38 548
43.39 551
43.40 551
43.41 551
43.43 551
43.44 551
43.45 551
43.46 551
43.48 551
43.49 552
43.50 552
43.51 552
43.52 552
43.54 552
43.55 552
43.56 552
43.57 552
43.59 552
43.60 552
43.61 552
43.62 552
43.64 552
43.65 552
43.66 552
43.67 552
43.68 552
43.70 553
43.71 556
43.72 558
43.73 558
43.75 558
43.76 558
43.77 558
43.78 560
43.80 562
43.81 562
43.82 562
43.83 562
43.85 562
43.86 562
43.87 562
43.88 562
43.89 562
43.91 562
43.92 562
43.93 562
43.94 562
43.96 564
43.97 564
43.98 564
43.99 564
44.01 564
44.02 564
44.03 564
44.04 564
44.05 564
44.07 564
44.08 564
44.09 564
44.10 567
44.12 569
44.13 572
44.14 572
44.15 572
44.17 572
44.18 572
44.19 575
44.20 575
44.21 578
44.23 578
44.24 578
44.25 578
44.26 578
44.28 578
44.29 578
44.30 579
44.31 580
44.33 581
44.34 582
44.35 584
44.36 586
44.37 587
44.39 588
44.40 589
44.41 590
44.42 592
44.44 593
44.45 593
44.46 595
44.47 597
44.49 599
44.50 600
44.51 602
44.52 602
44.53 603
44.55 604
44.56 605
44.57 608
44.58 608
44.60 610
44.61 611
44.62 612
44.63 614
44.65 615
44.66 617
44.67 619
44.68 620
44.69 622
44.71 623
44.72 625
44.73 627
44.74 628
44.76 629
44.77 629
44.78 630
44.79 630
44.81 630
44.82 630
44.83 631
44.84 633
44.85 635
44.87 637
44.88 638
44.89 638
44.90 638
44.92 640
44.93 641
44.94 643
44.95 645
44.97 646
44.98 646
44.99 646
45.00 648
45.02 650
45.03 651
45.04 653
45.05 654
45.06 654
45.08 657
45.09 658
45.10 660
45.11 661
45.13 662
45.14 662
45.15 663
45.16 664
45.18 664
45.19 664
45.20 665
45.21 665
45.22 665
45.24 665
45.25 665
45.26 665
45.27 666
45.29 668
45.30 668
45.31 670
45.32 672
45.34 673
45.35 675
45.36 675
45.37 677
45.38 677
45.40 679
45.41 679
45.42 679
45.43 680
45.45 681
45.46 682
45.47 682
45.48 684
45.50 684
45.51 685
45.52 686
45.53 688
45.54 688
45.56 689
45.57 690
45.58 690
45.59 691
45.61 691
45.62 693
45.63 694
45.64 696
45.66 697
45.67 697
45.68 697
45.69 698
45.70 698
45.72 699
45.73 700
45.74 700
45.75 701
45.77 701
45.78 702
45.79 704
45.80 705
45.82 707
45.83 709
45.84 709
45.85 709
45.86 709
45.88 712
45.89 713
45.90 713
45.91 713
45.93 714
45.94 714
45.95 714
45.96 715
45.98 716
45.99 716
46.00 717
46.01 717
46.03 718
46.04 719
46.05 721
46.06 723
46.07 725
46.09 725
46.10 726
46.11 726
46.12 726
46.14 726
46.15 726
46.16 727
46.17 727
46.19 728
46.20 729
46.21 731
46.22 733
46.23 733
46.25 733
46.26 733
46.27 734
46.28 736
46.30 737
46.31 738
46.32 739
46.33 740
46.35 742
46.36 744
46.37 746
46.38 748
46.39 750
46.41 752
46.42 753
46.43 755
46.44 757
46.46 758
46.47 759
46.48 760
46.49 761
46.51 763
46.52 764
46.53 765
46.54 766
46.55 768
46.57 768
46.58 770
46.59 770
46.60 771
46.62 773
46.63 774
46.64 774
46.65 774
46.67 775
46.68 776
46.69 777
46.70 778
46.71 778
46.73 780
46.74 782
46.75 783
46.76 784
46.78 785
46.79 787
46.80 787
46.81 789
46.83 789
46.84 790
46.85 790
46.86 791
46.87 793
46.89 793
46.90 793
46.91 793
46.92 793
46.94 794
46.95 795
46.96 795
46.97 797
46.99 798
47.00 799
47.01 800
47.02 800
47.03 802
47.05 802
47.06 803
47.07 804
47.08 805
47.10 805
47.11 805
47.12 805
47.13 806
47.15 807
47.16 807
47.17 807
47.18 807
47.20 807
47.21 808
47.22 810
47.23 810
47.24 810
47.26 810
47.27 810
47.28 811
47.29 811
47.31 811
47.32 812
47.33 813
47.34 813
47.36 814
47.37 814
47.38 815
47.39 815
47.40 816
47.42 817
47.43 818
47.44 819
47.45 819
47.47 819
47.48 819
47.49 819
47.50 820
47.52 820
47.53 821
47.54 821
47.55 821
47.56 821
47.58 821
47.59 821
47.60 822
47.61 822
47.63 822
47.64 822
47.65 822
47.66 822
47.68 823
47.69 823
47.70 823
47.71 823
47.72 823
47.74 823
47.75 823
47.76 823
47.77 824
47.79 824
47.80 825
47.81 826
47.82 827
47.84 828
47.85 829
47.86 830
47.87 831
47.88 831
47.90 833
47.91 834
47.92 835
47.93 836
47.95 836
47.96 836
47.97 836
47.98 837
48.00 838
48.01 839
48.02 841
48.03 844
48.04 847
48.06 847
48.07 848
48.08 850
48.09 852
48.11 853
48.12 855
48.13 857
48.14 857
48.16 860
48.17 862
48.18 863
48.19 864
48.20 864
48.22 864
48.23 865
48.24 865
48.25 866
48.27 866
48.28 867
48.29 869
48.30 870
48.32 871
48.33 872
48.34 873
48.35 874
48.37 875
48.38 875
48.39 876
48.40 877
48.41 879
48.43 880
48.44 880
48.45 880
48.46 880
48.48 881
48.49 882
48.50 883
48.51 885
48.53 886
48.54 888
48.55 889
48.56 889
48.57 891
48.59 893
48.60 893
48.61 894
48.62 894
48.64 894
48.65 895
48.66 895
48.67 895
48.69 895
48.70 896
48.71 896
48.72 896
48.73 896
48.75 899
48.76 899
48.77 899
48.78 900
48.80 901
48.81 901
48.82 902
48.83 903
48.85 904
48.86 905
48.87 907
48.88 908
48.89 910
48.91 910
48.92 910
48.93 910
48.94 911
48.96 911
48.97 911
48.98 911
48.99 911
49.01 911
49.02 911
49.03 912
49.04 912
49.05 913
49.07 913
49.08 913
49.09 913
49.10 913
49.12 913
49.13 914
49.14 914
49.15 914
49.17 914
49.18 914
49.19 914
49.20 914
49.21 915
49.23 915
49.24 916
49.25 916
49.26 916
49.28 916
49.29 916
49.30 916
49.31 918
49.33 919
49.34 920
49.35 920
49.36 920
49.37 920
49.39 922
49.40 923
49.41 924
49.42 925
49.44 925
49.45 925
49.46 925
49.47 925
49.49 925
49.50 925
49.51 925
49.52 926
49.54 928
49.55 928
49.56 928
49.57 928
49.58 928
49.60 928
49.61 928
49.62 928
49.63 930
49.65 931
49.66 932
49.67 935
49.68 935
49.70 935
49.71 935
49.72 935
49.73 935
49.74 935
49.76 935
49.77 936
49.78 937
49.79 939
49.81 939
49.82 940
49.83 941
49.84 941
49.86 941
49.87 941
49.88 942
49.89 943
49.90 943
49.92 944
49.93 945
49.94 946
49.95 946
49.97 946
49.98 947
49.99 947
50.00 948
50.02 949
50.03 949
50.04 949
50.05 949
50.06 951
50.08 952
50.09 952
50.10 953
50.11 953
50.13 953
50.14 954
50.15 954
50.16 954
50.18 954
50.19 954
50.20 954
50.21 954
50.22 956
50.24 957
50.25 958
50.26 958
50.27 958
50.29 959
50.30 959
50.31 959
50.32 959
50.34 960
50.35 960
50.36 962
50.37 962
50.38 962
50.40 964
50.41 964
50.42 964
50.43 964
50.45 964
50.46 964
50.47 964
50.48 965
50.50 965
50.51 966
50.52 966
50.53 966
50.54 966
50.56 967
50.57 969
50.58 969
50.59 969
50.61 970
50.62 970
50.63 970
50.64 970
50.66 971
50.67 972
50.68 972
50.69 972
50.71 972
50.72 972
50.73 972
50.74 973
50.75 973
50.77 973
50.78 974
50.79 974
50.80 975
50.82 975
50.83 975
50.84 975
50.85 975
50.87 975
50.88 976
50.89 977
50.90 977
50.91 977
50.93 978
50.94 979
50.95 980
50.96 980
50.98 980
50.99 980
51.00 981
51.01 982
51.03 982
51.04 982
51.05 982
51.06 982
51.07 982
51.09 983
51.10 983
51.11 984
51.12 984
51.14 985
51.15 985
51.16 985
51.17 986
51.19 986
51.20 986
51.21 986
51.22 986
51.23 988
51.25 989
51.26 990
51.27 991
51.28 992
51.30 993
51.31 995
51.32 995
51.33 995
51.35 995
51.36 996
51.37 997
51.38 998
51.39 1000
51.41 1001
51.42 1002
51.43 1003
51.44 1005
51.46 1006
51.47 1006
51.48 1008
51.49 1008
51.51 1010
51.52 1011
51.53 1011
51.54 1012
51.55 1012
51.57 1013
51.58 1015
51.59 1016
51.60 1019
51.62 1019
51.63 1020
51.64 1022
51.65 1022
51.67 1022
51.68 1022
51.69 1022
51.70 1022
51.72 1022
51.73 1023
51.74 1024
51.75 1025
51.76 1025
51.78 1025
51.79 1026
51.80 1026
51.81 1029
51.83 1031
51.84 1032
51.85 1033
51.86 1034
51.88 1035
51.89 1036
51.90 1036
51.91 1037
51.92 1040
51.94 1040
51.95 1040
51.96 1042
51.97 1044
51.99 1044
52.00 1045
52.01 1047
52.02 1047
52.04 1049
52.05 1050
52.06 1052
52.07 1052
52.08 1053
52.10 1054
52.11 1056
52.12 1056
52.13 1058
52.15 1060
52.16 1061
52.17 1063
52.18 1063
52.20 1064
52.21 1065
52.22 1066
52.23 1066
52.24 1066
52.26 1067
52.27 1069
52.28 1070
52.29 1072
52.31 1073
52.32 1074
52.33 1075
52.34 1075
52.36 1075
52.37 1075
52.38 1076
52.39 1077
52.40 1079
52.42 1079
52.43 1079
52.44 1081
52.45 1081
52.47 1084
52.48 1085
52.49 1087
52.50 1088
52.52 1089
52.53 1090
52.54 1090
52.55 1090
52.56 1091
52.58 1092
52.59 1093
52.60 1096
52.61 1099
52.63 1101
52.64 1104
52.65 1106
52.66 1108
52.68 1109
52.69 1111
52.70 1113
52.71 1115
52.72 1117
52.74 1118
52.75 1121
52.76 1122
52.77 1123
52.79 1124
52.80 1128
52.81 1129
52.82 1130
52.84 1131
52.85 1132
52.86 1133
52.87 1134
52.89 1136
52.90 1137
52.91 1138
52.92 1139
52.93 1140
52.95 1141
52.96 1141
52.97 1142
52.98 1143
53.00 1144
53.01 1146
53.02 1147
53.03 1148
53.05 1148
53.06 1149
53.07 1149
53.08 1150
53.09 1150
53.11 1150
53.12 1151
53.13 1151
53.14 1151
53.16 1152
53.17 1152
53.18 1153
53.19 1154
53.21 1154
53.22 1158
53.23 1160
53.24 1161
53.25 1162
53.27 1162
53.28 1163
53.29 1164
53.30 1165
53.32 1165
53.33 1165
53.34 1166
53.35 1167
53.37 1167
53.38 1167
53.39 1167
53.40 1168
53.41 1168
53.43 1168
53.44 1168
53.45 1169
53.46 1170
53.48 1171
53.49 1172
53.50 1173
53.51 1173
53.53 1173
53.54 1173
53.55 1173
53.56 1173
53.57 1173
53.59 1175
53.60 1175
53.61 1175
53.62 1176
53.64 1177
53.65 1177
53.66 1180
53.67 1181
53.69 1181
53.70 1181
53.71 1181
53.72 1182
53.73 1182
53.75 1182
53.76 1183
53.77 1184
53.78 1184
53.80 1184
53.81 1187
53.82 1187
53.83 1187
53.85 1187
53.86 1187
53.87 1187
53.88 1187
53.89 1188
53.91 1188
53.92 1188
53.93 1188
53.94 1190
53.96 1190
53.97 1191
53.98 1191
53.99 1191
54.01 1191
54.02 1191
54.03 1191
54.04 1191
54.06 1191
54.07 1191
54.08 1192
54.09 1192
54.10 1192
54.12 1193
54.13 1193
54.14 1193
54.15 1194
54.17 1194
54.18 1194
54.19 1194
54.20 1194
54.22 1194
54.23 1194
54.24 1194
54.25 1194
54.26 1194
54.28 1194
54.29 1195
54.30 1195
54.31 1195
54.33 1196
54.34 1196
54.35 1196
54.36 1196
54.38 1196
54.39 1196
54.40 1197
54.41 1197
54.42 1197
54.44 1197
54.45 1197
54.46 1201
54.47 1202
54.49 1204
54.50 1204
54.51 1204
54.52 1204
54.54 1205
54.55 1207
54.56 1207
54.57 1207
54.58 1207
54.60 1207
54.61 1207
54.62 1207
54.63 1207
54.65 1208
54.66 1209
54.67 1209
54.68 1209
54.70 1209
54.71 1209
54.72 1209
54.73 1209
54.74 1209
54.76 1209
54.77 1210
54.78 1210
54.79 1210
54.81 1210
54.82 1210
54.83 1210
54.84 1211
54.86 1211
54.87 1211
54.88 1212
54.89 1212
54.90 1212
54.92 1212
54.93 1213
54.94 1216
54.95 1216
54.97 1216
54.98 1216
54.99 1217
55.00 1217
55.02 1219
55.03 1221
55.04 1223
55.05 1224
55.06 1225
55.08 1227
55.09 1227
55.10 1228
55.11 1230
55.13 1230
55.14 1231
55.15 1232
55.16 1235
55.18 1235
55.19 1238
55.20 1240
55.21 1240
55.23 1241
55.24 1242
55.25 1244
55.26 1244
55.27 1246
55.29 1247
55.30 1249
55.31 1250
55.32 1251
55.34 1253
55.35 1254
55.36 1254
55.37 1256
55.39 1257
55.40 1258
55.41 1259
55.42 1260
55.43 1261
55.45 1261
55.46 1262
55.47 1262
55.48 1265
55.50 1268
55.51 1270
55.52 1272
55.53 1273
55.55 1274
55.56 1276
55.57 1278
55.58 1280
55.59 1282
55.61 1285
55.62 1286
55.63 1287
55.64 1289
55.66 1291
55.67 1291
55.68 1292
55.69 1293
55.71 1294
55.72 1295
55.73 1297
55.74 1297
55.75 1298
55.77 1300
55.78 1301
55.79 1303
55.80 1305
55.82 1307
55.83 1309
55.84 1310
55.85 1312
55.87 1312
55.88 1313
55.89 1313
55.90 1313
55.91 1313
55.93 1314
55.94 1316
55.95 1316
55.96 1316
55.98 1318
55.99 1318
56.00 1319
56.01 1319
56.03 1320
56.04 1320
56.05 1320
56.06 1320
56.07 1321
56.09 1321
56.10 1322
56.11 1322
56.12 1322
56.14 1322
56.15 1323
56.16 1323
56.17 1324
56.19 1324
56.20 1324
56.21 1324
56.22 1324
56.23 1324
56.25 1324
56.26 1325
56.27 1325
56.28 1325
56.30 1325
56.31 1325
56.32 1325
56.33 1325
56.35 1325
56.36 1325
56.37 1325
56.38 1325
56.40 1325
56.41 1326
56.42 1326
56.43 1326
56.44 1326
56.46 1326
56.47 1326
56.48 1326
56.49 1327
56.51 1327
56.52 1327
56.53 1327
56.54 1327
56.56 1327
56.57 1327
56.58 1328
56.59 1331
56.60 1333
56.62 1334
56.63 1334
56.64 1334
56.65 1334
56.67 1334
56.68 1335
56.69 1335
56.70 1335
56.72 1335
56.73 1335
56.74 1336
56.75 1336
56.76 1336
56.78 1336
56.79 1338
56.80 1338
56.81 1339
56.83 1339
56.84 1339
56.85 1339
56.86 1339
56.88 1339
56.89 1339
56.90 1339
56.91 1339
56.92 1342
56.94 1343
56.95 1343
56.96 1343
56.97 1343
56.99 1344
57.00 1347
57.01 1348
57.02 1350
57.04 1350
57.05 1350
57.06 1350
57.07 1350
57.08 1350
57.10 1350
57.11 1350
57.12 1351
57.13 1351
57.15 1353
57.16 1354
57.17 1355
57.18 1356
57.20 1356
57.21 1356
57.22 1357
57.23 1357
57.24 1357
57.26 1357
57.27 1358
57.28 1358
57.29 1359
57.31 1360
57.32 1360
57.33 1360
57.34 1360
57.36 1361
57.37 1361
57.38 1361
57.39 1362
57.41 1363
57.42 1364
57.43 1364
57.44 1364
57.45 1365
57.47 1366
57.48 1368
57.49 1368
57.50 1368
57.52 1368
57.53 1369
57.54 1369
57.55 1370
57.57 1372
57.58 1373
57.59 1374
57.60 1375
57.61 1376
57.63 1377
57.64 1378
57.65 1379
57.66 1379
57.68 1380
57.69 1380
57.70 1380
57.71 1381
57.73 1382
57.74 1383
57.75 1384
57.76 1386
57.77 1386
57.79 1389
57.80 1391
57.81 1392
57.82 1392
57.84 1393
57.85 1394
57.86 1395
57.87 1395
57.89 1395
57.90 1395
57.91 1395
57.92 1395
57.93 1395
57.95 1397
57.96 1399
57.97 1400
57.98 1400
58.00 1401
58.01 1402
58.02 1404
58.03 1404
58.05 1404
58.06 1406
58.07 1408
58.08 1408
58.09 1409
58.11 1411
58.12 1412
58.13 1414
58.14 1414
58.16 1414
58.17 1414
58.18 1414
58.19 1415
58.21 1415
58.22 1415
58.23 1417
58.24 1418
58.25 1419
58.27 1419
58.28 1419
58.29 1420
58.30 1421
58.32 1422
58.33 1422
58.34 1423
58.35 1423
58.37 1424
58.38 1424
58.39 1424
58.40 1425
58.41 1425
58.43 1425
58.44 1425
58.45 1426
58.46 1426
58.48 1427
58.49 1427
58.50 1427
58.51 1427
58.53 1428
58.54 1428
58.55 1428
58.56 1428
58.58 1429
58.59 1429
58.60 1429
58.61 1429
58.62 1429
58.64 1431
58.65 1431
58.66 1433
58.67 1433
58.69 1433
58.70 1433
58.71 1433
58.72 1433
58.74 1434
58.75 1434
58.76 1435
58.77 1436
58.78 1436
58.80 1437
58.81 1437
58.82 1437
58.83 1439
58.85 1441
58.86 1442
58.87 1444
58.88 1445
58.90 1446
58.91 1447
58.92 1450
58.93 1451
58.94 1453
58.96 1456
58.97 1457
58.98 1459
58.99 1461
59.01 1462
59.02 1464
59.03 1466
59.04 1467
59.06 1469
59.07 1471
59.08 1474
59.09 1476
59.10 1477
59.12 1478
59.13 1479
59.14 1481
59.15 1482
59.17 1483
59.18 1485
59.19 1486
59.20 1487
59.22 1487
59.23 1487
59.24 1487
59.25 1487
59.26 1487
59.28 1487
59.29 1487
59.30 1487
59.31 1488
59.33 1488
59.34 1488
59.35 1488
59.36 1488
59.38 1488
59.39 1488
59.40 1488
59.41 1490
59.42 1492
59.44 1493
59.45 1494
59.46 1495
59.47 1496
59.49 1496
59.50 1497
59.51 1497
59.52 1497
59.54 1498
59.55 1499
59.56 1501
59.57 1501
59.58 1503
59.60 1504
59.61 1506
59.62 1507
59.63 1507
59.65 1509
59.66 1510
59.67 1511
59.68 1511
59.70 1512
59.71 1512
59.72 1512
59.73 1513
59.75 1513
59.76 1513
59.77 1513
59.78 1514
59.79 1514
59.81 1514
59.82 1514
59.83 1515
59.84 1515
59.86 1515
59.87 1515
59.88 1515
59.89 1516
59.91 1516
59.92 1516
59.93 1516
59.94 1517
59.95 1517
59.97 1517
59.98 1517
59.99 1518
60.00 1518
60.02 1518
60.03 1518
60.04 1518
60.05 1518
60.07 1518
60.08 1518
60.09 1518
60.10 1519
60.11 1519
60.13 1520
60.14 1520
60.15 1520
60.16 1520
60.18 1520
60.19 1520
60.20 1520
60.21 1520
60.23 1520
60.24 1520
60.25 1520
60.26 1520
60.27 1520
60.29 1520
60.30 1520
60.31 1522
60.32 1522
60.34 1522
60.35 1522
60.36 1522
60.37 1522
60.39 1522
60.40 1522
60.41 1523
60.42 1523
60.43 1523
60.45 1523
60.46 1523
60.47 1523
60.48 1523
60.50 1525
60.51 1525
60.52 1525
60.53 1525
60.55 1526
60.56 1526
60.57 1526
60.58 1526
60.59 1526
60.61 1526
60.62 1526
60.63 1526
60.64 1526
60.66 1526
60.67 1526
60.68 1526
60.69 1526
60.71 1526
60.72 1526
60.73 1526
60.74 1526
60.75 1526
60.77 1526
60.78 1527
60.79 1527
60.80 1527
60.82 1528
60.83 1528
60.84 1528
60.85 1528
60.87 1528
60.88 1528
60.89 1528
60.90 1528
60.92 1528
60.93 1528
60.94 1529
60.95 1529
60.96 1529
60.98 1529
60.99 1529
61.00 1529
61.01 1529
61.03 1529
61.04 1529
61.05 1529
61.06 1531
61.08 1532
61.09 1533
61.10 1534
61.11 1535
61.12 1536
61.14 1538
61.15 1540
61.16 1541
61.17 1541
61.19 1542
61.20 1544
61.21 1544
61.22 1546
61.24 1547
61.25 1547
61.26 1549
61.27 1550
61.28 1551
61.30 1552
61.31 1552
61.32 1552
61.33 1552
61.35 1552
61.36 1552
61.37 1553
61.38 1553
61.40 1553
61.41 1553
61.42 1553
61.43 1553
61.44 1553
61.46 1553
61.47 1553
61.48 1554
61.49 1554
61.51 1554
61.52 1554
61.53 1555
61.54 1555
61.56 1555
61.57 1555
61.58 1555
61.59 1555
61.60 1555
61.62 1555
61.63 1555
61.64 1555
61.65 1555
61.67 1556
61.68 1556
61.69 1560
61.70 1560
61.72 1561
61.73 1561
61.74 1563
61.75 1564
61.76 1565
61.78 1567
61.79 1567
61.80 1569
61.81 1571
61.83 1572
61.84 1573
61.85 1573
61.86 1573
61.88 1575
61.89 1576
61.90 1578
61.91 1578
61.92 1580
61.94 1582
61.95 1583
61.96 1584
61.97 1585
61.99 1587
62.00 1587
62.01 1589
62.02 1591
62.04 1592
62.05 1594
62.06 1595
62.07 1596
62.09 1596
62.10 1597
62.11 1598
62.12 1598
62.13 1599
62.15 1599
62.16 1600
62.17 1603
62.18 1605
62.20 1607
62.21 1608
62.22 1608
62.23 1609
62.25 1609
62.26 1610
62.27 1610
62.28 1611
62.29 1612
62.31 1613
62.32 1613
62.33 1614
62.34 1614
62.36 1614
62.37 1616
62.38 1616
62.39 1616
62.41 1616
62.42 1616
62.43 1617
62.44 1617
62.45 1617
62.47 1617
62.48 1617
62.49 1617
62.50 1617
62.52 1618
62.53 1618
62.54 1618
62.55 1618
62.57 1618
62.58 1618
62.59 1618
62.60 1618
62.61 1618
62.63 1618
62.64 1618
62.65 1618
62.66 1618
62.68 1618
62.69 1618
62.70 1618
62.71 1618
62.73 1618
62.74 1619
62.75 1619
62.76 1619
62.77 1619
62.79 1619
62.80 1619
62.81 1619
62.82 1619
62.84 1620
62.85 1620
62.86 1620
62.87 1620
62.89 1621
62.90 1621
62.91 1622
62.92 1622
62.93 1622
62.95 1624
62.96 1627
62.97 1628
62.98 1629
63.00 1631
63.01 1633
63.02 1634
63.03 1635
63.05 1635
63.06 1635
63.07 1635
63.08 1635
63.10 1635
63.11 1635
63.12 1635
63.13 1635
63.14 1638
63.16 1640
63.17 1642
63.18 1642
63.19 1642
63.21 1642
63.22 1643
63.23 1643
63.24 1646
63.26 1648
63.27 1648
63.28 1650
63.29 1652
63.30 1654
63.32 1655
63.33 1656
63.34 1657
63.35 1657
63.37 1657
63.38 1657
63.39 1657
63.40 1657
63.42 1657
63.43 1657
63.44 1658
63.45 1658
63.46 1658
63.48 1658
63.49 1658
63.50 1658
63.51 1658
63.53 1659
63.54 1660
63.55 1660
63.56 1660
63.58 1660
63.59 1662
63.60 1663
63.61 1664
63.62 1665
63.64 1667
63.65 1669
63.66 1670
63.67 1672
63.69 1672
63.70 1673
63.71 1675
63.72 1677
63.74 1678
63.75 1680
63.76 1681
63.77 1682
63.78 1684
63.80 1685
63.81 1687
63.82 1688
63.83 1691
63.85 1692
63.86 1693
63.87 1695
63.88 1696
63.90 1697
63.91 1697
63.92 1699
63.93 1700
63.94 1701
63.96 1703
63.97 1703
63.98 1704
63.99 1706
64.01 1708
64.02 1708
64.03 1710
64.04 1711
64.06 1713
64.07 1713
64.08 1714
64.09 1715
64.10 1716
64.12 1719
64.13 1719
64.14 1720
64.15 1720
64.17 1720
64.18 1720
64.19 1720
64.20 1722
64.22 1723
64.23 1724
64.24 1724
64.25 1724
64.27 1724
64.28 1724
64.29 1726
64.30 1728
64.31 1728
64.33 1728
64.34 1728
64.35 1730
64.36 1732
64.38 1732
64.39 1733
64.40 1735
64.41 1736
64.43 1736
64.44 1737
64.45 1737
64.46 1737
64.47 1738
64.49 1739
64.50 1741
64.51 1743
64.52 1744
64.54 1744
64.55 1744
64.56 1744
64.57 1746
64.59 1748
64.60 1749
64.61 1751
64.62 1752
64.63 1752
64.65 1752
64.66 1752
64.67 1752
64.68 1753
64.70 1754
64.71 1754
64.72 1754
64.73 1754
64.75 1754
64.76 1754
64.77 1754
64.78 1754
64.79 1754
64.81 1756
64.82 1759
64.83 1760
64.84 1761
64.86 1761
64.87 1761
64.88 1761
64.89 1761
64.91 1761
64.92 1761
64.93 1762
64.94 1762
64.95 1762
64.97 1762
64.98 1762
64.99 1762
65.00 1762
65.02 1762
65.03 1762
65.04 1762
65.05 1762
65.07 1762
65.08 1762
65.09 1762
65.10 1763
65.11 1763
65.13 1763
65.14 1764
65.15 1765
65.16 1765
65.18 1765
65.19 1765
65.20 1765
65.21 1765
65.23 1765
65.24 1765
65.25 1765
65.26 1765
65.27 1767
65.29 1768
65.30 1768
65.31 1768
65.32 1768
65.34 1768
65.35 1768
65.36 1768
65.37 1769
65.39 1769
65.40 1769
65.41 1769
65.42 1769
65.44 1769
65.45 1769
65.46 1769
65.47 1769
65.48 1769
65.50 1769
65.51 1771
65.52 1772
65.53 1772
65.55 1772
65.56 1772
65.57 1772
65.58 1773
65.60 1774
65.61 1774
65.62 1774
65.63 1774
65.64 1774
65.66 1774
65.67 1774
65.68 1774
65.69 1774
65.71 1774
65.72 1776
65.73 1779
65.74 1782
65.76 1783
65.77 1783
65.78 1783
65.79 1783
65.80 1784
65.82 1784
65.83 1784
65.84 1784
65.85 1784
65.87 1784
65.88 1784
65.89 1786
65.90 1787
65.92 1790
65.93 1790
65.94 1790
65.95 1790
65.96 1790
65.98 1791
65.99 1792
66.00 1794
66.01 1795
66.03 1795
66.04 1797
66.05 1798
66.06 1799
66.08 1801
66.09 1802
66.10 1804
66.11 1806
66.12 1807
66.14 1807
66.15 1808
66.16 1809
66.17 1810
66.19 1812
66.20 1812
66.21 1813
66.22 1814
66.24 1817
66.25 1818
66.26 1818
66.27 1819
66.28 1820
66.30 1822
66.31 1823
66.32 1823
66.33 1824
66.35 1825
66.36 1826
66.37 1826
66.38 1828
66.40 1829
66.41 1829
66.42 1830
66.43 1832
66.44 1833
66.46 1833
66.47 1835
66.48 1836
66.49 1836
66.51 1836
66.52 1838
66.53 1839
66.54 1841
66.56 1842
66.57 1842
66.58 1843
66.59 1843
66.61 1843
66.62 1845
66.63 1845
66.64 1845
66.65 1846
66.67 1846
66.68 1847
66.69 1847
66.70 1847
66.72 1847
66.73 1847
66.74 1848
66.75 1848
66.77 1849
66.78 1850
66.79 1852
66.80 1852
66.81 1852
66.83 1852
66.84 1852
66.85 1852
66.86 1852
66.88 1852
66.89 1852
66.90 1852
66.91 1853
66.93 1854
66.94 1854
66.95 1856
66.96 1858
66.97 1859
66.99 1860
67.00 1862
67.01 1862
67.02 1865
67.04 1865
67.05 1867
67.06 1868
67.07 1869
67.09 1870
67.10 1872
67.11 1872
67.12 1873
67.13 1874
67.15 1875
67.16 1876
67.17 1877
67.18 1878
67.20 1878
67.21 1878
67.22 1879
67.23 1879
67.25 1879
67.26 1880
67.27 1880
67.28 1880
67.29 1880
67.31 1880
67.32 1881
67.33 1881
67.34 1881
67.36 1881
67.37 1881
67.38 1881
67.39 1881
67.41 1881
67.42 1882
67.43 1882
67.44 1882
67.45 1882
67.47 1882
67.48 1882
67.49 1883
67.50 1884
67.52 1885
67.53 1886
67.54 1888
67.55 1888
67.57 1889
67.58 1891
67.59 1893
67.60 1893
67.62 1894
67.63 1896
67.64 1896
67.65 1898
67.66 1900
67.68 1901
67.69 1902
67.70 1902
67.71 1904
67.73 1904
67.74 1904
67.75 1904
67.76 1904
67.78 1906
67.79 1906
67.80 1906
67.81 1906
67.82 1906
67.84 1906
67.85 1906
67.86 1906
67.87 1907
67.89 1907
67.90 1907
67.91 1908
67.92 1908
67.94 1908
67.95 1908
67.96 1908
67.97 1908
67.98 1908
68.00 1908
68.01 1908
68.02 1908
68.03 1909
68.05 1909
68.06 1909
68.07 1909
68.08 1909
68.10 1909
68.11 1909
68.12 1911
68.13 1911
68.14 1911
68.16 1911
68.17 1911
68.18 1912
68.19 1912
68.21 1913
68.22 1914
68.23 1915
68.24 1915
68.26 1915
68.27 1915
68.28 1915
68.29 1917
68.30 1918
68.32 1918
68.33 1918
68.34 1918
68.35 1919
68.37 1919
68.38 1919
68.39 1919
68.40 1919
68.42 1919
68.43 1919
68.44 1919
68.45 1920
68.46 1920
68.48 1920
68.49 1920
68.50 1920
68.51 1920
68.53 1920
68.54 1920
68.55 1920
68.56 1920
68.58 1920
68.59 1920
68.60 1920
68.61 1920
68.62 1921
68.64 1921
68.65 1921
68.66 1921
68.67 1921
68.69 1921
68.70 1921
68.71 1922
68.72 1922
68.74 1922
68.75 1922
68.76 1922
68.77 1922
68.79 1922
68.80 1922
68.81 1922
68.82 1923
68.83 1925
68.85 1927
68.86 1928
68.87 1928
68.88 1928
68.90 1928
68.91 1928
68.92 1928
68.93 1929
68.95 1929
68.96 1929
68.97 1929
68.98 1929
68.99 1929
69.01 1929
69.02 1929
69.03 1929
69.04 1930
69.06 1930
69.07 1930
69.08 1930
69.09 1930
69.11 1930
69.12 1932
69.13 1933
69.14 1934
69.15 1934
69.17 1935
69.18 1937
69.19 1938
69.20 1939
69.22 1939
69.23 1939
69.24 1939
69.25 1939
69.27 1940
69.28 1940
69.29 1942
69.30 1942
69.31 1943
69.33 1944
69.34 1945
69.35 1946
69.36 1948
69.38 1948
69.39 1949
69.40 1951
69.41 1951
69.43 1952
69.44 1953
69.45 1955
69.46 1955
69.47 1956
69.49 1956
69.50 1956
69.51 1958
69.52 1958
69.54 1958
69.55 1958
69.56 1958
69.57 1959
69.59 1959
69.60 1959
69.61 1959
69.62 1960
69.63 1962
69.65 1962
69.66 1962
69.67 1963
69.68 1963
69.70 1963
69.71 1963
69.72 1963
69.73 1964
69.75 1965
69.76 1965
69.77 1965
69.78 1965
69.79 1965
69.81 1965
69.82 1966
69.83 1967
69.84 1967
69.86 1967
69.87 1968
69.88 1968
69.89 1968
69.91 1968
69.92 1968
69.93 1969
69.94 1969
69.96 1969
69.97 1969
69.98 1969
69.99 1969
70.00 1969
70.02 1969
70.03 1969
70.04 1969
70.05 1969
70.07 1969
70.08 1969
70.09 1969
70.10 1969
70.12 1969
70.13 1969
70.14 1969
70.15 1970
70.16 1970
70.18 1970
70.19 1970
70.20 1970
70.21 1970
70.23 1970
70.24 1970
70.25 1970
70.26 1970
70.28 1971
70.29 1972
70.30 1972
70.31 1972
70.32 1972
70.34 1972
70.35 1972
70.36 1972
70.37 1972
70.39 1972
70.40 1972
70.41 1972
70.42 1972
70.44 1972
70.45 1972
70.46 1973
70.47 1976
70.48 1978
70.50 1980
70.51 1980
70.52 1980
70.53 1980
70.55 1980
70.56 1980
70.57 1980
70.58 1980
70.60 1982
70.61 1985
70.62 1985
70.63 1985
70.64 1985
70.66 1985
70.67 1985
70.68 1985
70.69 1985
70.71 1985
70.72 1985
70.73 1985
70.74 1985
70.76 1985
70.77 1985
70.78 1985
70.79 1986
70.80 1987
70.82 1987
70.83 1989
70.84 1989
70.85 1991
70.87 1992
70.88 1995
70.89 1996
70.90 1998
70.92 1999
70.93 1999
70.94 2001
70.95 2001
70.96 2002
70.98 2004
70.99 2004
71.00 2004
71.01 2006
71.03 2008
71.04 2008
71.05 2008
71.06 2010
71.08 2012
71.09 2013
71.10 2015
71.11 2018
71.13 2018
71.14 2019
71.15 2019
71.16 2020
71.17 2021
71.19 2022
71.20 2022
71.21 2024
71.22 2026
71.24 2027
71.25 2028
71.26 2029
71.27 2029
71.29 2032
71.30 2032
71.31 2033
71.32 2034
71.33 2036
71.35 2036
71.36 2037
71.37 2039
71.38 2039
71.40 2040
71.41 2042
71.42 2043
71.43 2043
71.45 2045
71.46 2046
71.47 2048
71.48 2048
71.49 2048
71.51 2048
71.52 2049
71.53 2049
71.54 2051
71.56 2053
71.57 2053
71.58 2054
71.59 2057
71.61 2057
71.62 2058
71.63 2058
71.64 2060
71.65 2062
71.67 2063
71.68 2064
71.69 2064
71.70 2064
71.72 2064
71.73 2066
71.74 2067
71.75 2068
71.77 2068
71.78 2069
71.79 2069
71.80 2069
71.81 2069
71.83 2069
71.84 2070
71.85 2070
71.86 2070
71.88 2070
71.89 2070
71.90 2070
71.91 2070
71.93 2070
71.94 2070
71.95 2070
71.96 2070
71.97 2071
71.99 2071
72.00 2071
72.01 2071
72.02 2071
72.04 2071
72.05 2071
72.06 2071
72.07 2071
72.09 2071
72.10 2071
72.11 2071
72.12 2071
72.13 2071
72.15 2071
72.16 2073
72.17 2073
72.18 2073
72.20 2073
72.21 2073
72.22 2073
72.23 2073
72.25 2073
72.26 2073
72.27 2073
72.28 2073
72.30 2073
72.31 2073
72.32 2073
72.33 2073
72.34 2073
72.36 2075
72.37 2077
72.38 2079
72.39 2079
72.41 2079
72.42 2080
72.43 2082
72.44 2082
72.46 2084
72.47 2085
72.48 2085
72.49 2085
72.50 2085
72.52 2086
72.53 2086
72.54 2086
72.55 2086
72.57 2087
72.58 2087
72.59 2087
72.60 2087
72.62 2087
72.63 2087
72.64 2087
72.65 2087
72.66 2087
72.68 2087
72.69 2087
72.70 2088
72.71 2088
72.73 2088
72.74 2088
72.75 2088
72.76 2088
72.78 2088
72.79 2090
72.80 2090
72.81 2090
72.82 2090
72.84 2090
72.85 2090
72.86 2091
72.87 2092
72.89 2092
72.90 2092
72.91 2092
72.92 2092
72.94 2092
72.95 2092
72.96 2092
72.97 2092
72.98 2092
73.00 2092
73.01 2092
73.02 2092
73.03 2092
73.05 2092
73.06 2092
73.07 2092
73.08 2092
73.10 2092
73.11 2092
73.12 2093
73.13 2093
73.14 2093
73.16 2093
73.17 2093
73.18 2093
73.19 2093
73.21 2093
73.22 2093
73.23 2093
73.24 2093
73.26 2093
73.27 2093
73.28 2093
73.29 2093
73.31 2093
73.32 2096
73.33 2097
73.34 2097
73.35 2097
73.37 2097
73.38 2098
73.39 2098
73.40 2098
73.42 2099
73.43 2099
73.44 2101
73.45 2102
73.47 2102
73.48 2102
73.49 2102
73.50 2102
73.51 2102
73.53 2102
73.54 2102
73.55 2102
73.56 2102
73.58 2102
73.59 2102
73.60 2104
73.61 2105
73.63 2105
73.64 2106
73.65 2106
73.66 2106
73.67 2106
73.69 2108
73.70 2110
73.71 2110
73.72 2110
73.74 2110
73.75 2110
73.76 2112
73.77 2113
73.79 2115
73.80 2116
73.81 2118
73.82 2119
73.83 2122
73.85 2122
73.86 2123
73.87 2125
73.88 2125
73.90 2127
73.91 2128
73.92 2128
73.93 2128
73.95 2128
73.96 2129
73.97 2130
73.98 2132
73.99 2132
74.01 2132
74.02 2132
74.03 2132
74.04 2133
74.06 2133
74.07 2134
74.08 2136
74.09 2137
74.11 2139
74.12 2139
74.13 2141
74.14 2142
74.15 2144
74.17 2144
74.18 2144
74.19 2144
74.20 2145
74.22 2147
74.23 2147
74.24 2147
74.25 2147
74.27 2147
74.28 2148
74.29 2148
74.30 2149
74.31 2150
74.33 2150
74.34 2150
74.35 2150
74.36 2150
74.38 2150
74.39 2151
74.40 2152
74.41 2152
74.43 2152
74.44 2152
74.45 2152
74.46 2152
74.48 2152
74.49 2152
74.50 2153
74.51 2153
74.52 2153
74.54 2154
74.55 2154
74.56 2154
74.57 2154
74.59 2154
74.60 2154
74.61 2155
74.62 2156
74.64 2157
74.65 2157
74.66 2157
74.67 2157
74.68 2157
74.70 2157
74.71 2157
74.72 2157
74.73 2157
74.75 2159
74.76 2159
74.77 2160
74.78 2160
74.80 2161
74.81 2162
74.82 2164
74.83 2164
74.84 2165
74.86 2167
74.87 2168
74.88 2169
74.89 2170
74.91 2170
74.92 2170
74.93 2173
74.94 2173
74.96 2173
74.97 2173
74.98 2173
74.99 2173
75.00 2173
75.02 2175
75.03 2176
75.04 2176
75.05 2178
75.07 2179
75.08 2179
75.09 2180
75.10 2182
75.12 2182
75.13 2183
75.14 2185
75.15 2185
75.16 2186
75.18 2188
75.19 2190
75.20 2191
75.21 2192
75.23 2194
75.24 2194
75.25 2195
75.26 2196
75.28 2198
75.29 2199
75.30 2199
75.31 2200
75.32 2201
75.34 2203
75.35 2203
75.36 2205
75.37 2206
75.39 2208
75.40 2209
75.41 2209
75.42 2209
75.44 2209
75.45 2209
75.46 2209
75.47 2210
75.48 2210
75.50 2210
75.51 2210
75.52 2210
75.53 2210
75.55 2210
75.56 2210
75.57 2211
75.58 2211
75.60 2211
75.61 2211
75.62 2212
75.63 2214
75.65 2215
75.66 2215
75.67 2216
75.68 2217
75.69 2217
75.71 2217
75.72 2217
75.73 2217
75.74 2217
75.76 2218
75.77 2218
75.78 2218
75.79 2219
75.81 2219
75.82 2221
75.83 2222
75.84 2223
75.85 2223
75.87 2226
75.88 2226
75.89 2228
75.90 2229
75.92 2231
75.93 2232
75.94 2233
75.95 2234
75.97 2234
75.98 2236
75.99 2237
76.00 2238
76.01 2239
76.03 2242
76.04 2243
76.05 2244
76.06 2245
76.08 2246
76.09 2246
76.10 2248
76.11 2248
76.13 2249
76.14 2249
76.15 2250
76.16 2252
76.17 2253
76.19 2255
76.20 2256
76.21 2257
76.22 2258
76.24 2260
76.25 2263
76.26 2263
76.27 2264
76.29 2264
76.30 2265
76.31 2266
76.32 2268
76.33 2269
76.35 2271
76.36 2271
76.37 2272
76.38 2273
76.40 2275
76.41 2277
76.42 2277
76.43 2278
76.45 2278
76.46 2278
76.47 2278
76.48 2278
76.49 2278
76.51 2278
76.52 2278
76.53 2278
76.54 2278
76.56 2278
76.57 2278
76.58 2278
76.59 2278
76.61 2278
76.62 2278
76.63 2279
76.64 2279
76.65 2279
76.67 2279
76.68 2280
76.69 2280
76.70 2280
76.72 2280
76.73 2280
76.74 2281
76.75 2281
76.77 2281
76.78 2282
76.79 2282
76.80 2282
76.82 2282
76.83 2283
76.84 2283
76.85 2283
76.86 2283
76.88 2283
76.89 2283
76.90 2283
76.91 2283
76.93 2284
76.94 2284
76.95 2284
76.96 2284
76.98 2284
76.99 2284
77.00 2284
77.01 2284
77.02 2285
77.04 2285
77.05 2285
77.06 2285
77.07 2285
77.09 2285
77.10 2285
77.11 2285
77.12 2285
77.14 2285
77.15 2285
77.16 2285
77.17 2285
77.18 2285
77.20 2285
77.21 2285
77.22 2285
77.23 2285
77.25 2285
77.26 2285
77.27 2285
77.28 2285
77.30 2285
77.31 2285
77.32 2285
77.33 2285
77.34 2285
77.36 2286
77.37 2286
77.38 2286
77.39 2286
77.41 2286
77.42 2286
77.43 2286
77.44 2286
77.46 2286
77.47 2286
77.48 2286
77.49 2286
77.50 2286
77.52 2286
77.53 2286
77.54 2286
77.55 2286
77.57 2287
77.58 2287
77.59 2287
77.60 2287
77.62 2287
77.63 2287
77.64 2287
77.65 2287
77.66 2287
77.68 2287
77.69 2287
77.70 2287
77.71 2287
77.73 2287
77.74 2287
77.75 2287
77.76 2287
77.78 2287
77.79 2287
77.80 2287
77.81 2287
77.82 2287
77.84 2287
77.85 2288
77.86 2291
77.87 2291
77.89 2291
77.90 2291
77.91 2291
77.92 2292
77.94 2292
77.95 2292
77.96 2292
77.97 2292
77.99 2293
78.00 2293
78.01 2293
78.02 2293
78.03 2293
78.05 2293
78.06 2293
78.07 2294
78.08 2294
78.10 2294
78.11 2296
78.12 2296
78.13 2296
78.15 2297
78.16 2297
78.17 2297
78.18 2297
78.19 2297
78.21 2298
78.22 2298
78.23 2298
78.24 2298
78.26 2298
78.27 2298
78.28 2298
78.29 2298
78.31 2298
78.32 2299
78.33 2299
78.34 2299
78.35 2300
78.37 2300
78.38 2300
78.39 2300
78.40 2300
78.42 2300
78.43 2300
78.44 2300
78.45 2300
78.47 2300
78.48 2300
78.49 2300
78.50 2303
78.51 2304
78.53 2304
78.54 2304
78.55 2304
78.56 2304
78.58 2304
78.59 2304
78.60 2305
78.61 2305
78.63 2305
78.64 2305
78.65 2305
78.66 2305
78.67 2305
78.69 2305
78.70 2305
78.71 2305
78.72 2306
78.74 2306
78.75 2306
78.76 2306
78.77 2307
78.79 2307
78.80 2307
78.81 2308
78.82 2308
78.83 2308
78.85 2309
78.86 2309
78.87 2309
78.88 2309
78.90 2309
78.91 2309
78.92 2309
78.93 2309
78.95 2309
78.96 2311
78.97 2313
78.98 2315
79.00 2317
79.01 2318
79.02 2318
79.03 2318
79.04 2318
79.06 2318
79.07 2318
79.08 2318
79.09 2318
79.11 2318
79.12 2318
79.13 2318
79.14 2318
79.16 2318
79.17 2318
79.18 2318
79.19 2318
79.20 2318
79.22 2319
79.23 2320
79.24 2322
79.25 2324
79.27 2326
79.28 2326
79.29 2327
79.30 2328
79.32 2329
79.33 2330
79.34 2330
79.35 2331
79.36 2332
79.38 2333
79.39 2335
79.40 2335
79.41 2336
79.43 2338
79.44 2339
79.45 2340
79.46 2341
79.48 2342
79.49 2344
79.50 2344
79.51 2345
79.52 2345
79.54 2346
79.55 2348
79.56 2349
79.57 2349
79.59 2351
79.60 2353
79.61 2354
79.62 2356
79.64 2356
79.65 2357
79.66 2358
79.67 2358
79.68 2359
79.70 2360
79.71 2362
79.72 2362
79.73 2362
79.75 2364
79.76 2365
79.77 2367
79.78 2369
79.80 2370
79.81 2371
79.82 2373
79.83 2374
79.84 2374
79.86 2375
79.87 2378
79.88 2378
79.89 2379
79.91 2380
79.92 2381
79.93 2383
79.94 2384
79.96 2385
79.97 2386
79.98 2387
79.99 2389
80.00 2389
80.02 2389
80.03 2389
80.04 2389
80.05 2391
80.07 2392
80.08 2394
80.09 2395
80.10 2395
80.12 2395
80.13 2396
80.14 2399
80.15 2400
80.17 2401
80.18 2401
80.19 2401
80.20 2401
80.21 2403
80.23 2403
80.24 2405
80.25 2405
80.26 2406
80.28 2406
80.29 2406
80.30 2406
80.31 2406
80.33 2406
80.34 2406
80.35 2406
80.36 2406
80.37 2406
80.39 2406
80.40 2406
80.41 2406
80.42 2406
80.44 2406
80.45 2406
80.46 2406
80.47 2406
80.49 2406
80.50 2406
80.51 2406
80.52 2406
80.53 2406
80.55 2406
80.56 2407
80.57 2407
80.58 2407
80.60 2407
80.61 2407
80.62 2407
80.63 2407
80.65 2407
80.66 2407
80.67 2407
80.68 2408
80.69 2408
80.71 2408
80.72 2408
80.73 2408
80.74 2410
80.76 2410
80.77 2410
80.78 2410
80.79 2410
80.81 2411
80.82 2411
80.83 2411
80.84 2411
80.85 2411
80.87 2411
80.88 2411
80.89 2411
80.90 2411
80.92 2411
80.93 2412
80.94 2412
80.95 2412
80.97 2412
80.98 2412
80.99 2412
81.00 2412
81.01 2412
81.03 2412
81.04 2412
81.05 2412
81.06 2412
81.08 2412
81.09 2412
81.10 2412
81.11 2412
81.13 2412
81.14 2412
81.15 2412
81.16 2414
81.17 2415
81.19 2415
81.20 2415
81.21 2415
81.22 2415
81.24 2415
81.25 2415
81.26 2415
81.27 2415
81.29 2415
81.30 2418
81.31 2418
81.32 2420
81.34 2420
81.35 2420
81.36 2420
81.37 2420
81.38 2420
81.40 2420
81.41 2421
81.42 2421
81.43 2421
81.45 2421
81.46 2421
81.47 2421
81.48 2421
81.50 2421
81.51 2421
81.52 2422
81.53 2424
81.54 2425
81.56 2426
81.57 2426
81.58 2428
81.59 2429
81.61 2429
81.62 2431
81.63 2433
81.64 2433
81.66 2435
81.67 2436
81.68 2437
81.69 2439
81.70 2440
81.72 2441
81.73 2441
81.74 2443
81.75 2443
81.77 2444
81.78 2444
81.79 2445
81.80 2446
81.82 2446
81.83 2448
81.84 2449
81.85 2449
81.86 2450
81.88 2451
81.89 2452
81.90 2452
81.91 2454
81.93 2456
81.94 2456
81.95 2456
81.96 2458
81.98 2459
81.99 2459
82.00 2459
82.01 2459
82.02 2459
82.04 2460
82.05 2462
82.06 2464
82.07 2465
82.09 2466
82.10 2466
82.11 2467
82.12 2467
82.14 2468
82.15 2469
82.16 2469
82.17 2469
82.18 2469
82.20 2469
82.21 2470
82.22 2473
82.23 2473
82.25 2473
82.26 2473
82.27 2473
82.28 2474
82.30 2475
82.31 2475
82.32 2476
82.33 2476
82.34 2476
82.36 2476
82.37 2476
82.38 2476
82.39 2476
82.41 2476
82.42 2476
82.43 2476
82.44 2476
82.46 2476
82.47 2476
82.48 2476
82.49 2476
82.51 2476
82.52 2476
82.53 2476
82.54 2476
82.55 2476
82.57 2476
82.58 2476
82.59 2476
82.60 2476
82.62 2476
82.63 2476
82.64 2476
82.65 2476
82.67 2476
82.68 2476
82.69 2476
82.70 2476
82.71 2476
82.73 2477
82.74 2477
82.75 2477
82.76 2477
82.78 2477
82.79 2477
82.80 2477
82.81 2477
82.83 2477
82.84 2478
82.85 2478
82.86 2478
82.87 2478
82.89 2478
82.90 2478
82.91 2478
82.92 2478
82.94 2480
82.95 2481
82.96 2483
82.97 2483
82.99 2483
83.00 2483
83.01 2483
83.02 2483
83.03 2483
83.05 2483
83.06 2483
83.07 2483
83.08 2483
83.10 2483
83.11 2484
83.12 2484
83.13 2484
83.15 2484
83.16 2484
83.17 2484
83.18 2484
83.19 2484
83.21 2484
83.22 2484
83.23 2484
83.24 2484
83.26 2484
83.27 2484
83.28 2484
83.29 2484
83.31 2484
83.32 2484
83.33 2484
83.34 2484
83.35 2484
83.37 2484
83.38 2484
83.39 2485
83.40 2487
83.42 2487
83.43 2487
83.44 2487
83.45 2487
83.47 2487
83.48 2488
83.49 2488
83.50 2488
83.51 2488
83.53 2488
83.54 2488
83.55 2488
83.56 2488
83.58 2488
83.59 2489
83.60 2489
83.61 2489
83.63 2489
83.64 2489
83.65 2489
83.66 2489
83.68 2489
83.69 2489
83.70 2489
83.71 2489
83.72 2489
83.74 2489
83.75 2489
83.76 2489
83.77 2490
83.79 2490
83.80 2490
83.81 2490
83.82 2490
83.84 2490
83.85 2490
83.86 2490
83.87 2490
83.88 2492
83.90 2494
83.91 2496
83.92 2496
83.93 2496
83.95 2496
83.96 2496
83.97 2496
83.98 2496
84.00 2496
84.01 2497
84.02 2499
84.03 2499
84.04 2499
84.06 2499
84.07 2499
84.08 2499
84.09 2499
84.11 2499
84.12 2499
84.13 2499
84.14 2499
84.16 2499
84.17 2499
84.18 2499
84.19 2499
84.20 2501
84.22 2501
84.23 2501
84.24 2501
84.25 2501
84.27 2501
84.28 2504
84.29 2504
84.30 2505
84.32 2506
84.33 2507
84.34 2508
84.35 2509
84.36 2511
84.38 2513
84.39 2514
84.40 2514
84.41 2516
84.43 2516
84.44 2516
84.45 2516
84.46 2516
84.48 2517
84.49 2517
84.50 2517
84.51 2517
84.52 2518
84.54 2518
84.55 2518
84.56 2518
84.57 2519
84.59 2519
84.60 2520
84.61 2521
84.62 2522
84.64 2524
84.65 2525
84.66 2527
84.67 2529
84.69 2529
84.70 2531
84.71 2533
84.72 2533
84.73 2534
84.75 2536
84.76 2536
84.77 2537
84.78 2538
84.80 2538
84.81 2540
84.82 2541
84.83 2543
84.85 2543
84.86 2544
84.87 2546
84.88 2546
84.89 2546
84.91 2546
84.92 2546
84.93 2546
84.94 2548
84.96 2549
84.97 2549
84.98 2550
84.99 2551
85.01 2552
85.02 2554
85.03 2554
85.04 2557
85.05 2558
85.07 2560
85.08 2561
85.09 2562
85.10 2562
85.12 2562
85.13 2562
85.14 2563
85.15 2563
85.17 2563
85.18 2563
85.19 2563
85.20 2564
85.21 2564
85.23 2564
85.24 2564
85.25 2564
85.26 2564
85.28 2564
85.29 2564
85.30 2564
85.31 2564
85.33 2564
85.34 2564
85.35 2564
85.36 2564
85.37 2564
85.39 2564
85.40 2564
85.41 2564
85.42 2564
85.44 2564
85.45 2564
85.46 2564
85.47 2564
85.49 2565
85.50 2565
85.51 2565
85.52 2565
85.53 2565
85.55 2565
85.56 2565
85.57 2566
85.58 2566
85.60 2566
85.61 2566
85.62 2566
85.63 2566
85.65 2566
85.66 2566
85.67 2566
85.68 2566
85.69 2566
85.71 2566
85.72 2566
85.73 2566
85.74 2566
85.76 2566
85.77 2566
85.78 2566
85.79 2566
85.81 2566
85.82 2566
85.83 2566
85.84 2566
85.86 2566
85.87 2566
85.88 2566
85.89 2566
85.90 2566
85.92 2566
85.93 2566
85.94 2566
85.95 2566
85.97 2566
85.98 2566
85.99 2566
86.00 2566
86.02 2566
86.03 2566
86.04 2566
86.05 2566
86.06 2567
86.08 2567
86.09 2567
86.10 2567
86.11 2567
86.13 2567
86.14 2567
86.15 2567
86.16 2567
86.18 2567
86.19 2568
86.20 2568
86.21 2568
86.22 2568
86.24 2569
86.25 2569
86.26 2569
86.27 2569
86.29 2571
86.30 2571
86.31 2572
86.32 2572
86.34 2572
86.35 2573
86.36 2574
86.37 2574
86.38 2575
86.40 2577
86.41 2578
86.42 2578
86.43 2579
86.45 2579
86.46 2579
86.47 2579
86.48 2579
86.50 2581
86.51 2582
86.52 2583
86.53 2585
86.54 2587
86.56 2587
86.57 2588
86.58 2588
86.59 2588
86.61 2589
86.62 2589
86.63 2589
86.64 2590
86.66 2591
86.67 2592
86.68 2592
86.69 2592
86.70 2592
86.72 2595
86.73 2596
86.74 2596
86.75 2596
86.77 2596
86.78 2596
86.79 2597
86.80 2597
86.82 2598
86.83 2598
86.84 2598
86.85 2598
86.86 2598
86.88 2598
86.89 2598
86.90 2598
86.91 2598
86.93 2598
86.94 2598
86.95 2598
86.96 2598
86.98 2598
86.99 2598
87.00 2598
87.01 2598
87.03 2598
87.04 2598
87.05 2598
87.06 2598
87.07 2598
87.09 2599
87.10 2599
87.11 2599
87.12 2599
87.14 2599
87.15 2599
87.16 2599
87.17 2599
87.19 2599
87.20 2599
87.21 2599
87.22 2599
87.23 2599
87.25 2599
87.26 2599
87.27 2599
87.28 2599
87.30 2599
87.31 2599
87.32 2599
87.33 2599
87.35 2599
87.36 2602
87.37 2603
87.38 2605
87.39 2606
87.41 2606
87.42 2606
87.43 2606
87.44 2607
87.46 2607
87.47 2607
87.48 2607
87.49 2609
87.51 2609
87.52 2609
87.53 2609
87.54 2609
87.55 2609
87.57 2609
87.58 2609
87.59 2609
87.60 2609
87.62 2609
87.63 2609
87.64 2609
87.65 2609
87.67 2609
87.68 2609
87.69 2610
87.70 2611
87.71 2612
87.73 2615
87.74 2617
87.75 2617
87.76 2618
87.78 2619
87.79 2619
87.80 2621
87.81 2624
87.83 2626
87.84 2627
87.85 2628
87.86 2629
87.87 2630
87.89 2631
87.90 2633
87.91 2634
87.92 2636
87.94 2637
87.95 2639
87.96 2640
87.97 2641
87.99 2643
88.00 2643
88.01 2645
88.02 2647
88.03 2648
88.05 2648
88.06 2650
88.07 2651
88.08 2651
88.10 2651
88.11 2653
88.12 2654
88.13 2655
88.15 2655
88.16 2656
88.17 2658
88.18 2660
88.20 2661
88.21 2661
88.22 2662
88.23 2662
88.24 2662
88.26 2663
88.27 2665
88.28 2667
88.29 2667
88.31 2668
88.32 2669
88.33 2669
88.34 2671
88.36 2672
88.37 2673
88.38 2673
88.39 2675
88.40 2676
88.42 2676
88.43 2677
88.44 2677
88.45 2678
88.47 2678
88.48 2680
88.49 2681
88.50 2683
88.52 2684
88.53 2685
88.54 2686
88.55 2687
88.56 2688
88.58 2689
88.59 2690
88.60 2691
88.61 2693
88.63 2693
88.64 2693
88.65 2694
88.66 2694
88.68 2695
88.69 2696
88.70 2697
88.71 2697
88.72 2698
88.74 2698
88.75 2698
88.76 2698
88.77 2698
88.79 2698
88.80 2699
88.81 2699
88.82 2699
88.84 2700
88.85 2700
88.86 2700
88.87 2700
88.88 2701
88.90 2701
88.91 2701
88.92 2702
88.93 2702
88.95 2702
88.96 2702
88.97 2702
88.98 2702
89.00 2702
89.01 2702
89.02 2702
89.03 2702
89.04 2702
89.06 2702
89.07 2702
89.08 2703
89.09 2703
89.11 2703
89.12 2703
89.13 2703
89.14 2703
89.16 2703
89.17 2703
89.18 2703
89.19 2703
89.21 2703
89.22 2703
89.23 2704
89.24 2704
89.25 2704
89.27 2704
89.28 2705
89.29 2705
89.30 2705
89.32 2705
89.33 2705
89.34 2705
89.35 2705
89.37 2705
89.38 2705
89.39 2705
89.40 2705
89.41 2705
89.43 2705
89.44 2705
89.45 2706
89.46 2706
89.48 2706
89.49 2706
89.50 2706
89.51 2706
89.53 2706
89.54 2707
89.55 2707
89.56 2707
89.57 2707
89.59 2707
89.60 2707
89.61 2708
89.62 2708
89.64 2708
89.65 2708
89.66 2708
89.67 2708
89.69 2708
89.70 2708
89.71 2708
89.72 2708
89.73 2708
89.75 2708
89.76 2708
89.77 2708
89.78 2709
89.80 2709
89.81 2709
89.82 2709
89.83 2709
89.85 2709
89.86 2709
89.87 2709
89.88 2709
89.89 2709
89.91 2709
89.92 2709
89.93 2709
89.94 2709
89.96 2709
89.97 2709
89.98 2709
89.99 2709
90.01 2709
90.02 2709
90.03 2709
90.04 2709
90.05 2709
90.07 2709
90.08 2709
90.09 2709
90.10 2709
90.12 2710
90.13 2710
90.14 2710
90.15 2710
90.17 2710
90.18 2710
90.19 2710
90.20 2710
90.21 2710
90.23 2710
90.24 2711
90.25 2711
90.26 2711
90.28 2711
90.29 2711
90.30 2711
90.31 2712
90.33 2712
90.34 2712
90.35 2712
90.36 2712
90.38 2712
90.39 2712
90.40 2712
90.41 2712
90.42 2712
90.44 2712
90.45 2712
90.46 2712
90.47 2712
90.49 2712
90.50 2712
90.51 2715
90.52 2715
90.54 2718
90.55 2718
90.56 2718
90.57 2718
90.58 2719
90.60 2720
90.61 2722
90.62 2724
90.63 2725
90.65 2729
90.66 2730
90.67 2732
90.68 2735
90.70 2735
90.71 2735
90.72 2735
90.73 2735
90.74 2735
90.76 2735
90.77 2735
90.78 2737
90.79 2738
90.81 2739
90.82 2739
90.83 2742
90.84 2742
90.86 2743
90.87 2743
90.88 2744
90.89 2744
90.90 2744
90.92 2744
90.93 2744
90.94 2744
90.95 2744
90.97 2745
90.98 2747
90.99 2749
91.00 2751
91.02 2753
91.03 2754
91.04 2754
91.05 2754
91.06 2754
91.08 2755
91.09 2755
91.10 2756
91.11 2756
91.13 2756
91.14 2756
91.15 2757
91.16 2759
91.18 2761
91.19 2762
91.20 2763
91.21 2764
91.22 2766
91.24 2767
91.25 2767
91.26 2768
91.27 2768
91.29 2768
91.30 2768
91.31 2768
91.32 2769
91.34 2769
91.35 2769
91.36 2769
91.37 2769
91.38 2770
91.40 2770
91.41 2772
91.42 2774
91.43 2774
91.45 2775
91.46 2776
91.47 2777
91.48 2778
91.50 2781
91.51 2781
91.52 2781
91.53 2782
91.55 2782
91.56 2782
91.57 2782
91.58 2782
91.59 2782
91.61 2783
91.62 2784
91.63 2785
91.64 2785
91.66 2786
91.67 2787
91.68 2788
91.69 2788
91.71 2790
91.72 2790
91.73 2792
91.74 2792
91.75 2793
91.77 2794
91.78 2795
91.79 2795
91.80 2795
91.82 2798
91.83 2799
91.84 2801
91.85 2801
91.87 2801
91.88 2803
91.89 2804
91.90 2806
91.91 2807
91.93 2807
91.94 2807
91.95 2807
91.96 2808
91.98 2809
91.99 2810
92.00 2810
92.01 2810
92.03 2811
92.04 2813
92.05 2815
92.06 2816
92.07 2817
92.09 2818
92.10 2818
92.11 2819
92.12 2819
92.14 2819
92.15 2819
92.16 2819
92.17 2819
92.19 2820
92.20 2821
92.21 2822
92.22 2824
92.23 2824
92.25 2824
92.26 2825
92.27 2825
92.28 2826
92.30 2829
92.31 2829
92.32 2829
92.33 2829
92.35 2829
92.36 2830
92.37 2830
92.38 2831
92.39 2831
92.41 2831
92.42 2831
92.43 2831
92.44 2832
92.46 2832
92.47 2832
92.48 2832
92.49 2832
92.51 2832
92.52 2832
92.53 2832
92.54 2832
92.55 2832
92.57 2832
92.58 2832
92.59 2834
92.60 2834
92.62 2834
92.63 2834
92.64 2834
92.65 2835
92.67 2836
92.68 2837
92.69 2837
92.70 2837
92.72 2837
92.73 2837
92.74 2837
92.75 2837
92.76 2837
92.78 2837
92.79 2838
92.80 2838
92.81 2838
92.83 2838
92.84 2838
92.85 2839
92.86 2840
92.88 2842
92.89 2842
92.90 2843
92.91 2844
92.92 2844
92.94 2845
92.95 2845
92.96 2845
92.97 2845
92.99 2845
93.00 2847
93.01 2848
93.02 2849
93.04 2851
93.05 2853
93.06 2853
93.07 2854
93.08 2855
93.10 2855
93.11 2855
93.12 2855
93.13 2855
93.15 2855
93.16 2855
93.17 2856
93.18 2856
93.20 2856
93.21 2856
93.22 2858
93.23 2858
93.24 2859
93.26 2859
93.27 2859
93.28 2859
93.29 2859
93.31 2859
93.32 2859
93.33 2860
93.34 2860
93.36 2861
93.37 2861
93.38 2861
93.39 2861
93.40 2861
93.42 2862
93.43 2862
93.44 2862
93.45 2862
93.47 2862
93.48 2862
93.49 2862
93.50 2863
93.52 2863
93.53 2863
93.54 2863
93.55 2863
93.56 2863
93.58 2863
93.59 2863
93.60 2863
93.61 2863
93.63 2863
93.64 2863
93.65 2863
93.66 2863
93.68 2863
93.69 2863
93.70 2865
93.71 2865
93.72 2865
93.74 2865
93.75 2865
93.76 2865
93.77 2865
93.79 2865
93.80 2865
93.81 2865
93.82 2866
93.84 2866
93.85 2866
93.86 2866
93.87 2866
93.89 2866
93.90 2866
93.91 2866
93.92 2866
93.93 2866
93.95 2866
93.96 2866
93.97 2867
93.98 2867
94.00 2867
94.01 2869
94.02 2872
94.03 2874
94.05 2876
94.06 2876
94.07 2876
94.08 2877
94.09 2877
94.11 2877
94.12 2877
94.13 2877
94.14 2878
94.16 2878
94.17 2878
94.18 2878
94.19 2878
94.21 2878
94.22 2878
94.23 2878
94.24 2878
94.25 2878
94.27 2879
94.28 2879
94.29 2879
94.30 2879
94.32 2879
94.33 2879
94.34 2880
94.35 2880
94.37 2880
94.38 2880
94.39 2880
94.40 2880
94.41 2880
94.43 2880
94.44 2880
94.45 2880
94.46 2880
94.48 2880
94.49 2880
94.50 2881
94.51 2881
94.53 2881
94.54 2881
94.55 2881
94.56 2881
94.57 2882
94.59 2882
94.60 2882
94.61 2882
94.62 2882
94.64 2882
94.65 2882
94.66 2882
94.67 2882
94.69 2882
94.70 2882
94.71 2882
94.72 2882
94.73 2882
94.75 2882
94.76 2882
94.77 2882
94.78 2886
94.80 2888
94.81 2889
94.82 2890
94.83 2890
94.85 2890
94.86 2890
94.87 2890
94.88 2890
94.90 2890
94.91 2890
94.92 2890
94.93 2890
94.94 2890
94.96 2890
94.97 2890
94.98 2890
94.99 2890
95.01 2891
95.02 2891
95.03 2892
95.04 2892
95.06 2892
95.07 2894
95.08 2895
95.09 2896
95.10 2898
95.12 2899
95.13 2900
95.14 2902
95.15 2903
95.17 2904
95.18 2905
95.19 2906
95.20 2907
95.22 2907
95.23 2907
95.24 2907
95.25 2907
95.26 2908
95.28 2910
95.29 2911
95.30 2911
95.31 2913
95.33 2913
95.34 2915
95.35 2915
95.36 2916
95.38 2918
95.39 2919
95.40 2920
95.41 2921
95.42 2922
95.44 2922
95.45 2924
95.46 2924
95.47 2924
95.49 2924
95.50 2925
95.51 2926
95.52 2928
95.54 2930
95.55 2930
95.56 2930
95.57 2930
95.58 2932
95.60 2934
95.61 2934
95.62 2935
95.63 2936
95.65 2937
95.66 2938
95.67 2938
95.68 2940
95.70 2942
95.71 2944
95.72 2944
95.73 2946
95.74 2947
95.76 2948
95.77 2949
95.78 2950
95.79 2951
95.81 2951
95.82 2951
95.83 2951
95.84 2951
95.86 2952
95.87 2954
95.88 2955
95.89 2956
95.90 2956
95.92 2956
95.93 2956
95.94 2957
95.95 2957
95.97 2959
95.98 2961
95.99 2961
96.00 2961
96.02 2963
96.03 2965
96.04 2965
96.05 2966
96.07 2968
96.08 2969
96.09 2971
96.10 2971
96.11 2971
96.13 2971
96.14 2971
96.15 2972
96.16 2973
96.18 2974
96.19 2974
96.20 2974
96.21 2975
96.23 2977
96.24 2979
96.25 2980
96.26 2980
96.27 2981
96.29 2982
96.30 2984
96.31 2985
96.32 2986
96.34 2987
96.35 2987
96.36 2989
96.37 2989
96.39 2991
96.40 2992
96.41 2995
96.42 2997
96.43 2998
96.45 2998
96.46 2999
96.47 3000
96.48 3000
96.50 3000
96.51 3000
96.52 3000
96.53 3001
96.55 3001
96.56 3001
96.57 3001
96.58 3001
96.59 3001
96.61 3001
96.62 3001
96.63 3001
96.64 3001
96.66 3001
96.67 3001
96.68 3002
96.69 3002
96.71 3002
96.72 3002
96.73 3002
96.74 3002
96.75 3002
96.77 3003
96.78 3003
96.79 3003
96.80 3003
96.82 3003
96.83 3003
96.84 3003
96.85 3004
96.87 3004
96.88 3004
96.89 3004
96.90 3004
96.91 3004
96.93 3004
96.94 3004
96.95 3004
96.96 3004
96.98 3004
96.99 3004
97.00 3004
97.01 3004
97.03 3005
97.04 3005
97.05 3005
97.06 3005
97.07 3005
97.09 3005
97.10 3005
97.11 3005
97.12 3005
97.14 3005
97.15 3005
97.16 3005
97.17 3005
97.19 3005
97.20 3006
97.21 3006
97.22 3006
97.24 3006
97.25 3006
97.26 3006
97.27 3006
97.28 3006
97.30 3006
97.31 3006
97.32 3006
97.33 3006
97.35 3006
97.36 3006
97.37 3006
97.38 3006
97.40 3006
97.41 3006
97.42 3006
97.43 3006
97.44 3006
97.46 3006
97.47 3006
97.48 3006
97.49 3006
97.51 3006
97.52 3006
97.53 3006
97.54 3006
97.56 3009
97.57 3010
97.58 3011
97.59 3013
97.60 3013
97.62 3013
97.63 3013
97.64 3015
97.65 3016
97.67 3017
97.68 3018
97.69 3018
97.70 3020
97.72 3020
97.73 3020
97.74 3020
97.75 3020
97.76 3021
97.78 3021
97.79 3021
97.80 3021
97.81 3021
97.83 3021
97.84 3022
97.85 3022
97.86 3022
97.88 3022
97.89 3022
97.90 3022
97.91 3022
97.92 3022
97.94 3022
97.95 3022
97.96 3022
97.97 3022
97.99 3023
98.00 3023
98.01 3023
98.02 3023
98.04 3023
98.05 3023
98.06 3024
98.07 3024
98.08 3024
98.10 3024
98.11 3024
98.12 3024
98.13 3024
98.15 3024
98.16 3024
98.17 3024
98.18 3024
98.20 3024
98.21 3024
98.22 3024
98.23 3024
98.24 3024
98.26 3024
98.27 3024
98.28 3024
98.29 3024
98.31 3024
98.32 3024
98.33 3024
98.34 3024
98.36 3024
98.37 3024
98.38 3024
98.39 3024
98.41 3024
98.42 3024
98.43 3024
98.44 3024
98.45 3024
98.47 3025
98.48 3025
98.49 3025
98.50 3025
98.52 3025
98.53 3025
98.54 3026
98.55 3026
98.57 3026
98.58 3026
98.59 3026
98.60 3026
98.61 3026
98.63 3026
98.64 3027
98.65 3027
98.66 3027
98.68 3028
98.69 3030
98.70 3030
98.71 3032
98.73 3032
98.74 3032
98.75 3032
98.76 3032
98.77 3032
98.79 3032
98.80 3032
98.81 3032
98.82 3032
98.84 3032
98.85 3032
98.86 3032
98.87 3034
98.89 3034
98.90 3034
98.91 3034
98.92 3034
98.93 3034
98.95 3034
98.96 3035
98.97 3035
98.98 3035
99.00 3035
99.01 3037
99.02 3042
99.03 3045
99.05 3049
99.06 3052
99.07 3055
99.08 3057
99.09 3060
99.11 3064
99.12 3066
99.13 3069
99.14 3071
99.16 3075
99.17 3078
99.18 3080
99.19 3083
99.21 3087
99.22 3091
99.23 3091
99.24 3094
99.25 3097
99.27 3099
99.28 3099
99.29 3099
99.30 3099
99.32 3100
99.33 3104
99.34 3107
99.35 3109
99.37 3111
99.38 3112
99.39 3114
99.40 3116
99.41 3118
99.43 3120
99.44 3122
99.45 3124
99.46 3125
99.48 3127
99.49 3128
99.50 3130
99.51 3132
99.53 3132
99.54 3135
99.55 3136
99.56 3137
99.58 3138
99.59 3139
99.60 3141
99.61 3142
99.62 3143
99.64 3145
99.65 3146
99.66 3148
99.67 3148
99.69 3150
99.70 3151
99.71 3152
99.72 3153
99.74 3155
99.75 3157
99.76 3158
99.77 3159
99.78 3161
99.80 3161
99.81 3162
99.82 3165
99.83 3167
99.85 3170
99.86 3171
99.87 3172
99.88 3174
99.90 3176
99.91 3178
99.92 3179
99.93 3181
99.94 3182
99.96 3184
99.97 3185
99.98 3186
99.99 3187
