TAP version 13
# Subtest: component notes never enter playable data or mutate authored records
ok 1 - component notes never enter playable data or mutate authored records
  ---
  duration_ms: 1.583833
  type: 'test'
  ...
# Subtest: rule excerpts resolve nested component data once and reject broken references
ok 2 - rule excerpts resolve nested component data once and reject broken references
  ---
  duration_ms: 1.168458
  type: 'test'
  ...
# Subtest: compact documents omit only explicitly declared sections
ok 3 - compact documents omit only explicitly declared sections
  ---
  duration_ms: 0.227541
  type: 'test'
  ...
# Subtest: map, component and inventory readers reuse the rulebook's owned passages
ok 4 - map, component and inventory readers reuse the rulebook's owned passages
  ---
  duration_ms: 8.837083
  type: 'test'
  ...
# Subtest: reference layouts refuse independently authored rules and quantities
ok 5 - reference layouts refuse independently authored rules and quantities
  ---
  duration_ms: 0.967542
  type: 'test'
  ...
# Subtest: world companion extraction excludes editorial guidance and backlog
ok 6 - world companion extraction excludes editorial guidance and backlog
  ---
  duration_ms: 3.320125
  type: 'test'
  ...
# Subtest: scenario bindings derive from component identity and point to the complete record
ok 7 - scenario bindings derive from component identity and point to the complete record
  ---
  duration_ms: 16.568708
  type: 'test'
  ...
# Subtest: authoring rejects missing, duplicate, and unresolved scenario definitions
ok 8 - authoring rejects missing, duplicate, and unresolved scenario definitions
  ---
  duration_ms: 8.26175
  type: 'test'
  ...
# Subtest: semantic content graph reproduces every declared artifact without drift
ok 9 - semantic content graph reproduces every declared artifact without drift
  ---
  duration_ms: 96.277333
  type: 'test'
  ...
# Subtest: player copy is bound to declared player-facing surfaces
ok 10 - player copy is bound to declared player-facing surfaces
  ---
  duration_ms: 47.450667
  type: 'test'
  ...
# Subtest: release content identity includes every player-copy source
ok 11 - release content identity includes every player-copy source
  ---
  duration_ms: 1.578417
  type: 'test'
  ...
# Subtest: content compiler is domain-neutral
ok 12 - content compiler is domain-neutral
  ---
  duration_ms: 0.857167
  type: 'test'
  ...
# Subtest: semantic graph owns every player-facing construction surface
ok 13 - semantic graph owns every player-facing construction surface
  ---
  duration_ms: 2.823042
  type: 'test'
  ...
# Subtest: physical sources are projected from declared ownership roots
ok 14 - physical sources are projected from declared ownership roots
  ---
  duration_ms: 0.7515
  type: 'test'
  ...
# Subtest: shared semantic references construct current cards, rules, UI, and simulation copy
ok 15 - shared semantic references construct current cards, rules, UI, and simulation copy
  ---
  duration_ms: 6.925417
  type: 'test'
  ...
# Subtest: Headline cards own their exact text while the rulebook owns timing
ok 16 - Headline cards own their exact text while the rulebook owns timing
  ---
  duration_ms: 1.059167
  type: 'test'
  ...
# Subtest: Mandate cards own their exact text while the rulebook owns scoring timing
ok 17 - Mandate cards own their exact text while the rulebook owns scoring timing
  ---
  duration_ms: 1.598541
  type: 'test'
  ...
# Subtest: Card and Board Reference projects every other required card surface
ok 18 - Card and Board Reference projects every other required card surface
  ---
  duration_ms: 1.30175
  type: 'test'
  ...
# Subtest: world companion owns four ordered Era overviews and references canonical Era identities
ok 19 - world companion owns four ordered Era overviews and references canonical Era identities
  ---
  duration_ms: 1.754708
  type: 'test'
  ...
# Subtest: Era overviews retain institutions and scenarios alongside authorized mechanic revisions
ok 20 - Era overviews retain institutions and scenarios alongside authorized mechanic revisions
  ---
  duration_ms: 4.259792
  type: 'test'
  ...
# Subtest: ending descriptions retain four rule-owned outcomes without procedural prose
ok 21 - ending descriptions retain four rule-owned outcomes without procedural prose
  ---
  duration_ms: 1.191625
  type: 'test'
  ...
# Subtest: retained signature abilities project concrete continuity institutions
ok 22 - retained signature abilities project concrete continuity institutions
  ---
  duration_ms: 2.528208
  type: 'test'
  ...
# Subtest: Core Rules are compact while every moved authority has one table surface
ok 23 - Core Rules are compact while every moved authority has one table surface
  ---
  duration_ms: 1.789041
  type: 'test'
  ...
# Subtest: numeric typography preserves exact card digits while prose may spell numbers
ok 24 - numeric typography preserves exact card digits while prose may spell numbers
  ---
  duration_ms: 1.42175
  type: 'test'
  ...
# Subtest: fictional institution identities are canonical across generated game surfaces
ok 25 - fictional institution identities are canonical across generated game surfaces
  ---
  duration_ms: 0.95325
  type: 'test'
  ...
# Subtest: canonical faction source contains no real-person identity vocabulary
ok 26 - canonical faction source contains no real-person identity vocabulary
  ---
  duration_ms: 0.331667
  type: 'test'
  ...
# Subtest: published HTML carries crawler exclusions
ok 27 - published HTML carries crawler exclusions
  ---
  duration_ms: 0.387083
  type: 'test'
  ...
# Subtest: published executable surfaces are path-safe and make the paired bridge optional
ok 28 - published executable surfaces are path-safe and make the paired bridge optional
  ---
  duration_ms: 0.443667
  type: 'test'
  ...
# Subtest: internal review executable retains the Lab route and carries a deployment warning
ok 29 - internal review executable retains the Lab route and carries a deployment warning
  ---
  duration_ms: 0.08625
  type: 'test'
  ...
# Subtest: site index presents one flat list of titles without subtitles
ok 30 - site index presents one flat list of titles without subtitles
  ---
  duration_ms: 0.31025
  type: 'test'
  ...
# Subtest: Firebase deployment uses the Mandate project's root-hosting contract
ok 31 - Firebase deployment uses the Mandate project's root-hosting contract
  ---
  duration_ms: 3.390167
  type: 'test'
  ...
# Subtest: public playtest publication is an allowlist with release identity and feedback
ok 32 - public playtest publication is an allowlist with release identity and feedback
  ---
  duration_ms: 699.98075
  type: 'test'
  ...
# Subtest: internal review build remains complete but explicitly non-deployable
ok 33 - internal review build remains complete but explicitly non-deployable
  ---
  duration_ms: 121.977167
  type: 'test'
  ...
# Subtest: Markdown owns narrative; mechanics own ending conditions; player projections contain neither editorial notes nor unresolved references
ok 34 - Markdown owns narrative; mechanics own ending conditions; player projections contain neither editorial notes nor unresolved references
  ---
  duration_ms: 26.730125
  type: 'test'
  ...
# Subtest: world copy rejects duplicates, omissions, unknown labels, and missing identities
ok 35 - world copy rejects duplicates, omissions, unknown labels, and missing identities
  ---
  duration_ms: 5.491166
  type: 'test'
  ...
# Subtest: canon requires explicit unique identities, dispositions, and complete narratives
ok 36 - canon requires explicit unique identities, dispositions, and complete narratives
  ---
  duration_ms: 6.56925
  type: 'test'
  ...
# Subtest: lore-only entries cannot gain mechanics, public deployment, or game bindings
ok 37 - lore-only entries cannot gain mechanics, public deployment, or game bindings
  ---
  duration_ms: 101.156833
  type: 'test'
  ...
# Subtest: historical world releases retain their first committed bytes
ok 38 - historical world releases retain their first committed bytes
  ---
  duration_ms: 2.669209
  type: 'test'
  ...
# Subtest: current teaching materials follow the release declaration and supported Audit counts
ok 39 - current teaching materials follow the release declaration and supported Audit counts
  ---
  duration_ms: 1.7455
  type: 'test'
  ...
# Subtest: shared policy tables reject malformed rows and preserve escaped punctuation
ok 40 - shared policy tables reject malformed rows and preserve escaped punctuation
  ---
  duration_ms: 0.225875
  type: 'test'
  ...
# Subtest: an edited lore record compiles while stale release publication and freezing are rejected
ok 41 - an edited lore record compiles while stale release publication and freezing are rejected
  ---
  duration_ms: 1232.196583
  type: 'test'
  ...
# Subtest: lore references reject missing entries, ambiguous overrides, unapproved fields and internal excerpt access
ok 42 - lore references reject missing entries, ambiguous overrides, unapproved fields and internal excerpt access
  ---
  duration_ms: 6.665542
  type: 'test'
  ...
1..42
# tests 42
# suites 0
# pass 42
# fail 0
# cancelled 0
# skipped 0
# todo 0
# duration_ms 1444.469125
