{
  "arm": "P",
  "clean_codec_environment": {
    "GAMMA_RESOURCE_PHASE_MARKERS": "/home/x/deco/gamma/projects/enwiki9/results/cmix_obias_source_ppm_rss_env8192_zombiefix_q0_v1/p/phase-markers.jsonl",
    "KH_BITLSTM32": "/home/x/deco/gamma/projects/enwiki9/scratch/cmix_obias_source_ppm_rss_env8192_zombiefix_q0_v1/p/head.blob",
    "PATH": "/usr/bin:/bin"
  },
  "exact_decode_filename": null,
  "execution": {
    "argv": [
      "/home/x/deco/gamma/projects/enwiki9/scratch/cmix_obias_source_ppm_rss_env8192_zombiefix_q0_v1/p/cmix",
      "-e",
      "/home/x/deco/gamma/projects/enwiki9/scratch/cmix_obias_source_ppm_rss_env8192_zombiefix_q0_v1/population.bin",
      "out.cmix"
    ],
    "elapsed_seconds": 179.258985,
    "final_process_accounting_complete": false,
    "identity_errors": [],
    "measurement_complete": true,
    "measurement_errors": [],
    "measurement_scope": "Identity-stable per-process sampled counters only. Unique-tree IO totals are unavailable because parent IO can include waited-for children. Fault totals are sampled and not exhaustive child coverage or final lifetime totals.",
    "ppm_residency": {
      "claim_boundary": "Observed mapping-RSS drops and regrowth plus process-tree faults and IO quantify purge/refault effects; they are not a direct madvise call count.",
      "event_threshold_kib": 32768,
      "events": [],
      "events_truncated": false,
      "maximum_dirty_kib": 14940,
      "maximum_referenced_kib": 15808,
      "maximum_rss_kib": 15808,
      "minimum_rss_kib": 8,
      "observation_count": 32,
      "observed_drop_count": 0,
      "observed_refault_growth_count": 0
    },
    "previously_sampled_terminal_io_unavailable": [
      {
        "after": {
          "major_faults": 2946,
          "minor_faults": 307645,
          "ok": true,
          "pid": 3356600,
          "start_ticks": 165416323,
          "state": "Z"
        },
        "before": {
          "major_faults": 2946,
          "minor_faults": 307645,
          "ok": true,
          "pid": 3356600,
          "start_ticks": 165416323,
          "state": "Z"
        },
        "classification": "sampled_terminal_io_unavailable",
        "io": {
          "errno": 13,
          "error": "PermissionError",
          "ok": false
        },
        "pid": 3356600,
        "prior_successful_identity_sample": true
      }
    ],
    "process_tree_totals": {
      "major_faults": 8871,
      "minor_faults": 776751,
      "read_bytes": null,
      "write_bytes": null
    },
    "processes": [
      {
        "major_faults": 2946,
        "minor_faults": 307642,
        "pid": 3356600,
        "read_bytes": 0,
        "start_ticks": 165416323,
        "write_bytes": 84037632
      },
      {
        "major_faults": 0,
        "minor_faults": 72,
        "pid": 3356611,
        "read_bytes": 0,
        "start_ticks": 165416325,
        "write_bytes": 0
      },
      {
        "major_faults": 3952,
        "minor_faults": 223381,
        "pid": 3356612,
        "read_bytes": 0,
        "start_ticks": 165416325,
        "write_bytes": 35115008
      },
      {
        "major_faults": 0,
        "minor_faults": 71,
        "pid": 3370791,
        "read_bytes": 0,
        "start_ticks": 165423901,
        "write_bytes": 0
      },
      {
        "major_faults": 1973,
        "minor_faults": 245585,
        "pid": 3370793,
        "read_bytes": 0,
        "start_ticks": 165423901,
        "write_bytes": 15818752
      }
    ],
    "proven_exit_races": [],
    "raw_io_sum_authority": "None: per-process IO may include waited-for children, so this sum can overlap and is not unique-tree IO or a physical-IO bound.",
    "raw_sum_of_sampled_process_io_counters": {
      "read_bytes": 0,
      "write_bytes": 134971392
    },
    "returncode": 0,
    "sample_count": 665,
    "stderr": {
      "bytes": 696052,
      "path": "/home/x/deco/gamma/projects/enwiki9/results/cmix_obias_source_ppm_rss_env8192_zombiefix_q0_v1/p/codec.stderr",
      "sha256": "87f185691b8626de85d844d861e2a8611398b80b3000f6a044d5a960f0d90085"
    },
    "stdout": {
      "bytes": 192,
      "path": "/home/x/deco/gamma/projects/enwiki9/results/cmix_obias_source_ppm_rss_env8192_zombiefix_q0_v1/p/codec.stdout",
      "sha256": "73b121ddbf5ef750d88c0bc6444a19b058f072d7b0877721c43673434e8fd7a3"
    }
  },
  "execution_artifact": {
    "bytes": 3688,
    "path": "/home/x/deco/gamma/projects/enwiki9/results/cmix_obias_source_ppm_rss_env8192_zombiefix_q0_v1/p/execution.json",
    "sha256": "9830dcf2d9c36f569cd80f09671e86037bf7a1805c7c2d360a03b128da149707"
  },
  "inputs": {
    "head": {
      "bytes": 23002,
      "path": "/home/x/deco/gamma/projects/enwiki9/results/cmix_obias_source_1m_roundtrip_qm3_v1/head.blob",
      "sha256": "35cd24fed87c3409994abf5573b5697be19ea03b5ece0928b69b1cdc4f3b6078"
    },
    "package": {
      "bytes": 468481,
      "path": "/home/x/deco/gamma/projects/enwiki9/results/cmix_obias_source_1m_roundtrip_qm3_v1/cmix",
      "sha256": "4ba53d3652c4e6de4126b4c03006e45a5f7e0511abd5d9661bf8132236ef1d2a"
    },
    "population": {
      "bytes": 1000000,
      "path": "/home/x/deco/gamma/projects/enwiki9/scratch/cmix_obias_source_ppm_rss_env8192_zombiefix_q0_v1/population.bin",
      "sha256": "369b688978f649681136198fb96db14c1616756260c55fb4b65e9bc049552cad"
    }
  },
  "mode": "encode",
  "outputs": {
    "archive": {
      "bytes": 464298,
      "path": "/home/x/deco/gamma/projects/enwiki9/results/cmix_obias_source_ppm_rss_env8192_zombiefix_q0_v1/p/archive9",
      "sha256": "9065eaf54f81e441598fd53c39f909db49d6a9627ae0456eabb8c77099b8ccc4"
    },
    "payload": {
      "bytes": 172605,
      "path": "/home/x/deco/gamma/projects/enwiki9/results/cmix_obias_source_ppm_rss_env8192_zombiefix_q0_v1/p/out.cmix",
      "sha256": "a723ca62ae2237354888dc23c3e2bb08eb166276719a011eb95bf52774d70db7"
    }
  },
  "phase_marker_path": "/home/x/deco/gamma/projects/enwiki9/results/cmix_obias_source_ppm_rss_env8192_zombiefix_q0_v1/p/phase-markers.jsonl",
  "ppm_rss_environment": {},
  "schema": "gamma.enwiki9.cmix-obias-source-ppm-rss-env8192-opening1m-stage.zombiefix-q0-v1",
  "scope_bytes": 1000000,
  "stage_pass": true
}
{
  "resource_guard": {
    "cgroup": {
      "inode": 213569,
      "joined_before_exec": true,
      "memory_and_swap_verified_before_child_exec": true,
      "memory_max_bytes": 9999998976,
      "memory_max_rounding_bytes": 1024,
      "memory_peak_reset": true,
      "memory_swap_max_bytes": 0,
      "path": "/sys/fs/cgroup/user.slice/user-1000.slice/user@1000.service/app.slice/gamma-cmix-obias-env8192-opening1m-zombiefix-q0-v1-p",
      "previous_memory_max": "max",
      "previous_memory_swap_max": "max",
      "requested_memory_max_bytes": 10000000000,
      "requested_memory_swap_max_bytes": 0
    },
    "cgroup_events": {
      "baseline": {
        "high": 0,
        "low": 0,
        "max": 0,
        "oom": 0,
        "oom_group_kill": 0,
        "oom_kill": 0,
        "sock_throttled": 0
      },
      "delta": {
        "high": 0,
        "low": 0,
        "max": 0,
        "oom": 0,
        "oom_group_kill": 0,
        "oom_kill": 0,
        "sock_throttled": 0
      },
      "final": {
        "high": 0,
        "low": 0,
        "max": 0,
        "oom": 0,
        "oom_group_kill": 0,
        "oom_kill": 0,
        "sock_throttled": 0
      }
    },
    "command": [
      "/usr/bin/python3",
      "/home/x/deco/gamma/projects/enwiki9/tools/cmix_obias_source_ppm_rss_env8192_zombiefix_q0_v1_stage.py",
      "--mode",
      "encode",
      "--arm",
      "P",
      "--work-root",
      "/home/x/deco/gamma/projects/enwiki9/scratch/cmix_obias_source_ppm_rss_env8192_zombiefix_q0_v1/p",
      "--result-root",
      "/home/x/deco/gamma/projects/enwiki9/results/cmix_obias_source_ppm_rss_env8192_zombiefix_q0_v1/p",
      "--receipt",
      "/home/x/deco/gamma/projects/enwiki9/results/cmix_obias_source_ppm_rss_env8192_zombiefix_q0_v1/p/stage.json",
      "--ppm-rss-mb",
      "default",
      "--input",
      "/home/x/deco/gamma/projects/enwiki9/scratch/cmix_obias_source_ppm_rss_env8192_zombiefix_q0_v1/population.bin",
      "--package",
      "/home/x/deco/gamma/projects/enwiki9/results/cmix_obias_source_1m_roundtrip_qm3_v1/cmix",
      "--head",
      "/home/x/deco/gamma/projects/enwiki9/results/cmix_obias_source_1m_roundtrip_qm3_v1/head.blob"
    ],
    "command_sha256": "38bc9860362afa9be0852aea372e2927cc266eb98fcc9a1ce304beecc7f44f1c",
    "elapsed_s": 179.3884,
    "guards": {
      "cgroup_memory_guard_exceeded": false,
      "logical_cpu_guard_exceeded": false,
      "measurement_incomplete": false,
      "official_decimal_memory_exceeded": false,
      "phase_marker_invalid": false,
      "rss_guard_exceeded": false,
      "temporary_disk_guard_exceeded": false,
      "wall_time_guard_exceeded": false
    },
    "label": "cmix_obias_source_ppm_rss_env8192_zombiefix_q0_v1-p",
    "latest_sample": {
      "allowed_cpu_union": [],
      "cgroup_current_bytes": 11296768,
      "elapsed_s": 179.3873,
      "max_single_rss_kib": 0,
      "persistent_status_misses": [],
      "processes": [],
      "scratch_allocated_bytes": 11730944,
      "scratch_file_count": 35,
      "scratch_logical_bytes": 11636111,
      "scratch_race_count": 0,
      "tree_live_threads": 0,
      "tree_rss_kib": 0,
      "tree_runnable_threads": 0
    },
    "limit_kib": 9765625,
    "limit_mode": "tree",
    "max_logical_cpus": 1,
    "measurements": {
      "affinity_complete": true,
      "cgroup_v2_complete": true,
      "per_process_vmhwm_sampled": true,
      "phase_markers_complete": true,
      "process_tree_rss_complete": true,
      "scratch_logical_and_allocated_complete": true,
      "smaps_rollup_complete": true
    },
    "objective": {
      "corpusBytes": 1000000000,
      "corpusSha256": "159b85351e5f76e60cbe32e04c677847a9ecba3adc79addab6f4c6c7aa3744bc",
      "objectiveDigest": "sha256:ce4c435c0f398caf65a09050c8518d9c5ea63239f9156048ea2aaaf9b8ffa7e8",
      "objectiveId": "gamma-enwiki9-hutter-105m-v1",
      "objectivePath": "contracts/research/v1/objective-contract.json",
      "targetScoreBytes": 105000000
    },
    "official_decimal_limit_kib": 9765625,
    "peak_process_vmhwm": {
      "comm": "cmix",
      "observed_elapsed_s": 178.8831,
      "pid": 3356600,
      "start_ticks": 165416323,
      "vmhwm_kib": 8350136
    },
    "peak_sample": {
      "allowed_cpu_union": [
        2
      ],
      "cgroup_current_bytes": 8584749056,
      "elapsed_s": 178.8831,
      "max_single_rss_kib": 8350136,
      "persistent_status_misses": [],
      "processes": [
        {
          "allowed_cpus": [
            2
          ],
          "comm": "python3",
          "live_threads": 1,
          "pid": 3356591,
          "rss_kib": 23524,
          "runnable_threads": 0,
          "start_ticks": 165416316,
          "vmhwm_kib": 23524
        },
        {
          "allowed_cpus": [
            2
          ],
          "comm": "cmix",
          "live_threads": 1,
          "pid": 3356600,
          "rss_kib": 8350136,
          "runnable_threads": 1,
          "start_ticks": 165416323,
          "vmhwm_kib": 8350136
        }
      ],
      "scratch_allocated_bytes": 21790720,
      "scratch_file_count": 27,
      "scratch_logical_bytes": 14689763758,
      "scratch_race_count": 0,
      "tree_live_threads": 2,
      "tree_rss_kib": 8373660,
      "tree_runnable_threads": 1
    },
    "peak_tree_sample": {
      "allowed_cpu_union": [
        2
      ],
      "cgroup_current_bytes": 8584749056,
      "elapsed_s": 178.8831,
      "max_single_rss_kib": 8350136,
      "persistent_status_misses": [],
      "processes": [
        {
          "allowed_cpus": [
            2
          ],
          "comm": "python3",
          "live_threads": 1,
          "pid": 3356591,
          "rss_kib": 23524,
          "runnable_threads": 0,
          "start_ticks": 165416316,
          "vmhwm_kib": 23524
        },
        {
          "allowed_cpus": [
            2
          ],
          "comm": "cmix",
          "live_threads": 1,
          "pid": 3356600,
          "rss_kib": 8350136,
          "runnable_threads": 1,
          "start_ticks": 165416323,
          "vmhwm_kib": 8350136
        }
      ],
      "scratch_allocated_bytes": 21790720,
      "scratch_file_count": 27,
      "scratch_logical_bytes": 14689763758,
      "scratch_race_count": 0,
      "tree_live_threads": 2,
      "tree_rss_kib": 8373660,
      "tree_runnable_threads": 1
    },
    "peaks": {
      "cgroup_memory_peak_bytes": 8585011200,
      "max_observed_process_vmhwm_kib": 8350136,
      "max_sampled_allowed_cpu_count": 1,
      "max_sampled_cgroup_current_bytes": 8584749056,
      "max_sampled_scratch_allocated_bytes": 21790720,
      "max_sampled_scratch_logical_bytes": 14689763758,
      "max_sampled_single_rss_kib": 8350136,
      "max_sampled_tree_live_threads": 4,
      "max_sampled_tree_rss_kib": 8373660,
      "max_sampled_tree_runnable_threads": 2
    },
    "phase": "identity",
    "phase_marker_path": "/home/x/deco/gamma/projects/enwiki9/results/cmix_obias_source_ppm_rss_env8192_zombiefix_q0_v1/p/phase-markers.jsonl",
    "phase_markers": [
      {
        "detail": null,
        "event": "start",
        "observed_elapsed_s": 0.5231,
        "phase": "opening1m_p",
        "source_line": 1
      },
      {
        "detail": null,
        "event": "end",
        "observed_elapsed_s": 179.3873,
        "phase": "opening1m_p",
        "source_line": 2
      }
    ],
    "returncode": 0,
    "sample_count": 358,
    "sample_interval_seconds": 0.5,
    "schema": "gamma.enwiki9.resource-guard-receipt.v3",
    "scratch_paths": [
      "/home/x/deco/gamma/projects/enwiki9/scratch/cmix_obias_source_ppm_rss_env8192_zombiefix_q0_v1",
      "/home/x/deco/gamma/projects/enwiki9/results/cmix_obias_source_ppm_rss_env8192_zombiefix_q0_v1"
    ],
    "smaps_rollup_checkpoints": [
      {
        "elapsed_s": 0.0222,
        "processes": [
          {
            "pid": 3356591,
            "rollup_kib": {
              "AnonHugePages": 0,
              "Anonymous": 1916,
              "FilePmdMapped": 0,
              "KSM": 0,
              "LazyFree": 0,
              "Locked": 0,
              "Private_Clean": 40,
              "Private_Dirty": 1916,
              "Private_Hugetlb": 0,
              "Pss": 2449,
              "Pss_Anon": 1916,
              "Pss_Dirty": 1916,
              "Pss_File": 533,
              "Pss_Shmem": 0,
              "Referenced": 7352,
              "Rss": 7352,
              "Shared_Clean": 5396,
              "Shared_Dirty": 0,
              "Shared_Hugetlb": 0,
              "ShmemPmdMapped": 0,
              "Swap": 0,
              "SwapPss": 0
            },
            "start_ticks": 165416316
          }
        ],
        "reason": "initial+rss_growth",
        "tree_rss_kib": 7352
      },
      {
        "elapsed_s": 0.5231,
        "processes": [
          {
            "pid": 3356591,
            "rollup_kib": {
              "AnonHugePages": 0,
              "Anonymous": 11044,
              "FilePmdMapped": 0,
              "KSM": 0,
              "LazyFree": 0,
              "Locked": 0,
              "Private_Clean": 0,
              "Private_Dirty": 11044,
              "Private_Hugetlb": 0,
              "Pss": 12089,
              "Pss_Anon": 11044,
              "Pss_Dirty": 11044,
              "Pss_File": 1045,
              "Pss_Shmem": 0,
              "Referenced": 22856,
              "Rss": 22856,
              "Shared_Clean": 11812,
              "Shared_Dirty": 0,
              "Shared_Hugetlb": 0,
              "ShmemPmdMapped": 0,
              "Swap": 0,
              "SwapPss": 0
            },
            "start_ticks": 165416316
          },
          {
            "pid": 3356600,
            "rollup_kib": {
              "AnonHugePages": 0,
              "Anonymous": 1928,
              "FilePmdMapped": 0,
              "KSM": 0,
              "LazyFree": 0,
              "Locked": 0,
              "Private_Clean": 0,
              "Private_Dirty": 2008,
              "Private_Hugetlb": 0,
              "Pss": 2289,
              "Pss_Anon": 1928,
              "Pss_Dirty": 2008,
              "Pss_File": 281,
              "Pss_Shmem": 80,
              "Referenced": 5940,
              "Rss": 5940,
              "Shared_Clean": 3932,
              "Shared_Dirty": 0,
              "Shared_Hugetlb": 0,
              "ShmemPmdMapped": 0,
              "Swap": 0,
              "SwapPss": 0
            },
            "start_ticks": 165416323
          },
          {
            "pid": 3356611,
            "rollup_kib": {
              "AnonHugePages": 0,
              "Anonymous": 108,
              "FilePmdMapped": 0,
              "KSM": 0,
              "LazyFree": 0,
              "Locked": 0,
              "Private_Clean": 120,
              "Private_Dirty": 108,
              "Private_Hugetlb": 0,
              "Pss": 249,
              "Pss_Anon": 108,
              "Pss_Dirty": 108,
              "Pss_File": 141,
              "Pss_Shmem": 0,
              "Referenced": 1944,
              "Rss": 1944,
              "Shared_Clean": 1716,
              "Shared_Dirty": 0,
              "Shared_Hugetlb": 0,
              "ShmemPmdMapped": 0,
              "Swap": 0,
              "SwapPss": 0
            },
            "start_ticks": 165416325
          },
          {
            "pid": 3356612,
            "rollup_kib": {
              "AnonHugePages": 5752832,
              "Anonymous": 6516872,
              "FilePmdMapped": 0,
              "KSM": 0,
              "LazyFree": 0,
              "Locked": 0,
              "Private_Clean": 0,
              "Private_Dirty": 6517248,
              "Private_Hugetlb": 0,
              "Pss": 6517566,
              "Pss_Anon": 6516872,
              "Pss_Dirty": 6517248,
              "Pss_File": 334,
              "Pss_Shmem": 360,
              "Referenced": 6521476,
              "Rss": 6521476,
              "Shared_Clean": 4228,
              "Shared_Dirty": 0,
              "Shared_Hugetlb": 0,
              "ShmemPmdMapped": 0,
              "Swap": 0,
              "SwapPss": 0
            },
            "start_ticks": 165416325
          }
        ],
        "reason": "phase_marker+rss_growth",
        "tree_rss_kib": 6543940
      },
      {
        "elapsed_s": 1.0487,
        "processes": [
          {
            "pid": 3356591,
            "rollup_kib": {
              "AnonHugePages": 0,
              "Anonymous": 11048,
              "FilePmdMapped": 0,
              "KSM": 0,
              "LazyFree": 0,
              "Locked": 0,
              "Private_Clean": 0,
              "Private_Dirty": 11048,
              "Private_Hugetlb": 0,
              "Pss": 12093,
              "Pss_Anon": 11048,
              "Pss_Dirty": 11048,
              "Pss_File": 1045,
              "Pss_Shmem": 0,
              "Referenced": 22860,
              "Rss": 22860,
              "Shared_Clean": 11812,
              "Shared_Dirty": 0,
              "Shared_Hugetlb": 0,
              "ShmemPmdMapped": 0,
              "Swap": 0,
              "SwapPss": 0
            },
            "start_ticks": 165416316
          },
          {
            "pid": 3356600,
            "rollup_kib": {
              "AnonHugePages": 0,
              "Anonymous": 1928,
              "FilePmdMapped": 0,
              "KSM": 0,
              "LazyFree": 0,
              "Locked": 0,
              "Private_Clean": 0,
              "Private_Dirty": 2008,
              "Private_Hugetlb": 0,
              "Pss": 2289,
              "Pss_Anon": 1928,
              "Pss_Dirty": 2008,
              "Pss_File": 281,
              "Pss_Shmem": 80,
              "Referenced": 5940,
              "Rss": 5940,
              "Shared_Clean": 3932,
              "Shared_Dirty": 0,
              "Shared_Hugetlb": 0,
              "ShmemPmdMapped": 0,
              "Swap": 0,
              "SwapPss": 0
            },
            "start_ticks": 165416323
          },
          {
            "pid": 3356611,
            "rollup_kib": {
              "AnonHugePages": 0,
              "Anonymous": 108,
              "FilePmdMapped": 0,
              "KSM": 0,
              "LazyFree": 0,
              "Locked": 0,
              "Private_Clean": 120,
              "Private_Dirty": 108,
              "Private_Hugetlb": 0,
              "Pss": 249,
              "Pss_Anon": 108,
              "Pss_Dirty": 108,
              "Pss_File": 141,
              "Pss_Shmem": 0,
              "Referenced": 1944,
              "Rss": 1944,
              "Shared_Clean": 1716,
              "Shared_Dirty": 0,
              "Shared_Hugetlb": 0,
              "ShmemPmdMapped": 0,
              "Swap": 0,
              "SwapPss": 0
            },
            "start_ticks": 165416325
          },
          {
            "pid": 3356612,
            "rollup_kib": {
              "AnonHugePages": 6354944,
              "Anonymous": 7128228,
              "FilePmdMapped": 0,
              "KSM": 0,
              "LazyFree": 0,
              "Locked": 0,
              "Private_Clean": 0,
              "Private_Dirty": 7128700,
              "Private_Hugetlb": 0,
              "Pss": 7129019,
              "Pss_Anon": 7128228,
              "Pss_Dirty": 7128700,
              "Pss_File": 431,
              "Pss_Shmem": 360,
              "Referenced": 7132928,
              "Rss": 7132928,
              "Shared_Clean": 4228,
              "Shared_Dirty": 0,
              "Shared_Hugetlb": 0,
              "ShmemPmdMapped": 0,
              "Swap": 0,
              "SwapPss": 0
            },
            "start_ticks": 165416325
          }
        ],
        "reason": "rss_growth",
        "tree_rss_kib": 7163632
      },
      {
        "elapsed_s": 76.3791,
        "processes": [
          {
            "pid": 3356591,
            "rollup_kib": {
              "AnonHugePages": 0,
              "Anonymous": 11712,
              "FilePmdMapped": 0,
              "KSM": 0,
              "LazyFree": 0,
              "Locked": 0,
              "Private_Clean": 0,
              "Private_Dirty": 11712,
              "Private_Hugetlb": 0,
              "Pss": 12758,
              "Pss_Anon": 11712,
              "Pss_Dirty": 11712,
              "Pss_File": 1046,
              "Pss_Shmem": 0,
              "Referenced": 23524,
              "Rss": 23524,
              "Shared_Clean": 11812,
              "Shared_Dirty": 0,
              "Shared_Hugetlb": 0,
              "ShmemPmdMapped": 0,
              "Swap": 0,
              "SwapPss": 0
            },
            "start_ticks": 165416316
          },
          {
            "pid": 3356600,
            "rollup_kib": {
              "AnonHugePages": 0,
              "Anonymous": 1928,
              "FilePmdMapped": 0,
              "KSM": 0,
              "LazyFree": 0,
              "Locked": 0,
              "Private_Clean": 0,
              "Private_Dirty": 2008,
              "Private_Hugetlb": 0,
              "Pss": 2290,
              "Pss_Anon": 1928,
              "Pss_Dirty": 2008,
              "Pss_File": 282,
              "Pss_Shmem": 80,
              "Referenced": 5940,
              "Rss": 5940,
              "Shared_Clean": 3932,
              "Shared_Dirty": 0,
              "Shared_Hugetlb": 0,
              "ShmemPmdMapped": 0,
              "Swap": 0,
              "SwapPss": 0
            },
            "start_ticks": 165416323
          },
          {
            "pid": 3370791,
            "rollup_kib": {
              "AnonHugePages": 0,
              "Anonymous": 108,
              "FilePmdMapped": 0,
              "KSM": 0,
              "LazyFree": 0,
              "Locked": 0,
              "Private_Clean": 120,
              "Private_Dirty": 108,
              "Private_Hugetlb": 0,
              "Pss": 249,
              "Pss_Anon": 108,
              "Pss_Dirty": 108,
              "Pss_File": 141,
              "Pss_Shmem": 0,
              "Referenced": 1944,
              "Rss": 1944,
              "Shared_Clean": 1716,
              "Shared_Dirty": 0,
              "Shared_Hugetlb": 0,
              "ShmemPmdMapped": 0,
              "Swap": 0,
              "SwapPss": 0
            },
            "start_ticks": 165423901
          },
          {
            "pid": 3370793,
            "rollup_kib": {
              "AnonHugePages": 6940672,
              "Anonymous": 7715356,
              "FilePmdMapped": 0,
              "KSM": 0,
              "LazyFree": 0,
              "Locked": 0,
              "Private_Clean": 0,
              "Private_Dirty": 7715740,
              "Private_Hugetlb": 0,
              "Pss": 7716058,
              "Pss_Anon": 7715356,
              "Pss_Dirty": 7715740,
              "Pss_File": 342,
              "Pss_Shmem": 360,
              "Referenced": 7719972,
              "Rss": 7719972,
              "Shared_Clean": 4232,
              "Shared_Dirty": 0,
              "Shared_Hugetlb": 0,
              "ShmemPmdMapped": 0,
              "Swap": 0,
              "SwapPss": 0
            },
            "start_ticks": 165423901
          }
        ],
        "reason": "rss_growth",
        "tree_rss_kib": 7749108
      },
      {
        "elapsed_s": 121.0871,
        "processes": [
          {
            "pid": 3356591,
            "rollup_kib": {
              "AnonHugePages": 0,
              "Anonymous": 11712,
              "FilePmdMapped": 0,
              "KSM": 0,
              "LazyFree": 0,
              "Locked": 0,
              "Private_Clean": 0,
              "Private_Dirty": 11712,
              "Private_Hugetlb": 0,
              "Pss": 12759,
              "Pss_Anon": 11712,
              "Pss_Dirty": 11712,
              "Pss_File": 1047,
              "Pss_Shmem": 0,
              "Referenced": 23524,
              "Rss": 23524,
              "Shared_Clean": 11812,
              "Shared_Dirty": 0,
              "Shared_Hugetlb": 0,
              "ShmemPmdMapped": 0,
              "Swap": 0,
              "SwapPss": 0
            },
            "start_ticks": 165416316
          },
          {
            "pid": 3356600,
            "rollup_kib": {
              "AnonHugePages": 7176192,
              "Anonymous": 8053376,
              "FilePmdMapped": 0,
              "KSM": 0,
              "LazyFree": 0,
              "Locked": 0,
              "Private_Clean": 0,
              "Private_Dirty": 8053772,
              "Private_Hugetlb": 0,
              "Pss": 8054134,
              "Pss_Anon": 8053376,
              "Pss_Dirty": 8053772,
              "Pss_File": 398,
              "Pss_Shmem": 360,
              "Referenced": 8058000,
              "Rss": 8058000,
              "Shared_Clean": 4228,
              "Shared_Dirty": 0,
              "Shared_Hugetlb": 0,
              "ShmemPmdMapped": 0,
              "Swap": 0,
              "SwapPss": 0
            },
            "start_ticks": 165416323
          }
        ],
        "reason": "rss_growth",
        "tree_rss_kib": 8081412
      },
      {
        "elapsed_s": 141.1961,
        "processes": [
          {
            "pid": 3356591,
            "rollup_kib": {
              "AnonHugePages": 0,
              "Anonymous": 11712,
              "FilePmdMapped": 0,
              "KSM": 0,
              "LazyFree": 0,
              "Locked": 0,
              "Private_Clean": 0,
              "Private_Dirty": 11712,
              "Private_Hugetlb": 0,
              "Pss": 12759,
              "Pss_Anon": 11712,
              "Pss_Dirty": 11712,
              "Pss_File": 1047,
              "Pss_Shmem": 0,
              "Referenced": 23524,
              "Rss": 23524,
              "Shared_Clean": 11812,
              "Shared_Dirty": 0,
              "Shared_Hugetlb": 0,
              "ShmemPmdMapped": 0,
              "Swap": 0,
              "SwapPss": 0
            },
            "start_ticks": 165416316
          },
          {
            "pid": 3356600,
            "rollup_kib": {
              "AnonHugePages": 7288832,
              "Anonymous": 8311380,
              "FilePmdMapped": 0,
              "KSM": 0,
              "LazyFree": 0,
              "Locked": 0,
              "Private_Clean": 372,
              "Private_Dirty": 8315640,
              "Private_Hugetlb": 0,
              "Pss": 8316375,
              "Pss_Anon": 8311380,
              "Pss_Dirty": 8315640,
              "Pss_File": 4635,
              "Pss_Shmem": 360,
              "Referenced": 8320240,
              "Rss": 8320240,
              "Shared_Clean": 4228,
              "Shared_Dirty": 0,
              "Shared_Hugetlb": 0,
              "ShmemPmdMapped": 0,
              "Swap": 0,
              "SwapPss": 0
            },
            "start_ticks": 165416323
          }
        ],
        "reason": "rss_growth",
        "tree_rss_kib": 8343764
      },
      {
        "elapsed_s": 179.3873,
        "processes": [],
        "reason": "phase_marker+terminal",
        "tree_rss_kib": 0
      }
    ],
    "status": "complete",
    "temporary_disk_limit_bytes": 100000000000,
    "wall_time_limit_seconds": null
  }
}
