wrote projects/enwiki9/candidate_inventory.json
wrote projects/enwiki9/CANDIDATE_INVENTORY.md
Refresh profile: routine
Unselected historical views were not refreshed and may be stale. Run --profile full to regenerate and check them.
[ok] /usr/bin/python3 projects/enwiki9/tools/hutter_upper_bound_certificate.py
[ok] /usr/bin/python3 projects/enwiki9/tools/hutter_run_ledger.py
wrote /home/x/deco/gamma/projects/enwiki9/docs/hutter_run_ledger.json
wrote /home/x/deco/gamma/projects/enwiki9/docs/hutter_run_ledger.md
[ok] /usr/bin/python3 projects/enwiki9/tools/enwiki9_release_receipts.py
{"bundles": 4, "completeClosures": 1, "failedAttempts": 0, "objectiveAchievedReceipts": 0, "runReceipts": 0}
[ok] /usr/bin/python3 projects/enwiki9/tools/enwiki9_evidence_matrix.py
wrote /home/x/deco/gamma/projects/enwiki9/docs/evidence_matrix.md
[ok] /usr/bin/python3 projects/enwiki9/tools/enwiki9_best_results.py
wrote /home/x/deco/gamma/projects/enwiki9/docs/best_results.md
[ok] /usr/bin/python3 projects/enwiki9/tools/enwiki9_status_receipt.py --candidate-audit-snapshot /home/x/deco/gamma/projects/enwiki9/candidate_inventory.json --candidate-audit-sha256 716ba2b1f301ef821c9459165340e9ae2133646c021a8c03f87e148df135c90a --refresh-profile routine
wrote projects/enwiki9/docs/status_receipt.json
wrote projects/enwiki9/docs/status_receipt.md
[ok] /usr/bin/python3 projects/enwiki9/tools/enwiki9_ledger.py
{
  "generated_at": "2026-09-16T03:35:16+00:00",
  "algorithms": 1765,
  "programs": 1073,
  "proposals": 511,
  "runs": 2356,
  "mixes": 4,
  "notes": 574,
  "tools": 1226,
  "current_algorithms": 1051,
  "historical_algorithms": 714,
  "running": 0,
  "unverified_running": 0,
  "jobs": {
    "pending": 27,
    "running": 1,
    "completed": 405,
    "failed": 175,
    "cancelled": 318
  },
  "read_issues": 2
}
{"event": "claimed", "job_ids": ["20260916T032712Z_00457376c7"], "resources": {"load_1m": 1.101, "max_load": 32.0, "mem_available_mib": 63503, "min_free_mib": 2048}}
{"event": "batch_complete", "jobs": [{"candidate_id": "fx2_ambient_dictionary_probe_v1", "candidate_revision": {"path": "operations/adaptive/candidate-revisions/fx2_ambient_dictionary_probe_v1/20260916T032711647500Z_3095bde5ebcc.json", "sha256": "sha256:e4c2748b35713cf1abbd1084dda95bfe493a8e0bfb5acbcfed8be31ecaae8ba8"}, "candidate_tree_sha256": "sha256:3095bde5ebcce0f428ea903d361e7ee14f657abe3b292b53c1a6f10f8663f326", "elapsed_seconds": 81.957, "execution_guard": {"path": "tools/run_with_resource_guard_v3.py", "sha256": "sha256:044147f7ffe6922ea8dafd52fc3d4426077b20958adbcd421245ad41adcfc1e4"}, "execution_mode": "discovery", "execution_resources": {"boot_id": "3ce46712-27bc-4199-8e48-e2b3d23926cb", "budget": {"cgroup_parent": "/sys/fs/cgroup/user.slice/user-1000.slice/user@1000.service/app.slice", "cpus": [2], "memory_bytes": 9999998976, "scratch_bytes": 16000000000, "swap_bytes": 0, "wall_seconds": 1200}, "cgroup_inode": 338279, "cgroup_path": "/sys/fs/cgroup/user.slice/user-1000.slice/user@1000.service/app.slice/gamma-enwiki9-20260916T032712Z_00457376c7", "cleanup_complete": true, "cpu_enforcement": "taskset-and-sampled-affinity-guard", "groups": [{"created": true, "inode": 338279, "kernel_cpuset": false, "memory_bytes": 9999998976, "path": "/sys/fs/cgroup/user.slice/user-1000.slice/user@1000.service/app.slice/gamma-enwiki9-20260916T032712Z_00457376c7"}], "guard_command_sha256": "25be7b8ccd28de6e274c60d8d4e5a368ad438e82237fc77ff657fdce21516e62", "guard_path": "run_logs/adaptive/20260916T032712Z_00457376c7.resources/guard.json", "missing_diagnostics": ["kernel cpuset controller is not delegated; taskset assignment and existing affinity guard remain active"], "timing_authority": "diagnostic"}, "experiment": {"path": "operations/adaptive/experiments/fx2_ambient_dictionary_probe_v1.json", "sha256": "sha256:ea9f7777ac9bd7ca926fa902cd47458476d2b0ce6dd43cc35dbdc9f29465d0dc"}, "finished_at": "2026-09-16T03:32:56+00:00", "gate_size": 250000, "held": false, "held_at": "2026-09-16T03:27:12+00:00", "hold_history": [{"at": "2026-09-16T03:27:12+00:00", "held": true, "reason": "Publish source, claim and failed-parent reflection, then fresh CPU2 resource admission."}, {"at": "2026-09-16T03:31:29+00:00", "held": false, "reason": "Published 0456a9200 and fresh admission fx2_ambient_probe_admission_20260916.json; isolate ambient dictionary after failed parent closure."}], "job_id": "20260916T032712Z_00457376c7", "log_path": "run_logs/adaptive/20260916T032712Z_00457376c7.log", "priority": 75, "proposal": {"path": "operations/adaptive/proposals/developed/949_fx2_ambient_dictionary_probe_v1.json", "sha256": "sha256:c726d722367864fc2d59ee91a3c4fdb98f9dd3bac279ee3a6803bc32483b352c"}, "proposal_id": "fx2_ambient_dictionary_probe_v1", "purpose": "diagnostic", "released_at": "2026-09-16T03:31:29+00:00", "resource_budget": {"cgroup_parent": "/sys/fs/cgroup/user.slice/user-1000.slice/user@1000.service/app.slice", "cpus": [2], "memory_bytes": 9999998976, "scratch_bytes": 16000000000, "swap_bytes": 0, "wall_seconds": 1200}, "returncode": 0, "runner": {"path": "tools/fx2_ambient_dictionary_probe_v1.py", "sha256": "sha256:84adab954f8f7123726f2d1b52a7dd2388b91376e1904f01bb6b6c1652541a29"}, "schema": "gamma.enwiki9.adaptive-job.v3", "scratch_directories": ["results/fx2_ambient_dictionary_probe_v1"], "started_at": "2026-09-16T03:31:34+00:00", "state": "completed", "submitted_at": "2026-09-16T03:27:12+00:00", "tags": [], "timing_authority": "diagnostic", "tool": "tools/fx2_ambient_dictionary_probe_v1.py", "tool_args": [], "worker_pid": 1279494, "worker_proc_start_ticks": 262563272, "worker_started_at": "2026-09-16T03:31:34+00:00"}], "refresh": {"candidate_audit.py": 0, "enwiki9_normalize_receipts.py": 0}}
