{
  "candidate_id": "fx2_attention_anchor250k_v1",
  "candidate_revision": {
    "path": "operations/adaptive/candidate-revisions/fx2_attention_anchor250k_v1/20260916T041201510571Z_4616ffaada3c.json",
    "sha256": "sha256:7c1b8705875bd3359f967db3844ae37aff9d6f35dddaffebe007e3a3d380c9bb"
  },
  "candidate_tree_sha256": "sha256:4616ffaada3c7c69a7c98b5676d2236adfd3329e2ab834ee24adee09ae1584c8",
  "execution_guard": {
    "path": "tools/run_with_resource_guard_v3.py",
    "sha256": "sha256:044147f7ffe6922ea8dafd52fc3d4426077b20958adbcd421245ad41adcfc1e4"
  },
  "execution_mode": "discovery",
  "experiment": {
    "path": "operations/adaptive/experiments/fx2_attention_anchor250k_v1.json",
    "sha256": "sha256:22c623ba7f3ac0605359ba76a1405470b8d3ce816870c26a7c48860ac46aa215"
  },
  "gate_size": 250000,
  "held": false,
  "held_at": "2026-09-16T04:12:02+00:00",
  "hold_history": [
    {
      "at": "2026-09-16T04:12:02+00:00",
      "held": true,
      "reason": "Publish source/kernel proof and ownership; await auxiliary v2 closure and fresh CPU2 admission."
    },
    {
      "at": "2026-09-16T04:19:16+00:00",
      "held": false,
      "reason": "Published420f0c032 source, valid auxiliary closure, fresh admission receipt; one fixed CPU2 attention anchor comparison."
    }
  ],
  "job_id": "20260916T041201Z_a5279c4c69",
  "priority": 70,
  "proposal": {
    "path": "operations/adaptive/proposals/developed/949_fx2_attention_anchor250k_v1.json",
    "sha256": "sha256:02d0848eeda0dc765f945a694039c708fc357f98cbed35019164b39e3c9837af"
  },
  "proposal_id": "fx2_attention_anchor250k_v1",
  "purpose": "diagnostic",
  "released_at": "2026-09-16T04:19:16+00:00",
  "resource_budget": {
    "cgroup_parent": "/sys/fs/cgroup/user.slice/user-1000.slice/user@1000.service/app.slice",
    "cpus": [
      2
    ],
    "memory_bytes": 9999998976,
    "scratch_bytes": 16000000000,
    "swap_bytes": 0,
    "wall_seconds": 3600
  },
  "runner": {
    "path": "tools/fx2_attention_anchor250k_v1.py",
    "sha256": "sha256:be7d8178984c9f54b7e27e9c724f593474c0204e4110958978af3e817d9414c1"
  },
  "schema": "gamma.enwiki9.adaptive-job.v3",
  "scratch_directories": [
    "results/fx2_attention_anchor250k_v1"
  ],
  "state": "pending",
  "submitted_at": "2026-09-16T04:12:01+00:00",
  "tags": [],
  "timing_authority": "diagnostic",
  "tool": "tools/fx2_attention_anchor250k_v1.py",
  "tool_args": []
}
