wrote projects/enwiki9/candidate_inventory.json
wrote projects/enwiki9/CANDIDATE_INVENTORY.md
Refresh profile: routine
Unselected historical views were not refreshed and may be stale. Run --profile full to regenerate and check them.
[ok] /usr/bin/python3 projects/enwiki9/tools/hutter_upper_bound_certificate.py
[ok] /usr/bin/python3 projects/enwiki9/tools/hutter_run_ledger.py
wrote /home/x/deco/gamma/projects/enwiki9/docs/hutter_run_ledger.json
wrote /home/x/deco/gamma/projects/enwiki9/docs/hutter_run_ledger.md
[ok] /usr/bin/python3 projects/enwiki9/tools/enwiki9_release_receipts.py
{"bundles": 4, "completeClosures": 1, "failedAttempts": 0, "objectiveAchievedReceipts": 0, "runReceipts": 0}
[ok] /usr/bin/python3 projects/enwiki9/tools/enwiki9_evidence_matrix.py
wrote /home/x/deco/gamma/projects/enwiki9/docs/evidence_matrix.md
[ok] /usr/bin/python3 projects/enwiki9/tools/enwiki9_best_results.py
wrote /home/x/deco/gamma/projects/enwiki9/docs/best_results.md
[ok] /usr/bin/python3 projects/enwiki9/tools/enwiki9_status_receipt.py --candidate-audit-snapshot /home/x/deco/gamma/projects/enwiki9/candidate_inventory.json --candidate-audit-sha256 8528d72e37cc27ea15a7ff2ee01b7ce072524d181c587f50b72acc66f16eefba --refresh-profile routine
wrote projects/enwiki9/docs/status_receipt.json
wrote projects/enwiki9/docs/status_receipt.md
[ok] /usr/bin/python3 projects/enwiki9/tools/enwiki9_ledger.py
{
  "generated_at": "2026-09-16T04:56:37+00:00",
  "algorithms": 1771,
  "programs": 1076,
  "proposals": 514,
  "runs": 2361,
  "mixes": 4,
  "notes": 574,
  "tools": 1228,
  "current_algorithms": 1057,
  "historical_algorithms": 714,
  "running": 0,
  "unverified_running": 0,
  "jobs": {
    "pending": 26,
    "running": 1,
    "completed": 409,
    "failed": 175,
    "cancelled": 318
  },
  "read_issues": 2
}
{"event": "claimed", "job_ids": ["20260916T043722Z_97c24813c3"], "resources": {"load_1m": 0.916, "max_load": 32.0, "mem_available_mib": 63521, "min_free_mib": 2048}}
{"event": "batch_complete", "jobs": [{"candidate_id": "fx2_attention_anchor250k_v2", "candidate_revision": {"path": "operations/adaptive/candidate-revisions/fx2_attention_anchor250k_v2/20260916T043722183843Z_2b5aeed6e09f.json", "sha256": "sha256:96315600a159f40041c5e1787ed62bee4c6f94668826315f388bf79bd64bf206"}, "candidate_tree_sha256": "sha256:2b5aeed6e09f9c9fc4b6adf6b59760856e521ca3ff715eecf8067ecc76aa7201", "elapsed_seconds": 688.869, "execution_guard": {"path": "tools/run_with_resource_guard_v3.py", "sha256": "sha256:044147f7ffe6922ea8dafd52fc3d4426077b20958adbcd421245ad41adcfc1e4"}, "execution_mode": "discovery", "execution_resources": {"boot_id": "3ce46712-27bc-4199-8e48-e2b3d23926cb", "budget": {"cgroup_parent": "/sys/fs/cgroup/user.slice/user-1000.slice/user@1000.service/app.slice", "cpus": [2], "memory_bytes": 9999998976, "scratch_bytes": 16000000000, "swap_bytes": 0, "wall_seconds": 3600}, "cgroup_inode": 339159, "cgroup_path": "/sys/fs/cgroup/user.slice/user-1000.slice/user@1000.service/app.slice/gamma-enwiki9-20260916T043722Z_97c24813c3", "cleanup_complete": true, "cpu_enforcement": "taskset-and-sampled-affinity-guard", "groups": [{"created": true, "inode": 339159, "kernel_cpuset": false, "memory_bytes": 9999998976, "path": "/sys/fs/cgroup/user.slice/user-1000.slice/user@1000.service/app.slice/gamma-enwiki9-20260916T043722Z_97c24813c3"}], "guard_command_sha256": "5ad834e74b7a9a0c00668aa2fb2b88abd75492f9ae0cf7f48e03a59cf475ead2", "guard_path": "run_logs/adaptive/20260916T043722Z_97c24813c3.resources/guard.json", "missing_diagnostics": ["kernel cpuset controller is not delegated; taskset assignment and existing affinity guard remain active"], "timing_authority": "diagnostic"}, "experiment": {"path": "operations/adaptive/experiments/fx2_attention_anchor250k_v2.json", "sha256": "sha256:5b115a0df1b712d5d6f63adbbdc0bf883f9fc1d07387cd0ca599011c2d170377"}, "finished_at": "2026-09-16T04:54:16+00:00", "gate_size": 250000, "held": false, "held_at": "2026-09-16T04:37:22+00:00", "hold_history": [{"at": "2026-09-16T04:37:22+00:00", "held": true, "reason": "Publish corrected source,build-delivery tests and invalid-v1 reflection; fresh CPU2 admission before native rerun."}, {"at": "2026-09-16T04:42:47+00:00", "held": false, "reason": "Published b6582b0b1 correction, validated inactive-build failure, native flag-delivery checks and fresh CPU2 admission."}], "job_id": "20260916T043722Z_97c24813c3", "log_path": "run_logs/adaptive/20260916T043722Z_97c24813c3.log", "priority": 70, "proposal": {"path": "operations/adaptive/proposals/developed/949_fx2_attention_anchor250k_v2.json", "sha256": "sha256:a21c686bc68769b9776bf648eb840c666412345b813463b4393f2f60ff9999f6"}, "proposal_id": "fx2_attention_anchor250k_v2", "purpose": "diagnostic", "released_at": "2026-09-16T04:42:47+00:00", "resource_budget": {"cgroup_parent": "/sys/fs/cgroup/user.slice/user-1000.slice/user@1000.service/app.slice", "cpus": [2], "memory_bytes": 9999998976, "scratch_bytes": 16000000000, "swap_bytes": 0, "wall_seconds": 3600}, "returncode": 0, "runner": {"path": "tools/fx2_attention_anchor250k_v2.py", "sha256": "sha256:02e12734e9c3f823d55a2747c6d774ef2433adde48a80eada054f8fdf033a0f2"}, "schema": "gamma.enwiki9.adaptive-job.v3", "scratch_directories": ["results/fx2_attention_anchor250k_v2"], "started_at": "2026-09-16T04:42:47+00:00", "state": "completed", "submitted_at": "2026-09-16T04:37:22+00:00", "tags": [], "timing_authority": "diagnostic", "tool": "tools/fx2_attention_anchor250k_v2.py", "tool_args": [], "worker_pid": 2056666, "worker_proc_start_ticks": 262990545, "worker_started_at": "2026-09-16T04:42:47+00:00"}], "refresh": {"candidate_audit.py": 0, "enwiki9_normalize_receipts.py": 0}}
