wrote projects/enwiki9/candidate_inventory.json
wrote projects/enwiki9/CANDIDATE_INVENTORY.md
Refresh profile: routine
Unselected historical views were not refreshed and may be stale. Run --profile full to regenerate and check them.
[ok] /usr/bin/python3 projects/enwiki9/tools/hutter_upper_bound_certificate.py
[ok] /usr/bin/python3 projects/enwiki9/tools/hutter_run_ledger.py
wrote /home/x/deco/gamma/projects/enwiki9/docs/hutter_run_ledger.json
wrote /home/x/deco/gamma/projects/enwiki9/docs/hutter_run_ledger.md
[ok] /usr/bin/python3 projects/enwiki9/tools/enwiki9_release_receipts.py
{"bundles": 4, "completeClosures": 1, "failedAttempts": 0, "objectiveAchievedReceipts": 0, "runReceipts": 0}
[ok] /usr/bin/python3 projects/enwiki9/tools/enwiki9_evidence_matrix.py
wrote /home/x/deco/gamma/projects/enwiki9/docs/evidence_matrix.md
[ok] /usr/bin/python3 projects/enwiki9/tools/enwiki9_best_results.py
wrote /home/x/deco/gamma/projects/enwiki9/docs/best_results.md
[ok] /usr/bin/python3 projects/enwiki9/tools/enwiki9_status_receipt.py --candidate-audit-snapshot /home/x/deco/gamma/projects/enwiki9/candidate_inventory.json --candidate-audit-sha256 aeae85e6404fbb316c9850325bd41884b30b331d859ae7d30f92ccfb18031c6f --refresh-profile routine
wrote projects/enwiki9/docs/status_receipt.json
wrote projects/enwiki9/docs/status_receipt.md
[ok] /usr/bin/python3 projects/enwiki9/tools/enwiki9_ledger.py
{
  "generated_at": "2026-09-15T21:33:38+00:00",
  "algorithms": 1753,
  "programs": 1063,
  "proposals": 501,
  "runs": 2338,
  "mixes": 4,
  "notes": 574,
  "tools": 1206,
  "current_algorithms": 1043,
  "historical_algorithms": 710,
  "running": 0,
  "unverified_running": 0,
  "jobs": {
    "pending": 26,
    "running": 1,
    "completed": 398,
    "failed": 173,
    "cancelled": 318
  },
  "read_issues": 2
}
{"event": "claimed", "job_ids": ["20260915T212255Z_d36a2f7af1"], "resources": {"load_1m": 0.917, "max_load": 32.0, "mem_available_mib": 63577, "min_free_mib": 2048}}
{"event": "batch_complete", "jobs": [{"candidate_id": "fx2_attention_window250k_v2", "candidate_revision": {"path": "operations/adaptive/candidate-revisions/fx2_attention_window250k_v2/20260915T212254604324Z_79d43397ce9d.json", "sha256": "sha256:903781ed755c7af465558ca81a7eec2a2a7ff266cfa36e62defc9619c5556a45"}, "candidate_tree_sha256": "sha256:79d43397ce9df45fb2ff4c04860ee8f7f24d452e6d16df7f2d515216a756e2ca", "elapsed_seconds": 352.178, "execution_guard": {"path": "tools/run_with_resource_guard_v3.py", "sha256": "sha256:044147f7ffe6922ea8dafd52fc3d4426077b20958adbcd421245ad41adcfc1e4"}, "execution_mode": "discovery", "execution_resources": {"boot_id": "3ce46712-27bc-4199-8e48-e2b3d23926cb", "budget": {"cgroup_parent": "/sys/fs/cgroup/user.slice/user-1000.slice/user@1000.service/app.slice", "cpus": [2], "memory_bytes": 9999998976, "scratch_bytes": 24000000000, "swap_bytes": 0, "wall_seconds": 1800}, "cgroup_inode": 335507, "cgroup_path": "/sys/fs/cgroup/user.slice/user-1000.slice/user@1000.service/app.slice/gamma-enwiki9-20260915T212255Z_d36a2f7af1", "cleanup_complete": true, "cpu_enforcement": "taskset-and-sampled-affinity-guard", "groups": [{"created": true, "inode": 335507, "kernel_cpuset": false, "memory_bytes": 9999998976, "path": "/sys/fs/cgroup/user.slice/user-1000.slice/user@1000.service/app.slice/gamma-enwiki9-20260915T212255Z_d36a2f7af1"}], "guard_command_sha256": "f0d27ddecfe37cbbfda892b8ab28f0d049b513a7a90dbebd33af285bcc71156c", "guard_path": "run_logs/adaptive/20260915T212255Z_d36a2f7af1.resources/guard.json", "missing_diagnostics": ["kernel cpuset controller is not delegated; taskset assignment and existing affinity guard remain active"], "timing_authority": "diagnostic"}, "experiment": {"path": "operations/adaptive/experiments/fx2_attention_window250k_v2.json", "sha256": "sha256:aaf7366c4715276ba2418a9360a1e74221059d5c1ff32a1a33b9b2557130b157"}, "finished_at": "2026-09-15T21:31:20+00:00", "gate_size": 250000, "held": false, "held_at": "2026-09-15T21:22:55+00:00", "hold_history": [{"at": "2026-09-15T21:22:55+00:00", "held": true, "reason": "Publish resource-only successor and recheck CPU2, logical and physical scratch, memory and ownership before launch."}, {"at": "2026-09-15T21:25:27+00:00", "held": false, "reason": "Published 2d58bf13c;32 bindings verified; fresh CPU2, memory and physical scratch admission; sparse logical limit corrected to24GB with identical science."}], "job_id": "20260915T212255Z_d36a2f7af1", "log_path": "run_logs/adaptive/20260915T212255Z_d36a2f7af1.log", "priority": 80, "proposal": {"path": "operations/adaptive/proposals/developed/949_fx2_attention_window250k_v2.json", "sha256": "sha256:0e77bdcbfd20351a7e0e715594d73f9a6eb32703a718eca6f145779c11afa4c0"}, "proposal_id": "fx2_attention_window250k_v2", "purpose": "diagnostic", "released_at": "2026-09-15T21:25:27+00:00", "resource_budget": {"cgroup_parent": "/sys/fs/cgroup/user.slice/user-1000.slice/user@1000.service/app.slice", "cpus": [2], "memory_bytes": 9999998976, "scratch_bytes": 24000000000, "swap_bytes": 0, "wall_seconds": 1800}, "returncode": 0, "runner": {"path": "tools/fx2_attention_window250k_v2.py", "sha256": "sha256:86aa000ef2492f5396521d3bda7062407f072fc08ad1e72d52461aaf96728484"}, "schema": "gamma.enwiki9.adaptive-job.v3", "scratch_directories": ["results/fx2_attention_window250k_v2"], "started_at": "2026-09-15T21:25:27+00:00", "state": "completed", "submitted_at": "2026-09-15T21:22:55+00:00", "tags": [], "timing_authority": "diagnostic", "tool": "tools/fx2_attention_window250k_v2.py", "tool_args": [], "worker_pid": 1522318, "worker_proc_start_ticks": 260366587, "worker_started_at": "2026-09-15T21:25:28+00:00"}], "refresh": {"candidate_audit.py": 0, "enwiki9_normalize_receipts.py": 0}}
