wrote projects/enwiki9/candidate_inventory.json
wrote projects/enwiki9/CANDIDATE_INVENTORY.md
Refresh profile: routine
Unselected historical views were not refreshed and may be stale. Run --profile full to regenerate and check them.
[ok] /usr/bin/python3 projects/enwiki9/tools/hutter_upper_bound_certificate.py
[ok] /usr/bin/python3 projects/enwiki9/tools/hutter_run_ledger.py
wrote /home/x/deco/gamma/projects/enwiki9/docs/hutter_run_ledger.json
wrote /home/x/deco/gamma/projects/enwiki9/docs/hutter_run_ledger.md
[ok] /usr/bin/python3 projects/enwiki9/tools/enwiki9_release_receipts.py
{"bundles": 4, "completeClosures": 1, "failedAttempts": 0, "objectiveAchievedReceipts": 0, "runReceipts": 0}
[ok] /usr/bin/python3 projects/enwiki9/tools/enwiki9_evidence_matrix.py
wrote /home/x/deco/gamma/projects/enwiki9/docs/evidence_matrix.md
[ok] /usr/bin/python3 projects/enwiki9/tools/enwiki9_best_results.py
wrote /home/x/deco/gamma/projects/enwiki9/docs/best_results.md
[ok] /usr/bin/python3 projects/enwiki9/tools/enwiki9_status_receipt.py --candidate-audit-snapshot /home/x/deco/gamma/projects/enwiki9/candidate_inventory.json --candidate-audit-sha256 dc0e3a4bb05ca41e87cf2a7090e1bdcb4af534f9893c361b23bb55b42d3091be --refresh-profile routine
wrote projects/enwiki9/docs/status_receipt.json
wrote projects/enwiki9/docs/status_receipt.md
[ok] /usr/bin/python3 projects/enwiki9/tools/enwiki9_ledger.py
{
  "generated_at": "2026-09-16T04:33:07+00:00",
  "algorithms": 1769,
  "programs": 1075,
  "proposals": 513,
  "runs": 2360,
  "mixes": 4,
  "notes": 574,
  "tools": 1228,
  "current_algorithms": 1055,
  "historical_algorithms": 714,
  "running": 0,
  "unverified_running": 0,
  "jobs": {
    "pending": 26,
    "running": 1,
    "completed": 408,
    "failed": 175,
    "cancelled": 318
  },
  "read_issues": 2
}
{"event": "claimed", "job_ids": ["20260916T041201Z_a5279c4c69"], "resources": {"load_1m": 1.325, "max_load": 32.0, "mem_available_mib": 63525, "min_free_mib": 2048}}
{"event": "batch_complete", "jobs": [{"candidate_id": "fx2_attention_anchor250k_v1", "candidate_revision": {"path": "operations/adaptive/candidate-revisions/fx2_attention_anchor250k_v1/20260916T041201510571Z_4616ffaada3c.json", "sha256": "sha256:7c1b8705875bd3359f967db3844ae37aff9d6f35dddaffebe007e3a3d380c9bb"}, "candidate_tree_sha256": "sha256:4616ffaada3c7c69a7c98b5676d2236adfd3329e2ab834ee24adee09ae1584c8", "elapsed_seconds": 689.177, "execution_guard": {"path": "tools/run_with_resource_guard_v3.py", "sha256": "sha256:044147f7ffe6922ea8dafd52fc3d4426077b20958adbcd421245ad41adcfc1e4"}, "execution_mode": "discovery", "execution_resources": {"boot_id": "3ce46712-27bc-4199-8e48-e2b3d23926cb", "budget": {"cgroup_parent": "/sys/fs/cgroup/user.slice/user-1000.slice/user@1000.service/app.slice", "cpus": [2], "memory_bytes": 9999998976, "scratch_bytes": 16000000000, "swap_bytes": 0, "wall_seconds": 3600}, "cgroup_inode": 338763, "cgroup_path": "/sys/fs/cgroup/user.slice/user-1000.slice/user@1000.service/app.slice/gamma-enwiki9-20260916T041201Z_a5279c4c69", "cleanup_complete": true, "cpu_enforcement": "taskset-and-sampled-affinity-guard", "groups": [{"created": true, "inode": 338763, "kernel_cpuset": false, "memory_bytes": 9999998976, "path": "/sys/fs/cgroup/user.slice/user-1000.slice/user@1000.service/app.slice/gamma-enwiki9-20260916T041201Z_a5279c4c69"}], "guard_command_sha256": "6b2bc0cdf498909e495e233f6241c91ee857c27a092f21edf143f0cad1bb6d34", "guard_path": "run_logs/adaptive/20260916T041201Z_a5279c4c69.resources/guard.json", "missing_diagnostics": ["kernel cpuset controller is not delegated; taskset assignment and existing affinity guard remain active"], "timing_authority": "diagnostic"}, "experiment": {"path": "operations/adaptive/experiments/fx2_attention_anchor250k_v1.json", "sha256": "sha256:22c623ba7f3ac0605359ba76a1405470b8d3ce816870c26a7c48860ac46aa215"}, "finished_at": "2026-09-16T04:30:46+00:00", "gate_size": 250000, "held": false, "held_at": "2026-09-16T04:12:02+00:00", "hold_history": [{"at": "2026-09-16T04:12:02+00:00", "held": true, "reason": "Publish source/kernel proof and ownership; await auxiliary v2 closure and fresh CPU2 admission."}, {"at": "2026-09-16T04:19:16+00:00", "held": false, "reason": "Published420f0c032 source, valid auxiliary closure, fresh admission receipt; one fixed CPU2 attention anchor comparison."}], "job_id": "20260916T041201Z_a5279c4c69", "log_path": "run_logs/adaptive/20260916T041201Z_a5279c4c69.log", "priority": 70, "proposal": {"path": "operations/adaptive/proposals/developed/949_fx2_attention_anchor250k_v1.json", "sha256": "sha256:02d0848eeda0dc765f945a694039c708fc357f98cbed35019164b39e3c9837af"}, "proposal_id": "fx2_attention_anchor250k_v1", "purpose": "diagnostic", "released_at": "2026-09-16T04:19:16+00:00", "resource_budget": {"cgroup_parent": "/sys/fs/cgroup/user.slice/user-1000.slice/user@1000.service/app.slice", "cpus": [2], "memory_bytes": 9999998976, "scratch_bytes": 16000000000, "swap_bytes": 0, "wall_seconds": 3600}, "returncode": 0, "runner": {"path": "tools/fx2_attention_anchor250k_v1.py", "sha256": "sha256:be7d8178984c9f54b7e27e9c724f593474c0204e4110958978af3e817d9414c1"}, "schema": "gamma.enwiki9.adaptive-job.v3", "scratch_directories": ["results/fx2_attention_anchor250k_v1"], "started_at": "2026-09-16T04:19:16+00:00", "state": "completed", "submitted_at": "2026-09-16T04:12:01+00:00", "tags": [], "timing_authority": "diagnostic", "tool": "tools/fx2_attention_anchor250k_v1.py", "tool_args": [], "worker_pid": 1802201, "worker_proc_start_ticks": 262849481, "worker_started_at": "2026-09-16T04:19:17+00:00"}], "refresh": {"candidate_audit.py": 0, "enwiki9_normalize_receipts.py": 0}}
