wrote projects/enwiki9/candidate_inventory.json
wrote projects/enwiki9/CANDIDATE_INVENTORY.md
Refresh profile: routine
Unselected historical views were not refreshed and may be stale. Run --profile full to regenerate and check them.
[ok] /usr/bin/python3 projects/enwiki9/tools/hutter_upper_bound_certificate.py
[ok] /usr/bin/python3 projects/enwiki9/tools/hutter_run_ledger.py
wrote /home/x/deco/gamma/projects/enwiki9/docs/hutter_run_ledger.json
wrote /home/x/deco/gamma/projects/enwiki9/docs/hutter_run_ledger.md
[ok] /usr/bin/python3 projects/enwiki9/tools/enwiki9_release_receipts.py
{"bundles": 4, "completeClosures": 1, "failedAttempts": 0, "objectiveAchievedReceipts": 0, "runReceipts": 0}
[ok] /usr/bin/python3 projects/enwiki9/tools/enwiki9_evidence_matrix.py
wrote /home/x/deco/gamma/projects/enwiki9/docs/evidence_matrix.md
[ok] /usr/bin/python3 projects/enwiki9/tools/enwiki9_best_results.py
wrote /home/x/deco/gamma/projects/enwiki9/docs/best_results.md
[ok] /usr/bin/python3 projects/enwiki9/tools/enwiki9_status_receipt.py --candidate-audit-snapshot /home/x/deco/gamma/projects/enwiki9/candidate_inventory.json --candidate-audit-sha256 55e50c7da9ba78eabb9a71739d77fcc25fc503fe6becf012b4881e8a63fbd7a6 --refresh-profile routine
wrote projects/enwiki9/docs/status_receipt.json
wrote projects/enwiki9/docs/status_receipt.md
[ok] /usr/bin/python3 projects/enwiki9/tools/enwiki9_ledger.py
{
  "generated_at": "2026-09-15T21:17:51+00:00",
  "algorithms": 1752,
  "programs": 1062,
  "proposals": 500,
  "runs": 2336,
  "mixes": 4,
  "notes": 574,
  "tools": 1205,
  "current_algorithms": 1042,
  "historical_algorithms": 710,
  "running": 0,
  "unverified_running": 0,
  "jobs": {
    "pending": 26,
    "running": 1,
    "completed": 397,
    "failed": 173,
    "cancelled": 318
  },
  "read_issues": 2
}
{"event": "claimed", "job_ids": ["20260915T211006Z_d0c3a3329d"], "resources": {"load_1m": 0.276, "max_load": 32.0, "mem_available_mib": 63558, "min_free_mib": 2048}}
{"event": "batch_complete", "jobs": [{"candidate_id": "fx2_attention_window250k_v1", "candidate_revision": {"path": "operations/adaptive/candidate-revisions/fx2_attention_window250k_v1/20260915T211006193649Z_785ab1dedc19.json", "sha256": "sha256:7e8b88e66e8d66ad23fb2776d458a9ad58d50258cad64c1f20798097b49ba1a8"}, "candidate_tree_sha256": "sha256:785ab1dedc19866c2e2aeb609120cfe55e45c6a187ea9cb60ebae91a2f29d7f0", "elapsed_seconds": 27.504, "execution_guard": {"path": "tools/run_with_resource_guard_v3.py", "sha256": "sha256:044147f7ffe6922ea8dafd52fc3d4426077b20958adbcd421245ad41adcfc1e4"}, "execution_mode": "discovery", "execution_resources": {"boot_id": "3ce46712-27bc-4199-8e48-e2b3d23926cb", "budget": {"cgroup_parent": "/sys/fs/cgroup/user.slice/user-1000.slice/user@1000.service/app.slice", "cpus": [2], "memory_bytes": 9999998976, "scratch_bytes": 12000000000, "swap_bytes": 0, "wall_seconds": 1800}, "cgroup_inode": 335419, "cgroup_path": "/sys/fs/cgroup/user.slice/user-1000.slice/user@1000.service/app.slice/gamma-enwiki9-20260915T211006Z_d0c3a3329d", "cleanup_complete": true, "cpu_enforcement": "taskset-and-sampled-affinity-guard", "groups": [{"created": true, "inode": 335419, "kernel_cpuset": false, "memory_bytes": 9999998976, "path": "/sys/fs/cgroup/user.slice/user-1000.slice/user@1000.service/app.slice/gamma-enwiki9-20260915T211006Z_d0c3a3329d"}], "guard_command_sha256": "d002606411a357ba7b934adf8791091192246921f31f325550cd68c4c513f5f9", "guard_path": "run_logs/adaptive/20260915T211006Z_d0c3a3329d.resources/guard.json", "missing_diagnostics": ["kernel cpuset controller is not delegated; taskset assignment and existing affinity guard remain active"], "timing_authority": "diagnostic"}, "experiment": {"path": "operations/adaptive/experiments/fx2_attention_window250k_v1.json", "sha256": "sha256:efa60dae3f72610fdc0cd3417087e8c0b605d8140cbe827dd62b20276175a083"}, "finished_at": "2026-09-15T21:15:33+00:00", "gate_size": 250000, "held": false, "held_at": "2026-09-15T21:10:06+00:00", "hold_history": [{"at": "2026-09-15T21:10:06+00:00", "held": true, "reason": "Publish source andownership; verify native parent closure and fresh CPU2 admission before execution."}, {"at": "2026-09-15T21:15:05+00:00", "held": false, "reason": "Published a9450015a,27 source/data bindings verified, fresh CPU2 native resource admission recorded."}], "job_id": "20260915T211006Z_d0c3a3329d", "log_path": "run_logs/adaptive/20260915T211006Z_d0c3a3329d.log", "priority": 80, "proposal": {"path": "operations/adaptive/proposals/developed/949_fx2_attention_window250k_v1.json", "sha256": "sha256:7f0d5b66e891c94aeebd92facb98ff7e764f4d39e581deff7692f9090078b2a6"}, "proposal_id": "fx2_attention_window250k_v1", "purpose": "diagnostic", "released_at": "2026-09-15T21:15:05+00:00", "residual_processes_terminated": true, "resource_budget": {"cgroup_parent": "/sys/fs/cgroup/user.slice/user-1000.slice/user@1000.service/app.slice", "cpus": [2], "memory_bytes": 9999998976, "scratch_bytes": 12000000000, "swap_bytes": 0, "wall_seconds": 1800}, "returncode": 75, "runner": {"path": "tools/fx2_attention_window250k_v1.py", "sha256": "sha256:a373937208c7e5b0ded604384525acad89cb5b9ac124f486eb991c1668a6e9be"}, "schema": "gamma.enwiki9.adaptive-job.v3", "scratch_directories": ["results/fx2_attention_window250k_v1"], "started_at": "2026-09-15T21:15:05+00:00", "state": "failed", "submitted_at": "2026-09-15T21:10:06+00:00", "tags": [], "timing_authority": "diagnostic", "tool": "tools/fx2_attention_window250k_v1.py", "tool_args": [], "worker_pid": 1409723, "worker_proc_start_ticks": 260304384, "worker_started_at": "2026-09-15T21:15:06+00:00"}], "refresh": {"candidate_audit.py": 0, "enwiki9_normalize_receipts.py": 0}}
