{
  "candidate_id": "fx2_attention_anchor250k_v2",
  "candidate_revision": {
    "path": "operations/adaptive/candidate-revisions/fx2_attention_anchor250k_v2/20260916T043722183843Z_2b5aeed6e09f.json",
    "sha256": "sha256:96315600a159f40041c5e1787ed62bee4c6f94668826315f388bf79bd64bf206"
  },
  "candidate_tree_sha256": "sha256:2b5aeed6e09f9c9fc4b6adf6b59760856e521ca3ff715eecf8067ecc76aa7201",
  "execution_guard": {
    "path": "tools/run_with_resource_guard_v3.py",
    "sha256": "sha256:044147f7ffe6922ea8dafd52fc3d4426077b20958adbcd421245ad41adcfc1e4"
  },
  "execution_mode": "discovery",
  "experiment": {
    "path": "operations/adaptive/experiments/fx2_attention_anchor250k_v2.json",
    "sha256": "sha256:5b115a0df1b712d5d6f63adbbdc0bf883f9fc1d07387cd0ca599011c2d170377"
  },
  "gate_size": 250000,
  "held": false,
  "held_at": "2026-09-16T04:37:22+00:00",
  "hold_history": [
    {
      "at": "2026-09-16T04:37:22+00:00",
      "held": true,
      "reason": "Publish corrected source,build-delivery tests and invalid-v1 reflection; fresh CPU2 admission before native rerun."
    },
    {
      "at": "2026-09-16T04:42:47+00:00",
      "held": false,
      "reason": "Published b6582b0b1 correction, validated inactive-build failure, native flag-delivery checks and fresh CPU2 admission."
    }
  ],
  "job_id": "20260916T043722Z_97c24813c3",
  "priority": 70,
  "proposal": {
    "path": "operations/adaptive/proposals/developed/949_fx2_attention_anchor250k_v2.json",
    "sha256": "sha256:a21c686bc68769b9776bf648eb840c666412345b813463b4393f2f60ff9999f6"
  },
  "proposal_id": "fx2_attention_anchor250k_v2",
  "purpose": "diagnostic",
  "released_at": "2026-09-16T04:42:47+00:00",
  "resource_budget": {
    "cgroup_parent": "/sys/fs/cgroup/user.slice/user-1000.slice/user@1000.service/app.slice",
    "cpus": [
      2
    ],
    "memory_bytes": 9999998976,
    "scratch_bytes": 16000000000,
    "swap_bytes": 0,
    "wall_seconds": 3600
  },
  "runner": {
    "path": "tools/fx2_attention_anchor250k_v2.py",
    "sha256": "sha256:02e12734e9c3f823d55a2747c6d774ef2433adde48a80eada054f8fdf033a0f2"
  },
  "schema": "gamma.enwiki9.adaptive-job.v3",
  "scratch_directories": [
    "results/fx2_attention_anchor250k_v2"
  ],
  "state": "pending",
  "submitted_at": "2026-09-16T04:37:22+00:00",
  "tags": [],
  "timing_authority": "diagnostic",
  "tool": "tools/fx2_attention_anchor250k_v2.py",
  "tool_args": []
}
