wrote projects/enwiki9/candidate_inventory.json
wrote projects/enwiki9/CANDIDATE_INVENTORY.md
Refresh profile: routine
Unselected historical views were not refreshed and may be stale. Run --profile full to regenerate and check them.
[ok] /usr/bin/python3 projects/enwiki9/tools/hutter_upper_bound_certificate.py
[ok] /usr/bin/python3 projects/enwiki9/tools/hutter_run_ledger.py
wrote /home/x/deco/gamma/projects/enwiki9/docs/hutter_run_ledger.json
wrote /home/x/deco/gamma/projects/enwiki9/docs/hutter_run_ledger.md
[ok] /usr/bin/python3 projects/enwiki9/tools/enwiki9_release_receipts.py
{"bundles": 4, "completeClosures": 1, "failedAttempts": 0, "objectiveAchievedReceipts": 0, "runReceipts": 0}
[ok] /usr/bin/python3 projects/enwiki9/tools/enwiki9_evidence_matrix.py
wrote /home/x/deco/gamma/projects/enwiki9/docs/evidence_matrix.md
[ok] /usr/bin/python3 projects/enwiki9/tools/enwiki9_best_results.py
wrote /home/x/deco/gamma/projects/enwiki9/docs/best_results.md
[ok] /usr/bin/python3 projects/enwiki9/tools/enwiki9_status_receipt.py --candidate-audit-snapshot /home/x/deco/gamma/projects/enwiki9/candidate_inventory.json --candidate-audit-sha256 d23b0914e03711f56e5fde1ebe27c30ad9ec8e0f034e894c61afb0ebc964a96b --refresh-profile routine
wrote projects/enwiki9/docs/status_receipt.json
wrote projects/enwiki9/docs/status_receipt.md
[ok] /usr/bin/python3 projects/enwiki9/tools/enwiki9_ledger.py
{
  "generated_at": "2026-09-16T04:14:22+00:00",
  "algorithms": 1769,
  "programs": 1075,
  "proposals": 513,
  "runs": 2359,
  "mixes": 4,
  "notes": 574,
  "tools": 1227,
  "current_algorithms": 1055,
  "historical_algorithms": 714,
  "running": 0,
  "unverified_running": 0,
  "jobs": {
    "pending": 27,
    "running": 1,
    "completed": 407,
    "failed": 175,
    "cancelled": 318
  },
  "read_issues": 2
}
{"event": "claimed", "job_ids": ["20260916T033628Z_f5a0e12a98"], "resources": {"load_1m": 0.875, "max_load": 32.0, "mem_available_mib": 63498, "min_free_mib": 2048}}
{"event": "batch_complete", "jobs": [{"candidate_id": "fx2_trim_auxiliary_ppm_v2", "candidate_revision": {"path": "operations/adaptive/candidate-revisions/fx2_trim_auxiliary_ppm_v2/20260916T033628297141Z_6d41b62e8e95.json", "sha256": "sha256:57665f0b06bce72168742e791f457d7195c3003dc13d72220af6132ea496fe4f"}, "candidate_tree_sha256": "sha256:6d41b62e8e9581cf0625edd84a20089ee0028c95d8ec4d9664009d5ce01660b6", "elapsed_seconds": 1489.384, "execution_guard": {"path": "tools/run_with_resource_guard_v3.py", "sha256": "sha256:044147f7ffe6922ea8dafd52fc3d4426077b20958adbcd421245ad41adcfc1e4"}, "execution_mode": "discovery", "execution_resources": {"boot_id": "3ce46712-27bc-4199-8e48-e2b3d23926cb", "budget": {"cgroup_parent": "/sys/fs/cgroup/user.slice/user-1000.slice/user@1000.service/app.slice", "cpus": [2], "memory_bytes": 9999998976, "scratch_bytes": 16000000000, "swap_bytes": 0, "wall_seconds": 7200}, "cgroup_inode": 338455, "cgroup_path": "/sys/fs/cgroup/user.slice/user-1000.slice/user@1000.service/app.slice/gamma-enwiki9-20260916T033628Z_f5a0e12a98", "cleanup_complete": true, "cpu_enforcement": "taskset-and-sampled-affinity-guard", "groups": [{"created": true, "inode": 338455, "kernel_cpuset": false, "memory_bytes": 9999998976, "path": "/sys/fs/cgroup/user.slice/user-1000.slice/user@1000.service/app.slice/gamma-enwiki9-20260916T033628Z_f5a0e12a98"}], "guard_command_sha256": "9dccf385bc07b6ae442dbae39b23c6336495a7a908fec760786600995c9111c7", "guard_path": "run_logs/adaptive/20260916T033628Z_f5a0e12a98.resources/guard.json", "missing_diagnostics": ["kernel cpuset controller is not delegated; taskset assignment and existing affinity guard remain active"], "timing_authority": "diagnostic"}, "experiment": {"path": "operations/adaptive/experiments/fx2_trim_auxiliary_ppm_v2.json", "sha256": "sha256:5cfd90fd45b41178f87a835b73cee57e76b54ef3cfe2354130e0629de52e0e38"}, "finished_at": "2026-09-16T04:12:02+00:00", "gate_size": 250000, "held": false, "held_at": "2026-09-16T03:36:28+00:00", "hold_history": [{"at": "2026-09-16T03:36:28+00:00", "held": true, "reason": "Publish correction-only sources and diagnostic reflection; fresh CPU2 admission before native execution."}, {"at": "2026-09-16T03:47:07+00:00", "held": false, "reason": "Published d2ff86883, exact ambient-input diagnosis, fresh corrected auxiliary admission; expert transfer terminal with valid hold reflection. Only native CPU2 job."}], "job_id": "20260916T033628Z_f5a0e12a98", "log_path": "run_logs/adaptive/20260916T033628Z_f5a0e12a98.log", "priority": 70, "proposal": {"path": "operations/adaptive/proposals/developed/949_fx2_trim_auxiliary_ppm_v2.json", "sha256": "sha256:8742b487f0ffea38e18f83313789e2ea2fbceeb2189647e084bce4df3c2a58f2"}, "proposal_id": "fx2_trim_auxiliary_ppm_v2", "purpose": "diagnostic", "released_at": "2026-09-16T03:47:07+00:00", "resource_budget": {"cgroup_parent": "/sys/fs/cgroup/user.slice/user-1000.slice/user@1000.service/app.slice", "cpus": [2], "memory_bytes": 9999998976, "scratch_bytes": 16000000000, "swap_bytes": 0, "wall_seconds": 7200}, "returncode": 0, "runner": {"path": "tools/fx2_trim_auxiliary_ppm_v2.py", "sha256": "sha256:a25963a935c29eb0ad981deffd5de87e46167d1dc62a82aa96f898f405000e8a"}, "schema": "gamma.enwiki9.adaptive-job.v3", "scratch_directories": ["results/fx2_trim_auxiliary_ppm_v2"], "started_at": "2026-09-16T03:47:12+00:00", "state": "completed", "submitted_at": "2026-09-16T03:36:28+00:00", "tags": [], "timing_authority": "diagnostic", "tool": "tools/fx2_trim_auxiliary_ppm_v2.py", "tool_args": [], "worker_pid": 1451243, "worker_proc_start_ticks": 262657038, "worker_started_at": "2026-09-16T03:47:12+00:00"}], "refresh": {"candidate_audit.py": 0, "enwiki9_normalize_receipts.py": 0}}
