test_absent_null_and_invalid_costs_are_unknown_not_zero (projects.enwiki9.tests.test_certificate_unknown_costs.UnknownCostsTests.test_absent_null_and_invalid_costs_are_unknown_not_zero) ... 
  test_absent_null_and_invalid_costs_are_unknown_not_zero (projects.enwiki9.tests.test_certificate_unknown_costs.UnknownCostsTests.test_absent_null_and_invalid_costs_are_unknown_not_zero) (fields={}) ... FAIL
  test_absent_null_and_invalid_costs_are_unknown_not_zero (projects.enwiki9.tests.test_certificate_unknown_costs.UnknownCostsTests.test_absent_null_and_invalid_costs_are_unknown_not_zero) (fields={'program_size': None, 'hutter_score': None}) ... FAIL
  test_absent_null_and_invalid_costs_are_unknown_not_zero (projects.enwiki9.tests.test_certificate_unknown_costs.UnknownCostsTests.test_absent_null_and_invalid_costs_are_unknown_not_zero) (fields={'program_size': False}) ... FAIL
  test_absent_null_and_invalid_costs_are_unknown_not_zero (projects.enwiki9.tests.test_certificate_unknown_costs.UnknownCostsTests.test_absent_null_and_invalid_costs_are_unknown_not_zero) (fields={'program_size': -1}) ... FAIL
  test_absent_null_and_invalid_costs_are_unknown_not_zero (projects.enwiki9.tests.test_certificate_unknown_costs.UnknownCostsTests.test_absent_null_and_invalid_costs_are_unknown_not_zero) (fields={'program_size': 'unknown'}) ... FAIL
  test_absent_null_and_invalid_costs_are_unknown_not_zero (projects.enwiki9.tests.test_certificate_unknown_costs.UnknownCostsTests.test_absent_null_and_invalid_costs_are_unknown_not_zero) (fields={'program_size': 1.5}) ... FAIL
test_explicit_unknown_score_is_not_replaced_by_component_subtotal (projects.enwiki9.tests.test_certificate_unknown_costs.UnknownCostsTests.test_explicit_unknown_score_is_not_replaced_by_component_subtotal) ... FAIL
test_full_corpus_unknown_score_cannot_certify_even_with_other_flags (projects.enwiki9.tests.test_certificate_unknown_costs.UnknownCostsTests.test_full_corpus_unknown_score_cannot_certify_even_with_other_flags) ... FAIL
test_legacy_known_components_and_explicit_zero_remain_distinct (projects.enwiki9.tests.test_certificate_unknown_costs.UnknownCostsTests.test_legacy_known_components_and_explicit_zero_remain_distinct) ... ok
test_unpriced_smaller_archive_cannot_displace_counted_upper_bound (projects.enwiki9.tests.test_certificate_unknown_costs.UnknownCostsTests.test_unpriced_smaller_archive_cannot_displace_counted_upper_bound) ... FAIL

======================================================================
FAIL: test_absent_null_and_invalid_costs_are_unknown_not_zero (projects.enwiki9.tests.test_certificate_unknown_costs.UnknownCostsTests.test_absent_null_and_invalid_costs_are_unknown_not_zero) (fields={})
----------------------------------------------------------------------
Traceback (most recent call last):
  File "/home/x/deco/gamma/projects/enwiki9/tests/test_certificate_unknown_costs.py", line 30, in test_absent_null_and_invalid_costs_are_unknown_not_zero
    self.assertIsNone(row.program_size)
    ~~~~~~~~~~~~~~~~~^^^^^^^^^^^^^^^^^^
AssertionError: 0 is not None

======================================================================
FAIL: test_absent_null_and_invalid_costs_are_unknown_not_zero (projects.enwiki9.tests.test_certificate_unknown_costs.UnknownCostsTests.test_absent_null_and_invalid_costs_are_unknown_not_zero) (fields={'program_size': None, 'hutter_score': None})
----------------------------------------------------------------------
Traceback (most recent call last):
  File "/home/x/deco/gamma/projects/enwiki9/tests/test_certificate_unknown_costs.py", line 30, in test_absent_null_and_invalid_costs_are_unknown_not_zero
    self.assertIsNone(row.program_size)
    ~~~~~~~~~~~~~~~~~^^^^^^^^^^^^^^^^^^
AssertionError: 0 is not None

======================================================================
FAIL: test_absent_null_and_invalid_costs_are_unknown_not_zero (projects.enwiki9.tests.test_certificate_unknown_costs.UnknownCostsTests.test_absent_null_and_invalid_costs_are_unknown_not_zero) (fields={'program_size': False})
----------------------------------------------------------------------
Traceback (most recent call last):
  File "/home/x/deco/gamma/projects/enwiki9/tests/test_certificate_unknown_costs.py", line 30, in test_absent_null_and_invalid_costs_are_unknown_not_zero
    self.assertIsNone(row.program_size)
    ~~~~~~~~~~~~~~~~~^^^^^^^^^^^^^^^^^^
AssertionError: 0 is not None

======================================================================
FAIL: test_absent_null_and_invalid_costs_are_unknown_not_zero (projects.enwiki9.tests.test_certificate_unknown_costs.UnknownCostsTests.test_absent_null_and_invalid_costs_are_unknown_not_zero) (fields={'program_size': -1})
----------------------------------------------------------------------
Traceback (most recent call last):
  File "/home/x/deco/gamma/projects/enwiki9/tests/test_certificate_unknown_costs.py", line 30, in test_absent_null_and_invalid_costs_are_unknown_not_zero
    self.assertIsNone(row.program_size)
    ~~~~~~~~~~~~~~~~~^^^^^^^^^^^^^^^^^^
AssertionError: -1 is not None

======================================================================
FAIL: test_absent_null_and_invalid_costs_are_unknown_not_zero (projects.enwiki9.tests.test_certificate_unknown_costs.UnknownCostsTests.test_absent_null_and_invalid_costs_are_unknown_not_zero) (fields={'program_size': 'unknown'})
----------------------------------------------------------------------
Traceback (most recent call last):
  File "/home/x/deco/gamma/projects/enwiki9/tests/test_certificate_unknown_costs.py", line 30, in test_absent_null_and_invalid_costs_are_unknown_not_zero
    self.assertIsNone(row.program_size)
    ~~~~~~~~~~~~~~~~~^^^^^^^^^^^^^^^^^^
AssertionError: 0 is not None

======================================================================
FAIL: test_absent_null_and_invalid_costs_are_unknown_not_zero (projects.enwiki9.tests.test_certificate_unknown_costs.UnknownCostsTests.test_absent_null_and_invalid_costs_are_unknown_not_zero) (fields={'program_size': 1.5})
----------------------------------------------------------------------
Traceback (most recent call last):
  File "/home/x/deco/gamma/projects/enwiki9/tests/test_certificate_unknown_costs.py", line 30, in test_absent_null_and_invalid_costs_are_unknown_not_zero
    self.assertIsNone(row.program_size)
    ~~~~~~~~~~~~~~~~~^^^^^^^^^^^^^^^^^^
AssertionError: 1 is not None

======================================================================
FAIL: test_explicit_unknown_score_is_not_replaced_by_component_subtotal (projects.enwiki9.tests.test_certificate_unknown_costs.UnknownCostsTests.test_explicit_unknown_score_is_not_replaced_by_component_subtotal)
----------------------------------------------------------------------
Traceback (most recent call last):
  File "/home/x/deco/gamma/projects/enwiki9/tests/test_certificate_unknown_costs.py", line 38, in test_explicit_unknown_score_is_not_replaced_by_component_subtotal
    self.assertIsNone(row.hutter_score)
    ~~~~~~~~~~~~~~~~~^^^^^^^^^^^^^^^^^^
AssertionError: 1305468 is not None

======================================================================
FAIL: test_full_corpus_unknown_score_cannot_certify_even_with_other_flags (projects.enwiki9.tests.test_certificate_unknown_costs.UnknownCostsTests.test_full_corpus_unknown_score_cannot_certify_even_with_other_flags)
----------------------------------------------------------------------
Traceback (most recent call last):
  File "/home/x/deco/gamma/projects/enwiki9/tests/test_certificate_unknown_costs.py", line 71, in test_full_corpus_unknown_score_cannot_certify_even_with_other_flags
    self.assertFalse(row.is_full_corpus_proof)
    ~~~~~~~~~~~~~~~~^^^^^^^^^^^^^^^^^^^^^^^^^^
AssertionError: True is not false

======================================================================
FAIL: test_unpriced_smaller_archive_cannot_displace_counted_upper_bound (projects.enwiki9.tests.test_certificate_unknown_costs.UnknownCostsTests.test_unpriced_smaller_archive_cannot_displace_counted_upper_bound)
----------------------------------------------------------------------
Traceback (most recent call last):
  File "/home/x/deco/gamma/projects/enwiki9/tests/test_certificate_unknown_costs.py", line 49, in test_unpriced_smaller_archive_cannot_displace_counted_upper_bound
    self.assertEqual(certificate.best_by_size([unpriced, priced]), [priced])
    ~~~~~~~~~~~~~~~~^^^^^^^^^^^^^^^^^^^^^^^^^^^^^^^^^^^^^^^^^^^^^^^^^^^^^^^^
AssertionError: Lists differ: [Resu[93 chars]_id='unpriced', data_size=10000000, data_sha25[324 chars]lse)] != [Resu[93 chars]_id='priced', data_size=10000000, data_sha256=[324 chars]lse)]

First differing element 0:
Resul[92 chars]_id='unpriced', data_size=10000000, data_sha25[323 chars]alse)
Resul[92 chars]_id='priced', data_size=10000000, data_sha256=[323 chars]alse)

Diff is 949 characters long. Set self.maxDiff to None to see it.

----------------------------------------------------------------------
Ran 5 tests in 0.003s

FAILED (failures=9)
