test_absent_null_and_invalid_costs_are_unknown_not_zero (projects.enwiki9.tests.test_certificate_unknown_costs.UnknownCostsTests.test_absent_null_and_invalid_costs_are_unknown_not_zero) ... ok
test_explicit_unknown_score_is_not_replaced_by_component_subtotal (projects.enwiki9.tests.test_certificate_unknown_costs.UnknownCostsTests.test_explicit_unknown_score_is_not_replaced_by_component_subtotal) ... ok
test_full_corpus_unknown_score_cannot_certify_even_with_other_flags (projects.enwiki9.tests.test_certificate_unknown_costs.UnknownCostsTests.test_full_corpus_unknown_score_cannot_certify_even_with_other_flags) ... ok
test_legacy_known_components_and_explicit_zero_remain_distinct (projects.enwiki9.tests.test_certificate_unknown_costs.UnknownCostsTests.test_legacy_known_components_and_explicit_zero_remain_distinct) ... ok
test_unpriced_smaller_archive_cannot_displace_counted_upper_bound (projects.enwiki9.tests.test_certificate_unknown_costs.UnknownCostsTests.test_unpriced_smaller_archive_cannot_displace_counted_upper_bound) ... ok
test_95m_full_score_misses_active_target_despite_historical_margin (projects.enwiki9.tests.test_enwiki9_report_targets.ReportTargetTests.test_95m_full_score_misses_active_target_despite_historical_margin) ... ok
test_active_target_and_historical_digest_remain_distinct (projects.enwiki9.tests.test_enwiki9_report_targets.ReportTargetTests.test_active_target_and_historical_digest_remain_distinct) ... ok
test_all_reports_render_matching_active_target_and_notes (projects.enwiki9.tests.test_enwiki9_report_targets.ReportTargetTests.test_all_reports_render_matching_active_target_and_notes) ... ok
test_exact_target_boundary_remains_inclusive (projects.enwiki9.tests.test_enwiki9_report_targets.ReportTargetTests.test_exact_target_boundary_remains_inclusive) ... ok
test_historical_certificate_renders_its_own_bound_target (projects.enwiki9.tests.test_enwiki9_report_targets.ReportTargetTests.test_historical_certificate_renders_its_own_bound_target) ... ok
test_matrix_prefix_and_failed_roundtrip_still_miss_target (projects.enwiki9.tests.test_enwiki9_report_targets.ReportTargetTests.test_matrix_prefix_and_failed_roundtrip_still_miss_target) ... ok
test_missing_evidence_and_historical_binding_still_block_certificate (projects.enwiki9.tests.test_enwiki9_report_targets.ReportTargetTests.test_missing_evidence_and_historical_binding_still_block_certificate) ... ok
test_evidence_legacy_object_schema_remains_supported (projects.enwiki9.tests.test_enwiki9_result_discovery.ResultDiscoveryTests.test_evidence_legacy_object_schema_remains_supported) ... ok
test_mixed_directory_preserves_valid_driver_result (projects.enwiki9.tests.test_enwiki9_result_discovery.ResultDiscoveryTests.test_mixed_directory_preserves_valid_driver_result) ... ok
test_non_object_json_is_not_a_result (projects.enwiki9.tests.test_enwiki9_result_discovery.ResultDiscoveryTests.test_non_object_json_is_not_a_result) ... ok
test_existing_observer_uses_raw_scope_and_preserves_resource_gap (projects.enwiki9.tests.test_hutter_upper_bound_certificate.ActiveCandidateContextTests.test_existing_observer_uses_raw_scope_and_preserves_resource_gap) ... ERROR
test_uses_shared_managed_worker_identity (projects.enwiki9.tests.test_hutter_upper_bound_certificate.ActiveCandidateContextTests.test_uses_shared_managed_worker_identity) ... ERROR
test_vanished_saved_worker_does_not_establish_idle (projects.enwiki9.tests.test_hutter_upper_bound_certificate.ActiveCandidateContextTests.test_vanished_saved_worker_does_not_establish_idle) ... ERROR
test_falls_back_to_calibrated_baseline (projects.enwiki9.tests.test_hutter_upper_bound_certificate.BestForecastRecordTests.test_falls_back_to_calibrated_baseline) ... ok
test_lzma_replay_projection_supersedes_bzip2_miss (projects.enwiki9.tests.test_hutter_upper_bound_certificate.BestForecastRecordTests.test_lzma_replay_projection_supersedes_bzip2_miss) ... ok
test_rejects_opening_prefix_forecast (projects.enwiki9.tests.test_hutter_upper_bound_certificate.BestForecastRecordTests.test_rejects_opening_prefix_forecast) ... ok
test_selects_exact_counted_10m_projection (projects.enwiki9.tests.test_hutter_upper_bound_certificate.BestForecastRecordTests.test_selects_exact_counted_10m_projection) ... ok
test_selects_pair_layer0_terminal_projection (projects.enwiki9.tests.test_hutter_upper_bound_certificate.BestForecastRecordTests.test_selects_pair_layer0_terminal_projection) ... ok

======================================================================
ERROR: test_existing_observer_uses_raw_scope_and_preserves_resource_gap (projects.enwiki9.tests.test_hutter_upper_bound_certificate.ActiveCandidateContextTests.test_existing_observer_uses_raw_scope_and_preserves_resource_gap)
----------------------------------------------------------------------
Traceback (most recent call last):
  File "/home/x/deco/gamma/projects/enwiki9/tests/test_hutter_upper_bound_certificate.py", line 189, in test_existing_observer_uses_raw_scope_and_preserves_resource_gap
    import enwiki9_status_receipt as status
ModuleNotFoundError: No module named 'enwiki9_status_receipt'

======================================================================
ERROR: test_uses_shared_managed_worker_identity (projects.enwiki9.tests.test_hutter_upper_bound_certificate.ActiveCandidateContextTests.test_uses_shared_managed_worker_identity)
----------------------------------------------------------------------
Traceback (most recent call last):
  File "/home/x/deco/gamma/projects/enwiki9/tests/test_hutter_upper_bound_certificate.py", line 235, in test_uses_shared_managed_worker_identity
    candidate, scope, source = certificate.active_candidate_context()
                               ~~~~~~~~~~~~~~~~~~~~~~~~~~~~~~~~~~~~^^
  File "/home/x/deco/gamma/projects/enwiki9/tools/hutter_upper_bound_certificate.py", line 751, in active_candidate_context
    import enwiki9_status_receipt as status_receipt
ModuleNotFoundError: No module named 'enwiki9_status_receipt'

======================================================================
ERROR: test_vanished_saved_worker_does_not_establish_idle (projects.enwiki9.tests.test_hutter_upper_bound_certificate.ActiveCandidateContextTests.test_vanished_saved_worker_does_not_establish_idle)
----------------------------------------------------------------------
Traceback (most recent call last):
  File "/home/x/deco/gamma/projects/enwiki9/tests/test_hutter_upper_bound_certificate.py", line 209, in test_vanished_saved_worker_does_not_establish_idle
    candidate, scope, source = certificate.active_candidate_context()
                               ~~~~~~~~~~~~~~~~~~~~~~~~~~~~~~~~~~~~^^
  File "/home/x/deco/gamma/projects/enwiki9/tools/hutter_upper_bound_certificate.py", line 751, in active_candidate_context
    import enwiki9_status_receipt as status_receipt
ModuleNotFoundError: No module named 'enwiki9_status_receipt'

----------------------------------------------------------------------
Ran 23 tests in 0.077s

FAILED (errors=3)
