wrote projects/enwiki9/candidate_inventory.json
wrote projects/enwiki9/CANDIDATE_INVENTORY.md
Refresh profile: routine
Unselected historical views were not refreshed and may be stale. Run --profile full to regenerate and check them.
[ok] /usr/bin/python3 projects/enwiki9/tools/hutter_upper_bound_certificate.py
[ok] /usr/bin/python3 projects/enwiki9/tools/hutter_run_ledger.py
wrote /home/x/deco/gamma/projects/enwiki9/docs/hutter_run_ledger.json
wrote /home/x/deco/gamma/projects/enwiki9/docs/hutter_run_ledger.md
[ok] /usr/bin/python3 projects/enwiki9/tools/enwiki9_release_receipts.py
{"bundles": 4, "completeClosures": 1, "failedAttempts": 0, "objectiveAchievedReceipts": 0, "runReceipts": 0}
[ok] /usr/bin/python3 projects/enwiki9/tools/enwiki9_evidence_matrix.py
wrote /home/x/deco/gamma/projects/enwiki9/docs/evidence_matrix.md
[ok] /usr/bin/python3 projects/enwiki9/tools/enwiki9_best_results.py
wrote /home/x/deco/gamma/projects/enwiki9/docs/best_results.md
[ok] /usr/bin/python3 projects/enwiki9/tools/enwiki9_status_receipt.py --candidate-audit-snapshot /home/x/deco/gamma/projects/enwiki9/candidate_inventory.json --candidate-audit-sha256 3a3b17b395aa626fa8d3f3cd30372493fc5d9450e3240d5774f511bc80e27166 --refresh-profile routine
wrote projects/enwiki9/docs/status_receipt.json
wrote projects/enwiki9/docs/status_receipt.md
[ok] /usr/bin/python3 projects/enwiki9/tools/enwiki9_ledger.py
{
  "generated_at": "2026-09-14T21:48:31+00:00",
  "algorithms": 1738,
  "programs": 1048,
  "proposals": 486,
  "runs": 2313,
  "mixes": 4,
  "notes": 574,
  "tools": 1176,
  "current_algorithms": 1036,
  "historical_algorithms": 702,
  "running": 0,
  "unverified_running": 0,
  "jobs": {
    "pending": 26,
    "running": 1,
    "completed": 389,
    "failed": 167,
    "cancelled": 318
  },
  "read_issues": 2
}
{"event": "claimed", "job_ids": ["20260914T213312Z_f00d023011"], "resources": {"load_1m": 0.989, "max_load": 32.0, "mem_available_mib": 65524, "min_free_mib": 2048}}
{"event": "batch_complete", "jobs": [{"candidate_id": "fx2_expert_mix_opening250k_v1", "candidate_revision": {"path": "operations/adaptive/candidate-revisions/fx2_expert_mix_opening250k_v1/20260914T213311663400Z_6aac7dbfec8b.json", "sha256": "sha256:f0e4f7ad94f8c359b124688d5a581d76f5af164ce739ffa9318094c8fde24102"}, "candidate_tree_sha256": "sha256:6aac7dbfec8b3298ae073bd2fd24a802971a6955285ec56740c849894d5bd6a2", "elapsed_seconds": 515.576, "execution_guard": {"path": "tools/run_with_resource_guard_v3.py", "sha256": "sha256:044147f7ffe6922ea8dafd52fc3d4426077b20958adbcd421245ad41adcfc1e4"}, "execution_mode": "discovery", "execution_resources": {"boot_id": "3ce46712-27bc-4199-8e48-e2b3d23926cb", "budget": {"cgroup_parent": "/sys/fs/cgroup/user.slice/user-1000.slice/user@1000.service/app.slice", "cpus": [2], "memory_bytes": 9999998976, "scratch_bytes": 24000000000, "swap_bytes": 0, "wall_seconds": 1800}, "cgroup_inode": 324729, "cgroup_path": "/sys/fs/cgroup/user.slice/user-1000.slice/user@1000.service/app.slice/gamma-enwiki9-20260914T213312Z_f00d023011", "cleanup_complete": true, "cpu_enforcement": "taskset-and-sampled-affinity-guard", "groups": [{"created": true, "inode": 324729, "kernel_cpuset": false, "memory_bytes": 9999998976, "path": "/sys/fs/cgroup/user.slice/user-1000.slice/user@1000.service/app.slice/gamma-enwiki9-20260914T213312Z_f00d023011"}], "guard_command_sha256": "a918a6891e0378974ca6e132c17e5f28d7a51e17020ceda01c34d630ce84eb75", "guard_path": "run_logs/adaptive/20260914T213312Z_f00d023011.resources/guard.json", "missing_diagnostics": ["kernel cpuset controller is not delegated; taskset assignment and existing affinity guard remain active"], "timing_authority": "diagnostic"}, "experiment": {"path": "operations/adaptive/experiments/fx2_expert_mix_opening250k_v1.json", "sha256": "sha256:ea0415122e34674afee5a263712beeb7c2808d1dd7318acf832993cd175898e0"}, "finished_at": "2026-09-14T21:46:18+00:00", "gate_size": 250000, "held": false, "held_at": "2026-09-14T21:33:12+00:00", "hold_history": [{"at": "2026-09-14T21:33:12+00:00", "held": true, "reason": "Source and ownership publication, fresh resource admission required."}, {"at": "2026-09-14T21:37:42+00:00", "held": false, "reason": "Published source e1a3e0a0d and admission d888cedc2;154 inputs verified, synthetic checks pass, CPU2 and resource bounds admitted."}], "job_id": "20260914T213312Z_f00d023011", "log_path": "run_logs/adaptive/20260914T213312Z_f00d023011.log", "priority": 80, "proposal": {"path": "operations/adaptive/proposals/developed/964_fx2_expert_mix_opening250k_v1.json", "sha256": "sha256:1fb0f321689560da11c27ebbe0f76ac146a74d6b52f5b8912a00009bbb943d4f"}, "proposal_id": "fx2_expert_mix_opening250k_v1", "purpose": "diagnostic", "released_at": "2026-09-14T21:37:42+00:00", "resource_budget": {"cgroup_parent": "/sys/fs/cgroup/user.slice/user-1000.slice/user@1000.service/app.slice", "cpus": [2], "memory_bytes": 9999998976, "scratch_bytes": 24000000000, "swap_bytes": 0, "wall_seconds": 1800}, "returncode": 0, "runner": {"path": "tools/fx2_expert_mix_opening250k_v1.py", "sha256": "sha256:48e5f9a1e21f5a60e0eac740c7a80406fac0032a9332abe18199af28369087a6"}, "schema": "gamma.enwiki9.adaptive-job.v3", "scratch_directories": ["results/fx2_expert_mix_opening250k_v1"], "started_at": "2026-09-14T21:37:42+00:00", "state": "completed", "submitted_at": "2026-09-14T21:33:12+00:00", "tags": [], "timing_authority": "diagnostic", "tool": "tools/fx2_expert_mix_opening250k_v1.py", "tool_args": [], "worker_pid": 3173079, "worker_proc_start_ticks": 251800104, "worker_started_at": "2026-09-14T21:37:43+00:00"}], "refresh": {"candidate_audit.py": 0, "enwiki9_normalize_receipts.py": 0}}
