{
  "candidate_id": "fx2_expert_transfer250k_v1",
  "candidate_revision": {
    "path": "operations/adaptive/candidate-revisions/fx2_expert_transfer250k_v1/20260916T031553619255Z_684919f1842a.json",
    "sha256": "sha256:105de34dd4f641162ac78d77bbc73ebeaa67a4df425a2225abf421afa0e669fd"
  },
  "candidate_tree_sha256": "sha256:684919f1842abe25782e052c60ff4eef0a1a0633c2b174f72b9205e2890e90f6",
  "execution_guard": {
    "path": "tools/run_with_resource_guard_v3.py",
    "sha256": "sha256:044147f7ffe6922ea8dafd52fc3d4426077b20958adbcd421245ad41adcfc1e4"
  },
  "execution_mode": "discovery",
  "experiment": {
    "path": "operations/adaptive/experiments/fx2_expert_transfer250k_v1.json",
    "sha256": "sha256:d166a0d84edef37b88551284be04ec46a57f0af3e72a34cf87103250fd3361d1"
  },
  "gate_size": 250000,
  "held": false,
  "held_at": "2026-09-16T03:15:54+00:00",
  "hold_history": [
    {
      "at": "2026-09-16T03:15:54+00:00",
      "held": true,
      "reason": "Publish frozen ownership/source and validate fresh CPU2 admission after active auxiliary package gate. Keep existing mixture package hold; no concurrent native launch."
    },
    {
      "at": "2026-09-16T03:38:49+00:00",
      "held": false,
      "reason": "Fresh expert-transfer admission after auxiliary and ambient diagnostic closure. Published unchanged P/D and frozen distant population; only native job on CPU2."
    }
  ],
  "job_id": "20260916T031554Z_01d2cf2ede",
  "priority": 65,
  "proposal": {
    "path": "operations/adaptive/proposals/developed/949_fx2_expert_transfer250k_v1.json",
    "sha256": "sha256:8fe0de268a158c8ad164bb6c9d1362b7b1285dea775b61f3f49aa1242018230a"
  },
  "proposal_id": "fx2_expert_transfer250k_v1",
  "purpose": "diagnostic",
  "released_at": "2026-09-16T03:38:49+00:00",
  "resource_budget": {
    "cgroup_parent": "/sys/fs/cgroup/user.slice/user-1000.slice/user@1000.service/app.slice",
    "cpus": [
      2
    ],
    "memory_bytes": 9999998976,
    "scratch_bytes": 16000000000,
    "swap_bytes": 0,
    "wall_seconds": 3600
  },
  "runner": {
    "path": "tools/fx2_expert_transfer250k_v1.py",
    "sha256": "sha256:209d00e76241e921d1acda7486ba79cea86fe7f2e445ec5df2af51d64561b282"
  },
  "schema": "gamma.enwiki9.adaptive-job.v3",
  "scratch_directories": [
    "results/fx2_expert_transfer250k_v1"
  ],
  "state": "pending",
  "submitted_at": "2026-09-16T03:15:54+00:00",
  "tags": [],
  "timing_authority": "diagnostic",
  "tool": "tools/fx2_expert_transfer250k_v1.py",
  "tool_args": []
}
