wrote projects/enwiki9/candidate_inventory.json
wrote projects/enwiki9/CANDIDATE_INVENTORY.md
Refresh profile: routine
Unselected historical views were not refreshed and may be stale. Run --profile full to regenerate and check them.
[ok] /usr/bin/python3 projects/enwiki9/tools/hutter_upper_bound_certificate.py
[ok] /usr/bin/python3 projects/enwiki9/tools/hutter_run_ledger.py
wrote /home/x/deco/gamma/projects/enwiki9/docs/hutter_run_ledger.json
wrote /home/x/deco/gamma/projects/enwiki9/docs/hutter_run_ledger.md
[ok] /usr/bin/python3 projects/enwiki9/tools/enwiki9_release_receipts.py
{"bundles": 4, "completeClosures": 1, "failedAttempts": 0, "objectiveAchievedReceipts": 0, "runReceipts": 0}
[ok] /usr/bin/python3 projects/enwiki9/tools/enwiki9_evidence_matrix.py
wrote /home/x/deco/gamma/projects/enwiki9/docs/evidence_matrix.md
[ok] /usr/bin/python3 projects/enwiki9/tools/enwiki9_best_results.py
wrote /home/x/deco/gamma/projects/enwiki9/docs/best_results.md
[ok] /usr/bin/python3 projects/enwiki9/tools/enwiki9_status_receipt.py --candidate-audit-snapshot /home/x/deco/gamma/projects/enwiki9/candidate_inventory.json --candidate-audit-sha256 b4b475212e66fcb2b9c4aa997fee726c33359996a867d75b6f18dda99b475717 --refresh-profile routine
wrote projects/enwiki9/docs/status_receipt.json
wrote projects/enwiki9/docs/status_receipt.md
[ok] /usr/bin/python3 projects/enwiki9/tools/enwiki9_ledger.py
{
  "generated_at": "2026-09-16T05:34:17+00:00",
  "algorithms": 1775,
  "programs": 1078,
  "proposals": 516,
  "runs": 2364,
  "mixes": 4,
  "notes": 574,
  "tools": 1230,
  "current_algorithms": 1060,
  "historical_algorithms": 715,
  "running": 0,
  "unverified_running": 0,
  "jobs": {
    "pending": 26,
    "running": 1,
    "completed": 410,
    "failed": 175,
    "cancelled": 319
  },
  "read_issues": 2
}
{"event": "claimed", "job_ids": ["20260916T051409Z_5140177d05"], "resources": {"load_1m": 0.734, "max_load": 32.0, "mem_available_mib": 63439, "min_free_mib": 2048}}
{"event": "batch_complete", "jobs": [{"candidate_id": "fx2_explicit_lexical250k_v2", "candidate_revision": {"path": "operations/adaptive/candidate-revisions/fx2_explicit_lexical250k_v2/20260916T051408853148Z_a9e902f04bed.json", "sha256": "sha256:1fe7cb1d3ad26c27fc4397a23970414a673a499f335c5a40cb1eea1c616d0467"}, "candidate_tree_sha256": "sha256:a9e902f04bed6c050254b4b1c9c067f5f90d292c9f8a807526d7c334f25f0c4a", "elapsed_seconds": 684.342, "execution_guard": {"path": "tools/run_with_resource_guard_v3.py", "sha256": "sha256:044147f7ffe6922ea8dafd52fc3d4426077b20958adbcd421245ad41adcfc1e4"}, "execution_mode": "discovery", "execution_resources": {"boot_id": "3ce46712-27bc-4199-8e48-e2b3d23926cb", "budget": {"cgroup_parent": "/sys/fs/cgroup/user.slice/user-1000.slice/user@1000.service/app.slice", "cpus": [2], "memory_bytes": 9999998976, "scratch_bytes": 16000000000, "swap_bytes": 0, "wall_seconds": 3600}, "cgroup_inode": 339423, "cgroup_path": "/sys/fs/cgroup/user.slice/user-1000.slice/user@1000.service/app.slice/gamma-enwiki9-20260916T051409Z_5140177d05", "cleanup_complete": true, "cpu_enforcement": "taskset-and-sampled-affinity-guard", "groups": [{"created": true, "inode": 339423, "kernel_cpuset": false, "memory_bytes": 9999998976, "path": "/sys/fs/cgroup/user.slice/user-1000.slice/user@1000.service/app.slice/gamma-enwiki9-20260916T051409Z_5140177d05"}], "guard_command_sha256": "598f45a55fd1cae0fb03f4c63b3b968ceaf409e17d1d6ae7365e3bf51a5ad12a", "guard_path": "run_logs/adaptive/20260916T051409Z_5140177d05.resources/guard.json", "missing_diagnostics": ["kernel cpuset controller is not delegated; taskset assignment and existing affinity guard remain active"], "timing_authority": "diagnostic"}, "experiment": {"path": "operations/adaptive/experiments/fx2_explicit_lexical250k_v2.json", "sha256": "sha256:83b709065a7b4e96484de55d0bfbe7ad1e8586d9b4589e8d256bf1fed2983dc3"}, "finished_at": "2026-09-16T05:31:55+00:00", "gate_size": 250000, "held": false, "held_at": "2026-09-16T05:14:09+00:00", "hold_history": [{"at": "2026-09-16T05:14:09+00:00", "held": true, "reason": "Publish source and pre-execution correction; fresh CPU2 admission before native comparison."}, {"at": "2026-09-16T05:20:31+00:00", "held": false, "reason": "Published 38c598be5 source and ownership; 27 input hashes verified, all ten publication checks pass, fresh CPU2 resource admission recorded."}], "job_id": "20260916T051409Z_5140177d05", "log_path": "run_logs/adaptive/20260916T051409Z_5140177d05.log", "priority": 70, "proposal": {"path": "operations/adaptive/proposals/developed/949_fx2_explicit_lexical250k_v2.json", "sha256": "sha256:81f8a108d0912e1179087513e3eeeca5806660d31b75bd8d44a1d46faa95a6d0"}, "proposal_id": "fx2_explicit_lexical250k_v2", "purpose": "diagnostic", "released_at": "2026-09-16T05:20:31+00:00", "resource_budget": {"cgroup_parent": "/sys/fs/cgroup/user.slice/user-1000.slice/user@1000.service/app.slice", "cpus": [2], "memory_bytes": 9999998976, "scratch_bytes": 16000000000, "swap_bytes": 0, "wall_seconds": 3600}, "returncode": 0, "runner": {"path": "tools/fx2_explicit_lexical250k_v2.py", "sha256": "sha256:9c807dff5e0bb1a67abbed241bc38592ac4dfbff67a65fdfc6bab02539fe7b9a"}, "schema": "gamma.enwiki9.adaptive-job.v3", "scratch_directories": ["results/fx2_explicit_lexical250k_v2"], "started_at": "2026-09-16T05:20:31+00:00", "state": "completed", "submitted_at": "2026-09-16T05:14:09+00:00", "tags": [], "timing_authority": "diagnostic", "tool": "tools/fx2_explicit_lexical250k_v2.py", "tool_args": [], "worker_pid": 2464917, "worker_proc_start_ticks": 263216925, "worker_started_at": "2026-09-16T05:20:31+00:00"}], "refresh": {"candidate_audit.py": 0, "enwiki9_normalize_receipts.py": 0}}
