{
  "path": "operations/adaptive/reflections/20260915T025312Z_f55e6caa2e.json",
  "reflection": {
    "attribution": {
      "causalConfidence": "high",
      "controlsEquivalent": true,
      "failureClass": "algorithmic-loss",
      "localizedCause": "Same frozen article-local learner, one optional odds correction with eight bit-position posteriors; every parent probability and original update preserved."
    },
    "candidateId": "fx2_head_transport_opening250k_v2",
    "candidateRevision": {
      "candidateId": "fx2_head_transport_opening250k_v2",
      "candidateTreeSha256": "sha256:87965f6ecf701682878aa7bc46322e9dae366292c1c7bf8c41171f31f45c4322",
      "receipt": {
        "path": "operations/adaptive/candidate-revisions/fx2_head_transport_opening250k_v2/20260915T025312319705Z_87965f6ecf70.json",
        "sha256": "sha256:0ffea3824de92753ac6c33fc46335cb617073f8370ca12f860c2d38fc523516c"
      }
    },
    "decision": {
      "killPredicatesPass": true,
      "nextGateBytes": null,
      "promotionPredicatesPass": false,
      "rationale": "P=33429, K=33429, D=33430, S=33430; g_P=-1, g_S=0, local component net=-62958.",
      "verdict": "retire"
    },
    "evidence": [
      {
        "path": "operations/provenance/fx2_head_transport_terminal_20260915.json",
        "sha256": "sha256:0bae48fec8c7478ecc6b3202cd3490ddb6e03c1b3dffe5f32301db68556650a0"
      },
      {
        "path": "results/fx2_head_transport_opening250k_v2/decision.json",
        "sha256": "sha256:c4063bda1db02b37d91924787ad248468ba2725485a773ac463091fb010a6762"
      },
      {
        "path": "results/fx2_head_transport_opening250k_v2/terminal-index.json",
        "sha256": "sha256:bd1310827a59f4d1e5a015e34fb06d7c288ca3fec78d05b2cb5d8d1a14656fe0"
      }
    ],
    "experiment": {
      "path": "operations/adaptive/experiments/fx2_head_transport_opening250k_v2.json",
      "sha256": "sha256:5f78faa91079a3b70a9f3706ce9cbf7b6f9e5430a08f597fd62814748c3a7a20"
    },
    "generatedUtc": "2026-09-15T03:08:20+00:00",
    "hypothesis": {
      "rationale": "P=33429, K=33429, D=33430, S=33430; g_P=-1, g_S=0, local component net=-62958.",
      "verdict": "refuted"
    },
    "job": {
      "path": "operations/adaptive/completed/919_20260915T025312Z_f55e6caa2e.json",
      "sha256": "sha256:4fa485c7a59c7c0a87e3eb4ff49a439a400e62c301107abc2cbd4db524ca693b"
    },
    "knowledge": {
      "retiredDimensions": [],
      "transferableLessons": [
        "The corpus comparison measures whether this fixed neural correction helps final parent counts when every original predictor probability is preserved. Keep the mechanism, controls and full delivery cost separate from ideal component loss."
      ],
      "uncertainties": [
        "Independent confirmation, final source/runtime/license closure, full-corpus gain and cross-machine eligibility remain unmeasured."
      ]
    },
    "measurementAssertions": [
      {
        "field": "scopeBytes",
        "pointer": "/scopeBytes",
        "source": {
          "path": "operations/provenance/fx2_head_transport_terminal_20260915.json",
          "sha256": "sha256:0bae48fec8c7478ecc6b3202cd3490ddb6e03c1b3dffe5f32301db68556650a0"
        }
      },
      {
        "field": "scopeSymbols",
        "pointer": "/scopeSymbols",
        "source": {
          "path": "operations/provenance/fx2_head_transport_terminal_20260915.json",
          "sha256": "sha256:0bae48fec8c7478ecc6b3202cd3490ddb6e03c1b3dffe5f32301db68556650a0"
        }
      },
      {
        "field": "netBytesSaved",
        "pointer": "/g_P",
        "source": {
          "path": "operations/provenance/fx2_head_transport_terminal_20260915.json",
          "sha256": "sha256:0bae48fec8c7478ecc6b3202cd3490ddb6e03c1b3dffe5f32301db68556650a0"
        }
      },
      {
        "field": "sourceBytesDelta",
        "pointer": "/source_delta_bytes",
        "source": {
          "path": "operations/provenance/fx2_head_transport_terminal_20260915.json",
          "sha256": "sha256:0bae48fec8c7478ecc6b3202cd3490ddb6e03c1b3dffe5f32301db68556650a0"
        }
      }
    ],
    "measurements": {
      "idealBitsSaved": null,
      "memoryRatio": null,
      "minimumPartitionIdealBitsSaved": null,
      "netBytesSaved": -1,
      "positiveSegmentFraction": null,
      "runtimeRatio": null,
      "scopeBytes": 250000,
      "scopeSymbols": 151210,
      "sourceBytesDelta": 26071,
      "transferRetention": null
    },
    "objective": {
      "corpusBytes": 1000000000,
      "corpusSha256": "159b85351e5f76e60cbe32e04c677847a9ecba3adc79addab6f4c6c7aa3744bc",
      "objectiveDigest": "sha256:e91ff20e92c3cac8acb0cbe5c79fc8e8a3b427d7e151245c8eecc52b1c32fa00",
      "objectiveId": "gamma-enwiki9-hutter-90m-v3",
      "objectivePath": "contracts/research/v3/objective-contract.json",
      "targetScoreBytes": 90000000
    },
    "reflectionId": "r-20260915t025312z_f55e6caa2e",
    "schema": "gamma.enwiki9.reflection-receipt.v1",
    "validity": {
      "classification": "valid",
      "reasons": [
        "Native independent inverses and repeats, P/K released parity, every original parent probability and truth, identical frozen deep-feature/base-logit digests, K/D introduced head and transport states, prior learner replay, trace-on/off identity and discovery guards pass."
      ],
      "valid": true
    }
  }
}
{
  "job_id": "20260915T025312Z_f55e6caa2e",
  "arms": 4,
  "appended_rows": 4,
  "metadata_updated": true,
  "reflection": {
    "decision": "retire",
    "path": "operations/adaptive/reflections/20260915T025312Z_f55e6caa2e.json",
    "sha256": "sha256:499c0151746585743948988f4aeb64df9decf339667e1f8311923a065cb12fe6",
    "valid": true
  },
  "local_process_check": "same-boot-identities-checked",
  "publication": "recoverable-append-then-projection"
}
{"archive_bytes": {"P": 33429, "K": 33429, "D": 33430, "S": 33430}, "g_P": -1, "g_S": 0, "diagnostic_local_net_bytes": -62958, "state_boundaries_per_phase": 74, "verdict": "Archive regression.", "phase_count": 16}
