wrote projects/enwiki9/candidate_inventory.json
wrote projects/enwiki9/CANDIDATE_INVENTORY.md
Refresh profile: routine
Unselected historical views were not refreshed and may be stale. Run --profile full to regenerate and check them.
[ok] /usr/bin/python3 projects/enwiki9/tools/hutter_upper_bound_certificate.py
[ok] /usr/bin/python3 projects/enwiki9/tools/hutter_run_ledger.py
wrote /home/x/deco/gamma/projects/enwiki9/docs/hutter_run_ledger.json
wrote /home/x/deco/gamma/projects/enwiki9/docs/hutter_run_ledger.md
[ok] /usr/bin/python3 projects/enwiki9/tools/enwiki9_release_receipts.py
{"bundles": 4, "completeClosures": 1, "failedAttempts": 0, "objectiveAchievedReceipts": 0, "runReceipts": 0}
[ok] /usr/bin/python3 projects/enwiki9/tools/enwiki9_evidence_matrix.py
wrote /home/x/deco/gamma/projects/enwiki9/docs/evidence_matrix.md
[ok] /usr/bin/python3 projects/enwiki9/tools/enwiki9_best_results.py
wrote /home/x/deco/gamma/projects/enwiki9/docs/best_results.md
[ok] /usr/bin/python3 projects/enwiki9/tools/enwiki9_status_receipt.py --candidate-audit-snapshot /home/x/deco/gamma/projects/enwiki9/candidate_inventory.json --candidate-audit-sha256 fa6c435110566380e08b8f7a50a1689cfd94e441adf043a286a4d13a5a954709 --refresh-profile routine
wrote projects/enwiki9/docs/status_receipt.json
wrote projects/enwiki9/docs/status_receipt.md
[ok] /usr/bin/python3 projects/enwiki9/tools/enwiki9_ledger.py
{
  "generated_at": "2026-09-14T20:51:19+00:00",
  "algorithms": 1737,
  "programs": 1047,
  "proposals": 485,
  "runs": 2312,
  "mixes": 4,
  "notes": 574,
  "tools": 1174,
  "current_algorithms": 1036,
  "historical_algorithms": 701,
  "running": 0,
  "unverified_running": 0,
  "jobs": {
    "pending": 26,
    "running": 1,
    "completed": 388,
    "failed": 167,
    "cancelled": 318
  },
  "read_issues": 2
}
{"event": "claimed", "job_ids": ["20260914T204448Z_da9938b6c6"], "resources": {"load_1m": 1.692, "max_load": 32.0, "mem_available_mib": 65536, "min_free_mib": 2048}}
{"event": "batch_complete", "jobs": [{"candidate_id": "fx2_paid_odds_cost250k_v1", "candidate_revision": {"path": "operations/adaptive/candidate-revisions/fx2_paid_odds_cost250k_v1/20260914T204447855205Z_9e3c42043829.json", "sha256": "sha256:b3964ab03bfda2d9a7272b85047ca8591ae76b38793513f436e76d7a9d503762"}, "candidate_tree_sha256": "sha256:9e3c42043829ef1a59b67f6eb8ba45c27c05d52e9bd928c6c4d72b6b8c914266", "elapsed_seconds": 15.242, "execution_guard": {"path": "tools/run_with_resource_guard_v3.py", "sha256": "sha256:044147f7ffe6922ea8dafd52fc3d4426077b20958adbcd421245ad41adcfc1e4"}, "execution_mode": "discovery", "execution_resources": {"boot_id": "3ce46712-27bc-4199-8e48-e2b3d23926cb", "budget": {"cgroup_parent": "/sys/fs/cgroup/user.slice/user-1000.slice/user@1000.service/app.slice", "cpus": [2], "memory_bytes": 1073741824, "scratch_bytes": 16777216, "swap_bytes": 0, "wall_seconds": 360}, "cgroup_inode": 324377, "cgroup_path": "/sys/fs/cgroup/user.slice/user-1000.slice/user@1000.service/app.slice/gamma-enwiki9-20260914T204448Z_da9938b6c6", "cleanup_complete": true, "cpu_enforcement": "taskset-and-sampled-affinity-guard", "groups": [{"created": true, "inode": 324377, "kernel_cpuset": false, "memory_bytes": 1073741824, "path": "/sys/fs/cgroup/user.slice/user-1000.slice/user@1000.service/app.slice/gamma-enwiki9-20260914T204448Z_da9938b6c6"}], "guard_command_sha256": "d331ba998be4d545245f26a5361898deb5aa9c6d2881d8362c518ca1840f0c5b", "guard_path": "run_logs/adaptive/20260914T204448Z_da9938b6c6.resources/guard.json", "missing_diagnostics": ["kernel cpuset controller is not delegated; taskset assignment and existing affinity guard remain active"], "timing_authority": "diagnostic"}, "experiment": {"path": "operations/adaptive/experiments/fx2_paid_odds_cost250k_v1.json", "sha256": "sha256:91ae982b063440988fe981eb589f541dcc1e3127509c9ebc9596f1ea227ffd70"}, "finished_at": "2026-09-14T20:49:06+00:00", "gate_size": 250000, "held": false, "held_at": "2026-09-14T20:44:48+00:00", "hold_history": [{"at": "2026-09-14T20:44:48+00:00", "held": true, "reason": "Await source/ownership publication and fresh resource admission."}, {"at": "2026-09-14T20:48:50+00:00", "held": false, "reason": "Published source7a4eb731d and admission13431dec3; all22 inputs verified, CPU2 assigned, no exclusive live lease."}], "job_id": "20260914T204448Z_da9938b6c6", "log_path": "run_logs/adaptive/20260914T204448Z_da9938b6c6.log", "priority": 80, "proposal": {"path": "operations/adaptive/proposals/developed/949_fx2_paid_odds_cost250k_v1.json", "sha256": "sha256:f838ec9c520e6f6254f7c72830088722dca3a525698111524a1987f8392d8114"}, "proposal_id": "fx2_paid_odds_cost250k_v1", "purpose": "diagnostic", "released_at": "2026-09-14T20:48:50+00:00", "resource_budget": {"cgroup_parent": "/sys/fs/cgroup/user.slice/user-1000.slice/user@1000.service/app.slice", "cpus": [2], "memory_bytes": 1073741824, "scratch_bytes": 16777216, "swap_bytes": 0, "wall_seconds": 360}, "returncode": 0, "runner": {"path": "tools/fx2_paid_odds_cost_gate_v1.py", "sha256": "sha256:6c2119c952ee9213a8157c34c82d7666570ca848679273baee0a14d365a2186d"}, "schema": "gamma.enwiki9.adaptive-job.v3", "scratch_directories": ["results/fx2_paid_odds_cost250k_v1"], "started_at": "2026-09-14T20:48:50+00:00", "state": "completed", "submitted_at": "2026-09-14T20:44:48+00:00", "tags": [], "timing_authority": "diagnostic", "tool": "tools/fx2_paid_odds_cost_gate_v1.py", "tool_args": [], "worker_pid": 2582204, "worker_proc_start_ticks": 251506893, "worker_started_at": "2026-09-14T20:48:51+00:00"}], "refresh": {"candidate_audit.py": 0, "enwiki9_normalize_receipts.py": 0}}
