{
  "path": "operations/adaptive/reflections/20260915T233320Z_ae937ab947.json",
  "reflection": {
    "attribution": {
      "causalConfidence": "high",
      "controlsEquivalent": true,
      "failureClass": "algorithmic-gain",
      "localizedCause": "Removing unused LSTM/research paths in the fixed transformer profile reduces delivery without a measured archive change; this is a code-delivery contribution, not new predictive gain."
    },
    "candidateId": "fx2_trim_confirm1m_v1",
    "candidateRevision": {
      "candidateId": "fx2_trim_confirm1m_v1",
      "candidateTreeSha256": "sha256:7f68bd667bfd51a66975a36cc14cb9209dd2811832e2862e5f43f9fe74570307",
      "receipt": {
        "path": "operations/adaptive/candidate-revisions/fx2_trim_confirm1m_v1/20260915T233320249569Z_7f68bd667bfd.json",
        "sha256": "sha256:d27b35ba2986418cfb68f2fa60414dc74f0acf120270ca759a8e49b80d099943"
      }
    },
    "decision": {
      "killPredicatesPass": false,
      "nextGateBytes": 10000000,
      "promotionPredicatesPass": true,
      "rationale": "Retain immutable trimmed delivery for package/runtime/license closure and a separately frozen next-scale gate. No prediction gain or 90M forecast is inferred; no automatic full1G run.",
      "verdict": "next-gate"
    },
    "evidence": [
      {
        "path": "operations/provenance/fx2_trim_confirmation_terminal_20260915.json",
        "sha256": "sha256:01d6a8077d5b338ad3d83dfd3ef62b94e5ad30a6868f43170ada788a35b1955c"
      },
      {
        "path": "results/fx2_trim_confirm1m_v1/terminal-index.json",
        "sha256": "sha256:3d35d6d0dfc1767310427a17e94decd9c2c87587e440d3e3a437d178c5e0536a"
      }
    ],
    "experiment": {
      "path": "operations/adaptive/experiments/fx2_trim_confirm1m_v1.json",
      "sha256": "sha256:24532b80aced1e351e6041c5946456eabd0afe29c890f7c63107df5f684af72d"
    },
    "generatedUtc": "2026-09-15T23:57:00+00:00",
    "hypothesis": {
      "rationale": "Frozen trim-only source preserves the independently selected cold 1MB archive while saving 5,348 source ZIP bytes and 45,056 executable component bytes.",
      "verdict": "supported"
    },
    "job": {
      "path": "operations/adaptive/completed/919_20260915T233320Z_ae937ab947.json",
      "sha256": "sha256:e58589fe626529ad6c14084077a11aba6d4b851c051d17fbeff7edeb48909efd"
    },
    "knowledge": {
      "retiredDimensions": [],
      "transferableLessons": [
        "A measured source specialization can transfer without changing the predictor; confirm the actual released implementation and price source/executable forms separately."
      ],
      "uncertainties": [
        "The population is not globally unseen. Full probability/optimizer states, cross-CPU qualification, complete runtime/license/option/multiplicity accounting and full-corpus result remain unproved."
      ]
    },
    "measurementAssertions": [
      {
        "field": "scopeBytes",
        "pointer": "/scopeBytes",
        "source": {
          "path": "operations/provenance/fx2_trim_confirmation_terminal_20260915.json",
          "sha256": "sha256:01d6a8077d5b338ad3d83dfd3ef62b94e5ad30a6868f43170ada788a35b1955c"
        }
      },
      {
        "field": "scopeSymbols",
        "pointer": "/scopeSymbols",
        "source": {
          "path": "operations/provenance/fx2_trim_confirmation_terminal_20260915.json",
          "sha256": "sha256:01d6a8077d5b338ad3d83dfd3ef62b94e5ad30a6868f43170ada788a35b1955c"
        }
      },
      {
        "field": "netBytesSaved",
        "pointer": "/one_source_component_net_bytes",
        "source": {
          "path": "operations/provenance/fx2_trim_confirmation_terminal_20260915.json",
          "sha256": "sha256:01d6a8077d5b338ad3d83dfd3ef62b94e5ad30a6868f43170ada788a35b1955c"
        }
      }
    ],
    "measurements": {
      "idealBitsSaved": null,
      "memoryRatio": null,
      "minimumPartitionIdealBitsSaved": null,
      "netBytesSaved": 5348,
      "positiveSegmentFraction": null,
      "runtimeRatio": null,
      "scopeBytes": 1000000,
      "scopeSymbols": 1000000,
      "sourceBytesDelta": null,
      "transferRetention": null
    },
    "objective": {
      "corpusBytes": 1000000000,
      "corpusSha256": "159b85351e5f76e60cbe32e04c677847a9ecba3adc79addab6f4c6c7aa3744bc",
      "objectiveDigest": "sha256:e91ff20e92c3cac8acb0cbe5c79fc8e8a3b427d7e151245c8eecc52b1c32fa00",
      "objectiveId": "gamma-enwiki9-hutter-90m-v3",
      "objectivePath": "contracts/research/v3/objective-contract.json",
      "targetScoreBytes": 90000000
    },
    "reflectionId": "r-20260915t233320z_ae937ab947",
    "schema": "gamma.enwiki9.reflection-receipt.v1",
    "validity": {
      "classification": "valid",
      "reasons": [
        "All frozen inputs, 14 native phases, independent raw inverses, repeated archives, retained parent archive identity, clean build identities, preprocessing and resource/cleanup checks pass."
      ],
      "valid": true
    }
  }
}
{
  "job_id": "20260915T233320Z_ae937ab947",
  "arms": 2,
  "appended_rows": 2,
  "metadata_updated": true,
  "reflection": {
    "decision": "next-gate",
    "path": "operations/adaptive/reflections/20260915T233320Z_ae937ab947.json",
    "sha256": "sha256:853f478daa03ac1e1130907faaf432f24c2be55df85de78cd980d2f961eb1df7",
    "valid": true
  },
  "local_process_check": "same-boot-identities-checked",
  "publication": "recoverable-append-then-projection"
}
{"archive": 131238, "source_gain": 5348, "binary_gain": 45056}
