
Elf file type is DYN (Position-Independent Executable file)
Entry point 0x9520
There are 14 program headers, starting at offset 64

Program Headers:
  Type           Offset   VirtAddr           PhysAddr           FileSiz  MemSiz   Flg Align
  PHDR           0x000040 0x0000000000000040 0x0000000000000040 0x000310 0x000310 R   0x8
  INTERP         0x000374 0x0000000000000374 0x0000000000000374 0x00001c 0x00001c R   0x1
      [Requesting program interpreter: /lib64/ld-linux-x86-64.so.2]
  LOAD           0x000000 0x0000000000000000 0x0000000000000000 0x005270 0x005270 R   0x1000
  LOAD           0x006000 0x0000000000006000 0x0000000000006000 0x060a35 0x060a35 R E 0x1000
  LOAD           0x067000 0x0000000000067000 0x0000000000067000 0x00cfd8 0x00cfd8 R   0x1000
  LOAD           0x0744f0 0x00000000000744f0 0x00000000000744f0 0x001404 0x8f39b70 RW  0x1000
  DYNAMIC        0x074970 0x0000000000074970 0x0000000000074970 0x000220 0x000220 RW  0x8
  NOTE           0x000350 0x0000000000000350 0x0000000000000350 0x000024 0x000024 R   0x4
  NOTE           0x073f88 0x0000000000073f88 0x0000000000073f88 0x000030 0x000030 R   0x8
  NOTE           0x073fb8 0x0000000000073fb8 0x0000000000073fb8 0x000020 0x000020 R   0x4
  GNU_PROPERTY   0x073f88 0x0000000000073f88 0x0000000000073f88 0x000030 0x000030 R   0x8
  GNU_EH_FRAME   0x06dd1c 0x000000000006dd1c 0x000000000006dd1c 0x000d7c 0x000d7c R   0x4
  GNU_STACK      0x000000 0x0000000000000000 0x0000000000000000 0x000000 0x000000 RW  0x10
  GNU_RELRO      0x0744f0 0x00000000000744f0 0x00000000000744f0 0x000b10 0x000b10 R   0x1

 Section to Segment mapping:
  Segment Sections...
   00     
   01     .interp 
   02     .note.gnu.build-id .interp .gnu.hash .dynsym .dynstr .gnu.version .gnu.version_r .rela.dyn .rela.plt 
   03     .init .plt .plt.got .plt.sec .text .fini 
   04     .rodata .eh_frame_hdr .eh_frame .gcc_except_table .note.gnu.property .note.ABI-tag 
   05     .init_array .fini_array .data.rel.ro .dynamic .got .data .bss 
   06     .dynamic 
   07     .note.gnu.build-id 
   08     .note.gnu.property 
   09     .note.ABI-tag 
   10     .note.gnu.property 
   11     .eh_frame_hdr 
   12     
   13     .init_array .fini_array .data.rel.ro .dynamic .got 
