
Symbol table '.dynsym' contains 155 entries:
   Num:    Value          Size Type    Bind   Vis      Ndx Name
     0: 0000000000000000     0 NOTYPE  LOCAL  DEFAULT  UND 
     1: 0000000000000000     0 FUNC    GLOBAL DEFAULT  UND __printf_chk@GLIBC_2.3.4 (2)
     2: 0000000000000000     0 FUNC    GLOBAL DEFAULT  UND ftell@GLIBC_2.2.5 (3)
     3: 0000000000000000     0 FUNC    GLOBAL DEFAULT  UND _Znam@GLIBCXX_3.4 (4)
     4: 0000000000000000     0 FUNC    GLOBAL DEFAULT  UND _ZNSo3putEc@GLIBCXX_3.4 (4)
     5: 0000000000000000     0 FUNC    GLOBAL DEFAULT  UND __errno_location@GLIBC_2.2.5 (3)
     6: 0000000000000000     0 FUNC    GLOBAL DEFAULT  UND _ZNSt8__detail15_List_node_base7_M_hookEPS0_@GLIBCXX_3.4.15 (5)
     7: 0000000000000000     0 FUNC    GLOBAL DEFAULT  UND _ZNSt7__cxx1112basic_stringIcSt11char_traitsIcESaIcEE6appendEPKcm@GLIBCXX_3.4.21 (6)
     8: 0000000000000000     0 FUNC    GLOBAL DEFAULT  UND rewind@GLIBC_2.2.5 (3)
     9: 0000000000000000     0 FUNC    GLOBAL DEFAULT  UND ceil@GLIBC_2.2.5 (7)
    10: 0000000000000000     0 FUNC    GLOBAL DEFAULT  UND _ZSt11_Hash_bytesPKvmm@CXXABI_1.3.5 (8)
    11: 0000000000000000     0 FUNC    GLOBAL DEFAULT  UND _ZdlPvmSt11align_val_t@CXXABI_1.3.11 (9)
    12: 0000000000000000     0 FUNC    GLOBAL DEFAULT  UND strstr@GLIBC_2.2.5 (3)
    13: 0000000000000000     0 FUNC    GLOBAL DEFAULT  UND _ZNSt13basic_filebufIcSt11char_traitsIcEE5closeEv@GLIBCXX_3.4 (4)
    14: 0000000000000000     0 FUNC    GLOBAL DEFAULT  UND _ZNKSt12__basic_fileIcE7is_openEv@GLIBCXX_3.4 (4)
    15: 0000000000000000     0 FUNC    GLOBAL DEFAULT  UND _ZNSt7__cxx1112basic_stringIcSt11char_traitsIcESaIcEE6insertEmPKc@GLIBCXX_3.4.21 (6)
    16: 0000000000000000     0 FUNC    GLOBAL DEFAULT  UND __vfprintf_chk@GLIBC_2.3.4 (2)
    17: 0000000000000000     0 FUNC    GLOBAL DEFAULT  UND rand@GLIBC_2.2.5 (3)
    18: 0000000000000000     0 FUNC    GLOBAL DEFAULT  UND getc@GLIBC_2.2.5 (3)
    19: 0000000000000000     0 FUNC    GLOBAL DEFAULT  UND _ZNSt8ios_baseC2Ev@GLIBCXX_3.4 (4)
    20: 0000000000000000     0 FUNC    GLOBAL DEFAULT  UND _ZNSt7__cxx1112basic_stringIcSt11char_traitsIcESaIcEE9_M_appendEPKcm@GLIBCXX_3.4.21 (6)
    21: 0000000000000000     0 FUNC    GLOBAL DEFAULT  UND _ZNSt8ios_baseD2Ev@GLIBCXX_3.4 (4)
    22: 0000000000000000     0 FUNC    GLOBAL DEFAULT  UND strerror@GLIBC_2.2.5 (3)
    23: 0000000000000000     0 FUNC    GLOBAL DEFAULT  UND write@GLIBC_2.2.5 (3)
    24: 0000000000000000     0 FUNC    GLOBAL DEFAULT  UND _ZSt17__throw_bad_allocv@GLIBCXX_3.4 (4)
    25: 0000000000000000     0 FUNC    GLOBAL DEFAULT  UND strchr@GLIBC_2.2.5 (3)
    26: 0000000000000000     0 FUNC    GLOBAL DEFAULT  UND __cxa_begin_catch@CXXABI_1.3 (10)
    27: 0000000000000000     0 FUNC    GLOBAL DEFAULT  UND sincosf@GLIBC_2.2.5 (7)
    28: 0000000000000000     0 FUNC    GLOBAL DEFAULT  UND _ZNSt7__cxx1112basic_stringIcSt11char_traitsIcESaIcEEC1ERKS4_@GLIBCXX_3.4.21 (6)
    29: 0000000000000000     0 FUNC    GLOBAL DEFAULT  UND strlen@GLIBC_2.2.5 (3)
    30: 0000000000000000     0 FUNC    GLOBAL DEFAULT  UND memcmp@GLIBC_2.2.5 (3)
    31: 0000000000000000     0 FUNC    GLOBAL DEFAULT  UND malloc_trim@GLIBC_2.2.5 (3)
    32: 0000000000000000     0 FUNC    GLOBAL DEFAULT  UND _ZSt20__throw_length_errorPKc@GLIBCXX_3.4 (4)
    33: 0000000000000000     0 FUNC    GLOBAL DEFAULT  UND _ZNSt7__cxx1112basic_stringIcSt11char_traitsIcESaIcEE9_M_assignERKS4_@GLIBCXX_3.4.21 (6)
    34: 0000000000000000     0 FUNC    GLOBAL DEFAULT  UND memset@GLIBC_2.2.5 (3)
    35: 0000000000000000     0 FUNC    GLOBAL DEFAULT  UND abort@GLIBC_2.2.5 (3)
    36: 0000000000000000     0 FUNC    GLOBAL DEFAULT  UND munmap@GLIBC_2.2.5 (3)
    37: 0000000000000000     0 FUNC    GLOBAL DEFAULT  UND _ZNSt7__cxx1112basic_stringIcSt11char_traitsIcESaIcEEC1EOS4_@GLIBCXX_3.4.21 (6)
    38: 0000000000000000     0 FUNC    GLOBAL DEFAULT  UND fseeko@GLIBC_2.2.5 (3)
    39: 0000000000000000     0 FUNC    GLOBAL DEFAULT  UND __sprintf_chk@GLIBC_2.3.4 (2)
    40: 0000000000000000     0 FUNC    GLOBAL DEFAULT  UND _ZSt24__throw_invalid_argumentPKc@GLIBCXX_3.4 (4)
    41: 0000000000000000     0 FUNC    GLOBAL DEFAULT  UND __snprintf_chk@GLIBC_2.3.4 (2)
    42: 0000000000000000     0 FUNC    GLOBAL DEFAULT  UND __assert_fail@GLIBC_2.2.5 (3)
    43: 0000000000000000     0 FUNC    GLOBAL DEFAULT  UND calloc@GLIBC_2.2.5 (3)
    44: 0000000000000000     0 FUNC    GLOBAL DEFAULT  UND clock@GLIBC_2.2.5 (3)
    45: 0000000000000000     0 FUNC    GLOBAL DEFAULT  UND __fread_chk@GLIBC_2.7 (11)
    46: 0000000000000000     0 FUNC    GLOBAL DEFAULT  UND _ZNSo9_M_insertIyEERSoT_@GLIBCXX_3.4.9 (12)
    47: 0000000000000000     0 FUNC    GLOBAL DEFAULT  UND _ZNSo5flushEv@GLIBCXX_3.4 (4)
    48: 0000000000000000     0 OBJECT  GLOBAL DEFAULT  UND _ZTVN10__cxxabiv117__class_type_infoE@CXXABI_1.3 (10)
    49: 0000000000000000     0 FUNC    GLOBAL DEFAULT  UND _ZNKSt8__detail20_Prime_rehash_policy11_M_next_bktEm@GLIBCXX_3.4.18 (13)
    50: 0000000000000000     0 FUNC    GLOBAL DEFAULT  UND _ZSt19__throw_logic_errorPKc@GLIBCXX_3.4 (4)
    51: 0000000000000000     0 FUNC    GLOBAL DEFAULT  UND open@GLIBC_2.2.5 (3)
    52: 0000000000000000     0 FUNC    GLOBAL DEFAULT  UND __libc_start_main@GLIBC_2.34 (14)
    53: 0000000000000000     0 FUNC    GLOBAL DEFAULT  UND _ZSt28__throw_bad_array_new_lengthv@GLIBCXX_3.4.29 (15)
    54: 0000000000000000     0 FUNC    GLOBAL DEFAULT  UND log@GLIBC_2.29 (16)
    55: 0000000000000000     0 FUNC    GLOBAL DEFAULT  UND __memmove_chk@GLIBC_2.3.4 (2)
    56: 0000000000000000     0 FUNC    GLOBAL DEFAULT  UND memcpy@GLIBC_2.14 (17)
    57: 0000000000000000     0 FUNC    GLOBAL DEFAULT  UND _ZNSo5tellpEv@GLIBCXX_3.4 (4)
    58: 0000000000000000     0 FUNC    GLOBAL DEFAULT  UND system@GLIBC_2.2.5 (3)
    59: 0000000000000000     0 FUNC    GLOBAL DEFAULT  UND _ZNSt7__cxx1112basic_stringIcSt11char_traitsIcESaIcEE9push_backEc@GLIBCXX_3.4.21 (6)
    60: 0000000000000000     0 FUNC    GLOBAL DEFAULT  UND __cxa_atexit@GLIBC_2.2.5 (3)
    61: 0000000000000000     0 FUNC    GLOBAL DEFAULT  UND _ZNSt13basic_filebufIcSt11char_traitsIcEE4openEPKcSt13_Ios_Openmode@GLIBCXX_3.4 (4)
    62: 0000000000000000     0 FUNC    GLOBAL DEFAULT  UND stat@GLIBC_2.33 (18)
    63: 0000000000000000     0 FUNC    GLOBAL DEFAULT  UND chmod@GLIBC_2.2.5 (3)
    64: 0000000000000000     0 FUNC    GLOBAL DEFAULT  UND _ZdlPv@GLIBCXX_3.4 (4)
    65: 0000000000000000     0 FUNC    GLOBAL DEFAULT  UND srand@GLIBC_2.2.5 (3)
    66: 0000000000000000     0 FUNC    GLOBAL DEFAULT  UND fclose@GLIBC_2.2.5 (3)
    67: 0000000000000000     0 FUNC    GLOBAL DEFAULT  UND _Znwm@GLIBCXX_3.4 (4)
    68: 0000000000000000     0 FUNC    GLOBAL DEFAULT  UND _ZdlPvm@CXXABI_1.3.9 (19)
    69: 0000000000000000     0 FUNC    GLOBAL DEFAULT  UND roundf@GLIBC_2.2.5 (7)
    70: 0000000000000000     0 FUNC    GLOBAL DEFAULT  UND _ZNSt13basic_filebufIcSt11char_traitsIcEEC1Ev@GLIBCXX_3.4 (4)
    71: 0000000000000000     0 FUNC    GLOBAL DEFAULT  UND _ZNKSt7__cxx1112basic_stringIcSt11char_traitsIcESaIcEE6substrEmm@GLIBCXX_3.4.21 (6)
    72: 0000000000000000     0 FUNC    GLOBAL DEFAULT  UND _ZnwmSt11align_val_t@CXXABI_1.3.11 (9)
    73: 0000000000000000     0 FUNC    GLOBAL DEFAULT  UND fseek@GLIBC_2.2.5 (3)
    74: 0000000000000000     0 FUNC    GLOBAL DEFAULT  UND memchr@GLIBC_2.2.5 (3)
    75: 0000000000000000     0 FUNC    GLOBAL DEFAULT  UND __stack_chk_fail@GLIBC_2.4 (20)
    76: 0000000000000000     0 FUNC    GLOBAL DEFAULT  UND __dynamic_cast@CXXABI_1.3 (10)
    77: 0000000000000000     0 FUNC    GLOBAL DEFAULT  UND _ZSt16__ostream_insertIcSt11char_traitsIcEERSt13basic_ostreamIT_T0_ES6_PKS3_l@GLIBCXX_3.4.9 (12)
    78: 0000000000000000     0 FUNC    GLOBAL DEFAULT  UND _ZNKSt5ctypeIcE13_M_widen_initEv@GLIBCXX_3.4.11 (21)
    79: 0000000000000000     0 FUNC    GLOBAL DEFAULT  UND _ZNSt7__cxx1112basic_stringIcSt11char_traitsIcESaIcEE12_M_constructEmc@GLIBCXX_3.4.21 (6)
    80: 0000000000000000     0 FUNC    GLOBAL DEFAULT  UND fflush@GLIBC_2.2.5 (3)
    81: 0000000000000000     0 FUNC    GLOBAL DEFAULT  UND fopen@GLIBC_2.2.5 (3)
    82: 0000000000000000     0 FUNC    GLOBAL DEFAULT  UND _ZNSt7__cxx1112basic_stringIcSt11char_traitsIcESaIcEE8_M_eraseEmm@GLIBCXX_3.4.21 (6)
    83: 0000000000000000     0 FUNC    GLOBAL DEFAULT  UND free@GLIBC_2.2.5 (3)
    84: 0000000000000000     0 FUNC    GLOBAL DEFAULT  UND _ZNSi3getEv@GLIBCXX_3.4 (4)
    85: 0000000000000000     0 FUNC    GLOBAL DEFAULT  UND madvise@GLIBC_2.2.5 (3)
    86: 0000000000000000     0 FUNC    GLOBAL DEFAULT  UND exit@GLIBC_2.2.5 (3)
    87: 0000000000000000     0 FUNC    GLOBAL DEFAULT  UND _ZNSt7__cxx1112basic_stringIcSt11char_traitsIcESaIcEE10_M_disposeEv@GLIBCXX_3.4.21 (6)
    88: 0000000000000000     0 FUNC    GLOBAL DEFAULT  UND ftello@GLIBC_2.2.5 (3)
    89: 0000000000000000     0 FUNC    GLOBAL DEFAULT  UND _ZNSi4readEPcl@GLIBCXX_3.4 (4)
    90: 0000000000000000     0 FUNC    GLOBAL DEFAULT  UND _ZSt16__throw_bad_castv@GLIBCXX_3.4 (4)
    91: 0000000000000000     0 FUNC    GLOBAL DEFAULT  UND _ZdaPv@GLIBCXX_3.4 (4)
    92: 0000000000000000     0 OBJECT  GLOBAL DEFAULT  UND _ZTVN10__cxxabiv120__si_class_type_infoE@CXXABI_1.3 (10)
    93: 0000000000000000     0 FUNC    GLOBAL DEFAULT  UND _ZdlPvSt11align_val_t@CXXABI_1.3.11 (9)
    94: 0000000000000000     0 FUNC    GLOBAL DEFAULT  UND _ZNSo5writeEPKcl@GLIBCXX_3.4 (4)
    95: 0000000000000000     0 FUNC    GLOBAL DEFAULT  UND _ZNKSt8__detail20_Prime_rehash_policy14_M_need_rehashEmmm@GLIBCXX_3.4.18 (13)
    96: 0000000000000000     0 FUNC    GLOBAL DEFAULT  UND _ZNSt6chrono3_V212steady_clock3nowEv@GLIBCXX_3.4.19 (22)
    97: 0000000000000000     0 FUNC    GLOBAL DEFAULT  UND malloc@GLIBC_2.2.5 (3)
    98: 0000000000000000     0 FUNC    GLOBAL DEFAULT  UND _ZNSt9basic_iosIcSt11char_traitsIcEE4initEPSt15basic_streambufIcS1_E@GLIBCXX_3.4 (4)
    99: 0000000000000000     0 FUNC    GLOBAL DEFAULT  UND _ZNSi5seekgElSt12_Ios_Seekdir@GLIBCXX_3.4 (4)
   100: 0000000000000000     0 FUNC    GLOBAL DEFAULT  UND __memset_chk@GLIBC_2.3.4 (2)
   101: 0000000000000000     0 FUNC    GLOBAL DEFAULT  UND tmpfile@GLIBC_2.2.5 (3)
   102: 0000000000000000     0 FUNC    GLOBAL DEFAULT  UND _ZNKSt7__cxx1112basic_stringIcSt11char_traitsIcESaIcEE5rfindEPKcmm@GLIBCXX_3.4.21 (6)
   103: 0000000000000000     0 FUNC    GLOBAL DEFAULT  UND strcmp@GLIBC_2.2.5 (3)
   104: 0000000000000000     0 FUNC    GLOBAL DEFAULT  UND _ZNSt6localeD1Ev@GLIBCXX_3.4 (4)
   105: 0000000000000000     0 FUNC    GLOBAL DEFAULT  UND _ZSt20__throw_out_of_rangePKc@GLIBCXX_3.4 (4)
   106: 0000000000000000     0 FUNC    GLOBAL DEFAULT  UND __cxa_rethrow@CXXABI_1.3 (10)
   107: 0000000000000000     0 FUNC    GLOBAL DEFAULT  UND fread@GLIBC_2.2.5 (3)
   108: 0000000000000000     0 FUNC    GLOBAL DEFAULT  UND _ZSt24__throw_out_of_range_fmtPKcz@GLIBCXX_3.4.20 (23)
   109: 0000000000000000     0 FUNC    GLOBAL DEFAULT  UND _ZNSt7__cxx1112basic_stringIcSt11char_traitsIcESaIcEE10_M_replaceEmmPKcm@GLIBCXX_3.4.21 (6)
   110: 0000000000000000     0 FUNC    GLOBAL DEFAULT  UND feof@GLIBC_2.2.5 (3)
   111: 0000000000000000     0 FUNC    GLOBAL DEFAULT  UND powf@GLIBC_2.27 (24)
   112: 0000000000000000     0 FUNC    GLOBAL DEFAULT  UND _ZNSt7__cxx1112basic_stringIcSt11char_traitsIcESaIcEE7reserveEm@GLIBCXX_3.4.21 (6)
   113: 0000000000000000     0 FUNC    GLOBAL DEFAULT  UND tanhf@GLIBC_2.2.5 (7)
   114: 0000000000000000     0 FUNC    GLOBAL DEFAULT  UND memmove@GLIBC_2.2.5 (3)
   115: 0000000000000000     0 FUNC    GLOBAL DEFAULT  UND _ZNSt8__detail15_List_node_base9_M_unhookEv@GLIBCXX_3.4.15 (5)
   116: 0000000000000000     0 FUNC    GLOBAL DEFAULT  UND __cxa_end_catch@CXXABI_1.3 (10)
   117: 0000000000000000     0 FUNC    GLOBAL DEFAULT  UND __fprintf_chk@GLIBC_2.3.4 (2)
   118: 0000000000000000     0 FUNC    GLOBAL DEFAULT  UND __gxx_personality_v0@CXXABI_1.3 (10)
   119: 0000000000000000     0 FUNC    GLOBAL DEFAULT  UND expf@GLIBC_2.27 (24)
   120: 0000000000000000     0 FUNC    GLOBAL DEFAULT  UND __memcpy_chk@GLIBC_2.3.4 (2)
   121: 0000000000000000     0 FUNC    GLOBAL DEFAULT  UND _ZNSt9basic_iosIcSt11char_traitsIcEE5clearESt12_Ios_Iostate@GLIBCXX_3.4 (4)
   122: 0000000000000000     0 FUNC    GLOBAL DEFAULT  UND _ZNSi5tellgEv@GLIBCXX_3.4 (4)
   123: 0000000000000000     0 FUNC    GLOBAL DEFAULT  UND _ZNSt7__cxx1112basic_stringIcSt11char_traitsIcESaIcEE7_S_copyEPcPKcm@GLIBCXX_3.4.21 (6)
   124: 0000000000000000     0 FUNC    GLOBAL DEFAULT  UND pow@GLIBC_2.29 (16)
   125: 0000000000000000     0 OBJECT  GLOBAL DEFAULT  UND _ZTVN10__cxxabiv121__vmi_class_type_infoE@CXXABI_1.3 (10)
   126: 0000000000000000     0 NOTYPE  WEAK   DEFAULT  UND _ITM_deregisterTMCloneTable
   127: 0000000000000000     0 FUNC    GLOBAL DEFAULT  UND _Unwind_Resume@GCC_3.0 (25)
   128: 0000000000000000     0 FUNC    GLOBAL DEFAULT  UND mmap@GLIBC_2.2.5 (3)
   129: 0000000000000000     0 FUNC    GLOBAL DEFAULT  UND exp@GLIBC_2.29 (16)
   130: 0000000000000000     0 FUNC    GLOBAL DEFAULT  UND _ZNSt7__cxx1112basic_stringIcSt11char_traitsIcESaIcEE9_M_createERmm@GLIBCXX_3.4.21 (6)
   131: 0000000000000000     0 FUNC    GLOBAL DEFAULT  UND remove@GLIBC_2.2.5 (3)
   132: 0000000000000000     0 FUNC    GLOBAL DEFAULT  UND _ZSt7getlineIcSt11char_traitsIcESaIcEERSt13basic_istreamIT_T0_ES7_RNSt7__cxx1112basic_stringIS4_S5_T1_EES4_@GLIBCXX_3.4.21 (6)
   133: 0000000000000000     0 FUNC    GLOBAL DEFAULT  UND _ZNSt12__basic_fileIcED1Ev@GLIBCXX_3.4 (4)
   134: 0000000000000000     0 FUNC    GLOBAL DEFAULT  UND lseek@GLIBC_2.2.5 (3)
   135: 0000000000000000     0 FUNC    GLOBAL DEFAULT  UND logf@GLIBC_2.27 (24)
   136: 0000000000000000     0 NOTYPE  WEAK   DEFAULT  UND __gmon_start__
   137: 0000000000000000     0 NOTYPE  WEAK   DEFAULT  UND _ITM_registerTMCloneTable
   138: 0000000000000000     0 FUNC    GLOBAL DEFAULT  UND putc@GLIBC_2.2.5 (3)
   139: 0000000000000000     0 FUNC    GLOBAL DEFAULT  UND fmemopen@GLIBC_2.22 (26)
   140: 0000000000000000     0 FUNC    GLOBAL DEFAULT  UND fwrite@GLIBC_2.2.5 (3)
   141: 0000000000000000     0 FUNC    GLOBAL DEFAULT  UND close@GLIBC_2.2.5 (3)
   142: 0000000000000000     0 FUNC    GLOBAL DEFAULT  UND __isoc23_strtol@GLIBC_2.38 (27)
   143: 0000000000075900     8 OBJECT  GLOBAL DEFAULT   28 stdout@GLIBC_2.2.5 (3)
   144: 0000000000000000     0 FUNC    WEAK   DEFAULT  UND __cxa_finalize@GLIBC_2.2.5 (3)
   145: 0000000000074768   128 OBJECT  WEAK   DEFAULT   24 _ZTVSt13basic_filebufIcSt11char_traitsIcEE@GLIBCXX_3.4 (4)
   146: 00000000000747e8    80 OBJECT  WEAK   DEFAULT   24 _ZTVSt14basic_ofstreamIcSt11char_traitsIcEE@GLIBCXX_3.4 (4)
   147: 0000000000074658    32 OBJECT  WEAK   DEFAULT   24 _ZTVSt9basic_iosIcSt11char_traitsIcEE@GLIBCXX_3.4 (4)
   148: 0000000000075a60     8 OBJECT  GLOBAL DEFAULT   28 stderr@GLIBC_2.2.5 (3)
   149: 0000000000074838    32 OBJECT  WEAK   DEFAULT   24 _ZTTSt14basic_ifstreamIcSt11char_traitsIcEE@GLIBCXX_3.4 (4)
   150: 0000000000074678   128 OBJECT  WEAK   DEFAULT   24 _ZTVSt15basic_streambufIcSt11char_traitsIcEE@GLIBCXX_3.4 (4)
   151: 00000000000746f8    32 OBJECT  WEAK   DEFAULT   24 _ZTTSt14basic_ofstreamIcSt11char_traitsIcEE@GLIBCXX_3.4 (4)
   152: 000000000003faf0     7 FUNC    WEAK   DEFAULT   14 _ZNKSt5ctypeIcE8do_widenEc
   153: 0000000000074718    80 OBJECT  WEAK   DEFAULT   24 _ZTVSt14basic_ifstreamIcSt11char_traitsIcEE@GLIBCXX_3.4 (4)
   154: 0000000000075940   272 OBJECT  GLOBAL DEFAULT   28 _ZSt4cout@GLIBCXX_3.4 (4)
