wrote projects/enwiki9/candidate_inventory.json
wrote projects/enwiki9/CANDIDATE_INVENTORY.md
Refresh profile: routine
Unselected historical views were not refreshed and may be stale. Run --profile full to regenerate and check them.
[ok] /usr/bin/python3 projects/enwiki9/tools/hutter_upper_bound_certificate.py
[ok] /usr/bin/python3 projects/enwiki9/tools/hutter_run_ledger.py
wrote /home/x/deco/gamma/projects/enwiki9/docs/hutter_run_ledger.json
wrote /home/x/deco/gamma/projects/enwiki9/docs/hutter_run_ledger.md
[ok] /usr/bin/python3 projects/enwiki9/tools/enwiki9_release_receipts.py
{"bundles": 4, "completeClosures": 1, "failedAttempts": 0, "objectiveAchievedReceipts": 0, "runReceipts": 0}
[ok] /usr/bin/python3 projects/enwiki9/tools/enwiki9_evidence_matrix.py
wrote /home/x/deco/gamma/projects/enwiki9/docs/evidence_matrix.md
[ok] /usr/bin/python3 projects/enwiki9/tools/enwiki9_best_results.py
wrote /home/x/deco/gamma/projects/enwiki9/docs/best_results.md
[ok] /usr/bin/python3 projects/enwiki9/tools/enwiki9_status_receipt.py --candidate-audit-snapshot /home/x/deco/gamma/projects/enwiki9/candidate_inventory.json --candidate-audit-sha256 a01761a410994667093993c60e89dd9291aad0dcc36a11bca48441ffbe3c4b4f --refresh-profile routine
wrote projects/enwiki9/docs/status_receipt.json
wrote projects/enwiki9/docs/status_receipt.md
[ok] /usr/bin/python3 projects/enwiki9/tools/enwiki9_ledger.py
{
  "generated_at": "2026-09-16T02:21:20+00:00",
  "algorithms": 1763,
  "programs": 1071,
  "proposals": 509,
  "runs": 2352,
  "mixes": 4,
  "notes": 574,
  "tools": 1223,
  "current_algorithms": 1050,
  "historical_algorithms": 713,
  "running": 0,
  "unverified_running": 0,
  "jobs": {
    "pending": 28,
    "running": 1,
    "completed": 403,
    "failed": 174,
    "cancelled": 318
  },
  "read_issues": 2
}
{"event": "claimed", "job_ids": ["20260916T001115Z_84b4efcdfd"], "resources": {"load_1m": 0.319, "max_load": 32.0, "mem_available_mib": 63524, "min_free_mib": 2048}}
{"event": "batch_complete", "jobs": [{"candidate_id": "fx2_trim_scale10m_v1", "candidate_revision": {"path": "operations/adaptive/candidate-revisions/fx2_trim_scale10m_v1/20260916T001114715483Z_4b6821f1d47c.json", "sha256": "sha256:bcf772c609a80001e6d66f7f540017bf27dbc5ec3a81037235b9263959cbb7c0"}, "candidate_tree_sha256": "sha256:4b6821f1d47ce527982ee4992993a4712cc1a528efa3c21ae306dcd8b3ff3384", "elapsed_seconds": 6958.486, "execution_guard": {"path": "tools/run_with_resource_guard_v3.py", "sha256": "sha256:044147f7ffe6922ea8dafd52fc3d4426077b20958adbcd421245ad41adcfc1e4"}, "execution_mode": "discovery", "execution_resources": {"boot_id": "3ce46712-27bc-4199-8e48-e2b3d23926cb", "budget": {"cgroup_parent": "/sys/fs/cgroup/user.slice/user-1000.slice/user@1000.service/app.slice", "cpus": [2], "memory_bytes": 9999998976, "scratch_bytes": 16000000000, "swap_bytes": 0, "wall_seconds": 24000}, "cgroup_inode": 336915, "cgroup_path": "/sys/fs/cgroup/user.slice/user-1000.slice/user@1000.service/app.slice/gamma-enwiki9-20260916T001115Z_84b4efcdfd", "cleanup_complete": true, "cpu_enforcement": "taskset-and-sampled-affinity-guard", "groups": [{"created": true, "inode": 336915, "kernel_cpuset": false, "memory_bytes": 9999998976, "path": "/sys/fs/cgroup/user.slice/user-1000.slice/user@1000.service/app.slice/gamma-enwiki9-20260916T001115Z_84b4efcdfd"}], "guard_command_sha256": "87b0b440dc65c5738f3cbb84447dbc077a97153c71b281ae8f80c5e1a9fe15ca", "guard_path": "run_logs/adaptive/20260916T001115Z_84b4efcdfd.resources/guard.json", "missing_diagnostics": ["kernel cpuset controller is not delegated; taskset assignment and existing affinity guard remain active"], "timing_authority": "diagnostic"}, "experiment": {"path": "operations/adaptive/experiments/fx2_trim_scale10m_v1.json", "sha256": "sha256:50c36f73237ae77373c2e37aae0f5032a910e906bdc4d0e002bd91a4f9aa26c0"}, "finished_at": "2026-09-16T02:19:01+00:00", "gate_size": 10000000, "held": false, "held_at": "2026-09-16T00:11:15+00:00", "hold_history": [{"at": "2026-09-16T00:11:15+00:00", "held": true, "reason": "Publish the frozen 10MB contract and ownership, then fresh CPU2 resource admission; no source or coefficient tuning."}, {"at": "2026-09-16T00:23:02+00:00", "held": false, "reason": "Published 70d78540c; all24 frozen inputs verified on disk and origin. Fresh CPU2/memory/scratch admission. Unchanged native original/trimmed opening10MB comparison only."}], "job_id": "20260916T001115Z_84b4efcdfd", "log_path": "run_logs/adaptive/20260916T001115Z_84b4efcdfd.log", "priority": 80, "proposal": {"path": "operations/adaptive/proposals/developed/949_fx2_trim_scale10m_v1.json", "sha256": "sha256:fb4092f362b4075ffd26a23f84ef64688ada90019550b0bdcf3f9a194f6791c0"}, "proposal_id": "fx2_trim_scale10m_v1", "purpose": "diagnostic", "released_at": "2026-09-16T00:23:02+00:00", "resource_budget": {"cgroup_parent": "/sys/fs/cgroup/user.slice/user-1000.slice/user@1000.service/app.slice", "cpus": [2], "memory_bytes": 9999998976, "scratch_bytes": 16000000000, "swap_bytes": 0, "wall_seconds": 24000}, "returncode": 0, "runner": {"path": "tools/fx2_trim_scale10m_v1.py", "sha256": "sha256:68c723e976b77ec6e810e67fbeb6b4b92bac266dabe83aa6846738c2c661bee4"}, "schema": "gamma.enwiki9.adaptive-job.v3", "scratch_directories": ["results/fx2_trim_scale10m_v1"], "started_at": "2026-09-16T00:23:02+00:00", "state": "completed", "submitted_at": "2026-09-16T00:11:15+00:00", "tags": [], "timing_authority": "diagnostic", "tool": "tools/fx2_trim_scale10m_v1.py", "tool_args": [], "worker_pid": 3421475, "worker_proc_start_ticks": 261432062, "worker_started_at": "2026-09-16T00:23:02+00:00"}], "refresh": {"candidate_audit.py": 0, "enwiki9_normalize_receipts.py": 0}}
