
Version symbols section '.gnu.version' contains 155 entries:
 Addr: 0x0000000000002228  Offset: 0x00002228  Link: 4 (.dynsym)
  000:   0 (*local*)       2 (GLIBC_2.3.4)   3 (GLIBC_2.2.5)   4 (GLIBCXX_3.4)
  004:   4 (GLIBCXX_3.4)   3 (GLIBC_2.2.5)   5 (GLIBCXX_3.4.15)    6 (GLIBCXX_3.4.21) 
  008:   3 (GLIBC_2.2.5)   7 (GLIBC_2.2.5)   8 (CXXABI_1.3.5)   9 (CXXABI_1.3.11)
  00c:   3 (GLIBC_2.2.5)   4 (GLIBCXX_3.4)   4 (GLIBCXX_3.4)   6 (GLIBCXX_3.4.21) 
  010:   2 (GLIBC_2.3.4)   3 (GLIBC_2.2.5)   3 (GLIBC_2.2.5)   4 (GLIBCXX_3.4)
  014:   6 (GLIBCXX_3.4.21)    4 (GLIBCXX_3.4)   3 (GLIBC_2.2.5)   3 (GLIBC_2.2.5)
  018:   4 (GLIBCXX_3.4)   3 (GLIBC_2.2.5)   a (CXXABI_1.3)    7 (GLIBC_2.2.5)
  01c:   6 (GLIBCXX_3.4.21)    3 (GLIBC_2.2.5)   3 (GLIBC_2.2.5)   3 (GLIBC_2.2.5)
  020:   4 (GLIBCXX_3.4)   6 (GLIBCXX_3.4.21)    3 (GLIBC_2.2.5)   3 (GLIBC_2.2.5)
  024:   3 (GLIBC_2.2.5)   6 (GLIBCXX_3.4.21)    3 (GLIBC_2.2.5)   2 (GLIBC_2.3.4)
  028:   4 (GLIBCXX_3.4)   2 (GLIBC_2.3.4)   3 (GLIBC_2.2.5)   3 (GLIBC_2.2.5)
  02c:   3 (GLIBC_2.2.5)   b (GLIBC_2.7)     c (GLIBCXX_3.4.9)   4 (GLIBCXX_3.4)
  030:   a (CXXABI_1.3)    d (GLIBCXX_3.4.18)    4 (GLIBCXX_3.4)   3 (GLIBC_2.2.5)
  034:   e (GLIBC_2.34)    f (GLIBCXX_3.4.29)   10 (GLIBC_2.29)    2 (GLIBC_2.3.4)
  038:  11 (GLIBC_2.14)    4 (GLIBCXX_3.4)   3 (GLIBC_2.2.5)   6 (GLIBCXX_3.4.21) 
  03c:   3 (GLIBC_2.2.5)   4 (GLIBCXX_3.4)  12 (GLIBC_2.33)    3 (GLIBC_2.2.5)
  040:   4 (GLIBCXX_3.4)   3 (GLIBC_2.2.5)   3 (GLIBC_2.2.5)   4 (GLIBCXX_3.4)
  044:  13 (CXXABI_1.3.9)   7 (GLIBC_2.2.5)   4 (GLIBCXX_3.4)   6 (GLIBCXX_3.4.21) 
  048:   9 (CXXABI_1.3.11)   3 (GLIBC_2.2.5)   3 (GLIBC_2.2.5)  14 (GLIBC_2.4)  
  04c:   a (CXXABI_1.3)    c (GLIBCXX_3.4.9)  15 (GLIBCXX_3.4.11)    6 (GLIBCXX_3.4.21) 
  050:   3 (GLIBC_2.2.5)   3 (GLIBC_2.2.5)   6 (GLIBCXX_3.4.21)    3 (GLIBC_2.2.5)
  054:   4 (GLIBCXX_3.4)   3 (GLIBC_2.2.5)   3 (GLIBC_2.2.5)   6 (GLIBCXX_3.4.21) 
  058:   3 (GLIBC_2.2.5)   4 (GLIBCXX_3.4)   4 (GLIBCXX_3.4)   4 (GLIBCXX_3.4)
  05c:   a (CXXABI_1.3)    9 (CXXABI_1.3.11)   4 (GLIBCXX_3.4)   d (GLIBCXX_3.4.18) 
  060:  16 (GLIBCXX_3.4.19)    3 (GLIBC_2.2.5)   4 (GLIBCXX_3.4)   4 (GLIBCXX_3.4)
  064:   2 (GLIBC_2.3.4)   3 (GLIBC_2.2.5)   6 (GLIBCXX_3.4.21)    3 (GLIBC_2.2.5)
  068:   4 (GLIBCXX_3.4)   4 (GLIBCXX_3.4)   a (CXXABI_1.3)    3 (GLIBC_2.2.5)
  06c:  17 (GLIBCXX_3.4.20)    6 (GLIBCXX_3.4.21)    3 (GLIBC_2.2.5)  18 (GLIBC_2.27) 
  070:   6 (GLIBCXX_3.4.21)    7 (GLIBC_2.2.5)   3 (GLIBC_2.2.5)   5 (GLIBCXX_3.4.15) 
  074:   a (CXXABI_1.3)    2 (GLIBC_2.3.4)   a (CXXABI_1.3)   18 (GLIBC_2.27) 
  078:   2 (GLIBC_2.3.4)   4 (GLIBCXX_3.4)   4 (GLIBCXX_3.4)   6 (GLIBCXX_3.4.21) 
  07c:  10 (GLIBC_2.29)    a (CXXABI_1.3)    0 (*local*)      19 (GCC_3.0)    
  080:   3 (GLIBC_2.2.5)  10 (GLIBC_2.29)    6 (GLIBCXX_3.4.21)    3 (GLIBC_2.2.5)
  084:   6 (GLIBCXX_3.4.21)    4 (GLIBCXX_3.4)   3 (GLIBC_2.2.5)  18 (GLIBC_2.27) 
  088:   0 (*local*)       0 (*local*)       3 (GLIBC_2.2.5)  1a (GLIBC_2.22) 
  08c:   3 (GLIBC_2.2.5)   3 (GLIBC_2.2.5)  1b (GLIBC_2.38)    3 (GLIBC_2.2.5)
  090:   3 (GLIBC_2.2.5)   4 (GLIBCXX_3.4)   4 (GLIBCXX_3.4)   4 (GLIBCXX_3.4)
  094:   3 (GLIBC_2.2.5)   4 (GLIBCXX_3.4)   4 (GLIBCXX_3.4)   4 (GLIBCXX_3.4)
  098:   1 (*global*)      4 (GLIBCXX_3.4)   4 (GLIBCXX_3.4)

Version needs section '.gnu.version_r' contains 4 entries:
 Addr: 0x0000000000002360  Offset: 0x00002360  Link: 5 (.dynstr)
  000000: Version: 1  File: libgcc_s.so.1  Cnt: 1
  0x0010:   Name: GCC_3.0  Flags: none  Version: 25
  0x0020: Version: 1  File: libm.so.6  Cnt: 3
  0x0030:   Name: GLIBC_2.27  Flags: none  Version: 24
  0x0040:   Name: GLIBC_2.29  Flags: none  Version: 16
  0x0050:   Name: GLIBC_2.2.5  Flags: none  Version: 7
  0x0060: Version: 1  File: libstdc++.so.6  Cnt: 13
  0x0070:   Name: GLIBCXX_3.4.20  Flags: none  Version: 23
  0x0080:   Name: GLIBCXX_3.4.19  Flags: none  Version: 22
  0x0090:   Name: GLIBCXX_3.4.11  Flags: none  Version: 21
  0x00a0:   Name: CXXABI_1.3.9  Flags: none  Version: 19
  0x00b0:   Name: GLIBCXX_3.4.29  Flags: none  Version: 15
  0x00c0:   Name: GLIBCXX_3.4.18  Flags: none  Version: 13
  0x00d0:   Name: GLIBCXX_3.4.9  Flags: none  Version: 12
  0x00e0:   Name: CXXABI_1.3  Flags: none  Version: 10
  0x00f0:   Name: CXXABI_1.3.11  Flags: none  Version: 9
  0x0100:   Name: CXXABI_1.3.5  Flags: none  Version: 8
  0x0110:   Name: GLIBCXX_3.4.21  Flags: none  Version: 6
  0x0120:   Name: GLIBCXX_3.4.15  Flags: none  Version: 5
  0x0130:   Name: GLIBCXX_3.4  Flags: none  Version: 4
  0x0140: Version: 1  File: libc.so.6  Cnt: 9
  0x0150:   Name: GLIBC_2.38  Flags: none  Version: 27
  0x0160:   Name: GLIBC_2.22  Flags: none  Version: 26
  0x0170:   Name: GLIBC_2.4  Flags: none  Version: 20
  0x0180:   Name: GLIBC_2.33  Flags: none  Version: 18
  0x0190:   Name: GLIBC_2.14  Flags: none  Version: 17
  0x01a0:   Name: GLIBC_2.34  Flags: none  Version: 14
  0x01b0:   Name: GLIBC_2.7  Flags: none  Version: 11
  0x01c0:   Name: GLIBC_2.2.5  Flags: none  Version: 3
  0x01d0:   Name: GLIBC_2.3.4  Flags: none  Version: 2
