wrote projects/enwiki9/candidate_inventory.json
wrote projects/enwiki9/CANDIDATE_INVENTORY.md
Refresh profile: routine
Unselected historical views were not refreshed and may be stale. Run --profile full to regenerate and check them.
[ok] /usr/bin/python3 projects/enwiki9/tools/hutter_upper_bound_certificate.py
[ok] /usr/bin/python3 projects/enwiki9/tools/hutter_run_ledger.py
wrote /home/x/deco/gamma/projects/enwiki9/docs/hutter_run_ledger.json
wrote /home/x/deco/gamma/projects/enwiki9/docs/hutter_run_ledger.md
[ok] /usr/bin/python3 projects/enwiki9/tools/enwiki9_release_receipts.py
{"bundles": 4, "completeClosures": 1, "failedAttempts": 0, "objectiveAchievedReceipts": 0, "runReceipts": 0}
[ok] /usr/bin/python3 projects/enwiki9/tools/enwiki9_evidence_matrix.py
wrote /home/x/deco/gamma/projects/enwiki9/docs/evidence_matrix.md
[ok] /usr/bin/python3 projects/enwiki9/tools/enwiki9_best_results.py
wrote /home/x/deco/gamma/projects/enwiki9/docs/best_results.md
[ok] /usr/bin/python3 projects/enwiki9/tools/enwiki9_status_receipt.py --candidate-audit-snapshot /home/x/deco/gamma/projects/enwiki9/candidate_inventory.json --candidate-audit-sha256 480f2dfb1b9c0a5f31364d4bb8f3dcb8c625c557e9fa8e66b3e337daa0dcb23b --refresh-profile routine
wrote projects/enwiki9/docs/status_receipt.json
wrote projects/enwiki9/docs/status_receipt.md
[ok] /usr/bin/python3 projects/enwiki9/tools/enwiki9_ledger.py
{
  "generated_at": "2026-09-16T03:18:28+00:00",
  "algorithms": 1764,
  "programs": 1072,
  "proposals": 510,
  "runs": 2355,
  "mixes": 4,
  "notes": 574,
  "tools": 1224,
  "current_algorithms": 1050,
  "historical_algorithms": 714,
  "running": 0,
  "unverified_running": 0,
  "jobs": {
    "pending": 27,
    "running": 1,
    "completed": 404,
    "failed": 175,
    "cancelled": 318
  },
  "read_issues": 2
}
{"event": "claimed", "job_ids": ["20260916T021120Z_00bf802163"], "resources": {"load_1m": 0.723, "max_load": 32.0, "mem_available_mib": 63539, "min_free_mib": 2048}}
{"event": "batch_complete", "jobs": [{"candidate_id": "fx2_trim_auxiliary_ppm_v1", "candidate_revision": {"path": "operations/adaptive/candidate-revisions/fx2_trim_auxiliary_ppm_v1/20260916T021120272183Z_8c38845efaeb.json", "sha256": "sha256:a47521c2b883f5f303c4b4ba01813e7184a01392c018103616a6e9b9163ee02a"}, "candidate_tree_sha256": "sha256:8c38845efaebe9e3b8b57457f7fd9146c722957c5ee27e239a6794b26d05d63d", "elapsed_seconds": 1269.366, "execution_guard": {"path": "tools/run_with_resource_guard_v3.py", "sha256": "sha256:044147f7ffe6922ea8dafd52fc3d4426077b20958adbcd421245ad41adcfc1e4"}, "execution_mode": "discovery", "execution_resources": {"boot_id": "3ce46712-27bc-4199-8e48-e2b3d23926cb", "budget": {"cgroup_parent": "/sys/fs/cgroup/user.slice/user-1000.slice/user@1000.service/app.slice", "cpus": [2], "memory_bytes": 9999998976, "scratch_bytes": 16000000000, "swap_bytes": 0, "wall_seconds": 7200}, "cgroup_inode": 337971, "cgroup_path": "/sys/fs/cgroup/user.slice/user-1000.slice/user@1000.service/app.slice/gamma-enwiki9-20260916T021120Z_00bf802163", "cleanup_complete": true, "cpu_enforcement": "taskset-and-sampled-affinity-guard", "groups": [{"created": true, "inode": 337971, "kernel_cpuset": false, "memory_bytes": 9999998976, "path": "/sys/fs/cgroup/user.slice/user-1000.slice/user@1000.service/app.slice/gamma-enwiki9-20260916T021120Z_00bf802163"}], "guard_command_sha256": "bf4d9ed1d375c549174b11b396c60d0b8d26269558fb89304d895bfa5fccb644", "guard_path": "run_logs/adaptive/20260916T021120Z_00bf802163.resources/guard.json", "missing_diagnostics": ["kernel cpuset controller is not delegated; taskset assignment and existing affinity guard remain active"], "timing_authority": "diagnostic"}, "experiment": {"path": "operations/adaptive/experiments/fx2_trim_auxiliary_ppm_v1.json", "sha256": "sha256:1a2548a7cf73fe0beff9386ae2da5a23ca929aa6587236db67a83a5027309671"}, "finished_at": "2026-09-16T03:16:08+00:00", "gate_size": 250000, "held": false, "held_at": "2026-09-16T02:11:20+00:00", "hold_history": [{"at": "2026-09-16T02:11:20+00:00", "held": true, "reason": "Publish ownership and frozen inputs, then fresh CPU2 admission after current trim and frozen value-feedback execution. No concurrent native launch."}, {"at": "2026-09-16T02:54:45+00:00", "held": false, "reason": "Fresh admission fx2_trim_auxiliary_admission_20260916.json; value-feedback is terminal with validated reflection and complete cleanup. Execute only the published auxiliary packaging comparison."}], "job_id": "20260916T021120Z_00bf802163", "log_path": "run_logs/adaptive/20260916T021120Z_00bf802163.log", "priority": 70, "proposal": {"path": "operations/adaptive/proposals/developed/949_fx2_trim_auxiliary_ppm_v1.json", "sha256": "sha256:b8538f52e460b91e6dde126218e4717482e8d3dbc9ad9ed1079325f5631b2d5f"}, "proposal_id": "fx2_trim_auxiliary_ppm_v1", "purpose": "diagnostic", "released_at": "2026-09-16T02:54:45+00:00", "resource_budget": {"cgroup_parent": "/sys/fs/cgroup/user.slice/user-1000.slice/user@1000.service/app.slice", "cpus": [2], "memory_bytes": 9999998976, "scratch_bytes": 16000000000, "swap_bytes": 0, "wall_seconds": 7200}, "returncode": 1, "runner": {"path": "tools/fx2_trim_auxiliary_ppm_v1.py", "sha256": "sha256:df14ca527d8ecb38215d1b6cfbcd77960ade31e90412f068169fffae5b554bb7"}, "schema": "gamma.enwiki9.adaptive-job.v3", "scratch_directories": ["results/fx2_trim_auxiliary_ppm_v1"], "started_at": "2026-09-16T02:54:59+00:00", "state": "failed", "submitted_at": "2026-09-16T02:11:20+00:00", "tags": [], "timing_authority": "diagnostic", "tool": "tools/fx2_trim_auxiliary_ppm_v1.py", "tool_args": [], "worker_pid": 883801, "worker_proc_start_ticks": 262343728, "worker_started_at": "2026-09-16T02:54:59+00:00"}], "refresh": {"candidate_audit.py": 0, "enwiki9_normalize_receipts.py": 0}}
