{
  "path": "operations/adaptive/reflections/20260916T001115Z_84b4efcdfd.json",
  "reflection": {
    "attribution": {
      "causalConfidence": "high",
      "controlsEquivalent": true,
      "failureClass": "algorithmic-gain",
      "localizedCause": "Removing unused LSTM/research paths in the fixed transformer profile reduces delivery without a measured archive change; this is a code-delivery contribution, not new predictive gain."
    },
    "candidateId": "fx2_trim_scale10m_v1",
    "candidateRevision": {
      "candidateId": "fx2_trim_scale10m_v1",
      "candidateTreeSha256": "sha256:4b6821f1d47ce527982ee4992993a4712cc1a528efa3c21ae306dcd8b3ff3384",
      "receipt": {
        "path": "operations/adaptive/candidate-revisions/fx2_trim_scale10m_v1/20260916T001114715483Z_4b6821f1d47c.json",
        "sha256": "sha256:bcf772c609a80001e6d66f7f540017bf27dbc5ec3a81037235b9263959cbb7c0"
      }
    },
    "decision": {
      "killPredicatesPass": false,
      "nextGateBytes": 250000,
      "promotionPredicatesPass": true,
      "rationale": "Retain the exact native 10MB comparator. Execute the separately frozen value-feedback comparison and auxiliary packaging repair under their own admission. No larger corpus launch or 90M forecast is authorized.",
      "verdict": "next-gate"
    },
    "evidence": [
      {
        "path": "operations/provenance/fx2_trim_scale10m_terminal_20260916.json",
        "sha256": "sha256:65249b241e0cd132615a1113337124baf5ac5dec6f6232d5670e6690502d0c8a"
      },
      {
        "path": "results/fx2_trim_scale10m_v1/terminal-index.json",
        "sha256": "sha256:1785b477e3b61a557eb9075e709feb4a63b147a966a1cd8a0363d1c0ecd0dbfc"
      }
    ],
    "experiment": {
      "path": "operations/adaptive/experiments/fx2_trim_scale10m_v1.json",
      "sha256": "sha256:50c36f73237ae77373c2e37aae0f5032a910e906bdc4d0e002bd91a4f9aa26c0"
    },
    "generatedUtc": "2026-09-16T02:21:30+00:00",
    "hypothesis": {
      "rationale": "Frozen trim-only source preserves the fresh cold opening 10MB archive while saving 5,348 source ZIP bytes and 45,056 executable component bytes.",
      "verdict": "supported"
    },
    "job": {
      "path": "operations/adaptive/completed/919_20260916T001115Z_84b4efcdfd.json",
      "sha256": "sha256:ee2362b8e651b9521b62409830e276071ecea4b31d82c1c522a4bccc13b16af3"
    },
    "knowledge": {
      "retiredDimensions": [],
      "transferableLessons": [
        "A measured source specialization can transfer without changing the predictor; confirm the actual released implementation and price source/executable forms separately."
      ],
      "uncertainties": [
        "The population is not globally unseen. Full probability/optimizer states, cross-CPU qualification, complete runtime/license/option/multiplicity accounting and full-corpus result remain unproved."
      ]
    },
    "measurementAssertions": [
      {
        "field": "scopeBytes",
        "pointer": "/scopeBytes",
        "source": {
          "path": "operations/provenance/fx2_trim_scale10m_terminal_20260916.json",
          "sha256": "sha256:65249b241e0cd132615a1113337124baf5ac5dec6f6232d5670e6690502d0c8a"
        }
      },
      {
        "field": "scopeSymbols",
        "pointer": "/scopeSymbols",
        "source": {
          "path": "operations/provenance/fx2_trim_scale10m_terminal_20260916.json",
          "sha256": "sha256:65249b241e0cd132615a1113337124baf5ac5dec6f6232d5670e6690502d0c8a"
        }
      },
      {
        "field": "netBytesSaved",
        "pointer": "/one_source_component_net_bytes",
        "source": {
          "path": "operations/provenance/fx2_trim_scale10m_terminal_20260916.json",
          "sha256": "sha256:65249b241e0cd132615a1113337124baf5ac5dec6f6232d5670e6690502d0c8a"
        }
      }
    ],
    "measurements": {
      "idealBitsSaved": null,
      "memoryRatio": null,
      "minimumPartitionIdealBitsSaved": null,
      "netBytesSaved": 5348,
      "positiveSegmentFraction": null,
      "runtimeRatio": null,
      "scopeBytes": 10000000,
      "scopeSymbols": 10000000,
      "sourceBytesDelta": null,
      "transferRetention": null
    },
    "objective": {
      "corpusBytes": 1000000000,
      "corpusSha256": "159b85351e5f76e60cbe32e04c677847a9ecba3adc79addab6f4c6c7aa3744bc",
      "objectiveDigest": "sha256:e91ff20e92c3cac8acb0cbe5c79fc8e8a3b427d7e151245c8eecc52b1c32fa00",
      "objectiveId": "gamma-enwiki9-hutter-90m-v3",
      "objectivePath": "contracts/research/v3/objective-contract.json",
      "targetScoreBytes": 90000000
    },
    "reflectionId": "r-20260916t001115z_84b4efcdfd",
    "schema": "gamma.enwiki9.reflection-receipt.v1",
    "validity": {
      "classification": "valid",
      "reasons": [
        "All frozen inputs, 14 native phases, independent raw inverses, repeated archives, retained parent archive identity, clean build identities, preprocessing and resource/cleanup checks pass."
      ],
      "valid": true
    }
  }
}
{
  "job_id": "20260916T001115Z_84b4efcdfd",
  "arms": 2,
  "appended_rows": 2,
  "metadata_updated": true,
  "reflection": {
    "decision": "next-gate",
    "path": "operations/adaptive/reflections/20260916T001115Z_84b4efcdfd.json",
    "sha256": "sha256:bbabbd894b4386eebbab034faabf7a8a1f87e43b68b3367376bc1db3a5589eef",
    "valid": true
  },
  "local_process_check": "same-boot-identities-checked",
  "publication": "recoverable-append-then-projection"
}
{"archive": 1305268, "source_gain": 5348, "binary_gain": 45056}
