wrote projects/enwiki9/candidate_inventory.json
wrote projects/enwiki9/CANDIDATE_INVENTORY.md
Refresh profile: routine
Unselected historical views were not refreshed and may be stale. Run --profile full to regenerate and check them.
[ok] /usr/bin/python3 projects/enwiki9/tools/hutter_upper_bound_certificate.py
[ok] /usr/bin/python3 projects/enwiki9/tools/hutter_run_ledger.py
wrote /home/x/deco/gamma/projects/enwiki9/docs/hutter_run_ledger.json
wrote /home/x/deco/gamma/projects/enwiki9/docs/hutter_run_ledger.md
[ok] /usr/bin/python3 projects/enwiki9/tools/enwiki9_release_receipts.py
{"bundles": 4, "completeClosures": 1, "failedAttempts": 0, "objectiveAchievedReceipts": 0, "runReceipts": 0}
[ok] /usr/bin/python3 projects/enwiki9/tools/enwiki9_evidence_matrix.py
wrote /home/x/deco/gamma/projects/enwiki9/docs/evidence_matrix.md
[ok] /usr/bin/python3 projects/enwiki9/tools/enwiki9_best_results.py
wrote /home/x/deco/gamma/projects/enwiki9/docs/best_results.md
[ok] /usr/bin/python3 projects/enwiki9/tools/enwiki9_status_receipt.py --candidate-audit-snapshot /home/x/deco/gamma/projects/enwiki9/candidate_inventory.json --candidate-audit-sha256 508e4edfb57de5e71bab05f561df425d429b4db9324763c9aafe7ae61ee98c5d --refresh-profile routine
wrote projects/enwiki9/docs/status_receipt.json
wrote projects/enwiki9/docs/status_receipt.md
[ok] /usr/bin/python3 projects/enwiki9/tools/enwiki9_ledger.py
{
  "generated_at": "2026-09-16T02:52:35+00:00",
  "algorithms": 1763,
  "programs": 1071,
  "proposals": 509,
  "runs": 2353,
  "mixes": 4,
  "notes": 574,
  "tools": 1223,
  "current_algorithms": 1050,
  "historical_algorithms": 713,
  "running": 0,
  "unverified_running": 0,
  "jobs": {
    "pending": 27,
    "running": 1,
    "completed": 404,
    "failed": 174,
    "cancelled": 318
  },
  "read_issues": 2
}
{"event": "claimed", "job_ids": ["20260916T011139Z_5242a9a620"], "resources": {"load_1m": 0.271, "max_load": 32.0, "mem_available_mib": 63542, "min_free_mib": 2048}}
{"event": "batch_complete", "jobs": [{"candidate_id": "fx2_value_feedback250k_v1", "candidate_revision": {"path": "operations/adaptive/candidate-revisions/fx2_value_feedback250k_v1/20260916T011139438833Z_ad935d920e8e.json", "sha256": "sha256:b9386b482305d9c38b972b637fd08f1af79484de356c17f98944c0ce9c23b236"}, "candidate_tree_sha256": "sha256:ad935d920e8ee9e30ef67261cb808529c2c60be62f2469987ed7518ec4396abb", "elapsed_seconds": 996.857, "execution_guard": {"path": "tools/run_with_resource_guard_v3.py", "sha256": "sha256:044147f7ffe6922ea8dafd52fc3d4426077b20958adbcd421245ad41adcfc1e4"}, "execution_mode": "discovery", "execution_resources": {"boot_id": "3ce46712-27bc-4199-8e48-e2b3d23926cb", "budget": {"cgroup_parent": "/sys/fs/cgroup/user.slice/user-1000.slice/user@1000.service/app.slice", "cpus": [2], "memory_bytes": 9999998976, "scratch_bytes": 20000000000, "swap_bytes": 0, "wall_seconds": 7200}, "cgroup_inode": 337839, "cgroup_path": "/sys/fs/cgroup/user.slice/user-1000.slice/user@1000.service/app.slice/gamma-enwiki9-20260916T011139Z_5242a9a620", "cleanup_complete": true, "cpu_enforcement": "taskset-and-sampled-affinity-guard", "groups": [{"created": true, "inode": 337839, "kernel_cpuset": false, "memory_bytes": 9999998976, "path": "/sys/fs/cgroup/user.slice/user-1000.slice/user@1000.service/app.slice/gamma-enwiki9-20260916T011139Z_5242a9a620"}], "guard_command_sha256": "ad396edd24b10d0fab6f9035dd9e95511622d99a996e1d5fa0936cdbda90f5c7", "guard_path": "run_logs/adaptive/20260916T011139Z_5242a9a620.resources/guard.json", "missing_diagnostics": ["kernel cpuset controller is not delegated; taskset assignment and existing affinity guard remain active"], "timing_authority": "diagnostic"}, "experiment": {"path": "operations/adaptive/experiments/fx2_value_feedback250k_v1.json", "sha256": "sha256:dd1915eb0afb5f08424f1599fe0acd52264cd925966d553c55d496f58e84fd63"}, "finished_at": "2026-09-16T02:50:16+00:00", "gate_size": 250000, "held": false, "held_at": "2026-09-16T01:11:40+00:00", "hold_history": [{"at": "2026-09-16T01:11:40+00:00", "held": true, "reason": "Publish frozen source/ownership and pass fresh resource admission. CPU2 and16GB scratch remain reserved by live fx2_trim_scale10m_v1; no concurrent launch."}, {"at": "2026-09-16T02:33:31+00:00", "held": false, "reason": "Fresh source/resource admission in fx2_value_feedback250k_admission_20260916.json; 10M trimming terminal and independently audited; execute only frozen value-feedback comparison."}], "job_id": "20260916T011139Z_5242a9a620", "log_path": "run_logs/adaptive/20260916T011139Z_5242a9a620.log", "priority": 80, "proposal": {"path": "operations/adaptive/proposals/developed/949_fx2_value_feedback250k_v1.json", "sha256": "sha256:36692f95a021c3c152d42a67769256f5202ff02abf0d683d406f389913abdd7b"}, "proposal_id": "fx2_value_feedback250k_v1", "purpose": "diagnostic", "released_at": "2026-09-16T02:33:31+00:00", "resource_budget": {"cgroup_parent": "/sys/fs/cgroup/user.slice/user-1000.slice/user@1000.service/app.slice", "cpus": [2], "memory_bytes": 9999998976, "scratch_bytes": 20000000000, "swap_bytes": 0, "wall_seconds": 7200}, "returncode": 0, "runner": {"path": "tools/fx2_value_feedback250k_v1.py", "sha256": "sha256:d63ef9bc3af37105a2e4dfa3a95eee43347815a3e0e6643174321ae6aa08a38e"}, "schema": "gamma.enwiki9.adaptive-job.v3", "scratch_directories": ["results/fx2_value_feedback250k_v1"], "started_at": "2026-09-16T02:33:39+00:00", "state": "completed", "submitted_at": "2026-09-16T01:11:39+00:00", "tags": [], "timing_authority": "diagnostic", "tool": "tools/fx2_value_feedback250k_v1.py", "tool_args": [], "worker_pid": 650971, "worker_proc_start_ticks": 262215731, "worker_started_at": "2026-09-16T02:33:39+00:00"}], "refresh": {"candidate_audit.py": 0, "enwiki9_normalize_receipts.py": 0}}
