test_arbitrary_attention_weights_and_identity (tests.test_fx2_value_feedback_v1.FeedbackTests.test_arbitrary_attention_weights_and_identity) ... ok
test_every_residual_state_at_clipped_endpoints (tests.test_fx2_value_feedback_v1.FeedbackTests.test_every_residual_state_at_clipped_endpoints) ... FAIL
test_fp32_to_q16_against_exact_rationals (tests.test_fx2_value_feedback_v1.FeedbackTests.test_fp32_to_q16_against_exact_rationals) ... ok
test_invalid_integer_states_fail_closed (tests.test_fx2_value_feedback_v1.FeedbackTests.test_invalid_integer_states_fail_closed) ... ok
test_misaligned_feedback_is_not_a_label_renaming (tests.test_fx2_value_feedback_v1.FeedbackTests.test_misaligned_feedback_is_not_a_label_renaming) ... ok
test_native_integer_domain_edges_and_independent_reference (tests.test_fx2_value_feedback_v1.FeedbackTests.test_native_integer_domain_edges_and_independent_reference) ... ok
test_no_universal_attention_improvement (tests.test_fx2_value_feedback_v1.FeedbackTests.test_no_universal_attention_improvement) ... ok
test_prefix_causality_reset_and_rejected_false_certificate (tests.test_fx2_value_feedback_v1.FeedbackTests.test_prefix_causality_reset_and_rejected_false_certificate) ... ok
test_uniform_means_and_ring_subranges (tests.test_fx2_value_feedback_v1.FeedbackTests.test_uniform_means_and_ring_subranges) ... ok

======================================================================
FAIL: test_every_residual_state_at_clipped_endpoints (tests.test_fx2_value_feedback_v1.FeedbackTests.test_every_residual_state_at_clipped_endpoints)
----------------------------------------------------------------------
Traceback (most recent call last):
  File "/home/x/deco/gamma/projects/enwiki9/tests/test_fx2_value_feedback_v1.py", line 76, in test_every_residual_state_at_clipped_endpoints
    self.assertEqual(row, (1, n // ref.Q, r0))
    ~~~~~~~~~~~~~~~~^^^^^^^^^^^^^^^^^^^^^^^^^^
AssertionError: Tuples differ: (1, 126, 32768) != (1, 127, -32768)

First differing element 1:
126
127

- (1, 126, 32768)
?       ^

+ (1, 127, -32768)
?       ^  +


----------------------------------------------------------------------
Ran 9 tests in 0.856s

FAILED (failures=1)
