wrote projects/enwiki9/candidate_inventory.json
wrote projects/enwiki9/CANDIDATE_INVENTORY.md
Refresh profile: routine
Unselected historical views were not refreshed and may be stale. Run --profile full to regenerate and check them.
[ok] /usr/bin/python3 projects/enwiki9/tools/hutter_upper_bound_certificate.py
[ok] /usr/bin/python3 projects/enwiki9/tools/hutter_run_ledger.py
wrote /home/x/deco/gamma/projects/enwiki9/docs/hutter_run_ledger.json
wrote /home/x/deco/gamma/projects/enwiki9/docs/hutter_run_ledger.md
[ok] /usr/bin/python3 projects/enwiki9/tools/enwiki9_release_receipts.py
{"bundles": 4, "completeClosures": 1, "failedAttempts": 0, "objectiveAchievedReceipts": 0, "runReceipts": 0}
[ok] /usr/bin/python3 projects/enwiki9/tools/enwiki9_evidence_matrix.py
wrote /home/x/deco/gamma/projects/enwiki9/docs/evidence_matrix.md
[ok] /usr/bin/python3 projects/enwiki9/tools/enwiki9_best_results.py
wrote /home/x/deco/gamma/projects/enwiki9/docs/best_results.md
[ok] /usr/bin/python3 projects/enwiki9/tools/enwiki9_status_receipt.py --candidate-audit-snapshot /home/x/deco/gamma/projects/enwiki9/candidate_inventory.json --candidate-audit-sha256 d52f4fa6c538ee2717a566152abd0078abd58c0883a9137a7fb927e75adbe852 --refresh-profile routine
wrote projects/enwiki9/docs/status_receipt.json
wrote projects/enwiki9/docs/status_receipt.md
[ok] /usr/bin/python3 projects/enwiki9/tools/enwiki9_ledger.py
{
  "generated_at": "2026-09-15T23:08:13+00:00",
  "algorithms": 1757,
  "programs": 1067,
  "proposals": 505,
  "runs": 2345,
  "mixes": 4,
  "notes": 574,
  "tools": 1216,
  "current_algorithms": 1045,
  "historical_algorithms": 712,
  "running": 0,
  "unverified_running": 0,
  "jobs": {
    "pending": 26,
    "running": 1,
    "completed": 401,
    "failed": 174,
    "cancelled": 318
  },
  "read_issues": 2
}
{"event": "claimed", "job_ids": ["20260915T225951Z_cbde7644f0"], "resources": {"load_1m": 0.611, "max_load": 32.0, "mem_available_mib": 63551, "min_free_mib": 2048}}
{"event": "batch_complete", "jobs": [{"candidate_id": "fx2_wrt_mass250k_v1", "candidate_revision": {"path": "operations/adaptive/candidate-revisions/fx2_wrt_mass250k_v1/20260915T225950538685Z_ed3b6d4d7fe7.json", "sha256": "sha256:e05b7e8da7f67216bf716c147d13567c44810952c4cb29ec61fd1899d9f0d102"}, "candidate_tree_sha256": "sha256:ed3b6d4d7fe730a932067ef1feccd7d60279a02135c0bf2af4e04ee5eadf7133", "elapsed_seconds": 91.515, "execution_guard": {"path": "tools/run_with_resource_guard_v3.py", "sha256": "sha256:044147f7ffe6922ea8dafd52fc3d4426077b20958adbcd421245ad41adcfc1e4"}, "execution_mode": "discovery", "execution_resources": {"boot_id": "3ce46712-27bc-4199-8e48-e2b3d23926cb", "budget": {"cgroup_parent": "/sys/fs/cgroup/user.slice/user-1000.slice/user@1000.service/app.slice", "cpus": [3], "memory_bytes": 1073741824, "scratch_bytes": 268435456, "swap_bytes": 0, "wall_seconds": 900}, "cgroup_inode": 336387, "cgroup_path": "/sys/fs/cgroup/user.slice/user-1000.slice/user@1000.service/app.slice/gamma-enwiki9-20260915T225951Z_cbde7644f0", "cleanup_complete": true, "cpu_enforcement": "taskset-and-sampled-affinity-guard", "groups": [{"created": true, "inode": 336387, "kernel_cpuset": false, "memory_bytes": 1073741824, "path": "/sys/fs/cgroup/user.slice/user-1000.slice/user@1000.service/app.slice/gamma-enwiki9-20260915T225951Z_cbde7644f0"}], "guard_command_sha256": "b806ce71b28487555945c359bfb43aec903cffe334382825c81f8a702cf2d385", "guard_path": "run_logs/adaptive/20260915T225951Z_cbde7644f0.resources/guard.json", "missing_diagnostics": ["kernel cpuset controller is not delegated; taskset assignment and existing affinity guard remain active"], "timing_authority": "diagnostic"}, "experiment": {"path": "operations/adaptive/experiments/fx2_wrt_mass250k_v1.json", "sha256": "sha256:016d7327cc3421bee1f0afa066ffd6fb52b72872c8edf7e3fa6fc16865f221a0"}, "finished_at": "2026-09-15T23:05:54+00:00", "gate_size": 250000, "held": false, "held_at": "2026-09-15T22:59:51+00:00", "hold_history": [{"at": "2026-09-15T22:59:51+00:00", "held": true, "reason": "Publish fixed likelihood kernel, exact tests, causal alignment and ownership; fresh CPU3 admission with inherited controller affinity before launch."}, {"at": "2026-09-15T23:04:22+00:00", "held": false, "reason": "Published 8b09e57b5, frozen inputs verified from Git and disk; fresh CPU3 admission with inherited controller affinity; fixed K/M/S conditional comparison only."}], "job_id": "20260915T225951Z_cbde7644f0", "log_path": "run_logs/adaptive/20260915T225951Z_cbde7644f0.log", "priority": 80, "proposal": {"path": "operations/adaptive/proposals/developed/949_fx2_wrt_mass250k_v1.json", "sha256": "sha256:d49d91a43198110c7bedf6c68bf14dd9989987713d750c6b8d7101253f6d93ed"}, "proposal_id": "fx2_wrt_mass250k_v1", "purpose": "diagnostic", "released_at": "2026-09-15T23:04:22+00:00", "resource_budget": {"cgroup_parent": "/sys/fs/cgroup/user.slice/user-1000.slice/user@1000.service/app.slice", "cpus": [3], "memory_bytes": 1073741824, "scratch_bytes": 268435456, "swap_bytes": 0, "wall_seconds": 900}, "returncode": 0, "runner": {"path": "tools/fx2_wrt_mass_gate_v1.py", "sha256": "sha256:ab4d008221066ef7ee3e7bb6d60adb5a6eb564afceb0b39ab628991c9a92e32e"}, "schema": "gamma.enwiki9.adaptive-job.v3", "scratch_directories": ["results/fx2_wrt_mass250k_v1"], "started_at": "2026-09-15T23:04:22+00:00", "state": "completed", "submitted_at": "2026-09-15T22:59:51+00:00", "tags": [], "timing_authority": "diagnostic", "tool": "tools/fx2_wrt_mass_gate_v1.py", "tool_args": [], "worker_pid": 2577257, "worker_proc_start_ticks": 260960069, "worker_started_at": "2026-09-15T23:04:22+00:00"}], "refresh": {"candidate_audit.py": 0, "enwiki9_normalize_receipts.py": 0}}
