wrote projects/enwiki9/candidate_inventory.json
wrote projects/enwiki9/CANDIDATE_INVENTORY.md
Refresh profile: routine
Unselected historical views were not refreshed and may be stale. Run --profile full to regenerate and check them.
[ok] /usr/bin/python3 projects/enwiki9/tools/hutter_upper_bound_certificate.py
[ok] /usr/bin/python3 projects/enwiki9/tools/hutter_run_ledger.py
wrote /home/x/deco/gamma/projects/enwiki9/docs/hutter_run_ledger.json
wrote /home/x/deco/gamma/projects/enwiki9/docs/hutter_run_ledger.md
[ok] /usr/bin/python3 projects/enwiki9/tools/enwiki9_release_receipts.py
{"bundles": 4, "completeClosures": 1, "failedAttempts": 0, "objectiveAchievedReceipts": 0, "runReceipts": 0}
[ok] /usr/bin/python3 projects/enwiki9/tools/enwiki9_evidence_matrix.py
wrote /home/x/deco/gamma/projects/enwiki9/docs/evidence_matrix.md
[ok] /usr/bin/python3 projects/enwiki9/tools/enwiki9_best_results.py
wrote /home/x/deco/gamma/projects/enwiki9/docs/best_results.md
[ok] /usr/bin/python3 projects/enwiki9/tools/enwiki9_status_receipt.py --candidate-audit-snapshot /home/x/deco/gamma/projects/enwiki9/candidate_inventory.json --candidate-audit-sha256 f25f71a21a5fcd0d1711c108f5a370175d348e37b4f70ae56ba994a7c1dd17e9 --refresh-profile routine
wrote projects/enwiki9/docs/status_receipt.json
wrote projects/enwiki9/docs/status_receipt.md
[ok] /usr/bin/python3 projects/enwiki9/tools/enwiki9_ledger.py
{
  "generated_at": "2026-09-15T21:59:27+00:00",
  "algorithms": 1754,
  "programs": 1064,
  "proposals": 502,
  "runs": 2339,
  "mixes": 4,
  "notes": 574,
  "tools": 1209,
  "current_algorithms": 1043,
  "historical_algorithms": 711,
  "running": 0,
  "unverified_running": 0,
  "jobs": {
    "pending": 26,
    "running": 1,
    "completed": 398,
    "failed": 174,
    "cancelled": 318
  },
  "read_issues": 2
}
{"event": "claimed", "job_ids": ["20260915T215448Z_41b98f1f73"], "resources": {"load_1m": 1.556, "max_load": 32.0, "mem_available_mib": 63424, "min_free_mib": 2048}}
{"event": "batch_complete", "jobs": [{"candidate_id": "fx2_wrt_elision250k_v1", "candidate_revision": {"path": "operations/adaptive/candidate-revisions/fx2_wrt_elision250k_v1/20260915T215448207586Z_188d37fdecae.json", "sha256": "sha256:4996aeb7e47fae67c94dd983d4817844f0d7408af641fd3d34339b79ad8ac10c"}, "candidate_tree_sha256": "sha256:188d37fdecae3f91cb1aa6680bbb3d6e4891efea8ef7e6c2c3619810d10bcd20", "elapsed_seconds": 0.174, "execution_guard": {"path": "tools/run_with_resource_guard_v3.py", "sha256": "sha256:044147f7ffe6922ea8dafd52fc3d4426077b20958adbcd421245ad41adcfc1e4"}, "execution_mode": "discovery", "execution_resources": {"boot_id": "3ce46712-27bc-4199-8e48-e2b3d23926cb", "budget": {"cgroup_parent": "/sys/fs/cgroup/user.slice/user-1000.slice/user@1000.service/app.slice", "cpus": [3], "memory_bytes": 1073741824, "scratch_bytes": 268435456, "swap_bytes": 0, "wall_seconds": 600}, "cgroup_inode": 335815, "cgroup_path": "/sys/fs/cgroup/user.slice/user-1000.slice/user@1000.service/app.slice/gamma-enwiki9-20260915T215448Z_41b98f1f73", "cleanup_complete": true, "cpu_enforcement": "taskset-and-sampled-affinity-guard", "groups": [{"created": true, "inode": 335815, "kernel_cpuset": false, "memory_bytes": 1073741824, "path": "/sys/fs/cgroup/user.slice/user-1000.slice/user@1000.service/app.slice/gamma-enwiki9-20260915T215448Z_41b98f1f73"}], "guard_command_sha256": "b8a7b13cb8a789075b189682846297aa302e8c84ebeea75f34d7f0389aaf6372", "guard_path": "run_logs/adaptive/20260915T215448Z_41b98f1f73.resources/guard.json", "missing_diagnostics": ["kernel cpuset controller is not delegated; taskset assignment and existing affinity guard remain active"], "timing_authority": "diagnostic"}, "experiment": {"path": "operations/adaptive/experiments/fx2_wrt_elision250k_v1.json", "sha256": "sha256:20771a4b754a72fd34226b2b3d35aae8a38639dc12f8a349a85497e6b7126a00"}, "finished_at": "2026-09-15T21:57:09+00:00", "gate_size": 250000, "held": false, "held_at": "2026-09-15T21:54:49+00:00", "hold_history": [{"at": "2026-09-15T21:54:49+00:00", "held": true, "reason": "Publish frozen language checker and ownership, verify bindings, and obtain fresh CPU3 resource admission."}, {"at": "2026-09-15T21:57:08+00:00", "held": false, "reason": "Published 25240920c; all bindings rehashed; fresh CPU3,1GiB memory,256MiB scratch admission. Exact fixed language, no native inference."}], "job_id": "20260915T215448Z_41b98f1f73", "log_path": "run_logs/adaptive/20260915T215448Z_41b98f1f73.log", "priority": 80, "proposal": {"path": "operations/adaptive/proposals/developed/949_fx2_wrt_elision250k_v1.json", "sha256": "sha256:cc9d37f495432bee91707298db075fe344ed84cfc3f62cba6b9289db8e1721a1"}, "proposal_id": "fx2_wrt_elision250k_v1", "purpose": "diagnostic", "released_at": "2026-09-15T21:57:08+00:00", "resource_budget": {"cgroup_parent": "/sys/fs/cgroup/user.slice/user-1000.slice/user@1000.service/app.slice", "cpus": [3], "memory_bytes": 1073741824, "scratch_bytes": 268435456, "swap_bytes": 0, "wall_seconds": 600}, "returncode": 75, "runner": {"path": "tools/fx2_wrt_elision_gate_v1.py", "sha256": "sha256:af54c8520bfd9edce2444da1766bd3f2698782f2a4631ca3d7639ad3a00648fc"}, "schema": "gamma.enwiki9.adaptive-job.v3", "scratch_directories": ["results/fx2_wrt_elision250k_v1"], "started_at": "2026-09-15T21:57:09+00:00", "state": "failed", "submitted_at": "2026-09-15T21:54:48+00:00", "tags": [], "timing_authority": "diagnostic", "tool": "tools/fx2_wrt_elision_gate_v1.py", "tool_args": [], "worker_pid": 1861558, "worker_proc_start_ticks": 260556724, "worker_started_at": "2026-09-15T21:57:09+00:00"}], "refresh": {"candidate_audit.py": 0, "enwiki9_normalize_receipts.py": 0}}
