wrote projects/enwiki9/candidate_inventory.json
wrote projects/enwiki9/CANDIDATE_INVENTORY.md
Refresh profile: routine
Unselected historical views were not refreshed and may be stale. Run --profile full to regenerate and check them.
[ok] /usr/bin/python3 projects/enwiki9/tools/hutter_upper_bound_certificate.py
[ok] /usr/bin/python3 projects/enwiki9/tools/hutter_run_ledger.py
wrote /home/x/deco/gamma/projects/enwiki9/docs/hutter_run_ledger.json
wrote /home/x/deco/gamma/projects/enwiki9/docs/hutter_run_ledger.md
[ok] /usr/bin/python3 projects/enwiki9/tools/enwiki9_release_receipts.py
{"bundles": 4, "completeClosures": 1, "failedAttempts": 0, "objectiveAchievedReceipts": 0, "runReceipts": 0}
[ok] /usr/bin/python3 projects/enwiki9/tools/enwiki9_evidence_matrix.py
wrote /home/x/deco/gamma/projects/enwiki9/docs/evidence_matrix.md
[ok] /usr/bin/python3 projects/enwiki9/tools/enwiki9_best_results.py
wrote /home/x/deco/gamma/projects/enwiki9/docs/best_results.md
[ok] /usr/bin/python3 projects/enwiki9/tools/enwiki9_status_receipt.py --candidate-audit-snapshot /home/x/deco/gamma/projects/enwiki9/candidate_inventory.json --candidate-audit-sha256 7b62031dbe4d98ef4c5adc516b255ea07fdecdd64d801d65b9aee61f04f8f6d9 --refresh-profile routine
wrote projects/enwiki9/docs/status_receipt.json
wrote projects/enwiki9/docs/status_receipt.md
[ok] /usr/bin/python3 projects/enwiki9/tools/enwiki9_ledger.py
{
  "generated_at": "2026-09-15T22:05:05+00:00",
  "algorithms": 1755,
  "programs": 1065,
  "proposals": 503,
  "runs": 2341,
  "mixes": 4,
  "notes": 574,
  "tools": 1209,
  "current_algorithms": 1044,
  "historical_algorithms": 711,
  "running": 0,
  "unverified_running": 0,
  "jobs": {
    "pending": 26,
    "running": 1,
    "completed": 399,
    "failed": 174,
    "cancelled": 318
  },
  "read_issues": 2
}
{"event": "claimed", "job_ids": ["20260915T220051Z_42f1d80d99"], "resources": {"load_1m": 0.682, "max_load": 32.0, "mem_available_mib": 63485, "min_free_mib": 2048}}
{"event": "batch_complete", "jobs": [{"candidate_id": "fx2_wrt_elision250k_v2", "candidate_revision": {"path": "operations/adaptive/candidate-revisions/fx2_wrt_elision250k_v2/20260915T220050981233Z_856a96344692.json", "sha256": "sha256:c7c4d6c61f2ddb54de52d36ccf0b7cbda7fe3b117617a3163a19e5c65d3add12"}, "candidate_tree_sha256": "sha256:856a9634469254b08abf65c7338e9879e3a0717a7553f0526f2ab6503cb71771", "elapsed_seconds": 13.683, "execution_guard": {"path": "tools/run_with_resource_guard_v3.py", "sha256": "sha256:044147f7ffe6922ea8dafd52fc3d4426077b20958adbcd421245ad41adcfc1e4"}, "execution_mode": "discovery", "execution_resources": {"boot_id": "3ce46712-27bc-4199-8e48-e2b3d23926cb", "budget": {"cgroup_parent": "/sys/fs/cgroup/user.slice/user-1000.slice/user@1000.service/app.slice", "cpus": [3], "memory_bytes": 1073741824, "scratch_bytes": 268435456, "swap_bytes": 0, "wall_seconds": 600}, "cgroup_inode": 335903, "cgroup_path": "/sys/fs/cgroup/user.slice/user-1000.slice/user@1000.service/app.slice/gamma-enwiki9-20260915T220051Z_42f1d80d99", "cleanup_complete": true, "cpu_enforcement": "taskset-and-sampled-affinity-guard", "groups": [{"created": true, "inode": 335903, "kernel_cpuset": false, "memory_bytes": 1073741824, "path": "/sys/fs/cgroup/user.slice/user-1000.slice/user@1000.service/app.slice/gamma-enwiki9-20260915T220051Z_42f1d80d99"}], "guard_command_sha256": "72057d34f29a05c1c99695aea7144c0bb691e9dfe7856aee353d565f593e130f", "guard_path": "run_logs/adaptive/20260915T220051Z_42f1d80d99.resources/guard.json", "missing_diagnostics": ["kernel cpuset controller is not delegated; taskset assignment and existing affinity guard remain active"], "timing_authority": "diagnostic"}, "experiment": {"path": "operations/adaptive/experiments/fx2_wrt_elision250k_v2.json", "sha256": "sha256:05fb5fd136c94a8c7490a9a70ad24d6bb64d865aeb769d6506e4544320f07b35"}, "finished_at": "2026-09-15T22:02:47+00:00", "gate_size": 250000, "held": false, "held_at": "2026-09-15T22:00:52+00:00", "hold_history": [{"at": "2026-09-15T22:00:52+00:00", "held": true, "reason": "Publish launch-only retry; fresh CPU3 admission and controller affinity required."}, {"at": "2026-09-15T22:02:33+00:00", "held": false, "reason": "Published 40153bcae; bindings rehashed; fresh resource admission. Canonical lab controller will inherit CPU3 before any guard child is spawned."}], "job_id": "20260915T220051Z_42f1d80d99", "log_path": "run_logs/adaptive/20260915T220051Z_42f1d80d99.log", "priority": 80, "proposal": {"path": "operations/adaptive/proposals/developed/949_fx2_wrt_elision250k_v2.json", "sha256": "sha256:d04a56268bb048c137f87e15a8db16ac5c32255254c4716abc6eed42c51f3614"}, "proposal_id": "fx2_wrt_elision250k_v2", "purpose": "diagnostic", "released_at": "2026-09-15T22:02:33+00:00", "resource_budget": {"cgroup_parent": "/sys/fs/cgroup/user.slice/user-1000.slice/user@1000.service/app.slice", "cpus": [3], "memory_bytes": 1073741824, "scratch_bytes": 268435456, "swap_bytes": 0, "wall_seconds": 600}, "returncode": 0, "runner": {"path": "tools/fx2_wrt_elision_gate_v2.py", "sha256": "sha256:4e6ee8b9f8ebbabacb745b68b4cc35f38559747707b0b1eb68caf20b6ed60aca"}, "schema": "gamma.enwiki9.adaptive-job.v3", "scratch_directories": ["results/fx2_wrt_elision250k_v2"], "started_at": "2026-09-15T22:02:33+00:00", "state": "completed", "submitted_at": "2026-09-15T22:00:51+00:00", "tags": [], "timing_authority": "diagnostic", "tool": "tools/fx2_wrt_elision_gate_v2.py", "tool_args": [], "worker_pid": 1919869, "worker_proc_start_ticks": 260589156, "worker_started_at": "2026-09-15T22:02:33+00:00"}], "refresh": {"candidate_audit.py": 0, "enwiki9_normalize_receipts.py": 0}}
