{
  "path": "operations/adaptive/reflections/20260915T222824Z_2095ae7d72.json",
  "reflection": {
    "attribution": {
      "causalConfidence": "high",
      "controlsEquivalent": true,
      "failureClass": "algorithmic-loss",
      "localizedCause": "Native elision preserves the measured archive effect; measured component cost determines its scoped economic result."
    },
    "candidateId": "fx2_wrt_native250k_v1",
    "candidateRevision": {
      "candidateId": "fx2_wrt_native250k_v1",
      "candidateTreeSha256": "sha256:1dadab7e09d29f580f983b4e4e34586ea0f686f00f030bc12b741b6bc079f8ae",
      "receipt": {
        "path": "operations/adaptive/candidate-revisions/fx2_wrt_native250k_v1/20260915T222824039108Z_1dadab7e09d2.json",
        "sha256": "sha256:ffb153e423e47a98f4559211dae90affbe345d3a8711e7897369431f77ee1f6c"
      }
    },
    "decision": {
      "killPredicatesPass": false,
      "nextGateBytes": null,
      "promotionPredicatesPass": false,
      "rationale": "Park this implementation at the tested component economics. Do not launch a larger corpus or repackage it on a linear gain forecast. Retain native inverse and exact conditional-parity evidence; no global futility claim.",
      "verdict": "hold"
    },
    "evidence": [
      {
        "path": "operations/provenance/fx2_wrt_native_terminal_20260915.json",
        "sha256": "sha256:50cd3ed3749cea1fdfd48862b4fddcb05fec79446b1d9daea1c847564ace155e"
      },
      {
        "path": "results/fx2_wrt_native250k_v1/terminal-index.json",
        "sha256": "sha256:b8193b05463d04d30a640d4db1bce7a12982e4fc3607a9dfde0921ebea73c94e"
      }
    ],
    "experiment": {
      "path": "operations/adaptive/experiments/fx2_wrt_native250k_v1.json",
      "sha256": "sha256:f1ea55b9d34a9242366284f2d4b376aec765e17b2f0ac00aa4483696fd5d1caa"
    },
    "generatedUtc": "2026-09-15T22:40:52+00:00",
    "hypothesis": {
      "rationale": "Native exactness established; this opening-sample gain does not pay the measured source component.",
      "verdict": "refuted"
    },
    "job": {
      "path": "operations/adaptive/completed/919_20260915T222824Z_2095ae7d72.json",
      "sha256": "sha256:4146cbcc21cd17e1f71ce8d81d05b01e6735bda590a504cf2ee8b86daf9c4a42"
    },
    "knowledge": {
      "retiredDimensions": [],
      "transferableLessons": [
        "Deterministic format bits can be omitted without disrupting parent learning, but a real archive gain still must pay implementation cost."
      ],
      "uncertainties": [
        "Opening development population only; full predictor tensor/optimizer state notserialized; complete official packaging and full-corpus score remain unproved."
      ]
    },
    "measurementAssertions": [
      {
        "field": "scopeBytes",
        "pointer": "/scopeBytes",
        "source": {
          "path": "operations/provenance/fx2_wrt_native_terminal_20260915.json",
          "sha256": "sha256:50cd3ed3749cea1fdfd48862b4fddcb05fec79446b1d9daea1c847564ace155e"
        }
      },
      {
        "field": "scopeSymbols",
        "pointer": "/scopeSymbols",
        "source": {
          "path": "operations/provenance/fx2_wrt_native_terminal_20260915.json",
          "sha256": "sha256:50cd3ed3749cea1fdfd48862b4fddcb05fec79446b1d9daea1c847564ace155e"
        }
      },
      {
        "field": "netBytesSaved",
        "pointer": "/source_component_net_bytes",
        "source": {
          "path": "operations/provenance/fx2_wrt_native_terminal_20260915.json",
          "sha256": "sha256:50cd3ed3749cea1fdfd48862b4fddcb05fec79446b1d9daea1c847564ace155e"
        }
      }
    ],
    "measurements": {
      "idealBitsSaved": null,
      "memoryRatio": null,
      "minimumPartitionIdealBitsSaved": null,
      "netBytesSaved": -1838,
      "positiveSegmentFraction": null,
      "runtimeRatio": null,
      "scopeBytes": 250000,
      "scopeSymbols": 151210,
      "sourceBytesDelta": null,
      "transferRetention": null
    },
    "objective": {
      "corpusBytes": 1000000000,
      "corpusSha256": "159b85351e5f76e60cbe32e04c677847a9ecba3adc79addab6f4c6c7aa3744bc",
      "objectiveDigest": "sha256:e91ff20e92c3cac8acb0cbe5c79fc8e8a3b427d7e151245c8eecc52b1c32fa00",
      "objectiveId": "gamma-enwiki9-hutter-90m-v3",
      "objectivePath": "contracts/research/v3/objective-contract.json",
      "targetScoreBytes": 90000000
    },
    "reflectionId": "r-20260915t222824z_2095ae7d72",
    "schema": "gamma.enwiki9.reflection-receipt.v1",
    "validity": {
      "classification": "valid",
      "reasons": [
        "All frozen inputs,16phases,native inverses/repeats,parent-count and every WRT-state identity,clean release rebuild,observation-free parity,resourceguard andcleanup pass."
      ],
      "valid": true
    }
  }
}
{
  "job_id": "20260915T222824Z_2095ae7d72",
  "arms": 2,
  "appended_rows": 2,
  "metadata_updated": true,
  "reflection": {
    "decision": "hold",
    "path": "operations/adaptive/reflections/20260915T222824Z_2095ae7d72.json",
    "sha256": "sha256:ed6078d3cd197e8ea8b6cf0a2a96b9c1bf5dd14b6735757ca39762d78c5de778",
    "valid": true
  },
  "local_process_check": "same-boot-identities-checked",
  "publication": "recoverable-append-then-projection"
}
{"gain": 6, "source_net": -1838, "confirmation": false}
