wrote projects/enwiki9/candidate_inventory.json
wrote projects/enwiki9/CANDIDATE_INVENTORY.md
Refresh profile: routine
Unselected historical views were not refreshed and may be stale. Run --profile full to regenerate and check them.
[ok] /usr/bin/python3 projects/enwiki9/tools/hutter_upper_bound_certificate.py
[ok] /usr/bin/python3 projects/enwiki9/tools/hutter_run_ledger.py
wrote /home/x/deco/gamma/projects/enwiki9/docs/hutter_run_ledger.json
wrote /home/x/deco/gamma/projects/enwiki9/docs/hutter_run_ledger.md
[ok] /usr/bin/python3 projects/enwiki9/tools/enwiki9_release_receipts.py
{"bundles": 4, "completeClosures": 1, "failedAttempts": 0, "objectiveAchievedReceipts": 0, "runReceipts": 0}
[ok] /usr/bin/python3 projects/enwiki9/tools/enwiki9_evidence_matrix.py
wrote /home/x/deco/gamma/projects/enwiki9/docs/evidence_matrix.md
[ok] /usr/bin/python3 projects/enwiki9/tools/enwiki9_best_results.py
wrote /home/x/deco/gamma/projects/enwiki9/docs/best_results.md
[ok] /usr/bin/python3 projects/enwiki9/tools/enwiki9_status_receipt.py --candidate-audit-snapshot /home/x/deco/gamma/projects/enwiki9/candidate_inventory.json --candidate-audit-sha256 5d4cd5f0a80d504494c57c8f836e5ff063212bf6396ecb4f78018598b120adf3 --refresh-profile routine
wrote projects/enwiki9/docs/status_receipt.json
wrote projects/enwiki9/docs/status_receipt.md
[ok] /usr/bin/python3 projects/enwiki9/tools/enwiki9_ledger.py
{
  "generated_at": "2026-09-15T22:40:10+00:00",
  "algorithms": 1756,
  "programs": 1066,
  "proposals": 504,
  "runs": 2343,
  "mixes": 4,
  "notes": 574,
  "tools": 1213,
  "current_algorithms": 1044,
  "historical_algorithms": 712,
  "running": 0,
  "unverified_running": 0,
  "jobs": {
    "pending": 26,
    "running": 1,
    "completed": 400,
    "failed": 174,
    "cancelled": 318
  },
  "read_issues": 2
}
{"event": "claimed", "job_ids": ["20260915T222824Z_2095ae7d72"], "resources": {"load_1m": 0.559, "max_load": 32.0, "mem_available_mib": 63579, "min_free_mib": 2048}}
{"event": "batch_complete", "jobs": [{"candidate_id": "fx2_wrt_native250k_v1", "candidate_revision": {"path": "operations/adaptive/candidate-revisions/fx2_wrt_native250k_v1/20260915T222824039108Z_1dadab7e09d2.json", "sha256": "sha256:ffb153e423e47a98f4559211dae90affbe345d3a8711e7897369431f77ee1f6c"}, "candidate_tree_sha256": "sha256:1dadab7e09d29f580f983b4e4e34586ea0f686f00f030bc12b741b6bc079f8ae", "elapsed_seconds": 380.044, "execution_guard": {"path": "tools/run_with_resource_guard_v3.py", "sha256": "sha256:044147f7ffe6922ea8dafd52fc3d4426077b20958adbcd421245ad41adcfc1e4"}, "execution_mode": "discovery", "execution_resources": {"boot_id": "3ce46712-27bc-4199-8e48-e2b3d23926cb", "budget": {"cgroup_parent": "/sys/fs/cgroup/user.slice/user-1000.slice/user@1000.service/app.slice", "cpus": [2], "memory_bytes": 9999998976, "scratch_bytes": 24000000000, "swap_bytes": 0, "wall_seconds": 1800}, "cgroup_inode": 336167, "cgroup_path": "/sys/fs/cgroup/user.slice/user-1000.slice/user@1000.service/app.slice/gamma-enwiki9-20260915T222824Z_2095ae7d72", "cleanup_complete": true, "cpu_enforcement": "taskset-and-sampled-affinity-guard", "groups": [{"created": true, "inode": 336167, "kernel_cpuset": false, "memory_bytes": 9999998976, "path": "/sys/fs/cgroup/user.slice/user-1000.slice/user@1000.service/app.slice/gamma-enwiki9-20260915T222824Z_2095ae7d72"}], "guard_command_sha256": "cdf2999e0fa634d2d059e17103b4cd5376df9cc0be55f0d35363c3a299d00934", "guard_path": "run_logs/adaptive/20260915T222824Z_2095ae7d72.resources/guard.json", "missing_diagnostics": ["kernel cpuset controller is not delegated; taskset assignment and existing affinity guard remain active"], "timing_authority": "diagnostic"}, "experiment": {"path": "operations/adaptive/experiments/fx2_wrt_native250k_v1.json", "sha256": "sha256:f1ea55b9d34a9242366284f2d4b376aec765e17b2f0ac00aa4483696fd5d1caa"}, "finished_at": "2026-09-15T22:37:52+00:00", "gate_size": 250000, "held": false, "held_at": "2026-09-15T22:28:24+00:00", "hold_history": [{"at": "2026-09-15T22:28:24+00:00", "held": true, "reason": "Publish exact native source, tests and ownership; fresh CPU2 admission and inherited controller affinity before execution."}, {"at": "2026-09-15T22:31:31+00:00", "held": false, "reason": "Published a0eaa95cf, all37 inputs verified; fresh CPU2 admission recorded; controller affinity inherited; frozen native parity and component pricing only."}], "job_id": "20260915T222824Z_2095ae7d72", "log_path": "run_logs/adaptive/20260915T222824Z_2095ae7d72.log", "priority": 80, "proposal": {"path": "operations/adaptive/proposals/developed/949_fx2_wrt_native250k_v1.json", "sha256": "sha256:94ac89167d4547234528e96fad55e32d43154079ba1abc4490d27d044cfdcc81"}, "proposal_id": "fx2_wrt_native250k_v1", "purpose": "diagnostic", "released_at": "2026-09-15T22:31:31+00:00", "resource_budget": {"cgroup_parent": "/sys/fs/cgroup/user.slice/user-1000.slice/user@1000.service/app.slice", "cpus": [2], "memory_bytes": 9999998976, "scratch_bytes": 24000000000, "swap_bytes": 0, "wall_seconds": 1800}, "returncode": 0, "runner": {"path": "tools/fx2_wrt_native250k_v1.py", "sha256": "sha256:0b697d0b3922511a2a588e7d8f663dc298dd143fc756d22b977c27764fb1b390"}, "schema": "gamma.enwiki9.adaptive-job.v3", "scratch_directories": ["results/fx2_wrt_native250k_v1"], "started_at": "2026-09-15T22:31:31+00:00", "state": "completed", "submitted_at": "2026-09-15T22:28:24+00:00", "tags": [], "timing_authority": "diagnostic", "tool": "tools/fx2_wrt_native250k_v1.py", "tool_args": [], "worker_pid": 2227904, "worker_proc_start_ticks": 260762983, "worker_started_at": "2026-09-15T22:31:32+00:00"}], "refresh": {"candidate_audit.py": 0, "enwiki9_normalize_receipts.py": 0}}
