
cmix:     file format elf64-x86-64

Program Header:
    PHDR off    0x0000000000000040 vaddr 0x0000000000000040 paddr 0x0000000000000040 align 2**3
         filesz 0x0000000000000310 memsz 0x0000000000000310 flags r--
  INTERP off    0x0000000000000374 vaddr 0x0000000000000374 paddr 0x0000000000000374 align 2**0
         filesz 0x000000000000001c memsz 0x000000000000001c flags r--
    LOAD off    0x0000000000000000 vaddr 0x0000000000000000 paddr 0x0000000000000000 align 2**12
         filesz 0x00000000000051d0 memsz 0x00000000000051d0 flags r--
    LOAD off    0x0000000000006000 vaddr 0x0000000000006000 paddr 0x0000000000006000 align 2**12
         filesz 0x000000000004ab7d memsz 0x000000000004ab7d flags r-x
    LOAD off    0x0000000000051000 vaddr 0x0000000000051000 paddr 0x0000000000051000 align 2**12
         filesz 0x0000000000007a60 memsz 0x0000000000007a60 flags r--
    LOAD off    0x00000000000595b8 vaddr 0x00000000000595b8 paddr 0x00000000000595b8 align 2**12
         filesz 0x0000000000001560 memsz 0x0000000007c0d458 flags rw-
 DYNAMIC off    0x0000000000059a18 vaddr 0x0000000000059a18 paddr 0x0000000000059a18 align 2**3
         filesz 0x0000000000000210 memsz 0x0000000000000210 flags rw-
    NOTE off    0x0000000000000350 vaddr 0x0000000000000350 paddr 0x0000000000000350 align 2**2
         filesz 0x0000000000000024 memsz 0x0000000000000024 flags r--
    NOTE off    0x0000000000058a10 vaddr 0x0000000000058a10 paddr 0x0000000000058a10 align 2**3
         filesz 0x0000000000000030 memsz 0x0000000000000030 flags r--
    NOTE off    0x0000000000058a40 vaddr 0x0000000000058a40 paddr 0x0000000000058a40 align 2**2
         filesz 0x0000000000000020 memsz 0x0000000000000020 flags r--
0x6474e553 off    0x0000000000058a10 vaddr 0x0000000000058a10 paddr 0x0000000000058a10 align 2**3
         filesz 0x0000000000000030 memsz 0x0000000000000030 flags r--
EH_FRAME off    0x0000000000054aa0 vaddr 0x0000000000054aa0 paddr 0x0000000000054aa0 align 2**2
         filesz 0x000000000000090c memsz 0x000000000000090c flags r--
   STACK off    0x0000000000000000 vaddr 0x0000000000000000 paddr 0x0000000000000000 align 2**4
         filesz 0x0000000000000000 memsz 0x0000000000000000 flags rw-
   RELRO off    0x00000000000595b8 vaddr 0x00000000000595b8 paddr 0x00000000000595b8 align 2**0
         filesz 0x0000000000000a48 memsz 0x0000000000000a48 flags r--

Dynamic Section:
  NEEDED               libstdc++.so.6
  NEEDED               libm.so.6
  NEEDED               libc.so.6
  INIT                 0x0000000000006000
  FINI                 0x0000000000050b70
  INIT_ARRAY           0x00000000000595b8
  INIT_ARRAYSZ         0x0000000000000020
  FINI_ARRAY           0x00000000000595d8
  FINI_ARRAYSZ         0x0000000000000008
  GNU_HASH             0x0000000000000390
  STRTAB               0x0000000000001070
  SYMTAB               0x00000000000003e0
  STRSZ                0x0000000000000d69
  SYMENT               0x0000000000000018
  DEBUG                0x0000000000000000
  PLTGOT               0x0000000000059c28
  PLTRELSZ             0x0000000000000ac8
  PLTREL               0x0000000000000007
  JMPREL               0x0000000000004708
  RELA                 0x0000000000002068
  RELASZ               0x00000000000026a0
  RELAENT              0x0000000000000018
  FLAGS                0x0000000000000008
  FLAGS_1              0x0000000008000001
  VERNEED              0x0000000000001ee8
  VERNEEDNUM           0x0000000000000003
  VERSYM               0x0000000000001dda
  RELACOUNT            0x0000000000000182

Version References:
  required from libm.so.6:
    0x06969187 0x00 22 GLIBC_2.27
    0x09691a75 0x00 17 GLIBC_2.2.5
    0x06969189 0x00 14 GLIBC_2.29
  required from libstdc++.so.6:
    0x0297f870 0x00 21 GLIBCXX_3.4.20
    0x0297f868 0x00 20 GLIBCXX_3.4.18
    0x0297f861 0x00 19 GLIBCXX_3.4.11
    0x0bafd179 0x00 16 CXXABI_1.3.9
    0x0297f879 0x00 13 GLIBCXX_3.4.29
    0x056bafd3 0x00 11 CXXABI_1.3
    0x02297f89 0x00 10 GLIBCXX_3.4.9
    0x0bafd175 0x00 07 CXXABI_1.3.5
    0x0297f871 0x00 06 GLIBCXX_3.4.21
    0x0297f865 0x00 05 GLIBCXX_3.4.15
    0x08922974 0x00 04 GLIBCXX_3.4
  required from libc.so.6:
    0x0d696914 0x00 18 GLIBC_2.4
    0x06969194 0x00 15 GLIBC_2.14
    0x069691b4 0x00 12 GLIBC_2.34
    0x0d696917 0x00 09 GLIBC_2.7
    0x069691b8 0x00 08 GLIBC_2.38
    0x09691a75 0x00 03 GLIBC_2.2.5
    0x09691974 0x00 02 GLIBC_2.3.4

