1: 4p coalition_lab seat 1 greedy personal_infrastructure_v1: score 16, projects {"mega_cluster":1,"fusion_demonstrator":1,"quantum":1}, first production 2
2: 4p coalition_lab seat 1 greedy research_deploy_plan_v1: score 22, projects {}, first production none
3: 4p coalition_lab seat 1 weighted personal_infrastructure_v1: score 28, projects {"mega_cluster":1,"fusion_demonstrator":1}, first production 3
4: 4p coalition_lab seat 1 weighted research_deploy_plan_v1: score 24, projects {}, first production none
5: 4p platform_empire seat 2 greedy personal_infrastructure_v1: score 27, projects {"mega_cluster":1,"fusion_demonstrator":1,"quantum":1}, first production 2
6: 4p platform_empire seat 2 greedy research_deploy_plan_v1: score 22, projects {}, first production none
7: 4p platform_empire seat 2 weighted personal_infrastructure_v1: score 22, projects {"mega_cluster":1,"fusion_demonstrator":1,"quantum":1}, first production 2
8: 4p platform_empire seat 2 weighted research_deploy_plan_v1: score 22, projects {}, first production none
9: 4p imperial_research_lab seat 3 greedy personal_infrastructure_v1: score 18, projects {"mega_cluster":1,"fusion_demonstrator":1,"quantum":1}, first production 2
10: 4p imperial_research_lab seat 3 greedy research_deploy_plan_v1: score 21, projects {}, first production none
11: 4p imperial_research_lab seat 3 weighted personal_infrastructure_v1: score 25, projects {"mega_cluster":1,"fusion_demonstrator":1,"quantum":1}, first production 2
12: 4p imperial_research_lab seat 3 weighted research_deploy_plan_v1: score 24, projects {}, first production none
13: 4p vertical_empire seat 4 greedy personal_infrastructure_v1: score 24, projects {"mega_cluster":1,"fusion_demonstrator":1,"quantum":1}, first production 2
14: 4p vertical_empire seat 4 greedy research_deploy_plan_v1: score 24, projects {}, first production none
15: 4p vertical_empire seat 4 weighted personal_infrastructure_v1: score 18, projects {"mega_cluster":1,"quantum":1}, first production 2
16: 4p vertical_empire seat 4 weighted research_deploy_plan_v1: score 19, projects {}, first production none
17: 4p safety_laboratory seat 1 greedy personal_infrastructure_v1: score 27, projects {"mega_cluster":1,"fusion_demonstrator":1,"quantum":1}, first production 2
18: 4p safety_laboratory seat 1 greedy research_deploy_plan_v1: score 24, projects {}, first production none
19: 4p safety_laboratory seat 1 weighted personal_infrastructure_v1: score 17, projects {"mega_cluster":1,"fusion_demonstrator":1,"quantum":1}, first production 2
20: 4p safety_laboratory seat 1 weighted research_deploy_plan_v1: score 21, projects {}, first production none
21: 4p foundry seat 2 greedy personal_infrastructure_v1: score 23, projects {"mega_cluster":1,"fusion_demonstrator":1,"quantum":1}, first production 2
22: 4p foundry seat 2 greedy research_deploy_plan_v1: score 19, projects {}, first production none
23: 4p foundry seat 2 weighted personal_infrastructure_v1: score 21, projects {"mega_cluster":1,"quantum":1}, first production 2
24: 4p foundry seat 2 weighted research_deploy_plan_v1: score 21, projects {}, first production none
25: 2p coalition_lab seat 1 greedy personal_infrastructure_v1: score 21, projects {"mega_cluster":1,"fusion_demonstrator":1,"quantum":1}, first production 2
26: 2p coalition_lab seat 1 greedy research_deploy_plan_v1: score 21, projects {}, first production none
27: 2p coalition_lab seat 1 weighted personal_infrastructure_v1: score 31, projects {"mega_cluster":1,"fusion_demonstrator":1,"quantum":1}, first production 2
28: 2p coalition_lab seat 1 weighted research_deploy_plan_v1: score 22, projects {}, first production none
29: 2p platform_empire seat 2 greedy personal_infrastructure_v1: score 12, projects {"mega_cluster":1,"fusion_demonstrator":1,"quantum":1}, first production 2
30: 2p platform_empire seat 2 greedy research_deploy_plan_v1: score 14, projects {}, first production none
31: 2p platform_empire seat 2 weighted personal_infrastructure_v1: score 27, projects {"mega_cluster":1,"fusion_demonstrator":1}, first production 2
32: 2p platform_empire seat 2 weighted research_deploy_plan_v1: score 28, projects {}, first production none
33: 2p imperial_research_lab seat 1 greedy personal_infrastructure_v1: score 24, projects {"mega_cluster":1,"fusion_demonstrator":1,"quantum":1}, first production 2
34: 2p imperial_research_lab seat 1 greedy research_deploy_plan_v1: score 20, projects {}, first production none
35: 2p imperial_research_lab seat 1 weighted personal_infrastructure_v1: score 23, projects {"mega_cluster":1,"fusion_demonstrator":1,"quantum":1}, first production 2
36: 2p imperial_research_lab seat 1 weighted research_deploy_plan_v1: score 23, projects {}, first production none
37: 2p vertical_empire seat 2 greedy personal_infrastructure_v1: score 27, projects {"mega_cluster":1,"fusion_demonstrator":1,"quantum":1}, first production 2
38: 2p vertical_empire seat 2 greedy research_deploy_plan_v1: score 15, projects {}, first production none
39: 2p vertical_empire seat 2 weighted personal_infrastructure_v1: score 18, projects {"generator":1,"mega_cluster":1}, first production 3
40: 2p vertical_empire seat 2 weighted research_deploy_plan_v1: score 17, projects {}, first production none
41: 2p safety_laboratory seat 1 greedy personal_infrastructure_v1: score 23, projects {"mega_cluster":1,"fusion_demonstrator":1,"quantum":1}, first production 2
42: 2p safety_laboratory seat 1 greedy research_deploy_plan_v1: score 25, projects {}, first production none
43: 2p safety_laboratory seat 1 weighted personal_infrastructure_v1: score 20, projects {"mega_cluster":1,"fusion_demonstrator":1,"quantum":1}, first production 2
44: 2p safety_laboratory seat 1 weighted research_deploy_plan_v1: score 19, projects {}, first production none
45: 2p foundry seat 2 greedy personal_infrastructure_v1: score 23, projects {"mega_cluster":1,"fusion_demonstrator":1,"quantum":1}, first production 2
46: 2p foundry seat 2 greedy research_deploy_plan_v1: score 22, projects {}, first production none
47: 2p foundry seat 2 weighted personal_infrastructure_v1: score 28, projects {"mega_cluster":1,"fusion_demonstrator":1,"quantum":1}, first production 2
48: 2p foundry seat 2 weighted research_deploy_plan_v1: score 23, projects {}, first production none
49: 3p coalition_lab seat 1 greedy personal_infrastructure_v1: score 19, projects {"mega_cluster":1,"fusion_demonstrator":1,"quantum":1}, first production 2
50: 3p coalition_lab seat 1 greedy research_deploy_plan_v1: score 21, projects {}, first production none
51: 3p coalition_lab seat 1 weighted personal_infrastructure_v1: score 17, projects {"mega_cluster":1,"fusion_demonstrator":1}, first production 2
52: 3p coalition_lab seat 1 weighted research_deploy_plan_v1: score 16, projects {}, first production none
53: 3p platform_empire seat 2 greedy personal_infrastructure_v1: score 24, projects {"mega_cluster":1,"fusion_demonstrator":1,"quantum":1}, first production 2
node:internal/fs/promises:641
  return new FileHandle(await PromisePrototypeThen(
                        ^

Error: ENOSPC: no space left on device, open '/Users/xyz/deco/gamma/games/2038/evidence/studies/simulation/.20260908T150911294Z-tournament-0-20-1-db272f24e68d-2038-construction-personal-20260908-v1-block-26-1x3-research-deploy-plan-v1-2f6af71f-a499-4b45-88dc-3eb83cf3291e.tmp'
    at async open (node:internal/fs/promises:641:25)
    at async writeFile (node:internal/fs/promises:1215:14)
    at async archiveSimulationReport (file:///Users/xyz/deco/gamma/games/2038/lab/report-archive.js:68:5)
    at async file:///Users/xyz/deco/gamma/games/2038/lab/cli/construction-study.mjs:46:23 {
  errno: -28,
  code: 'ENOSPC',
  syscall: 'open',
  path: '/Users/xyz/deco/gamma/games/2038/evidence/studies/simulation/.20260908T150911294Z-tournament-0-20-1-db272f24e68d-2038-construction-personal-20260908-v1-block-26-1x3-research-deploy-plan-v1-2f6af71f-a499-4b45-88dc-3eb83cf3291e.tmp'
}

Node.js v22.20.0
