TAP version 13
# Subtest: personal chips preserve II / III / IV and all earlier unlocks
ok 1 - personal chips preserve II / III / IV and all earlier unlocks
  ---
  duration_ms: 149.562125
  type: 'test'
  ...
# Subtest: every institution can stack all three projects on one host once, without immediate rewards
ok 2 - every institution can stack all three projects on one host once, without immediate rewards
  ---
  duration_ms: 569.498625
  type: 'test'
  ...
# Subtest: unaffordable, rival-host and stale host plans reject before any payment
ok 3 - unaffordable, rival-host and stale host plans reject before any payment
  ---
  duration_ms: 105.460584
  type: 'test'
  ...
# Subtest: Build can construct the connected host and attach any personal project in the same action
ok 4 - Build can construct the connected host and attach any personal project in the same action
  ---
  duration_ms: 36.144916
  type: 'test'
  ...
# Subtest: Fusion follows its host, powers itself and only owned nearby Facilities, and uses no Generator slot
ok 5 - Fusion follows its host, powers itself and only owned nearby Facilities, and uses no Generator slot
  ---
  duration_ms: 6.090291
  type: 'test'
  ...
# Subtest: host outages pause yields without resetting chips; Quantum caps and thresholds apply at Production
ok 6 - host outages pause yields without resetting chips; Quantum caps and thresholds apply at Production
  ---
  duration_ms: 28.092417
  type: 'test'
  ...
# Subtest: Trust milestone and objective records use existing scoring history without handwriting
ok 7 - Trust milestone and objective records use existing scoring history without handwriting
  ---
  duration_ms: 26.881375
  type: 'test'
  ...
# Subtest: a nonstarting Fusion host remains a Power source after its ordinary Generator is removed
ok 8 - a nonstarting Fusion host remains a Power source after its ordinary Generator is removed
  ---
  duration_ms: 51.626583
  type: 'test'
  ...
# Subtest: Government rewards reach both district controllers regardless of tile order
ok 9 - Government rewards reach both district controllers regardless of tile order
  ---
  duration_ms: 40.344334
  type: 'test'
  ...
# Subtest: two Government districts pay once, while the Chip reward is separate
ok 10 - two Government districts pay once, while the Chip reward is separate
  ---
  duration_ms: 11.665916
  type: 'test'
  ...
# Subtest: contested and empty Government districts pay nobody; Court counts only acceptances
ok 11 - contested and empty Government districts pay nobody; Court counts only acceptances
  ---
  duration_ms: 17.654625
  type: 'test'
  ...
# Subtest: Trust awards retain their starting marks and never rescore after a loss or Era reset
ok 12 - Trust awards retain their starting marks and never rescore after a loss or Era reset
  ---
  duration_ms: 9.401375
  type: 'test'
  ...
# Subtest: Joint Ventures can share Mega-Cluster hosts and repeat a pair up to shared supply
ok 13 - Joint Ventures can share Mega-Cluster hosts and repeat a pair up to shared supply
  ---
  duration_ms: 31.392291
  type: 'test'
  ...
# Subtest: player documents teach actions early and preserve permanent physical state and precise aid rules
ok 14 - player documents teach actions early and preserve permanent physical state and precise aid rules
  ---
  duration_ms: 41.41225
  type: 'test'
  ...
1..14
# tests 14
# suites 0
# pass 14
# fail 0
# cancelled 0
# skipped 0
# todo 0
# duration_ms 1269.52125
