test_baseline_and_treatment_independently_invert_and_repeat (test_dualstream_grammar_argtokens_gate_v2.ArgumentGateTests.test_baseline_and_treatment_independently_invert_and_repeat) ... ok
test_fixed_baseline_and_treatment_cannot_be_dropped (test_dualstream_grammar_argtokens_gate_v2.ArgumentGateTests.test_fixed_baseline_and_treatment_cannot_be_dropped) ... ok
test_exact_arbitrary_bytes_and_deterministic_ablations (test_dualstream_grammar_argtokens_v2.ArgumentTokenTests.test_exact_arbitrary_bytes_and_deterministic_ablations) ... ok
test_invalid_reference_trailing_argument_and_expansion_limit_rejected (test_dualstream_grammar_argtokens_v2.ArgumentTokenTests.test_invalid_reference_trailing_argument_and_expansion_limit_rejected) ... ok
test_no_argument_sections_and_plain_payload_remain_identical (test_dualstream_grammar_argtokens_v2.ArgumentTokenTests.test_no_argument_sections_and_plain_payload_remain_identical) ... ok
test_shared_bindings_reconstruct_and_whole_arguments_are_not_pool_literals (test_dualstream_grammar_argtokens_v2.ArgumentTokenTests.test_shared_bindings_reconstruct_and_whole_arguments_are_not_pool_literals) ... ok
test_truncation_checksum_and_output_bounds (test_dualstream_grammar_argtokens_v2.ArgumentTokenTests.test_truncation_checksum_and_output_bounds) ... ok
test_file_command_refuses_partial_archive_publication (test_dualstream_grammar_bounded_v1.ArchiveBoundRepair.test_file_command_refuses_partial_archive_publication) ... ok
test_last_accepted_fixture_inverts_and_matches_parent (test_dualstream_grammar_bounded_v1.ArchiveBoundRepair.test_last_accepted_fixture_inverts_and_matches_parent) ... ok
test_parent_globals_and_accepted_archives_are_unchanged (test_dualstream_grammar_bounded_v1.ArchiveBoundRepair.test_parent_globals_and_accepted_archives_are_unchanged) ... ok
test_reviewer_first_failing_fixture_is_rejected_before_cap (test_dualstream_grammar_bounded_v1.ArchiveBoundRepair.test_reviewer_first_failing_fixture_is_rejected_before_cap) ... ok
test_short_target_write_is_an_explicit_failure (test_dualstream_grammar_bounded_v1.ArchiveBoundRepair.test_short_target_write_is_an_explicit_failure) ... ok
test_acyclic_empty_expansion_still_has_a_global_work_limit (grammar_bounded_parent_fixtures.DualStreamGrammarTest.test_acyclic_empty_expansion_still_has_a_global_work_limit) ... ok
test_auto_fallback_and_every_selected_change_pays (grammar_bounded_parent_fixtures.DualStreamGrammarTest.test_auto_fallback_and_every_selected_change_pays) ... ok
test_backward_recursive_phrases_and_templates (grammar_bounded_parent_fixtures.DualStreamGrammarTest.test_backward_recursive_phrases_and_templates) ... ok
test_bounded_deflate_and_integer_reader (grammar_bounded_parent_fixtures.DualStreamGrammarTest.test_bounded_deflate_and_integer_reader) ... ok
test_cyclic_and_forward_phrase_rules_are_rejected (grammar_bounded_parent_fixtures.DualStreamGrammarTest.test_cyclic_and_forward_phrase_rules_are_rejected) ... ok
test_cyclic_structure_rules_are_rejected (grammar_bounded_parent_fixtures.DualStreamGrammarTest.test_cyclic_structure_rules_are_rejected) ... ok
test_empty_and_arbitrary_bytes (grammar_bounded_parent_fixtures.DualStreamGrammarTest.test_empty_and_arbitrary_bytes) ... ok
test_exact_records_span_separate_bounded_frames (grammar_bounded_parent_fixtures.DualStreamGrammarTest.test_exact_records_span_separate_bounded_frames) ... ok
test_missing_extra_and_invalid_arguments_are_rejected (grammar_bounded_parent_fixtures.DualStreamGrammarTest.test_missing_extra_and_invalid_arguments_are_rejected) ... ok
test_no_normalization_of_markup_whitespace_or_unicode (grammar_bounded_parent_fixtures.DualStreamGrammarTest.test_no_normalization_of_markup_whitespace_or_unicode) ... ok
test_repeated_argument_discovery_and_interpreter (grammar_bounded_parent_fixtures.DualStreamGrammarTest.test_repeated_argument_discovery_and_interpreter) ... ok
test_streaming_file_reconstruction_and_existing_output_refusal (grammar_bounded_parent_fixtures.DualStreamGrammarTest.test_streaming_file_reconstruction_and_existing_output_refusal) ... ok
test_truncation_checksum_trailing_data_and_output_limits (grammar_bounded_parent_fixtures.DualStreamGrammarTest.test_truncation_checksum_trailing_data_and_output_limits) ... ok
test_actual_synthetic_subprocess_closes_and_reports_exact_archive (test_dualstream_grammar_gate_v1.GrammarGateTest.test_actual_synthetic_subprocess_closes_and_reports_exact_archive) ... ok
test_confirmation_cannot_select_multiple_configurations (test_dualstream_grammar_gate_v1.GrammarGateTest.test_confirmation_cannot_select_multiple_configurations) ... ok
test_four_ablations_and_bounds_are_mandatory (test_dualstream_grammar_gate_v1.GrammarGateTest.test_four_ablations_and_bounds_are_mandatory) ... ok
test_missing_executable_is_retained_as_launch_failure (test_dualstream_grammar_gate_v1.GrammarGateTest.test_missing_executable_is_retained_as_launch_failure) ... ok
test_timeout_and_unknown_kill_are_distinct (test_dualstream_grammar_gate_v1.GrammarGateTest.test_timeout_and_unknown_kill_are_distinct) ... ok
test_acyclic_empty_expansion_still_has_a_global_work_limit (test_dualstream_grammar_v1.DualStreamGrammarTest.test_acyclic_empty_expansion_still_has_a_global_work_limit) ... ok
test_auto_fallback_and_every_selected_change_pays (test_dualstream_grammar_v1.DualStreamGrammarTest.test_auto_fallback_and_every_selected_change_pays) ... ok
test_backward_recursive_phrases_and_templates (test_dualstream_grammar_v1.DualStreamGrammarTest.test_backward_recursive_phrases_and_templates) ... ok
test_bounded_deflate_and_integer_reader (test_dualstream_grammar_v1.DualStreamGrammarTest.test_bounded_deflate_and_integer_reader) ... ok
test_cyclic_and_forward_phrase_rules_are_rejected (test_dualstream_grammar_v1.DualStreamGrammarTest.test_cyclic_and_forward_phrase_rules_are_rejected) ... ok
test_cyclic_structure_rules_are_rejected (test_dualstream_grammar_v1.DualStreamGrammarTest.test_cyclic_structure_rules_are_rejected) ... ok
test_empty_and_arbitrary_bytes (test_dualstream_grammar_v1.DualStreamGrammarTest.test_empty_and_arbitrary_bytes) ... ok
test_exact_records_span_separate_bounded_frames (test_dualstream_grammar_v1.DualStreamGrammarTest.test_exact_records_span_separate_bounded_frames) ... ok
test_missing_extra_and_invalid_arguments_are_rejected (test_dualstream_grammar_v1.DualStreamGrammarTest.test_missing_extra_and_invalid_arguments_are_rejected) ... ok
test_no_normalization_of_markup_whitespace_or_unicode (test_dualstream_grammar_v1.DualStreamGrammarTest.test_no_normalization_of_markup_whitespace_or_unicode) ... ok
test_repeated_argument_discovery_and_interpreter (test_dualstream_grammar_v1.DualStreamGrammarTest.test_repeated_argument_discovery_and_interpreter) ... ok
test_streaming_file_reconstruction_and_existing_output_refusal (test_dualstream_grammar_v1.DualStreamGrammarTest.test_streaming_file_reconstruction_and_existing_output_refusal) ... ok
test_truncation_checksum_trailing_data_and_output_limits (test_dualstream_grammar_v1.DualStreamGrammarTest.test_truncation_checksum_trailing_data_and_output_limits) ... ok

----------------------------------------------------------------------
Ran 43 tests in 10.295s

OK
