test_R_and_S_use_visible_equal_capacity_history (__main__.FieldCodecTests.test_R_and_S_use_visible_equal_capacity_history) ... ok
test_all_arms_exact_on_synthetic_populations (__main__.FieldCodecTests.test_all_arms_exact_on_synthetic_populations) ... ok
test_archive_rejects_corruption_and_noncanonical_tail (__main__.FieldCodecTests.test_archive_rejects_corruption_and_noncanonical_tail) ... ok
test_checkpoint_rejects_corruption_bounds_and_false_pending (__main__.FieldCodecTests.test_checkpoint_rejects_corruption_bounds_and_false_pending) ... ok
test_checkpoint_restore_in_every_parser_phase (__main__.FieldCodecTests.test_checkpoint_restore_in_every_parser_phase) ... ok
test_checkpoint_restore_midbyte_and_mid_donor (__main__.FieldCodecTests.test_checkpoint_restore_midbyte_and_mid_donor) ... ok
test_empty_and_boundary_raw (__main__.FieldCodecTests.test_empty_and_boundary_raw) ... ok
test_fifo_capacity_and_existing_key_replacement (__main__.FieldCodecTests.test_fifo_capacity_and_existing_key_replacement) ... ok
test_future_suffixes_never_change_shared_prefix (__main__.FieldCodecTests.test_future_suffixes_never_change_shared_prefix) ... ok
test_independent_cli_roundtrips_and_repeats (__main__.FieldCodecTests.test_independent_cli_roundtrips_and_repeats) ... ok
test_integer_posterior_and_mismatch_update_order (__main__.FieldCodecTests.test_integer_posterior_and_mismatch_update_order) ... ok
test_nested_and_overlong_invocations_remain_quarantined (__main__.FieldCodecTests.test_nested_and_overlong_invocations_remain_quarantined) ... ok
test_predict_must_precede_truth_and_truth_is_bounded (__main__.FieldCodecTests.test_predict_must_precede_truth_and_truth_is_bounded) ... ok
test_prefix_parser_never_commits_until_second_close (__main__.FieldCodecTests.test_prefix_parser_never_commits_until_second_close) ... ok
test_source_inventory_contains_bound_primitives (__main__.FieldCodecTests.test_source_inventory_contains_bound_primitives) ... ok
test_template_key_value_and_field_bounds (__main__.FieldCodecTests.test_template_key_value_and_field_bounds) ... ok
test_three_record_conditional_falsifier (__main__.FieldCodecTests.test_three_record_conditional_falsifier) ... ok
test_truncation_at_every_prefix_and_split_brace_pair (__main__.FieldCodecTests.test_truncation_at_every_prefix_and_split_brace_pair) ... ok
test_unknown_and_duplicate_keys_do_not_choose_hidden_donors (__main__.FieldCodecTests.test_unknown_and_duplicate_keys_do_not_choose_hidden_donors) ... ok

----------------------------------------------------------------------
Ran 19 tests in 2.714s

OK
