test_entry_reuses_exact_terminal_reflection_without_rewriting_running_record (test_enwiki9_entry_resources.LivenessTests.test_entry_reuses_exact_terminal_reflection_without_rewriting_running_record) ... ok
test_enveloped_foreign_view_preserves_exact_guard_identity_check (test_enwiki9_entry_resources.LivenessTests.test_enveloped_foreign_view_preserves_exact_guard_identity_check) ... ok
test_exact_live_worker_takes_precedence_over_terminal_fallback (test_enwiki9_entry_resources.LivenessTests.test_exact_live_worker_takes_precedence_over_terminal_fallback) ... ok
test_foreign_root_cannot_borrow_canonical_terminal_records (test_enwiki9_entry_resources.LivenessTests.test_foreign_root_cannot_borrow_canonical_terminal_records) ... ok
test_missing_tampered_ambiguous_or_invalid_terminal_evidence_stays_unknown (test_enwiki9_entry_resources.LivenessTests.test_missing_tampered_ambiguous_or_invalid_terminal_evidence_stays_unknown) ... ok
test_cgroup_unlimited_memory_still_respects_host_availability (test_enwiki9_entry_resources.ResourceTests.test_cgroup_unlimited_memory_still_respects_host_availability) ... ok
test_controller_disabled_below_parent_retains_parent_cpu_cap (test_enwiki9_entry_resources.ResourceTests.test_controller_disabled_below_parent_retains_parent_cpu_cap) ... ok
test_cpu_guest_ticks_not_double_counted_and_iowait_separate (test_enwiki9_entry_resources.ResourceTests.test_cpu_guest_ticks_not_double_counted_and_iowait_separate) ... ok
test_cpu_reset_missing_or_no_ticks_remain_unknown (test_enwiki9_entry_resources.ResourceTests.test_cpu_reset_missing_or_no_ticks_remain_unknown) ... ok
test_entry_exposes_timeline_and_resources_without_mutating_jobs (test_enwiki9_entry_resources.ResourceTests.test_entry_exposes_timeline_and_resources_without_mutating_jobs) ... ok
test_missing_nonroot_limit_is_unknown_not_unlimited (test_enwiki9_entry_resources.ResourceTests.test_missing_nonroot_limit_is_unknown_not_unlimited) ... ok
test_missing_probes_do_not_report_free_capacity (test_enwiki9_entry_resources.ResourceTests.test_missing_probes_do_not_report_free_capacity) ... ok
test_parent_cgroup_caps_and_affinity_limit_headroom (test_enwiki9_entry_resources.ResourceTests.test_parent_cgroup_caps_and_affinity_limit_headroom) ... ok
test_identity_mismatch_or_unverified_occupancy_suppresses_estimate (test_enwiki9_entry_resources.TimelineTests.test_identity_mismatch_or_unverified_occupancy_suppresses_estimate) ... ok
test_invalid_or_changed_counters_do_not_predict (test_enwiki9_entry_resources.TimelineTests.test_invalid_or_changed_counters_do_not_predict) ... ok
test_invalid_start_and_budget_never_become_deadlines (test_enwiki9_entry_resources.TimelineTests.test_invalid_start_and_budget_never_become_deadlines) ... ok
test_malformed_optional_observations_remain_unknown (test_enwiki9_entry_resources.TimelineTests.test_malformed_optional_observations_remain_unknown) ... ok
test_missing_progress_is_unknown_without_hiding_recorded_start (test_enwiki9_entry_resources.TimelineTests.test_missing_progress_is_unknown_without_hiding_recorded_start) ... ok
test_phase_prediction_is_distinct_from_stop_and_job_finish (test_enwiki9_entry_resources.TimelineTests.test_phase_prediction_is_distinct_from_stop_and_job_finish) ... ok
test_repository_and_project_relative_observer_paths_match (test_enwiki9_entry_resources.TimelineTests.test_repository_and_project_relative_observer_paths_match) ... ok
test_stale_future_and_overwide_samples_do_not_predict (test_enwiki9_entry_resources.TimelineTests.test_stale_future_and_overwide_samples_do_not_predict) ... ok

----------------------------------------------------------------------
Ran 21 tests in 0.195s

OK
