wrote projects/enwiki9/candidate_inventory.json
wrote projects/enwiki9/CANDIDATE_INVENTORY.md
Refresh profile: routine
Unselected historical views were not refreshed and may be stale. Run --profile full to regenerate and check them.
[ok] /usr/bin/python3 projects/enwiki9/tools/hutter_upper_bound_certificate.py
[ok] /usr/bin/python3 projects/enwiki9/tools/hutter_run_ledger.py
wrote /home/x/deco/gamma/projects/enwiki9/docs/hutter_run_ledger.json
wrote /home/x/deco/gamma/projects/enwiki9/docs/hutter_run_ledger.md
[ok] /usr/bin/python3 projects/enwiki9/tools/enwiki9_release_receipts.py
{"bundles": 4, "completeClosures": 1, "failedAttempts": 0, "objectiveAchievedReceipts": 0, "runReceipts": 0}
[ok] /usr/bin/python3 projects/enwiki9/tools/enwiki9_evidence_matrix.py
wrote /home/x/deco/gamma/projects/enwiki9/docs/evidence_matrix.md
[ok] /usr/bin/python3 projects/enwiki9/tools/enwiki9_best_results.py
wrote /home/x/deco/gamma/projects/enwiki9/docs/best_results.md
[ok] /usr/bin/python3 projects/enwiki9/tools/enwiki9_status_receipt.py --candidate-audit-snapshot /home/x/deco/gamma/projects/enwiki9/candidate_inventory.json --candidate-audit-sha256 56fa3e1352bed8f9b5220eb911d6249405249ba99b80d3e4f8de2e815dab86d5 --refresh-profile routine
wrote projects/enwiki9/docs/status_receipt.json
wrote projects/enwiki9/docs/status_receipt.md
[ok] /usr/bin/python3 projects/enwiki9/tools/enwiki9_ledger.py
{
  "generated_at": "2026-09-13T00:28:47+00:00",
  "algorithms": 1729,
  "programs": 1040,
  "proposals": 478,
  "runs": 2302,
  "mixes": 4,
  "notes": 574,
  "tools": 1162,
  "current_algorithms": 1029,
  "historical_algorithms": 700,
  "running": 0,
  "unverified_running": 0,
  "jobs": {
    "pending": 26,
    "running": 1,
    "completed": 383,
    "failed": 167,
    "cancelled": 316
  },
  "read_issues": 2
}
{
  "candidate_audit.py": 0,
  "enwiki9_normalize_receipts.py": 0
}
