test_bad_tables (test_dualstream_enumerative_v1.EnumerativeTests.test_bad_tables) ... ok
test_base_import_not_mutated (test_dualstream_enumerative_v1.EnumerativeTests.test_base_import_not_mutated) ... ok
test_empty_frames_corruption_and_output_bounds (test_dualstream_enumerative_v1.EnumerativeTests.test_empty_frames_corruption_and_output_bounds) ... ok
test_exact_width_boundaries (test_dualstream_enumerative_v1.EnumerativeTests.test_exact_width_boundaries) ... ok
test_invalid_counts_and_ranks (test_dualstream_enumerative_v1.EnumerativeTests.test_invalid_counts_and_ranks) ... ok
test_modes_versions_and_identity (test_dualstream_enumerative_v1.EnumerativeTests.test_modes_versions_and_identity) ... ok
test_rank_matches_exhaustive_lexicographic_order (test_dualstream_enumerative_v1.EnumerativeTests.test_rank_matches_exhaustive_lexicographic_order) ... ok
test_sections_arbitrary_bytes_and_chunks (test_dualstream_enumerative_v1.EnumerativeTests.test_sections_arbitrary_bytes_and_chunks) ... ok
test_shared_arguments_manual_graph (test_dualstream_enumerative_v1.EnumerativeTests.test_shared_arguments_manual_graph) ... ok
test_truncated_sections (test_dualstream_enumerative_v1.EnumerativeTests.test_truncated_sections) ... ok

----------------------------------------------------------------------
Ran 10 tests in 0.369s

OK
	Command being timed: "python3 -B -m unittest discover -s tests -p test_dualstream_enumerative_v1.py -v"
	User time (seconds): 0.41
	System time (seconds): 0.00
	Percent of CPU this job got: 99%
	Elapsed (wall clock) time (h:mm:ss or m:ss): 0:00.42
	Average shared text size (kbytes): 0
	Average unshared data size (kbytes): 0
	Average stack size (kbytes): 0
	Average total size (kbytes): 0
	Maximum resident set size (kbytes): 23400
	Average resident set size (kbytes): 0
	Major (requiring I/O) page faults: 0
	Minor (reclaiming a frame) page faults: 3302
	Voluntary context switches: 1
	Involuntary context switches: 4
	Swaps: 0
	File system inputs: 0
	File system outputs: 8
	Socket messages sent: 0
	Socket messages received: 0
	Signals delivered: 0
	Page size (bytes): 4096
	Exit status: 0
