{
  "arm": "E-A",
  "clean_codec_environment": {
    "CMIX_PPM_RSS_MB": "8192",
    "GAMMA_RESOURCE_PHASE_MARKERS": "/home/x/deco/gamma/projects/enwiki9/results/cmix_obias_source_ppm_rss_env8192_zombiefix_q0_v1/e_a/phase-markers.jsonl",
    "KH_BITLSTM32": "/home/x/deco/gamma/projects/enwiki9/scratch/cmix_obias_source_ppm_rss_env8192_zombiefix_q0_v1/e_a/head.blob",
    "PATH": "/usr/bin:/bin"
  },
  "exact_decode_filename": null,
  "execution": {
    "argv": [
      "/home/x/deco/gamma/projects/enwiki9/scratch/cmix_obias_source_ppm_rss_env8192_zombiefix_q0_v1/e_a/cmix",
      "-e",
      "/home/x/deco/gamma/projects/enwiki9/scratch/cmix_obias_source_ppm_rss_env8192_zombiefix_q0_v1/population.bin",
      "out.cmix"
    ],
    "elapsed_seconds": 183.290883,
    "final_process_accounting_complete": false,
    "identity_errors": [],
    "measurement_complete": true,
    "measurement_errors": [],
    "measurement_scope": "Identity-stable per-process sampled counters only. Unique-tree IO totals are unavailable because parent IO can include waited-for children. Fault totals are sampled and not exhaustive child coverage or final lifetime totals.",
    "ppm_residency": {
      "claim_boundary": "Observed mapping-RSS drops and regrowth plus process-tree faults and IO quantify purge/refault effects; they are not a direct madvise call count.",
      "event_threshold_kib": 32768,
      "events": [],
      "events_truncated": false,
      "maximum_dirty_kib": 14912,
      "maximum_referenced_kib": 15788,
      "maximum_rss_kib": 15788,
      "minimum_rss_kib": 8,
      "observation_count": 33,
      "observed_drop_count": 0,
      "observed_refault_growth_count": 0
    },
    "previously_sampled_terminal_io_unavailable": [
      {
        "after": {
          "major_faults": 2946,
          "minor_faults": 287409,
          "ok": true,
          "pid": 3389792,
          "start_ticks": 165434410,
          "state": "Z"
        },
        "before": {
          "major_faults": 2946,
          "minor_faults": 287409,
          "ok": true,
          "pid": 3389792,
          "start_ticks": 165434410,
          "state": "Z"
        },
        "classification": "sampled_terminal_io_unavailable",
        "io": {
          "errno": 13,
          "error": "PermissionError",
          "ok": false
        },
        "pid": 3389792,
        "prior_successful_identity_sample": true
      }
    ],
    "process_tree_totals": {
      "major_faults": 8866,
      "minor_faults": 756086,
      "read_bytes": null,
      "write_bytes": null
    },
    "processes": [
      {
        "major_faults": 2946,
        "minor_faults": 287405,
        "pid": 3389792,
        "read_bytes": 0,
        "start_ticks": 165434410,
        "write_bytes": 85192704
      },
      {
        "major_faults": 0,
        "minor_faults": 71,
        "pid": 3389793,
        "read_bytes": 0,
        "start_ticks": 165434412,
        "write_bytes": 0
      },
      {
        "major_faults": 3947,
        "minor_faults": 223356,
        "pid": 3389794,
        "read_bytes": 0,
        "start_ticks": 165434412,
        "write_bytes": 35184640
      },
      {
        "major_faults": 0,
        "minor_faults": 70,
        "pid": 3405320,
        "read_bytes": 0,
        "start_ticks": 165441990,
        "write_bytes": 0
      },
      {
        "major_faults": 1973,
        "minor_faults": 245184,
        "pid": 3405321,
        "read_bytes": 0,
        "start_ticks": 165441990,
        "write_bytes": 16027648
      }
    ],
    "proven_exit_races": [],
    "raw_io_sum_authority": "None: per-process IO may include waited-for children, so this sum can overlap and is not unique-tree IO or a physical-IO bound.",
    "raw_sum_of_sampled_process_io_counters": {
      "read_bytes": 0,
      "write_bytes": 136404992
    },
    "returncode": 0,
    "sample_count": 679,
    "stderr": {
      "bytes": 696052,
      "path": "/home/x/deco/gamma/projects/enwiki9/results/cmix_obias_source_ppm_rss_env8192_zombiefix_q0_v1/e_a/codec.stderr",
      "sha256": "87f185691b8626de85d844d861e2a8611398b80b3000f6a044d5a960f0d90085"
    },
    "stdout": {
      "bytes": 192,
      "path": "/home/x/deco/gamma/projects/enwiki9/results/cmix_obias_source_ppm_rss_env8192_zombiefix_q0_v1/e_a/codec.stdout",
      "sha256": "683ea3918a12f81d37df25834aceb41b317a92dd2ed3258857f435a2d44a13cd"
    }
  },
  "execution_artifact": {
    "bytes": 3694,
    "path": "/home/x/deco/gamma/projects/enwiki9/results/cmix_obias_source_ppm_rss_env8192_zombiefix_q0_v1/e_a/execution.json",
    "sha256": "361773fa46a80ac5c299285c60c6c629bb9ef1856bbd5bdd7ba14c21dc4efe00"
  },
  "inputs": {
    "head": {
      "bytes": 23002,
      "path": "/home/x/deco/gamma/projects/enwiki9/results/cmix_obias_source_1m_roundtrip_qm3_v1/head.blob",
      "sha256": "35cd24fed87c3409994abf5573b5697be19ea03b5ece0928b69b1cdc4f3b6078"
    },
    "package": {
      "bytes": 468481,
      "path": "/home/x/deco/gamma/projects/enwiki9/results/cmix_obias_source_1m_roundtrip_qm3_v1/cmix",
      "sha256": "4ba53d3652c4e6de4126b4c03006e45a5f7e0511abd5d9661bf8132236ef1d2a"
    },
    "population": {
      "bytes": 1000000,
      "path": "/home/x/deco/gamma/projects/enwiki9/scratch/cmix_obias_source_ppm_rss_env8192_zombiefix_q0_v1/population.bin",
      "sha256": "369b688978f649681136198fb96db14c1616756260c55fb4b65e9bc049552cad"
    }
  },
  "mode": "encode",
  "outputs": {
    "archive": {
      "bytes": 464298,
      "path": "/home/x/deco/gamma/projects/enwiki9/results/cmix_obias_source_ppm_rss_env8192_zombiefix_q0_v1/e_a/archive9",
      "sha256": "9065eaf54f81e441598fd53c39f909db49d6a9627ae0456eabb8c77099b8ccc4"
    },
    "payload": {
      "bytes": 172605,
      "path": "/home/x/deco/gamma/projects/enwiki9/results/cmix_obias_source_ppm_rss_env8192_zombiefix_q0_v1/e_a/out.cmix",
      "sha256": "a723ca62ae2237354888dc23c3e2bb08eb166276719a011eb95bf52774d70db7"
    }
  },
  "phase_marker_path": "/home/x/deco/gamma/projects/enwiki9/results/cmix_obias_source_ppm_rss_env8192_zombiefix_q0_v1/e_a/phase-markers.jsonl",
  "ppm_rss_environment": {
    "CMIX_PPM_RSS_MB": "8192"
  },
  "schema": "gamma.enwiki9.cmix-obias-source-ppm-rss-env8192-opening1m-stage.zombiefix-q0-v1",
  "scope_bytes": 1000000,
  "stage_pass": true
}
{
  "resource_guard": {
    "cgroup": {
      "inode": 213657,
      "joined_before_exec": true,
      "memory_and_swap_verified_before_child_exec": true,
      "memory_max_bytes": 9999998976,
      "memory_max_rounding_bytes": 1024,
      "memory_peak_reset": true,
      "memory_swap_max_bytes": 0,
      "path": "/sys/fs/cgroup/user.slice/user-1000.slice/user@1000.service/app.slice/gamma-cmix-obias-env8192-opening1m-zombiefix-q0-v1-e_a",
      "previous_memory_max": "max",
      "previous_memory_swap_max": "max",
      "requested_memory_max_bytes": 10000000000,
      "requested_memory_swap_max_bytes": 0
    },
    "cgroup_events": {
      "baseline": {
        "high": 0,
        "low": 0,
        "max": 0,
        "oom": 0,
        "oom_group_kill": 0,
        "oom_kill": 0,
        "sock_throttled": 0
      },
      "delta": {
        "high": 0,
        "low": 0,
        "max": 0,
        "oom": 0,
        "oom_group_kill": 0,
        "oom_kill": 0,
        "sock_throttled": 0
      },
      "final": {
        "high": 0,
        "low": 0,
        "max": 0,
        "oom": 0,
        "oom_group_kill": 0,
        "oom_kill": 0,
        "sock_throttled": 0
      }
    },
    "command": [
      "/usr/bin/python3",
      "/home/x/deco/gamma/projects/enwiki9/tools/cmix_obias_source_ppm_rss_env8192_zombiefix_q0_v1_stage.py",
      "--mode",
      "encode",
      "--arm",
      "E-A",
      "--work-root",
      "/home/x/deco/gamma/projects/enwiki9/scratch/cmix_obias_source_ppm_rss_env8192_zombiefix_q0_v1/e_a",
      "--result-root",
      "/home/x/deco/gamma/projects/enwiki9/results/cmix_obias_source_ppm_rss_env8192_zombiefix_q0_v1/e_a",
      "--receipt",
      "/home/x/deco/gamma/projects/enwiki9/results/cmix_obias_source_ppm_rss_env8192_zombiefix_q0_v1/e_a/stage.json",
      "--ppm-rss-mb",
      "8192",
      "--input",
      "/home/x/deco/gamma/projects/enwiki9/scratch/cmix_obias_source_ppm_rss_env8192_zombiefix_q0_v1/population.bin",
      "--package",
      "/home/x/deco/gamma/projects/enwiki9/results/cmix_obias_source_1m_roundtrip_qm3_v1/cmix",
      "--head",
      "/home/x/deco/gamma/projects/enwiki9/results/cmix_obias_source_1m_roundtrip_qm3_v1/head.blob"
    ],
    "command_sha256": "34a2d567b5ffad3eac6b3e7ed9593ddb4739c44196057bd8d65f9fb2b746f69c",
    "elapsed_s": 183.8978,
    "guards": {
      "cgroup_memory_guard_exceeded": false,
      "logical_cpu_guard_exceeded": false,
      "measurement_incomplete": false,
      "official_decimal_memory_exceeded": false,
      "phase_marker_invalid": false,
      "rss_guard_exceeded": false,
      "temporary_disk_guard_exceeded": false,
      "wall_time_guard_exceeded": false
    },
    "label": "cmix_obias_source_ppm_rss_env8192_zombiefix_q0_v1-e_a",
    "latest_sample": {
      "allowed_cpu_union": [],
      "cgroup_current_bytes": 11231232,
      "elapsed_s": 183.8963,
      "max_single_rss_kib": 0,
      "persistent_status_misses": [],
      "processes": [],
      "scratch_allocated_bytes": 22470656,
      "scratch_file_count": 68,
      "scratch_logical_bytes": 22292767,
      "scratch_race_count": 0,
      "tree_live_threads": 0,
      "tree_rss_kib": 0,
      "tree_runnable_threads": 0
    },
    "limit_kib": 9765625,
    "limit_mode": "tree",
    "max_logical_cpus": 1,
    "measurements": {
      "affinity_complete": true,
      "cgroup_v2_complete": true,
      "per_process_vmhwm_sampled": true,
      "phase_markers_complete": true,
      "process_tree_rss_complete": true,
      "scratch_logical_and_allocated_complete": true,
      "smaps_rollup_complete": true
    },
    "objective": {
      "corpusBytes": 1000000000,
      "corpusSha256": "159b85351e5f76e60cbe32e04c677847a9ecba3adc79addab6f4c6c7aa3744bc",
      "objectiveDigest": "sha256:ce4c435c0f398caf65a09050c8518d9c5ea63239f9156048ea2aaaf9b8ffa7e8",
      "objectiveId": "gamma-enwiki9-hutter-105m-v1",
      "objectivePath": "contracts/research/v1/objective-contract.json",
      "targetScoreBytes": 105000000
    },
    "official_decimal_limit_kib": 9765625,
    "peak_process_vmhwm": {
      "comm": "cmix",
      "observed_elapsed_s": 182.8934,
      "pid": 3389792,
      "start_ticks": 165434410,
      "vmhwm_kib": 8352052
    },
    "peak_sample": {
      "allowed_cpu_union": [
        2
      ],
      "cgroup_current_bytes": 8586989568,
      "elapsed_s": 182.8934,
      "max_single_rss_kib": 8352052,
      "persistent_status_misses": [],
      "processes": [
        {
          "allowed_cpus": [
            2
          ],
          "comm": "python3",
          "live_threads": 1,
          "pid": 3389773,
          "rss_kib": 23580,
          "runnable_threads": 0,
          "start_ticks": 165434404,
          "vmhwm_kib": 23580
        },
        {
          "allowed_cpus": [
            2
          ],
          "comm": "cmix",
          "live_threads": 1,
          "pid": 3389792,
          "rss_kib": 8352052,
          "runnable_threads": 1,
          "start_ticks": 165434410,
          "vmhwm_kib": 8352052
        }
      ],
      "scratch_allocated_bytes": 32518144,
      "scratch_file_count": 60,
      "scratch_logical_bytes": 14700419240,
      "scratch_race_count": 0,
      "tree_live_threads": 2,
      "tree_rss_kib": 8375632,
      "tree_runnable_threads": 1
    },
    "peak_tree_sample": {
      "allowed_cpu_union": [
        2
      ],
      "cgroup_current_bytes": 8586989568,
      "elapsed_s": 182.8934,
      "max_single_rss_kib": 8352052,
      "persistent_status_misses": [],
      "processes": [
        {
          "allowed_cpus": [
            2
          ],
          "comm": "python3",
          "live_threads": 1,
          "pid": 3389773,
          "rss_kib": 23580,
          "runnable_threads": 0,
          "start_ticks": 165434404,
          "vmhwm_kib": 23580
        },
        {
          "allowed_cpus": [
            2
          ],
          "comm": "cmix",
          "live_threads": 1,
          "pid": 3389792,
          "rss_kib": 8352052,
          "runnable_threads": 1,
          "start_ticks": 165434410,
          "vmhwm_kib": 8352052
        }
      ],
      "scratch_allocated_bytes": 32518144,
      "scratch_file_count": 60,
      "scratch_logical_bytes": 14700419240,
      "scratch_race_count": 0,
      "tree_live_threads": 2,
      "tree_rss_kib": 8375632,
      "tree_runnable_threads": 1
    },
    "peaks": {
      "cgroup_memory_peak_bytes": 8587251712,
      "max_observed_process_vmhwm_kib": 8352052,
      "max_sampled_allowed_cpu_count": 1,
      "max_sampled_cgroup_current_bytes": 8586989568,
      "max_sampled_scratch_allocated_bytes": 32518144,
      "max_sampled_scratch_logical_bytes": 14700419240,
      "max_sampled_single_rss_kib": 8352052,
      "max_sampled_tree_live_threads": 4,
      "max_sampled_tree_rss_kib": 8375632,
      "max_sampled_tree_runnable_threads": 2
    },
    "phase": "identity",
    "phase_marker_path": "/home/x/deco/gamma/projects/enwiki9/results/cmix_obias_source_ppm_rss_env8192_zombiefix_q0_v1/e_a/phase-markers.jsonl",
    "phase_markers": [
      {
        "detail": null,
        "event": "start",
        "observed_elapsed_s": 0.5244,
        "phase": "opening1m_e_a",
        "source_line": 1
      },
      {
        "detail": null,
        "event": "end",
        "observed_elapsed_s": 183.3946,
        "phase": "opening1m_e_a",
        "source_line": 2
      }
    ],
    "returncode": 0,
    "sample_count": 367,
    "sample_interval_seconds": 0.5,
    "schema": "gamma.enwiki9.resource-guard-receipt.v3",
    "scratch_paths": [
      "/home/x/deco/gamma/projects/enwiki9/scratch/cmix_obias_source_ppm_rss_env8192_zombiefix_q0_v1",
      "/home/x/deco/gamma/projects/enwiki9/results/cmix_obias_source_ppm_rss_env8192_zombiefix_q0_v1"
    ],
    "smaps_rollup_checkpoints": [
      {
        "elapsed_s": 0.0225,
        "processes": [
          {
            "pid": 3389773,
            "rollup_kib": {
              "AnonHugePages": 0,
              "Anonymous": 2196,
              "FilePmdMapped": 0,
              "KSM": 0,
              "LazyFree": 0,
              "Locked": 0,
              "Private_Clean": 28,
              "Private_Dirty": 2196,
              "Private_Hugetlb": 0,
              "Pss": 2764,
              "Pss_Anon": 2196,
              "Pss_Dirty": 2196,
              "Pss_File": 568,
              "Pss_Shmem": 0,
              "Referenced": 7940,
              "Rss": 7940,
              "Shared_Clean": 5716,
              "Shared_Dirty": 0,
              "Shared_Hugetlb": 0,
              "ShmemPmdMapped": 0,
              "Swap": 0,
              "SwapPss": 0
            },
            "start_ticks": 165434404
          }
        ],
        "reason": "initial+rss_growth",
        "tree_rss_kib": 7940
      },
      {
        "elapsed_s": 0.5244,
        "processes": [
          {
            "pid": 3389773,
            "rollup_kib": {
              "AnonHugePages": 0,
              "Anonymous": 11028,
              "FilePmdMapped": 0,
              "KSM": 0,
              "LazyFree": 0,
              "Locked": 0,
              "Private_Clean": 0,
              "Private_Dirty": 11028,
              "Private_Hugetlb": 0,
              "Pss": 12073,
              "Pss_Anon": 11028,
              "Pss_Dirty": 11028,
              "Pss_File": 1045,
              "Pss_Shmem": 0,
              "Referenced": 22840,
              "Rss": 22840,
              "Shared_Clean": 11812,
              "Shared_Dirty": 0,
              "Shared_Hugetlb": 0,
              "ShmemPmdMapped": 0,
              "Swap": 0,
              "SwapPss": 0
            },
            "start_ticks": 165434404
          },
          {
            "pid": 3389792,
            "rollup_kib": {
              "AnonHugePages": 0,
              "Anonymous": 1932,
              "FilePmdMapped": 0,
              "KSM": 0,
              "LazyFree": 0,
              "Locked": 0,
              "Private_Clean": 0,
              "Private_Dirty": 2012,
              "Private_Hugetlb": 0,
              "Pss": 2294,
              "Pss_Anon": 1932,
              "Pss_Dirty": 2012,
              "Pss_File": 282,
              "Pss_Shmem": 80,
              "Referenced": 5948,
              "Rss": 5948,
              "Shared_Clean": 3936,
              "Shared_Dirty": 0,
              "Shared_Hugetlb": 0,
              "ShmemPmdMapped": 0,
              "Swap": 0,
              "SwapPss": 0
            },
            "start_ticks": 165434410
          },
          {
            "pid": 3389793,
            "rollup_kib": {
              "AnonHugePages": 0,
              "Anonymous": 112,
              "FilePmdMapped": 0,
              "KSM": 0,
              "LazyFree": 0,
              "Locked": 0,
              "Private_Clean": 120,
              "Private_Dirty": 112,
              "Private_Hugetlb": 0,
              "Pss": 253,
              "Pss_Anon": 112,
              "Pss_Dirty": 112,
              "Pss_File": 141,
              "Pss_Shmem": 0,
              "Referenced": 1948,
              "Rss": 1948,
              "Shared_Clean": 1716,
              "Shared_Dirty": 0,
              "Shared_Hugetlb": 0,
              "ShmemPmdMapped": 0,
              "Swap": 0,
              "SwapPss": 0
            },
            "start_ticks": 165434412
          },
          {
            "pid": 3389794,
            "rollup_kib": {
              "AnonHugePages": 5818368,
              "Anonymous": 6578640,
              "FilePmdMapped": 0,
              "KSM": 0,
              "LazyFree": 0,
              "Locked": 0,
              "Private_Clean": 8,
              "Private_Dirty": 6579016,
              "Private_Hugetlb": 0,
              "Pss": 6579340,
              "Pss_Anon": 6578640,
              "Pss_Dirty": 6579016,
              "Pss_File": 340,
              "Pss_Shmem": 360,
              "Referenced": 6583224,
              "Rss": 6583224,
              "Shared_Clean": 4200,
              "Shared_Dirty": 0,
              "Shared_Hugetlb": 0,
              "ShmemPmdMapped": 0,
              "Swap": 0,
              "SwapPss": 0
            },
            "start_ticks": 165434412
          }
        ],
        "reason": "phase_marker+rss_growth",
        "tree_rss_kib": 6591256
      },
      {
        "elapsed_s": 1.05,
        "processes": [
          {
            "pid": 3389773,
            "rollup_kib": {
              "AnonHugePages": 0,
              "Anonymous": 11036,
              "FilePmdMapped": 0,
              "KSM": 0,
              "LazyFree": 0,
              "Locked": 0,
              "Private_Clean": 0,
              "Private_Dirty": 11036,
              "Private_Hugetlb": 0,
              "Pss": 12081,
              "Pss_Anon": 11036,
              "Pss_Dirty": 11036,
              "Pss_File": 1045,
              "Pss_Shmem": 0,
              "Referenced": 22848,
              "Rss": 22848,
              "Shared_Clean": 11812,
              "Shared_Dirty": 0,
              "Shared_Hugetlb": 0,
              "ShmemPmdMapped": 0,
              "Swap": 0,
              "SwapPss": 0
            },
            "start_ticks": 165434404
          },
          {
            "pid": 3389792,
            "rollup_kib": {
              "AnonHugePages": 0,
              "Anonymous": 1932,
              "FilePmdMapped": 0,
              "KSM": 0,
              "LazyFree": 0,
              "Locked": 0,
              "Private_Clean": 0,
              "Private_Dirty": 2012,
              "Private_Hugetlb": 0,
              "Pss": 2296,
              "Pss_Anon": 1932,
              "Pss_Dirty": 2012,
              "Pss_File": 284,
              "Pss_Shmem": 80,
              "Referenced": 5948,
              "Rss": 5948,
              "Shared_Clean": 3936,
              "Shared_Dirty": 0,
              "Shared_Hugetlb": 0,
              "ShmemPmdMapped": 0,
              "Swap": 0,
              "SwapPss": 0
            },
            "start_ticks": 165434410
          },
          {
            "pid": 3389793,
            "rollup_kib": {
              "AnonHugePages": 0,
              "Anonymous": 112,
              "FilePmdMapped": 0,
              "KSM": 0,
              "LazyFree": 0,
              "Locked": 0,
              "Private_Clean": 120,
              "Private_Dirty": 112,
              "Private_Hugetlb": 0,
              "Pss": 254,
              "Pss_Anon": 112,
              "Pss_Dirty": 112,
              "Pss_File": 142,
              "Pss_Shmem": 0,
              "Referenced": 1948,
              "Rss": 1948,
              "Shared_Clean": 1716,
              "Shared_Dirty": 0,
              "Shared_Hugetlb": 0,
              "ShmemPmdMapped": 0,
              "Swap": 0,
              "SwapPss": 0
            },
            "start_ticks": 165434412
          },
          {
            "pid": 3389794,
            "rollup_kib": {
              "AnonHugePages": 6328320,
              "Anonymous": 7097968,
              "FilePmdMapped": 0,
              "KSM": 0,
              "LazyFree": 0,
              "Locked": 0,
              "Private_Clean": 8,
              "Private_Dirty": 7098444,
              "Private_Hugetlb": 0,
              "Pss": 7098767,
              "Pss_Anon": 7097968,
              "Pss_Dirty": 7098444,
              "Pss_File": 439,
              "Pss_Shmem": 360,
              "Referenced": 7102652,
              "Rss": 7102652,
              "Shared_Clean": 4200,
              "Shared_Dirty": 0,
              "Shared_Hugetlb": 0,
              "ShmemPmdMapped": 0,
              "Swap": 0,
              "SwapPss": 0
            },
            "start_ticks": 165434412
          }
        ],
        "reason": "rss_growth",
        "tree_rss_kib": 7133376
      },
      {
        "elapsed_s": 76.3974,
        "processes": [
          {
            "pid": 3389773,
            "rollup_kib": {
              "AnonHugePages": 0,
              "Anonymous": 11704,
              "FilePmdMapped": 0,
              "KSM": 0,
              "LazyFree": 0,
              "Locked": 0,
              "Private_Clean": 0,
              "Private_Dirty": 11704,
              "Private_Hugetlb": 0,
              "Pss": 12749,
              "Pss_Anon": 11704,
              "Pss_Dirty": 11704,
              "Pss_File": 1045,
              "Pss_Shmem": 0,
              "Referenced": 23516,
              "Rss": 23516,
              "Shared_Clean": 11812,
              "Shared_Dirty": 0,
              "Shared_Hugetlb": 0,
              "ShmemPmdMapped": 0,
              "Swap": 0,
              "SwapPss": 0
            },
            "start_ticks": 165434404
          },
          {
            "pid": 3389792,
            "rollup_kib": {
              "AnonHugePages": 0,
              "Anonymous": 1932,
              "FilePmdMapped": 0,
              "KSM": 0,
              "LazyFree": 0,
              "Locked": 0,
              "Private_Clean": 0,
              "Private_Dirty": 2012,
              "Private_Hugetlb": 0,
              "Pss": 2293,
              "Pss_Anon": 1932,
              "Pss_Dirty": 2012,
              "Pss_File": 281,
              "Pss_Shmem": 80,
              "Referenced": 5948,
              "Rss": 5948,
              "Shared_Clean": 3936,
              "Shared_Dirty": 0,
              "Shared_Hugetlb": 0,
              "ShmemPmdMapped": 0,
              "Swap": 0,
              "SwapPss": 0
            },
            "start_ticks": 165434410
          },
          {
            "pid": 3405320,
            "rollup_kib": {
              "AnonHugePages": 0,
              "Anonymous": 108,
              "FilePmdMapped": 0,
              "KSM": 0,
              "LazyFree": 0,
              "Locked": 0,
              "Private_Clean": 120,
              "Private_Dirty": 108,
              "Private_Hugetlb": 0,
              "Pss": 249,
              "Pss_Anon": 108,
              "Pss_Dirty": 108,
              "Pss_File": 141,
              "Pss_Shmem": 0,
              "Referenced": 1944,
              "Rss": 1944,
              "Shared_Clean": 1716,
              "Shared_Dirty": 0,
              "Shared_Hugetlb": 0,
              "ShmemPmdMapped": 0,
              "Swap": 0,
              "SwapPss": 0
            },
            "start_ticks": 165441990
          },
          {
            "pid": 3405321,
            "rollup_kib": {
              "AnonHugePages": 6944768,
              "Anonymous": 7718632,
              "FilePmdMapped": 0,
              "KSM": 0,
              "LazyFree": 0,
              "Locked": 0,
              "Private_Clean": 0,
              "Private_Dirty": 7719016,
              "Private_Hugetlb": 0,
              "Pss": 7719336,
              "Pss_Anon": 7718632,
              "Pss_Dirty": 7719016,
              "Pss_File": 344,
              "Pss_Shmem": 360,
              "Referenced": 7723248,
              "Rss": 7723248,
              "Shared_Clean": 4232,
              "Shared_Dirty": 0,
              "Shared_Hugetlb": 0,
              "ShmemPmdMapped": 0,
              "Swap": 0,
              "SwapPss": 0
            },
            "start_ticks": 165441990
          }
        ],
        "reason": "rss_growth",
        "tree_rss_kib": 7752324
      },
      {
        "elapsed_s": 122.6164,
        "processes": [
          {
            "pid": 3389773,
            "rollup_kib": {
              "AnonHugePages": 0,
              "Anonymous": 11704,
              "FilePmdMapped": 0,
              "KSM": 0,
              "LazyFree": 0,
              "Locked": 0,
              "Private_Clean": 0,
              "Private_Dirty": 11704,
              "Private_Hugetlb": 0,
              "Pss": 12714,
              "Pss_Anon": 11704,
              "Pss_Dirty": 11704,
              "Pss_File": 1010,
              "Pss_Shmem": 0,
              "Referenced": 23516,
              "Rss": 23516,
              "Shared_Clean": 11812,
              "Shared_Dirty": 0,
              "Shared_Hugetlb": 0,
              "ShmemPmdMapped": 0,
              "Swap": 0,
              "SwapPss": 0
            },
            "start_ticks": 165434404
          },
          {
            "pid": 3389792,
            "rollup_kib": {
              "AnonHugePages": 7215104,
              "Anonymous": 8097496,
              "FilePmdMapped": 0,
              "KSM": 0,
              "LazyFree": 0,
              "Locked": 0,
              "Private_Clean": 0,
              "Private_Dirty": 8097940,
              "Private_Hugetlb": 0,
              "Pss": 8098178,
              "Pss_Anon": 8097496,
              "Pss_Dirty": 8097940,
              "Pss_File": 322,
              "Pss_Shmem": 360,
              "Referenced": 8102172,
              "Rss": 8102172,
              "Shared_Clean": 4232,
              "Shared_Dirty": 0,
              "Shared_Hugetlb": 0,
              "ShmemPmdMapped": 0,
              "Swap": 0,
              "SwapPss": 0
            },
            "start_ticks": 165434410
          }
        ],
        "reason": "rss_growth",
        "tree_rss_kib": 8125608
      },
      {
        "elapsed_s": 183.3946,
        "processes": [
          {
            "pid": 3389773,
            "rollup_kib": {
              "AnonHugePages": 0,
              "Anonymous": 12392,
              "FilePmdMapped": 0,
              "KSM": 0,
              "LazyFree": 0,
              "Locked": 0,
              "Private_Clean": 0,
              "Private_Dirty": 12392,
              "Private_Hugetlb": 0,
              "Pss": 13424,
              "Pss_Anon": 12392,
              "Pss_Dirty": 12392,
              "Pss_File": 1032,
              "Pss_Shmem": 0,
              "Referenced": 24332,
              "Rss": 24332,
              "Shared_Clean": 11940,
              "Shared_Dirty": 0,
              "Shared_Hugetlb": 0,
              "ShmemPmdMapped": 0,
              "Swap": 0,
              "SwapPss": 0
            },
            "start_ticks": 165434404
          }
        ],
        "reason": "phase_marker",
        "tree_rss_kib": 24332
      },
      {
        "elapsed_s": 183.8963,
        "processes": [],
        "reason": "terminal",
        "tree_rss_kib": 0
      }
    ],
    "status": "complete",
    "temporary_disk_limit_bytes": 100000000000,
    "wall_time_limit_seconds": null
  }
}
