0.00 0
0.01 4
0.02 8
0.04 12
0.05 15
0.06 19
0.07 23
0.09 27
0.10 31
0.11 34
0.12 37
0.14 40
0.15 43
0.16 47
0.17 51
0.18 54
0.20 55
0.21 56
0.22 60
0.23 64
0.25 67
0.26 71
0.27 75
0.28 78
0.30 81
0.31 82
0.32 84
0.33 85
0.34 87
0.36 89
0.37 90
0.38 91
0.39 92
0.41 92
0.42 93
0.43 94
0.44 95
0.46 96
0.47 98
0.48 98
0.49 99
0.50 99
0.52 99
0.53 99
0.54 100
0.55 100
0.57 100
0.58 100
0.59 100
0.60 100
0.62 100
0.63 101
0.64 101
0.65 101
0.67 101
0.68 101
0.69 101
0.70 101
0.71 101
0.73 101
0.74 101
0.75 101
0.76 101
0.78 101
0.79 101
0.80 101
0.81 101
0.83 103
0.84 106
0.85 107
0.86 108
0.87 108
0.89 108
0.90 111
0.91 111
0.92 112
0.94 114
0.95 117
0.96 120
0.97 124
0.99 127
1.00 129
1.01 131
1.02 134
1.03 138
1.05 140
1.06 143
1.07 147
1.08 150
1.10 153
1.11 156
1.12 159
1.13 160
1.15 161
1.16 163
1.17 167
1.18 170
1.19 173
1.21 173
1.22 173
1.23 173
1.24 174
1.26 174
1.27 174
1.28 177
1.29 180
1.31 184
1.32 188
1.33 191
1.34 194
1.35 196
1.37 196
1.38 196
1.39 198
1.40 200
1.42 203
1.43 205
1.44 208
1.45 208
1.47 208
1.48 209
1.49 209
1.50 209
1.51 209
1.53 209
1.54 209
1.55 209
1.56 209
1.58 209
1.59 209
1.60 209
1.61 209
1.63 210
1.64 212
1.65 212
1.66 212
1.67 212
1.69 213
1.70 213
1.71 213
1.72 213
1.74 213
1.75 213
1.76 213
1.77 213
1.79 213
1.80 213
1.81 213
1.82 213
1.84 213
1.85 213
1.86 213
1.87 213
1.88 213
1.90 213
1.91 213
1.92 213
1.93 213
1.95 213
1.96 213
1.97 213
1.98 213
2.00 213
2.01 213
2.02 213
2.03 213
2.04 213
2.06 213
2.07 213
2.08 213
2.09 213
2.11 213
2.12 213
2.13 213
2.14 213
2.16 213
2.17 213
2.18 213
2.19 213
2.20 213
2.22 213
2.23 213
2.24 213
2.25 213
2.27 213
2.28 213
2.29 213
2.30 213
2.32 213
2.33 213
2.34 213
2.35 213
2.36 213
2.38 213
2.39 213
2.40 213
2.41 213
2.43 216
2.44 217
2.45 217
2.46 217
2.48 217
2.49 217
2.50 217
2.51 217
2.52 217
2.54 217
2.55 217
2.56 217
2.57 217
2.59 217
2.60 217
2.61 217
2.62 217
2.64 217
2.65 217
2.66 217
2.67 217
2.68 217
2.70 217
2.71 217
2.72 217
2.73 217
2.75 217
2.76 217
2.77 217
2.78 217
2.80 217
2.81 217
2.82 217
2.83 217
2.85 217
2.86 217
2.87 217
2.88 217
2.89 217
2.91 217
2.92 217
2.93 217
2.94 217
2.96 217
2.97 217
2.98 217
2.99 217
3.01 217
3.02 217
3.03 217
3.04 217
3.05 217
3.07 217
3.08 217
3.09 217
3.10 217
3.12 217
3.13 217
3.14 217
3.15 217
3.17 217
3.18 217
3.19 217
3.20 217
3.21 221
3.23 223
3.24 223
3.25 223
3.26 223
3.28 223
3.29 223
3.30 223
3.31 223
3.33 223
3.34 223
3.35 223
3.36 223
3.37 223
3.39 223
3.40 223
3.41 223
3.42 223
3.44 223
3.45 223
3.46 223
3.47 223
3.49 223
3.50 223
3.51 223
3.52 223
3.53 223
3.55 223
3.56 223
3.57 223
3.58 223
3.60 223
3.61 223
3.62 223
3.63 223
3.65 223
3.66 223
3.67 223
3.68 223
3.69 223
3.71 223
3.72 223
3.73 223
3.74 223
3.76 223
3.77 223
3.78 223
3.79 223
3.81 223
3.82 223
3.83 223
3.84 223
3.85 223
3.87 223
3.88 223
3.89 223
3.90 223
3.92 223
3.93 223
3.94 223
3.95 223
3.97 223
3.98 223
3.99 223
4.00 223
4.02 225
4.03 225
4.04 225
4.05 225
4.06 225
4.08 225
4.09 225
4.10 225
4.11 225
4.13 225
4.14 225
4.15 225
4.16 225
4.18 225
4.19 225
4.20 225
4.21 225
4.22 225
4.24 225
4.25 225
4.26 225
4.27 225
4.29 225
4.30 225
4.31 225
4.32 225
4.34 225
4.35 225
4.36 225
4.37 225
4.38 225
4.40 225
4.41 225
4.42 225
4.43 225
4.45 225
4.46 225
4.47 225
4.48 225
4.50 225
4.51 225
4.52 225
4.53 225
4.54 225
4.56 225
4.57 225
4.58 225
4.59 225
4.61 225
4.62 225
4.63 225
4.64 225
4.66 225
4.67 225
4.68 225
4.69 225
4.70 225
4.72 225
4.73 225
4.74 225
4.75 225
4.77 225
4.78 225
4.79 225
4.80 227
4.82 229
4.83 230
4.84 230
4.85 230
4.86 230
4.88 230
4.89 230
4.90 230
4.91 230
4.93 230
4.94 230
4.95 230
4.96 230
4.98 230
4.99 230
5.00 230
5.01 230
5.02 230
5.04 230
5.05 230
5.06 230
5.07 230
5.09 230
5.10 230
5.11 230
5.12 230
5.14 230
5.15 230
5.16 230
5.17 230
5.19 230
5.20 230
5.21 230
5.22 230
5.23 230
5.25 230
5.26 230
5.27 230
5.28 230
5.30 230
5.31 230
5.32 230
5.33 230
5.35 230
5.36 230
5.37 230
5.38 230
5.39 230
5.41 230
5.42 230
5.43 230
5.44 230
5.46 230
5.47 230
5.48 230
5.49 230
5.51 230
5.52 230
5.53 230
5.54 230
5.55 230
5.57 230
5.58 230
5.59 230
5.60 233
5.62 234
5.63 234
5.64 234
5.65 234
5.67 234
5.68 234
5.69 234
5.70 234
5.71 234
5.73 234
5.74 234
5.75 234
5.76 234
5.78 234
5.79 234
5.80 234
5.81 234
5.83 234
5.84 234
5.85 234
5.86 234
5.87 234
5.89 234
5.90 234
5.91 234
5.92 234
5.94 234
5.95 234
5.96 234
5.97 234
5.99 234
6.00 234
6.01 234
6.02 234
6.03 234
6.05 234
6.06 234
6.07 234
6.08 234
6.10 234
6.11 234
6.12 234
6.13 234
6.15 234
6.16 234
6.17 234
6.18 234
6.19 234
6.21 234
6.22 234
6.23 234
6.24 234
6.26 234
6.27 234
6.28 234
6.29 234
6.31 234
6.32 234
6.33 234
6.34 234
6.36 234
6.37 234
6.38 234
6.39 234
6.40 235
6.42 235
6.43 235
6.44 235
6.45 235
6.47 235
6.48 235
6.49 235
6.50 235
6.52 235
6.53 235
6.54 235
6.55 235
6.56 235
6.58 235
6.59 235
6.60 235
6.61 235
6.63 235
6.64 235
6.65 235
6.66 235
6.68 235
6.69 235
6.70 235
6.71 235
6.72 235
6.74 235
6.75 235
6.76 235
6.77 235
6.79 235
6.80 235
6.81 235
6.82 235
6.84 235
6.85 235
6.86 235
6.87 235
6.88 235
6.90 235
6.91 235
6.92 235
6.93 235
6.95 235
6.96 235
6.97 235
6.98 235
7.00 235
7.01 235
7.02 235
7.03 235
7.04 235
7.06 235
7.07 235
7.08 235
7.09 235
7.11 235
7.12 235
7.13 235
7.14 235
7.16 235
7.17 235
7.18 235
7.19 237
7.20 238
7.22 238
7.23 238
7.24 238
7.25 238
7.27 238
7.28 238
7.29 238
7.30 238
7.32 238
7.33 238
7.34 238
7.35 238
7.36 238
7.38 238
7.39 238
7.40 238
7.41 238
7.43 238
7.44 238
7.45 238
7.46 238
7.48 238
7.49 238
7.50 238
7.51 238
7.53 238
7.54 238
7.55 238
7.56 238
7.57 238
7.59 238
7.60 238
7.61 238
7.62 238
7.64 238
7.65 238
7.66 238
7.67 238
7.69 238
7.70 238
7.71 238
7.72 238
7.73 238
7.75 238
7.76 238
7.77 238
7.78 238
7.80 238
7.81 238
7.82 238
7.83 238
7.85 238
7.86 238
7.87 238
7.88 238
7.89 238
7.91 238
7.92 238
7.93 238
7.94 238
7.96 238
7.97 238
7.98 240
7.99 241
8.01 241
8.02 241
8.03 241
8.04 241
8.05 241
8.07 241
8.08 241
8.09 241
8.10 241
8.12 241
8.13 241
8.14 241
8.15 241
8.17 241
8.18 241
8.19 241
8.20 241
8.21 241
8.23 241
8.24 241
8.25 241
8.26 241
8.28 241
8.29 241
8.30 241
8.31 241
8.33 241
8.34 241
8.35 241
8.36 241
8.37 241
8.39 241
8.40 241
8.41 241
8.42 241
8.44 241
8.45 241
8.46 241
8.47 241
8.49 241
8.50 241
8.51 241
8.52 241
8.54 241
8.55 241
8.56 241
8.57 241
8.58 241
8.60 241
8.61 241
8.62 241
8.63 241
8.65 241
8.66 241
8.67 241
8.68 241
8.70 241
8.71 241
8.72 241
8.73 241
8.74 241
8.76 241
8.77 241
8.78 242
8.79 242
8.81 242
8.82 242
8.83 242
8.84 242
8.86 242
8.87 242
8.88 242
8.89 242
8.90 242
8.92 242
8.93 242
8.94 242
8.95 242
8.97 242
8.98 242
8.99 242
9.00 242
9.02 242
9.03 242
9.04 242
9.05 242
9.06 242
9.08 242
9.09 242
9.10 242
9.11 242
9.13 242
9.14 242
9.15 242
9.16 242
9.18 242
9.19 242
9.20 242
9.21 242
9.22 242
9.24 242
9.25 242
9.26 242
9.27 242
9.29 242
9.30 242
9.31 242
9.32 242
9.34 242
9.35 242
9.36 242
9.37 242
9.38 242
9.40 242
9.41 242
9.42 242
9.43 242
9.45 242
9.46 242
9.47 242
9.48 242
9.50 242
9.51 242
9.52 242
9.53 242
9.54 242
9.56 242
9.57 242
9.58 243
9.59 244
9.61 244
9.62 244
9.63 244
9.64 244
9.66 244
9.67 244
9.68 244
9.69 244
9.71 244
9.72 244
9.73 244
9.74 244
9.75 244
9.77 244
9.78 244
9.79 244
9.80 244
9.82 244
9.83 244
9.84 244
9.85 244
9.87 244
9.88 244
9.89 244
9.90 244
9.91 244
9.93 244
9.94 244
9.95 244
9.96 244
9.98 244
9.99 244
10.00 244
10.01 244
10.03 244
10.04 244
10.05 244
10.06 244
10.07 244
10.09 244
10.10 244
10.11 244
10.12 244
10.14 244
10.15 244
10.16 244
10.17 244
10.19 244
10.20 244
10.21 244
10.22 244
10.23 244
10.25 244
10.26 244
10.27 244
10.28 244
10.30 244
10.31 244
10.32 244
10.33 244
10.35 244
10.36 244
10.37 245
10.38 246
10.39 246
10.41 246
10.42 246
10.43 246
10.44 246
10.46 246
10.47 246
10.48 246
10.49 246
10.51 246
10.52 246
10.53 246
10.54 246
10.55 246
10.57 246
10.58 246
10.59 246
10.60 246
10.62 246
10.63 246
10.64 246
10.65 246
10.67 246
10.68 246
10.69 246
10.70 246
10.71 246
10.73 246
10.74 246
10.75 246
10.76 246
10.78 246
10.79 246
10.80 246
10.81 246
10.83 246
10.84 246
10.85 246
10.86 246
10.88 246
10.89 246
10.90 246
10.91 246
10.92 246
10.94 246
10.95 246
10.96 246
10.97 246
10.99 246
11.00 246
11.01 246
11.02 246
11.04 246
11.05 246
11.06 246
11.07 246
11.08 246
11.10 247
11.11 247
11.12 247
11.13 247
11.15 247
11.16 247
11.17 247
11.18 247
11.20 247
11.21 247
11.22 247
11.23 247
11.24 247
11.26 247
11.27 247
11.28 247
11.29 247
11.31 247
11.32 247
11.33 247
11.34 247
11.36 247
11.37 247
11.38 247
11.39 247
11.40 247
11.42 247
11.43 247
11.44 247
11.45 247
11.47 247
11.48 247
11.49 247
11.50 247
11.52 247
11.53 247
11.54 247
11.55 247
11.56 247
11.58 247
11.59 247
11.60 247
11.61 247
11.63 247
11.64 247
11.65 247
11.66 247
11.68 247
11.69 247
11.70 247
11.71 247
11.72 247
11.74 247
11.75 247
11.76 247
11.77 247
11.79 247
11.80 247
11.81 247
11.82 247
11.84 247
11.85 247
11.86 247
11.87 247
11.88 247
11.90 247
11.91 247
11.92 247
11.93 247
11.95 247
11.96 247
11.97 249
11.98 251
12.00 252
12.01 252
12.02 252
12.03 252
12.05 252
12.06 252
12.07 252
12.08 252
12.09 252
12.11 252
12.12 252
12.13 252
12.14 252
12.16 252
12.17 252
12.18 252
12.19 252
12.21 252
12.22 252
12.23 252
12.24 252
12.25 252
12.27 252
12.28 252
12.29 252
12.30 252
12.32 252
12.33 252
12.34 252
12.35 252
12.37 252
12.38 252
12.39 252
12.40 252
12.41 252
12.43 252
12.44 252
12.45 252
12.46 252
12.48 252
12.49 252
12.50 252
12.51 252
12.53 252
12.54 252
12.55 252
12.56 252
12.57 252
12.59 252
12.60 252
12.61 252
12.62 252
12.64 252
12.65 252
12.66 252
12.67 252
12.69 252
12.70 252
12.71 252
12.72 252
12.73 252
12.75 252
12.76 252
12.77 252
12.78 252
12.80 253
12.81 253
12.82 253
12.83 253
12.85 253
12.86 253
12.87 253
12.88 253
12.89 253
12.91 253
12.92 253
12.93 253
12.94 253
12.96 253
12.97 253
12.98 253
12.99 253
13.01 253
13.02 253
13.03 253
13.04 253
13.05 253
13.07 253
13.08 253
13.09 253
13.10 253
13.12 253
13.13 253
13.14 253
13.15 253
13.17 253
13.18 253
13.19 253
13.20 253
13.22 253
13.23 253
13.24 253
13.25 253
13.26 253
13.28 253
13.29 253
13.30 253
13.31 253
13.33 253
13.34 253
13.35 253
13.36 253
13.38 253
13.39 253
13.40 253
13.41 253
13.42 253
13.44 253
13.45 253
13.46 253
13.47 253
13.49 253
13.50 253
13.51 253
13.52 253
13.54 253
13.55 253
13.56 253
13.57 253
13.58 253
13.60 253
13.61 254
13.62 254
13.63 254
13.65 254
13.66 254
13.67 254
13.68 254
13.70 254
13.71 254
13.72 254
13.73 254
13.74 254
13.76 254
13.77 254
13.78 254
13.79 254
13.81 254
13.82 254
13.83 254
13.84 254
13.86 254
13.87 254
13.88 254
13.89 254
13.90 254
13.92 254
13.93 254
13.94 254
13.95 254
13.97 254
13.98 254
13.99 254
14.00 254
14.02 254
14.03 254
14.04 254
14.05 254
14.06 254
14.08 254
14.09 254
14.10 254
14.11 254
14.13 254
14.14 254
14.15 254
14.16 254
14.18 254
14.19 254
14.20 254
14.21 254
14.23 254
14.24 254
14.25 254
14.26 254
14.27 254
14.29 254
14.30 254
14.31 254
14.32 254
14.34 254
14.35 254
14.36 254
14.37 254
14.39 254
14.40 256
14.41 258
14.42 258
14.43 258
14.45 258
14.46 258
14.47 258
14.48 258
14.50 258
14.51 258
14.52 258
14.53 258
14.55 258
14.56 258
14.57 258
14.58 258
14.59 258
14.61 258
14.62 258
14.63 258
14.64 258
14.66 258
14.67 258
14.68 258
14.69 258
14.71 258
14.72 258
14.73 258
14.74 258
14.75 258
14.77 258
14.78 258
14.79 258
14.80 258
14.82 258
14.83 258
14.84 258
14.85 258
14.87 258
14.88 258
14.89 258
14.90 258
14.91 258
14.93 258
14.94 258
14.95 258
14.96 258
14.98 258
14.99 258
15.00 258
15.01 258
15.03 258
15.04 258
15.05 258
15.06 258
15.07 258
15.09 258
15.10 258
15.11 258
15.12 258
15.14 258
15.15 258
15.16 258
15.17 258
15.19 258
15.20 258
15.21 258
15.22 258
15.23 258
15.25 258
15.26 258
15.27 258
15.28 258
15.30 258
15.31 258
15.32 258
15.33 258
15.35 258
15.36 258
15.37 258
15.38 258
15.40 258
15.41 258
15.42 258
15.43 258
15.44 258
15.46 258
15.47 258
15.48 258
15.49 258
15.51 258
15.52 258
15.53 258
15.54 258
15.56 258
15.57 258
15.58 258
15.59 258
15.60 258
15.62 258
15.63 258
15.64 258
15.65 258
15.67 258
15.68 258
15.69 258
15.70 258
15.72 258
15.73 258
15.74 258
15.75 258
15.76 258
15.78 258
15.79 258
15.80 258
15.81 258
15.83 258
15.84 258
15.85 258
15.86 258
15.88 258
15.89 258
15.90 258
15.91 258
15.92 258
15.94 258
15.95 258
15.96 258
15.97 258
15.99 260
16.00 262
16.01 262
16.02 262
16.04 262
16.05 262
16.06 262
16.07 262
16.08 262
16.10 262
16.11 262
16.12 262
16.13 262
16.15 262
16.16 262
16.17 262
16.18 262
16.20 262
16.21 262
16.22 262
16.23 262
16.24 262
16.26 262
16.27 262
16.28 262
16.29 262
16.31 262
16.32 262
16.33 262
16.34 262
16.36 262
16.37 262
16.38 262
16.39 262
16.40 262
16.42 262
16.43 262
16.44 262
16.45 262
16.47 262
16.48 262
16.49 262
16.50 262
16.52 262
16.53 262
16.54 262
16.55 262
16.57 262
16.58 262
16.59 262
16.60 262
16.61 262
16.63 262
16.64 262
16.65 262
16.66 262
16.68 262
16.69 262
16.70 262
16.71 262
16.73 262
16.74 262
16.75 262
16.76 262
16.77 262
16.79 263
16.80 263
16.81 263
16.82 263
16.84 263
16.85 263
16.86 263
16.87 263
16.89 263
16.90 263
16.91 263
16.92 263
16.93 263
16.95 263
16.96 263
16.97 263
16.98 263
17.00 263
17.01 263
17.02 263
17.03 263
17.05 263
17.06 263
17.07 263
17.08 263
17.09 263
17.11 263
17.12 263
17.13 263
17.14 263
17.16 263
17.17 263
17.18 263
17.19 263
17.21 263
17.22 263
17.23 263
17.24 263
17.25 263
17.27 263
17.28 263
17.29 263
17.30 263
17.32 263
17.33 263
17.34 263
17.35 263
17.37 263
17.38 263
17.39 263
17.40 263
17.41 263
17.43 263
17.44 263
17.45 263
17.46 263
17.48 263
17.49 263
17.50 263
17.51 263
17.53 263
17.54 263
17.55 263
17.56 263
17.57 263
17.59 264
17.60 264
17.61 264
17.62 264
17.64 264
17.65 264
17.66 264
17.67 264
17.69 264
17.70 264
17.71 264
17.72 264
17.74 264
17.75 264
17.76 264
17.77 264
17.78 264
17.80 264
17.81 264
17.82 264
17.83 264
17.85 264
17.86 264
17.87 264
17.88 264
17.90 264
17.91 264
17.92 264
17.93 264
17.94 264
17.96 264
17.97 264
17.98 264
17.99 264
18.01 264
18.02 264
18.03 264
18.04 264
18.06 264
18.07 264
18.08 264
18.09 264
18.10 264
18.12 264
18.13 264
18.14 264
18.15 264
18.17 264
18.18 264
18.19 264
18.20 264
18.22 264
18.23 264
18.24 264
18.25 264
18.26 264
18.28 264
18.29 264
18.30 264
18.31 264
18.33 264
18.34 264
18.35 264
18.36 264
18.38 266
18.39 268
18.40 268
18.41 268
18.42 268
18.44 268
18.45 268
18.46 268
18.47 268
18.49 268
18.50 268
18.51 268
18.52 268
18.54 268
18.55 268
18.56 268
18.57 268
18.58 268
18.60 268
18.61 268
18.62 268
18.63 268
18.65 268
18.66 268
18.67 268
18.68 268
18.70 268
18.71 268
18.72 268
18.73 268
18.74 268
18.76 268
18.77 268
18.78 268
18.79 268
18.81 268
18.82 268
18.83 268
18.84 268
18.86 268
18.87 268
18.88 268
18.89 268
18.91 268
18.92 268
18.93 268
18.94 268
18.95 268
18.97 268
18.98 268
18.99 268
19.00 268
19.02 268
19.03 268
19.04 268
19.05 268
19.07 268
19.08 268
19.09 268
19.10 268
19.11 268
19.13 268
19.14 268
19.15 268
19.16 268
19.18 268
19.19 268
19.20 268
19.21 268
19.23 268
19.24 268
19.25 268
19.26 268
19.27 268
19.29 268
19.30 268
19.31 268
19.32 268
19.34 268
19.35 268
19.36 268
19.37 268
19.39 268
19.40 268
19.41 268
19.42 268
19.43 268
19.45 268
19.46 268
19.47 268
19.48 268
19.50 268
19.51 268
19.52 268
19.53 268
19.55 268
19.56 268
19.57 268
19.58 268
19.59 268
19.61 268
19.62 268
19.63 268
19.64 268
19.66 268
19.67 268
19.68 268
19.69 268
19.71 268
19.72 268
19.73 268
19.74 268
19.75 268
19.77 268
19.78 268
19.79 268
19.80 268
19.82 268
19.83 268
19.84 268
19.85 268
19.87 268
19.88 268
19.89 268
19.90 268
19.92 268
19.93 268
19.94 268
19.95 268
19.96 268
19.98 271
19.99 272
20.00 272
20.01 272
20.03 272
20.04 272
20.05 272
20.06 272
20.08 272
20.09 272
20.10 272
20.11 272
20.12 272
20.14 272
20.15 272
20.16 272
20.17 272
20.19 272
20.20 272
20.21 272
20.22 272
20.24 272
20.25 272
20.26 272
20.27 272
20.28 272
20.30 272
20.31 272
20.32 272
20.33 272
20.35 272
20.36 272
20.37 272
20.38 272
20.40 272
20.41 272
20.42 272
20.43 272
20.44 272
20.46 272
20.47 272
20.48 272
20.49 272
20.51 272
20.52 272
20.53 272
20.54 272
20.56 272
20.57 272
20.58 272
20.59 272
20.60 272
20.62 272
20.63 272
20.64 272
20.65 272
20.67 272
20.68 272
20.69 272
20.70 272
20.72 272
20.73 272
20.74 272
20.75 272
20.76 272
20.78 273
20.79 273
20.80 273
20.81 273
20.83 273
20.84 273
20.85 273
20.86 273
20.88 273
20.89 273
20.90 273
20.91 273
20.92 273
20.94 273
20.95 273
20.96 273
20.97 273
20.99 273
21.00 273
21.01 273
21.02 273
21.04 273
21.05 273
21.06 273
21.07 273
21.09 273
21.10 273
21.11 273
21.12 273
21.13 273
21.15 273
21.16 273
21.17 273
21.18 273
21.20 273
21.21 273
21.22 273
21.23 273
21.25 273
21.26 273
21.27 273
21.28 273
21.29 273
21.31 273
21.32 273
21.33 273
21.34 273
21.36 273
21.37 273
21.38 273
21.39 273
21.41 273
21.42 273
21.43 273
21.44 273
21.45 273
21.47 273
21.48 273
21.49 273
21.50 273
21.52 273
21.53 273
21.54 273
21.55 273
21.57 273
21.58 276
21.59 276
21.60 276
21.61 276
21.63 276
21.64 276
21.65 276
21.66 276
21.68 276
21.69 276
21.70 276
21.71 276
21.73 276
21.74 276
21.75 276
21.76 276
21.77 276
21.79 276
21.80 276
21.81 276
21.82 276
21.84 276
21.85 276
21.86 276
21.87 276
21.89 276
21.90 276
21.91 276
21.92 276
21.93 276
21.95 276
21.96 276
21.97 276
21.98 276
22.00 276
22.01 276
22.02 276
22.03 276
22.05 276
22.06 276
22.07 276
22.08 276
22.09 276
22.11 276
22.12 276
22.13 276
22.14 276
22.16 276
22.17 276
22.18 276
22.19 276
22.21 276
22.22 276
22.23 276
22.24 276
22.26 276
22.27 276
22.28 276
22.29 276
22.30 276
22.32 276
22.33 276
22.34 276
22.35 276
22.37 278
22.38 280
22.39 280
22.40 280
22.42 280
22.43 280
22.44 280
22.45 280
22.46 280
22.48 280
22.49 280
22.50 280
22.51 280
22.53 280
22.54 280
22.55 280
22.56 280
22.58 280
22.59 280
22.60 280
22.61 280
22.62 280
22.64 280
22.65 280
22.66 280
22.67 280
22.69 280
22.70 280
22.71 280
22.72 280
22.74 280
22.75 280
22.76 280
22.77 280
22.78 280
22.80 280
22.81 280
22.82 280
22.83 280
22.85 280
22.86 280
22.87 280
22.88 280
22.90 280
22.91 280
22.92 280
22.93 280
22.94 280
22.96 280
22.97 280
22.98 280
22.99 280
23.01 280
23.02 280
23.03 280
23.04 280
23.06 280
23.07 280
23.08 280
23.09 280
23.10 280
23.12 280
23.13 280
23.14 280
23.15 280
23.17 280
23.18 280
23.19 280
23.20 280
23.22 280
23.23 280
23.24 280
23.25 280
23.26 280
23.28 280
23.29 280
23.30 280
23.31 280
23.33 280
23.34 280
23.35 280
23.36 280
23.38 280
23.39 280
23.40 280
23.41 280
23.43 280
23.44 280
23.45 280
23.46 280
23.47 280
23.49 280
23.50 280
23.51 280
23.52 280
23.54 280
23.55 280
23.56 280
23.57 280
23.59 280
23.60 280
23.61 280
23.62 280
23.63 280
23.65 280
23.66 280
23.67 280
23.68 280
23.70 280
23.71 280
23.72 280
23.73 280
23.75 280
23.76 280
23.77 280
23.78 280
23.79 280
23.81 280
23.82 280
23.83 280
23.84 280
23.86 280
23.87 280
23.88 280
23.89 280
23.91 280
23.92 280
23.93 280
23.94 280
23.95 281
23.97 284
23.98 284
23.99 284
24.00 284
24.02 284
24.03 284
24.04 284
24.05 284
24.07 284
24.08 284
24.09 284
24.10 284
24.11 284
24.13 284
24.14 284
24.15 284
24.16 284
24.18 284
24.19 284
24.20 284
24.21 284
24.23 284
24.24 284
24.25 284
24.26 284
24.27 284
24.29 284
24.30 284
24.31 284
24.32 284
24.34 284
24.35 284
24.36 284
24.37 284
24.39 284
24.40 284
24.41 284
24.42 284
24.44 284
24.45 284
24.46 284
24.47 284
24.48 284
24.50 284
24.51 284
24.52 284
24.53 284
24.55 284
24.56 284
24.57 284
24.58 284
24.60 284
24.61 284
24.62 284
24.63 284
24.64 284
24.66 284
24.67 284
24.68 284
24.69 284
24.71 284
24.72 284
24.73 284
24.74 284
24.76 284
24.77 285
24.78 285
24.79 285
24.80 285
24.82 285
24.83 285
24.84 285
24.85 285
24.87 285
24.88 285
24.89 285
24.90 285
24.92 285
24.93 285
24.94 285
24.95 285
24.96 285
24.98 285
24.99 285
25.00 285
25.01 285
25.03 285
25.04 285
25.05 285
25.06 285
25.08 285
25.09 285
25.10 285
25.11 285
25.12 285
25.14 285
25.15 285
25.16 285
25.17 285
25.19 285
25.20 285
25.21 285
25.22 285
25.24 285
25.25 285
25.26 285
25.27 285
25.28 285
25.30 285
25.31 285
25.32 285
25.33 285
25.35 285
25.36 285
25.37 285
25.38 285
25.40 285
25.41 285
25.42 285
25.43 285
25.44 285
25.46 285
25.47 285
25.48 285
25.49 285
25.51 285
25.52 285
25.53 285
25.54 285
25.56 285
25.57 285
25.58 287
25.59 287
25.61 287
25.62 287
25.63 287
25.64 287
25.65 287
25.67 287
25.68 287
25.69 287
25.70 287
25.72 287
25.73 287
25.74 287
25.75 287
25.77 287
25.78 287
25.79 287
25.80 287
25.81 287
25.83 287
25.84 287
25.85 287
25.86 287
25.88 287
25.89 287
25.90 287
25.91 287
25.93 287
25.94 287
25.95 287
25.96 287
25.97 287
25.99 287
26.00 287
26.01 287
26.02 287
26.04 287
26.05 287
26.06 287
26.07 287
26.09 287
26.10 287
26.11 287
26.12 287
26.13 287
26.15 287
26.16 287
26.17 287
26.18 287
26.20 287
26.21 287
26.22 287
26.23 287
26.25 287
26.26 287
26.27 287
26.28 287
26.29 287
26.31 287
26.32 287
26.33 287
26.34 287
26.36 288
26.37 288
26.38 288
26.39 288
26.41 288
26.42 288
26.43 288
26.44 288
26.45 288
26.47 288
26.48 288
26.49 288
26.50 288
26.52 288
26.53 288
26.54 288
26.55 288
26.57 288
26.58 288
26.59 288
26.60 288
26.61 288
26.63 288
26.64 288
26.65 288
26.66 288
26.68 288
26.69 288
26.70 288
26.71 288
26.73 288
26.74 288
26.75 288
26.76 288
26.78 288
26.79 288
26.80 288
26.81 288
26.82 288
26.84 288
26.85 288
26.86 288
26.87 288
26.89 288
26.90 288
26.91 288
26.92 288
26.94 288
26.95 288
26.96 288
26.97 288
26.98 288
27.00 288
27.01 288
27.02 288
27.03 288
27.05 288
27.06 288
27.07 288
27.08 288
27.10 288
27.11 288
27.12 288
27.13 288
27.14 288
27.16 288
27.17 290
27.18 290
27.19 290
27.21 290
27.22 290
27.23 290
27.24 290
27.26 290
27.27 290
27.28 290
27.29 290
27.30 290
27.32 290
27.33 290
27.34 290
27.35 290
27.37 290
27.38 290
27.39 290
27.40 290
27.42 290
27.43 290
27.44 290
27.45 290
27.46 290
27.48 290
27.49 290
27.50 290
27.51 290
27.53 290
27.54 290
27.55 290
27.56 290
27.58 290
27.59 290
27.60 290
27.61 290
27.62 290
27.64 290
27.65 290
27.66 290
27.67 290
27.69 290
27.70 290
27.71 290
27.72 290
27.74 290
27.75 290
27.76 290
27.77 290
27.78 290
27.80 290
27.81 290
27.82 290
27.83 290
27.85 290
27.86 290
27.87 290
27.88 290
27.90 290
27.91 290
27.92 290
27.93 290
27.95 290
27.96 290
27.97 290
27.98 290
27.99 290
28.01 290
28.02 290
28.03 290
28.04 290
28.06 290
28.07 290
28.08 290
28.09 290
28.11 290
28.12 290
28.13 290
28.14 290
28.15 290
28.17 290
28.18 290
28.19 290
28.20 290
28.22 290
28.23 290
28.24 290
28.25 290
28.27 290
28.28 290
28.29 290
28.30 290
28.31 290
28.33 290
28.34 290
28.35 290
28.36 290
28.38 290
28.39 290
28.40 290
28.41 290
28.43 290
28.44 290
28.45 290
28.46 290
28.47 290
28.49 290
28.50 290
28.51 290
28.52 290
28.54 290
28.55 290
28.56 290
28.57 290
28.59 290
28.60 290
28.61 290
28.62 290
28.63 290
28.65 290
28.66 290
28.67 290
28.68 290
28.70 290
28.71 290
28.72 290
28.73 290
28.75 290
28.76 290
28.77 293
28.78 294
28.79 294
28.81 294
28.82 294
28.83 294
28.84 294
28.86 294
28.87 294
28.88 294
28.89 294
28.91 294
28.92 294
28.93 294
28.94 294
28.95 294
28.97 294
28.98 294
28.99 294
29.00 294
29.02 294
29.03 294
29.04 294
29.05 294
29.07 294
29.08 294
29.09 294
29.10 294
29.12 294
29.13 294
29.14 294
29.15 294
29.16 294
29.18 294
29.19 294
29.20 294
29.21 294
29.23 294
29.24 294
29.25 294
29.26 294
29.28 294
29.29 294
29.30 294
29.31 294
29.32 294
29.34 294
29.35 294
29.36 294
29.37 294
29.39 294
29.40 294
29.41 294
29.42 294
29.44 294
29.45 294
29.46 294
29.47 294
29.48 294
29.50 294
29.51 294
29.52 294
29.53 294
29.55 294
29.56 295
29.57 296
29.58 296
29.60 296
29.61 296
29.62 296
29.63 296
29.64 296
29.66 296
29.67 296
29.68 296
29.69 296
29.71 296
29.72 296
29.73 296
29.74 296
29.76 296
29.77 296
29.78 296
29.79 296
29.80 296
29.82 296
29.83 296
29.84 296
29.85 296
29.87 296
29.88 296
29.89 296
29.90 296
29.92 296
29.93 296
29.94 296
29.95 296
29.96 296
29.98 296
29.99 296
30.00 296
30.01 296
30.03 296
30.04 296
30.05 296
30.06 296
30.08 296
30.09 296
30.10 296
30.11 296
30.13 296
30.14 296
30.15 296
30.16 296
30.17 296
30.19 296
30.20 296
30.21 296
30.22 296
30.24 296
30.25 296
30.26 296
30.27 296
30.29 296
30.30 296
30.31 296
30.32 296
30.33 296
30.35 297
30.36 299
30.37 299
30.38 299
30.40 299
30.41 299
30.42 299
30.43 299
30.45 299
30.46 299
30.47 299
30.48 299
30.49 299
30.51 299
30.52 299
30.53 299
30.54 299
30.56 299
30.57 299
30.58 299
30.59 299
30.61 299
30.62 299
30.63 299
30.64 299
30.65 299
30.67 299
30.68 299
30.69 299
30.70 299
30.72 299
30.73 299
30.74 299
30.75 299
30.77 299
30.78 299
30.79 299
30.80 299
30.81 299
30.83 299
30.84 299
30.85 299
30.86 299
30.88 299
30.89 299
30.90 299
30.91 299
30.93 299
30.94 299
30.95 299
30.96 299
30.97 299
30.99 299
31.00 299
31.01 299
31.02 299
31.04 299
31.05 299
31.06 299
31.07 299
31.09 299
31.10 299
31.11 299
31.12 299
31.13 299
31.15 299
31.16 299
31.17 299
31.18 299
31.20 299
31.21 299
31.22 299
31.23 299
31.25 299
31.26 299
31.27 299
31.28 299
31.30 299
31.31 299
31.32 299
31.33 299
31.34 299
31.36 299
31.37 299
31.38 299
31.39 299
31.41 299
31.42 299
31.43 299
31.44 299
31.46 299
31.47 299
31.48 299
31.49 299
31.50 299
31.52 299
31.53 299
31.54 299
31.55 299
31.57 299
31.58 299
31.59 299
31.60 299
31.62 299
31.63 299
31.64 299
31.65 299
31.66 299
31.68 299
31.69 299
31.70 299
31.71 299
31.73 299
31.74 299
31.75 299
31.76 299
31.78 299
31.79 299
31.80 299
31.81 299
31.82 299
31.84 299
31.85 299
31.86 299
31.87 299
31.89 299
31.90 299
31.91 299
31.92 299
31.94 299
31.95 300
31.96 301
31.97 301
31.98 301
32.00 301
32.01 301
32.02 301
32.03 301
32.05 301
32.06 301
32.07 301
32.08 301
32.10 301
32.11 301
32.12 301
32.13 301
32.14 301
32.16 301
32.17 301
32.18 301
32.19 301
32.21 301
32.22 301
32.23 301
32.24 301
32.26 301
32.27 301
32.28 301
32.29 301
32.30 301
32.32 301
32.33 301
32.34 301
32.35 301
32.37 301
32.38 301
32.39 301
32.40 301
32.42 301
32.43 301
32.44 301
32.45 301
32.47 301
32.48 301
32.49 301
32.50 301
32.51 301
32.53 301
32.54 301
32.55 301
32.56 301
32.58 301
32.59 301
32.60 301
32.61 301
32.63 301
32.64 301
32.65 301
32.66 301
32.67 301
32.69 301
32.70 301
32.71 301
32.72 301
32.74 305
32.75 309
32.76 309
32.77 309
32.79 309
32.80 309
32.81 309
32.82 309
32.83 309
32.85 314
32.86 315
32.87 315
32.88 315
32.90 315
32.91 315
32.92 315
32.93 317
32.95 319
32.96 321
32.97 322
32.98 323
32.99 323
33.01 323
33.02 323
33.03 323
33.04 323
33.06 323
33.07 323
33.08 323
33.09 323
33.11 324
33.12 327
33.13 330
33.14 332
33.15 332
33.17 332
33.18 332
33.19 332
33.20 332
33.22 332
33.23 334
33.24 334
33.25 334
33.27 334
33.28 338
33.29 341
33.30 342
33.31 346
33.33 349
33.34 351
33.35 352
33.36 352
33.38 352
33.39 352
33.40 352
33.41 352
33.43 352
33.44 352
33.45 352
33.46 352
33.47 352
33.49 352
33.50 354
33.51 354
33.52 355
33.54 355
33.55 355
33.56 355
33.57 355
33.59 355
33.60 355
33.61 355
33.62 355
33.64 355
33.65 355
33.66 355
33.67 357
33.68 357
33.70 357
33.71 357
33.72 357
33.73 357
33.75 357
33.76 357
33.77 357
33.78 357
33.80 357
33.81 357
33.82 357
33.83 357
33.84 360
33.86 363
33.87 365
33.88 367
33.89 367
33.91 367
33.92 367
33.93 367
33.94 367
33.96 367
33.97 367
33.98 367
33.99 367
34.00 367
34.02 367
34.03 367
34.04 367
34.05 367
34.07 367
34.08 367
34.09 367
34.10 367
34.12 367
34.13 367
34.14 367
34.15 367
34.16 367
34.18 367
34.19 367
34.20 367
34.21 367
34.23 371
34.24 374
34.25 377
34.26 381
34.28 381
34.29 381
34.30 381
34.31 381
34.32 381
34.34 381
34.35 381
34.36 381
34.37 381
34.39 381
34.40 383
34.41 383
34.42 383
34.44 383
34.45 383
34.46 383
34.47 383
34.48 383
34.50 383
34.51 383
34.52 383
34.53 383
34.55 383
34.56 383
34.57 383
34.58 383
34.60 383
34.61 386
34.62 389
34.63 392
34.64 392
34.66 392
34.67 392
34.68 392
34.69 392
34.71 392
34.72 392
34.73 392
34.74 392
34.76 392
34.77 393
34.78 393
34.79 393
34.81 394
34.82 394
34.83 394
34.84 394
34.85 394
34.87 394
34.88 394
34.89 394
34.90 394
34.92 394
34.93 394
34.94 394
34.95 395
34.97 399
34.98 401
34.99 404
35.00 407
35.01 407
35.03 407
35.04 407
35.05 407
35.06 407
35.08 407
35.09 407
35.10 407
35.11 407
35.13 407
35.14 407
35.15 407
35.16 407
35.17 407
35.19 407
35.20 407
35.21 407
35.22 407
35.24 407
35.25 407
35.26 407
35.27 407
35.29 407
35.30 407
35.31 407
35.32 407
35.33 407
35.35 409
35.36 411
35.37 413
35.38 414
35.40 414
35.41 414
35.42 414
35.43 414
35.45 414
35.46 414
35.47 414
35.48 414
35.49 414
35.51 414
35.52 414
35.53 414
35.54 414
35.56 414
35.57 414
35.58 414
35.59 414
35.61 414
35.62 414
35.63 414
35.64 414
35.65 414
35.67 414
35.68 414
35.69 414
35.70 414
35.72 415
35.73 417
35.74 420
35.75 423
35.77 423
35.78 423
35.79 423
35.80 423
35.82 423
35.83 423
35.84 423
35.85 423
35.86 423
35.88 423
35.89 425
35.90 425
35.91 425
35.93 425
35.94 425
35.95 425
35.96 425
35.98 425
35.99 425
36.00 425
36.01 425
36.02 425
36.04 425
36.05 425
36.06 425
36.07 425
36.09 426
36.10 429
36.11 432
36.12 433
36.14 433
36.15 433
36.16 433
36.17 433
36.18 433
36.20 433
36.21 433
36.22 433
36.23 433
36.25 433
36.26 434
36.27 434
36.28 434
36.30 434
36.31 434
36.32 434
36.33 434
36.34 434
36.36 434
36.37 434
36.38 434
36.39 434
36.41 434
36.42 434
36.43 434
36.44 434
36.46 435
36.47 438
36.48 441
36.49 443
36.50 446
36.52 447
36.53 447
36.54 447
36.55 447
36.57 447
36.58 447
36.59 447
36.60 447
36.62 447
36.63 447
36.64 447
36.65 447
36.66 447
36.68 447
36.69 447
36.70 447
36.71 447
36.73 447
36.74 447
36.75 447
36.76 447
36.78 447
36.79 447
36.80 447
36.81 447
36.82 447
36.84 447
36.85 448
36.86 450
36.87 452
36.89 454
36.90 455
36.91 455
36.92 455
36.94 455
36.95 455
36.96 455
36.97 455
36.99 455
37.00 455
37.01 455
37.02 455
37.03 455
37.05 455
37.06 455
37.07 455
37.08 455
37.10 455
37.11 455
37.12 455
37.13 455
37.15 455
37.16 455
37.17 455
37.18 455
37.19 455
37.21 455
37.22 455
37.23 457
37.24 458
37.26 461
37.27 463
37.28 463
37.29 463
37.31 463
37.32 463
37.33 463
37.34 463
37.35 463
37.37 463
37.38 463
37.39 463
37.40 464
37.42 464
37.43 464
37.44 464
37.45 464
37.47 464
37.48 464
37.49 464
37.50 464
37.51 464
37.53 464
37.54 464
37.55 464
37.56 464
37.58 464
37.59 464
37.60 464
37.61 464
37.63 467
37.64 469
37.65 471
37.66 473
37.67 475
37.69 476
37.70 477
37.71 477
37.72 477
37.74 477
37.75 477
37.76 477
37.77 477
37.79 477
37.80 477
37.81 477
37.82 477
37.83 477
37.85 477
37.86 477
37.87 477
37.88 477
37.90 477
37.91 477
37.92 477
37.93 477
37.95 477
37.96 477
37.97 477
37.98 477
37.99 477
38.01 477
38.02 477
38.03 479
38.04 481
38.06 483
38.07 487
38.08 489
38.09 489
38.11 489
38.12 489
38.13 489
38.14 489
38.16 489
38.17 489
38.18 489
38.19 489
38.20 489
38.22 489
38.23 489
38.24 489
38.25 489
38.27 489
38.28 489
38.29 489
38.30 489
38.32 489
38.33 489
38.34 489
38.35 489
38.36 489
38.38 489
38.39 489
38.40 489
38.41 489
38.43 492
38.44 495
38.45 496
38.46 496
38.48 496
38.49 496
38.50 496
38.51 496
38.52 496
38.54 496
38.55 496
38.56 496
38.57 496
38.59 496
38.60 496
38.61 496
38.62 496
38.64 496
38.65 496
38.66 496
38.67 496
38.68 496
38.70 496
38.71 496
38.72 496
38.73 496
38.75 496
38.76 496
38.77 496
38.78 496
38.80 496
38.81 497
38.82 500
38.83 501
38.84 501
38.86 501
38.87 501
38.88 501
38.89 501
38.91 501
38.92 501
38.93 501
38.94 501
38.96 501
38.97 501
38.98 501
38.99 502
39.00 502
39.02 502
39.03 502
39.04 502
39.05 502
39.07 502
39.08 502
39.09 502
39.10 502
39.12 502
39.13 502
39.14 502
39.15 502
39.16 504
39.18 506
39.19 509
39.20 510
39.21 510
39.23 510
39.24 510
39.25 510
39.26 510
39.28 510
39.29 510
39.30 510
39.31 510
39.33 510
39.34 510
39.35 510
39.36 511
39.37 511
39.39 511
39.40 511
39.41 511
39.42 511
39.44 511
39.45 511
39.46 511
39.47 511
39.49 511
39.50 511
39.51 511
39.52 511
39.53 511
39.55 513
39.56 513
39.57 516
39.58 517
39.60 518
39.61 518
39.62 518
39.63 518
39.65 518
39.66 518
39.67 518
39.68 518
39.69 518
39.71 518
39.72 518
39.73 518
39.74 518
39.76 518
39.77 518
39.78 518
39.79 518
39.81 518
39.82 518
39.83 518
39.84 518
39.85 518
39.87 518
39.88 518
39.89 518
39.90 518
39.92 518
39.93 518
39.94 520
39.95 521
39.97 524
39.98 524
39.99 524
40.00 524
40.01 524
40.03 526
40.04 529
40.05 532
40.06 533
40.08 533
40.09 533
40.10 533
40.11 533
40.13 533
40.14 533
40.15 533
40.16 533
40.17 535
40.19 535
40.20 535
40.21 535
40.22 535
40.24 535
40.25 535
40.26 535
40.27 535
40.29 535
40.30 535
40.31 535
40.32 536
40.33 539
40.35 541
40.36 543
40.37 545
40.38 546
40.40 546
40.41 546
40.42 546
40.43 546
40.45 546
40.46 546
40.47 546
40.48 546
40.50 546
40.51 546
40.52 546
40.53 546
40.54 546
40.56 546
40.57 546
40.58 546
40.59 546
40.61 546
40.62 546
40.63 546
40.64 546
40.66 546
40.67 546
40.68 546
40.69 546
40.70 546
40.72 546
40.73 548
40.74 550
40.75 552
40.77 554
40.78 554
40.79 554
40.80 554
40.82 554
40.83 555
40.84 555
40.85 555
40.86 555
40.88 555
40.89 555
40.90 555
40.91 555
40.93 555
40.94 555
40.95 555
40.96 555
40.98 556
40.99 556
41.00 556
41.01 556
41.02 556
41.04 556
41.05 556
41.06 556
41.07 556
41.09 556
41.10 556
41.11 556
41.12 556
41.14 558
41.15 560
41.16 563
41.17 564
41.18 564
41.20 564
41.21 564
41.22 564
41.23 564
41.25 564
41.26 564
41.27 564
41.28 564
41.30 564
41.31 564
41.32 564
41.33 564
41.34 564
41.36 564
41.37 564
41.38 564
41.39 564
41.41 564
41.42 564
41.43 564
41.44 564
41.46 564
41.47 564
41.48 564
41.49 564
41.51 564
41.52 565
41.53 565
41.54 565
41.55 566
41.57 566
41.58 566
41.59 566
41.60 566
41.62 566
41.63 566
41.64 566
41.65 566
41.67 566
41.68 566
41.69 566
41.70 566
41.71 566
41.73 566
41.74 566
41.75 566
41.76 566
41.78 566
41.79 566
41.80 566
41.81 566
41.83 566
41.84 566
41.85 566
41.86 566
41.87 566
41.89 566
41.90 569
41.91 570
41.92 571
41.94 572
41.95 572
41.96 572
41.97 572
41.99 572
42.00 572
42.01 572
42.02 572
42.03 572
42.05 572
42.06 572
42.07 572
42.08 572
42.10 572
42.11 572
42.12 572
42.13 572
42.15 572
42.16 572
42.17 572
42.18 572
42.19 572
42.21 572
42.22 572
42.23 572
42.24 572
42.26 572
42.27 572
42.28 574
42.29 577
42.31 579
42.32 579
42.33 579
42.34 579
42.35 579
42.37 579
42.38 579
42.39 579
42.40 579
42.42 579
42.43 579
42.44 579
42.45 579
42.47 581
42.48 581
42.49 581
42.50 581
42.51 581
42.53 581
42.54 581
42.55 581
42.56 581
42.58 581
42.59 581
42.60 581
42.61 581
42.63 581
42.64 581
42.65 582
42.66 582
42.68 583
42.69 584
42.70 584
42.71 584
42.72 584
42.74 585
42.75 588
42.76 592
42.77 593
42.79 595
42.80 597
42.81 599
42.82 603
42.84 606
42.85 609
42.86 612
42.87 612
42.88 615
42.90 619
42.91 621
42.92 625
42.93 626
42.95 629
42.96 631
42.97 634
42.98 637
43.00 637
43.01 637
43.02 637
43.03 637
43.04 637
43.06 637
43.07 638
43.08 638
43.09 639
43.11 639
43.12 639
43.13 639
43.14 639
43.16 639
43.17 639
43.18 639
43.19 639
43.20 639
43.22 639
43.23 639
43.24 640
43.25 643
43.27 645
43.28 645
43.29 645
43.30 645
43.32 645
43.33 648
43.34 650
43.35 654
43.36 657
43.38 660
43.39 662
43.40 664
43.41 665
43.43 665
43.44 665
43.45 665
43.46 665
43.48 665
43.49 665
43.50 665
43.51 665
43.52 665
43.54 665
43.55 665
43.56 665
43.57 665
43.59 665
43.60 665
43.61 665
43.62 665
43.64 665
43.65 665
43.66 665
43.67 665
43.68 665
43.70 667
43.71 669
43.72 670
43.73 670
43.75 670
43.76 670
43.77 671
43.78 673
43.80 675
43.81 675
43.82 675
43.83 675
43.85 675
43.86 675
43.87 675
43.88 675
43.89 675
43.91 675
43.92 675
43.93 675
43.94 675
43.96 677
43.97 678
43.98 679
43.99 679
44.01 679
44.02 679
44.03 679
44.04 679
44.05 679
44.07 679
44.08 679
44.09 679
44.10 680
44.12 685
44.13 688
44.14 689
44.15 689
44.17 689
44.18 689
44.19 692
44.20 694
44.21 696
44.23 696
44.24 696
44.25 696
44.26 696
44.28 696
44.29 696
44.30 700
44.31 703
44.33 706
44.34 708
44.35 710
44.36 714
44.37 717
44.39 719
44.40 722
44.41 724
44.42 727
44.44 730
44.45 732
44.46 734
44.47 737
44.49 740
44.50 744
44.51 746
44.52 747
44.53 748
44.55 750
44.56 753
44.57 755
44.58 758
44.60 762
44.61 763
44.62 765
44.63 768
44.65 771
44.66 773
44.67 776
44.68 779
44.69 782
44.71 784
44.72 787
44.73 789
44.74 791
44.76 794
44.77 796
44.78 797
44.79 797
44.81 799
44.82 800
44.83 802
44.84 804
44.85 806
44.87 809
44.88 812
44.89 812
44.90 813
44.92 815
44.93 817
44.94 819
44.95 822
44.97 824
44.98 824
44.99 825
45.00 828
45.02 830
45.03 832
45.04 834
45.05 837
45.06 840
45.08 842
45.09 843
45.10 846
45.11 849
45.13 851
45.14 852
45.15 854
45.16 855
45.18 855
45.19 857
45.20 857
45.21 858
45.22 858
45.24 858
45.25 858
45.26 858
45.27 860
45.29 863
45.30 864
45.31 865
45.32 867
45.34 869
45.35 872
45.36 872
45.37 874
45.38 875
45.40 876
45.41 878
45.42 879
45.43 881
45.45 881
45.46 883
45.47 883
45.48 886
45.50 887
45.51 888
45.52 890
45.53 892
45.54 893
45.56 895
45.57 897
45.58 897
45.59 900
45.61 900
45.62 902
45.63 905
45.64 906
45.66 907
45.67 910
45.68 910
45.69 912
45.70 913
45.72 917
45.73 919
45.74 921
45.75 924
45.77 927
45.78 929
45.79 932
45.80 933
45.82 936
45.83 939
45.84 940
45.85 941
45.86 943
45.88 945
45.89 948
45.90 949
45.91 950
45.93 952
45.94 952
45.95 954
45.96 957
45.98 960
45.99 961
46.00 964
46.01 964
46.03 967
46.04 969
46.05 971
46.06 974
46.07 977
46.09 978
46.10 980
46.11 980
46.12 980
46.14 980
46.15 984
46.16 986
46.17 986
46.19 989
46.20 991
46.21 994
46.22 997
46.23 998
46.25 998
46.26 998
46.27 1003
46.28 1005
46.30 1008
46.31 1011
46.32 1012
46.33 1015
46.35 1017
46.36 1020
46.37 1024
46.38 1026
46.39 1029
46.41 1030
46.42 1032
46.43 1035
46.44 1037
46.46 1040
46.47 1042
46.48 1045
46.49 1046
46.51 1049
46.52 1051
46.53 1054
46.54 1055
46.55 1058
46.57 1059
46.58 1061
46.59 1063
46.60 1065
46.62 1068
46.63 1070
46.64 1072
46.65 1074
46.67 1076
46.68 1078
46.69 1080
46.70 1081
46.71 1083
46.73 1085
46.74 1088
46.75 1090
46.76 1092
46.78 1094
46.79 1097
46.80 1099
46.81 1100
46.83 1102
46.84 1105
46.85 1107
46.86 1108
46.87 1110
46.89 1111
46.90 1112
46.91 1112
46.92 1112
46.94 1114
46.95 1117
46.96 1118
46.97 1121
46.99 1123
47.00 1126
47.01 1128
47.02 1129
47.03 1130
47.05 1132
47.06 1134
47.07 1136
47.08 1137
47.10 1138
47.11 1138
47.12 1138
47.13 1139
47.15 1141
47.16 1141
47.17 1141
47.18 1141
47.20 1143
47.21 1145
47.22 1147
47.23 1148
47.24 1148
47.26 1148
47.27 1148
47.28 1149
47.29 1149
47.31 1149
47.32 1151
47.33 1153
47.34 1153
47.36 1154
47.37 1154
47.38 1155
47.39 1157
47.40 1158
47.42 1160
47.43 1161
47.44 1162
47.45 1162
47.47 1162
47.48 1162
47.49 1162
47.50 1163
47.52 1164
47.53 1166
47.54 1166
47.55 1168
47.56 1169
47.58 1169
47.59 1169
47.60 1169
47.61 1169
47.63 1169
47.64 1170
47.65 1170
47.66 1170
47.68 1171
47.69 1171
47.70 1171
47.71 1171
47.72 1171
47.74 1172
47.75 1172
47.76 1172
47.77 1173
47.79 1174
47.80 1176
47.81 1176
47.82 1178
47.84 1179
47.85 1181
47.86 1183
47.87 1185
47.88 1185
47.90 1187
47.91 1190
47.92 1191
47.93 1192
47.95 1192
47.96 1192
47.97 1196
47.98 1198
48.00 1201
48.01 1203
48.02 1206
48.03 1209
48.04 1212
48.06 1213
48.07 1215
48.08 1218
48.09 1220
48.11 1221
48.12 1224
48.13 1226
48.14 1227
48.16 1230
48.17 1232
48.18 1234
48.19 1235
48.20 1235
48.22 1235
48.23 1235
48.24 1237
48.25 1239
48.27 1240
48.28 1242
48.29 1244
48.30 1246
48.32 1248
48.33 1249
48.34 1251
48.35 1253
48.37 1255
48.38 1257
48.39 1259
48.40 1262
48.41 1264
48.43 1266
48.44 1267
48.45 1268
48.46 1270
48.48 1270
48.49 1273
48.50 1274
48.51 1275
48.53 1277
48.54 1278
48.55 1279
48.56 1280
48.57 1284
48.59 1286
48.60 1287
48.61 1287
48.62 1290
48.64 1291
48.65 1292
48.66 1292
48.67 1292
48.69 1292
48.70 1294
48.71 1294
48.72 1294
48.73 1296
48.75 1298
48.76 1298
48.77 1299
48.78 1301
48.80 1304
48.81 1305
48.82 1308
48.83 1309
48.85 1310
48.86 1311
48.87 1313
48.88 1314
48.89 1316
48.91 1318
48.92 1318
48.93 1318
48.94 1319
48.96 1319
48.97 1319
48.98 1319
48.99 1319
49.01 1319
49.02 1319
49.03 1320
49.04 1321
49.05 1322
49.07 1322
49.08 1322
49.09 1323
49.10 1323
49.12 1323
49.13 1324
49.14 1324
49.15 1324
49.17 1324
49.18 1324
49.19 1324
49.20 1324
49.21 1325
49.23 1325
49.24 1327
49.25 1327
49.26 1328
49.28 1328
49.29 1328
49.30 1329
49.31 1331
49.33 1335
49.34 1336
49.35 1336
49.36 1336
49.37 1336
49.39 1338
49.40 1342
49.41 1343
49.42 1345
49.44 1345
49.45 1345
49.46 1345
49.47 1345
49.49 1345
49.50 1345
49.51 1345
49.52 1346
49.54 1348
49.55 1348
49.56 1348
49.57 1348
49.58 1348
49.60 1348
49.61 1348
49.62 1349
49.63 1351
49.65 1353
49.66 1355
49.67 1359
49.68 1359
49.70 1359
49.71 1359
49.72 1359
49.73 1359
49.74 1359
49.76 1360
49.77 1362
49.78 1364
49.79 1366
49.81 1368
49.82 1369
49.83 1370
49.84 1370
49.86 1370
49.87 1370
49.88 1372
49.89 1372
49.90 1373
49.92 1374
49.93 1376
49.94 1378
49.95 1378
49.97 1378
49.98 1379
49.99 1381
50.00 1383
50.02 1385
50.03 1386
50.04 1386
50.05 1387
50.06 1390
50.08 1392
50.09 1393
50.10 1393
50.11 1394
50.13 1394
50.14 1395
50.15 1395
50.16 1396
50.18 1396
50.19 1396
50.20 1397
50.21 1399
50.22 1401
50.24 1402
50.25 1404
50.26 1405
50.27 1405
50.29 1406
50.30 1406
50.31 1406
50.32 1406
50.34 1407
50.35 1408
50.36 1410
50.37 1411
50.38 1411
50.40 1413
50.41 1413
50.42 1414
50.43 1414
50.45 1414
50.46 1414
50.47 1415
50.48 1415
50.50 1416
50.51 1417
50.52 1419
50.53 1419
50.54 1419
50.56 1421
50.57 1423
50.58 1424
50.59 1425
50.61 1428
50.62 1431
50.63 1431
50.64 1431
50.66 1432
50.67 1433
50.68 1435
50.69 1435
50.71 1436
50.72 1437
50.73 1439
50.74 1441
50.75 1441
50.77 1442
50.78 1444
50.79 1445
50.80 1446
50.82 1446
50.83 1447
50.84 1447
50.85 1448
50.87 1448
50.88 1449
50.89 1450
50.90 1451
50.91 1452
50.93 1454
50.94 1457
50.95 1459
50.96 1459
50.98 1459
50.99 1459
51.00 1461
51.01 1464
51.03 1464
51.04 1465
51.05 1465
51.06 1465
51.07 1466
51.09 1467
51.10 1467
51.11 1469
51.12 1472
51.14 1474
51.15 1475
51.16 1475
51.17 1475
51.19 1476
51.20 1477
51.21 1477
51.22 1478
51.23 1481
51.25 1483
51.26 1485
51.27 1486
51.28 1488
51.30 1490
51.31 1492
51.32 1494
51.33 1495
51.35 1496
51.36 1497
51.37 1500
51.38 1501
51.39 1505
51.41 1507
51.42 1509
51.43 1511
51.44 1514
51.46 1515
51.47 1516
51.48 1517
51.49 1520
51.51 1522
51.52 1523
51.53 1524
51.54 1526
51.55 1529
51.57 1530
51.58 1531
51.59 1534
51.60 1537
51.62 1538
51.63 1540
51.64 1541
51.65 1542
51.67 1542
51.68 1542
51.69 1542
51.70 1542
51.72 1544
51.73 1546
51.74 1548
51.75 1549
51.76 1550
51.78 1552
51.79 1553
51.80 1556
51.81 1559
51.83 1560
51.84 1561
51.85 1564
51.86 1566
51.88 1569
51.89 1571
51.90 1571
51.91 1573
51.92 1575
51.94 1575
51.95 1577
51.96 1580
51.97 1582
51.99 1582
52.00 1584
52.01 1586
52.02 1586
52.04 1589
52.05 1591
52.06 1593
52.07 1593
52.08 1595
52.10 1597
52.11 1598
52.12 1600
52.13 1602
52.15 1604
52.16 1605
52.17 1608
52.18 1609
52.20 1610
52.21 1613
52.22 1615
52.23 1615
52.24 1616
52.26 1617
52.27 1619
52.28 1620
52.29 1622
52.31 1624
52.32 1628
52.33 1629
52.34 1630
52.36 1631
52.37 1631
52.38 1632
52.39 1633
52.40 1635
52.42 1635
52.43 1637
52.44 1639
52.45 1641
52.47 1643
52.48 1644
52.49 1646
52.50 1649
52.52 1651
52.53 1652
52.54 1653
52.55 1653
52.56 1654
52.58 1656
52.59 1657
52.60 1660
52.61 1663
52.63 1665
52.64 1667
52.65 1670
52.66 1673
52.68 1675
52.69 1678
52.70 1680
52.71 1682
52.72 1684
52.74 1687
52.75 1689
52.76 1691
52.77 1694
52.79 1695
52.80 1698
52.81 1700
52.82 1703
52.84 1705
52.85 1707
52.86 1708
52.87 1708
52.89 1711
52.90 1713
52.91 1714
52.92 1715
52.93 1717
52.95 1718
52.96 1720
52.97 1721
52.98 1722
53.00 1724
53.01 1726
53.02 1727
53.03 1727
53.05 1729
53.06 1729
53.07 1730
53.08 1731
53.09 1732
53.11 1732
53.12 1732
53.13 1732
53.14 1733
53.16 1735
53.17 1735
53.18 1737
53.19 1740
53.21 1741
53.22 1744
53.23 1746
53.24 1748
53.25 1749
53.27 1751
53.28 1753
53.29 1754
53.30 1755
53.32 1755
53.33 1756
53.34 1759
53.35 1761
53.37 1761
53.38 1761
53.39 1761
53.40 1762
53.41 1762
53.43 1763
53.44 1764
53.45 1766
53.46 1767
53.48 1769
53.49 1770
53.50 1773
53.51 1773
53.53 1775
53.54 1775
53.55 1775
53.56 1775
53.57 1775
53.59 1778
53.60 1778
53.61 1778
53.62 1779
53.64 1782
53.65 1783
53.66 1785
53.67 1786
53.69 1787
53.70 1787
53.71 1787
53.72 1788
53.73 1789
53.75 1789
53.76 1791
53.77 1792
53.78 1792
53.80 1793
53.81 1796
53.82 1796
53.83 1797
53.85 1797
53.86 1797
53.87 1797
53.88 1798
53.89 1799
53.91 1799
53.92 1799
53.93 1800
53.94 1802
53.96 1803
53.97 1803
53.98 1803
53.99 1804
54.01 1804
54.02 1804
54.03 1804
54.04 1804
54.06 1804
54.07 1804
54.08 1805
54.09 1805
54.10 1805
54.12 1806
54.13 1806
54.14 1806
54.15 1808
54.17 1808
54.18 1808
54.19 1808
54.20 1808
54.22 1808
54.23 1808
54.24 1809
54.25 1809
54.26 1809
54.28 1809
54.29 1809
54.30 1809
54.31 1810
54.33 1810
54.34 1810
54.35 1810
54.36 1810
54.38 1810
54.39 1810
54.40 1813
54.41 1815
54.42 1815
54.44 1816
54.45 1816
54.46 1820
54.47 1822
54.49 1824
54.50 1824
54.51 1824
54.52 1824
54.54 1827
54.55 1828
54.56 1829
54.57 1830
54.58 1830
54.60 1831
54.61 1831
54.62 1831
54.63 1831
54.65 1832
54.66 1833
54.67 1833
54.68 1834
54.70 1834
54.71 1835
54.72 1835
54.73 1835
54.74 1835
54.76 1835
54.77 1835
54.78 1835
54.79 1836
54.81 1836
54.82 1836
54.83 1836
54.84 1837
54.86 1839
54.87 1839
54.88 1840
54.89 1840
54.90 1840
54.92 1840
54.93 1842
54.94 1844
54.95 1845
54.97 1845
54.98 1846
54.99 1847
55.00 1847
55.02 1850
55.03 1852
55.04 1854
55.05 1856
55.06 1858
55.08 1860
55.09 1861
55.10 1863
55.11 1866
55.13 1867
55.14 1869
55.15 1871
55.16 1873
55.18 1877
55.19 1879
55.20 1883
55.21 1885
55.23 1887
55.24 1890
55.25 1892
55.26 1894
55.27 1897
55.29 1899
55.30 1902
55.31 1905
55.32 1907
55.34 1909
55.35 1912
55.36 1913
55.37 1915
55.39 1917
55.40 1919
55.41 1920
55.42 1921
55.43 1924
55.45 1926
55.46 1927
55.47 1928
55.48 1933
55.50 1937
55.51 1939
55.52 1942
55.53 1943
55.55 1947
55.56 1949
55.57 1951
55.58 1954
55.59 1956
55.61 1959
55.62 1962
55.63 1963
55.64 1966
55.66 1968
55.67 1971
55.68 1973
55.69 1975
55.71 1975
55.72 1977
55.73 1979
55.74 1981
55.75 1983
55.77 1984
55.78 1986
55.79 1988
55.80 1990
55.82 1993
55.83 1994
55.84 1997
55.85 1998
55.87 2000
55.88 2002
55.89 2002
55.90 2003
55.91 2003
55.93 2005
55.94 2006
55.95 2006
55.96 2006
55.98 2007
55.99 2008
56.00 2010
56.01 2010
56.03 2011
56.04 2012
56.05 2012
56.06 2012
56.07 2014
56.09 2017
56.10 2017
56.11 2017
56.12 2017
56.14 2018
56.15 2018
56.16 2018
56.17 2019
56.19 2019
56.20 2019
56.21 2020
56.22 2020
56.23 2020
56.25 2020
56.26 2020
56.27 2020
56.28 2021
56.30 2021
56.31 2021
56.32 2021
56.33 2022
56.35 2022
56.36 2022
56.37 2022
56.38 2022
56.40 2022
56.41 2022
56.42 2022
56.43 2023
56.44 2023
56.46 2023
56.47 2023
56.48 2023
56.49 2024
56.51 2024
56.52 2024
56.53 2025
56.54 2025
56.56 2025
56.57 2025
56.58 2025
56.59 2028
56.60 2030
56.62 2032
56.63 2032
56.64 2032
56.65 2032
56.67 2032
56.68 2032
56.69 2032
56.70 2033
56.72 2033
56.73 2033
56.74 2034
56.75 2034
56.76 2034
56.78 2034
56.79 2036
56.80 2036
56.81 2037
56.83 2037
56.84 2037
56.85 2037
56.86 2037
56.88 2037
56.89 2037
56.90 2037
56.91 2037
56.92 2039
56.94 2041
56.95 2043
56.96 2043
56.97 2043
56.99 2043
57.00 2046
57.01 2048
57.02 2051
57.04 2052
57.05 2052
57.06 2052
57.07 2052
57.08 2052
57.10 2052
57.11 2053
57.12 2053
57.13 2053
57.15 2055
57.16 2057
57.17 2058
57.18 2061
57.20 2061
57.21 2063
57.22 2064
57.23 2065
57.24 2065
57.26 2066
57.27 2066
57.28 2066
57.29 2069
57.31 2071
57.32 2072
57.33 2073
57.34 2073
57.36 2074
57.37 2074
57.38 2074
57.39 2077
57.41 2079
57.42 2080
57.43 2080
57.44 2081
57.45 2082
57.47 2084
57.48 2087
57.49 2088
57.50 2089
57.52 2089
57.53 2090
57.54 2090
57.55 2092
57.57 2094
57.58 2096
57.59 2098
57.60 2098
57.61 2100
57.63 2101
57.64 2102
57.65 2103
57.66 2104
57.68 2105
57.69 2105
57.70 2105
57.71 2105
57.73 2106
57.74 2108
57.75 2110
57.76 2113
57.77 2113
57.79 2116
57.80 2119
57.81 2120
57.82 2120
57.84 2122
57.85 2124
57.86 2125
57.87 2125
57.89 2126
57.90 2127
57.91 2128
57.92 2128
57.93 2128
57.95 2130
57.96 2131
57.97 2132
57.98 2134
58.00 2134
58.01 2136
58.02 2138
58.03 2138
58.05 2140
58.06 2141
58.07 2143
58.08 2144
58.09 2145
58.11 2147
58.12 2149
58.13 2151
58.14 2151
58.16 2152
58.17 2152
58.18 2152
58.19 2153
58.21 2154
58.22 2155
58.23 2157
58.24 2158
58.25 2160
58.27 2162
58.28 2162
58.29 2163
58.30 2165
58.32 2166
58.33 2167
58.34 2168
58.35 2169
58.37 2170
58.38 2171
58.39 2172
58.40 2173
58.41 2174
58.43 2174
58.44 2175
58.45 2176
58.46 2178
58.48 2179
58.49 2180
58.50 2180
58.51 2182
58.53 2183
58.54 2183
58.55 2183
58.56 2184
58.58 2185
58.59 2186
58.60 2186
58.61 2186
58.62 2188
58.64 2189
58.65 2192
58.66 2194
58.67 2195
58.69 2196
58.70 2196
58.71 2198
58.72 2198
58.74 2198
58.75 2199
58.76 2202
58.77 2203
58.78 2205
58.80 2208
58.81 2209
58.82 2210
58.83 2213
58.85 2215
58.86 2218
58.87 2220
58.88 2222
58.90 2224
58.91 2227
58.92 2229
58.93 2231
58.94 2234
58.96 2237
58.97 2239
58.98 2242
58.99 2244
59.01 2246
59.02 2248
59.03 2252
59.04 2254
59.06 2256
59.07 2260
59.08 2262
59.09 2266
59.10 2267
59.12 2270
59.13 2273
59.14 2274
59.15 2275
59.17 2277
59.18 2280
59.19 2282
59.20 2282
59.22 2285
59.23 2286
59.24 2286
59.25 2286
59.26 2286
59.28 2287
59.29 2287
59.30 2287
59.31 2288
59.33 2288
59.34 2288
59.35 2289
59.36 2289
59.38 2289
59.39 2289
59.40 2289
59.41 2291
59.42 2293
59.44 2294
59.45 2295
59.46 2297
59.47 2298
59.49 2298
59.50 2299
59.51 2299
59.52 2299
59.54 2300
59.55 2301
59.56 2302
59.57 2303
59.58 2306
59.60 2307
59.61 2310
59.62 2310
59.63 2312
59.65 2314
59.66 2316
59.67 2318
59.68 2319
59.70 2320
59.71 2321
59.72 2321
59.73 2322
59.75 2323
59.76 2323
59.77 2323
59.78 2324
59.79 2324
59.81 2324
59.82 2324
59.83 2325
59.84 2325
59.86 2325
59.87 2325
59.88 2326
59.89 2326
59.91 2326
59.92 2326
59.93 2326
59.94 2328
59.95 2328
59.97 2328
59.98 2328
59.99 2328
60.00 2329
60.02 2329
60.03 2329
60.04 2329
60.05 2330
60.07 2330
60.08 2330
60.09 2332
60.10 2333
60.11 2335
60.13 2336
60.14 2337
60.15 2337
60.16 2338
60.18 2338
60.19 2338
60.20 2338
60.21 2338
60.23 2338
60.24 2339
60.25 2339
60.26 2339
60.27 2339
60.29 2339
60.30 2339
60.31 2341
60.32 2341
60.34 2341
60.35 2342
60.36 2342
60.37 2342
60.39 2342
60.40 2342
60.41 2342
60.42 2343
60.43 2343
60.45 2343
60.46 2343
60.47 2343
60.48 2343
60.50 2344
60.51 2346
60.52 2346
60.53 2346
60.55 2347
60.56 2347
60.57 2347
60.58 2347
60.59 2347
60.61 2347
60.62 2348
60.63 2348
60.64 2348
60.66 2348
60.67 2348
60.68 2348
60.69 2350
60.71 2350
60.72 2352
60.73 2352
60.74 2352
60.75 2352
60.77 2352
60.78 2353
60.79 2353
60.80 2353
60.82 2353
60.83 2353
60.84 2353
60.85 2354
60.87 2354
60.88 2355
60.89 2355
60.90 2355
60.92 2355
60.93 2355
60.94 2356
60.95 2356
60.96 2356
60.98 2356
60.99 2356
61.00 2356
61.01 2356
61.03 2356
61.04 2356
61.05 2356
61.06 2359
61.08 2359
61.09 2360
61.10 2362
61.11 2363
61.12 2365
61.14 2367
61.15 2369
61.16 2371
61.17 2371
61.19 2372
61.20 2374
61.21 2375
61.22 2377
61.24 2378
61.25 2379
61.26 2381
61.27 2384
61.28 2386
61.30 2388
61.31 2389
61.32 2390
61.33 2390
61.35 2390
61.36 2390
61.37 2390
61.38 2390
61.40 2390
61.41 2390
61.42 2390
61.43 2390
61.44 2391
61.46 2391
61.47 2392
61.48 2393
61.49 2393
61.51 2393
61.52 2393
61.53 2394
61.54 2394
61.56 2394
61.57 2394
61.58 2394
61.59 2394
61.60 2394
61.62 2394
61.63 2394
61.64 2394
61.65 2395
61.67 2395
61.68 2395
61.69 2400
61.70 2401
61.72 2402
61.73 2403
61.74 2407
61.75 2410
61.76 2411
61.78 2414
61.79 2414
61.80 2417
61.81 2419
61.83 2421
61.84 2421
61.85 2422
61.86 2422
61.88 2424
61.89 2425
61.90 2428
61.91 2430
61.92 2433
61.94 2436
61.95 2439
61.96 2440
61.97 2443
61.99 2445
62.00 2446
62.01 2448
62.02 2449
62.04 2451
62.05 2454
62.06 2455
62.07 2457
62.09 2458
62.10 2460
62.11 2462
62.12 2462
62.13 2464
62.15 2466
62.16 2468
62.17 2471
62.18 2472
62.20 2474
62.21 2476
62.22 2477
62.23 2478
62.25 2479
62.26 2480
62.27 2480
62.28 2482
62.29 2483
62.31 2484
62.32 2484
62.33 2484
62.34 2485
62.36 2487
62.37 2487
62.38 2487
62.39 2488
62.41 2488
62.42 2488
62.43 2490
62.44 2490
62.45 2490
62.47 2491
62.48 2491
62.49 2491
62.50 2491
62.52 2491
62.53 2491
62.54 2491
62.55 2491
62.57 2491
62.58 2491
62.59 2491
62.60 2491
62.61 2491
62.63 2493
62.64 2493
62.65 2493
62.66 2493
62.68 2493
62.69 2493
62.70 2494
62.71 2494
62.73 2494
62.74 2494
62.75 2494
62.76 2494
62.77 2495
62.79 2495
62.80 2495
62.81 2495
62.82 2495
62.84 2497
62.85 2499
62.86 2499
62.87 2499
62.89 2500
62.90 2500
62.91 2502
62.92 2502
62.93 2502
62.95 2504
62.96 2507
62.97 2509
62.98 2509
63.00 2511
63.01 2514
63.02 2516
63.03 2518
63.05 2519
63.06 2519
63.07 2519
63.08 2519
63.10 2519
63.11 2519
63.12 2519
63.13 2519
63.14 2522
63.16 2523
63.17 2525
63.18 2527
63.19 2527
63.21 2527
63.22 2527
63.23 2528
63.24 2531
63.26 2532
63.27 2533
63.28 2536
63.29 2539
63.30 2540
63.32 2543
63.33 2543
63.34 2545
63.35 2545
63.37 2545
63.38 2545
63.39 2545
63.40 2545
63.42 2545
63.43 2546
63.44 2546
63.45 2547
63.46 2548
63.48 2548
63.49 2549
63.50 2549
63.51 2550
63.53 2550
63.54 2551
63.55 2553
63.56 2553
63.58 2553
63.59 2554
63.60 2556
63.61 2558
63.62 2560
63.64 2561
63.65 2565
63.66 2566
63.67 2568
63.69 2571
63.70 2573
63.71 2575
63.72 2577
63.74 2580
63.75 2582
63.76 2584
63.77 2586
63.78 2588
63.80 2590
63.81 2593
63.82 2595
63.83 2597
63.85 2600
63.86 2602
63.87 2604
63.88 2607
63.90 2608
63.91 2608
63.92 2610
63.93 2612
63.94 2613
63.96 2614
63.97 2615
63.98 2616
63.99 2618
64.01 2619
64.02 2620
64.03 2622
64.04 2624
64.06 2626
64.07 2626
64.08 2628
64.09 2629
64.10 2630
64.12 2634
64.13 2637
64.14 2638
64.15 2639
64.17 2639
64.18 2640
64.19 2641
64.20 2643
64.22 2644
64.23 2646
64.24 2646
64.25 2646
64.27 2647
64.28 2647
64.29 2650
64.30 2652
64.31 2653
64.33 2654
64.34 2654
64.35 2655
64.36 2658
64.38 2659
64.39 2660
64.40 2661
64.41 2663
64.43 2663
64.44 2665
64.45 2665
64.46 2665
64.47 2666
64.49 2668
64.50 2670
64.51 2672
64.52 2673
64.54 2674
64.55 2675
64.56 2675
64.57 2676
64.59 2679
64.60 2680
64.61 2683
64.62 2685
64.63 2685
64.65 2686
64.66 2686
64.67 2686
64.68 2687
64.70 2687
64.71 2687
64.72 2687
64.73 2687
64.75 2688
64.76 2688
64.77 2688
64.78 2688
64.79 2688
64.81 2690
64.82 2692
64.83 2693
64.84 2695
64.86 2695
64.87 2696
64.88 2696
64.89 2696
64.91 2696
64.92 2696
64.93 2696
64.94 2696
64.95 2696
64.97 2696
64.98 2696
64.99 2696
65.00 2697
65.02 2698
65.03 2698
65.04 2698
65.05 2699
65.07 2699
65.08 2699
65.09 2699
65.10 2700
65.11 2700
65.13 2700
65.14 2701
65.15 2701
65.16 2702
65.18 2702
65.19 2702
65.20 2702
65.21 2702
65.23 2703
65.24 2703
65.25 2704
65.26 2705
65.27 2707
65.29 2707
65.30 2707
65.31 2708
65.32 2708
65.34 2709
65.35 2709
65.36 2709
65.37 2709
65.39 2710
65.40 2710
65.41 2710
65.42 2710
65.44 2710
65.45 2710
65.46 2710
65.47 2710
65.48 2710
65.50 2710
65.51 2713
65.52 2714
65.53 2715
65.55 2715
65.56 2715
65.57 2715
65.58 2718
65.60 2720
65.61 2720
65.62 2720
65.63 2720
65.64 2720
65.66 2720
65.67 2720
65.68 2720
65.69 2720
65.71 2720
65.72 2723
65.73 2726
65.74 2728
65.76 2731
65.77 2731
65.78 2731
65.79 2731
65.80 2731
65.82 2731
65.83 2731
65.84 2732
65.85 2732
65.87 2732
65.88 2732
65.89 2733
65.90 2735
65.92 2738
65.93 2740
65.94 2740
65.95 2740
65.96 2740
65.98 2743
65.99 2745
66.00 2746
66.01 2749
66.03 2750
66.04 2751
66.05 2753
66.06 2755
66.08 2757
66.09 2759
66.10 2761
66.11 2764
66.12 2766
66.14 2768
66.15 2769
66.16 2770
66.17 2772
66.19 2774
66.20 2774
66.21 2775
66.22 2777
66.24 2780
66.25 2781
66.26 2782
66.27 2782
66.28 2784
66.30 2787
66.31 2788
66.32 2790
66.33 2791
66.35 2792
66.36 2793
66.37 2793
66.38 2796
66.40 2797
66.41 2797
66.42 2799
66.43 2801
66.44 2803
66.46 2803
66.47 2804
66.48 2806
66.49 2806
66.51 2806
66.52 2808
66.53 2809
66.54 2812
66.56 2814
66.57 2814
66.58 2815
66.59 2816
66.61 2817
66.62 2819
66.63 2821
66.64 2822
66.65 2823
66.67 2824
66.68 2825
66.69 2827
66.70 2828
66.72 2829
66.73 2829
66.74 2831
66.75 2832
66.77 2834
66.78 2835
66.79 2837
66.80 2837
66.81 2838
66.83 2839
66.84 2839
66.85 2839
66.86 2840
66.88 2840
66.89 2840
66.90 2840
66.91 2842
66.93 2843
66.94 2846
66.95 2849
66.96 2851
66.97 2853
66.99 2855
67.00 2857
67.01 2859
67.02 2861
67.04 2862
67.05 2865
67.06 2867
67.07 2869
67.09 2871
67.10 2873
67.11 2874
67.12 2876
67.13 2879
67.15 2880
67.16 2882
67.17 2884
67.18 2885
67.20 2888
67.21 2889
67.22 2889
67.23 2889
67.25 2890
67.26 2891
67.27 2893
67.28 2893
67.29 2894
67.31 2894
67.32 2895
67.33 2895
67.34 2895
67.36 2896
67.37 2896
67.38 2896
67.39 2897
67.41 2897
67.42 2897
67.43 2898
67.44 2898
67.45 2898
67.47 2898
67.48 2899
67.49 2900
67.50 2902
67.52 2902
67.53 2905
67.54 2907
67.55 2907
67.57 2908
67.58 2911
67.59 2914
67.60 2914
67.62 2916
67.63 2918
67.64 2918
67.65 2920
67.66 2923
67.68 2924
67.69 2925
67.70 2926
67.71 2928
67.73 2928
67.74 2928
67.75 2928
67.76 2928
67.78 2930
67.79 2930
67.80 2930
67.81 2930
67.82 2931
67.84 2931
67.85 2931
67.86 2931
67.87 2932
67.89 2934
67.90 2935
67.91 2935
67.92 2935
67.94 2936
67.95 2938
67.96 2939
67.97 2939
67.98 2939
68.00 2939
68.01 2939
68.02 2939
68.03 2940
68.05 2941
68.06 2942
68.07 2942
68.08 2943
68.10 2943
68.11 2943
68.12 2944
68.13 2944
68.14 2944
68.16 2944
68.17 2945
68.18 2946
68.19 2946
68.21 2947
68.22 2948
68.23 2949
68.24 2950
68.26 2950
68.27 2950
68.28 2951
68.29 2952
68.30 2953
68.32 2954
68.33 2954
68.34 2954
68.35 2955
68.37 2955
68.38 2955
68.39 2955
68.40 2955
68.42 2955
68.43 2955
68.44 2955
68.45 2956
68.46 2956
68.48 2956
68.49 2956
68.50 2956
68.51 2956
68.53 2956
68.54 2957
68.55 2958
68.56 2958
68.58 2958
68.59 2958
68.60 2958
68.61 2958
68.62 2958
68.64 2958
68.65 2958
68.66 2958
68.67 2958
68.69 2958
68.70 2958
68.71 2960
68.72 2960
68.74 2960
68.75 2960
68.76 2960
68.77 2960
68.79 2961
68.80 2961
68.81 2961
68.82 2961
68.83 2964
68.85 2966
68.86 2968
68.87 2968
68.88 2968
68.90 2968
68.91 2969
68.92 2969
68.93 2969
68.95 2970
68.96 2970
68.97 2970
68.98 2970
68.99 2970
69.01 2970
69.02 2970
69.03 2970
69.04 2972
69.06 2973
69.07 2973
69.08 2973
69.09 2973
69.11 2974
69.12 2977
69.13 2978
69.14 2979
69.15 2981
69.17 2982
69.18 2984
69.19 2985
69.20 2986
69.22 2987
69.23 2988
69.24 2989
69.25 2989
69.27 2990
69.28 2991
69.29 2994
69.30 2995
69.31 2997
69.33 2998
69.34 3001
69.35 3004
69.36 3006
69.38 3006
69.39 3007
69.40 3010
69.41 3013
69.43 3014
69.44 3017
69.45 3019
69.46 3020
69.47 3021
69.49 3021
69.50 3022
69.51 3024
69.52 3025
69.54 3025
69.55 3025
69.56 3026
69.57 3028
69.59 3029
69.60 3030
69.61 3030
69.62 3032
69.63 3035
69.65 3035
69.66 3036
69.67 3036
69.68 3036
69.70 3037
69.71 3038
69.72 3038
69.73 3040
69.75 3041
69.76 3041
69.77 3041
69.78 3041
69.79 3041
69.81 3042
69.82 3043
69.83 3044
69.84 3045
69.86 3045
69.87 3046
69.88 3046
69.89 3046
69.91 3046
69.92 3046
69.93 3047
69.94 3047
69.96 3047
69.97 3047
69.98 3047
69.99 3047
70.00 3047
70.02 3047
70.03 3047
70.04 3047
70.05 3047
70.07 3047
70.08 3047
70.09 3047
70.10 3047
70.12 3047
70.13 3048
70.14 3048
70.15 3049
70.16 3050
70.18 3051
70.19 3051
70.20 3051
70.21 3051
70.23 3051
70.24 3051
70.25 3051
70.26 3051
70.28 3052
70.29 3052
70.30 3053
70.31 3053
70.32 3053
70.34 3054
70.35 3054
70.36 3054
70.37 3054
70.39 3054
70.40 3054
70.41 3054
70.42 3054
70.44 3054
70.45 3054
70.46 3055
70.47 3057
70.48 3059
70.50 3062
70.51 3062
70.52 3062
70.53 3062
70.55 3062
70.56 3062
70.57 3062
70.58 3062
70.60 3064
70.61 3069
70.62 3069
70.63 3069
70.64 3069
70.66 3069
70.67 3069
70.68 3069
70.69 3069
70.71 3070
70.72 3070
70.73 3070
70.74 3070
70.76 3070
70.77 3071
70.78 3071
70.79 3071
70.80 3073
70.82 3075
70.83 3075
70.84 3075
70.85 3078
70.87 3080
70.88 3084
70.89 3086
70.90 3088
70.92 3089
70.93 3091
70.94 3094
70.95 3097
70.96 3098
70.98 3100
70.99 3101
71.00 3104
71.01 3105
71.03 3108
71.04 3109
71.05 3109
71.06 3111
71.08 3114
71.09 3116
71.10 3118
71.11 3121
71.13 3123
71.14 3123
71.15 3123
71.16 3124
71.17 3126
71.19 3127
71.20 3127
71.21 3131
71.22 3133
71.24 3134
71.25 3136
71.26 3138
71.27 3139
71.29 3141
71.30 3141
71.31 3143
71.32 3144
71.33 3146
71.35 3146
71.36 3147
71.37 3149
71.38 3149
71.40 3152
71.41 3153
71.42 3155
71.43 3155
71.45 3157
71.46 3158
71.47 3161
71.48 3161
71.49 3161
71.51 3161
71.52 3161
71.53 3163
71.54 3165
71.56 3167
71.57 3168
71.58 3169
71.59 3171
71.61 3172
71.62 3172
71.63 3173
71.64 3176
71.65 3177
71.67 3178
71.68 3179
71.69 3179
71.70 3180
71.72 3180
71.73 3181
71.74 3183
71.75 3184
71.77 3184
71.78 3185
71.79 3185
71.80 3185
71.81 3185
71.83 3186
71.84 3186
71.85 3186
71.86 3186
71.88 3186
71.89 3187
71.90 3187
71.91 3187
71.93 3187
71.94 3187
71.95 3187
71.96 3187
71.97 3188
71.99 3189
72.00 3189
72.01 3189
72.02 3189
72.04 3189
72.05 3189
72.06 3190
72.07 3190
72.09 3190
72.10 3190
72.11 3190
72.12 3190
72.13 3190
72.15 3190
72.16 3191
72.17 3191
72.18 3191
72.20 3192
72.21 3192
72.22 3192
72.23 3192
72.25 3192
72.26 3192
72.27 3192
72.28 3192
72.30 3192
72.31 3192
72.32 3192
72.33 3192
72.34 3192
72.36 3194
72.37 3195
72.38 3197
72.39 3198
72.41 3198
72.42 3199
72.43 3202
72.44 3203
72.46 3206
72.47 3206
72.48 3207
72.49 3207
72.50 3207
72.52 3207
72.53 3207
72.54 3207
72.55 3207
72.57 3208
72.58 3208
72.59 3208
72.60 3208
72.62 3209
72.63 3209
72.64 3209
72.65 3209
72.66 3209
72.68 3209
72.69 3210
72.70 3210
72.71 3210
72.73 3210
72.74 3210
72.75 3210
72.76 3210
72.78 3210
72.79 3212
72.80 3212
72.81 3212
72.82 3214
72.84 3214
72.85 3214
72.86 3215
72.87 3216
72.89 3217
72.90 3217
72.91 3217
72.92 3217
72.94 3217
72.95 3217
72.96 3217
72.97 3217
72.98 3217
73.00 3217
73.01 3217
73.02 3217
73.03 3217
73.05 3217
73.06 3218
73.07 3218
73.08 3218
73.10 3218
73.11 3218
73.12 3218
73.13 3218
73.14 3218
73.16 3218
73.17 3218
73.18 3219
73.19 3219
73.21 3219
73.22 3219
73.23 3219
73.24 3219
73.26 3219
73.27 3219
73.28 3219
73.29 3219
73.31 3219
73.32 3221
73.33 3223
73.34 3224
73.35 3224
73.37 3224
73.38 3224
73.39 3224
73.40 3224
73.42 3225
73.43 3225
73.44 3228
73.45 3228
73.47 3229
73.48 3229
73.49 3229
73.50 3229
73.51 3231
73.53 3231
73.54 3231
73.55 3231
73.56 3231
73.58 3232
73.59 3234
73.60 3235
73.61 3237
73.63 3238
73.64 3239
73.65 3239
73.66 3239
73.67 3240
73.69 3242
73.70 3244
73.71 3245
73.72 3245
73.74 3245
73.75 3245
73.76 3247
73.77 3248
73.79 3250
73.80 3252
73.81 3254
73.82 3257
73.83 3259
73.85 3260
73.86 3261
73.87 3264
73.88 3265
73.90 3266
73.91 3268
73.92 3268
73.93 3268
73.95 3268
73.96 3269
73.97 3270
73.98 3272
73.99 3273
74.01 3273
74.02 3273
74.03 3273
74.04 3274
74.06 3274
74.07 3276
74.08 3279
74.09 3280
74.11 3282
74.12 3283
74.13 3285
74.14 3287
74.15 3289
74.17 3290
74.18 3290
74.19 3290
74.20 3292
74.22 3294
74.23 3294
74.24 3295
74.25 3295
74.27 3295
74.28 3298
74.29 3298
74.30 3298
74.31 3300
74.33 3301
74.34 3302
74.35 3302
74.36 3302
74.38 3302
74.39 3303
74.40 3304
74.41 3304
74.43 3304
74.44 3304
74.45 3304
74.46 3304
74.48 3304
74.49 3304
74.50 3306
74.51 3308
74.52 3308
74.54 3308
74.55 3309
74.56 3309
74.57 3309
74.59 3309
74.60 3309
74.61 3310
74.62 3312
74.64 3312
74.65 3313
74.66 3314
74.67 3315
74.68 3316
74.70 3316
74.71 3317
74.72 3317
74.73 3317
74.75 3318
74.76 3320
74.77 3321
74.78 3321
74.80 3322
74.81 3325
74.82 3326
74.83 3327
74.84 3329
74.86 3331
74.87 3334
74.88 3336
74.89 3338
74.91 3339
74.92 3341
74.93 3343
74.94 3344
74.96 3345
74.97 3345
74.98 3345
74.99 3346
75.00 3346
75.02 3347
75.03 3349
75.04 3349
75.05 3351
75.07 3353
75.08 3353
75.09 3354
75.10 3356
75.12 3356
75.13 3358
75.14 3360
75.15 3360
75.16 3361
75.18 3363
75.19 3366
75.20 3367
75.21 3368
75.23 3370
75.24 3371
75.25 3373
75.26 3374
75.28 3376
75.29 3378
75.30 3380
75.31 3380
75.32 3383
75.34 3384
75.35 3385
75.36 3388
75.37 3389
75.39 3391
75.40 3392
75.41 3393
75.42 3393
75.44 3394
75.45 3394
75.46 3395
75.47 3395
75.48 3396
75.50 3396
75.51 3397
75.52 3397
75.53 3397
75.55 3397
75.56 3397
75.57 3398
75.58 3399
75.60 3399
75.61 3400
75.62 3401
75.63 3403
75.65 3405
75.66 3405
75.67 3405
75.68 3407
75.69 3407
75.71 3407
75.72 3407
75.73 3408
75.74 3408
75.76 3409
75.77 3409
75.78 3410
75.79 3410
75.81 3411
75.82 3413
75.83 3414
75.84 3415
75.85 3415
75.87 3417
75.88 3418
75.89 3419
75.90 3421
75.92 3423
75.93 3424
75.94 3427
75.95 3427
75.97 3428
75.98 3431
75.99 3432
76.00 3436
76.01 3438
76.03 3440
76.04 3442
76.05 3444
76.06 3446
76.08 3447
76.09 3447
76.10 3451
76.11 3454
76.13 3456
76.14 3457
76.15 3459
76.16 3461
76.17 3463
76.19 3465
76.20 3466
76.21 3468
76.22 3469
76.24 3472
76.25 3475
76.26 3476
76.27 3477
76.29 3477
76.30 3478
76.31 3479
76.32 3481
76.33 3483
76.35 3484
76.36 3486
76.37 3488
76.38 3489
76.40 3492
76.41 3494
76.42 3495
76.43 3496
76.45 3496
76.46 3496
76.47 3496
76.48 3496
76.49 3496
76.51 3496
76.52 3496
76.53 3497
76.54 3497
76.56 3497
76.57 3497
76.58 3497
76.59 3497
76.61 3497
76.62 3497
76.63 3498
76.64 3498
76.65 3498
76.67 3498
76.68 3499
76.69 3499
76.70 3499
76.72 3500
76.73 3500
76.74 3500
76.75 3501
76.77 3501
76.78 3503
76.79 3504
76.80 3504
76.82 3504
76.83 3505
76.84 3505
76.85 3505
76.86 3505
76.88 3505
76.89 3505
76.90 3505
76.91 3505
76.93 3505
76.94 3506
76.95 3506
76.96 3506
76.98 3506
76.99 3506
77.00 3507
77.01 3507
77.02 3507
77.04 3507
77.05 3507
77.06 3507
77.07 3507
77.09 3507
77.10 3508
77.11 3508
77.12 3508
77.14 3509
77.15 3509
77.16 3509
77.17 3509
77.18 3509
77.20 3510
77.21 3510
77.22 3510
77.23 3510
77.25 3510
77.26 3510
77.27 3510
77.28 3510
77.30 3510
77.31 3510
77.32 3510
77.33 3510
77.34 3510
77.36 3510
77.37 3510
77.38 3510
77.39 3510
77.41 3510
77.42 3510
77.43 3510
77.44 3510
77.46 3510
77.47 3510
77.48 3510
77.49 3511
77.50 3511
77.52 3511
77.53 3511
77.54 3511
77.55 3511
77.57 3512
77.58 3512
77.59 3512
77.60 3512
77.62 3512
77.63 3512
77.64 3512
77.65 3512
77.66 3512
77.68 3512
77.69 3512
77.70 3512
77.71 3512
77.73 3513
77.74 3513
77.75 3513
77.76 3513
77.78 3513
77.79 3513
77.80 3513
77.81 3513
77.82 3513
77.84 3513
77.85 3515
77.86 3517
77.87 3517
77.89 3517
77.90 3517
77.91 3517
77.92 3517
77.94 3517
77.95 3517
77.96 3517
77.97 3517
77.99 3518
78.00 3519
78.01 3520
78.02 3520
78.03 3520
78.05 3520
78.06 3520
78.07 3521
78.08 3521
78.10 3521
78.11 3522
78.12 3523
78.13 3523
78.15 3524
78.16 3524
78.17 3525
78.18 3527
78.19 3527
78.21 3527
78.22 3527
78.23 3527
78.24 3527
78.26 3527
78.27 3527
78.28 3527
78.29 3527
78.31 3527
78.32 3528
78.33 3528
78.34 3528
78.35 3529
78.37 3530
78.38 3530
78.39 3530
78.40 3530
78.42 3530
78.43 3530
78.44 3530
78.45 3531
78.47 3531
78.48 3531
78.49 3531
78.50 3533
78.51 3533
78.53 3534
78.54 3534
78.55 3534
78.56 3534
78.58 3534
78.59 3534
78.60 3534
78.61 3534
78.63 3534
78.64 3534
78.65 3534
78.66 3535
78.67 3535
78.69 3535
78.70 3535
78.71 3535
78.72 3536
78.74 3536
78.75 3536
78.76 3538
78.77 3538
78.79 3538
78.80 3538
78.81 3540
78.82 3540
78.83 3540
78.85 3540
78.86 3540
78.87 3540
78.88 3540
78.90 3540
78.91 3540
78.92 3540
78.93 3540
78.95 3542
78.96 3544
78.97 3544
78.98 3547
79.00 3549
79.01 3549
79.02 3550
79.03 3550
79.04 3550
79.06 3550
79.07 3550
79.08 3550
79.09 3550
79.11 3550
79.12 3551
79.13 3551
79.14 3551
79.16 3553
79.17 3553
79.18 3553
79.19 3553
79.20 3553
79.22 3554
79.23 3556
79.24 3559
79.25 3561
79.27 3564
79.28 3564
79.29 3566
79.30 3569
79.32 3571
79.33 3572
79.34 3573
79.35 3576
79.36 3578
79.38 3579
79.39 3582
79.40 3583
79.41 3585
79.43 3588
79.44 3590
79.45 3592
79.46 3595
79.48 3596
79.49 3599
79.50 3600
79.51 3600
79.52 3601
79.54 3602
79.55 3604
79.56 3606
79.57 3606
79.59 3609
79.60 3610
79.61 3612
79.62 3614
79.64 3614
79.65 3615
79.66 3617
79.67 3617
79.68 3619
79.70 3620
79.71 3621
79.72 3623
79.73 3623
79.75 3626
79.76 3627
79.77 3629
79.78 3631
79.80 3633
79.81 3634
79.82 3635
79.83 3637
79.84 3637
79.86 3638
79.87 3641
79.88 3642
79.89 3643
79.91 3645
79.92 3646
79.93 3648
79.94 3649
79.96 3649
79.97 3652
79.98 3654
79.99 3655
80.00 3655
80.02 3655
80.03 3655
80.04 3655
80.05 3658
80.07 3660
80.08 3661
80.09 3663
80.10 3663
80.12 3664
80.13 3665
80.14 3667
80.15 3669
80.17 3671
80.18 3671
80.19 3671
80.20 3671
80.21 3673
80.23 3674
80.24 3676
80.25 3677
80.26 3677
80.28 3677
80.29 3677
80.30 3677
80.31 3677
80.33 3677
80.34 3677
80.35 3677
80.36 3677
80.37 3677
80.39 3678
80.40 3678
80.41 3678
80.42 3678
80.44 3678
80.45 3678
80.46 3679
80.47 3679
80.49 3679
80.50 3680
80.51 3680
80.52 3680
80.53 3680
80.55 3680
80.56 3680
80.57 3680
80.58 3680
80.60 3680
80.61 3680
80.62 3680
80.63 3681
80.65 3682
80.66 3682
80.67 3682
80.68 3682
80.69 3682
80.71 3682
80.72 3683
80.73 3683
80.74 3685
80.76 3685
80.77 3685
80.78 3685
80.79 3686
80.81 3687
80.82 3689
80.83 3689
80.84 3690
80.85 3692
80.87 3692
80.88 3692
80.89 3693
80.90 3693
80.92 3693
80.93 3694
80.94 3694
80.95 3694
80.97 3695
80.98 3695
80.99 3695
81.00 3695
81.01 3695
81.03 3695
81.04 3695
81.05 3695
81.06 3697
81.08 3697
81.09 3697
81.10 3697
81.11 3699
81.13 3700
81.14 3700
81.15 3700
81.16 3702
81.17 3703
81.19 3703
81.20 3703
81.21 3703
81.22 3703
81.24 3703
81.25 3703
81.26 3703
81.27 3703
81.29 3703
81.30 3706
81.31 3707
81.32 3709
81.34 3709
81.35 3709
81.36 3709
81.37 3709
81.38 3709
81.40 3709
81.41 3709
81.42 3709
81.43 3709
81.45 3710
81.46 3710
81.47 3711
81.48 3711
81.50 3711
81.51 3711
81.52 3712
81.53 3715
81.54 3717
81.56 3717
81.57 3717
81.58 3719
81.59 3721
81.61 3724
81.62 3726
81.63 3727
81.64 3730
81.66 3733
81.67 3735
81.68 3737
81.69 3740
81.70 3741
81.72 3742
81.73 3743
81.74 3745
81.75 3748
81.77 3748
81.78 3748
81.79 3749
81.80 3752
81.82 3753
81.83 3755
81.84 3756
81.85 3757
81.86 3759
81.88 3760
81.89 3762
81.90 3762
81.91 3764
81.93 3765
81.94 3766
81.95 3767
81.96 3768
81.98 3769
81.99 3770
82.00 3770
82.01 3770
82.02 3770
82.04 3772
82.05 3774
82.06 3776
82.07 3776
82.09 3778
82.10 3779
82.11 3780
82.12 3781
82.14 3781
82.15 3781
82.16 3781
82.17 3782
82.18 3783
82.20 3783
82.21 3783
82.22 3786
82.23 3786
82.25 3786
82.26 3787
82.27 3787
82.28 3788
82.30 3789
82.31 3790
82.32 3790
82.33 3790
82.34 3790
82.36 3790
82.37 3790
82.38 3790
82.39 3790
82.41 3790
82.42 3790
82.43 3790
82.44 3790
82.46 3790
82.47 3790
82.48 3790
82.49 3790
82.51 3790
82.52 3790
82.53 3791
82.54 3791
82.55 3791
82.57 3791
82.58 3791
82.59 3791
82.60 3791
82.62 3791
82.63 3791
82.64 3791
82.65 3791
82.67 3791
82.68 3791
82.69 3791
82.70 3791
82.71 3791
82.73 3792
82.74 3792
82.75 3792
82.76 3792
82.78 3792
82.79 3792
82.80 3792
82.81 3792
82.83 3792
82.84 3793
82.85 3793
82.86 3793
82.87 3793
82.89 3793
82.90 3793
82.91 3793
82.92 3793
82.94 3795
82.95 3797
82.96 3798
82.97 3798
82.99 3798
83.00 3798
83.01 3798
83.02 3798
83.03 3799
83.05 3799
83.06 3799
83.07 3799
83.08 3799
83.10 3799
83.11 3800
83.12 3800
83.13 3800
83.15 3800
83.16 3800
83.17 3800
83.18 3800
83.19 3800
83.21 3800
83.22 3800
83.23 3800
83.24 3800
83.26 3800
83.27 3800
83.28 3800
83.29 3800
83.31 3800
83.32 3800
83.33 3800
83.34 3800
83.35 3800
83.37 3800
83.38 3800
83.39 3802
83.40 3803
83.42 3804
83.43 3805
83.44 3805
83.45 3805
83.47 3806
83.48 3806
83.49 3806
83.50 3806
83.51 3807
83.53 3807
83.54 3807
83.55 3808
83.56 3809
83.58 3809
83.59 3810
83.60 3811
83.61 3811
83.63 3811
83.64 3811
83.65 3811
83.66 3811
83.68 3811
83.69 3811
83.70 3811
83.71 3811
83.72 3812
83.74 3812
83.75 3812
83.76 3812
83.77 3813
83.79 3813
83.80 3813
83.81 3813
83.82 3813
83.84 3813
83.85 3813
83.86 3813
83.87 3813
83.88 3816
83.90 3817
83.91 3818
83.92 3818
83.93 3818
83.95 3818
83.96 3818
83.97 3820
83.98 3820
84.00 3820
84.01 3820
84.02 3822
84.03 3823
84.04 3823
84.06 3823
84.07 3823
84.08 3823
84.09 3823
84.11 3823
84.12 3823
84.13 3824
84.14 3824
84.16 3825
84.17 3825
84.18 3825
84.19 3825
84.20 3826
84.22 3826
84.23 3827
84.24 3827
84.25 3827
84.27 3827
84.28 3830
84.29 3833
84.30 3835
84.32 3837
84.33 3839
84.34 3840
84.35 3842
84.36 3845
84.38 3847
84.39 3849
84.40 3850
84.41 3853
84.43 3853
84.44 3854
84.45 3854
84.46 3854
84.48 3855
84.49 3855
84.50 3856
84.51 3856
84.52 3856
84.54 3856
84.55 3856
84.56 3856
84.57 3857
84.59 3859
84.60 3859
84.61 3861
84.62 3862
84.64 3864
84.65 3865
84.66 3867
84.67 3869
84.69 3871
84.70 3873
84.71 3875
84.72 3875
84.73 3878
84.75 3880
84.76 3880
84.77 3882
84.78 3883
84.80 3883
84.81 3884
84.82 3888
84.83 3890
84.85 3890
84.86 3891
84.87 3893
84.88 3893
84.89 3893
84.91 3894
84.92 3894
84.93 3894
84.94 3895
84.96 3897
84.97 3897
84.98 3898
84.99 3900
85.01 3902
85.02 3904
85.03 3904
85.04 3906
85.05 3909
85.07 3912
85.08 3914
85.09 3915
85.10 3915
85.12 3915
85.13 3915
85.14 3916
85.15 3916
85.17 3916
85.18 3916
85.19 3916
85.20 3916
85.21 3916
85.23 3916
85.24 3916
85.25 3916
85.26 3916
85.28 3916
85.29 3916
85.30 3916
85.31 3917
85.33 3917
85.34 3917
85.35 3917
85.36 3917
85.37 3917
85.39 3917
85.40 3917
85.41 3919
85.42 3919
85.44 3919
85.45 3919
85.46 3919
85.47 3919
85.49 3920
85.50 3920
85.51 3920
85.52 3920
85.53 3920
85.55 3920
85.56 3920
85.57 3920
85.58 3920
85.60 3920
85.61 3920
85.62 3920
85.63 3920
85.65 3920
85.66 3920
85.67 3921
85.68 3921
85.69 3921
85.71 3921
85.72 3921
85.73 3921
85.74 3921
85.76 3921
85.77 3921
85.78 3921
85.79 3921
85.81 3921
85.82 3921
85.83 3921
85.84 3921
85.86 3921
85.87 3921
85.88 3921
85.89 3921
85.90 3921
85.92 3921
85.93 3921
85.94 3921
85.95 3921
85.97 3922
85.98 3922
85.99 3922
86.00 3922
86.02 3922
86.03 3922
86.04 3922
86.05 3922
86.06 3922
86.08 3922
86.09 3922
86.10 3922
86.11 3922
86.13 3922
86.14 3922
86.15 3922
86.16 3922
86.18 3922
86.19 3923
86.20 3923
86.21 3923
86.22 3923
86.24 3923
86.25 3923
86.26 3923
86.27 3924
86.29 3925
86.30 3926
86.31 3927
86.32 3929
86.34 3929
86.35 3931
86.36 3933
86.37 3934
86.38 3937
86.40 3939
86.41 3940
86.42 3940
86.43 3940
86.45 3941
86.46 3941
86.47 3941
86.48 3941
86.50 3942
86.51 3945
86.52 3947
86.53 3949
86.54 3951
86.56 3951
86.57 3952
86.58 3953
86.59 3953
86.61 3954
86.62 3954
86.63 3954
86.64 3956
86.66 3958
86.67 3958
86.68 3959
86.69 3960
86.70 3960
86.72 3963
86.73 3964
86.74 3964
86.75 3964
86.77 3964
86.78 3964
86.79 3965
86.80 3965
86.82 3965
86.83 3965
86.84 3965
86.85 3965
86.86 3965
86.88 3965
86.89 3965
86.90 3966
86.91 3966
86.93 3966
86.94 3966
86.95 3966
86.96 3966
86.98 3966
86.99 3966
87.00 3966
87.01 3967
87.03 3967
87.04 3967
87.05 3967
87.06 3967
87.07 3967
87.09 3968
87.10 3968
87.11 3968
87.12 3968
87.14 3968
87.15 3968
87.16 3968
87.17 3968
87.19 3968
87.20 3968
87.21 3968
87.22 3969
87.23 3969
87.25 3969
87.26 3969
87.27 3969
87.28 3969
87.30 3969
87.31 3969
87.32 3969
87.33 3969
87.35 3969
87.36 3971
87.37 3972
87.38 3974
87.39 3976
87.41 3976
87.42 3976
87.43 3976
87.44 3976
87.46 3976
87.47 3976
87.48 3976
87.49 3980
87.51 3980
87.52 3980
87.53 3980
87.54 3980
87.55 3980
87.57 3980
87.58 3980
87.59 3980
87.60 3980
87.62 3980
87.63 3980
87.64 3981
87.65 3982
87.67 3982
87.68 3982
87.69 3983
87.70 3983
87.71 3984
87.73 3988
87.74 3989
87.75 3990
87.76 3991
87.78 3991
87.79 3992
87.80 3994
87.81 3997
87.83 4000
87.84 4002
87.85 4003
87.86 4005
87.87 4008
87.89 4010
87.90 4011
87.91 4014
87.92 4016
87.94 4018
87.95 4021
87.96 4023
87.97 4024
87.99 4027
88.00 4028
88.01 4030
88.02 4032
88.03 4034
88.05 4036
88.06 4038
88.07 4040
88.08 4040
88.10 4040
88.11 4042
88.12 4042
88.13 4044
88.15 4045
88.16 4047
88.17 4049
88.18 4050
88.20 4051
88.21 4051
88.22 4052
88.23 4052
88.24 4053
88.26 4055
88.27 4057
88.28 4060
88.29 4060
88.31 4061
88.32 4063
88.33 4063
88.34 4064
88.36 4066
88.37 4067
88.38 4067
88.39 4069
88.40 4070
88.42 4070
88.43 4070
88.44 4072
88.45 4073
88.47 4074
88.48 4075
88.49 4077
88.50 4078
88.52 4079
88.53 4080
88.54 4082
88.55 4084
88.56 4085
88.58 4085
88.59 4086
88.60 4087
88.61 4088
88.63 4088
88.64 4089
88.65 4091
88.66 4092
88.68 4092
88.69 4093
88.70 4095
88.71 4095
88.72 4095
88.74 4095
88.75 4096
88.76 4096
88.77 4097
88.79 4097
88.80 4098
88.81 4098
88.82 4098
88.84 4098
88.85 4098
88.86 4099
88.87 4100
88.88 4100
88.90 4101
88.91 4101
88.92 4102
88.93 4103
88.95 4103
88.96 4103
88.97 4103
88.98 4103
89.00 4103
89.01 4103
89.02 4103
89.03 4103
89.04 4103
89.06 4103
89.07 4103
89.08 4105
89.09 4105
89.11 4106
89.12 4106
89.13 4106
89.14 4106
89.16 4106
89.17 4106
89.18 4106
89.19 4106
89.21 4106
89.22 4106
89.23 4106
89.24 4107
89.25 4107
89.27 4107
89.28 4108
89.29 4108
89.30 4108
89.32 4108
89.33 4108
89.34 4108
89.35 4108
89.37 4108
89.38 4108
89.39 4108
89.40 4108
89.41 4108
89.43 4108
89.44 4108
89.45 4108
89.46 4109
89.48 4109
89.49 4109
89.50 4109
89.51 4109
89.53 4110
89.54 4110
89.55 4110
89.56 4110
89.57 4110
89.59 4110
89.60 4111
89.61 4113
89.62 4113
89.64 4113
89.65 4115
89.66 4115
89.67 4115
89.69 4116
89.70 4116
89.71 4116
89.72 4116
89.73 4116
89.75 4116
89.76 4116
89.77 4116
89.78 4117
89.80 4117
89.81 4117
89.82 4117
89.83 4117
89.85 4117
89.86 4117
89.87 4118
89.88 4118
89.89 4118
89.91 4118
89.92 4118
89.93 4118
89.94 4118
89.96 4118
89.97 4118
89.98 4118
89.99 4119
90.01 4119
90.02 4119
90.03 4119
90.04 4119
90.05 4120
90.07 4120
90.08 4120
90.09 4120
90.10 4120
90.12 4121
90.13 4121
90.14 4122
90.15 4122
90.17 4123
90.18 4123
90.19 4123
90.20 4123
90.21 4123
90.23 4123
90.24 4124
90.25 4124
90.26 4124
90.28 4124
90.29 4124
90.30 4124
90.31 4125
90.33 4125
90.34 4126
90.35 4126
90.36 4126
90.38 4126
90.39 4126
90.40 4126
90.41 4126
90.42 4126
90.44 4126
90.45 4126
90.46 4126
90.47 4126
90.49 4126
90.50 4126
90.51 4128
90.52 4130
90.54 4132
90.55 4132
90.56 4132
90.57 4132
90.58 4133
90.60 4136
90.61 4140
90.62 4143
90.63 4146
90.65 4148
90.66 4151
90.67 4153
90.68 4156
90.70 4156
90.71 4156
90.72 4156
90.73 4156
90.74 4156
90.76 4157
90.77 4157
90.78 4159
90.79 4160
90.81 4161
90.82 4162
90.83 4164
90.84 4166
90.86 4166
90.87 4166
90.88 4167
90.89 4168
90.90 4169
90.92 4169
90.93 4172
90.94 4172
90.95 4172
90.97 4173
90.98 4175
90.99 4177
91.00 4179
91.02 4182
91.03 4184
91.04 4184
91.05 4184
91.06 4185
91.08 4186
91.09 4188
91.10 4189
91.11 4189
91.13 4190
91.14 4191
91.15 4193
91.16 4195
91.18 4197
91.19 4199
91.20 4200
91.21 4201
91.22 4203
91.24 4205
91.25 4205
91.26 4206
91.27 4207
91.29 4207
91.30 4208
91.31 4208
91.32 4209
91.34 4209
91.35 4210
91.36 4210
91.37 4210
91.38 4211
91.40 4212
91.41 4213
91.42 4215
91.43 4217
91.45 4218
91.46 4219
91.47 4221
91.48 4222
91.50 4225
91.51 4225
91.52 4225
91.53 4226
91.55 4226
91.56 4227
91.57 4228
91.58 4228
91.59 4228
91.61 4230
91.62 4231
91.63 4233
91.64 4233
91.66 4234
91.67 4235
91.68 4236
91.69 4236
91.71 4237
91.72 4238
91.73 4238
91.74 4238
91.75 4241
91.77 4243
91.78 4244
91.79 4245
91.80 4245
91.82 4247
91.83 4248
91.84 4250
91.85 4251
91.87 4251
91.88 4252
91.89 4254
91.90 4256
91.91 4258
91.93 4259
91.94 4259
91.95 4260
91.96 4260
91.98 4262
91.99 4263
92.00 4265
92.01 4266
92.03 4267
92.04 4269
92.05 4270
92.06 4271
92.07 4273
92.09 4274
92.10 4275
92.11 4275
92.12 4275
92.14 4276
92.15 4277
92.16 4277
92.17 4277
92.19 4278
92.20 4280
92.21 4281
92.22 4283
92.23 4284
92.25 4284
92.26 4285
92.27 4285
92.28 4287
92.30 4290
92.31 4291
92.32 4291
92.33 4292
92.35 4292
92.36 4294
92.37 4295
92.38 4295
92.39 4296
92.41 4297
92.42 4297
92.43 4297
92.44 4299
92.46 4299
92.47 4301
92.48 4301
92.49 4301
92.51 4301
92.52 4301
92.53 4301
92.54 4302
92.55 4302
92.57 4302
92.58 4302
92.59 4305
92.60 4305
92.62 4305
92.63 4306
92.64 4306
92.65 4308
92.67 4309
92.68 4311
92.69 4312
92.70 4313
92.72 4313
92.73 4313
92.74 4313
92.75 4313
92.76 4313
92.78 4313
92.79 4314
92.80 4314
92.81 4314
92.83 4314
92.84 4316
92.85 4316
92.86 4318
92.88 4320
92.89 4322
92.90 4323
92.91 4324
92.92 4325
92.94 4327
92.95 4328
92.96 4328
92.97 4328
92.99 4329
93.00 4331
93.01 4333
93.02 4335
93.04 4337
93.05 4339
93.06 4339
93.07 4341
93.08 4341
93.10 4341
93.11 4341
93.12 4342
93.13 4343
93.15 4343
93.16 4343
93.17 4343
93.18 4343
93.20 4343
93.21 4344
93.22 4345
93.23 4346
93.24 4348
93.26 4349
93.27 4349
93.28 4349
93.29 4349
93.31 4350
93.32 4350
93.33 4350
93.34 4350
93.36 4351
93.37 4351
93.38 4351
93.39 4351
93.40 4352
93.42 4352
93.43 4353
93.44 4353
93.45 4353
93.47 4353
93.48 4353
93.49 4354
93.50 4354
93.52 4355
93.53 4355
93.54 4356
93.55 4356
93.56 4356
93.58 4356
93.59 4356
93.60 4356
93.61 4356
93.63 4356
93.64 4356
93.65 4356
93.66 4356
93.68 4356
93.69 4356
93.70 4357
93.71 4357
93.72 4357
93.74 4358
93.75 4358
93.76 4358
93.77 4358
93.79 4358
93.80 4359
93.81 4359
93.82 4359
93.84 4359
93.85 4359
93.86 4359
93.87 4359
93.89 4359
93.90 4359
93.91 4359
93.92 4359
93.93 4359
93.95 4359
93.96 4359
93.97 4362
93.98 4362
94.00 4364
94.01 4366
94.02 4369
94.03 4370
94.05 4372
94.06 4372
94.07 4373
94.08 4374
94.09 4374
94.11 4374
94.12 4374
94.13 4374
94.14 4375
94.16 4375
94.17 4375
94.18 4375
94.19 4375
94.21 4376
94.22 4376
94.23 4376
94.24 4376
94.25 4377
94.27 4379
94.28 4379
94.29 4379
94.30 4379
94.32 4379
94.33 4379
94.34 4379
94.35 4379
94.37 4379
94.38 4379
94.39 4379
94.40 4379
94.41 4379
94.43 4379
94.44 4380
94.45 4381
94.46 4381
94.48 4381
94.49 4381
94.50 4381
94.51 4381
94.53 4381
94.54 4382
94.55 4382
94.56 4382
94.57 4382
94.59 4382
94.60 4383
94.61 4383
94.62 4383
94.64 4383
94.65 4383
94.66 4383
94.67 4383
94.69 4383
94.70 4383
94.71 4383
94.72 4383
94.73 4383
94.75 4383
94.76 4383
94.77 4384
94.78 4386
94.80 4388
94.81 4390
94.82 4391
94.83 4391
94.85 4391
94.86 4392
94.87 4392
94.88 4392
94.90 4392
94.91 4392
94.92 4393
94.93 4393
94.94 4393
94.96 4393
94.97 4393
94.98 4393
94.99 4393
95.01 4395
95.02 4395
95.03 4396
95.04 4396
95.06 4396
95.07 4399
95.08 4401
95.09 4403
95.10 4405
95.12 4408
95.13 4410
95.14 4413
95.15 4415
95.17 4418
95.18 4419
95.19 4421
95.20 4422
95.22 4422
95.23 4422
95.24 4422
95.25 4422
95.26 4424
95.28 4425
95.29 4427
95.30 4429
95.31 4430
95.33 4431
95.34 4432
95.35 4433
95.36 4434
95.38 4435
95.39 4437
95.40 4438
95.41 4439
95.42 4441
95.44 4441
95.45 4442
95.46 4442
95.47 4442
95.49 4442
95.50 4443
95.51 4445
95.52 4448
95.54 4449
95.55 4450
95.56 4451
95.57 4451
95.58 4453
95.60 4455
95.61 4455
95.62 4457
95.63 4458
95.65 4459
95.66 4462
95.67 4462
95.68 4463
95.70 4465
95.71 4467
95.72 4468
95.73 4470
95.74 4471
95.76 4473
95.77 4474
95.78 4475
95.79 4477
95.81 4478
95.82 4478
95.83 4478
95.84 4478
95.86 4481
95.87 4482
95.88 4484
95.89 4485
95.90 4485
95.92 4485
95.93 4486
95.94 4486
95.95 4487
95.97 4488
95.98 4491
95.99 4491
96.00 4492
96.02 4494
96.03 4496
96.04 4496
96.05 4498
96.07 4499
96.08 4501
96.09 4503
96.10 4503
96.11 4503
96.13 4503
96.14 4503
96.15 4505
96.16 4506
96.18 4508
96.19 4508
96.20 4509
96.21 4510
96.23 4512
96.24 4516
96.25 4518
96.26 4520
96.27 4521
96.29 4522
96.30 4525
96.31 4527
96.32 4529
96.34 4532
96.35 4533
96.36 4536
96.37 4537
96.39 4539
96.40 4542
96.41 4545
96.42 4547
96.43 4549
96.45 4550
96.46 4550
96.47 4552
96.48 4553
96.50 4553
96.51 4553
96.52 4554
96.53 4554
96.55 4554
96.56 4554
96.57 4554
96.58 4554
96.59 4554
96.61 4554
96.62 4554
96.63 4554
96.64 4555
96.66 4555
96.67 4555
96.68 4555
96.69 4556
96.71 4556
96.72 4556
96.73 4556
96.74 4556
96.75 4556
96.77 4556
96.78 4556
96.79 4556
96.80 4556
96.82 4556
96.83 4556
96.84 4556
96.85 4557
96.87 4557
96.88 4557
96.89 4557
96.90 4557
96.91 4557
96.93 4557
96.94 4557
96.95 4558
96.96 4558
96.98 4558
96.99 4558
97.00 4558
97.01 4558
97.03 4559
97.04 4559
97.05 4559
97.06 4559
97.07 4559
97.09 4559
97.10 4559
97.11 4559
97.12 4559
97.14 4560
97.15 4560
97.16 4560
97.17 4561
97.19 4561
97.20 4561
97.21 4561
97.22 4561
97.24 4562
97.25 4562
97.26 4562
97.27 4562
97.28 4562
97.30 4562
97.31 4563
97.32 4563
97.33 4563
97.35 4563
97.36 4563
97.37 4563
97.38 4563
97.40 4563
97.41 4563
97.42 4563
97.43 4563
97.44 4563
97.46 4563
97.47 4563
97.48 4563
97.49 4563
97.51 4563
97.52 4563
97.53 4563
97.54 4563
97.56 4564
97.57 4566
97.58 4567
97.59 4569
97.60 4570
97.62 4570
97.63 4570
97.64 4571
97.65 4574
97.67 4575
97.68 4576
97.69 4576
97.70 4578
97.72 4579
97.73 4579
97.74 4579
97.75 4579
97.76 4580
97.78 4580
97.79 4580
97.80 4580
97.81 4580
97.83 4580
97.84 4581
97.85 4581
97.86 4581
97.88 4582
97.89 4582
97.90 4582
97.91 4582
97.92 4582
97.94 4583
97.95 4583
97.96 4583
97.97 4583
97.99 4584
98.00 4584
98.01 4584
98.02 4584
98.04 4584
98.05 4584
98.06 4584
98.07 4584
98.08 4584
98.10 4584
98.11 4584
98.12 4584
98.13 4584
98.15 4584
98.16 4584
98.17 4584
98.18 4584
98.20 4584
98.21 4585
98.22 4585
98.23 4585
98.24 4585
98.26 4585
98.27 4585
98.28 4585
98.29 4585
98.31 4585
98.32 4585
98.33 4586
98.34 4586
98.36 4586
98.37 4586
98.38 4586
98.39 4586
98.41 4586
98.42 4586
98.43 4587
98.44 4587
98.45 4587
98.47 4587
98.48 4587
98.49 4587
98.50 4587
98.52 4587
98.53 4587
98.54 4587
98.55 4587
98.57 4588
98.58 4588
98.59 4588
98.60 4588
98.61 4589
98.63 4589
98.64 4589
98.65 4590
98.66 4590
98.68 4591
98.69 4594
98.70 4595
98.71 4596
98.73 4596
98.74 4596
98.75 4598
98.76 4598
98.77 4598
98.79 4598
98.80 4598
98.81 4598
98.82 4598
98.84 4598
98.85 4598
98.86 4598
98.87 4600
98.89 4600
98.90 4601
98.91 4601
98.92 4601
98.93 4601
98.95 4601
98.96 4602
98.97 4602
98.98 4602
99.00 4602
99.01 4605
99.02 4609
99.03 4612
99.05 4616
99.06 4619
99.07 4621
99.08 4623
99.09 4627
99.11 4630
99.12 4633
99.13 4636
99.14 4638
99.16 4641
99.17 4644
99.18 4646
99.19 4649
99.21 4652
99.22 4656
99.23 4657
99.24 4659
99.25 4663
99.27 4665
99.28 4665
99.29 4666
99.30 4666
99.32 4667
99.33 4669
99.34 4673
99.35 4674
99.37 4676
99.38 4677
99.39 4678
99.40 4680
99.41 4681
99.43 4682
99.44 4683
99.45 4685
99.46 4686
99.48 4687
99.49 4688
99.50 4689
99.51 4690
99.53 4691
99.54 4694
99.55 4695
99.56 4696
99.58 4697
99.59 4698
99.60 4699
99.61 4700
99.62 4701
99.64 4703
99.65 4704
99.66 4705
99.67 4706
99.69 4707
99.70 4708
99.71 4708
99.72 4709
99.74 4712
99.75 4713
99.76 4714
99.77 4716
99.78 4716
99.80 4717
99.81 4717
99.82 4720
99.83 4722
99.85 4723
99.86 4724
99.87 4726
99.88 4726
99.90 4728
99.91 4730
99.92 4731
99.93 4732
99.94 4733
99.96 4735
99.97 4736
99.98 4737
99.99 4737
