setUpClass (tests.test_fx2_value_feedback_evidence_v1.EvidenceTests) ... ERROR

======================================================================
ERROR: setUpClass (tests.test_fx2_value_feedback_evidence_v1.EvidenceTests)
----------------------------------------------------------------------
Traceback (most recent call last):
  File "/home/x/deco/gamma/projects/enwiki9/tests/test_fx2_value_feedback_evidence_v1.py", line 93, in setUpClass
    run(['/usr/bin/g++', *FLAGS, '-I', '.', 'probe.cpp', MODEL,
    ~~~^^^^^^^^^^^^^^^^^^^^^^^^^^^^^^^^^^^^^^^^^^^^^^^^^^^^^^^^
         *(str(common / n) for n in OBJECTS), '-o', 'probe'], base)
         ^^^^^^^^^^^^^^^^^^^^^^^^^^^^^^^^^^^^^^^^^^^^^^^^^^^^^^^^^^
  File "/home/x/deco/gamma/projects/enwiki9/tests/test_fx2_value_feedback_evidence_v1.py", line 65, in run
    raise AssertionError(f'{command!r}: {p.returncode}\n{out}\n{err}')
AssertionError: ['/usr/bin/g++', '-m64', '-O3', '-std=c++17', '-Wall', '-Wextra', '-fno-math-errno', '-fdata-sections', '-ffunction-sections', '-march=x86-64-v3', '-mtune=generic', '-mrecip=none', '-I', '.', 'probe.cpp', 'cpp_infer/src/opt/model_opt.cpp', '/run/user/1000/gamma-value-evidence-oz_n3a7t/P/tf_weights_io.o', '/run/user/1000/gamma-value-evidence-oz_n3a7t/P/tf_weights_io_compressed.o', '/run/user/1000/gamma-value-evidence-oz_n3a7t/P/tf_qmat_dense.o', '/run/user/1000/gamma-value-evidence-oz_n3a7t/P/tf_qmat_sparse.o', '/run/user/1000/gamma-value-evidence-oz_n3a7t/P/tf_attn.o', '/run/user/1000/gamma-value-evidence-oz_n3a7t/P/tf_kda.o', '/run/user/1000/gamma-value-evidence-oz_n3a7t/P/tf_glue.o', '/run/user/1000/gamma-value-evidence-oz_n3a7t/P/tf_arena_build.o', '-o', 'probe']: 1

probe.cpp: In function 'int main(int, char**)':
probe.cpp:9:24: error: deducing from brace-enclosed initializer list requires '#include <initializer_list>'
    3 | #include <cstdio>
  +++ |+#include <initializer_list>
    4 | int main(int argc, char** argv) {
......
    9 |   for(int piece: {80,16}) {
      |                        ^


----------------------------------------------------------------------
Ran 0 tests in 4.420s

FAILED (errors=1)
