
> mandate-2038@0.23.0 test
> node --test

TAP version 13
# Subtest: decision packets enumerate unique legal choices
ok 1 - decision packets enumerate unique legal choices
  ---
  duration_ms: 1.495292
  type: 'test'
  ...
# Subtest: provider prompts use short legal aliases and resolve them to canonical decisions
ok 2 - provider prompts use short legal aliases and resolve them to canonical decisions
  ---
  duration_ms: 0.564458
  type: 'test'
  ...
# Subtest: provider response schema is strict-compatible without making commentary semantic
ok 3 - provider response schema is strict-compatible without making commentary semantic
  ---
  duration_ms: 0.066625
  type: 'test'
  ...
# Subtest: ClaudeCliCaller returns a validated decision and receipt
ok 4 - ClaudeCliCaller returns a validated decision and receipt
  ---
  duration_ms: 39.216625
  type: 'test'
  ...
# Subtest: CodexCliCaller returns a validated decision from an isolated output file
ok 5 - CodexCliCaller returns a validated decision from an isolated output file
  ---
  duration_ms: 42.073542
  type: 'test'
  ...
# Subtest: provider decisions outside the legal set fail closed
ok 6 - provider decisions outside the legal set fail closed
  ---
  duration_ms: 34.322417
  type: 'test'
  ...
# Subtest: missing formal responses use the rulebook reject or pass default
ok 7 - missing formal responses use the rulebook reject or pass default
  ---
  duration_ms: 1.380875
  type: 'test'
  ...
# Subtest: strict LLM evidence rejects formal and weighted fallback paths
ok 8 - strict LLM evidence rejects formal and weighted fallback paths
  ---
  duration_ms: 0.895625
  type: 'test'
  ...
# Subtest: per-seat cycle prompt budgets fail closed instead of falling back
ok 9 - per-seat cycle prompt budgets fail closed instead of falling back
  ---
  duration_ms: 1.131792
  type: 'test'
  ...
# Subtest: CLI policy preserves its private deterministic seed without sending it to the provider
ok 10 - CLI policy preserves its private deterministic seed without sending it to the provider
  ---
  duration_ms: 1.01
  type: 'test'
  ...
# Subtest: decision cache replays a provider result without a fresh call
ok 11 - decision cache replays a provider result without a fresh call
  ---
  duration_ms: 12.181042
  type: 'test'
  ...
# Subtest: strict LLM evidence rejects historical fallback cache entries
ok 12 - strict LLM evidence rejects historical fallback cache entries
  ---
  duration_ms: 3.063083
  type: 'test'
  ...
# Subtest: decision cache misses when reasoning effort changes
ok 13 - decision cache misses when reasoning effort changes
  ---
  duration_ms: 3.987834
  type: 'test'
  ...
# Subtest: write-only capture never reads and supplies a later read-only replay
ok 14 - write-only capture never reads and supplies a later read-only replay
  ---
  duration_ms: 2.145333
  type: 'test'
  ...
# Subtest: provider failure provenance survives deterministic fallback
ok 15 - provider failure provenance survives deterministic fallback
  ---
  duration_ms: 7.658583
  type: 'test'
  ...
# Subtest: required LLM policies block provider failures instead of falling back
ok 16 - required LLM policies block provider failures instead of falling back
  ---
  duration_ms: 0.836542
  type: 'test'
  ...
# Subtest: CodexCliRunner isolates structured session stages from workspace state
ok 17 - CodexCliRunner isolates structured session stages from workspace state
  ---
  duration_ms: 0.446083
  type: 'test'
  ...
# Subtest: controlled-session registration freezes four unique Codex seats and the release boundary
ok 18 - controlled-session registration freezes four unique Codex seats and the release boundary
  ---
  duration_ms: 2.516
  type: 'test'
  ...
# Subtest: controlled-session schemas cover the complete recorded path
ok 19 - controlled-session schemas cover the complete recorded path
  ---
  duration_ms: 0.076042
  type: 'test'
  ...
# Subtest: controlled sessions fail closed until every participant confirms readiness without blockers
ok 20 - controlled sessions fail closed until every participant confirms readiness without blockers
  ---
  duration_ms: 0.225209
  type: 'test'
  ...
# Subtest: final readiness receives authoritative shared-session facts that resolve false blockers
ok 21 - final readiness receives authoritative shared-session facts that resolve false blockers
  ---
  duration_ms: 0.180667
  type: 'test'
  ...
# Subtest: facilitator citations pair each source only with its own headings
ok 22 - facilitator citations pair each source only with its own headings
  ---
  duration_ms: 0.17175
  type: 'test'
  ...
# Subtest: rules documents split into bounded lossless source chunks
ok 23 - rules documents split into bounded lossless source chunks
  ---
  duration_ms: 0.223
  type: 'test'
  ...
# Subtest: new prototype removes complete systems rather than hiding them
ok 24 - new prototype removes complete systems rather than hiding them
  ---
  duration_ms: 0.765834
  type: 'test'
  ...
# Subtest: obsolete rules overlays fail closed rather than restoring retired mechanics
ok 25 - obsolete rules overlays fail closed rather than restoring retired mechanics
  ---
  duration_ms: 0.568917
  type: 'test'
  ...
# Subtest: Agent assignment has no geography-dependent cost or bonus
ok 26 - Agent assignment has no geography-dependent cost or bonus
  ---
  duration_ms: 2.229875
  type: 'test'
  ...
# Subtest: component notes never enter playable data or mutate authored records
ok 27 - component notes never enter playable data or mutate authored records
  ---
  duration_ms: 0.835292
  type: 'test'
  ...
# Subtest: rule excerpts resolve nested component data once and reject broken references
ok 28 - rule excerpts resolve nested component data once and reject broken references
  ---
  duration_ms: 0.679875
  type: 'test'
  ...
# Subtest: compact documents omit only explicitly declared sections
ok 29 - compact documents omit only explicitly declared sections
  ---
  duration_ms: 0.206208
  type: 'test'
  ...
# Subtest: map, component and inventory readers reuse the rulebook's owned passages
ok 30 - map, component and inventory readers reuse the rulebook's owned passages
  ---
  duration_ms: 12.269917
  type: 'test'
  ...
# Subtest: reference layouts refuse independently authored rules and quantities
ok 31 - reference layouts refuse independently authored rules and quantities
  ---
  duration_ms: 0.464667
  type: 'test'
  ...
# Subtest: world companion extraction excludes editorial guidance and backlog
ok 32 - world companion extraction excludes editorial guidance and backlog
  ---
  duration_ms: 2.710417
  type: 'test'
  ...
# Subtest: scenario bindings derive from component identity and point to the complete record
ok 33 - scenario bindings derive from component identity and point to the complete record
  ---
  duration_ms: 16.033209
  type: 'test'
  ...
# Subtest: authoring rejects missing, duplicate, and unresolved scenario definitions
ok 34 - authoring rejects missing, duplicate, and unresolved scenario definitions
  ---
  duration_ms: 7.224875
  type: 'test'
  ...
# Subtest: old geography and multi-project optimization treatments fail closed
ok 35 - old geography and multi-project optimization treatments fail closed
  ---
  duration_ms: 0.503292
  type: 'test'
  ...
# Subtest: Industrial Velocity discounts construction only; upgrades retain common price
ok 36 - Industrial Velocity discounts construction only; upgrades retain common price
  ---
  duration_ms: 1.276208
  type: 'test'
  ...
# Subtest: semantic graph reproduces every generated artifact without drift
ok 37 - semantic graph reproduces every generated artifact without drift
  ---
  duration_ms: 170.385333
  type: 'test'
  ...
# Subtest: factions, actions, objectives, headlines and Training preserve exact owned effects
ok 38 - factions, actions, objectives, headlines and Training preserve exact owned effects
  ---
  duration_ms: 0.736375
  type: 'test'
  ...
# Subtest: review excerpts reuse complete player rules instead of independent procedures
ok 39 - review excerpts reuse complete player rules instead of independent procedures
  ---
  duration_ms: 1.635584
  type: 'test'
  ...
# Subtest: public graph ships the single engine and omits retired spatial modules
ok 40 - public graph ships the single engine and omits retired spatial modules
  ---
  duration_ms: 1.492125
  type: 'test'
  ...
# Subtest: world companion retains four fictional Eras and excludes author metadata
ok 41 - world companion retains four fictional Eras and excludes author metadata
  ---
  duration_ms: 0.793042
  type: 'test'
  ...
# Subtest: runtime JSON strips editorial metadata while source preserves canon
ok 42 - runtime JSON strips editorial metadata while source preserves canon
  ---
  duration_ms: 5.196417
  type: 'test'
  ...
# Subtest: content manifest states current physical cards and no Power surface
ok 43 - content manifest states current physical cards and no Power surface
  ---
  duration_ms: 0.948125
  type: 'test'
  ...
# Subtest: generated provenance follows moved graph destinations and rejects stale maps or mixed audiences
ok 44 - generated provenance follows moved graph destinations and rejects stale maps or mixed audiences
  ---
  duration_ms: 1495.714584
  type: 'test'
  ...
# Subtest: release declaration separates executable, rules, engine, and public contract identities
ok 45 - release declaration separates executable, rules, engine, and public contract identities
  ---
  duration_ms: 2.176959
  type: 'test'
  ...
# Subtest: exact component inventories distinguish six identities from five kits
ok 46 - exact component inventories distinguish six identities from five kits
  ---
  duration_ms: 0.085083
  type: 'test'
  ...
# Subtest: each permanent faction ability and starting holding belongs to its identity
ok 47 - each permanent faction ability and starting holding belongs to its identity
  ---
  duration_ms: 0.412125
  type: 'test'
  ...
# Subtest: all objective cards have explicit metrics and qualifying rules
ok 48 - all objective cards have explicit metrics and qualifying rules
  ---
  duration_ms: 0.064292
  type: 'test'
  ...
# Subtest: Headline effects and rulebook references match compiled owning records
ok 49 - Headline effects and rulebook references match compiled owning records
  ---
  duration_ms: 2.570375
  type: 'test'
  ...
# Subtest: component masters render actual Facility faces and Customer copies
ok 50 - component masters render actual Facility faces and Customer copies
  ---
  duration_ms: 1.332541
  type: 'test'
  ...
# Subtest: new numeric hypotheses never inherit earlier balance evidence
ok 51 - new numeric hypotheses never inherit earlier balance evidence
  ---
  duration_ms: 0.522416
  type: 'test'
  ...
# Subtest: sealed historical artifacts remain immutable
ok 52 - sealed historical artifacts remain immutable
  ---
  duration_ms: 3.169583
  type: 'test'
  ...
# Subtest: six unique action areas have fixed layout independent of seed or geometry
ok 53 - six unique action areas have fixed layout independent of seed or geometry
  ---
  duration_ms: 1.94
  type: 'test'
  ...
# Subtest: RNG and shuffle remain deterministic without mutating inputs
ok 54 - RNG and shuffle remain deterministic without mutating inputs
  ---
  duration_ms: 0.213042
  type: 'test'
  ...
# Subtest: shared Training deck retains forty cards and every face multiplicity
ok 55 - shared Training deck retains forty cards and every face multiplicity
  ---
  duration_ms: 0.212792
  type: 'test'
  ...
# Subtest: pure Research simulation retains Reputation effects through duplicate crash
ok 56 - pure Research simulation retains Reputation effects through duplicate crash
  ---
  duration_ms: 0.107292
  type: 'test'
  ...
# Subtest: numeric resource state is exactly four tracks; Customers derive from cards
ok 57 - numeric resource state is exactly four tracks; Customers derive from cards
  ---
  duration_ms: 0.518834
  type: 'test'
  ...
# Subtest: 98% mean interval is exact for a constant sample
ok 58 - 98% mean interval is exact for a constant sample
  ---
  duration_ms: 0.666375
  type: 'test'
  ...
# Subtest: subset contrast estimates subset minus the full-sample mean
ok 59 - subset contrast estimates subset minus the full-sample mean
  ---
  duration_ms: 0.1115
  type: 'test'
  ...
# Subtest: 98% Wilson interval remains bounded and supports equivalence checks
ok 60 - 98% Wilson interval remains bounded and supports equivalence checks
  ---
  duration_ms: 0.104958
  type: 'test'
  ...
# Subtest: final objective quarter_humanity_notices evaluates current state without history or mutation
ok 61 - final objective quarter_humanity_notices evaluates current state without history or mutation
  ---
  duration_ms: 2.443792
  type: 'test'
  ...
# Subtest: final objective continent_signs_loi evaluates current state without history or mutation
ok 62 - final objective continent_signs_loi evaluates current state without history or mutation
  ---
  duration_ms: 1.033625
  type: 'test'
  ...
# Subtest: final objective building_has_weather evaluates current state without history or mutation
ok 63 - final objective building_has_weather evaluates current state without history or mutation
  ---
  duration_ms: 0.446292
  type: 'test'
  ...
# Subtest: final objective stack_reaches_horizon evaluates current state without history or mutation
ok 64 - final objective stack_reaches_horizon evaluates current state without history or mutation
  ---
  duration_ms: 0.285875
  type: 'test'
  ...
# Subtest: final objective voluntary_coordination_triumphs evaluates current state without history or mutation
ok 65 - final objective voluntary_coordination_triumphs evaluates current state without history or mutation
  ---
  duration_ms: 1.516583
  type: 'test'
  ...
# Subtest: final objective legibility_offensive evaluates current state without history or mutation
ok 66 - final objective legibility_offensive evaluates current state without history or mutation
  ---
  duration_ms: 0.592833
  type: 'test'
  ...
# Subtest: final objective national_champion_without_nationalization evaluates current state without history or mutation
ok 67 - final objective national_champion_without_nationalization evaluates current state without history or mutation
  ---
  duration_ms: 1.603208
  type: 'test'
  ...
# Subtest: final objective model_ate_tuesday evaluates current state without history or mutation
ok 68 - final objective model_ate_tuesday evaluates current state without history or mutation
  ---
  duration_ms: 0.237542
  type: 'test'
  ...
# Subtest: final objective compute_new_weather evaluates current state without history or mutation
ok 69 - final objective compute_new_weather evaluates current state without history or mutation
  ---
  duration_ms: 0.649833
  type: 'test'
  ...
# Subtest: final objective zero_incident_quarter evaluates current state without history or mutation
ok 70 - final objective zero_incident_quarter evaluates current state without history or mutation
  ---
  duration_ms: 0.4395
  type: 'test'
  ...
# Subtest: final objective responsible_acceleration evaluates current state without history or mutation
ok 71 - final objective responsible_acceleration evaluates current state without history or mutation
  ---
  duration_ms: 0.227333
  type: 'test'
  ...
# Subtest: final objective markets_prefer_destiny evaluates current state without history or mutation
ok 72 - final objective markets_prefer_destiny evaluates current state without history or mutation
  ---
  duration_ms: 0.206125
  type: 'test'
  ...
# Subtest: qualification is separate from max/min, ties, and valid zero
ok 73 - qualification is separate from max/min, ties, and valid zero
  ---
  duration_ms: 0.146959
  type: 'test'
  ...
# Subtest: capacity uses current normal/upgraded Facilities and active fixed hosts, ignoring caps
ok 74 - capacity uses current normal/upgraded Facilities and active fixed hosts, ignoring caps
  ---
  duration_ms: 0.149708
  type: 'test'
  ...
# Subtest: all four revealed objectives use final holdings, no early earned points
ok 75 - all four revealed objectives use final holdings, no early earned points
  ---
  duration_ms: 1.160875
  type: 'test'
  ...
# Subtest: final score and World Ending depend only on final holdings
ok 76 - final score and World Ending depend only on final holdings
  ---
  duration_ms: 0.329375
  type: 'test'
  ...
# Subtest: Era situation ledger binds every deployed era surface exactly once
ok 77 - Era situation ledger binds every deployed era surface exactly once
  ---
  duration_ms: 56.137084
  type: 'test'
  ...
# Subtest: Era situation ledger makes later surface expression explicit
ok 78 - Era situation ledger makes later surface expression explicit
  ---
  duration_ms: 113.32
  type: 'test'
  ...
# Subtest: Era situation ledger rejects adopted scenarios without a surface binding
ok 79 - Era situation ledger rejects adopted scenarios without a surface binding
  ---
  duration_ms: 61.6355
  type: 'test'
  ...
# Subtest: Era situation ledger rejects deferred scenarios entering public output
ok 80 - Era situation ledger rejects deferred scenarios entering public output
  ---
  duration_ms: 57.785208
  type: 'test'
  ...
# Subtest: Era situation ledger rejects deployed cards missing from traceability
ok 81 - Era situation ledger rejects deployed cards missing from traceability
  ---
  duration_ms: 75.955833
  type: 'test'
  ...
# Subtest: public deployment profile excludes internal and deferred material
ok 82 - public deployment profile excludes internal and deferred material
  ---
  duration_ms: 23.599958
  type: 'test'
  ...
# Subtest: public deployment profile must close over browser imports and runtime data
ok 83 - public deployment profile must close over browser imports and runtime data
  ---
  duration_ms: 54.602375
  type: 'test'
  ...
# Subtest: adopted mechanic revisions require the selected decision and its exact record
ok 84 - adopted mechanic revisions require the selected decision and its exact record
  ---
  duration_ms: 158.662292
  type: 'test'
  ...
# Subtest: published HTML carries crawler exclusions
ok 85 - published HTML carries crawler exclusions
  ---
  duration_ms: 1.109
  type: 'test'
  ...
# Subtest: published executable surfaces are path-safe and make the paired bridge optional
ok 86 - published executable surfaces are path-safe and make the paired bridge optional
  ---
  duration_ms: 0.872166
  type: 'test'
  ...
# Subtest: internal review executable retains the Lab route and carries a deployment warning
ok 87 - internal review executable retains the Lab route and carries a deployment warning
  ---
  duration_ms: 0.177125
  type: 'test'
  ...
# Subtest: site index presents one flat list of titles without subtitles
ok 88 - site index presents one flat list of titles without subtitles
  ---
  duration_ms: 0.643791
  type: 'test'
  ...
# Subtest: deployment delegates to the Simulatte World owner
ok 89 - deployment delegates to the Simulatte World owner
  ---
  duration_ms: 7.284375
  type: 'test'
  ...
# Subtest: public playtest publication is an allowlist with release identity and feedback
ok 90 - public playtest publication is an allowlist with release identity and feedback
  ---
  duration_ms: 1614.147042
  type: 'test'
  ...
# Subtest: internal review build remains complete but explicitly non-deployable
ok 91 - internal review build remains complete but explicitly non-deployable
  ---
  duration_ms: 634.488208
  type: 'test'
  ...
# Subtest: homepage puts public source links below finished materials
ok 92 - homepage puts public source links below finished materials
  ---
  duration_ms: 0.792
  type: 'test'
  ...
# Subtest: subpath publication preserves remote and bridge URLs
ok 93 - subpath publication preserves remote and bridge URLs
  ---
  duration_ms: 0.600042
  type: 'test'
  ...
# Subtest: public player documents link to the published overview rather than an excluded docs index
ok 94 - public player documents link to the published overview rather than an excluded docs index
  ---
  duration_ms: 0.6935
  type: 'test'
  ...
# Subtest: 2-player games complete deterministically with exactly twelve actions each
ok 95 - 2-player games complete deterministically with exactly twelve actions each
  ---
  duration_ms: 269.548875
  type: 'test'
  ...
# Subtest: 3-player games complete deterministically with exactly twelve actions each
ok 96 - 3-player games complete deterministically with exactly twelve actions each
  ---
  duration_ms: 395.600291
  type: 'test'
  ...
# Subtest: 4-player games complete deterministically with exactly twelve actions each
ok 97 - 4-player games complete deterministically with exactly twelve actions each
  ---
  duration_ms: 642.365417
  type: 'test'
  ...
# Subtest: 5-player games complete deterministically with exactly twelve actions each
ok 98 - 5-player games complete deterministically with exactly twelve actions each
  ---
  duration_ms: 693.011041
  type: 'test'
  ...
# Subtest: zero resources do not deadlock speculative commitments; blocked action is exhausted
ok 99 - zero resources do not deadlock speculative commitments; blocked action is exhausted
  ---
  duration_ms: 2.401833
  type: 'test'
  ...
# Subtest: Reputation Review charges exactly low-Reputation players after income, floor zero
ok 100 - Reputation Review charges exactly low-Reputation players after income, floor zero
  ---
  duration_ms: 1.317917
  type: 'test'
  ...
# Subtest: riskier Fund applies cap-clipped income and Reputation consequence in order
ok 101 - riskier Fund applies cap-clipped income and Reputation consequence in order
  ---
  duration_ms: 0.552292
  type: 'test'
  ...
# Subtest: accepted trade is bilateral and only fixed quantities are valid
ok 102 - accepted trade is bilateral and only fixed quantities are valid
  ---
  duration_ms: 0.726875
  type: 'test'
  ...
# Subtest: recipient cap prevents a transfer and refusal changes neither account
ok 103 - recipient cap prevents a transfer and refusal changes neither account
  ---
  duration_ms: 0.782791
  type: 'test'
  ...
# Subtest: shared Research duplicate loses provisional Capability but retains Leak consequence
ok 104 - shared Research duplicate loses provisional Capability but retains Leak consequence
  ---
  duration_ms: 1.108208
  type: 'test'
  ...
# Subtest: Human Evaluation forces banking and curated Corpus uses absent printed domain
ok 105 - Human Evaluation forces banking and curated Corpus uses absent printed domain
  ---
  duration_ms: 0.353791
  type: 'test'
  ...
# Subtest: Scientific Method offers affordable paid bank; Safety retains only one on crash
ok 106 - Scientific Method offers affordable paid bank; Safety retains only one on crash
  ---
  duration_ms: 1.081
  type: 'test'
  ...
# Subtest: Customer cards independently give income; Production clipping never creates extra cards
ok 107 - Customer cards independently give income; Production clipping never creates extra cards
  ---
  duration_ms: 0.317416
  type: 'test'
  ...
# Subtest: Headline ten_dollar_intelligence resolves only its printed current-state effect
ok 108 - Headline ten_dollar_intelligence resolves only its printed current-state effect
  ---
  duration_ms: 2.5015
  type: 'test'
  ...
# Subtest: Headline employee_free_unicorn resolves only its printed current-state effect
ok 109 - Headline employee_free_unicorn resolves only its printed current-state effect
  ---
  duration_ms: 1.834583
  type: 'test'
  ...
# Subtest: Headline synthetic_celebrity resolves only its printed current-state effect
ok 110 - Headline synthetic_celebrity resolves only its printed current-state effect
  ---
  duration_ms: 0.821458
  type: 'test'
  ...
# Subtest: Headline open_weights_drop resolves only its printed current-state effect
ok 111 - Headline open_weights_drop resolves only its printed current-state effect
  ---
  duration_ms: 0.1305
  type: 'test'
  ...
# Subtest: Headline professional_exam_sweep resolves only its printed current-state effect
ok 112 - Headline professional_exam_sweep resolves only its printed current-state effect
  ---
  duration_ms: 0.17925
  type: 'test'
  ...
# Subtest: Headline human_original_guarantee resolves only its printed current-state effect
ok 113 - Headline human_original_guarantee resolves only its printed current-state effect
  ---
  duration_ms: 0.513666
  type: 'test'
  ...
# Subtest: Headline humanoid_factory_gate resolves only its printed current-state effect
ok 114 - Headline humanoid_factory_gate resolves only its printed current-state effect
  ---
  duration_ms: 0.5355
  type: 'test'
  ...
# Subtest: Headline reactor_restart_one_model resolves only its printed current-state effect
ok 115 - Headline reactor_restart_one_model resolves only its printed current-state effect
  ---
  duration_ms: 0.600042
  type: 'test'
  ...
# Subtest: Headline export_controls resolves only its printed current-state effect
ok 116 - Headline export_controls resolves only its printed current-state effect
  ---
  duration_ms: 0.400875
  type: 'test'
  ...
# Subtest: Headline emergency_power_authority resolves only its printed current-state effect
ok 117 - Headline emergency_power_authority resolves only its printed current-state effect
  ---
  duration_ms: 0.667
  type: 'test'
  ...
# Subtest: Headline last_plumber_boom resolves only its printed current-state effect
ok 118 - Headline last_plumber_boom resolves only its printed current-state effect
  ---
  duration_ms: 0.200833
  type: 'test'
  ...
# Subtest: Headline wartime_water_bridge resolves only its printed current-state effect
ok 119 - Headline wartime_water_bridge resolves only its printed current-state effect
  ---
  duration_ms: 0.078208
  type: 'test'
  ...
# Subtest: Headline ai_written_law resolves only its printed current-state effect
ok 120 - Headline ai_written_law resolves only its printed current-state effect
  ---
  duration_ms: 0.412125
  type: 'test'
  ...
# Subtest: Headline benchmark_is_economy resolves only its printed current-state effect
ok 121 - Headline benchmark_is_economy resolves only its printed current-state effect
  ---
  duration_ms: 0.430958
  type: 'test'
  ...
# Subtest: Headline weights_on_internet resolves only its printed current-state effect
ok 122 - Headline weights_on_internet resolves only its printed current-state effect
  ---
  duration_ms: 0.0915
  type: 'test'
  ...
# Subtest: Headline cognitive_donor_clinics resolves only its printed current-state effect
ok 123 - Headline cognitive_donor_clinics resolves only its printed current-state effect
  ---
  duration_ms: 0.67325
  type: 'test'
  ...
# Subtest: Headline human_signature resolves only its printed current-state effect
ok 124 - Headline human_signature resolves only its printed current-state effect
  ---
  duration_ms: 0.409833
  type: 'test'
  ...
# Subtest: Headline analog_havens resolves only its printed current-state effect
ok 125 - Headline analog_havens resolves only its printed current-state effect
  ---
  duration_ms: 0.764958
  type: 'test'
  ...
# Subtest: Headline autonomous_corporation resolves only its printed current-state effect
ok 126 - Headline autonomous_corporation resolves only its printed current-state effect
  ---
  duration_ms: 0.408666
  type: 'test'
  ...
# Subtest: Headline recursive_self_improvement resolves only its printed current-state effect
ok 127 - Headline recursive_self_improvement resolves only its printed current-state effect
  ---
  duration_ms: 0.40175
  type: 'test'
  ...
# Subtest: Headline agent_swarm_escapes_scope resolves only its printed current-state effect
ok 128 - Headline agent_swarm_escapes_scope resolves only its printed current-state effect
  ---
  duration_ms: 0.7185
  type: 'test'
  ...
# Subtest: Headline agi_blog_post resolves only its printed current-state effect
ok 129 - Headline agi_blog_post resolves only its printed current-state effect
  ---
  duration_ms: 0.074625
  type: 'test'
  ...
# Subtest: Headline biological_colocation resolves only its printed current-state effect
ok 130 - Headline biological_colocation resolves only its printed current-state effect
  ---
  duration_ms: 0.506125
  type: 'test'
  ...
# Subtest: Headline limb_liquidity resolves only its printed current-state effect
ok 131 - Headline limb_liquidity resolves only its printed current-state effect
  ---
  duration_ms: 0.3985
  type: 'test'
  ...
# Subtest: Customer Headline requires next Capability and never triggers Installed Base
ok 132 - Customer Headline requires next Capability and never triggers Installed Base
  ---
  duration_ms: 0.190875
  type: 'test'
  ...
# Subtest: historical report display retains pure point-top coordinate conversion
ok 133 - historical report display retains pure point-top coordinate conversion
  ---
  duration_ms: 0.349917
  type: 'test'
  ...
# Subtest: two shared slots enforce contention while Agents consume no Facility space
ok 134 - two shared slots enforce contention while Agents consume no Facility space
  ---
  duration_ms: 1.366583
  type: 'test'
  ...
# Subtest: Facility construction assigns the Agent to Build but may select any open area
ok 135 - Facility construction assigns the Agent to Build but may select any open area
  ---
  duration_ms: 0.55425
  type: 'test'
  ...
# Subtest: one upgrade unlocks in Era II, flips once, and is exclusive with construction
ok 136 - one upgrade unlocks in Era II, flips once, and is exclusive with construction
  ---
  duration_ms: 2.191875
  type: 'test'
  ...
# Subtest: every Facility operates even with no Agent or neighbouring infrastructure
ok 137 - every Facility operates even with no Agent or neighbouring infrastructure
  ---
  duration_ms: 0.562208
  type: 'test'
  ...
# Subtest: upgrades retain ownership and Venture host identity
ok 138 - upgrades retain ownership and Venture host identity
  ---
  duration_ms: 0.308583
  type: 'test'
  ...
# Subtest: removed construction modes and stale choices fail atomically
ok 139 - removed construction modes and stale choices fail atomically
  ---
  duration_ms: 2.427667
  type: 'test'
  ...
# Subtest: AGI victory outranks higher raw Mandate in matchup evidence
ok 140 - AGI victory outranks higher raw Mandate in matchup evidence
  ---
  duration_ms: 0.755125
  type: 'test'
  ...
# Subtest: ordinary ties and non-winner tiebreaks retain game placement semantics
ok 141 - ordinary ties and non-winner tiebreaks retain game placement semantics
  ---
  duration_ms: 0.126958
  type: 'test'
  ...
# Subtest: six faction identities accept every equipment kit without changing starts, abilities or ownership
ok 142 - six faction identities accept every equipment kit without changing starts, abilities or ownership
  ---
  duration_ms: 49.050583
  type: 'test'
  ...
# Subtest: invalid, duplicate and incorrectly sized assignments fail before a game starts
ok 143 - invalid, duplicate and incorrectly sized assignments fail before a game starts
  ---
  duration_ms: 0.183292
  type: 'test'
  ...
# Subtest: kit permutations preserve complete decisions, production, Audit, scores and endings
ok 144 - kit permutations preserve complete decisions, production, Audit, scores and endings
  ---
  duration_ms: 4299.359708
  type: 'test'
  ...
# Subtest: historical display fallback does not mutate a retained report
ok 145 - historical display fallback does not mutate a retained report
  ---
  duration_ms: 0.427792
  type: 'test'
  ...
# Subtest: unchanged weighted policies choose identical actions under kit permutations
ok 146 - unchanged weighted policies choose identical actions under kit permutations
  ---
  duration_ms: 1548.993625
  type: 'test'
  ...
# Subtest: playtest receipts carry the frozen rules, executable, and source commit
ok 147 - playtest receipts carry the frozen rules, executable, and source commit
  ---
  duration_ms: 116.054958
  type: 'test'
  ...
# Subtest: baseline gallery excludes every deferred physical module
ok 148 - baseline gallery excludes every deferred physical module
  ---
  duration_ms: 53.864542
  type: 'test'
  ...
# Subtest: physical candidate contains final player copy and retains source provenance separately
ok 149 - physical candidate contains final player copy and retains source provenance separately
  ---
  duration_ms: 2.143958
  type: 'test'
  ...
# Subtest: fresh kit freezes one complete rulebook and component faces and the reader consumes both
ok 150 - fresh kit freezes one complete rulebook and component faces and the reader consumes both
  ---
  duration_ms: 2476.522292
  type: 'test'
  ...
# Subtest: release browser requests retain a deployment subpath, with or without trailing slash
ok 151 - release browser requests retain a deployment subpath, with or without trailing slash
  ---
  duration_ms: 24.35775
  type: 'test'
  ...
# Subtest: root deployments work and release-relative paths cannot escape
ok 152 - root deployments work and release-relative paths cannot escape
  ---
  duration_ms: 0.290708
  type: 'test'
  ...
# Subtest: exclusion probes distinguish known host fallbacks from leaked internal content
ok 153 - exclusion probes distinguish known host fallbacks from leaked internal content
  ---
  duration_ms: 3.888375
  type: 'test'
  ...
# Subtest: trajectory extraction retains every recorded player state
ok 154 - trajectory extraction retains every recorded player state
  ---
  duration_ms: 1.418791
  type: 'test'
  ...
# Subtest: aggregate views preserve faction-persona pairings and LLM receipt provenance
ok 155 - aggregate views preserve faction-persona pairings and LLM receipt provenance
  ---
  duration_ms: 15.662292
  type: 'test'
  ...
# Subtest: cross-report aggregation separates incompatible and incomplete identities
ok 156 - cross-report aggregation separates incompatible and incomplete identities
  ---
  duration_ms: 4.885792
  type: 'test'
  ...
# Subtest: four tracks and six areas form the browser engine state
ok 157 - four tracks and six areas form the browser engine state
  ---
  duration_ms: 6.710875
  type: 'test'
  ...
# Subtest: Fund caps income and preserves the Reputation cost
ok 158 - Fund caps income and preserves the Reputation cost
  ---
  duration_ms: 2.271458
  type: 'test'
  ...
# Subtest: Build limited slots reject a rival after two reservations
ok 159 - Build limited slots reject a rival after two reservations
  ---
  duration_ms: 1.745542
  type: 'test'
  ...
# Subtest: single upgrade flips the host and doubles its yield
ok 160 - single upgrade flips the host and doubles its yield
  ---
  duration_ms: 2.075792
  type: 'test'
  ...
# Subtest: Deploy takes a card, charges Compute and Reputation, triggers only its faction
ok 161 - Deploy takes a card, charges Compute and Reputation, triggers only its faction
  ---
  duration_ms: 2.5245
  type: 'test'
  ...
# Subtest: Research bank and duplicate crash retain separate Reputation consequences
ok 162 - Research bank and duplicate crash retain separate Reputation consequences
  ---
  duration_ms: 3.40175
  type: 'test'
  ...
# Subtest: trade rejects wrong quantities and credits both sides atomically
ok 163 - trade rejects wrong quantities and credits both sides atomically
  ---
  duration_ms: 1.35725
  type: 'test'
  ...
# Subtest: Venture responder receives fixed public hosts and both nominal incomes
ok 164 - Venture responder receives fixed public hosts and both nominal incomes
  ---
  duration_ms: 3.053084
  type: 'test'
  ...
# Subtest: Venture refusal and provider failure clear terms and award nothing
ok 165 - Venture refusal and provider failure clear terms and award nothing
  ---
  duration_ms: 4.571208
  type: 'test'
  ...
# Subtest: nominal capacity is read-only, uncapped, and current-host dependent
ok 166 - nominal capacity is read-only, uncapped, and current-host dependent
  ---
  duration_ms: 1.707667
  type: 'test'
  ...
# Subtest: Review follows income and recognition follows Review
ok 167 - Review follows income and recognition follows Review
  ---
  duration_ms: 2.3025
  type: 'test'
  ...
# Subtest: zero qualifies in pure comparisons and different histories never change standings
ok 168 - zero qualifies in pure comparisons and different histories never change standings
  ---
  duration_ms: 0.784792
  type: 'test'
  ...
# Subtest: all four objectives settle only at the final table
ok 169 - all four objectives settle only at the final table
  ---
  duration_ms: 1.315625
  type: 'test'
  ...
# Subtest: complete browser-native game respects action exhaustion, phases and hidden draw state
ok 170 - complete browser-native game respects action exhaustion, phases and hidden draw state
  ---
  duration_ms: 168.309333
  type: 'test'
  ...
# Subtest: AGI diagnostics record one final opportunity per player with actual readiness and acceptance
ok 171 - AGI diagnostics record one final opportunity per player with actual readiness and acceptance
  ---
  duration_ms: 9.402125
  type: 'test'
  ...
# Subtest: area control uses visible presence, with ties uncontrolled
ok 172 - area control uses visible presence, with ties uncontrolled
  ---
  duration_ms: 1.075708
  type: 'test'
  ...
# Subtest: physical specification encodes cards and kit symbols without hidden history
ok 173 - physical specification encodes cards and kit symbols without hidden history
  ---
  duration_ms: 2.009083
  type: 'test'
  ...
# Subtest: cancelled simulation jobs cannot publish a report or archive
ok 174 - cancelled simulation jobs cannot publish a report or archive
  ---
  duration_ms: 389.637708
  type: 'test'
  ...
# Subtest: docs reader routes preserve their /docs/ base and serve rendered pages
ok 175 - docs reader routes preserve their /docs/ base and serve rendered pages
  ---
  duration_ms: 229.443125
  type: 'test'
  ...
# Subtest: first-game guide serves the generated fixed teaching scenario
ok 176 - first-game guide serves the generated fixed teaching scenario
  ---
  duration_ms: 202.086833
  type: 'test'
  ...
# Subtest: local simulation archives can be listed and loaded through the Lab API
ok 177 - local simulation archives can be listed and loaded through the Lab API
  ---
  duration_ms: 2348.872208
  type: 'test'
  ...
# Subtest: deployed UI can pair with the token-gated localhost bridge
ok 178 - deployed UI can pair with the token-gated localhost bridge
  ---
  duration_ms: 726.860625
  type: 'test'
  ...
# Subtest: reusable personas retain validated identities, resources, and action weights
ok 179 - reusable personas retain validated identities, resources, and action weights
  ---
  duration_ms: 5.285458
  type: 'test'
  ...
# Subtest: Monte Carlo executes current game and records current report/replay identity
ok 180 - Monte Carlo executes current game and records current report/replay identity
  ---
  duration_ms: 1698.07725
  type: 'test'
  ...
# Subtest: rich and batch runs retain identical mechanics and score summaries
ok 181 - rich and batch runs retain identical mechanics and score summaries
  ---
  duration_ms: 2798.120958
  type: 'test'
  ...
# Subtest: faction rotation remains independent of equipment and has no duplicate seats
ok 182 - faction rotation remains independent of equipment and has no duplicate seats
  ---
  duration_ms: 0.463292
  type: 'test'
  ...
# Subtest: invalid player counts and metered providers fail before running
ok 183 - invalid player counts and metered providers fail before running
  ---
  duration_ms: 6.022916
  type: 'test'
  ...
# Subtest: cancelled run emits no provider call
ok 184 - cancelled run emits no provider call
  ---
  duration_ms: 0.521042
  type: 'test'
  ...
# Subtest: frozen launch identity rejects changed numerical or strategic sources
ok 185 - frozen launch identity rejects changed numerical or strategic sources
  ---
  duration_ms: 735.926875
  type: 'test'
  ...
# Subtest: decision packets reveal public cards and fixed hosts, not hidden deck or others selections
ok 186 - decision packets reveal public cards and fixed hosts, not hidden deck or others selections
  ---
  duration_ms: 0.593042
  type: 'test'
  ...
# Subtest: weighted decisions are deterministic on equivalent legal packets
ok 187 - weighted decisions are deterministic on equivalent legal packets
  ---
  duration_ms: 0.490416
  type: 'test'
  ...
# Subtest: historical report envelopes preserve old Trust/objectives and never rescore
ok 188 - historical report envelopes preserve old Trust/objectives and never rescore
  ---
  duration_ms: 1032.0665
  type: 'test'
  ...
# Subtest: server and browser entrypoints reject removed rules selectors before decisions
ok 189 - server and browser entrypoints reject removed rules selectors before decisions
  ---
  duration_ms: 33.284125
  type: 'test'
  ...
# Subtest: server/browser wrappers use the single shared engine and independent equipment
ok 190 - server/browser wrappers use the single shared engine and independent equipment
  ---
  duration_ms: 4.92
  type: 'test'
  ...
# Subtest: limited-slot competition is independent of area ordering
ok 191 - limited-slot competition is independent of area ordering
  ---
  duration_ms: 4.806833
  type: 'test'
  ...
# Subtest: rival occupancy invalidates a previously legal construction before any payment
ok 192 - rival occupancy invalidates a previously legal construction before any payment
  ---
  duration_ms: 2.621709
  type: 'test'
  ...
# Subtest: Reputation gain/loss replaces overlapping risk tracks
ok 193 - Reputation gain/loss replaces overlapping risk tracks
  ---
  duration_ms: 1.264083
  type: 'test'
  ...
# Subtest: final score has no Facility, cash, or historical-point bonus
ok 194 - final score has no Facility, cash, or historical-point bonus
  ---
  duration_ms: 0.367208
  type: 'test'
  ...
# Subtest: sequential inference shrinks sparse extremes and spends less alpha at later looks
ok 195 - sequential inference shrinks sparse extremes and spends less alpha at later looks
  ---
  duration_ms: 0.67325
  type: 'test'
  ...
# Subtest: matrix contract declares all seven factors independently
ok 196 - matrix contract declares all seven factors independently
  ---
  duration_ms: 9.186209
  type: 'test'
  ...
# Subtest: unified balance checks enforce identity and diversity bounds per candidate count
ok 197 - unified balance checks enforce identity and diversity bounds per candidate count
  ---
  duration_ms: 0.438083
  type: 'test'
  ...
# Subtest: unified matrix rotates homogeneous and alternating backend regimes and never auto-promotes
ok 198 - unified matrix rotates homogeneous and alternating backend regimes and never auto-promotes
  ---
  duration_ms: 17227.732542
  type: 'test'
  ...
# Subtest: unified matrix rejects player counts outside the supported product
ok 199 - unified matrix rejects player counts outside the supported product
  ---
  duration_ms: 0.648
  type: 'test'
  ...
# Subtest: unified matrix cell workers preserve deterministic evidence order
ok 200 - unified matrix cell workers preserve deterministic evidence order
  ---
  duration_ms: 39886.470042
  type: 'test'
  ...
# Subtest: one-lever matrices preserve rules arms in inference and common-seed pairs
ok 201 - one-lever matrices preserve rules arms in inference and common-seed pairs
  ---
  duration_ms: 24839.307625
  type: 'test'
  ...
# Subtest: package interaction matrices require and record multiple selected levers
ok 202 - package interaction matrices require and record multiple selected levers
  ---
  duration_ms: 24124.658875
  type: 'test'
  ...
# Subtest: unified matrix fingerprints and executes evolved profile overrides
ok 203 - unified matrix fingerprints and executes evolved profile overrides
  ---
  duration_ms: 69701.33625
  type: 'test'
  ...
# Subtest: unified matrix rejects profile source metadata for a different profile
ok 204 - unified matrix rejects profile source metadata for a different profile
  ---
  duration_ms: 1.05425
  type: 'test'
  ...
# Subtest: deterministic negotiators can rationally fulfill or break a promise
ok 205 - deterministic negotiators can rationally fulfill or break a promise
  ---
  duration_ms: 0.382583
  type: 'test'
  ...
# Subtest: LLM holdout cannot run without explicit authorization
ok 206 - LLM holdout cannot run without explicit authorization
  ---
  duration_ms: 0.2045
  type: 'test'
  ...
# Subtest: strict LLM holdouts permit full-seat authority without an arbitrary decision cap
ok 207 - strict LLM holdouts permit full-seat authority without an arbitrary decision cap
  ---
  duration_ms: 0.074667
  type: 'test'
  ...
# Subtest: winning-path classifier recognizes a stable one-point hybrid margin
ok 208 - winning-path classifier recognizes a stable one-point hybrid margin
  ---
  duration_ms: 1.217416
  type: 'test'
  ...
# Subtest: winning-path classifier keeps clear leaders and AGI declarations distinct
ok 209 - winning-path classifier keeps clear leaders and AGI declarations distinct
  ---
  duration_ms: 0.116125
  type: 'test'
  ...
# Subtest: Markdown owns narrative; mechanics own ending conditions; player projections contain neither editorial notes nor unresolved references
ok 210 - Markdown owns narrative; mechanics own ending conditions; player projections contain neither editorial notes nor unresolved references
  ---
  duration_ms: 33.402375
  type: 'test'
  ...
# Subtest: world copy rejects duplicates, omissions, unknown labels, and missing identities
ok 211 - world copy rejects duplicates, omissions, unknown labels, and missing identities
  ---
  duration_ms: 5.762208
  type: 'test'
  ...
# Subtest: canon requires explicit unique identities, dispositions, and complete narratives
ok 212 - canon requires explicit unique identities, dispositions, and complete narratives
  ---
  duration_ms: 7.243833
  type: 'test'
  ...
# Subtest: lore-only entries cannot gain mechanics, public deployment, or game bindings
ok 213 - lore-only entries cannot gain mechanics, public deployment, or game bindings
  ---
  duration_ms: 296.573125
  type: 'test'
  ...
# Subtest: historical world releases retain their first committed bytes
ok 214 - historical world releases retain their first committed bytes
  ---
  duration_ms: 9.45625
  type: 'test'
  ...
# Subtest: current teaching materials declare four tracks and fixed Reputation Review
ok 215 - current teaching materials declare four tracks and fixed Reputation Review
  ---
  duration_ms: 2.954458
  type: 'test'
  ...
# Subtest: shared policy tables reject malformed rows and preserve escaped punctuation
ok 216 - shared policy tables reject malformed rows and preserve escaped punctuation
  ---
  duration_ms: 0.450334
  type: 'test'
  ...
# Subtest: an edited lore record compiles while stale release publication and freezing are rejected
ok 217 - an edited lore record compiles while stale release publication and freezing are rejected
  ---
  duration_ms: 3019.891583
  type: 'test'
  ...
# Subtest: lore references reject missing entries, ambiguous overrides, unapproved fields and internal excerpt access
ok 218 - lore references reject missing entries, ambiguous overrides, unapproved fields and internal excerpt access
  ---
  duration_ms: 11.874417
  type: 'test'
  ...
1..218
# tests 218
# suites 0
# pass 218
# fail 0
# cancelled 0
# skipped 0
# todo 0
# duration_ms 178065.482375
