0.00 0
0.01 4
0.02 8
0.04 11
0.05 15
0.06 18
0.07 22
0.09 25
0.10 28
0.11 31
0.12 33
0.14 34
0.15 38
0.16 41
0.17 43
0.18 44
0.20 44
0.21 45
0.22 48
0.23 51
0.25 54
0.26 57
0.27 60
0.28 63
0.30 64
0.31 65
0.32 65
0.33 66
0.34 67
0.36 68
0.37 69
0.38 70
0.39 71
0.41 72
0.42 72
0.43 72
0.44 73
0.46 73
0.47 75
0.48 75
0.49 75
0.50 75
0.52 75
0.53 75
0.54 75
0.55 75
0.57 75
0.58 75
0.59 75
0.60 75
0.62 75
0.63 75
0.64 75
0.65 75
0.67 75
0.68 75
0.69 75
0.70 75
0.71 75
0.73 75
0.74 75
0.75 75
0.76 75
0.78 75
0.79 75
0.80 75
0.81 75
0.83 78
0.84 80
0.85 81
0.86 81
0.87 81
0.89 81
0.90 84
0.91 84
0.92 84
0.94 86
0.95 88
0.96 90
0.97 93
0.99 95
1.00 97
1.01 98
1.02 101
1.03 104
1.05 106
1.06 108
1.07 110
1.08 112
1.10 114
1.11 116
1.12 118
1.13 119
1.15 119
1.16 121
1.17 122
1.18 125
1.19 126
1.21 127
1.22 127
1.23 127
1.24 127
1.26 127
1.27 127
1.28 129
1.29 131
1.31 134
1.32 136
1.33 138
1.34 139
1.35 140
1.37 140
1.38 140
1.39 142
1.40 144
1.42 146
1.43 147
1.44 148
1.45 148
1.47 149
1.48 149
1.49 149
1.50 149
1.51 149
1.53 149
1.54 149
1.55 149
1.56 149
1.58 149
1.59 149
1.60 149
1.61 149
1.63 149
1.64 152
1.65 152
1.66 152
1.67 152
1.69 152
1.70 152
1.71 152
1.72 152
1.74 152
1.75 152
1.76 152
1.77 152
1.79 152
1.80 152
1.81 152
1.82 152
1.84 152
1.85 152
1.86 152
1.87 152
1.88 152
1.90 152
1.91 152
1.92 152
1.93 152
1.95 152
1.96 152
1.97 152
1.98 152
2.00 152
2.01 152
2.02 152
2.03 152
2.04 152
2.06 152
2.07 152
2.08 152
2.09 152
2.11 152
2.12 152
2.13 152
2.14 152
2.16 152
2.17 152
2.18 152
2.19 152
2.20 152
2.22 152
2.23 152
2.24 152
2.25 152
2.27 152
2.28 152
2.29 152
2.30 152
2.32 152
2.33 152
2.34 152
2.35 152
2.36 152
2.38 152
2.39 152
2.40 152
2.41 152
2.43 155
2.44 155
2.45 155
2.46 155
2.48 155
2.49 155
2.50 155
2.51 155
2.52 155
2.54 155
2.55 155
2.56 155
2.57 155
2.59 155
2.60 155
2.61 155
2.62 155
2.64 155
2.65 155
2.66 155
2.67 155
2.68 155
2.70 155
2.71 155
2.72 155
2.73 155
2.75 155
2.76 155
2.77 155
2.78 155
2.80 155
2.81 155
2.82 155
2.83 155
2.85 155
2.86 155
2.87 155
2.88 155
2.89 155
2.91 155
2.92 155
2.93 155
2.94 155
2.96 155
2.97 155
2.98 155
2.99 155
3.01 155
3.02 155
3.03 155
3.04 155
3.05 155
3.07 155
3.08 155
3.09 155
3.10 155
3.12 155
3.13 155
3.14 155
3.15 155
3.17 155
3.18 155
3.19 155
3.20 155
3.21 158
3.23 159
3.24 159
3.25 159
3.26 159
3.28 159
3.29 159
3.30 159
3.31 159
3.33 159
3.34 159
3.35 159
3.36 159
3.37 159
3.39 159
3.40 159
3.41 159
3.42 159
3.44 159
3.45 159
3.46 159
3.47 159
3.49 159
3.50 159
3.51 159
3.52 159
3.53 159
3.55 159
3.56 159
3.57 159
3.58 159
3.60 159
3.61 159
3.62 159
3.63 159
3.65 159
3.66 159
3.67 159
3.68 159
3.69 159
3.71 159
3.72 159
3.73 159
3.74 159
3.76 159
3.77 159
3.78 159
3.79 159
3.81 159
3.82 159
3.83 159
3.84 159
3.85 159
3.87 159
3.88 159
3.89 159
3.90 159
3.92 159
3.93 159
3.94 159
3.95 159
3.97 159
3.98 159
3.99 159
4.00 159
4.02 160
4.03 161
4.04 161
4.05 161
4.06 161
4.08 161
4.09 161
4.10 161
4.11 161
4.13 161
4.14 161
4.15 161
4.16 161
4.18 161
4.19 161
4.20 161
4.21 161
4.22 161
4.24 161
4.25 161
4.26 161
4.27 161
4.29 161
4.30 161
4.31 161
4.32 161
4.34 161
4.35 161
4.36 161
4.37 161
4.38 161
4.40 161
4.41 161
4.42 161
4.43 161
4.45 161
4.46 161
4.47 161
4.48 161
4.50 161
4.51 161
4.52 161
4.53 161
4.54 161
4.56 161
4.57 161
4.58 161
4.59 161
4.61 161
4.62 161
4.63 161
4.64 161
4.66 161
4.67 161
4.68 161
4.69 161
4.70 161
4.72 161
4.73 161
4.74 161
4.75 161
4.77 161
4.78 161
4.79 161
4.80 162
4.82 165
4.83 165
4.84 165
4.85 165
4.86 165
4.88 165
4.89 165
4.90 165
4.91 165
4.93 165
4.94 165
4.95 165
4.96 165
4.98 165
4.99 165
5.00 165
5.01 165
5.02 165
5.04 165
5.05 165
5.06 165
5.07 165
5.09 165
5.10 165
5.11 165
5.12 165
5.14 165
5.15 165
5.16 165
5.17 165
5.19 165
5.20 165
5.21 165
5.22 165
5.23 165
5.25 165
5.26 165
5.27 165
5.28 165
5.30 165
5.31 165
5.32 165
5.33 165
5.35 165
5.36 165
5.37 165
5.38 165
5.39 165
5.41 165
5.42 165
5.43 165
5.44 165
5.46 165
5.47 165
5.48 165
5.49 165
5.51 165
5.52 165
5.53 165
5.54 165
5.55 165
5.57 165
5.58 165
5.59 165
5.60 167
5.62 168
5.63 168
5.64 168
5.65 168
5.67 168
5.68 168
5.69 168
5.70 168
5.71 168
5.73 168
5.74 168
5.75 168
5.76 168
5.78 168
5.79 168
5.80 168
5.81 168
5.83 168
5.84 168
5.85 168
5.86 168
5.87 168
5.89 168
5.90 168
5.91 168
5.92 168
5.94 168
5.95 168
5.96 168
5.97 168
5.99 168
6.00 168
6.01 168
6.02 168
6.03 168
6.05 168
6.06 168
6.07 168
6.08 168
6.10 168
6.11 168
6.12 168
6.13 168
6.15 168
6.16 168
6.17 168
6.18 168
6.19 168
6.21 168
6.22 168
6.23 168
6.24 168
6.26 168
6.27 168
6.28 168
6.29 168
6.31 168
6.32 168
6.33 168
6.34 168
6.36 168
6.37 168
6.38 168
6.39 168
6.40 169
6.42 169
6.43 169
6.44 169
6.45 169
6.47 169
6.48 169
6.49 169
6.50 169
6.52 169
6.53 169
6.54 169
6.55 169
6.56 169
6.58 169
6.59 169
6.60 169
6.61 169
6.63 169
6.64 169
6.65 169
6.66 169
6.68 169
6.69 169
6.70 169
6.71 169
6.72 169
6.74 169
6.75 169
6.76 169
6.77 169
6.79 169
6.80 169
6.81 169
6.82 169
6.84 169
6.85 169
6.86 169
6.87 169
6.88 169
6.90 169
6.91 169
6.92 169
6.93 169
6.95 169
6.96 169
6.97 169
6.98 169
7.00 169
7.01 169
7.02 169
7.03 169
7.04 169
7.06 169
7.07 169
7.08 169
7.09 169
7.11 169
7.12 169
7.13 169
7.14 169
7.16 169
7.17 169
7.18 169
7.19 170
7.20 171
7.22 171
7.23 171
7.24 171
7.25 171
7.27 171
7.28 171
7.29 171
7.30 171
7.32 171
7.33 171
7.34 171
7.35 171
7.36 171
7.38 171
7.39 171
7.40 171
7.41 171
7.43 171
7.44 171
7.45 171
7.46 171
7.48 171
7.49 171
7.50 171
7.51 171
7.53 171
7.54 171
7.55 171
7.56 171
7.57 171
7.59 171
7.60 171
7.61 171
7.62 171
7.64 171
7.65 171
7.66 171
7.67 171
7.69 171
7.70 171
7.71 171
7.72 171
7.73 171
7.75 171
7.76 171
7.77 171
7.78 171
7.80 171
7.81 171
7.82 171
7.83 171
7.85 171
7.86 171
7.87 171
7.88 171
7.89 171
7.91 171
7.92 171
7.93 171
7.94 171
7.96 171
7.97 171
7.98 172
7.99 173
8.01 173
8.02 173
8.03 173
8.04 173
8.05 173
8.07 173
8.08 173
8.09 173
8.10 173
8.12 173
8.13 173
8.14 173
8.15 173
8.17 173
8.18 173
8.19 173
8.20 173
8.21 173
8.23 173
8.24 173
8.25 173
8.26 173
8.28 173
8.29 173
8.30 173
8.31 173
8.33 173
8.34 173
8.35 173
8.36 173
8.37 173
8.39 173
8.40 173
8.41 173
8.42 173
8.44 173
8.45 173
8.46 173
8.47 173
8.49 173
8.50 173
8.51 173
8.52 173
8.54 173
8.55 173
8.56 173
8.57 173
8.58 173
8.60 173
8.61 173
8.62 173
8.63 173
8.65 173
8.66 173
8.67 173
8.68 173
8.70 173
8.71 173
8.72 173
8.73 173
8.74 173
8.76 173
8.77 173
8.78 174
8.79 174
8.81 174
8.82 174
8.83 174
8.84 174
8.86 174
8.87 174
8.88 174
8.89 174
8.90 174
8.92 174
8.93 174
8.94 174
8.95 174
8.97 174
8.98 174
8.99 174
9.00 174
9.02 174
9.03 174
9.04 174
9.05 174
9.06 174
9.08 174
9.09 174
9.10 174
9.11 174
9.13 174
9.14 174
9.15 174
9.16 174
9.18 174
9.19 174
9.20 174
9.21 174
9.22 174
9.24 174
9.25 174
9.26 174
9.27 174
9.29 174
9.30 174
9.31 174
9.32 174
9.34 174
9.35 174
9.36 174
9.37 174
9.38 174
9.40 174
9.41 174
9.42 174
9.43 174
9.45 174
9.46 174
9.47 174
9.48 174
9.50 174
9.51 174
9.52 174
9.53 174
9.54 174
9.56 174
9.57 174
9.58 176
9.59 176
9.61 176
9.62 176
9.63 176
9.64 176
9.66 176
9.67 176
9.68 176
9.69 176
9.71 176
9.72 176
9.73 176
9.74 176
9.75 176
9.77 176
9.78 176
9.79 176
9.80 176
9.82 176
9.83 176
9.84 176
9.85 176
9.87 176
9.88 176
9.89 176
9.90 176
9.91 176
9.93 176
9.94 176
9.95 176
9.96 176
9.98 176
9.99 176
10.00 176
10.01 176
10.03 176
10.04 176
10.05 176
10.06 176
10.07 176
10.09 176
10.10 176
10.11 176
10.12 176
10.14 176
10.15 176
10.16 176
10.17 176
10.19 176
10.20 176
10.21 176
10.22 176
10.23 176
10.25 176
10.26 176
10.27 176
10.28 176
10.30 176
10.31 176
10.32 176
10.33 176
10.35 176
10.36 176
10.37 177
10.38 179
10.39 179
10.41 179
10.42 179
10.43 179
10.44 179
10.46 179
10.47 179
10.48 179
10.49 179
10.51 179
10.52 179
10.53 179
10.54 179
10.55 179
10.57 179
10.58 179
10.59 179
10.60 179
10.62 179
10.63 179
10.64 179
10.65 179
10.67 179
10.68 179
10.69 179
10.70 179
10.71 179
10.73 179
10.74 179
10.75 179
10.76 179
10.78 179
10.79 179
10.80 179
10.81 179
10.83 179
10.84 179
10.85 179
10.86 179
10.88 179
10.89 179
10.90 179
10.91 179
10.92 179
10.94 179
10.95 179
10.96 179
10.97 179
10.99 179
11.00 179
11.01 179
11.02 179
11.04 179
11.05 179
11.06 179
11.07 179
11.08 179
11.10 179
11.11 179
11.12 179
11.13 179
11.15 179
11.16 179
11.17 179
11.18 179
11.20 179
11.21 179
11.22 179
11.23 179
11.24 179
11.26 179
11.27 179
11.28 179
11.29 179
11.31 179
11.32 179
11.33 179
11.34 179
11.36 179
11.37 179
11.38 179
11.39 179
11.40 179
11.42 179
11.43 179
11.44 179
11.45 179
11.47 179
11.48 179
11.49 179
11.50 179
11.52 179
11.53 179
11.54 179
11.55 179
11.56 179
11.58 179
11.59 179
11.60 179
11.61 179
11.63 179
11.64 179
11.65 179
11.66 179
11.68 179
11.69 179
11.70 179
11.71 179
11.72 179
11.74 179
11.75 179
11.76 179
11.77 179
11.79 179
11.80 179
11.81 179
11.82 179
11.84 179
11.85 179
11.86 179
11.87 179
11.88 179
11.90 179
11.91 179
11.92 179
11.93 179
11.95 179
11.96 179
11.97 181
11.98 183
12.00 183
12.01 183
12.02 183
12.03 183
12.05 183
12.06 183
12.07 183
12.08 183
12.09 183
12.11 183
12.12 183
12.13 183
12.14 183
12.16 183
12.17 183
12.18 183
12.19 183
12.21 183
12.22 183
12.23 183
12.24 183
12.25 183
12.27 183
12.28 183
12.29 183
12.30 183
12.32 183
12.33 183
12.34 183
12.35 183
12.37 183
12.38 183
12.39 183
12.40 183
12.41 183
12.43 183
12.44 183
12.45 183
12.46 183
12.48 183
12.49 183
12.50 183
12.51 183
12.53 183
12.54 183
12.55 183
12.56 183
12.57 183
12.59 183
12.60 183
12.61 183
12.62 183
12.64 183
12.65 183
12.66 183
12.67 183
12.69 183
12.70 183
12.71 183
12.72 183
12.73 183
12.75 183
12.76 183
12.77 184
12.78 184
12.80 185
12.81 185
12.82 185
12.83 185
12.85 185
12.86 185
12.87 185
12.88 185
12.89 185
12.91 185
12.92 185
12.93 185
12.94 185
12.96 185
12.97 185
12.98 185
12.99 185
13.01 185
13.02 185
13.03 185
13.04 185
13.05 185
13.07 185
13.08 185
13.09 185
13.10 185
13.12 185
13.13 185
13.14 185
13.15 185
13.17 185
13.18 185
13.19 185
13.20 185
13.22 185
13.23 185
13.24 185
13.25 185
13.26 185
13.28 185
13.29 185
13.30 185
13.31 185
13.33 185
13.34 185
13.35 185
13.36 185
13.38 185
13.39 185
13.40 185
13.41 185
13.42 185
13.44 185
13.45 185
13.46 185
13.47 185
13.49 185
13.50 185
13.51 185
13.52 185
13.54 185
13.55 185
13.56 185
13.57 185
13.58 185
13.60 185
13.61 186
13.62 186
13.63 186
13.65 186
13.66 186
13.67 186
13.68 186
13.70 186
13.71 186
13.72 186
13.73 186
13.74 186
13.76 186
13.77 186
13.78 186
13.79 186
13.81 186
13.82 186
13.83 186
13.84 186
13.86 186
13.87 186
13.88 186
13.89 186
13.90 186
13.92 186
13.93 186
13.94 186
13.95 186
13.97 186
13.98 186
13.99 186
14.00 186
14.02 186
14.03 186
14.04 186
14.05 186
14.06 186
14.08 186
14.09 186
14.10 186
14.11 186
14.13 186
14.14 186
14.15 186
14.16 186
14.18 186
14.19 186
14.20 186
14.21 186
14.23 186
14.24 186
14.25 186
14.26 186
14.27 186
14.29 186
14.30 186
14.31 186
14.32 186
14.34 186
14.35 186
14.36 186
14.37 186
14.39 186
14.40 188
14.41 189
14.42 189
14.43 189
14.45 189
14.46 189
14.47 189
14.48 189
14.50 189
14.51 189
14.52 189
14.53 189
14.55 189
14.56 189
14.57 189
14.58 189
14.59 189
14.61 189
14.62 189
14.63 189
14.64 189
14.66 189
14.67 189
14.68 189
14.69 189
14.71 189
14.72 189
14.73 189
14.74 189
14.75 189
14.77 189
14.78 189
14.79 189
14.80 189
14.82 189
14.83 189
14.84 189
14.85 189
14.87 189
14.88 189
14.89 189
14.90 189
14.91 189
14.93 189
14.94 189
14.95 189
14.96 189
14.98 189
14.99 189
15.00 189
15.01 189
15.03 189
15.04 189
15.05 189
15.06 189
15.07 189
15.09 189
15.10 189
15.11 189
15.12 189
15.14 189
15.15 189
15.16 189
15.17 189
15.19 189
15.20 189
15.21 190
15.22 190
15.23 190
15.25 190
15.26 190
15.27 190
15.28 190
15.30 190
15.31 190
15.32 190
15.33 190
15.35 190
15.36 190
15.37 190
15.38 190
15.40 190
15.41 190
15.42 190
15.43 190
15.44 190
15.46 190
15.47 190
15.48 190
15.49 190
15.51 190
15.52 190
15.53 190
15.54 190
15.56 190
15.57 190
15.58 190
15.59 190
15.60 190
15.62 190
15.63 190
15.64 190
15.65 190
15.67 190
15.68 190
15.69 190
15.70 190
15.72 190
15.73 190
15.74 190
15.75 190
15.76 190
15.78 190
15.79 190
15.80 190
15.81 190
15.83 190
15.84 190
15.85 190
15.86 190
15.88 190
15.89 190
15.90 190
15.91 190
15.92 190
15.94 190
15.95 190
15.96 190
15.97 190
15.99 190
16.00 192
16.01 192
16.02 192
16.04 192
16.05 192
16.06 192
16.07 192
16.08 192
16.10 192
16.11 192
16.12 192
16.13 192
16.15 192
16.16 192
16.17 192
16.18 192
16.20 192
16.21 192
16.22 192
16.23 192
16.24 192
16.26 192
16.27 192
16.28 192
16.29 192
16.31 192
16.32 192
16.33 192
16.34 192
16.36 192
16.37 192
16.38 192
16.39 192
16.40 192
16.42 192
16.43 192
16.44 192
16.45 192
16.47 192
16.48 192
16.49 192
16.50 192
16.52 192
16.53 192
16.54 192
16.55 192
16.57 192
16.58 192
16.59 192
16.60 192
16.61 192
16.63 192
16.64 192
16.65 192
16.66 192
16.68 192
16.69 192
16.70 192
16.71 192
16.73 192
16.74 192
16.75 192
16.76 192
16.77 192
16.79 193
16.80 193
16.81 193
16.82 193
16.84 193
16.85 193
16.86 193
16.87 193
16.89 193
16.90 193
16.91 193
16.92 193
16.93 193
16.95 193
16.96 193
16.97 193
16.98 193
17.00 193
17.01 193
17.02 193
17.03 193
17.05 193
17.06 193
17.07 193
17.08 193
17.09 193
17.11 193
17.12 193
17.13 193
17.14 193
17.16 193
17.17 193
17.18 193
17.19 193
17.21 193
17.22 193
17.23 193
17.24 193
17.25 193
17.27 193
17.28 193
17.29 193
17.30 193
17.32 193
17.33 193
17.34 193
17.35 193
17.37 193
17.38 193
17.39 193
17.40 193
17.41 193
17.43 193
17.44 193
17.45 193
17.46 193
17.48 193
17.49 193
17.50 193
17.51 193
17.53 193
17.54 193
17.55 193
17.56 193
17.57 194
17.59 194
17.60 194
17.61 194
17.62 194
17.64 194
17.65 194
17.66 194
17.67 194
17.69 194
17.70 194
17.71 194
17.72 194
17.74 194
17.75 194
17.76 194
17.77 194
17.78 194
17.80 194
17.81 194
17.82 194
17.83 194
17.85 194
17.86 194
17.87 194
17.88 194
17.90 194
17.91 194
17.92 194
17.93 194
17.94 194
17.96 194
17.97 194
17.98 194
17.99 194
18.01 194
18.02 194
18.03 194
18.04 194
18.06 194
18.07 194
18.08 194
18.09 194
18.10 194
18.12 194
18.13 194
18.14 194
18.15 194
18.17 194
18.18 194
18.19 194
18.20 194
18.22 194
18.23 194
18.24 194
18.25 194
18.26 194
18.28 194
18.29 194
18.30 194
18.31 194
18.33 194
18.34 194
18.35 194
18.36 194
18.38 196
18.39 199
18.40 199
18.41 199
18.42 199
18.44 199
18.45 199
18.46 199
18.47 199
18.49 199
18.50 199
18.51 199
18.52 199
18.54 199
18.55 199
18.56 199
18.57 199
18.58 199
18.60 199
18.61 199
18.62 199
18.63 199
18.65 199
18.66 199
18.67 199
18.68 199
18.70 199
18.71 199
18.72 199
18.73 199
18.74 199
18.76 199
18.77 199
18.78 199
18.79 199
18.81 199
18.82 199
18.83 199
18.84 199
18.86 199
18.87 199
18.88 199
18.89 199
18.91 199
18.92 199
18.93 199
18.94 199
18.95 199
18.97 199
18.98 199
18.99 199
19.00 199
19.02 199
19.03 199
19.04 199
19.05 199
19.07 199
19.08 199
19.09 199
19.10 199
19.11 199
19.13 199
19.14 199
19.15 199
19.16 199
19.18 199
19.19 199
19.20 199
19.21 199
19.23 199
19.24 199
19.25 199
19.26 199
19.27 199
19.29 199
19.30 199
19.31 199
19.32 199
19.34 199
19.35 199
19.36 199
19.37 199
19.39 199
19.40 199
19.41 199
19.42 199
19.43 199
19.45 199
19.46 199
19.47 199
19.48 199
19.50 199
19.51 199
19.52 199
19.53 199
19.55 199
19.56 199
19.57 199
19.58 199
19.59 199
19.61 199
19.62 199
19.63 199
19.64 199
19.66 199
19.67 199
19.68 199
19.69 199
19.71 199
19.72 199
19.73 199
19.74 199
19.75 199
19.77 199
19.78 199
19.79 199
19.80 199
19.82 199
19.83 199
19.84 199
19.85 199
19.87 199
19.88 199
19.89 199
19.90 199
19.92 199
19.93 199
19.94 199
19.95 199
19.96 199
19.98 201
19.99 202
20.00 202
20.01 202
20.03 202
20.04 202
20.05 202
20.06 202
20.08 202
20.09 202
20.10 202
20.11 202
20.12 202
20.14 202
20.15 202
20.16 202
20.17 202
20.19 202
20.20 202
20.21 202
20.22 202
20.24 202
20.25 202
20.26 202
20.27 202
20.28 202
20.30 202
20.31 202
20.32 202
20.33 202
20.35 202
20.36 202
20.37 202
20.38 202
20.40 202
20.41 202
20.42 202
20.43 202
20.44 202
20.46 202
20.47 202
20.48 202
20.49 202
20.51 202
20.52 202
20.53 202
20.54 202
20.56 202
20.57 202
20.58 202
20.59 202
20.60 202
20.62 202
20.63 202
20.64 202
20.65 202
20.67 202
20.68 202
20.69 202
20.70 202
20.72 202
20.73 202
20.74 202
20.75 202
20.76 202
20.78 202
20.79 203
20.80 203
20.81 203
20.83 203
20.84 203
20.85 203
20.86 203
20.88 203
20.89 203
20.90 203
20.91 203
20.92 203
20.94 203
20.95 203
20.96 203
20.97 203
20.99 203
21.00 203
21.01 203
21.02 203
21.04 203
21.05 203
21.06 203
21.07 203
21.09 203
21.10 203
21.11 203
21.12 203
21.13 203
21.15 203
21.16 203
21.17 203
21.18 203
21.20 203
21.21 203
21.22 203
21.23 203
21.25 203
21.26 203
21.27 203
21.28 203
21.29 203
21.31 203
21.32 203
21.33 203
21.34 203
21.36 203
21.37 203
21.38 203
21.39 203
21.41 203
21.42 203
21.43 203
21.44 203
21.45 203
21.47 203
21.48 203
21.49 203
21.50 203
21.52 203
21.53 203
21.54 203
21.55 203
21.57 203
21.58 205
21.59 205
21.60 205
21.61 205
21.63 205
21.64 205
21.65 205
21.66 205
21.68 205
21.69 205
21.70 205
21.71 205
21.73 205
21.74 205
21.75 205
21.76 205
21.77 205
21.79 205
21.80 205
21.81 205
21.82 205
21.84 205
21.85 205
21.86 205
21.87 205
21.89 205
21.90 205
21.91 205
21.92 205
21.93 205
21.95 205
21.96 205
21.97 205
21.98 205
22.00 205
22.01 205
22.02 205
22.03 205
22.05 205
22.06 205
22.07 205
22.08 205
22.09 205
22.11 205
22.12 205
22.13 205
22.14 205
22.16 205
22.17 205
22.18 205
22.19 205
22.21 205
22.22 205
22.23 205
22.24 205
22.26 205
22.27 205
22.28 205
22.29 205
22.30 205
22.32 205
22.33 205
22.34 205
22.35 205
22.37 207
22.38 209
22.39 209
22.40 209
22.42 209
22.43 209
22.44 209
22.45 209
22.46 209
22.48 209
22.49 209
22.50 209
22.51 209
22.53 209
22.54 209
22.55 209
22.56 209
22.58 209
22.59 209
22.60 209
22.61 209
22.62 209
22.64 209
22.65 209
22.66 209
22.67 209
22.69 209
22.70 209
22.71 209
22.72 209
22.74 209
22.75 209
22.76 209
22.77 209
22.78 209
22.80 209
22.81 209
22.82 209
22.83 209
22.85 209
22.86 209
22.87 209
22.88 209
22.90 209
22.91 209
22.92 209
22.93 209
22.94 209
22.96 209
22.97 209
22.98 209
22.99 209
23.01 209
23.02 209
23.03 209
23.04 209
23.06 209
23.07 209
23.08 209
23.09 209
23.10 209
23.12 209
23.13 209
23.14 209
23.15 209
23.17 209
23.18 209
23.19 209
23.20 209
23.22 209
23.23 209
23.24 209
23.25 209
23.26 209
23.28 209
23.29 209
23.30 209
23.31 209
23.33 209
23.34 209
23.35 209
23.36 209
23.38 209
23.39 209
23.40 209
23.41 209
23.43 209
23.44 209
23.45 209
23.46 209
23.47 209
23.49 209
23.50 209
23.51 209
23.52 209
23.54 209
23.55 209
23.56 209
23.57 209
23.59 209
23.60 209
23.61 209
23.62 209
23.63 209
23.65 209
23.66 209
23.67 209
23.68 209
23.70 209
23.71 209
23.72 209
23.73 209
23.75 209
23.76 209
23.77 209
23.78 209
23.79 209
23.81 209
23.82 209
23.83 209
23.84 209
23.86 209
23.87 209
23.88 209
23.89 209
23.91 209
23.92 209
23.93 209
23.94 209
23.95 210
23.97 213
23.98 213
23.99 213
24.00 213
24.02 213
24.03 213
24.04 213
24.05 213
24.07 213
24.08 213
24.09 213
24.10 213
24.11 213
24.13 213
24.14 213
24.15 213
24.16 213
24.18 213
24.19 213
24.20 213
24.21 213
24.23 213
24.24 213
24.25 213
24.26 213
24.27 213
24.29 213
24.30 213
24.31 213
24.32 213
24.34 213
24.35 213
24.36 213
24.37 213
24.39 213
24.40 213
24.41 213
24.42 213
24.44 213
24.45 213
24.46 213
24.47 213
24.48 213
24.50 213
24.51 213
24.52 213
24.53 213
24.55 213
24.56 213
24.57 213
24.58 213
24.60 213
24.61 213
24.62 213
24.63 213
24.64 213
24.66 213
24.67 213
24.68 213
24.69 213
24.71 213
24.72 213
24.73 213
24.74 213
24.76 213
24.77 213
24.78 213
24.79 213
24.80 213
24.82 213
24.83 213
24.84 213
24.85 213
24.87 213
24.88 213
24.89 213
24.90 213
24.92 213
24.93 213
24.94 213
24.95 213
24.96 213
24.98 213
24.99 213
25.00 213
25.01 213
25.03 213
25.04 213
25.05 213
25.06 213
25.08 213
25.09 213
25.10 213
25.11 213
25.12 213
25.14 213
25.15 213
25.16 213
25.17 213
25.19 213
25.20 213
25.21 213
25.22 213
25.24 213
25.25 213
25.26 213
25.27 213
25.28 213
25.30 213
25.31 213
25.32 213
25.33 213
25.35 213
25.36 213
25.37 213
25.38 213
25.40 213
25.41 213
25.42 213
25.43 213
25.44 213
25.46 213
25.47 213
25.48 213
25.49 213
25.51 213
25.52 213
25.53 213
25.54 213
25.56 213
25.57 215
25.58 216
25.59 216
25.61 216
25.62 216
25.63 216
25.64 216
25.65 216
25.67 216
25.68 216
25.69 216
25.70 216
25.72 216
25.73 216
25.74 216
25.75 216
25.77 216
25.78 216
25.79 216
25.80 216
25.81 216
25.83 216
25.84 216
25.85 216
25.86 216
25.88 216
25.89 216
25.90 216
25.91 216
25.93 216
25.94 216
25.95 216
25.96 216
25.97 216
25.99 216
26.00 216
26.01 216
26.02 216
26.04 216
26.05 216
26.06 216
26.07 216
26.09 216
26.10 216
26.11 216
26.12 216
26.13 216
26.15 216
26.16 216
26.17 216
26.18 216
26.20 216
26.21 216
26.22 216
26.23 216
26.25 216
26.26 216
26.27 216
26.28 216
26.29 216
26.31 216
26.32 216
26.33 216
26.34 216
26.36 216
26.37 217
26.38 217
26.39 217
26.41 217
26.42 217
26.43 217
26.44 217
26.45 217
26.47 217
26.48 217
26.49 217
26.50 217
26.52 217
26.53 217
26.54 217
26.55 217
26.57 217
26.58 217
26.59 217
26.60 217
26.61 217
26.63 217
26.64 217
26.65 217
26.66 217
26.68 217
26.69 217
26.70 217
26.71 217
26.73 217
26.74 217
26.75 217
26.76 217
26.78 217
26.79 217
26.80 217
26.81 217
26.82 217
26.84 217
26.85 217
26.86 217
26.87 217
26.89 217
26.90 217
26.91 217
26.92 217
26.94 217
26.95 217
26.96 217
26.97 217
26.98 217
27.00 217
27.01 217
27.02 217
27.03 217
27.05 217
27.06 217
27.07 217
27.08 217
27.10 217
27.11 217
27.12 217
27.13 217
27.14 217
27.16 217
27.17 219
27.18 219
27.19 219
27.21 219
27.22 219
27.23 219
27.24 219
27.26 219
27.27 219
27.28 219
27.29 219
27.30 219
27.32 219
27.33 219
27.34 219
27.35 219
27.37 219
27.38 219
27.39 219
27.40 219
27.42 219
27.43 219
27.44 219
27.45 219
27.46 219
27.48 219
27.49 219
27.50 219
27.51 219
27.53 219
27.54 219
27.55 219
27.56 219
27.58 219
27.59 219
27.60 219
27.61 219
27.62 219
27.64 219
27.65 219
27.66 219
27.67 219
27.69 219
27.70 219
27.71 219
27.72 219
27.74 219
27.75 219
27.76 219
27.77 219
27.78 219
27.80 219
27.81 219
27.82 219
27.83 219
27.85 219
27.86 219
27.87 219
27.88 219
27.90 219
27.91 219
27.92 219
27.93 219
27.95 219
27.96 219
27.97 219
27.98 219
27.99 219
28.01 219
28.02 219
28.03 219
28.04 219
28.06 219
28.07 219
28.08 219
28.09 219
28.11 219
28.12 219
28.13 219
28.14 219
28.15 219
28.17 219
28.18 219
28.19 219
28.20 219
28.22 219
28.23 219
28.24 219
28.25 219
28.27 219
28.28 219
28.29 219
28.30 219
28.31 219
28.33 219
28.34 219
28.35 219
28.36 219
28.38 219
28.39 219
28.40 219
28.41 219
28.43 219
28.44 219
28.45 219
28.46 219
28.47 219
28.49 219
28.50 219
28.51 219
28.52 219
28.54 219
28.55 219
28.56 219
28.57 219
28.59 219
28.60 219
28.61 219
28.62 219
28.63 219
28.65 219
28.66 219
28.67 219
28.68 219
28.70 219
28.71 219
28.72 219
28.73 219
28.75 219
28.76 219
28.77 222
28.78 223
28.79 223
28.81 223
28.82 223
28.83 223
28.84 223
28.86 223
28.87 223
28.88 223
28.89 223
28.91 223
28.92 223
28.93 223
28.94 223
28.95 223
28.97 223
28.98 223
28.99 223
29.00 223
29.02 223
29.03 223
29.04 223
29.05 223
29.07 223
29.08 223
29.09 223
29.10 223
29.12 223
29.13 223
29.14 223
29.15 223
29.16 223
29.18 223
29.19 223
29.20 223
29.21 223
29.23 223
29.24 223
29.25 223
29.26 223
29.28 223
29.29 223
29.30 223
29.31 223
29.32 223
29.34 223
29.35 223
29.36 223
29.37 223
29.39 223
29.40 223
29.41 223
29.42 223
29.44 223
29.45 223
29.46 223
29.47 223
29.48 223
29.50 223
29.51 223
29.52 223
29.53 223
29.55 223
29.56 224
29.57 225
29.58 225
29.60 225
29.61 225
29.62 225
29.63 225
29.64 225
29.66 225
29.67 225
29.68 225
29.69 225
29.71 225
29.72 225
29.73 225
29.74 225
29.76 225
29.77 225
29.78 225
29.79 225
29.80 225
29.82 225
29.83 225
29.84 225
29.85 225
29.87 225
29.88 225
29.89 225
29.90 225
29.92 225
29.93 225
29.94 225
29.95 225
29.96 225
29.98 225
29.99 225
30.00 225
30.01 225
30.03 225
30.04 225
30.05 225
30.06 225
30.08 225
30.09 225
30.10 225
30.11 225
30.13 225
30.14 225
30.15 225
30.16 225
30.17 225
30.19 225
30.20 225
30.21 225
30.22 225
30.24 225
30.25 225
30.26 225
30.27 225
30.29 225
30.30 225
30.31 225
30.32 225
30.33 225
30.35 226
30.36 227
30.37 227
30.38 227
30.40 227
30.41 227
30.42 227
30.43 227
30.45 227
30.46 227
30.47 227
30.48 227
30.49 227
30.51 227
30.52 227
30.53 227
30.54 227
30.56 227
30.57 227
30.58 227
30.59 227
30.61 227
30.62 227
30.63 227
30.64 227
30.65 227
30.67 227
30.68 227
30.69 227
30.70 227
30.72 227
30.73 227
30.74 227
30.75 227
30.77 227
30.78 227
30.79 227
30.80 227
30.81 227
30.83 227
30.84 227
30.85 227
30.86 227
30.88 227
30.89 227
30.90 227
30.91 227
30.93 227
30.94 227
30.95 227
30.96 227
30.97 227
30.99 227
31.00 227
31.01 227
31.02 227
31.04 227
31.05 227
31.06 227
31.07 227
31.09 227
31.10 227
31.11 227
31.12 227
31.13 227
31.15 228
31.16 228
31.17 228
31.18 228
31.20 228
31.21 228
31.22 228
31.23 228
31.25 228
31.26 228
31.27 228
31.28 228
31.30 228
31.31 228
31.32 228
31.33 228
31.34 228
31.36 228
31.37 228
31.38 228
31.39 228
31.41 228
31.42 228
31.43 228
31.44 228
31.46 228
31.47 228
31.48 228
31.49 228
31.50 228
31.52 228
31.53 228
31.54 228
31.55 228
31.57 228
31.58 228
31.59 228
31.60 228
31.62 228
31.63 228
31.64 228
31.65 228
31.66 228
31.68 228
31.69 228
31.70 228
31.71 228
31.73 228
31.74 228
31.75 228
31.76 228
31.78 228
31.79 228
31.80 228
31.81 228
31.82 228
31.84 228
31.85 228
31.86 228
31.87 228
31.89 228
31.90 228
31.91 228
31.92 228
31.94 228
31.95 228
31.96 230
31.97 230
31.98 230
32.00 230
32.01 230
32.02 230
32.03 230
32.05 230
32.06 230
32.07 230
32.08 230
32.10 230
32.11 230
32.12 230
32.13 230
32.14 230
32.16 230
32.17 230
32.18 230
32.19 230
32.21 230
32.22 230
32.23 230
32.24 230
32.26 230
32.27 230
32.28 230
32.29 230
32.30 230
32.32 230
32.33 230
32.34 230
32.35 230
32.37 230
32.38 230
32.39 230
32.40 230
32.42 230
32.43 230
32.44 230
32.45 230
32.47 230
32.48 230
32.49 230
32.50 230
32.51 230
32.53 230
32.54 230
32.55 230
32.56 230
32.58 230
32.59 230
32.60 230
32.61 230
32.63 230
32.64 230
32.65 230
32.66 230
32.67 230
32.69 230
32.70 230
32.71 230
32.72 230
32.74 233
32.75 236
32.76 236
32.77 236
32.79 236
32.80 236
32.81 236
32.82 236
32.83 236
32.85 239
32.86 239
32.87 239
32.88 239
32.90 239
32.91 239
32.92 239
32.93 241
32.95 242
32.96 244
32.97 244
32.98 244
32.99 244
33.01 244
33.02 244
33.03 244
33.04 244
33.06 244
33.07 244
33.08 244
33.09 244
33.11 245
33.12 248
33.13 251
33.14 252
33.15 252
33.17 252
33.18 252
33.19 252
33.20 252
33.22 252
33.23 254
33.24 254
33.25 254
33.27 254
33.28 257
33.29 259
33.30 260
33.31 264
33.33 266
33.34 268
33.35 268
33.36 268
33.38 268
33.39 268
33.40 268
33.41 268
33.43 268
33.44 268
33.45 268
33.46 268
33.47 268
33.49 269
33.50 271
33.51 272
33.52 272
33.54 272
33.55 272
33.56 272
33.57 272
33.59 272
33.60 272
33.61 272
33.62 272
33.64 272
33.65 272
33.66 272
33.67 274
33.68 274
33.70 274
33.71 274
33.72 274
33.73 274
33.75 274
33.76 274
33.77 274
33.78 274
33.80 274
33.81 274
33.82 274
33.83 274
33.84 276
33.86 279
33.87 280
33.88 282
33.89 282
33.91 282
33.92 282
33.93 282
33.94 282
33.96 282
33.97 282
33.98 282
33.99 282
34.00 282
34.02 282
34.03 282
34.04 282
34.05 282
34.07 283
34.08 283
34.09 283
34.10 283
34.12 283
34.13 283
34.14 283
34.15 283
34.16 283
34.18 283
34.19 283
34.20 283
34.21 283
34.23 285
34.24 288
34.25 290
34.26 293
34.28 293
34.29 293
34.30 293
34.31 293
34.32 293
34.34 293
34.35 293
34.36 293
34.37 293
34.39 293
34.40 295
34.41 295
34.42 295
34.44 295
34.45 295
34.46 295
34.47 295
34.48 295
34.50 295
34.51 295
34.52 295
34.53 295
34.55 295
34.56 295
34.57 295
34.58 295
34.60 295
34.61 297
34.62 301
34.63 303
34.64 305
34.66 305
34.67 305
34.68 305
34.69 305
34.71 305
34.72 305
34.73 305
34.74 305
34.76 305
34.77 305
34.78 305
34.79 305
34.81 305
34.82 305
34.83 305
34.84 305
34.85 305
34.87 305
34.88 305
34.89 305
34.90 305
34.92 305
34.93 305
34.94 305
34.95 306
34.97 309
34.98 311
34.99 314
35.00 316
35.01 316
35.03 316
35.04 316
35.05 316
35.06 316
35.08 316
35.09 316
35.10 316
35.11 316
35.13 316
35.14 316
35.15 316
35.16 316
35.17 316
35.19 316
35.20 316
35.21 316
35.22 316
35.24 316
35.25 316
35.26 316
35.27 316
35.29 316
35.30 316
35.31 316
35.32 316
35.33 316
35.35 319
35.36 320
35.37 323
35.38 323
35.40 323
35.41 323
35.42 323
35.43 323
35.45 323
35.46 323
35.47 323
35.48 323
35.49 323
35.51 323
35.52 323
35.53 323
35.54 323
35.56 323
35.57 323
35.58 323
35.59 323
35.61 323
35.62 323
35.63 323
35.64 323
35.65 323
35.67 323
35.68 323
35.69 323
35.70 323
35.72 325
35.73 327
35.74 330
35.75 332
35.77 332
35.78 332
35.79 332
35.80 332
35.82 332
35.83 332
35.84 332
35.85 332
35.86 332
35.88 332
35.89 334
35.90 335
35.91 335
35.93 335
35.94 335
35.95 335
35.96 335
35.98 335
35.99 335
36.00 335
36.01 335
36.02 335
36.04 335
36.05 335
36.06 335
36.07 335
36.09 336
36.10 339
36.11 342
36.12 343
36.14 343
36.15 343
36.16 343
36.17 343
36.18 343
36.20 343
36.21 343
36.22 343
36.23 343
36.25 343
36.26 344
36.27 344
36.28 344
36.30 344
36.31 344
36.32 344
36.33 344
36.34 344
36.36 344
36.37 344
36.38 344
36.39 344
36.41 344
36.42 344
36.43 344
36.44 344
36.46 344
36.47 347
36.48 350
36.49 352
36.50 354
36.52 356
36.53 356
36.54 356
36.55 356
36.57 356
36.58 356
36.59 356
36.60 356
36.62 356
36.63 356
36.64 356
36.65 356
36.66 356
36.68 356
36.69 356
36.70 356
36.71 356
36.73 356
36.74 356
36.75 356
36.76 356
36.78 356
36.79 356
36.80 356
36.81 356
36.82 356
36.84 356
36.85 356
36.86 358
36.87 360
36.89 363
36.90 363
36.91 363
36.92 363
36.94 363
36.95 363
36.96 363
36.97 363
36.99 363
37.00 363
37.01 363
37.02 363
37.03 363
37.05 363
37.06 363
37.07 363
37.08 363
37.10 363
37.11 363
37.12 363
37.13 363
37.15 363
37.16 363
37.17 363
37.18 363
37.19 363
37.21 363
37.22 363
37.23 366
37.24 367
37.26 369
37.27 371
37.28 372
37.29 372
37.31 372
37.32 372
37.33 372
37.34 372
37.35 372
37.37 372
37.38 372
37.39 372
37.40 372
37.42 372
37.43 372
37.44 372
37.45 372
37.47 372
37.48 372
37.49 372
37.50 372
37.51 372
37.53 372
37.54 372
37.55 372
37.56 372
37.58 372
37.59 372
37.60 372
37.61 373
37.63 375
37.64 377
37.65 378
37.66 381
37.67 383
37.69 384
37.70 385
37.71 385
37.72 385
37.74 385
37.75 385
37.76 385
37.77 385
37.79 385
37.80 385
37.81 385
37.82 386
37.83 386
37.85 386
37.86 386
37.87 386
37.88 386
37.90 386
37.91 386
37.92 386
37.93 386
37.95 386
37.96 386
37.97 386
37.98 386
37.99 386
38.01 386
38.02 386
38.03 387
38.04 389
38.06 391
38.07 395
38.08 397
38.09 397
38.11 397
38.12 397
38.13 397
38.14 397
38.16 397
38.17 397
38.18 397
38.19 397
38.20 397
38.22 397
38.23 397
38.24 397
38.25 397
38.27 397
38.28 397
38.29 397
38.30 397
38.32 397
38.33 397
38.34 397
38.35 397
38.36 397
38.38 397
38.39 397
38.40 397
38.41 397
38.43 400
38.44 402
38.45 404
38.46 404
38.48 404
38.49 404
38.50 404
38.51 404
38.52 404
38.54 404
38.55 404
38.56 404
38.57 404
38.59 405
38.60 405
38.61 405
38.62 405
38.64 405
38.65 405
38.66 405
38.67 405
38.68 405
38.70 405
38.71 405
38.72 405
38.73 405
38.75 405
38.76 405
38.77 405
38.78 405
38.80 405
38.81 405
38.82 409
38.83 410
38.84 410
38.86 410
38.87 410
38.88 410
38.89 410
38.91 410
38.92 410
38.93 410
38.94 410
38.96 410
38.97 410
38.98 410
38.99 410
39.00 410
39.02 410
39.03 410
39.04 410
39.05 410
39.07 410
39.08 410
39.09 410
39.10 410
39.12 410
39.13 410
39.14 410
39.15 410
39.16 412
39.18 415
39.19 417
39.20 419
39.21 419
39.23 419
39.24 419
39.25 419
39.26 419
39.28 419
39.29 419
39.30 419
39.31 419
39.33 419
39.34 419
39.35 419
39.36 419
39.37 419
39.39 419
39.40 419
39.41 419
39.42 419
39.44 419
39.45 419
39.46 419
39.47 419
39.49 419
39.50 419
39.51 419
39.52 419
39.53 419
39.55 421
39.56 421
39.57 424
39.58 426
39.60 427
39.61 427
39.62 427
39.63 427
39.65 427
39.66 427
39.67 427
39.68 427
39.69 427
39.71 427
39.72 427
39.73 427
39.74 427
39.76 427
39.77 427
39.78 427
39.79 427
39.81 427
39.82 427
39.83 427
39.84 427
39.85 427
39.87 427
39.88 427
39.89 427
39.90 427
39.92 427
39.93 427
39.94 428
39.95 431
39.97 433
39.98 433
39.99 433
40.00 433
40.01 433
40.03 434
40.04 437
40.05 438
40.06 438
40.08 438
40.09 438
40.10 438
40.11 438
40.13 438
40.14 438
40.15 438
40.16 438
40.17 440
40.19 440
40.20 440
40.21 440
40.22 440
40.24 440
40.25 440
40.26 440
40.27 440
40.29 440
40.30 440
40.31 440
40.32 441
40.33 443
40.35 445
40.36 447
40.37 449
40.38 450
40.40 450
40.41 450
40.42 450
40.43 450
40.45 450
40.46 450
40.47 450
40.48 450
40.50 450
40.51 450
40.52 450
40.53 450
40.54 450
40.56 451
40.57 451
40.58 451
40.59 451
40.61 451
40.62 451
40.63 451
40.64 451
40.66 451
40.67 451
40.68 451
40.69 451
40.70 451
40.72 451
40.73 452
40.74 454
40.75 457
40.77 458
40.78 459
40.79 459
40.80 459
40.82 459
40.83 459
40.84 460
40.85 460
40.86 460
40.88 460
40.89 460
40.90 460
40.91 460
40.93 460
40.94 460
40.95 460
40.96 460
40.98 460
40.99 460
41.00 460
41.01 460
41.02 460
41.04 460
41.05 460
41.06 460
41.07 460
41.09 460
41.10 460
41.11 460
41.12 460
41.14 462
41.15 463
41.16 466
41.17 467
41.18 467
41.20 467
41.21 467
41.22 467
41.23 467
41.25 467
41.26 467
41.27 467
41.28 467
41.30 467
41.31 467
41.32 467
41.33 467
41.34 467
41.36 467
41.37 467
41.38 467
41.39 467
41.41 467
41.42 467
41.43 467
41.44 467
41.46 467
41.47 467
41.48 467
41.49 467
41.51 467
41.52 468
41.53 468
41.54 468
41.55 469
41.57 469
41.58 469
41.59 469
41.60 469
41.62 469
41.63 469
41.64 469
41.65 469
41.67 469
41.68 469
41.69 469
41.70 469
41.71 469
41.73 469
41.74 469
41.75 469
41.76 469
41.78 469
41.79 469
41.80 469
41.81 469
41.83 469
41.84 469
41.85 469
41.86 469
41.87 469
41.89 469
41.90 472
41.91 474
41.92 475
41.94 476
41.95 476
41.96 476
41.97 476
41.99 476
42.00 476
42.01 476
42.02 476
42.03 476
42.05 476
42.06 476
42.07 476
42.08 476
42.10 476
42.11 476
42.12 476
42.13 476
42.15 476
42.16 476
42.17 476
42.18 476
42.19 476
42.21 476
42.22 476
42.23 476
42.24 476
42.26 476
42.27 476
42.28 478
42.29 481
42.31 482
42.32 482
42.33 482
42.34 482
42.35 482
42.37 482
42.38 482
42.39 482
42.40 482
42.42 482
42.43 482
42.44 482
42.45 482
42.47 484
42.48 484
42.49 484
42.50 484
42.51 484
42.53 484
42.54 484
42.55 484
42.56 484
42.58 484
42.59 484
42.60 484
42.61 484
42.63 484
42.64 484
42.65 485
42.66 486
42.68 486
42.69 487
42.70 487
42.71 487
42.72 487
42.74 488
42.75 490
42.76 493
42.77 494
42.79 496
42.80 499
42.81 500
42.82 503
42.84 504
42.85 507
42.86 509
42.87 510
42.88 512
42.90 515
42.91 516
42.92 519
42.93 520
42.95 523
42.96 524
42.97 526
42.98 527
43.00 527
43.01 527
43.02 527
43.03 527
43.04 527
43.06 527
43.07 529
43.08 529
43.09 529
43.11 529
43.12 529
43.13 529
43.14 529
43.16 529
43.17 529
43.18 529
43.19 529
43.20 529
43.22 529
43.23 529
43.24 531
43.25 533
43.27 535
43.28 535
43.29 535
43.30 535
43.32 535
43.33 538
43.34 540
43.35 542
43.36 545
43.38 548
43.39 549
43.40 549
43.41 549
43.43 549
43.44 550
43.45 550
43.46 550
43.48 550
43.49 550
43.50 550
43.51 551
43.52 551
43.54 551
43.55 551
43.56 551
43.57 551
43.59 551
43.60 551
43.61 551
43.62 551
43.64 551
43.65 551
43.66 551
43.67 551
43.68 551
43.70 552
43.71 554
43.72 556
43.73 556
43.75 556
43.76 556
43.77 556
43.78 558
43.80 560
43.81 560
43.82 560
43.83 560
43.85 560
43.86 560
43.87 560
43.88 560
43.89 560
43.91 560
43.92 561
43.93 561
43.94 561
43.96 562
43.97 563
43.98 563
43.99 563
44.01 563
44.02 563
44.03 563
44.04 563
44.05 563
44.07 563
44.08 563
44.09 563
44.10 565
44.12 569
44.13 571
44.14 571
44.15 571
44.17 571
44.18 571
44.19 573
44.20 575
44.21 576
44.23 576
44.24 576
44.25 576
44.26 576
44.28 576
44.29 576
44.30 577
44.31 579
44.33 580
44.34 581
44.35 583
44.36 584
44.37 586
44.39 586
44.40 587
44.41 589
44.42 590
44.44 591
44.45 592
44.46 593
44.47 595
44.49 597
44.50 598
44.51 599
44.52 599
44.53 600
44.55 601
44.56 603
44.57 605
44.58 606
44.60 607
44.61 608
44.62 609
44.63 611
44.65 613
44.66 615
44.67 616
44.68 617
44.69 619
44.71 619
44.72 622
44.73 624
44.74 625
44.76 626
44.77 626
44.78 627
44.79 627
44.81 628
44.82 628
44.83 629
44.84 630
44.85 632
44.87 634
44.88 635
44.89 635
44.90 635
44.92 637
44.93 638
44.94 640
44.95 642
44.97 643
44.98 643
44.99 643
45.00 645
45.02 647
45.03 648
45.04 650
45.05 652
45.06 652
45.08 654
45.09 655
45.10 657
45.11 658
45.13 659
45.14 659
45.15 660
45.16 661
45.18 661
45.19 662
45.20 662
45.21 662
45.22 662
45.24 662
45.25 662
45.26 662
45.27 664
45.29 665
45.30 665
45.31 667
45.32 669
45.34 670
45.35 672
45.36 672
45.37 674
45.38 675
45.40 676
45.41 676
45.42 676
45.43 677
45.45 678
45.46 679
45.47 679
45.48 681
45.50 681
45.51 682
45.52 683
45.53 685
45.54 685
45.56 686
45.57 687
45.58 687
45.59 688
45.61 688
45.62 690
45.63 691
45.64 693
45.66 694
45.67 694
45.68 694
45.69 694
45.70 695
45.72 696
45.73 697
45.74 697
45.75 698
45.77 698
45.78 698
45.79 701
45.80 702
45.82 704
45.83 706
45.84 706
45.85 706
45.86 706
45.88 708
45.89 710
45.90 710
45.91 710
45.93 710
45.94 710
45.95 711
45.96 712
45.98 713
45.99 713
46.00 714
46.01 714
46.03 715
46.04 716
46.05 718
46.06 720
46.07 722
46.09 722
46.10 723
46.11 723
46.12 723
46.14 723
46.15 723
46.16 724
46.17 724
46.19 725
46.20 726
46.21 728
46.22 730
46.23 730
46.25 730
46.26 730
46.27 731
46.28 733
46.30 734
46.31 735
46.32 736
46.33 737
46.35 739
46.36 740
46.37 743
46.38 745
46.39 747
46.41 749
46.42 749
46.43 752
46.44 754
46.46 755
46.47 756
46.48 757
46.49 758
46.51 759
46.52 761
46.53 761
46.54 763
46.55 764
46.57 765
46.58 767
46.59 767
46.60 768
46.62 770
46.63 771
46.64 771
46.65 771
46.67 772
46.68 773
46.69 774
46.70 775
46.71 775
46.73 776
46.74 778
46.75 779
46.76 781
46.78 782
46.79 783
46.80 784
46.81 785
46.83 785
46.84 786
46.85 787
46.86 788
46.87 789
46.89 789
46.90 789
46.91 789
46.92 789
46.94 791
46.95 791
46.96 792
46.97 793
46.99 795
47.00 796
47.01 797
47.02 797
47.03 799
47.05 799
47.06 800
47.07 800
47.08 802
47.10 802
47.11 802
47.12 802
47.13 803
47.15 803
47.16 804
47.17 804
47.18 804
47.20 805
47.21 805
47.22 806
47.23 807
47.24 807
47.26 807
47.27 807
47.28 807
47.29 807
47.31 807
47.32 808
47.33 810
47.34 810
47.36 810
47.37 810
47.38 811
47.39 812
47.40 812
47.42 814
47.43 815
47.44 815
47.45 815
47.47 815
47.48 815
47.49 816
47.50 816
47.52 816
47.53 818
47.54 818
47.55 818
47.56 818
47.58 818
47.59 818
47.60 818
47.61 818
47.63 818
47.64 819
47.65 819
47.66 819
47.68 819
47.69 819
47.70 819
47.71 819
47.72 819
47.74 819
47.75 819
47.76 819
47.77 820
47.79 820
47.80 821
47.81 822
47.82 823
47.84 823
47.85 825
47.86 826
47.87 828
47.88 828
47.90 829
47.91 831
47.92 831
47.93 832
47.95 832
47.96 832
47.97 833
47.98 833
48.00 834
48.01 835
48.02 837
48.03 840
48.04 843
48.06 843
48.07 844
48.08 846
48.09 848
48.11 849
48.12 851
48.13 853
48.14 854
48.16 856
48.17 858
48.18 860
48.19 861
48.20 861
48.22 861
48.23 861
48.24 861
48.25 862
48.27 863
48.28 863
48.29 865
48.30 866
48.32 867
48.33 869
48.34 870
48.35 870
48.37 871
48.38 871
48.39 871
48.40 874
48.41 874
48.43 876
48.44 876
48.45 876
48.46 877
48.48 877
48.49 879
48.50 879
48.51 881
48.53 883
48.54 884
48.55 885
48.56 885
48.57 888
48.59 889
48.60 889
48.61 889
48.62 890
48.64 891
48.65 891
48.66 891
48.67 892
48.69 892
48.70 892
48.71 892
48.72 892
48.73 892
48.75 895
48.76 895
48.77 895
48.78 896
48.80 897
48.81 898
48.82 899
48.83 899
48.85 900
48.86 901
48.87 902
48.88 903
48.89 906
48.91 906
48.92 906
48.93 906
48.94 906
48.96 907
48.97 907
48.98 907
48.99 907
49.01 907
49.02 907
49.03 907
49.04 907
49.05 908
49.07 908
49.08 908
49.09 908
49.10 909
49.12 909
49.13 909
49.14 910
49.15 910
49.17 910
49.18 910
49.19 910
49.20 910
49.21 911
49.23 911
49.24 912
49.25 912
49.26 912
49.28 912
49.29 912
49.30 912
49.31 913
49.33 914
49.34 916
49.35 916
49.36 916
49.37 916
49.39 917
49.40 919
49.41 919
49.42 920
49.44 920
49.45 920
49.46 920
49.47 920
49.49 920
49.50 920
49.51 920
49.52 922
49.54 923
49.55 923
49.56 923
49.57 923
49.58 923
49.60 923
49.61 923
49.62 924
49.63 925
49.65 926
49.66 927
49.67 929
49.68 929
49.70 929
49.71 929
49.72 929
49.73 929
49.74 929
49.76 930
49.77 930
49.78 932
49.79 934
49.81 934
49.82 935
49.83 936
49.84 936
49.86 936
49.87 936
49.88 937
49.89 937
49.90 938
49.92 938
49.93 940
49.94 940
49.95 940
49.97 940
49.98 941
49.99 942
50.00 943
50.02 943
50.03 943
50.04 943
50.05 944
50.06 945
50.08 947
50.09 947
50.10 947
50.11 948
50.13 948
50.14 948
50.15 948
50.16 948
50.18 948
50.19 948
50.20 949
50.21 949
50.22 950
50.24 951
50.25 952
50.26 953
50.27 953
50.29 953
50.30 953
50.31 953
50.32 953
50.34 954
50.35 954
50.36 957
50.37 957
50.38 957
50.40 958
50.41 958
50.42 958
50.43 958
50.45 958
50.46 959
50.47 959
50.48 959
50.50 960
50.51 960
50.52 961
50.53 961
50.54 961
50.56 961
50.57 963
50.58 963
50.59 964
50.61 964
50.62 965
50.63 965
50.64 965
50.66 965
50.67 966
50.68 967
50.69 967
50.71 967
50.72 967
50.73 967
50.74 968
50.75 968
50.77 968
50.78 969
50.79 969
50.80 969
50.82 969
50.83 969
50.84 969
50.85 969
50.87 969
50.88 969
50.89 971
50.90 971
50.91 971
50.93 972
50.94 973
50.95 974
50.96 974
50.98 974
50.99 974
51.00 974
51.01 976
51.03 977
51.04 977
51.05 977
51.06 977
51.07 977
51.09 977
51.10 977
51.11 978
51.12 979
51.14 980
51.15 980
51.16 980
51.17 980
51.19 980
51.20 980
51.21 980
51.22 981
51.23 982
51.25 983
51.26 985
51.27 985
51.28 986
51.30 987
51.31 989
51.32 990
51.33 990
51.35 990
51.36 990
51.37 991
51.38 993
51.39 995
51.41 996
51.42 996
51.43 998
51.44 999
51.46 1000
51.47 1001
51.48 1003
51.49 1003
51.51 1004
51.52 1005
51.53 1005
51.54 1006
51.55 1006
51.57 1007
51.58 1008
51.59 1010
51.60 1012
51.62 1014
51.63 1015
51.64 1015
51.65 1015
51.67 1015
51.68 1015
51.69 1015
51.70 1015
51.72 1016
51.73 1017
51.74 1018
51.75 1018
51.76 1019
51.78 1019
51.79 1020
51.80 1021
51.81 1023
51.83 1025
51.84 1026
51.85 1027
51.86 1028
51.88 1029
51.89 1031
51.90 1031
51.91 1032
51.92 1033
51.94 1034
51.95 1035
51.96 1037
51.97 1038
51.99 1038
52.00 1040
52.01 1041
52.02 1041
52.04 1043
52.05 1044
52.06 1046
52.07 1046
52.08 1047
52.10 1048
52.11 1050
52.12 1050
52.13 1051
52.15 1054
52.16 1055
52.17 1056
52.18 1057
52.20 1057
52.21 1058
52.22 1059
52.23 1059
52.24 1060
52.26 1061
52.27 1062
52.28 1063
52.29 1065
52.31 1067
52.32 1068
52.33 1068
52.34 1069
52.36 1069
52.37 1069
52.38 1070
52.39 1071
52.40 1072
52.42 1072
52.43 1073
52.44 1074
52.45 1076
52.47 1078
52.48 1079
52.49 1080
52.50 1081
52.52 1083
52.53 1083
52.54 1083
52.55 1084
52.56 1084
52.58 1085
52.59 1086
52.60 1090
52.61 1093
52.63 1095
52.64 1097
52.65 1099
52.66 1101
52.68 1102
52.69 1105
52.70 1106
52.71 1108
52.72 1109
52.74 1111
52.75 1114
52.76 1115
52.77 1116
52.79 1118
52.80 1120
52.81 1122
52.82 1124
52.84 1125
52.85 1126
52.86 1126
52.87 1127
52.89 1129
52.90 1131
52.91 1131
52.92 1132
52.93 1133
52.95 1134
52.96 1134
52.97 1135
52.98 1136
53.00 1137
53.01 1139
53.02 1140
53.03 1140
53.05 1141
53.06 1141
53.07 1142
53.08 1143
53.09 1143
53.11 1143
53.12 1143
53.13 1143
53.14 1143
53.16 1144
53.17 1145
53.18 1146
53.19 1147
53.21 1147
53.22 1150
53.23 1153
53.24 1154
53.25 1155
53.27 1155
53.28 1156
53.29 1157
53.30 1157
53.32 1158
53.33 1158
53.34 1160
53.35 1160
53.37 1160
53.38 1160
53.39 1160
53.40 1160
53.41 1161
53.43 1161
53.44 1161
53.45 1162
53.46 1163
53.48 1164
53.49 1164
53.50 1166
53.51 1166
53.53 1166
53.54 1166
53.55 1167
53.56 1167
53.57 1167
53.59 1168
53.60 1168
53.61 1168
53.62 1169
53.64 1170
53.65 1171
53.66 1173
53.67 1174
53.69 1174
53.70 1174
53.71 1174
53.72 1175
53.73 1175
53.75 1175
53.76 1176
53.77 1177
53.78 1177
53.80 1177
53.81 1180
53.82 1180
53.83 1180
53.85 1180
53.86 1180
53.87 1180
53.88 1180
53.89 1181
53.91 1181
53.92 1181
53.93 1181
53.94 1182
53.96 1183
53.97 1183
53.98 1183
53.99 1184
54.01 1184
54.02 1184
54.03 1184
54.04 1184
54.06 1184
54.07 1184
54.08 1185
54.09 1185
54.10 1185
54.12 1185
54.13 1185
54.14 1185
54.15 1187
54.17 1187
54.18 1187
54.19 1187
54.20 1187
54.22 1187
54.23 1187
54.24 1187
54.25 1187
54.26 1187
54.28 1187
54.29 1188
54.30 1188
54.31 1188
54.33 1188
54.34 1188
54.35 1188
54.36 1188
54.38 1188
54.39 1189
54.40 1190
54.41 1191
54.42 1191
54.44 1191
54.45 1191
54.46 1194
54.47 1195
54.49 1197
54.50 1197
54.51 1197
54.52 1197
54.54 1198
54.55 1200
54.56 1200
54.57 1200
54.58 1200
54.60 1200
54.61 1200
54.62 1200
54.63 1200
54.65 1201
54.66 1202
54.67 1202
54.68 1202
54.70 1202
54.71 1202
54.72 1202
54.73 1202
54.74 1202
54.76 1202
54.77 1203
54.78 1203
54.79 1203
54.81 1203
54.82 1203
54.83 1203
54.84 1204
54.86 1204
54.87 1204
54.88 1205
54.89 1205
54.90 1205
54.92 1205
54.93 1206
54.94 1208
54.95 1209
54.97 1209
54.98 1209
54.99 1210
55.00 1210
55.02 1212
55.03 1214
55.04 1215
55.05 1217
55.06 1218
55.08 1219
55.09 1220
55.10 1221
55.11 1223
55.13 1223
55.14 1224
55.15 1225
55.16 1227
55.18 1229
55.19 1231
55.20 1233
55.21 1233
55.23 1234
55.24 1235
55.25 1237
55.26 1237
55.27 1239
55.29 1240
55.30 1241
55.31 1243
55.32 1244
55.34 1246
55.35 1247
55.36 1247
55.37 1249
55.39 1250
55.40 1252
55.41 1252
55.42 1253
55.43 1254
55.45 1255
55.46 1256
55.47 1256
55.48 1259
55.50 1262
55.51 1263
55.52 1265
55.53 1266
55.55 1267
55.56 1269
55.57 1271
55.58 1273
55.59 1274
55.61 1278
55.62 1279
55.63 1280
55.64 1282
55.66 1284
55.67 1285
55.68 1286
55.69 1286
55.71 1287
55.72 1289
55.73 1290
55.74 1290
55.75 1292
55.77 1293
55.78 1295
55.79 1296
55.80 1298
55.82 1300
55.83 1302
55.84 1303
55.85 1304
55.87 1305
55.88 1306
55.89 1306
55.90 1306
55.91 1306
55.93 1307
55.94 1309
55.95 1309
55.96 1309
55.98 1311
55.99 1311
56.00 1312
56.01 1312
56.03 1313
56.04 1313
56.05 1313
56.06 1313
56.07 1314
56.09 1314
56.10 1315
56.11 1315
56.12 1315
56.14 1316
56.15 1316
56.16 1316
56.17 1317
56.19 1317
56.20 1317
56.21 1317
56.22 1317
56.23 1317
56.25 1317
56.26 1318
56.27 1318
56.28 1318
56.30 1318
56.31 1318
56.32 1318
56.33 1318
56.35 1318
56.36 1318
56.37 1318
56.38 1318
56.40 1318
56.41 1318
56.42 1319
56.43 1319
56.44 1319
56.46 1319
56.47 1319
56.48 1319
56.49 1320
56.51 1320
56.52 1320
56.53 1320
56.54 1320
56.56 1320
56.57 1320
56.58 1321
56.59 1324
56.60 1326
56.62 1327
56.63 1327
56.64 1327
56.65 1327
56.67 1327
56.68 1327
56.69 1327
56.70 1328
56.72 1328
56.73 1328
56.74 1328
56.75 1329
56.76 1329
56.78 1329
56.79 1331
56.80 1331
56.81 1332
56.83 1332
56.84 1332
56.85 1332
56.86 1332
56.88 1332
56.89 1332
56.90 1332
56.91 1332
56.92 1335
56.94 1336
56.95 1337
56.96 1337
56.97 1337
56.99 1337
57.00 1340
57.01 1341
57.02 1343
57.04 1343
57.05 1343
57.06 1343
57.07 1343
57.08 1343
57.10 1343
57.11 1344
57.12 1344
57.13 1344
57.15 1346
57.16 1347
57.17 1347
57.18 1348
57.20 1348
57.21 1349
57.22 1349
57.23 1349
57.24 1349
57.26 1350
57.27 1350
57.28 1350
57.29 1351
57.31 1352
57.32 1352
57.33 1352
57.34 1353
57.36 1353
57.37 1353
57.38 1353
57.39 1354
57.41 1355
57.42 1356
57.43 1356
57.44 1356
57.45 1357
57.47 1358
57.48 1360
57.49 1360
57.50 1360
57.52 1360
57.53 1360
57.54 1361
57.55 1362
57.57 1363
57.58 1365
57.59 1366
57.60 1367
57.61 1367
57.63 1369
57.64 1370
57.65 1370
57.66 1371
57.68 1372
57.69 1372
57.70 1372
57.71 1372
57.73 1374
57.74 1374
57.75 1376
57.76 1378
57.77 1378
57.79 1381
57.80 1382
57.81 1384
57.82 1384
57.84 1385
57.85 1386
57.86 1386
57.87 1387
57.89 1387
57.90 1387
57.91 1387
57.92 1387
57.93 1387
57.95 1389
57.96 1390
57.97 1392
57.98 1392
58.00 1393
58.01 1394
58.02 1396
58.03 1396
58.05 1397
58.06 1398
58.07 1399
58.08 1400
58.09 1400
58.11 1402
58.12 1404
58.13 1405
58.14 1405
58.16 1405
58.17 1405
58.18 1406
58.19 1406
58.21 1406
58.22 1406
58.23 1408
58.24 1409
58.25 1411
58.27 1411
58.28 1411
58.29 1412
58.30 1413
58.32 1413
58.33 1413
58.34 1413
58.35 1413
58.37 1415
58.38 1415
58.39 1416
58.40 1416
58.41 1416
58.43 1416
58.44 1416
58.45 1417
58.46 1418
58.48 1418
58.49 1418
58.50 1419
58.51 1419
58.53 1419
58.54 1419
58.55 1419
58.56 1419
58.58 1420
58.59 1420
58.60 1420
58.61 1420
58.62 1420
58.64 1421
58.65 1422
58.66 1424
58.67 1424
58.69 1424
58.70 1424
58.71 1424
58.72 1424
58.74 1425
58.75 1425
58.76 1426
58.77 1427
58.78 1427
58.80 1429
58.81 1429
58.82 1429
58.83 1430
58.85 1432
58.86 1434
58.87 1435
58.88 1436
58.90 1437
58.91 1439
58.92 1441
58.93 1442
58.94 1445
58.96 1447
58.97 1447
58.98 1451
58.99 1452
59.01 1453
59.02 1455
59.03 1457
59.04 1458
59.06 1459
59.07 1462
59.08 1465
59.09 1466
59.10 1468
59.12 1469
59.13 1470
59.14 1472
59.15 1473
59.17 1474
59.18 1475
59.19 1476
59.20 1477
59.22 1477
59.23 1477
59.24 1477
59.25 1477
59.26 1477
59.28 1477
59.29 1477
59.30 1478
59.31 1478
59.33 1478
59.34 1478
59.35 1478
59.36 1478
59.38 1478
59.39 1478
59.40 1479
59.41 1480
59.42 1482
59.44 1484
59.45 1484
59.46 1485
59.47 1486
59.49 1487
59.50 1488
59.51 1488
59.52 1488
59.54 1488
59.55 1489
59.56 1492
59.57 1492
59.58 1494
59.60 1495
59.61 1497
59.62 1497
59.63 1498
59.65 1500
59.66 1501
59.67 1502
59.68 1502
59.70 1502
59.71 1503
59.72 1503
59.73 1503
59.75 1504
59.76 1504
59.77 1504
59.78 1504
59.79 1504
59.81 1505
59.82 1505
59.83 1506
59.84 1506
59.86 1506
59.87 1506
59.88 1506
59.89 1506
59.91 1506
59.92 1506
59.93 1506
59.94 1507
59.95 1508
59.97 1508
59.98 1508
59.99 1508
60.00 1508
60.02 1508
60.03 1508
60.04 1508
60.05 1508
60.07 1508
60.08 1509
60.09 1509
60.10 1509
60.11 1510
60.13 1510
60.14 1510
60.15 1510
60.16 1511
60.18 1511
60.19 1511
60.20 1511
60.21 1511
60.23 1511
60.24 1511
60.25 1512
60.26 1512
60.27 1512
60.29 1512
60.30 1512
60.31 1512
60.32 1512
60.34 1512
60.35 1513
60.36 1513
60.37 1513
60.39 1513
60.40 1513
60.41 1513
60.42 1513
60.43 1513
60.45 1514
60.46 1514
60.47 1514
60.48 1514
60.50 1515
60.51 1515
60.52 1515
60.53 1515
60.55 1516
60.56 1516
60.57 1516
60.58 1516
60.59 1516
60.61 1516
60.62 1516
60.63 1516
60.64 1516
60.66 1516
60.67 1516
60.68 1516
60.69 1517
60.71 1517
60.72 1517
60.73 1517
60.74 1517
60.75 1517
60.77 1517
60.78 1517
60.79 1517
60.80 1517
60.82 1518
60.83 1518
60.84 1518
60.85 1518
60.87 1519
60.88 1519
60.89 1519
60.90 1519
60.92 1519
60.93 1519
60.94 1519
60.95 1519
60.96 1519
60.98 1519
60.99 1519
61.00 1519
61.01 1519
61.03 1519
61.04 1519
61.05 1519
61.06 1522
61.08 1522
61.09 1523
61.10 1525
61.11 1525
61.12 1527
61.14 1528
61.15 1530
61.16 1531
61.17 1532
61.19 1533
61.20 1535
61.21 1535
61.22 1536
61.24 1537
61.25 1538
61.26 1539
61.27 1540
61.28 1541
61.30 1542
61.31 1542
61.32 1542
61.33 1542
61.35 1542
61.36 1542
61.37 1542
61.38 1543
61.40 1543
61.41 1543
61.42 1543
61.43 1543
61.44 1543
61.46 1543
61.47 1543
61.48 1544
61.49 1544
61.51 1544
61.52 1544
61.53 1544
61.54 1544
61.56 1544
61.57 1544
61.58 1544
61.59 1544
61.60 1545
61.62 1545
61.63 1545
61.64 1545
61.65 1545
61.67 1545
61.68 1546
61.69 1550
61.70 1550
61.72 1551
61.73 1551
61.74 1553
61.75 1554
61.76 1555
61.78 1557
61.79 1557
61.80 1558
61.81 1560
61.83 1562
61.84 1562
61.85 1563
61.86 1563
61.88 1565
61.89 1566
61.90 1567
61.91 1568
61.92 1570
61.94 1571
61.95 1573
61.96 1573
61.97 1575
61.99 1576
62.00 1576
62.01 1578
62.02 1580
62.04 1581
62.05 1583
62.06 1584
62.07 1585
62.09 1585
62.10 1586
62.11 1587
62.12 1587
62.13 1588
62.15 1588
62.16 1589
62.17 1593
62.18 1594
62.20 1596
62.21 1597
62.22 1597
62.23 1598
62.25 1598
62.26 1599
62.27 1599
62.28 1600
62.29 1601
62.31 1602
62.32 1602
62.33 1603
62.34 1603
62.36 1603
62.37 1605
62.38 1605
62.39 1605
62.41 1605
62.42 1605
62.43 1606
62.44 1606
62.45 1606
62.47 1606
62.48 1606
62.49 1606
62.50 1606
62.52 1607
62.53 1607
62.54 1607
62.55 1607
62.57 1607
62.58 1607
62.59 1607
62.60 1607
62.61 1607
62.63 1607
62.64 1607
62.65 1607
62.66 1607
62.68 1607
62.69 1607
62.70 1608
62.71 1608
62.73 1608
62.74 1608
62.75 1608
62.76 1608
62.77 1608
62.79 1608
62.80 1608
62.81 1608
62.82 1608
62.84 1609
62.85 1610
62.86 1610
62.87 1610
62.89 1610
62.90 1610
62.91 1611
62.92 1612
62.93 1612
62.95 1613
62.96 1616
62.97 1617
62.98 1618
63.00 1620
63.01 1622
63.02 1623
63.03 1624
63.05 1624
63.06 1624
63.07 1624
63.08 1624
63.10 1624
63.11 1624
63.12 1624
63.13 1624
63.14 1627
63.16 1629
63.17 1631
63.18 1631
63.19 1631
63.21 1631
63.22 1631
63.23 1632
63.24 1635
63.26 1636
63.27 1637
63.28 1639
63.29 1641
63.30 1643
63.32 1644
63.33 1644
63.34 1646
63.35 1646
63.37 1646
63.38 1646
63.39 1646
63.40 1646
63.42 1646
63.43 1646
63.44 1647
63.45 1647
63.46 1647
63.48 1647
63.49 1647
63.50 1647
63.51 1647
63.53 1648
63.54 1649
63.55 1649
63.56 1650
63.58 1650
63.59 1650
63.60 1651
63.61 1654
63.62 1655
63.64 1656
63.65 1658
63.66 1659
63.67 1660
63.69 1661
63.70 1663
63.71 1664
63.72 1665
63.74 1667
63.75 1669
63.76 1670
63.77 1671
63.78 1673
63.80 1674
63.81 1676
63.82 1677
63.83 1679
63.85 1681
63.86 1682
63.87 1684
63.88 1685
63.90 1686
63.91 1686
63.92 1688
63.93 1689
63.94 1690
63.96 1691
63.97 1692
63.98 1692
63.99 1695
64.01 1697
64.02 1697
64.03 1698
64.04 1700
64.06 1702
64.07 1702
64.08 1703
64.09 1705
64.10 1705
64.12 1708
64.13 1708
64.14 1708
64.15 1709
64.17 1709
64.18 1709
64.19 1709
64.20 1710
64.22 1711
64.23 1712
64.24 1712
64.25 1713
64.27 1713
64.28 1713
64.29 1715
64.30 1716
64.31 1716
64.33 1717
64.34 1717
64.35 1717
64.36 1720
64.38 1721
64.39 1722
64.40 1723
64.41 1725
64.43 1725
64.44 1725
64.45 1726
64.46 1726
64.47 1727
64.49 1728
64.50 1728
64.51 1731
64.52 1733
64.54 1733
64.55 1733
64.56 1733
64.57 1734
64.59 1737
64.60 1738
64.61 1740
64.62 1740
64.63 1740
64.65 1740
64.66 1740
64.67 1741
64.68 1742
64.70 1742
64.71 1742
64.72 1742
64.73 1742
64.75 1742
64.76 1742
64.77 1742
64.78 1742
64.79 1742
64.81 1745
64.82 1747
64.83 1748
64.84 1749
64.86 1749
64.87 1749
64.88 1749
64.89 1749
64.91 1749
64.92 1749
64.93 1750
64.94 1750
64.95 1750
64.97 1750
64.98 1750
64.99 1750
65.00 1750
65.02 1750
65.03 1750
65.04 1750
65.05 1750
65.07 1750
65.08 1750
65.09 1750
65.10 1751
65.11 1751
65.13 1751
65.14 1752
65.15 1753
65.16 1753
65.18 1753
65.19 1753
65.20 1753
65.21 1753
65.23 1753
65.24 1753
65.25 1754
65.26 1754
65.27 1755
65.29 1756
65.30 1756
65.31 1756
65.32 1756
65.34 1756
65.35 1756
65.36 1756
65.37 1757
65.39 1757
65.40 1757
65.41 1757
65.42 1757
65.44 1757
65.45 1757
65.46 1757
65.47 1757
65.48 1757
65.50 1757
65.51 1759
65.52 1760
65.53 1760
65.55 1760
65.56 1760
65.57 1760
65.58 1761
65.60 1762
65.61 1762
65.62 1762
65.63 1762
65.64 1762
65.66 1762
65.67 1762
65.68 1762
65.69 1762
65.71 1762
65.72 1764
65.73 1767
65.74 1769
65.76 1771
65.77 1771
65.78 1771
65.79 1771
65.80 1772
65.82 1772
65.83 1772
65.84 1772
65.85 1772
65.87 1772
65.88 1772
65.89 1774
65.90 1775
65.92 1778
65.93 1778
65.94 1778
65.95 1778
65.96 1778
65.98 1779
65.99 1779
66.00 1782
66.01 1783
66.03 1783
66.04 1784
66.05 1786
66.06 1787
66.08 1789
66.09 1790
66.10 1792
66.11 1794
66.12 1794
66.14 1795
66.15 1796
66.16 1796
66.17 1798
66.19 1799
66.20 1799
66.21 1800
66.22 1802
66.24 1804
66.25 1805
66.26 1806
66.27 1806
66.28 1807
66.30 1810
66.31 1810
66.32 1811
66.33 1812
66.35 1813
66.36 1814
66.37 1814
66.38 1815
66.40 1817
66.41 1817
66.42 1818
66.43 1820
66.44 1821
66.46 1821
66.47 1822
66.48 1823
66.49 1824
66.51 1824
66.52 1825
66.53 1826
66.54 1828
66.56 1829
66.57 1829
66.58 1830
66.59 1830
66.61 1831
66.62 1832
66.63 1832
66.64 1833
66.65 1833
66.67 1833
66.68 1834
66.69 1834
66.70 1834
66.72 1834
66.73 1835
66.74 1835
66.75 1835
66.77 1837
66.78 1838
66.79 1840
66.80 1840
66.81 1840
66.83 1840
66.84 1840
66.85 1840
66.86 1840
66.88 1840
66.89 1840
66.90 1840
66.91 1841
66.93 1842
66.94 1842
66.95 1844
66.96 1846
66.97 1847
66.99 1848
67.00 1850
67.01 1850
67.02 1853
67.04 1854
67.05 1855
67.06 1856
67.07 1857
67.09 1858
67.10 1860
67.11 1860
67.12 1861
67.13 1862
67.15 1862
67.16 1864
67.17 1865
67.18 1865
67.20 1866
67.21 1866
67.22 1867
67.23 1867
67.25 1867
67.26 1868
67.27 1868
67.28 1868
67.29 1868
67.31 1868
67.32 1868
67.33 1868
67.34 1868
67.36 1869
67.37 1869
67.38 1869
67.39 1869
67.41 1869
67.42 1869
67.43 1870
67.44 1870
67.45 1870
67.47 1870
67.48 1870
67.49 1871
67.50 1872
67.52 1872
67.53 1873
67.54 1876
67.55 1876
67.57 1877
67.58 1878
67.59 1880
67.60 1880
67.62 1881
67.63 1883
67.64 1883
67.65 1886
67.66 1888
67.68 1889
67.69 1890
67.70 1891
67.71 1892
67.73 1893
67.74 1893
67.75 1893
67.76 1893
67.78 1893
67.79 1893
67.80 1893
67.81 1893
67.82 1894
67.84 1894
67.85 1894
67.86 1894
67.87 1894
67.89 1895
67.90 1895
67.91 1895
67.92 1895
67.94 1895
67.95 1895
67.96 1896
67.97 1896
67.98 1896
68.00 1896
68.01 1896
68.02 1896
68.03 1896
68.05 1896
68.06 1897
68.07 1897
68.08 1898
68.10 1898
68.11 1898
68.12 1898
68.13 1898
68.14 1898
68.16 1898
68.17 1899
68.18 1899
68.19 1900
68.21 1900
68.22 1901
68.23 1902
68.24 1902
68.26 1902
68.27 1902
68.28 1902
68.29 1904
68.30 1905
68.32 1905
68.33 1905
68.34 1905
68.35 1906
68.37 1906
68.38 1906
68.39 1906
68.40 1906
68.42 1906
68.43 1906
68.44 1906
68.45 1906
68.46 1906
68.48 1906
68.49 1907
68.50 1907
68.51 1907
68.53 1907
68.54 1907
68.55 1907
68.56 1907
68.58 1907
68.59 1907
68.60 1907
68.61 1907
68.62 1908
68.64 1908
68.65 1908
68.66 1908
68.67 1908
68.69 1908
68.70 1908
68.71 1908
68.72 1908
68.74 1908
68.75 1908
68.76 1908
68.77 1908
68.79 1909
68.80 1909
68.81 1909
68.82 1909
68.83 1912
68.85 1915
68.86 1915
68.87 1915
68.88 1915
68.90 1915
68.91 1916
68.92 1916
68.93 1916
68.95 1916
68.96 1916
68.97 1916
68.98 1916
68.99 1917
69.01 1917
69.02 1917
69.03 1917
69.04 1917
69.06 1917
69.07 1917
69.08 1917
69.09 1917
69.11 1918
69.12 1919
69.13 1920
69.14 1921
69.15 1922
69.17 1922
69.18 1924
69.19 1924
69.20 1926
69.22 1926
69.23 1927
69.24 1927
69.25 1927
69.27 1927
69.28 1927
69.29 1929
69.30 1929
69.31 1930
69.33 1931
69.34 1932
69.35 1934
69.36 1935
69.38 1935
69.39 1936
69.40 1938
69.41 1938
69.43 1939
69.44 1940
69.45 1942
69.46 1942
69.47 1943
69.49 1943
69.50 1943
69.51 1945
69.52 1946
69.54 1946
69.55 1946
69.56 1946
69.57 1946
69.59 1946
69.60 1946
69.61 1947
69.62 1948
69.63 1949
69.65 1950
69.66 1950
69.67 1950
69.68 1950
69.70 1951
69.71 1951
69.72 1951
69.73 1951
69.75 1952
69.76 1952
69.77 1952
69.78 1952
69.79 1952
69.81 1952
69.82 1952
69.83 1954
69.84 1955
69.86 1955
69.87 1955
69.88 1955
69.89 1955
69.91 1955
69.92 1955
69.93 1956
69.94 1956
69.96 1956
69.97 1956
69.98 1956
69.99 1956
70.00 1956
70.02 1956
70.03 1956
70.04 1956
70.05 1956
70.07 1956
70.08 1956
70.09 1956
70.10 1956
70.12 1956
70.13 1956
70.14 1956
70.15 1958
70.16 1958
70.18 1958
70.19 1958
70.20 1958
70.21 1958
70.23 1958
70.24 1958
70.25 1958
70.26 1958
70.28 1959
70.29 1959
70.30 1959
70.31 1959
70.32 1959
70.34 1959
70.35 1959
70.36 1959
70.37 1959
70.39 1959
70.40 1959
70.41 1959
70.42 1959
70.44 1959
70.45 1959
70.46 1961
70.47 1963
70.48 1966
70.50 1967
70.51 1967
70.52 1967
70.53 1967
70.55 1968
70.56 1968
70.57 1968
70.58 1968
70.60 1970
70.61 1972
70.62 1973
70.63 1973
70.64 1973
70.66 1973
70.67 1973
70.68 1973
70.69 1973
70.71 1973
70.72 1973
70.73 1973
70.74 1973
70.76 1973
70.77 1973
70.78 1973
70.79 1973
70.80 1975
70.82 1976
70.83 1977
70.84 1977
70.85 1978
70.87 1980
70.88 1983
70.89 1984
70.90 1985
70.92 1986
70.93 1987
70.94 1989
70.95 1989
70.96 1990
70.98 1991
70.99 1992
71.00 1992
71.01 1993
71.03 1995
71.04 1996
71.05 1996
71.06 1997
71.08 1999
71.09 2000
71.10 2002
71.11 2005
71.13 2006
71.14 2006
71.15 2006
71.16 2007
71.17 2009
71.19 2009
71.20 2010
71.21 2012
71.22 2013
71.24 2014
71.25 2016
71.26 2017
71.27 2017
71.29 2020
71.30 2020
71.31 2020
71.32 2022
71.33 2023
71.35 2023
71.36 2024
71.37 2026
71.38 2026
71.40 2028
71.41 2029
71.42 2031
71.43 2031
71.45 2032
71.46 2034
71.47 2035
71.48 2035
71.49 2035
71.51 2035
71.52 2035
71.53 2036
71.54 2038
71.56 2040
71.57 2040
71.58 2041
71.59 2043
71.61 2043
71.62 2045
71.63 2045
71.64 2047
71.65 2048
71.67 2050
71.68 2051
71.69 2051
71.70 2051
71.72 2051
71.73 2053
71.74 2054
71.75 2055
71.77 2056
71.78 2056
71.79 2056
71.80 2056
71.81 2056
71.83 2056
71.84 2056
71.85 2056
71.86 2056
71.88 2056
71.89 2057
71.90 2057
71.91 2057
71.93 2057
71.94 2057
71.95 2057
71.96 2057
71.97 2057
71.99 2057
72.00 2057
72.01 2057
72.02 2057
72.04 2057
72.05 2057
72.06 2058
72.07 2058
72.09 2058
72.10 2058
72.11 2058
72.12 2058
72.13 2058
72.15 2058
72.16 2060
72.17 2060
72.18 2060
72.20 2060
72.21 2060
72.22 2060
72.23 2060
72.25 2060
72.26 2060
72.27 2060
72.28 2060
72.30 2060
72.31 2061
72.32 2061
72.33 2061
72.34 2061
72.36 2062
72.37 2064
72.38 2066
72.39 2066
72.41 2066
72.42 2067
72.43 2069
72.44 2069
72.46 2071
72.47 2072
72.48 2072
72.49 2072
72.50 2072
72.52 2073
72.53 2073
72.54 2073
72.55 2073
72.57 2074
72.58 2074
72.59 2074
72.60 2074
72.62 2074
72.63 2074
72.64 2074
72.65 2074
72.66 2074
72.68 2074
72.69 2075
72.70 2075
72.71 2075
72.73 2075
72.74 2075
72.75 2075
72.76 2075
72.78 2075
72.79 2077
72.80 2077
72.81 2077
72.82 2077
72.84 2077
72.85 2077
72.86 2078
72.87 2079
72.89 2079
72.90 2079
72.91 2079
72.92 2079
72.94 2079
72.95 2079
72.96 2079
72.97 2079
72.98 2079
73.00 2079
73.01 2079
73.02 2079
73.03 2079
73.05 2079
73.06 2079
73.07 2079
73.08 2079
73.10 2079
73.11 2080
73.12 2080
73.13 2080
73.14 2081
73.16 2081
73.17 2081
73.18 2081
73.19 2081
73.21 2081
73.22 2081
73.23 2081
73.24 2081
73.26 2081
73.27 2081
73.28 2081
73.29 2081
73.31 2081
73.32 2083
73.33 2085
73.34 2085
73.35 2085
73.37 2085
73.38 2086
73.39 2086
73.40 2086
73.42 2086
73.43 2086
73.44 2088
73.45 2089
73.47 2089
73.48 2089
73.49 2090
73.50 2090
73.51 2090
73.53 2090
73.54 2090
73.55 2090
73.56 2090
73.58 2090
73.59 2090
73.60 2091
73.61 2092
73.63 2093
73.64 2093
73.65 2093
73.66 2093
73.67 2094
73.69 2095
73.70 2097
73.71 2097
73.72 2097
73.74 2097
73.75 2097
73.76 2099
73.77 2100
73.79 2102
73.80 2103
73.81 2105
73.82 2107
73.83 2108
73.85 2109
73.86 2110
73.87 2112
73.88 2112
73.90 2114
73.91 2115
73.92 2115
73.93 2115
73.95 2115
73.96 2115
73.97 2116
73.98 2119
73.99 2119
74.01 2119
74.02 2119
74.03 2119
74.04 2119
74.06 2119
74.07 2121
74.08 2123
74.09 2124
74.11 2125
74.12 2126
74.13 2128
74.14 2129
74.15 2131
74.17 2131
74.18 2131
74.19 2131
74.20 2132
74.22 2133
74.23 2133
74.24 2133
74.25 2133
74.27 2133
74.28 2135
74.29 2135
74.30 2135
74.31 2136
74.33 2136
74.34 2136
74.35 2136
74.36 2136
74.38 2136
74.39 2138
74.40 2138
74.41 2138
74.43 2138
74.44 2138
74.45 2138
74.46 2138
74.48 2138
74.49 2138
74.50 2139
74.51 2140
74.52 2140
74.54 2140
74.55 2140
74.56 2140
74.57 2140
74.59 2140
74.60 2140
74.61 2141
74.62 2142
74.64 2143
74.65 2143
74.66 2144
74.67 2144
74.68 2144
74.70 2144
74.71 2144
74.72 2144
74.73 2144
74.75 2144
74.76 2145
74.77 2146
74.78 2146
74.80 2147
74.81 2149
74.82 2150
74.83 2151
74.84 2151
74.86 2153
74.87 2154
74.88 2155
74.89 2156
74.91 2156
74.92 2156
74.93 2158
74.94 2158
74.96 2159
74.97 2159
74.98 2159
74.99 2159
75.00 2159
75.02 2161
75.03 2162
75.04 2163
75.05 2163
75.07 2165
75.08 2165
75.09 2166
75.10 2168
75.12 2168
75.13 2169
75.14 2171
75.15 2171
75.16 2172
75.18 2174
75.19 2176
75.20 2177
75.21 2178
75.23 2179
75.24 2180
75.25 2181
75.26 2182
75.28 2184
75.29 2185
75.30 2185
75.31 2186
75.32 2187
75.34 2188
75.35 2188
75.36 2191
75.37 2191
75.39 2194
75.40 2194
75.41 2194
75.42 2194
75.44 2194
75.45 2195
75.46 2195
75.47 2195
75.48 2195
75.50 2195
75.51 2195
75.52 2196
75.53 2196
75.55 2196
75.56 2196
75.57 2197
75.58 2197
75.60 2197
75.61 2197
75.62 2198
75.63 2200
75.65 2201
75.66 2201
75.67 2201
75.68 2202
75.69 2202
75.71 2202
75.72 2202
75.73 2203
75.74 2203
75.76 2203
75.77 2204
75.78 2204
75.79 2204
75.81 2204
75.82 2207
75.83 2208
75.84 2209
75.85 2209
75.87 2212
75.88 2212
75.89 2213
75.90 2215
75.92 2217
75.93 2218
75.94 2219
75.95 2219
75.97 2220
75.98 2222
75.99 2223
76.00 2224
76.01 2225
76.03 2228
76.04 2229
76.05 2230
76.06 2231
76.08 2232
76.09 2232
76.10 2233
76.11 2234
76.13 2235
76.14 2235
76.15 2236
76.16 2238
76.17 2238
76.19 2240
76.20 2241
76.21 2243
76.22 2244
76.24 2246
76.25 2248
76.26 2249
76.27 2250
76.29 2250
76.30 2251
76.31 2252
76.32 2253
76.33 2254
76.35 2256
76.36 2257
76.37 2258
76.38 2258
76.40 2261
76.41 2262
76.42 2262
76.43 2263
76.45 2263
76.46 2263
76.47 2264
76.48 2264
76.49 2264
76.51 2264
76.52 2264
76.53 2264
76.54 2264
76.56 2264
76.57 2264
76.58 2264
76.59 2264
76.61 2264
76.62 2264
76.63 2264
76.64 2264
76.65 2264
76.67 2264
76.68 2265
76.69 2265
76.70 2265
76.72 2265
76.73 2265
76.74 2266
76.75 2266
76.77 2266
76.78 2268
76.79 2268
76.80 2268
76.82 2268
76.83 2268
76.84 2268
76.85 2268
76.86 2268
76.88 2268
76.89 2268
76.90 2268
76.91 2268
76.93 2269
76.94 2269
76.95 2269
76.96 2269
76.98 2269
76.99 2269
77.00 2269
77.01 2269
77.02 2270
77.04 2270
77.05 2270
77.06 2270
77.07 2270
77.09 2270
77.10 2270
77.11 2270
77.12 2270
77.14 2270
77.15 2270
77.16 2270
77.17 2270
77.18 2270
77.20 2271
77.21 2271
77.22 2271
77.23 2271
77.25 2271
77.26 2271
77.27 2271
77.28 2271
77.30 2271
77.31 2271
77.32 2271
77.33 2271
77.34 2271
77.36 2271
77.37 2271
77.38 2271
77.39 2271
77.41 2271
77.42 2271
77.43 2271
77.44 2271
77.46 2271
77.47 2271
77.48 2271
77.49 2271
77.50 2271
77.52 2271
77.53 2272
77.54 2272
77.55 2272
77.57 2272
77.58 2272
77.59 2272
77.60 2272
77.62 2272
77.63 2272
77.64 2272
77.65 2272
77.66 2272
77.68 2272
77.69 2272
77.70 2272
77.71 2272
77.73 2272
77.74 2272
77.75 2272
77.76 2272
77.78 2272
77.79 2272
77.80 2272
77.81 2272
77.82 2272
77.84 2272
77.85 2274
77.86 2276
77.87 2276
77.89 2276
77.90 2276
77.91 2276
77.92 2277
77.94 2277
77.95 2277
77.96 2277
77.97 2277
77.99 2277
78.00 2277
78.01 2278
78.02 2279
78.03 2279
78.05 2279
78.06 2279
78.07 2280
78.08 2280
78.10 2280
78.11 2281
78.12 2281
78.13 2281
78.15 2282
78.16 2282
78.17 2282
78.18 2282
78.19 2282
78.21 2283
78.22 2283
78.23 2283
78.24 2283
78.26 2283
78.27 2283
78.28 2283
78.29 2283
78.31 2283
78.32 2284
78.33 2284
78.34 2284
78.35 2284
78.37 2284
78.38 2284
78.39 2284
78.40 2284
78.42 2284
78.43 2284
78.44 2284
78.45 2284
78.47 2284
78.48 2284
78.49 2284
78.50 2287
78.51 2288
78.53 2288
78.54 2288
78.55 2288
78.56 2288
78.58 2288
78.59 2289
78.60 2289
78.61 2289
78.63 2289
78.64 2289
78.65 2289
78.66 2290
78.67 2290
78.69 2290
78.70 2290
78.71 2290
78.72 2290
78.74 2290
78.75 2290
78.76 2290
78.77 2291
78.79 2291
78.80 2291
78.81 2293
78.82 2293
78.83 2293
78.85 2293
78.86 2293
78.87 2293
78.88 2293
78.90 2293
78.91 2293
78.92 2293
78.93 2293
78.95 2294
78.96 2296
78.97 2298
78.98 2300
79.00 2302
79.01 2302
79.02 2302
79.03 2302
79.04 2302
79.06 2302
79.07 2302
79.08 2302
79.09 2302
79.11 2303
79.12 2303
79.13 2303
79.14 2303
79.16 2303
79.17 2303
79.18 2303
79.19 2303
79.20 2303
79.22 2304
79.23 2305
79.24 2307
79.25 2309
79.27 2310
79.28 2311
79.29 2311
79.30 2312
79.32 2314
79.33 2314
79.34 2315
79.35 2316
79.36 2317
79.38 2318
79.39 2319
79.40 2320
79.41 2321
79.43 2322
79.44 2323
79.45 2324
79.46 2325
79.48 2326
79.49 2328
79.50 2329
79.51 2329
79.52 2329
79.54 2331
79.55 2333
79.56 2334
79.57 2334
79.59 2336
79.60 2337
79.61 2339
79.62 2339
79.64 2339
79.65 2341
79.66 2342
79.67 2342
79.68 2344
79.70 2345
79.71 2346
79.72 2347
79.73 2347
79.75 2348
79.76 2350
79.77 2351
79.78 2354
79.80 2355
79.81 2355
79.82 2357
79.83 2358
79.84 2358
79.86 2360
79.87 2362
79.88 2363
79.89 2364
79.91 2365
79.92 2366
79.93 2367
79.94 2369
79.96 2369
79.97 2371
79.98 2372
79.99 2373
80.00 2373
80.02 2373
80.03 2373
80.04 2373
80.05 2375
80.07 2377
80.08 2379
80.09 2379
80.10 2379
80.12 2380
80.13 2382
80.14 2383
80.15 2384
80.17 2386
80.18 2386
80.19 2386
80.20 2386
80.21 2387
80.23 2388
80.24 2389
80.25 2390
80.26 2390
80.28 2390
80.29 2390
80.30 2390
80.31 2390
80.33 2390
80.34 2390
80.35 2390
80.36 2390
80.37 2390
80.39 2390
80.40 2390
80.41 2390
80.42 2390
80.44 2390
80.45 2390
80.46 2391
80.47 2391
80.49 2391
80.50 2391
80.51 2391
80.52 2391
80.53 2391
80.55 2391
80.56 2391
80.57 2391
80.58 2391
80.60 2391
80.61 2391
80.62 2391
80.63 2392
80.65 2392
80.66 2392
80.67 2392
80.68 2392
80.69 2392
80.71 2392
80.72 2392
80.73 2392
80.74 2394
80.76 2394
80.77 2395
80.78 2395
80.79 2395
80.81 2395
80.82 2395
80.83 2395
80.84 2396
80.85 2396
80.87 2396
80.88 2396
80.89 2396
80.90 2396
80.92 2396
80.93 2396
80.94 2396
80.95 2396
80.97 2396
80.98 2396
80.99 2396
81.00 2396
81.01 2396
81.03 2396
81.04 2396
81.05 2396
81.06 2396
81.08 2396
81.09 2396
81.10 2396
81.11 2396
81.13 2397
81.14 2397
81.15 2397
81.16 2398
81.17 2399
81.19 2399
81.20 2399
81.21 2399
81.22 2399
81.24 2399
81.25 2399
81.26 2399
81.27 2399
81.29 2399
81.30 2402
81.31 2403
81.32 2404
81.34 2404
81.35 2404
81.36 2404
81.37 2405
81.38 2405
81.40 2405
81.41 2405
81.42 2405
81.43 2405
81.45 2405
81.46 2405
81.47 2405
81.48 2405
81.50 2405
81.51 2406
81.52 2406
81.53 2408
81.54 2409
81.56 2410
81.57 2410
81.58 2412
81.59 2413
81.61 2414
81.62 2416
81.63 2417
81.64 2418
81.66 2419
81.67 2420
81.68 2422
81.69 2423
81.70 2424
81.72 2425
81.73 2425
81.74 2427
81.75 2427
81.77 2428
81.78 2428
81.79 2429
81.80 2431
81.82 2431
81.83 2432
81.84 2433
81.85 2433
81.86 2434
81.88 2435
81.89 2437
81.90 2437
81.91 2438
81.93 2440
81.94 2441
81.95 2441
81.96 2442
81.98 2443
81.99 2444
82.00 2444
82.01 2444
82.02 2444
82.04 2445
82.05 2446
82.06 2448
82.07 2449
82.09 2450
82.10 2451
82.11 2452
82.12 2452
82.14 2453
82.15 2453
82.16 2453
82.17 2453
82.18 2453
82.20 2454
82.21 2454
82.22 2457
82.23 2457
82.25 2457
82.26 2457
82.27 2457
82.28 2458
82.30 2459
82.31 2460
82.32 2460
82.33 2460
82.34 2460
82.36 2460
82.37 2460
82.38 2460
82.39 2460
82.41 2460
82.42 2460
82.43 2460
82.44 2460
82.46 2460
82.47 2460
82.48 2460
82.49 2460
82.51 2460
82.52 2460
82.53 2460
82.54 2460
82.55 2460
82.57 2460
82.58 2460
82.59 2460
82.60 2460
82.62 2460
82.63 2460
82.64 2460
82.65 2460
82.67 2460
82.68 2461
82.69 2461
82.70 2461
82.71 2461
82.73 2462
82.74 2462
82.75 2462
82.76 2462
82.78 2462
82.79 2462
82.80 2462
82.81 2462
82.83 2462
82.84 2463
82.85 2463
82.86 2463
82.87 2463
82.89 2463
82.90 2463
82.91 2463
82.92 2463
82.94 2464
82.95 2466
82.96 2467
82.97 2467
82.99 2467
83.00 2467
83.01 2467
83.02 2467
83.03 2467
83.05 2467
83.06 2467
83.07 2467
83.08 2467
83.10 2467
83.11 2468
83.12 2468
83.13 2468
83.15 2468
83.16 2468
83.17 2468
83.18 2468
83.19 2468
83.21 2468
83.22 2468
83.23 2468
83.24 2468
83.26 2468
83.27 2468
83.28 2468
83.29 2468
83.31 2468
83.32 2468
83.33 2468
83.34 2468
83.35 2468
83.37 2468
83.38 2468
83.39 2469
83.40 2471
83.42 2471
83.43 2471
83.44 2471
83.45 2471
83.47 2472
83.48 2472
83.49 2472
83.50 2472
83.51 2473
83.53 2473
83.54 2473
83.55 2473
83.56 2473
83.58 2473
83.59 2473
83.60 2473
83.61 2473
83.63 2473
83.64 2473
83.65 2473
83.66 2473
83.68 2473
83.69 2473
83.70 2473
83.71 2473
83.72 2473
83.74 2473
83.75 2473
83.76 2473
83.77 2474
83.79 2474
83.80 2474
83.81 2474
83.82 2474
83.84 2474
83.85 2474
83.86 2474
83.87 2474
83.88 2477
83.90 2478
83.91 2480
83.92 2480
83.93 2480
83.95 2480
83.96 2480
83.97 2481
83.98 2481
84.00 2481
84.01 2482
84.02 2484
84.03 2484
84.04 2484
84.06 2484
84.07 2484
84.08 2484
84.09 2484
84.11 2484
84.12 2484
84.13 2484
84.14 2484
84.16 2484
84.17 2484
84.18 2484
84.19 2484
84.20 2485
84.22 2486
84.23 2486
84.24 2486
84.25 2486
84.27 2486
84.28 2488
84.29 2490
84.30 2490
84.32 2491
84.33 2492
84.34 2493
84.35 2494
84.36 2496
84.38 2497
84.39 2499
84.40 2499
84.41 2500
84.43 2500
84.44 2500
84.45 2502
84.46 2502
84.48 2502
84.49 2502
84.50 2502
84.51 2502
84.52 2502
84.54 2502
84.55 2502
84.56 2503
84.57 2503
84.59 2505
84.60 2506
84.61 2506
84.62 2507
84.64 2509
84.65 2511
84.66 2512
84.67 2513
84.69 2515
84.70 2516
84.71 2518
84.72 2518
84.73 2520
84.75 2521
84.76 2521
84.77 2522
84.78 2524
84.80 2524
84.81 2525
84.82 2526
84.83 2528
84.85 2528
84.86 2529
84.87 2531
84.88 2531
84.89 2531
84.91 2531
84.92 2531
84.93 2531
84.94 2533
84.96 2534
84.97 2534
84.98 2535
84.99 2536
85.01 2538
85.02 2539
85.03 2540
85.04 2541
85.05 2543
85.07 2546
85.08 2547
85.09 2547
85.10 2547
85.12 2547
85.13 2547
85.14 2548
85.15 2548
85.17 2548
85.18 2548
85.19 2548
85.20 2548
85.21 2548
85.23 2548
85.24 2548
85.25 2548
85.26 2548
85.28 2548
85.29 2548
85.30 2548
85.31 2548
85.33 2548
85.34 2549
85.35 2549
85.36 2549
85.37 2549
85.39 2549
85.40 2549
85.41 2549
85.42 2549
85.44 2549
85.45 2549
85.46 2549
85.47 2549
85.49 2550
85.50 2550
85.51 2550
85.52 2550
85.53 2550
85.55 2550
85.56 2550
85.57 2550
85.58 2550
85.60 2550
85.61 2550
85.62 2550
85.63 2550
85.65 2550
85.66 2550
85.67 2551
85.68 2551
85.69 2551
85.71 2551
85.72 2551
85.73 2551
85.74 2551
85.76 2551
85.77 2551
85.78 2551
85.79 2551
85.81 2551
85.82 2551
85.83 2551
85.84 2551
85.86 2551
85.87 2551
85.88 2551
85.89 2551
85.90 2551
85.92 2551
85.93 2551
85.94 2551
85.95 2551
85.97 2552
85.98 2552
85.99 2552
86.00 2552
86.02 2552
86.03 2552
86.04 2552
86.05 2552
86.06 2552
86.08 2552
86.09 2552
86.10 2552
86.11 2552
86.13 2552
86.14 2552
86.15 2552
86.16 2552
86.18 2552
86.19 2553
86.20 2553
86.21 2553
86.22 2553
86.24 2554
86.25 2554
86.26 2554
86.27 2554
86.29 2556
86.30 2556
86.31 2556
86.32 2557
86.34 2557
86.35 2558
86.36 2559
86.37 2559
86.38 2560
86.40 2561
86.41 2563
86.42 2563
86.43 2564
86.45 2564
86.46 2564
86.47 2564
86.48 2564
86.50 2565
86.51 2566
86.52 2568
86.53 2570
86.54 2572
86.56 2572
86.57 2572
86.58 2572
86.59 2572
86.61 2574
86.62 2574
86.63 2574
86.64 2575
86.66 2575
86.67 2575
86.68 2575
86.69 2575
86.70 2577
86.72 2579
86.73 2580
86.74 2580
86.75 2580
86.77 2580
86.78 2581
86.79 2582
86.80 2582
86.82 2582
86.83 2582
86.84 2582
86.85 2582
86.86 2583
86.88 2583
86.89 2583
86.90 2583
86.91 2583
86.93 2583
86.94 2583
86.95 2583
86.96 2583
86.98 2583
86.99 2583
87.00 2583
87.01 2583
87.03 2583
87.04 2583
87.05 2583
87.06 2583
87.07 2583
87.09 2583
87.10 2583
87.11 2583
87.12 2583
87.14 2583
87.15 2584
87.16 2584
87.17 2584
87.19 2584
87.20 2584
87.21 2584
87.22 2584
87.23 2584
87.25 2584
87.26 2584
87.27 2584
87.28 2584
87.30 2584
87.31 2584
87.32 2584
87.33 2584
87.35 2584
87.36 2587
87.37 2587
87.38 2590
87.39 2591
87.41 2591
87.42 2591
87.43 2591
87.44 2591
87.46 2591
87.47 2591
87.48 2591
87.49 2594
87.51 2594
87.52 2594
87.53 2594
87.54 2594
87.55 2594
87.57 2594
87.58 2594
87.59 2594
87.60 2594
87.62 2594
87.63 2594
87.64 2594
87.65 2594
87.67 2594
87.68 2594
87.69 2595
87.70 2595
87.71 2597
87.73 2600
87.74 2601
87.75 2602
87.76 2603
87.78 2603
87.79 2603
87.80 2606
87.81 2609
87.83 2610
87.84 2612
87.85 2613
87.86 2614
87.87 2615
87.89 2616
87.90 2617
87.91 2619
87.92 2621
87.94 2622
87.95 2623
87.96 2624
87.97 2626
87.99 2627
88.00 2628
88.01 2630
88.02 2632
88.03 2632
88.05 2633
88.06 2635
88.07 2636
88.08 2636
88.10 2636
88.11 2638
88.12 2639
88.13 2639
88.15 2640
88.16 2641
88.17 2643
88.18 2645
88.20 2645
88.21 2645
88.22 2646
88.23 2647
88.24 2647
88.26 2648
88.27 2650
88.28 2652
88.29 2652
88.31 2653
88.32 2654
88.33 2654
88.34 2655
88.36 2657
88.37 2658
88.38 2658
88.39 2659
88.40 2661
88.42 2661
88.43 2661
88.44 2662
88.45 2662
88.47 2663
88.48 2665
88.49 2666
88.50 2668
88.52 2668
88.53 2670
88.54 2671
88.55 2672
88.56 2673
88.58 2674
88.59 2675
88.60 2676
88.61 2677
88.63 2677
88.64 2677
88.65 2679
88.66 2680
88.68 2680
88.69 2681
88.70 2682
88.71 2682
88.72 2683
88.74 2683
88.75 2683
88.76 2683
88.77 2683
88.79 2683
88.80 2684
88.81 2685
88.82 2685
88.84 2685
88.85 2685
88.86 2685
88.87 2685
88.88 2686
88.90 2686
88.91 2686
88.92 2686
88.93 2686
88.95 2686
88.96 2686
88.97 2686
88.98 2686
89.00 2686
89.01 2687
89.02 2687
89.03 2687
89.04 2687
89.06 2687
89.07 2687
89.08 2687
89.09 2687
89.11 2687
89.12 2687
89.13 2687
89.14 2687
89.16 2688
89.17 2688
89.18 2688
89.19 2688
89.21 2688
89.22 2688
89.23 2689
89.24 2689
89.25 2689
89.27 2689
89.28 2689
89.29 2689
89.30 2689
89.32 2689
89.33 2689
89.34 2689
89.35 2689
89.37 2689
89.38 2689
89.39 2689
89.40 2689
89.41 2689
89.43 2689
89.44 2689
89.45 2690
89.46 2690
89.48 2690
89.49 2690
89.50 2690
89.51 2691
89.53 2691
89.54 2692
89.55 2692
89.56 2692
89.57 2692
89.59 2692
89.60 2692
89.61 2693
89.62 2693
89.64 2693
89.65 2693
89.66 2693
89.67 2693
89.69 2693
89.70 2693
89.71 2693
89.72 2693
89.73 2693
89.75 2693
89.76 2693
89.77 2693
89.78 2694
89.80 2694
89.81 2694
89.82 2694
89.83 2694
89.85 2694
89.86 2694
89.87 2694
89.88 2694
89.89 2694
89.91 2694
89.92 2694
89.93 2694
89.94 2694
89.96 2694
89.97 2694
89.98 2695
89.99 2695
90.01 2695
90.02 2695
90.03 2695
90.04 2695
90.05 2695
90.07 2695
90.08 2695
90.09 2695
90.10 2695
90.12 2695
90.13 2695
90.14 2695
90.15 2695
90.17 2695
90.18 2695
90.19 2695
90.20 2695
90.21 2695
90.23 2695
90.24 2696
90.25 2696
90.26 2696
90.28 2696
90.29 2696
90.30 2696
90.31 2696
90.33 2696
90.34 2696
90.35 2696
90.36 2696
90.38 2696
90.39 2696
90.40 2696
90.41 2696
90.42 2696
90.44 2696
90.45 2696
90.46 2696
90.47 2696
90.49 2696
90.50 2696
90.51 2700
90.52 2700
90.54 2703
90.55 2703
90.56 2703
90.57 2703
90.58 2703
90.60 2705
90.61 2707
90.62 2708
90.63 2710
90.65 2713
90.66 2715
90.67 2717
90.68 2719
90.70 2720
90.71 2720
90.72 2720
90.73 2720
90.74 2720
90.76 2720
90.77 2720
90.78 2721
90.79 2723
90.81 2724
90.82 2724
90.83 2726
90.84 2727
90.86 2727
90.87 2727
90.88 2728
90.89 2728
90.90 2728
90.92 2728
90.93 2728
90.94 2728
90.95 2728
90.97 2729
90.98 2732
90.99 2734
91.00 2735
91.02 2738
91.03 2739
91.04 2739
91.05 2739
91.06 2739
91.08 2739
91.09 2740
91.10 2740
91.11 2740
91.13 2741
91.14 2741
91.15 2742
91.16 2744
91.18 2746
91.19 2746
91.20 2748
91.21 2748
91.22 2751
91.24 2752
91.25 2752
91.26 2752
91.27 2752
91.29 2752
91.30 2752
91.31 2752
91.32 2754
91.34 2754
91.35 2754
91.36 2754
91.37 2754
91.38 2754
91.40 2755
91.41 2756
91.42 2758
91.43 2759
91.45 2759
91.46 2760
91.47 2761
91.48 2763
91.50 2765
91.51 2765
91.52 2765
91.53 2766
91.55 2766
91.56 2767
91.57 2767
91.58 2767
91.59 2767
91.61 2768
91.62 2769
91.63 2770
91.64 2770
91.66 2771
91.67 2772
91.68 2773
91.69 2773
91.71 2775
91.72 2775
91.73 2776
91.74 2776
91.75 2778
91.77 2779
91.78 2780
91.79 2780
91.80 2780
91.82 2783
91.83 2784
91.84 2786
91.85 2786
91.87 2786
91.88 2787
91.89 2789
91.90 2791
91.91 2792
91.93 2792
91.94 2792
91.95 2792
91.96 2793
91.98 2793
91.99 2795
92.00 2795
92.01 2795
92.03 2796
92.04 2799
92.05 2800
92.06 2801
92.07 2803
92.09 2803
92.10 2803
92.11 2804
92.12 2804
92.14 2804
92.15 2804
92.16 2804
92.17 2804
92.19 2805
92.20 2806
92.21 2807
92.22 2809
92.23 2809
92.25 2809
92.26 2809
92.27 2810
92.28 2811
92.30 2814
92.31 2814
92.32 2814
92.33 2814
92.35 2814
92.36 2815
92.37 2815
92.38 2816
92.39 2816
92.41 2816
92.42 2816
92.43 2816
92.44 2817
92.46 2817
92.47 2817
92.48 2817
92.49 2817
92.51 2817
92.52 2817
92.53 2817
92.54 2817
92.55 2818
92.57 2818
92.58 2818
92.59 2819
92.60 2819
92.62 2819
92.63 2819
92.64 2819
92.65 2820
92.67 2821
92.68 2822
92.69 2823
92.70 2823
92.72 2823
92.73 2823
92.74 2823
92.75 2823
92.76 2823
92.78 2823
92.79 2823
92.80 2823
92.81 2823
92.83 2823
92.84 2824
92.85 2824
92.86 2825
92.88 2827
92.89 2828
92.90 2829
92.91 2830
92.92 2830
92.94 2831
92.95 2831
92.96 2831
92.97 2831
92.99 2831
93.00 2832
93.01 2833
93.02 2834
93.04 2836
93.05 2838
93.06 2839
93.07 2840
93.08 2840
93.10 2840
93.11 2840
93.12 2841
93.13 2841
93.15 2841
93.16 2841
93.17 2841
93.18 2841
93.20 2841
93.21 2841
93.22 2843
93.23 2843
93.24 2844
93.26 2844
93.27 2844
93.28 2844
93.29 2844
93.31 2844
93.32 2844
93.33 2845
93.34 2846
93.36 2846
93.37 2846
93.38 2846
93.39 2846
93.40 2846
93.42 2847
93.43 2847
93.44 2847
93.45 2847
93.47 2847
93.48 2848
93.49 2848
93.50 2848
93.52 2848
93.53 2848
93.54 2848
93.55 2848
93.56 2848
93.58 2848
93.59 2848
93.60 2848
93.61 2849
93.63 2849
93.64 2849
93.65 2849
93.66 2849
93.68 2849
93.69 2849
93.70 2850
93.71 2850
93.72 2850
93.74 2850
93.75 2850
93.76 2850
93.77 2850
93.79 2850
93.80 2851
93.81 2851
93.82 2851
93.84 2851
93.85 2851
93.86 2851
93.87 2851
93.89 2851
93.90 2851
93.91 2851
93.92 2851
93.93 2851
93.95 2851
93.96 2851
93.97 2852
93.98 2852
94.00 2852
94.01 2854
94.02 2857
94.03 2859
94.05 2861
94.06 2861
94.07 2862
94.08 2862
94.09 2862
94.11 2862
94.12 2862
94.13 2862
94.14 2864
94.16 2864
94.17 2864
94.18 2864
94.19 2864
94.21 2864
94.22 2864
94.23 2864
94.24 2864
94.25 2864
94.27 2865
94.28 2865
94.29 2865
94.30 2865
94.32 2865
94.33 2865
94.34 2865
94.35 2865
94.37 2865
94.38 2865
94.39 2865
94.40 2865
94.41 2865
94.43 2865
94.44 2866
94.45 2866
94.46 2866
94.48 2866
94.49 2866
94.50 2866
94.51 2866
94.53 2866
94.54 2866
94.55 2866
94.56 2866
94.57 2866
94.59 2866
94.60 2866
94.61 2866
94.62 2866
94.64 2866
94.65 2866
94.66 2866
94.67 2866
94.69 2866
94.70 2866
94.71 2866
94.72 2866
94.73 2866
94.75 2866
94.76 2866
94.77 2869
94.78 2871
94.80 2873
94.81 2874
94.82 2875
94.83 2875
94.85 2875
94.86 2875
94.87 2875
94.88 2875
94.90 2875
94.91 2875
94.92 2875
94.93 2875
94.94 2875
94.96 2875
94.97 2875
94.98 2875
94.99 2875
95.01 2876
95.02 2877
95.03 2877
95.04 2877
95.06 2877
95.07 2879
95.08 2879
95.09 2881
95.10 2883
95.12 2885
95.13 2885
95.14 2887
95.15 2888
95.17 2889
95.18 2889
95.19 2891
95.20 2892
95.22 2892
95.23 2892
95.24 2892
95.25 2892
95.26 2893
95.28 2894
95.29 2896
95.30 2897
95.31 2898
95.33 2898
95.34 2900
95.35 2900
95.36 2901
95.38 2903
95.39 2904
95.40 2905
95.41 2906
95.42 2907
95.44 2907
95.45 2909
95.46 2909
95.47 2909
95.49 2909
95.50 2910
95.51 2911
95.52 2913
95.54 2914
95.55 2914
95.56 2915
95.57 2915
95.58 2916
95.60 2919
95.61 2919
95.62 2920
95.63 2921
95.65 2922
95.66 2924
95.67 2924
95.68 2925
95.70 2927
95.71 2929
95.72 2929
95.73 2931
95.74 2932
95.76 2933
95.77 2934
95.78 2934
95.79 2936
95.81 2937
95.82 2937
95.83 2937
95.84 2937
95.86 2938
95.87 2939
95.88 2941
95.89 2941
95.90 2941
95.92 2941
95.93 2941
95.94 2941
95.95 2942
95.97 2944
95.98 2946
95.99 2946
96.00 2946
96.02 2948
96.03 2950
96.04 2950
96.05 2951
96.07 2953
96.08 2954
96.09 2955
96.10 2956
96.11 2956
96.13 2956
96.14 2956
96.15 2957
96.16 2959
96.18 2959
96.19 2959
96.20 2959
96.21 2960
96.23 2962
96.24 2963
96.25 2965
96.26 2965
96.27 2966
96.29 2967
96.30 2969
96.31 2969
96.32 2970
96.34 2971
96.35 2972
96.36 2973
96.37 2974
96.39 2975
96.40 2977
96.41 2979
96.42 2982
96.43 2982
96.45 2983
96.46 2984
96.47 2984
96.48 2985
96.50 2985
96.51 2985
96.52 2985
96.53 2985
96.55 2986
96.56 2986
96.57 2986
96.58 2986
96.59 2986
96.61 2986
96.62 2986
96.63 2986
96.64 2986
96.66 2986
96.67 2986
96.68 2986
96.69 2987
96.71 2987
96.72 2987
96.73 2987
96.74 2987
96.75 2987
96.77 2987
96.78 2987
96.79 2987
96.80 2987
96.82 2987
96.83 2987
96.84 2987
96.85 2988
96.87 2988
96.88 2988
96.89 2988
96.90 2988
96.91 2988
96.93 2988
96.94 2988
96.95 2989
96.96 2989
96.98 2989
96.99 2989
97.00 2989
97.01 2989
97.03 2989
97.04 2989
97.05 2989
97.06 2989
97.07 2989
97.09 2989
97.10 2989
97.11 2989
97.12 2989
97.14 2990
97.15 2990
97.16 2990
97.17 2990
97.19 2990
97.20 2990
97.21 2990
97.22 2990
97.24 2991
97.25 2991
97.26 2991
97.27 2991
97.28 2991
97.30 2991
97.31 2991
97.32 2991
97.33 2991
97.35 2991
97.36 2991
97.37 2991
97.38 2991
97.40 2991
97.41 2991
97.42 2991
97.43 2991
97.44 2991
97.46 2991
97.47 2991
97.48 2991
97.49 2991
97.51 2991
97.52 2991
97.53 2991
97.54 2991
97.56 2994
97.57 2995
97.58 2996
97.59 2998
97.60 2998
97.62 2998
97.63 2998
97.64 2999
97.65 3000
97.67 3002
97.68 3003
97.69 3003
97.70 3004
97.72 3005
97.73 3005
97.74 3005
97.75 3005
97.76 3006
97.78 3006
97.79 3006
97.80 3006
97.81 3006
97.83 3006
97.84 3007
97.85 3007
97.86 3007
97.88 3007
97.89 3007
97.90 3007
97.91 3007
97.92 3007
97.94 3007
97.95 3007
97.96 3007
97.97 3007
97.99 3008
98.00 3008
98.01 3008
98.02 3008
98.04 3008
98.05 3008
98.06 3008
98.07 3008
98.08 3008
98.10 3008
98.11 3008
98.12 3008
98.13 3008
98.15 3008
98.16 3008
98.17 3008
98.18 3008
98.20 3009
98.21 3009
98.22 3009
98.23 3009
98.24 3009
98.26 3009
98.27 3009
98.28 3009
98.29 3009
98.31 3009
98.32 3009
98.33 3009
98.34 3009
98.36 3009
98.37 3009
98.38 3010
98.39 3010
98.41 3010
98.42 3010
98.43 3010
98.44 3010
98.45 3010
98.47 3010
98.48 3010
98.49 3010
98.50 3010
98.52 3010
98.53 3010
98.54 3010
98.55 3010
98.57 3010
98.58 3010
98.59 3010
98.60 3011
98.61 3011
98.63 3011
98.64 3011
98.65 3011
98.66 3011
98.68 3012
98.69 3014
98.70 3014
98.71 3016
98.73 3016
98.74 3016
98.75 3017
98.76 3017
98.77 3017
98.79 3017
98.80 3017
98.81 3017
98.82 3017
98.84 3017
98.85 3017
98.86 3017
98.87 3018
98.89 3018
98.90 3018
98.91 3018
98.92 3018
98.93 3018
98.95 3019
98.96 3019
98.97 3019
98.98 3019
99.00 3019
99.01 3022
99.02 3026
99.03 3030
99.05 3034
99.06 3037
99.07 3040
99.08 3042
99.09 3045
99.11 3049
99.12 3051
99.13 3054
99.14 3057
99.16 3060
99.17 3063
99.18 3065
99.19 3068
99.21 3072
99.22 3076
99.23 3077
99.24 3078
99.25 3082
99.27 3084
99.28 3084
99.29 3085
99.30 3085
99.32 3086
99.33 3090
99.34 3092
99.35 3094
99.37 3097
99.38 3099
99.39 3101
99.40 3103
99.41 3105
99.43 3107
99.44 3108
99.45 3110
99.46 3112
99.48 3113
99.49 3115
99.50 3117
99.51 3118
99.53 3119
99.54 3121
99.55 3122
99.56 3123
99.58 3125
99.59 3126
99.60 3128
99.61 3129
99.62 3130
99.64 3132
99.65 3132
99.66 3134
99.67 3134
99.69 3137
99.70 3138
99.71 3139
99.72 3140
99.74 3142
99.75 3144
99.76 3145
99.77 3147
99.78 3147
99.80 3149
99.81 3149
99.82 3152
99.83 3154
99.85 3156
99.86 3158
99.87 3159
99.88 3161
99.90 3163
99.91 3165
99.92 3166
99.93 3168
99.94 3169
99.96 3171
99.97 3172
99.98 3173
99.99 3174
