{
  "schema": "gamma.enwiki9.wrt-support-audit.v1",
  "status": "passed",
  "plan": "operations/provenance/fx2_wrt_support_audit_v1_plan.json",
  "raw_bytes": 50051,
  "modeled_wrt_bytes": 32478,
  "native_bit_records": 259824,
  "exact_wrt_inverse": true,
  "trace_truth_matches_store": true,
  "all_truths_in_causal_support": true,
  "forced_events": 7994,
  "already_maximal_parent_events": 0,
  "changed_probability_events": 7994,
  "ideal_saved_bits": 18.86068334435965,
  "ideal_saved_bytes": 2.3575854180449562,
  "states": {
    "short": {
      "forced_events": 4234,
      "changed_events": 4234,
      "ideal_saved_bits": 9.29574854635403
    },
    "long": {
      "forced_events": 2271,
      "changed_events": 2271,
      "ideal_saved_bits": 4.4368441754984715
    },
    "third": {
      "forced_events": 1489,
      "changed_events": 1489,
      "ideal_saved_bits": 5.128090622506694
    }
  },
  "terminal_state_digest": "97355de827e0ff8ba3970b5c3708102b5933edc0188f7bdfdf5c2fbbac98ce9b",
  "archive_saving_bytes": null,
  "complete_package_bytes": null,
  "objective_credit_bytes": 0,
  "meaning": "Conditional ideal gain on retained parent predictions, not a finite archive or native state-transfer certificate. Explicit one-TEXT-body frontend only; dictionary and parent remain required.",
  "bound": "At a proven forced truth,65535/65536 is no worse than any retained Q16 actual-bit probability. This proves nonnegative ideal gain for the fixed parent trajectory; coder termination and package costs require actual measurement."
}
