{
  "resource_guard": {
    "cgroup": {
      "inode": 213393,
      "joined_before_exec": true,
      "memory_and_swap_verified_before_child_exec": true,
      "memory_max_bytes": 9999998976,
      "memory_max_rounding_bytes": 1024,
      "memory_peak_reset": true,
      "memory_swap_max_bytes": 0,
      "path": "/sys/fs/cgroup/user.slice/user-1000.slice/user@1000.service/app.slice/gamma-cmix-obias-env8192-opening1m-q0-v14-p",
      "previous_memory_max": "max",
      "previous_memory_swap_max": "max",
      "requested_memory_max_bytes": 10000000000,
      "requested_memory_swap_max_bytes": 0
    },
    "cgroup_events": {
      "baseline": {
        "high": 0,
        "low": 0,
        "max": 0,
        "oom": 0,
        "oom_group_kill": 0,
        "oom_kill": 0,
        "sock_throttled": 0
      },
      "delta": {
        "high": 0,
        "low": 0,
        "max": 0,
        "oom": 0,
        "oom_group_kill": 0,
        "oom_kill": 0,
        "sock_throttled": 0
      },
      "final": {
        "high": 0,
        "low": 0,
        "max": 0,
        "oom": 0,
        "oom_group_kill": 0,
        "oom_kill": 0,
        "sock_throttled": 0
      }
    },
    "command": [
      "/usr/bin/python3",
      "/home/x/deco/gamma/projects/enwiki9/tools/cmix_obias_source_ppm_rss_env8192_diskbacked_q0_v14_stage.py",
      "--mode",
      "encode",
      "--arm",
      "P",
      "--work-root",
      "/home/x/deco/gamma/projects/enwiki9/scratch/cmix_obias_source_ppm_rss_env8192_diskbacked_q0_v14/p",
      "--result-root",
      "/home/x/deco/gamma/projects/enwiki9/results/cmix_obias_source_ppm_rss_env8192_diskbacked_q0_v14/p",
      "--receipt",
      "/home/x/deco/gamma/projects/enwiki9/results/cmix_obias_source_ppm_rss_env8192_diskbacked_q0_v14/p/stage.json",
      "--ppm-rss-mb",
      "default",
      "--input",
      "/home/x/deco/gamma/projects/enwiki9/scratch/cmix_obias_source_ppm_rss_env8192_diskbacked_q0_v14/population.bin",
      "--package",
      "/home/x/deco/gamma/projects/enwiki9/results/cmix_obias_source_1m_roundtrip_qm3_v1/cmix",
      "--head",
      "/home/x/deco/gamma/projects/enwiki9/results/cmix_obias_source_1m_roundtrip_qm3_v1/head.blob"
    ],
    "command_sha256": "82ad74ee0420fb1061fed4c5e36cf70fd8cf14162752f38744c0bf46345514df",
    "elapsed_s": 180.8871,
    "guards": {
      "cgroup_memory_guard_exceeded": false,
      "logical_cpu_guard_exceeded": false,
      "measurement_incomplete": false,
      "official_decimal_memory_exceeded": false,
      "phase_marker_invalid": false,
      "rss_guard_exceeded": false,
      "temporary_disk_guard_exceeded": false,
      "wall_time_guard_exceeded": false
    },
    "label": "cmix_obias_source_ppm_rss_env8192_diskbacked_q0_v14-p",
    "latest_sample": {
      "allowed_cpu_union": [],
      "cgroup_current_bytes": 12005376,
      "elapsed_s": 180.8858,
      "max_single_rss_kib": 0,
      "persistent_status_misses": [],
      "processes": [],
      "scratch_allocated_bytes": 11075584,
      "scratch_file_count": 32,
      "scratch_logical_bytes": 10987192,
      "scratch_race_count": 0,
      "tree_live_threads": 0,
      "tree_rss_kib": 0,
      "tree_runnable_threads": 0
    },
    "limit_kib": 9765625,
    "limit_mode": "tree",
    "max_logical_cpus": 1,
    "measurements": {
      "affinity_complete": true,
      "cgroup_v2_complete": true,
      "per_process_vmhwm_sampled": true,
      "phase_markers_complete": true,
      "process_tree_rss_complete": true,
      "scratch_logical_and_allocated_complete": true,
      "smaps_rollup_complete": true
    },
    "objective": {
      "corpusBytes": 1000000000,
      "corpusSha256": "159b85351e5f76e60cbe32e04c677847a9ecba3adc79addab6f4c6c7aa3744bc",
      "objectiveDigest": "sha256:ce4c435c0f398caf65a09050c8518d9c5ea63239f9156048ea2aaaf9b8ffa7e8",
      "objectiveId": "gamma-enwiki9-hutter-105m-v1",
      "objectivePath": "contracts/research/v1/objective-contract.json",
      "targetScoreBytes": 105000000
    },
    "official_decimal_limit_kib": 9765625,
    "peak_process_vmhwm": {
      "comm": "cmix",
      "observed_elapsed_s": 180.3846,
      "pid": 3180435,
      "start_ticks": 165333809,
      "vmhwm_kib": 8349356
    },
    "peak_sample": {
      "allowed_cpu_union": [
        2
      ],
      "cgroup_current_bytes": 8585564160,
      "elapsed_s": 180.3846,
      "max_single_rss_kib": 8349356,
      "persistent_status_misses": [],
      "processes": [
        {
          "allowed_cpus": [
            2
          ],
          "comm": "python3",
          "live_threads": 1,
          "pid": 3180420,
          "rss_kib": 23768,
          "runnable_threads": 0,
          "start_ticks": 165333802,
          "vmhwm_kib": 23768
        },
        {
          "allowed_cpus": [
            2
          ],
          "comm": "cmix",
          "live_threads": 1,
          "pid": 3180435,
          "rss_kib": 8349356,
          "runnable_threads": 1,
          "start_ticks": 165333809,
          "vmhwm_kib": 8349356
        }
      ],
      "scratch_allocated_bytes": 21778432,
      "scratch_file_count": 27,
      "scratch_logical_bytes": 14689763564,
      "scratch_race_count": 0,
      "tree_live_threads": 2,
      "tree_rss_kib": 8373124,
      "tree_runnable_threads": 1
    },
    "peak_tree_sample": {
      "allowed_cpu_union": [
        2
      ],
      "cgroup_current_bytes": 8585564160,
      "elapsed_s": 180.3846,
      "max_single_rss_kib": 8349356,
      "persistent_status_misses": [],
      "processes": [
        {
          "allowed_cpus": [
            2
          ],
          "comm": "python3",
          "live_threads": 1,
          "pid": 3180420,
          "rss_kib": 23768,
          "runnable_threads": 0,
          "start_ticks": 165333802,
          "vmhwm_kib": 23768
        },
        {
          "allowed_cpus": [
            2
          ],
          "comm": "cmix",
          "live_threads": 1,
          "pid": 3180435,
          "rss_kib": 8349356,
          "runnable_threads": 1,
          "start_ticks": 165333809,
          "vmhwm_kib": 8349356
        }
      ],
      "scratch_allocated_bytes": 21778432,
      "scratch_file_count": 27,
      "scratch_logical_bytes": 14689763564,
      "scratch_race_count": 0,
      "tree_live_threads": 2,
      "tree_rss_kib": 8373124,
      "tree_runnable_threads": 1
    },
    "peaks": {
      "cgroup_memory_peak_bytes": 8585826304,
      "max_observed_process_vmhwm_kib": 8349356,
      "max_sampled_allowed_cpu_count": 1,
      "max_sampled_cgroup_current_bytes": 8585564160,
      "max_sampled_scratch_allocated_bytes": 21778432,
      "max_sampled_scratch_logical_bytes": 14689763564,
      "max_sampled_single_rss_kib": 8349356,
      "max_sampled_tree_live_threads": 4,
      "max_sampled_tree_rss_kib": 8373124,
      "max_sampled_tree_runnable_threads": 2
    },
    "phase": "identity",
    "phase_marker_path": "/home/x/deco/gamma/projects/enwiki9/results/cmix_obias_source_ppm_rss_env8192_diskbacked_q0_v14/p/phase-markers.jsonl",
    "phase_markers": [
      {
        "detail": null,
        "event": "start",
        "observed_elapsed_s": 0.5236,
        "phase": "opening1m_p",
        "source_line": 1
      }
    ],
    "returncode": 1,
    "sample_count": 361,
    "sample_interval_seconds": 0.5,
    "schema": "gamma.enwiki9.resource-guard-receipt.v3",
    "scratch_paths": [
      "/home/x/deco/gamma/projects/enwiki9/scratch/cmix_obias_source_ppm_rss_env8192_diskbacked_q0_v14",
      "/home/x/deco/gamma/projects/enwiki9/results/cmix_obias_source_ppm_rss_env8192_diskbacked_q0_v14"
    ],
    "smaps_rollup_checkpoints": [
      {
        "elapsed_s": 0.0227,
        "processes": [
          {
            "pid": 3180420,
            "rollup_kib": {
              "AnonHugePages": 0,
              "Anonymous": 1744,
              "FilePmdMapped": 0,
              "KSM": 0,
              "LazyFree": 0,
              "Locked": 0,
              "Private_Clean": 44,
              "Private_Dirty": 1744,
              "Private_Hugetlb": 0,
              "Pss": 2161,
              "Pss_Anon": 1744,
              "Pss_Dirty": 1744,
              "Pss_File": 417,
              "Pss_Shmem": 0,
              "Referenced": 7304,
              "Rss": 7304,
              "Shared_Clean": 5516,
              "Shared_Dirty": 0,
              "Shared_Hugetlb": 0,
              "ShmemPmdMapped": 0,
              "Swap": 0,
              "SwapPss": 0
            },
            "start_ticks": 165333802
          }
        ],
        "reason": "initial+rss_growth",
        "tree_rss_kib": 7304
      },
      {
        "elapsed_s": 0.5236,
        "processes": [
          {
            "pid": 3180420,
            "rollup_kib": {
              "AnonHugePages": 0,
              "Anonymous": 11008,
              "FilePmdMapped": 0,
              "KSM": 0,
              "LazyFree": 0,
              "Locked": 0,
              "Private_Clean": 12,
              "Private_Dirty": 11008,
              "Private_Hugetlb": 0,
              "Pss": 11853,
              "Pss_Anon": 11008,
              "Pss_Dirty": 11008,
              "Pss_File": 845,
              "Pss_Shmem": 0,
              "Referenced": 23028,
              "Rss": 23028,
              "Shared_Clean": 12008,
              "Shared_Dirty": 0,
              "Shared_Hugetlb": 0,
              "ShmemPmdMapped": 0,
              "Swap": 0,
              "SwapPss": 0
            },
            "start_ticks": 165333802
          },
          {
            "pid": 3180435,
            "rollup_kib": {
              "AnonHugePages": 0,
              "Anonymous": 1928,
              "FilePmdMapped": 0,
              "KSM": 0,
              "LazyFree": 0,
              "Locked": 0,
              "Private_Clean": 0,
              "Private_Dirty": 2008,
              "Private_Hugetlb": 0,
              "Pss": 2284,
              "Pss_Anon": 1928,
              "Pss_Dirty": 2008,
              "Pss_File": 276,
              "Pss_Shmem": 80,
              "Referenced": 5944,
              "Rss": 5944,
              "Shared_Clean": 3936,
              "Shared_Dirty": 0,
              "Shared_Hugetlb": 0,
              "ShmemPmdMapped": 0,
              "Swap": 0,
              "SwapPss": 0
            },
            "start_ticks": 165333809
          },
          {
            "pid": 3180440,
            "rollup_kib": {
              "AnonHugePages": 0,
              "Anonymous": 108,
              "FilePmdMapped": 0,
              "KSM": 0,
              "LazyFree": 0,
              "Locked": 0,
              "Private_Clean": 120,
              "Private_Dirty": 108,
              "Private_Hugetlb": 0,
              "Pss": 248,
              "Pss_Anon": 108,
              "Pss_Dirty": 108,
              "Pss_File": 140,
              "Pss_Shmem": 0,
              "Referenced": 1944,
              "Rss": 1944,
              "Shared_Clean": 1716,
              "Shared_Dirty": 0,
              "Shared_Hugetlb": 0,
              "ShmemPmdMapped": 0,
              "Swap": 0,
              "SwapPss": 0
            },
            "start_ticks": 165333811
          },
          {
            "pid": 3180441,
            "rollup_kib": {
              "AnonHugePages": 5728256,
              "Anonymous": 6490784,
              "FilePmdMapped": 0,
              "KSM": 0,
              "LazyFree": 0,
              "Locked": 0,
              "Private_Clean": 0,
              "Private_Dirty": 6491160,
              "Private_Hugetlb": 0,
              "Pss": 6491473,
              "Pss_Anon": 6490784,
              "Pss_Dirty": 6491160,
              "Pss_File": 329,
              "Pss_Shmem": 360,
              "Referenced": 6495392,
              "Rss": 6495392,
              "Shared_Clean": 4232,
              "Shared_Dirty": 0,
              "Shared_Hugetlb": 0,
              "ShmemPmdMapped": 0,
              "Swap": 0,
              "SwapPss": 0
            },
            "start_ticks": 165333811
          }
        ],
        "reason": "phase_marker+rss_growth",
        "tree_rss_kib": 6518020
      },
      {
        "elapsed_s": 1.0493,
        "processes": [
          {
            "pid": 3180420,
            "rollup_kib": {
              "AnonHugePages": 0,
              "Anonymous": 11024,
              "FilePmdMapped": 0,
              "KSM": 0,
              "LazyFree": 0,
              "Locked": 0,
              "Private_Clean": 12,
              "Private_Dirty": 11024,
              "Private_Hugetlb": 0,
              "Pss": 11870,
              "Pss_Anon": 11024,
              "Pss_Dirty": 11024,
              "Pss_File": 846,
              "Pss_Shmem": 0,
              "Referenced": 23044,
              "Rss": 23044,
              "Shared_Clean": 12008,
              "Shared_Dirty": 0,
              "Shared_Hugetlb": 0,
              "ShmemPmdMapped": 0,
              "Swap": 0,
              "SwapPss": 0
            },
            "start_ticks": 165333802
          },
          {
            "pid": 3180435,
            "rollup_kib": {
              "AnonHugePages": 0,
              "Anonymous": 1928,
              "FilePmdMapped": 0,
              "KSM": 0,
              "LazyFree": 0,
              "Locked": 0,
              "Private_Clean": 0,
              "Private_Dirty": 2008,
              "Private_Hugetlb": 0,
              "Pss": 2285,
              "Pss_Anon": 1928,
              "Pss_Dirty": 2008,
              "Pss_File": 277,
              "Pss_Shmem": 80,
              "Referenced": 5944,
              "Rss": 5944,
              "Shared_Clean": 3936,
              "Shared_Dirty": 0,
              "Shared_Hugetlb": 0,
              "ShmemPmdMapped": 0,
              "Swap": 0,
              "SwapPss": 0
            },
            "start_ticks": 165333809
          },
          {
            "pid": 3180440,
            "rollup_kib": {
              "AnonHugePages": 0,
              "Anonymous": 108,
              "FilePmdMapped": 0,
              "KSM": 0,
              "LazyFree": 0,
              "Locked": 0,
              "Private_Clean": 120,
              "Private_Dirty": 108,
              "Private_Hugetlb": 0,
              "Pss": 249,
              "Pss_Anon": 108,
              "Pss_Dirty": 108,
              "Pss_File": 141,
              "Pss_Shmem": 0,
              "Referenced": 1944,
              "Rss": 1944,
              "Shared_Clean": 1716,
              "Shared_Dirty": 0,
              "Shared_Hugetlb": 0,
              "ShmemPmdMapped": 0,
              "Swap": 0,
              "SwapPss": 0
            },
            "start_ticks": 165333811
          },
          {
            "pid": 3180441,
            "rollup_kib": {
              "AnonHugePages": 6346752,
              "Anonymous": 7118648,
              "FilePmdMapped": 0,
              "KSM": 0,
              "LazyFree": 0,
              "Locked": 0,
              "Private_Clean": 0,
              "Private_Dirty": 7119120,
              "Private_Hugetlb": 0,
              "Pss": 7119433,
              "Pss_Anon": 7118648,
              "Pss_Dirty": 7119120,
              "Pss_File": 425,
              "Pss_Shmem": 360,
              "Referenced": 7123352,
              "Rss": 7123352,
              "Shared_Clean": 4232,
              "Shared_Dirty": 0,
              "Shared_Hugetlb": 0,
              "ShmemPmdMapped": 0,
              "Swap": 0,
              "SwapPss": 0
            },
            "start_ticks": 165333811
          }
        ],
        "reason": "rss_growth",
        "tree_rss_kib": 7154260
      },
      {
        "elapsed_s": 77.8827,
        "processes": [
          {
            "pid": 3180420,
            "rollup_kib": {
              "AnonHugePages": 0,
              "Anonymous": 11684,
              "FilePmdMapped": 0,
              "KSM": 0,
              "LazyFree": 0,
              "Locked": 0,
              "Private_Clean": 12,
              "Private_Dirty": 11684,
              "Private_Hugetlb": 0,
              "Pss": 12415,
              "Pss_Anon": 11684,
              "Pss_Dirty": 11684,
              "Pss_File": 731,
              "Pss_Shmem": 0,
              "Referenced": 23768,
              "Rss": 23768,
              "Shared_Clean": 12072,
              "Shared_Dirty": 0,
              "Shared_Hugetlb": 0,
              "ShmemPmdMapped": 0,
              "Swap": 0,
              "SwapPss": 0
            },
            "start_ticks": 165333802
          },
          {
            "pid": 3180435,
            "rollup_kib": {
              "AnonHugePages": 0,
              "Anonymous": 1928,
              "FilePmdMapped": 0,
              "KSM": 0,
              "LazyFree": 0,
              "Locked": 0,
              "Private_Clean": 0,
              "Private_Dirty": 2008,
              "Private_Hugetlb": 0,
              "Pss": 2279,
              "Pss_Anon": 1928,
              "Pss_Dirty": 2008,
              "Pss_File": 271,
              "Pss_Shmem": 80,
              "Referenced": 5944,
              "Rss": 5944,
              "Shared_Clean": 3936,
              "Shared_Dirty": 0,
              "Shared_Hugetlb": 0,
              "ShmemPmdMapped": 0,
              "Swap": 0,
              "SwapPss": 0
            },
            "start_ticks": 165333809
          },
          {
            "pid": 3195841,
            "rollup_kib": {
              "AnonHugePages": 0,
              "Anonymous": 108,
              "FilePmdMapped": 0,
              "KSM": 0,
              "LazyFree": 0,
              "Locked": 0,
              "Private_Clean": 120,
              "Private_Dirty": 108,
              "Private_Hugetlb": 0,
              "Pss": 248,
              "Pss_Anon": 108,
              "Pss_Dirty": 108,
              "Pss_File": 140,
              "Pss_Shmem": 0,
              "Referenced": 1944,
              "Rss": 1944,
              "Shared_Clean": 1716,
              "Shared_Dirty": 0,
              "Shared_Hugetlb": 0,
              "ShmemPmdMapped": 0,
              "Swap": 0,
              "SwapPss": 0
            },
            "start_ticks": 165341496
          },
          {
            "pid": 3195842,
            "rollup_kib": {
              "AnonHugePages": 6909952,
              "Anonymous": 7699040,
              "FilePmdMapped": 0,
              "KSM": 0,
              "LazyFree": 0,
              "Locked": 0,
              "Private_Clean": 0,
              "Private_Dirty": 7699468,
              "Private_Hugetlb": 0,
              "Pss": 7699772,
              "Pss_Anon": 7699040,
              "Pss_Dirty": 7699468,
              "Pss_File": 372,
              "Pss_Shmem": 360,
              "Referenced": 7703656,
              "Rss": 7703656,
              "Shared_Clean": 4188,
              "Shared_Dirty": 0,
              "Shared_Hugetlb": 0,
              "ShmemPmdMapped": 0,
              "Swap": 0,
              "SwapPss": 0
            },
            "start_ticks": 165341496
          }
        ],
        "reason": "rss_growth",
        "tree_rss_kib": 7735148
      },
      {
        "elapsed_s": 123.0956,
        "processes": [
          {
            "pid": 3180420,
            "rollup_kib": {
              "AnonHugePages": 0,
              "Anonymous": 11684,
              "FilePmdMapped": 0,
              "KSM": 0,
              "LazyFree": 0,
              "Locked": 0,
              "Private_Clean": 12,
              "Private_Dirty": 11684,
              "Private_Hugetlb": 0,
              "Pss": 12740,
              "Pss_Anon": 11684,
              "Pss_Dirty": 11684,
              "Pss_File": 1056,
              "Pss_Shmem": 0,
              "Referenced": 23768,
              "Rss": 23768,
              "Shared_Clean": 12072,
              "Shared_Dirty": 0,
              "Shared_Hugetlb": 0,
              "ShmemPmdMapped": 0,
              "Swap": 0,
              "SwapPss": 0
            },
            "start_ticks": 165333802
          },
          {
            "pid": 3180435,
            "rollup_kib": {
              "AnonHugePages": 7061504,
              "Anonymous": 7970252,
              "FilePmdMapped": 0,
              "KSM": 0,
              "LazyFree": 0,
              "Locked": 0,
              "Private_Clean": 0,
              "Private_Dirty": 7970636,
              "Private_Hugetlb": 0,
              "Pss": 7970999,
              "Pss_Anon": 7970252,
              "Pss_Dirty": 7970636,
              "Pss_File": 387,
              "Pss_Shmem": 360,
              "Referenced": 7974868,
              "Rss": 7974868,
              "Shared_Clean": 4232,
              "Shared_Dirty": 0,
              "Shared_Hugetlb": 0,
              "ShmemPmdMapped": 0,
              "Swap": 0,
              "SwapPss": 0
            },
            "start_ticks": 165333809
          }
        ],
        "reason": "rss_growth",
        "tree_rss_kib": 7998352
      },
      {
        "elapsed_s": 129.1466,
        "processes": [
          {
            "pid": 3180420,
            "rollup_kib": {
              "AnonHugePages": 0,
              "Anonymous": 11684,
              "FilePmdMapped": 0,
              "KSM": 0,
              "LazyFree": 0,
              "Locked": 0,
              "Private_Clean": 12,
              "Private_Dirty": 11684,
              "Private_Hugetlb": 0,
              "Pss": 12625,
              "Pss_Anon": 11684,
              "Pss_Dirty": 11684,
              "Pss_File": 941,
              "Pss_Shmem": 0,
              "Referenced": 23768,
              "Rss": 23768,
              "Shared_Clean": 12072,
              "Shared_Dirty": 0,
              "Shared_Hugetlb": 0,
              "ShmemPmdMapped": 0,
              "Swap": 0,
              "SwapPss": 0
            },
            "start_ticks": 165333802
          },
          {
            "pid": 3180435,
            "rollup_kib": {
              "AnonHugePages": 7196672,
              "Anonymous": 8236984,
              "FilePmdMapped": 0,
              "KSM": 0,
              "LazyFree": 0,
              "Locked": 0,
              "Private_Clean": 0,
              "Private_Dirty": 8238620,
              "Private_Hugetlb": 0,
              "Pss": 8238976,
              "Pss_Anon": 8236984,
              "Pss_Dirty": 8238620,
              "Pss_File": 1632,
              "Pss_Shmem": 360,
              "Referenced": 8242852,
              "Rss": 8242852,
              "Shared_Clean": 4232,
              "Shared_Dirty": 0,
              "Shared_Hugetlb": 0,
              "ShmemPmdMapped": 0,
              "Swap": 0,
              "SwapPss": 0
            },
            "start_ticks": 165333809
          }
        ],
        "reason": "rss_growth",
        "tree_rss_kib": 8266600
      },
      {
        "elapsed_s": 180.8858,
        "processes": [],
        "reason": "terminal",
        "tree_rss_kib": 0
      }
    ],
    "status": "complete",
    "temporary_disk_limit_bytes": 100000000000,
    "wall_time_limit_seconds": null
  }
}
