	Command being timed: "make CFLAGS_DEFINES=-DSEED=923 -DUPDATE_LIMIT=3000 -DFX3_LSTM_CELLS=300 -DFX3_LAYER1_LR=0.0001 -DFX3_LSTMEX_BIT_HINT_SCALE=256 -DFX3_LAYER1_BYTE_MIXER_INPUT_SCALE=0 -DFX3_ENABLE_FXCM_V26=1 -DFX3_FXCM_V26_GROUP_MASK=31 -DFX3_FXCM_V26_AUX_MASK=127 -DFX3_FXCM_V26_COMPACT_OUTPUTS=0 -DFX3_FXCM_V26_AUDIT_INPUT_COUNT=0 -DARCHIVE9_DYNAMIC_SPLIT_HEADER -DFX3_ENABLE_HEAP_THP_ADVISE=0 -DFX3_ENABLE_ANON_THP_ADVISE=1 cmix -j4"
	User time (seconds): 14.39
	System time (seconds): 0.71
	Percent of CPU this job got: 109%
	Elapsed (wall clock) time (h:mm:ss or m:ss): 0:13.73
	Average shared text size (kbytes): 0
	Average unshared data size (kbytes): 0
	Average stack size (kbytes): 0
	Average total size (kbytes): 0
	Maximum resident set size (kbytes): 150616
	Average resident set size (kbytes): 0
	Major (requiring I/O) page faults: 50
	Minor (reclaiming a frame) page faults: 349075
	Voluntary context switches: 594
	Involuntary context switches: 146
	Swaps: 0
	File system inputs: 0
	File system outputs: 2728
	Socket messages sent: 0
	Socket messages received: 0
	Signals delivered: 0
	Page size (bytes): 4096
	Exit status: 0
