In file included from src/preprocess/preprocessor.cpp:7:
In file included from src/preprocess/preprocessor.h:7:
In file included from src/preprocess/../predictor.h:7:
In file included from src/preprocess/../mixer/byte-mixer.h:8:
In file included from src/preprocess/../mixer/lstm.h:9:
In file included from src/preprocess/../mixer/lstm-layer.h:59:
src/preprocess/../mixer/lstm-layer.hpp:52:11: error: use of undeclared identifier 'UPDATE_LIMIT'
   52 |   if (t < UPDATE_LIMIT) {
      |           ^
src/preprocess/../mixer/lstm-layer.hpp:60:49: error: use of undeclared identifier 'UPDATE_LIMIT'
   60 |     alpha = learning_rate * 0.1f / sqrt(5e-5f * UPDATE_LIMIT + 1.0f); 
      |                                                 ^
src/preprocess/../mixer/lstm-layer.hpp:67:11: error: use of undeclared identifier 'UPDATE_LIMIT'
   67 |   if (t < UPDATE_LIMIT) {
      |           ^
src/preprocess/../mixer/lstm-layer.hpp:79:56: error: use of undeclared identifier 'UPDATE_LIMIT'
   79 |     (*w) -= alpha * (((*m) / (float)(1.0f - pow(beta1, UPDATE_LIMIT))) /
      |                                                        ^
src/preprocess/../mixer/lstm-layer.hpp:80:48: error: use of undeclared identifier 'UPDATE_LIMIT'
   80 |         (sqrt((*v) / (float)(1.0f - pow(beta2, UPDATE_LIMIT)) + eps)));
      |                                                ^
src/preprocess/../mixer/lstm-layer.hpp:188:25: error: use of undeclared identifier 'UPDATE_LIMIT'
  188 |     if (update_steps_ < UPDATE_LIMIT) {
      |                         ^
In file included from src/coder/decoder.cpp:1:
In file included from src/coder/decoder.h:6:
In file included from src/coder/../predictor.h:7:
In file included from src/coder/../mixer/byte-mixer.h:8:
In file included from src/coder/../mixer/lstm.h:9:
In file included from src/coder/../mixer/lstm-layer.h:59:
src/coder/../mixer/lstm-layer.hpp:52:11: error: use of undeclared identifier 'UPDATE_LIMIT'
   52 |   if (t < UPDATE_LIMIT) {
      |           ^
src/coder/../mixer/lstm-layer.hpp:60:49: error: use of undeclared identifier 'UPDATE_LIMIT'
   60 |     alpha = learning_rate * 0.1f / sqrt(5e-5f * UPDATE_LIMIT + 1.0f); 
      |                                                 ^
src/coder/../mixer/lstm-layer.hpp:67:11: error: use of undeclared identifier 'UPDATE_LIMIT'
   67 |   if (t < UPDATE_LIMIT) {
      |           ^
src/coder/../mixer/lstm-layer.hpp:79:56: error: use of undeclared identifier 'UPDATE_LIMIT'
   79 |     (*w) -= alpha * (((*m) / (float)(1.0f - pow(beta1, UPDATE_LIMIT))) /
      |                                                        ^
src/coder/../mixer/lstm-layer.hpp:80:48: error: use of undeclared identifier 'UPDATE_LIMIT'
   80 |         (sqrt((*v) / (float)(1.0f - pow(beta2, UPDATE_LIMIT)) + eps)));
      |                                                ^
src/coder/../mixer/lstm-layer.hpp:188:25: error: use of undeclared identifier 'UPDATE_LIMIT'
  188 |     if (update_steps_ < UPDATE_LIMIT) {
      |                         ^
6 errors generated.
6 errors generated.
In file included from src/coder/encoder.cpp:1:
In file included from src/coder/encoder.h:7:
In file included from src/coder/../predictor.h:7:
In file included from src/coder/../mixer/byte-mixer.h:8:
In file included from src/coder/../mixer/lstm.h:9:
In file included from src/coder/../mixer/lstm-layer.h:59:
src/coder/../mixer/lstm-layer.hpp:52:11: error: use of undeclared identifier 'UPDATE_LIMIT'
   52 |   if (t < UPDATE_LIMIT) {
      |           ^
src/coder/../mixer/lstm-layer.hpp:60:49: error: use of undeclared identifier 'UPDATE_LIMIT'
   60 |     alpha = learning_rate * 0.1f / sqrt(5e-5f * UPDATE_LIMIT + 1.0f); 
      |                                                 ^
src/coder/../mixer/lstm-layer.hpp:67:11: error: use of undeclared identifier 'UPDATE_LIMIT'
   67 |   if (t < UPDATE_LIMIT) {
      |           ^
src/coder/../mixer/lstm-layer.hpp:79:56: error: use of undeclared identifier 'UPDATE_LIMIT'
   79 |     (*w) -= alpha * (((*m) / (float)(1.0f - pow(beta1, UPDATE_LIMIT))) /
      |                                                        ^
src/coder/../mixer/lstm-layer.hpp:80:48: error: use of undeclared identifier 'UPDATE_LIMIT'
   80 |         (sqrt((*v) / (float)(1.0f - pow(beta2, UPDATE_LIMIT)) + eps)));
      |                                                ^
src/coder/../mixer/lstm-layer.hpp:188:25: error: use of undeclared identifier 'UPDATE_LIMIT'
  188 |     if (update_steps_ < UPDATE_LIMIT) {
      |                         ^
make: *** [makefile:59: slow] Error 1
make: *** Waiting for unfinished jobs....
6 errors generated.
In file included from src/mixer/byte-mixer.cpp:1:
In file included from src/mixer/byte-mixer.h:8:
In file included from src/mixer/lstm.h:9:
In file included from src/mixer/lstm-layer.h:59:
src/mixer/lstm-layer.hpp:52:11: error: use of undeclared identifier 'UPDATE_LIMIT'
   52 |   if (t < UPDATE_LIMIT) {
      |           ^
src/mixer/lstm-layer.hpp:60:49: error: use of undeclared identifier 'UPDATE_LIMIT'
   60 |     alpha = learning_rate * 0.1f / sqrt(5e-5f * UPDATE_LIMIT + 1.0f); 
      |                                                 ^
src/mixer/lstm-layer.hpp:67:11: error: use of undeclared identifier 'UPDATE_LIMIT'
   67 |   if (t < UPDATE_LIMIT) {
      |           ^
src/mixer/lstm-layer.hpp:79:56: error: use of undeclared identifier 'UPDATE_LIMIT'
   79 |     (*w) -= alpha * (((*m) / (float)(1.0f - pow(beta1, UPDATE_LIMIT))) /
      |                                                        ^
src/mixer/lstm-layer.hpp:80:48: error: use of undeclared identifier 'UPDATE_LIMIT'
   80 |         (sqrt((*v) / (float)(1.0f - pow(beta2, UPDATE_LIMIT)) + eps)));
      |                                                ^
src/mixer/lstm-layer.hpp:188:25: error: use of undeclared identifier 'UPDATE_LIMIT'
  188 |     if (update_steps_ < UPDATE_LIMIT) {
      |                         ^
6 errors generated.
In file included from src/predictor.cpp:1:
In file included from src/predictor.h:7:
In file included from src/mixer/byte-mixer.h:8:
In file included from src/mixer/lstm.h:9:
In file included from src/mixer/lstm-layer.h:59:
src/mixer/lstm-layer.hpp:52:11: error: use of undeclared identifier 'UPDATE_LIMIT'
   52 |   if (t < UPDATE_LIMIT) {
      |           ^
src/mixer/lstm-layer.hpp:60:49: error: use of undeclared identifier 'UPDATE_LIMIT'
   60 |     alpha = learning_rate * 0.1f / sqrt(5e-5f * UPDATE_LIMIT + 1.0f); 
      |                                                 ^
src/mixer/lstm-layer.hpp:67:11: error: use of undeclared identifier 'UPDATE_LIMIT'
   67 |   if (t < UPDATE_LIMIT) {
      |           ^
src/mixer/lstm-layer.hpp:79:56: error: use of undeclared identifier 'UPDATE_LIMIT'
   79 |     (*w) -= alpha * (((*m) / (float)(1.0f - pow(beta1, UPDATE_LIMIT))) /
      |                                                        ^
src/mixer/lstm-layer.hpp:80:48: error: use of undeclared identifier 'UPDATE_LIMIT'
   80 |         (sqrt((*v) / (float)(1.0f - pow(beta2, UPDATE_LIMIT)) + eps)));
      |                                                ^
src/mixer/lstm-layer.hpp:188:25: error: use of undeclared identifier 'UPDATE_LIMIT'
  188 |     if (update_steps_ < UPDATE_LIMIT) {
      |                         ^
6 errors generated.
In file included from src/runner.cpp:9:
In file included from src/preprocess/preprocessor.h:7:
In file included from src/preprocess/../predictor.h:7:
In file included from src/preprocess/../mixer/byte-mixer.h:8:
In file included from src/preprocess/../mixer/lstm.h:9:
In file included from src/preprocess/../mixer/lstm-layer.h:59:
src/preprocess/../mixer/lstm-layer.hpp:52:11: error: use of undeclared identifier 'UPDATE_LIMIT'
   52 |   if (t < UPDATE_LIMIT) {
      |           ^
src/preprocess/../mixer/lstm-layer.hpp:60:49: error: use of undeclared identifier 'UPDATE_LIMIT'
   60 |     alpha = learning_rate * 0.1f / sqrt(5e-5f * UPDATE_LIMIT + 1.0f); 
      |                                                 ^
src/preprocess/../mixer/lstm-layer.hpp:67:11: error: use of undeclared identifier 'UPDATE_LIMIT'
   67 |   if (t < UPDATE_LIMIT) {
      |           ^
src/preprocess/../mixer/lstm-layer.hpp:79:56: error: use of undeclared identifier 'UPDATE_LIMIT'
   79 |     (*w) -= alpha * (((*m) / (float)(1.0f - pow(beta1, UPDATE_LIMIT))) /
      |                                                        ^
src/preprocess/../mixer/lstm-layer.hpp:80:48: error: use of undeclared identifier 'UPDATE_LIMIT'
   80 |         (sqrt((*v) / (float)(1.0f - pow(beta2, UPDATE_LIMIT)) + eps)));
      |                                                ^
src/preprocess/../mixer/lstm-layer.hpp:188:25: error: use of undeclared identifier 'UPDATE_LIMIT'
  188 |     if (update_steps_ < UPDATE_LIMIT) {
      |                         ^
src/runner.cpp:354:10: error: use of undeclared identifier 'SEED'
  354 |    srand(SEED);
      |          ^
7 errors generated.
make: *** [makefile:62: fast] Error 1
Command exited with non-zero status 2
	Command being timed: "make CFLAGS_DEFINES=-DFX3_LSTM_CELLS=300 -DFX3_LAYER1_LR=0.0001 -DFX3_LSTMEX_BIT_HINT_SCALE=256 -DFX3_LAYER1_BYTE_MIXER_INPUT_SCALE=0 -DFX3_ENABLE_FXCM_V26=1 -DFX3_FXCM_V26_GROUP_MASK=31 -DFX3_FXCM_V26_AUX_MASK=127 -DFX3_FXCM_V26_COMPACT_OUTPUTS=0 -DFX3_FXCM_V26_AUDIT_INPUT_COUNT=0 -DARCHIVE9_DYNAMIC_SPLIT_HEADER -DFX3_ENABLE_HEAP_THP_ADVISE=0 -DFX3_ENABLE_ANON_THP_ADVISE=1 cmix -j4"
	User time (seconds): 12.27
	System time (seconds): 0.62
	Percent of CPU this job got: 110%
	Elapsed (wall clock) time (h:mm:ss or m:ss): 0:11.67
	Average shared text size (kbytes): 0
	Average unshared data size (kbytes): 0
	Average stack size (kbytes): 0
	Average total size (kbytes): 0
	Maximum resident set size (kbytes): 145908
	Average resident set size (kbytes): 0
	Major (requiring I/O) page faults: 69
	Minor (reclaiming a frame) page faults: 333125
	Voluntary context switches: 611
	Involuntary context switches: 121
	Swaps: 0
	File system inputs: 440
	File system outputs: 1296
	Socket messages sent: 0
	Socket messages received: 0
	Signals delivered: 0
	Page size (bytes): 4096
	Exit status: 2
